[2022-04-21T13:35:51.102+0800][gc,heap] Heap region size: 1M
[2022-04-21T13:35:51.109+0800][gc     ] Using G1
[2022-04-21T13:35:51.109+0800][gc,heap,coops] Heap address: 0x00000007c0000000, size: 1024 MB, Compressed Oops mode: Zero based, Oop shift amount: 3
[2022-04-21T13:35:51.109+0800][gc,cds       ] Mark closed archive regions in map: [0x00000007fff00000, 0x00000007fff76ff8]
[2022-04-21T13:35:51.109+0800][gc,cds       ] Mark open archive regions in map: [0x00000007ffe00000, 0x00000007ffe46ff8]
[2022-04-21T13:35:51.131+0800][gc           ] Periodic GC disabled
[2022-04-21T13:35:57.245+0800][gc,start     ] GC(0) Pause Young (Normal) (G1 Evacuation Pause)
[2022-04-21T13:35:57.246+0800][gc,task      ] GC(0) Using 8 workers of 8 for evacuation
[2022-04-21T13:35:57.255+0800][gc,phases    ] GC(0)   Pre Evacuate Collection Set: 0.0ms
[2022-04-21T13:35:57.256+0800][gc,phases    ] GC(0)   Evacuate Collection Set: 9.1ms
[2022-04-21T13:35:57.256+0800][gc,phases    ] GC(0)   Post Evacuate Collection Set: 0.3ms
[2022-04-21T13:35:57.256+0800][gc,phases    ] GC(0)   Other: 0.6ms
[2022-04-21T13:35:57.256+0800][gc,heap      ] GC(0) Eden regions: 51->0(44)
[2022-04-21T13:35:57.256+0800][gc,heap      ] GC(0) Survivor regions: 0->7(7)
[2022-04-21T13:35:57.256+0800][gc,heap      ] GC(0) Old regions: 0->0
[2022-04-21T13:35:57.256+0800][gc,heap      ] GC(0) Archive regions: 2->2
[2022-04-21T13:35:57.256+0800][gc,heap      ] GC(0) Humongous regions: 0->0
[2022-04-21T13:35:57.256+0800][gc,metaspace ] GC(0) Metaspace: 14209K->14209K(1062912K)
[2022-04-21T13:35:57.256+0800][gc           ] GC(0) Pause Young (Normal) (G1 Evacuation Pause) 51M->7M(1024M) 10.131ms
[2022-04-21T13:35:57.256+0800][gc,cpu       ] GC(0) User=0.02s Sys=0.01s Real=0.01s
[2022-04-21T13:35:58.399+0800][gc,start     ] GC(1) Pause Young (Concurrent Start) (Metadata GC Threshold)
[2022-04-21T13:35:58.399+0800][gc,task      ] GC(1) Using 8 workers of 8 for evacuation
[2022-04-21T13:35:58.412+0800][gc,phases    ] GC(1)   Pre Evacuate Collection Set: 0.0ms
[2022-04-21T13:35:58.412+0800][gc,phases    ] GC(1)   Evacuate Collection Set: 12.1ms
[2022-04-21T13:35:58.412+0800][gc,phases    ] GC(1)   Post Evacuate Collection Set: 0.3ms
[2022-04-21T13:35:58.412+0800][gc,phases    ] GC(1)   Other: 0.2ms
[2022-04-21T13:35:58.412+0800][gc,heap      ] GC(1) Eden regions: 29->0(49)
[2022-04-21T13:35:58.412+0800][gc,heap      ] GC(1) Survivor regions: 7->2(7)
[2022-04-21T13:35:58.412+0800][gc,heap      ] GC(1) Old regions: 0->7
[2022-04-21T13:35:58.412+0800][gc,heap      ] GC(1) Archive regions: 2->2
[2022-04-21T13:35:58.412+0800][gc,heap      ] GC(1) Humongous regions: 0->0
[2022-04-21T13:35:58.412+0800][gc,metaspace ] GC(1) Metaspace: 20636K->20636K(1067008K)
[2022-04-21T13:35:58.412+0800][gc           ] GC(1) Pause Young (Concurrent Start) (Metadata GC Threshold) 35M->8M(1024M) 12.729ms
[2022-04-21T13:35:58.412+0800][gc,cpu       ] GC(1) User=0.02s Sys=0.01s Real=0.02s
[2022-04-21T13:35:58.412+0800][gc           ] GC(2) Concurrent Cycle
[2022-04-21T13:35:58.412+0800][gc,marking   ] GC(2) Concurrent Clear Claimed Marks
[2022-04-21T13:35:58.412+0800][gc,marking   ] GC(2) Concurrent Clear Claimed Marks 0.022ms
[2022-04-21T13:35:58.412+0800][gc,marking   ] GC(2) Concurrent Scan Root Regions
[2022-04-21T13:35:58.415+0800][gc,marking   ] GC(2) Concurrent Scan Root Regions 2.269ms
[2022-04-21T13:35:58.415+0800][gc,marking   ] GC(2) Concurrent Mark (7.348s)
[2022-04-21T13:35:58.415+0800][gc,marking   ] GC(2) Concurrent Mark From Roots
[2022-04-21T13:35:58.415+0800][gc,task      ] GC(2) Using 2 workers of 2 for marking
[2022-04-21T13:35:58.415+0800][gc,marking   ] GC(2) Concurrent Mark From Roots 0.646ms
[2022-04-21T13:35:58.415+0800][gc,marking   ] GC(2) Concurrent Preclean
[2022-04-21T13:35:58.415+0800][gc,marking   ] GC(2) Concurrent Preclean 0.026ms
[2022-04-21T13:35:58.415+0800][gc,marking   ] GC(2) Concurrent Mark (7.348s, 7.349s) 0.700ms
[2022-04-21T13:35:58.416+0800][gc,start     ] GC(2) Pause Remark
[2022-04-21T13:35:58.420+0800][gc           ] GC(2) Pause Remark 9M->9M(1024M) 4.412ms
[2022-04-21T13:35:58.420+0800][gc,cpu       ] GC(2) User=0.01s Sys=0.01s Real=0.01s
[2022-04-21T13:35:58.420+0800][gc,marking   ] GC(2) Concurrent Rebuild Remembered Sets
[2022-04-21T13:35:58.422+0800][gc,marking   ] GC(2) Concurrent Rebuild Remembered Sets 1.495ms
[2022-04-21T13:35:58.422+0800][gc,start     ] GC(2) Pause Cleanup
[2022-04-21T13:35:58.422+0800][gc           ] GC(2) Pause Cleanup 9M->9M(1024M) 0.085ms
[2022-04-21T13:35:58.422+0800][gc,cpu       ] GC(2) User=0.00s Sys=0.00s Real=0.00s
[2022-04-21T13:35:58.422+0800][gc,marking   ] GC(2) Concurrent Cleanup for Next Mark
[2022-04-21T13:35:58.425+0800][gc,marking   ] GC(2) Concurrent Cleanup for Next Mark 2.937ms
[2022-04-21T13:35:58.425+0800][gc           ] GC(2) Concurrent Cycle 13.006ms
[2022-04-21T13:35:59.087+0800][gc,start     ] GC(3) Pause Young (Normal) (G1 Evacuation Pause)
[2022-04-21T13:35:59.087+0800][gc,task      ] GC(3) Using 8 workers of 8 for evacuation
[2022-04-21T13:35:59.090+0800][gc,phases    ] GC(3)   Pre Evacuate Collection Set: 0.0ms
[2022-04-21T13:35:59.090+0800][gc,phases    ] GC(3)   Evacuate Collection Set: 2.5ms
[2022-04-21T13:35:59.090+0800][gc,phases    ] GC(3)   Post Evacuate Collection Set: 0.2ms
[2022-04-21T13:35:59.090+0800][gc,phases    ] GC(3)   Other: 0.1ms
[2022-04-21T13:35:59.090+0800][gc,heap      ] GC(3) Eden regions: 49->0(46)
[2022-04-21T13:35:59.090+0800][gc,heap      ] GC(3) Survivor regions: 2->5(7)
[2022-04-21T13:35:59.090+0800][gc,heap      ] GC(3) Old regions: 7->7
[2022-04-21T13:35:59.090+0800][gc,heap      ] GC(3) Archive regions: 2->2
[2022-04-21T13:35:59.090+0800][gc,heap      ] GC(3) Humongous regions: 129->129
[2022-04-21T13:35:59.090+0800][gc,metaspace ] GC(3) Metaspace: 28722K->28722K(1075200K)
[2022-04-21T13:35:59.090+0800][gc           ] GC(3) Pause Young (Normal) (G1 Evacuation Pause) 186M->140M(1024M) 3.005ms
[2022-04-21T13:35:59.090+0800][gc,cpu       ] GC(3) User=0.01s Sys=0.00s Real=0.01s
[2022-04-21T13:35:59.555+0800][gc,start     ] GC(4) Pause Young (Concurrent Start) (Metadata GC Threshold)
[2022-04-21T13:35:59.555+0800][gc,task      ] GC(4) Using 8 workers of 8 for evacuation
[2022-04-21T13:35:59.560+0800][gc,phases    ] GC(4)   Pre Evacuate Collection Set: 0.0ms
[2022-04-21T13:35:59.561+0800][gc,phases    ] GC(4)   Evacuate Collection Set: 5.4ms
[2022-04-21T13:35:59.561+0800][gc,phases    ] GC(4)   Post Evacuate Collection Set: 0.3ms
[2022-04-21T13:35:59.561+0800][gc,phases    ] GC(4)   Other: 0.2ms
[2022-04-21T13:35:59.561+0800][gc,heap      ] GC(4) Eden regions: 32->0(45)
[2022-04-21T13:35:59.561+0800][gc,heap      ] GC(4) Survivor regions: 5->6(7)
[2022-04-21T13:35:59.561+0800][gc,heap      ] GC(4) Old regions: 7->8
[2022-04-21T13:35:59.561+0800][gc,heap      ] GC(4) Archive regions: 2->2
[2022-04-21T13:35:59.561+0800][gc,heap      ] GC(4) Humongous regions: 129->129
[2022-04-21T13:35:59.561+0800][gc,metaspace ] GC(4) Metaspace: 34541K->34541K(1081344K)
[2022-04-21T13:35:59.561+0800][gc           ] GC(4) Pause Young (Concurrent Start) (Metadata GC Threshold) 172M->142M(1024M) 6.032ms
[2022-04-21T13:35:59.561+0800][gc,cpu       ] GC(4) User=0.02s Sys=0.00s Real=0.01s
[2022-04-21T13:35:59.561+0800][gc           ] GC(5) Concurrent Cycle
[2022-04-21T13:35:59.561+0800][gc,marking   ] GC(5) Concurrent Clear Claimed Marks
[2022-04-21T13:35:59.561+0800][gc,marking   ] GC(5) Concurrent Clear Claimed Marks 0.023ms
[2022-04-21T13:35:59.561+0800][gc,marking   ] GC(5) Concurrent Scan Root Regions
[2022-04-21T13:35:59.563+0800][gc,marking   ] GC(5) Concurrent Scan Root Regions 2.564ms
[2022-04-21T13:35:59.563+0800][gc,marking   ] GC(5) Concurrent Mark (8.497s)
[2022-04-21T13:35:59.563+0800][gc,marking   ] GC(5) Concurrent Mark From Roots
[2022-04-21T13:35:59.563+0800][gc,task      ] GC(5) Using 2 workers of 2 for marking
[2022-04-21T13:35:59.567+0800][gc,marking   ] GC(5) Concurrent Mark From Roots 3.634ms
[2022-04-21T13:35:59.569+0800][gc,marking   ] GC(5) Concurrent Preclean
[2022-04-21T13:35:59.569+0800][gc,marking   ] GC(5) Concurrent Preclean 0.135ms
[2022-04-21T13:35:59.569+0800][gc,marking   ] GC(5) Concurrent Mark (8.497s, 8.502s) 5.781ms
[2022-04-21T13:35:59.570+0800][gc,start     ] GC(5) Pause Remark
[2022-04-21T13:35:59.598+0800][gc           ] GC(5) Pause Remark 143M->143M(1024M) 27.811ms
[2022-04-21T13:35:59.598+0800][gc,cpu       ] GC(5) User=0.02s Sys=0.01s Real=0.02s
[2022-04-21T13:35:59.598+0800][gc,marking   ] GC(5) Concurrent Rebuild Remembered Sets
[2022-04-21T13:35:59.608+0800][gc,marking   ] GC(5) Concurrent Rebuild Remembered Sets 10.589ms
[2022-04-21T13:35:59.609+0800][gc,start     ] GC(5) Pause Cleanup
[2022-04-21T13:35:59.609+0800][gc           ] GC(5) Pause Cleanup 143M->143M(1024M) 0.196ms
[2022-04-21T13:35:59.609+0800][gc,cpu       ] GC(5) User=0.00s Sys=0.00s Real=0.00s
[2022-04-21T13:35:59.609+0800][gc,marking   ] GC(5) Concurrent Cleanup for Next Mark
[2022-04-21T13:35:59.620+0800][gc,marking   ] GC(5) Concurrent Cleanup for Next Mark 11.146ms
[2022-04-21T13:35:59.620+0800][gc           ] GC(5) Concurrent Cycle 59.800ms
[2022-04-21T13:48:12.218+0800][gc,start     ] GC(6) Pause Young (Normal) (G1 Evacuation Pause)
[2022-04-21T13:48:12.220+0800][gc,task      ] GC(6) Using 8 workers of 8 for evacuation
[2022-04-21T13:48:12.299+0800][gc,mmu       ] GC(6) MMU target violated: 21.0ms (20.0ms/21.0ms)
[2022-04-21T13:48:12.299+0800][gc,phases    ] GC(6)   Pre Evacuate Collection Set: 3.6ms
[2022-04-21T13:48:12.299+0800][gc,phases    ] GC(6)   Evacuate Collection Set: 65.2ms
[2022-04-21T13:48:12.299+0800][gc,phases    ] GC(6)   Post Evacuate Collection Set: 0.8ms
[2022-04-21T13:48:12.299+0800][gc,phases    ] GC(6)   Other: 11.0ms
[2022-04-21T13:48:12.299+0800][gc,heap      ] GC(6) Eden regions: 45->0(45)
[2022-04-21T13:48:12.299+0800][gc,heap      ] GC(6) Survivor regions: 6->6(7)
[2022-04-21T13:48:12.299+0800][gc,heap      ] GC(6) Old regions: 8->11
[2022-04-21T13:48:12.299+0800][gc,heap      ] GC(6) Archive regions: 2->2
[2022-04-21T13:48:12.299+0800][gc,heap      ] GC(6) Humongous regions: 129->129
[2022-04-21T13:48:12.299+0800][gc,metaspace ] GC(6) Metaspace: 40626K->40626K(1085440K)
[2022-04-21T13:48:12.299+0800][gc           ] GC(6) Pause Young (Normal) (G1 Evacuation Pause) 187M->145M(1024M) 80.521ms
[2022-04-21T13:48:12.299+0800][gc,cpu       ] GC(6) User=0.06s Sys=0.10s Real=0.08s
[2022-04-21T13:52:09.382+0800][gc,start     ] GC(7) Pause Young (Normal) (G1 Evacuation Pause)
[2022-04-21T13:52:09.383+0800][gc,task      ] GC(7) Using 8 workers of 8 for evacuation
[2022-04-21T13:52:09.435+0800][gc,mmu       ] GC(7) MMU target violated: 21.0ms (20.0ms/21.0ms)
[2022-04-21T13:52:09.435+0800][gc,phases    ] GC(7)   Pre Evacuate Collection Set: 1.7ms
[2022-04-21T13:52:09.435+0800][gc,phases    ] GC(7)   Evacuate Collection Set: 44.1ms
[2022-04-21T13:52:09.435+0800][gc,phases    ] GC(7)   Post Evacuate Collection Set: 0.8ms
[2022-04-21T13:52:09.435+0800][gc,phases    ] GC(7)   Other: 6.6ms
[2022-04-21T13:52:09.435+0800][gc,heap      ] GC(7) Eden regions: 45->0(48)
[2022-04-21T13:52:09.435+0800][gc,heap      ] GC(7) Survivor regions: 6->3(7)
[2022-04-21T13:52:09.435+0800][gc,heap      ] GC(7) Old regions: 11->13
[2022-04-21T13:52:09.435+0800][gc,heap      ] GC(7) Archive regions: 2->2
[2022-04-21T13:52:09.435+0800][gc,heap      ] GC(7) Humongous regions: 129->129
[2022-04-21T13:52:09.435+0800][gc,metaspace ] GC(7) Metaspace: 41519K->41519K(1087488K)
[2022-04-21T13:52:09.435+0800][gc           ] GC(7) Pause Young (Normal) (G1 Evacuation Pause) 190M->145M(1024M) 53.176ms
[2022-04-21T13:52:09.435+0800][gc,cpu       ] GC(7) User=0.05s Sys=0.07s Real=0.05s
[2022-04-21T13:57:22.390+0800][gc,start     ] GC(8) Pause Young (Normal) (G1 Evacuation Pause)
[2022-04-21T13:57:22.398+0800][gc,task      ] GC(8) Using 8 workers of 8 for evacuation
[2022-04-21T13:57:22.435+0800][gc,mmu       ] GC(8) MMU target violated: 21.0ms (20.0ms/21.0ms)
[2022-04-21T13:57:22.435+0800][gc,phases    ] GC(8)   Pre Evacuate Collection Set: 0.3ms
[2022-04-21T13:57:22.435+0800][gc,phases    ] GC(8)   Evacuate Collection Set: 31.5ms
[2022-04-21T13:57:22.435+0800][gc,phases    ] GC(8)   Post Evacuate Collection Set: 1.9ms
[2022-04-21T13:57:22.435+0800][gc,phases    ] GC(8)   Other: 11.7ms
[2022-04-21T13:57:22.435+0800][gc,heap      ] GC(8) Eden regions: 48->0(46)
[2022-04-21T13:57:22.435+0800][gc,heap      ] GC(8) Survivor regions: 3->5(7)
[2022-04-21T13:57:22.435+0800][gc,heap      ] GC(8) Old regions: 13->13
[2022-04-21T13:57:22.435+0800][gc,heap      ] GC(8) Archive regions: 2->2
[2022-04-21T13:57:22.435+0800][gc,heap      ] GC(8) Humongous regions: 129->129
[2022-04-21T13:57:22.435+0800][gc,metaspace ] GC(8) Metaspace: 41627K->41627K(1087488K)
[2022-04-21T13:57:22.435+0800][gc           ] GC(8) Pause Young (Normal) (G1 Evacuation Pause) 193M->146M(1024M) 45.398ms
[2022-04-21T13:57:22.435+0800][gc,cpu       ] GC(8) User=0.06s Sys=0.07s Real=0.04s
[2022-04-21T14:00:36.692+0800][gc,start     ] GC(9) Pause Young (Normal) (G1 Evacuation Pause)
[2022-04-21T14:00:36.692+0800][gc,task      ] GC(9) Using 8 workers of 8 for evacuation
[2022-04-21T14:00:36.730+0800][gc,mmu       ] GC(9) MMU target violated: 21.0ms (20.0ms/21.0ms)
[2022-04-21T14:00:36.731+0800][gc,phases    ] GC(9)   Pre Evacuate Collection Set: 0.3ms
[2022-04-21T14:00:36.731+0800][gc,phases    ] GC(9)   Evacuate Collection Set: 34.4ms
[2022-04-21T14:00:36.731+0800][gc,phases    ] GC(9)   Post Evacuate Collection Set: 1.8ms
[2022-04-21T14:00:36.731+0800][gc,phases    ] GC(9)   Other: 3.1ms
[2022-04-21T14:00:36.731+0800][gc,heap      ] GC(9) Eden regions: 46->0(49)
[2022-04-21T14:00:36.731+0800][gc,heap      ] GC(9) Survivor regions: 5->2(7)
[2022-04-21T14:00:36.731+0800][gc,heap      ] GC(9) Old regions: 13->14
[2022-04-21T14:00:36.731+0800][gc,heap      ] GC(9) Archive regions: 2->2
[2022-04-21T14:00:36.731+0800][gc,heap      ] GC(9) Humongous regions: 129->129
[2022-04-21T14:00:36.731+0800][gc,metaspace ] GC(9) Metaspace: 41705K->41705K(1087488K)
[2022-04-21T14:00:36.731+0800][gc           ] GC(9) Pause Young (Normal) (G1 Evacuation Pause) 192M->145M(1024M) 39.038ms
[2022-04-21T14:00:36.731+0800][gc,cpu       ] GC(9) User=0.06s Sys=0.04s Real=0.04s
[2022-04-21T14:08:30.784+0800][gc,heap,exit ] Heap
[2022-04-21T14:08:30.784+0800][gc,heap,exit ]  garbage-first heap   total 1048576K, used 189802K [0x00000007c0000000, 0x0000000800000000)
[2022-04-21T14:08:30.784+0800][gc,heap,exit ]   region size 1024K, 44 young (45056K), 2 survivors (2048K)
[2022-04-21T14:08:30.784+0800][gc,heap,exit ]  Metaspace       used 42626K, capacity 45151K, committed 45312K, reserved 1087488K
[2022-04-21T14:08:30.784+0800][gc,heap,exit ]   class space    used 5589K, capacity 6831K, committed 6912K, reserved 1048576K
