[2022-04-21T20:39:14.631+0800][gc,heap] Heap region size: 1M
[2022-04-21T20:39:14.639+0800][gc     ] Using G1
[2022-04-21T20:39:14.639+0800][gc,heap,coops] Heap address: 0x00000007c0000000, size: 1024 MB, Compressed Oops mode: Zero based, Oop shift amount: 3
[2022-04-21T20:39:14.641+0800][gc,cds       ] Mark closed archive regions in map: [0x00000007fff00000, 0x00000007fff76ff8]
[2022-04-21T20:39:14.641+0800][gc,cds       ] Mark open archive regions in map: [0x00000007ffe00000, 0x00000007ffe46ff8]
[2022-04-21T20:39:14.661+0800][gc           ] Periodic GC disabled
[2022-04-21T20:39:15.806+0800][gc,start     ] GC(0) Pause Young (Normal) (G1 Evacuation Pause)
[2022-04-21T20:39:15.807+0800][gc,task      ] GC(0) Using 8 workers of 8 for evacuation
[2022-04-21T20:39:15.820+0800][gc,phases    ] GC(0)   Pre Evacuate Collection Set: 0.0ms
[2022-04-21T20:39:15.820+0800][gc,phases    ] GC(0)   Evacuate Collection Set: 12.0ms
[2022-04-21T20:39:15.820+0800][gc,phases    ] GC(0)   Post Evacuate Collection Set: 0.4ms
[2022-04-21T20:39:15.820+0800][gc,phases    ] GC(0)   Other: 0.7ms
[2022-04-21T20:39:15.820+0800][gc,heap      ] GC(0) Eden regions: 51->0(44)
[2022-04-21T20:39:15.820+0800][gc,heap      ] GC(0) Survivor regions: 0->7(7)
[2022-04-21T20:39:15.820+0800][gc,heap      ] GC(0) Old regions: 0->0
[2022-04-21T20:39:15.820+0800][gc,heap      ] GC(0) Archive regions: 2->2
[2022-04-21T20:39:15.820+0800][gc,heap      ] GC(0) Humongous regions: 0->0
[2022-04-21T20:39:15.820+0800][gc,metaspace ] GC(0) Metaspace: 14195K->14195K(1062912K)
[2022-04-21T20:39:15.820+0800][gc           ] GC(0) Pause Young (Normal) (G1 Evacuation Pause) 51M->7M(1024M) 13.214ms
[2022-04-21T20:39:15.820+0800][gc,cpu       ] GC(0) User=0.03s Sys=0.01s Real=0.02s
[2022-04-21T20:39:16.651+0800][gc,start     ] GC(1) Pause Young (Concurrent Start) (Metadata GC Threshold)
[2022-04-21T20:39:16.651+0800][gc,task      ] GC(1) Using 8 workers of 8 for evacuation
[2022-04-21T20:39:16.662+0800][gc,phases    ] GC(1)   Pre Evacuate Collection Set: 0.0ms
[2022-04-21T20:39:16.662+0800][gc,phases    ] GC(1)   Evacuate Collection Set: 10.5ms
[2022-04-21T20:39:16.662+0800][gc,phases    ] GC(1)   Post Evacuate Collection Set: 0.2ms
[2022-04-21T20:39:16.662+0800][gc,phases    ] GC(1)   Other: 0.2ms
[2022-04-21T20:39:16.662+0800][gc,heap      ] GC(1) Eden regions: 29->0(49)
[2022-04-21T20:39:16.662+0800][gc,heap      ] GC(1) Survivor regions: 7->2(7)
[2022-04-21T20:39:16.662+0800][gc,heap      ] GC(1) Old regions: 0->7
[2022-04-21T20:39:16.662+0800][gc,heap      ] GC(1) Archive regions: 2->2
[2022-04-21T20:39:16.662+0800][gc,heap      ] GC(1) Humongous regions: 0->0
[2022-04-21T20:39:16.662+0800][gc,metaspace ] GC(1) Metaspace: 20617K->20617K(1067008K)
[2022-04-21T20:39:16.662+0800][gc           ] GC(1) Pause Young (Concurrent Start) (Metadata GC Threshold) 36M->8M(1024M) 11.060ms
[2022-04-21T20:39:16.662+0800][gc,cpu       ] GC(1) User=0.02s Sys=0.00s Real=0.01s
[2022-04-21T20:39:16.662+0800][gc           ] GC(2) Concurrent Cycle
[2022-04-21T20:39:16.662+0800][gc,marking   ] GC(2) Concurrent Clear Claimed Marks
[2022-04-21T20:39:16.663+0800][gc,marking   ] GC(2) Concurrent Clear Claimed Marks 0.020ms
[2022-04-21T20:39:16.663+0800][gc,marking   ] GC(2) Concurrent Scan Root Regions
[2022-04-21T20:39:16.665+0800][gc,marking   ] GC(2) Concurrent Scan Root Regions 2.104ms
[2022-04-21T20:39:16.665+0800][gc,marking   ] GC(2) Concurrent Mark (2.068s)
[2022-04-21T20:39:16.665+0800][gc,marking   ] GC(2) Concurrent Mark From Roots
[2022-04-21T20:39:16.665+0800][gc,task      ] GC(2) Using 2 workers of 2 for marking
[2022-04-21T20:39:16.666+0800][gc,marking   ] GC(2) Concurrent Mark From Roots 1.219ms
[2022-04-21T20:39:16.667+0800][gc,marking   ] GC(2) Concurrent Preclean
[2022-04-21T20:39:16.667+0800][gc,marking   ] GC(2) Concurrent Preclean 0.120ms
[2022-04-21T20:39:16.667+0800][gc,marking   ] GC(2) Concurrent Mark (2.068s, 2.070s) 2.136ms
[2022-04-21T20:39:16.667+0800][gc,start     ] GC(2) Pause Remark
[2022-04-21T20:39:16.671+0800][gc           ] GC(2) Pause Remark 8M->8M(1024M) 4.179ms
[2022-04-21T20:39:16.671+0800][gc,cpu       ] GC(2) User=0.01s Sys=0.00s Real=0.01s
[2022-04-21T20:39:16.671+0800][gc,marking   ] GC(2) Concurrent Rebuild Remembered Sets
[2022-04-21T20:39:16.673+0800][gc,marking   ] GC(2) Concurrent Rebuild Remembered Sets 1.922ms
[2022-04-21T20:39:16.674+0800][gc,start     ] GC(2) Pause Cleanup
[2022-04-21T20:39:16.674+0800][gc           ] GC(2) Pause Cleanup 8M->8M(1024M) 0.086ms
[2022-04-21T20:39:16.674+0800][gc,cpu       ] GC(2) User=0.01s Sys=0.00s Real=0.00s
[2022-04-21T20:39:16.674+0800][gc,marking   ] GC(2) Concurrent Cleanup for Next Mark
[2022-04-21T20:39:16.678+0800][gc,marking   ] GC(2) Concurrent Cleanup for Next Mark 3.913ms
[2022-04-21T20:39:16.678+0800][gc           ] GC(2) Concurrent Cycle 15.229ms
[2022-04-21T20:39:17.387+0800][gc,start     ] GC(3) Pause Young (Normal) (G1 Evacuation Pause)
[2022-04-21T20:39:17.387+0800][gc,task      ] GC(3) Using 8 workers of 8 for evacuation
[2022-04-21T20:39:17.392+0800][gc,phases    ] GC(3)   Pre Evacuate Collection Set: 0.0ms
[2022-04-21T20:39:17.392+0800][gc,phases    ] GC(3)   Evacuate Collection Set: 4.7ms
[2022-04-21T20:39:17.392+0800][gc,phases    ] GC(3)   Post Evacuate Collection Set: 0.5ms
[2022-04-21T20:39:17.392+0800][gc,phases    ] GC(3)   Other: 0.2ms
[2022-04-21T20:39:17.392+0800][gc,heap      ] GC(3) Eden regions: 49->0(46)
[2022-04-21T20:39:17.392+0800][gc,heap      ] GC(3) Survivor regions: 2->5(7)
[2022-04-21T20:39:17.392+0800][gc,heap      ] GC(3) Old regions: 7->7
[2022-04-21T20:39:17.392+0800][gc,heap      ] GC(3) Archive regions: 2->2
[2022-04-21T20:39:17.392+0800][gc,heap      ] GC(3) Humongous regions: 129->129
[2022-04-21T20:39:17.392+0800][gc,metaspace ] GC(3) Metaspace: 29305K->29305K(1075200K)
[2022-04-21T20:39:17.392+0800][gc           ] GC(3) Pause Young (Normal) (G1 Evacuation Pause) 186M->140M(1024M) 5.563ms
[2022-04-21T20:39:17.392+0800][gc,cpu       ] GC(3) User=0.02s Sys=0.00s Real=0.01s
[2022-04-21T20:39:17.820+0800][gc,start     ] GC(4) Pause Young (Concurrent Start) (Metadata GC Threshold)
[2022-04-21T20:39:17.820+0800][gc,task      ] GC(4) Using 8 workers of 8 for evacuation
[2022-04-21T20:39:17.824+0800][gc,phases    ] GC(4)   Pre Evacuate Collection Set: 0.0ms
[2022-04-21T20:39:17.824+0800][gc,phases    ] GC(4)   Evacuate Collection Set: 3.4ms
[2022-04-21T20:39:17.824+0800][gc,phases    ] GC(4)   Post Evacuate Collection Set: 0.2ms
[2022-04-21T20:39:17.824+0800][gc,phases    ] GC(4)   Other: 0.2ms
[2022-04-21T20:39:17.824+0800][gc,heap      ] GC(4) Eden regions: 28->0(45)
[2022-04-21T20:39:17.824+0800][gc,heap      ] GC(4) Survivor regions: 5->6(7)
[2022-04-21T20:39:17.824+0800][gc,heap      ] GC(4) Old regions: 7->8
[2022-04-21T20:39:17.824+0800][gc,heap      ] GC(4) Archive regions: 2->2
[2022-04-21T20:39:17.824+0800][gc,heap      ] GC(4) Humongous regions: 129->129
[2022-04-21T20:39:17.824+0800][gc,metaspace ] GC(4) Metaspace: 34358K->34358K(1081344K)
[2022-04-21T20:39:17.824+0800][gc           ] GC(4) Pause Young (Concurrent Start) (Metadata GC Threshold) 168M->142M(1024M) 3.956ms
[2022-04-21T20:39:17.824+0800][gc,cpu       ] GC(4) User=0.01s Sys=0.01s Real=0.00s
[2022-04-21T20:39:17.824+0800][gc           ] GC(5) Concurrent Cycle
[2022-04-21T20:39:17.824+0800][gc,marking   ] GC(5) Concurrent Clear Claimed Marks
[2022-04-21T20:39:17.824+0800][gc,marking   ] GC(5) Concurrent Clear Claimed Marks 0.031ms
[2022-04-21T20:39:17.824+0800][gc,marking   ] GC(5) Concurrent Scan Root Regions
[2022-04-21T20:39:17.826+0800][gc,marking   ] GC(5) Concurrent Scan Root Regions 2.125ms
[2022-04-21T20:39:17.826+0800][gc,marking   ] GC(5) Concurrent Mark (3.230s)
[2022-04-21T20:39:17.826+0800][gc,marking   ] GC(5) Concurrent Mark From Roots
[2022-04-21T20:39:17.826+0800][gc,task      ] GC(5) Using 2 workers of 2 for marking
[2022-04-21T20:39:17.830+0800][gc,marking   ] GC(5) Concurrent Mark From Roots 3.448ms
[2022-04-21T20:39:17.830+0800][gc,marking   ] GC(5) Concurrent Preclean
[2022-04-21T20:39:17.830+0800][gc,marking   ] GC(5) Concurrent Preclean 0.047ms
[2022-04-21T20:39:17.830+0800][gc,marking   ] GC(5) Concurrent Mark (3.230s, 3.234s) 3.547ms
[2022-04-21T20:39:17.830+0800][gc,start     ] GC(5) Pause Remark
[2022-04-21T20:39:17.840+0800][gc           ] GC(5) Pause Remark 143M->143M(1024M) 9.554ms
[2022-04-21T20:39:17.840+0800][gc,cpu       ] GC(5) User=0.01s Sys=0.01s Real=0.01s
[2022-04-21T20:39:17.841+0800][gc,marking   ] GC(5) Concurrent Rebuild Remembered Sets
[2022-04-21T20:39:17.843+0800][gc,marking   ] GC(5) Concurrent Rebuild Remembered Sets 2.351ms
[2022-04-21T20:39:17.844+0800][gc,start     ] GC(5) Pause Cleanup
[2022-04-21T20:39:17.844+0800][gc           ] GC(5) Pause Cleanup 143M->143M(1024M) 0.124ms
[2022-04-21T20:39:17.844+0800][gc,cpu       ] GC(5) User=0.00s Sys=0.00s Real=0.00s
[2022-04-21T20:39:17.844+0800][gc,marking   ] GC(5) Concurrent Cleanup for Next Mark
[2022-04-21T20:39:17.847+0800][gc,marking   ] GC(5) Concurrent Cleanup for Next Mark 3.029ms
[2022-04-21T20:39:17.847+0800][gc           ] GC(5) Concurrent Cycle 22.729ms
[2022-04-21T21:00:49.263+0800][gc,start     ] GC(6) Pause Young (Normal) (G1 Evacuation Pause)
[2022-04-21T21:00:49.266+0800][gc,task      ] GC(6) Using 8 workers of 8 for evacuation
[2022-04-21T21:00:49.326+0800][gc,mmu       ] GC(6) MMU target violated: 21.0ms (20.0ms/21.0ms)
[2022-04-21T21:00:49.326+0800][gc,phases    ] GC(6)   Pre Evacuate Collection Set: 0.8ms
[2022-04-21T21:00:49.326+0800][gc,phases    ] GC(6)   Evacuate Collection Set: 54.3ms
[2022-04-21T21:00:49.326+0800][gc,phases    ] GC(6)   Post Evacuate Collection Set: 0.9ms
[2022-04-21T21:00:49.326+0800][gc,phases    ] GC(6)   Other: 6.6ms
[2022-04-21T21:00:49.326+0800][gc,heap      ] GC(6) Eden regions: 45->0(47)
[2022-04-21T21:00:49.326+0800][gc,heap      ] GC(6) Survivor regions: 6->4(7)
[2022-04-21T21:00:49.326+0800][gc,heap      ] GC(6) Old regions: 8->11
[2022-04-21T21:00:49.326+0800][gc,heap      ] GC(6) Archive regions: 2->2
[2022-04-21T21:00:49.326+0800][gc,heap      ] GC(6) Humongous regions: 129->129
[2022-04-21T21:00:49.326+0800][gc,metaspace ] GC(6) Metaspace: 40267K->40267K(1085440K)
[2022-04-21T21:00:49.326+0800][gc           ] GC(6) Pause Young (Normal) (G1 Evacuation Pause) 187M->144M(1024M) 62.750ms
[2022-04-21T21:00:49.326+0800][gc,cpu       ] GC(6) User=0.05s Sys=0.07s Real=0.06s
[2022-04-21T21:04:48.872+0800][gc,start     ] GC(7) Pause Young (Normal) (G1 Evacuation Pause)
[2022-04-21T21:04:48.872+0800][gc,task      ] GC(7) Using 8 workers of 8 for evacuation
[2022-04-21T21:04:48.934+0800][gc,mmu       ] GC(7) MMU target violated: 21.0ms (20.0ms/21.0ms)
[2022-04-21T21:04:48.934+0800][gc,phases    ] GC(7)   Pre Evacuate Collection Set: 0.2ms
[2022-04-21T21:04:48.934+0800][gc,phases    ] GC(7)   Evacuate Collection Set: 58.8ms
[2022-04-21T21:04:48.934+0800][gc,phases    ] GC(7)   Post Evacuate Collection Set: 1.6ms
[2022-04-21T21:04:48.934+0800][gc,phases    ] GC(7)   Other: 2.1ms
[2022-04-21T21:04:48.934+0800][gc,heap      ] GC(7) Eden regions: 47->0(47)
[2022-04-21T21:04:48.934+0800][gc,heap      ] GC(7) Survivor regions: 4->4(7)
[2022-04-21T21:04:48.935+0800][gc,heap      ] GC(7) Old regions: 11->13
[2022-04-21T21:04:48.935+0800][gc,heap      ] GC(7) Archive regions: 2->2
[2022-04-21T21:04:48.935+0800][gc,heap      ] GC(7) Humongous regions: 129->129
[2022-04-21T21:04:48.935+0800][gc,metaspace ] GC(7) Metaspace: 41788K->41788K(1087488K)
[2022-04-21T21:04:48.935+0800][gc           ] GC(7) Pause Young (Normal) (G1 Evacuation Pause) 191M->145M(1024M) 62.571ms
[2022-04-21T21:04:48.935+0800][gc,cpu       ] GC(7) User=0.07s Sys=0.07s Real=0.06s
[2022-04-21T21:07:52.444+0800][gc,heap,exit ] Heap
[2022-04-21T21:07:52.444+0800][gc,heap,exit ]  garbage-first heap   total 1048576K, used 184184K [0x00000007c0000000, 0x0000000800000000)
[2022-04-21T21:07:52.445+0800][gc,heap,exit ]   region size 1024K, 39 young (39936K), 4 survivors (4096K)
[2022-04-21T21:07:52.445+0800][gc,heap,exit ]  Metaspace       used 42718K, capacity 45269K, committed 45312K, reserved 1087488K
[2022-04-21T21:07:52.445+0800][gc,heap,exit ]   class space    used 5646K, capacity 6910K, committed 6912K, reserved 1048576K
