[2022-04-04T19:24:55.577+0800][gc,heap] Heap region size: 1M
[2022-04-04T19:24:55.584+0800][gc     ] Using G1
[2022-04-04T19:24:55.584+0800][gc,heap,coops] Heap address: 0x00000007c0000000, size: 1024 MB, Compressed Oops mode: Zero based, Oop shift amount: 3
[2022-04-04T19:24:55.584+0800][gc,cds       ] Mark closed archive regions in map: [0x00000007fff00000, 0x00000007fff76ff8]
[2022-04-04T19:24:55.584+0800][gc,cds       ] Mark open archive regions in map: [0x00000007ffe00000, 0x00000007ffe46ff8]
[2022-04-04T19:24:55.604+0800][gc           ] Periodic GC disabled
[2022-04-04T19:24:56.601+0800][gc,start     ] GC(0) Pause Young (Normal) (G1 Evacuation Pause)
[2022-04-04T19:24:56.602+0800][gc,task      ] GC(0) Using 8 workers of 8 for evacuation
[2022-04-04T19:24:56.612+0800][gc,phases    ] GC(0)   Pre Evacuate Collection Set: 0.0ms
[2022-04-04T19:24:56.612+0800][gc,phases    ] GC(0)   Evacuate Collection Set: 9.6ms
[2022-04-04T19:24:56.612+0800][gc,phases    ] GC(0)   Post Evacuate Collection Set: 0.3ms
[2022-04-04T19:24:56.612+0800][gc,phases    ] GC(0)   Other: 0.7ms
[2022-04-04T19:24:56.612+0800][gc,heap      ] GC(0) Eden regions: 51->0(44)
[2022-04-04T19:24:56.612+0800][gc,heap      ] GC(0) Survivor regions: 0->7(7)
[2022-04-04T19:24:56.612+0800][gc,heap      ] GC(0) Old regions: 0->0
[2022-04-04T19:24:56.612+0800][gc,heap      ] GC(0) Archive regions: 2->2
[2022-04-04T19:24:56.612+0800][gc,heap      ] GC(0) Humongous regions: 0->0
[2022-04-04T19:24:56.612+0800][gc,metaspace ] GC(0) Metaspace: 14190K->14190K(1062912K)
[2022-04-04T19:24:56.612+0800][gc           ] GC(0) Pause Young (Normal) (G1 Evacuation Pause) 51M->7M(1024M) 10.663ms
[2022-04-04T19:24:56.612+0800][gc,cpu       ] GC(0) User=0.02s Sys=0.01s Real=0.01s
[2022-04-04T19:24:57.693+0800][gc,start     ] GC(1) Pause Young (Concurrent Start) (Metadata GC Threshold)
[2022-04-04T19:24:57.693+0800][gc,task      ] GC(1) Using 8 workers of 8 for evacuation
[2022-04-04T19:24:57.703+0800][gc,phases    ] GC(1)   Pre Evacuate Collection Set: 0.0ms
[2022-04-04T19:24:57.704+0800][gc,phases    ] GC(1)   Evacuate Collection Set: 9.6ms
[2022-04-04T19:24:57.704+0800][gc,phases    ] GC(1)   Post Evacuate Collection Set: 0.2ms
[2022-04-04T19:24:57.704+0800][gc,phases    ] GC(1)   Other: 0.2ms
[2022-04-04T19:24:57.704+0800][gc,heap      ] GC(1) Eden regions: 29->0(49)
[2022-04-04T19:24:57.704+0800][gc,heap      ] GC(1) Survivor regions: 7->2(7)
[2022-04-04T19:24:57.704+0800][gc,heap      ] GC(1) Old regions: 0->7
[2022-04-04T19:24:57.704+0800][gc,heap      ] GC(1) Archive regions: 2->2
[2022-04-04T19:24:57.704+0800][gc,heap      ] GC(1) Humongous regions: 0->0
[2022-04-04T19:24:57.704+0800][gc,metaspace ] GC(1) Metaspace: 20627K->20627K(1067008K)
[2022-04-04T19:24:57.704+0800][gc           ] GC(1) Pause Young (Concurrent Start) (Metadata GC Threshold) 35M->8M(1024M) 10.143ms
[2022-04-04T19:24:57.704+0800][gc,cpu       ] GC(1) User=0.02s Sys=0.01s Real=0.01s
[2022-04-04T19:24:57.704+0800][gc           ] GC(2) Concurrent Cycle
[2022-04-04T19:24:57.704+0800][gc,marking   ] GC(2) Concurrent Clear Claimed Marks
[2022-04-04T19:24:57.704+0800][gc,marking   ] GC(2) Concurrent Clear Claimed Marks 0.017ms
[2022-04-04T19:24:57.704+0800][gc,marking   ] GC(2) Concurrent Scan Root Regions
[2022-04-04T19:24:57.706+0800][gc,marking   ] GC(2) Concurrent Scan Root Regions 2.030ms
[2022-04-04T19:24:57.706+0800][gc,marking   ] GC(2) Concurrent Mark (2.167s)
[2022-04-04T19:24:57.706+0800][gc,marking   ] GC(2) Concurrent Mark From Roots
[2022-04-04T19:24:57.706+0800][gc,task      ] GC(2) Using 2 workers of 2 for marking
[2022-04-04T19:24:57.707+0800][gc,marking   ] GC(2) Concurrent Mark From Roots 0.650ms
[2022-04-04T19:24:57.707+0800][gc,marking   ] GC(2) Concurrent Preclean
[2022-04-04T19:24:57.707+0800][gc,marking   ] GC(2) Concurrent Preclean 0.030ms
[2022-04-04T19:24:57.707+0800][gc,marking   ] GC(2) Concurrent Mark (2.167s, 2.168s) 0.713ms
[2022-04-04T19:24:57.707+0800][gc,start     ] GC(2) Pause Remark
[2022-04-04T19:24:57.711+0800][gc           ] GC(2) Pause Remark 8M->8M(1024M) 4.427ms
[2022-04-04T19:24:57.711+0800][gc,cpu       ] GC(2) User=0.01s Sys=0.01s Real=0.01s
[2022-04-04T19:24:57.712+0800][gc,marking   ] GC(2) Concurrent Rebuild Remembered Sets
[2022-04-04T19:24:57.713+0800][gc,marking   ] GC(2) Concurrent Rebuild Remembered Sets 1.686ms
[2022-04-04T19:24:57.714+0800][gc,start     ] GC(2) Pause Cleanup
[2022-04-04T19:24:57.714+0800][gc           ] GC(2) Pause Cleanup 8M->8M(1024M) 0.127ms
[2022-04-04T19:24:57.714+0800][gc,cpu       ] GC(2) User=0.00s Sys=0.00s Real=0.00s
[2022-04-04T19:24:57.714+0800][gc,marking   ] GC(2) Concurrent Cleanup for Next Mark
[2022-04-04T19:24:57.717+0800][gc,marking   ] GC(2) Concurrent Cleanup for Next Mark 2.778ms
[2022-04-04T19:24:57.717+0800][gc           ] GC(2) Concurrent Cycle 12.997ms
[2022-04-04T19:24:58.371+0800][gc,start     ] GC(3) Pause Young (Normal) (G1 Evacuation Pause)
[2022-04-04T19:24:58.371+0800][gc,task      ] GC(3) Using 8 workers of 8 for evacuation
[2022-04-04T19:24:58.375+0800][gc,phases    ] GC(3)   Pre Evacuate Collection Set: 0.0ms
[2022-04-04T19:24:58.375+0800][gc,phases    ] GC(3)   Evacuate Collection Set: 2.9ms
[2022-04-04T19:24:58.375+0800][gc,phases    ] GC(3)   Post Evacuate Collection Set: 0.4ms
[2022-04-04T19:24:58.375+0800][gc,phases    ] GC(3)   Other: 0.2ms
[2022-04-04T19:24:58.375+0800][gc,heap      ] GC(3) Eden regions: 49->0(46)
[2022-04-04T19:24:58.375+0800][gc,heap      ] GC(3) Survivor regions: 2->5(7)
[2022-04-04T19:24:58.375+0800][gc,heap      ] GC(3) Old regions: 7->7
[2022-04-04T19:24:58.375+0800][gc,heap      ] GC(3) Archive regions: 2->2
[2022-04-04T19:24:58.375+0800][gc,heap      ] GC(3) Humongous regions: 129->129
[2022-04-04T19:24:58.375+0800][gc,metaspace ] GC(3) Metaspace: 28718K->28718K(1075200K)
[2022-04-04T19:24:58.375+0800][gc           ] GC(3) Pause Young (Normal) (G1 Evacuation Pause) 186M->140M(1024M) 3.579ms
[2022-04-04T19:24:58.375+0800][gc,cpu       ] GC(3) User=0.01s Sys=0.00s Real=0.00s
[2022-04-04T19:24:58.805+0800][gc,start     ] GC(4) Pause Young (Concurrent Start) (Metadata GC Threshold)
[2022-04-04T19:24:58.805+0800][gc,task      ] GC(4) Using 8 workers of 8 for evacuation
[2022-04-04T19:24:58.811+0800][gc,phases    ] GC(4)   Pre Evacuate Collection Set: 0.0ms
[2022-04-04T19:24:58.811+0800][gc,phases    ] GC(4)   Evacuate Collection Set: 5.1ms
[2022-04-04T19:24:58.811+0800][gc,phases    ] GC(4)   Post Evacuate Collection Set: 0.3ms
[2022-04-04T19:24:58.811+0800][gc,phases    ] GC(4)   Other: 0.2ms
[2022-04-04T19:24:58.811+0800][gc,heap      ] GC(4) Eden regions: 31->0(45)
[2022-04-04T19:24:58.811+0800][gc,heap      ] GC(4) Survivor regions: 5->6(7)
[2022-04-04T19:24:58.811+0800][gc,heap      ] GC(4) Old regions: 7->8
[2022-04-04T19:24:58.811+0800][gc,heap      ] GC(4) Archive regions: 2->2
[2022-04-04T19:24:58.811+0800][gc,heap      ] GC(4) Humongous regions: 129->129
[2022-04-04T19:24:58.811+0800][gc,metaspace ] GC(4) Metaspace: 34544K->34544K(1081344K)
[2022-04-04T19:24:58.811+0800][gc           ] GC(4) Pause Young (Concurrent Start) (Metadata GC Threshold) 171M->142M(1024M) 5.656ms
[2022-04-04T19:24:58.811+0800][gc,cpu       ] GC(4) User=0.01s Sys=0.01s Real=0.01s
[2022-04-04T19:24:58.811+0800][gc           ] GC(5) Concurrent Cycle
[2022-04-04T19:24:58.811+0800][gc,marking   ] GC(5) Concurrent Clear Claimed Marks
[2022-04-04T19:24:58.811+0800][gc,marking   ] GC(5) Concurrent Clear Claimed Marks 0.017ms
[2022-04-04T19:24:58.811+0800][gc,marking   ] GC(5) Concurrent Scan Root Regions
[2022-04-04T19:24:58.813+0800][gc,marking   ] GC(5) Concurrent Scan Root Regions 2.107ms
[2022-04-04T19:24:58.813+0800][gc,marking   ] GC(5) Concurrent Mark (3.275s)
[2022-04-04T19:24:58.813+0800][gc,marking   ] GC(5) Concurrent Mark From Roots
[2022-04-04T19:24:58.813+0800][gc,task      ] GC(5) Using 2 workers of 2 for marking
[2022-04-04T19:24:58.816+0800][gc,marking   ] GC(5) Concurrent Mark From Roots 3.309ms
[2022-04-04T19:24:58.817+0800][gc,marking   ] GC(5) Concurrent Preclean
[2022-04-04T19:24:58.817+0800][gc,marking   ] GC(5) Concurrent Preclean 0.046ms
[2022-04-04T19:24:58.817+0800][gc,marking   ] GC(5) Concurrent Mark (3.275s, 3.278s) 3.403ms
[2022-04-04T19:24:58.817+0800][gc,start     ] GC(5) Pause Remark
[2022-04-04T19:24:58.826+0800][gc           ] GC(5) Pause Remark 142M->142M(1024M) 9.072ms
[2022-04-04T19:24:58.826+0800][gc,cpu       ] GC(5) User=0.01s Sys=0.01s Real=0.01s
[2022-04-04T19:24:58.826+0800][gc,marking   ] GC(5) Concurrent Rebuild Remembered Sets
[2022-04-04T19:24:58.828+0800][gc,marking   ] GC(5) Concurrent Rebuild Remembered Sets 2.234ms
[2022-04-04T19:24:58.829+0800][gc,start     ] GC(5) Pause Cleanup
[2022-04-04T19:24:58.829+0800][gc           ] GC(5) Pause Cleanup 142M->142M(1024M) 0.116ms
[2022-04-04T19:24:58.829+0800][gc,cpu       ] GC(5) User=0.00s Sys=0.00s Real=0.00s
[2022-04-04T19:24:58.829+0800][gc,marking   ] GC(5) Concurrent Cleanup for Next Mark
[2022-04-04T19:24:58.832+0800][gc,marking   ] GC(5) Concurrent Cleanup for Next Mark 2.760ms
[2022-04-04T19:24:58.832+0800][gc           ] GC(5) Concurrent Cycle 20.901ms
[2022-04-04T19:36:18.575+0800][gc,start     ] GC(6) Pause Young (Normal) (G1 Evacuation Pause)
[2022-04-04T19:36:18.575+0800][gc,task      ] GC(6) Using 8 workers of 8 for evacuation
[2022-04-04T19:36:18.582+0800][gc,phases    ] GC(6)   Pre Evacuate Collection Set: 0.0ms
[2022-04-04T19:36:18.582+0800][gc,phases    ] GC(6)   Evacuate Collection Set: 5.7ms
[2022-04-04T19:36:18.582+0800][gc,phases    ] GC(6)   Post Evacuate Collection Set: 0.3ms
[2022-04-04T19:36:18.582+0800][gc,phases    ] GC(6)   Other: 0.5ms
[2022-04-04T19:36:18.582+0800][gc,heap      ] GC(6) Eden regions: 45->0(46)
[2022-04-04T19:36:18.582+0800][gc,heap      ] GC(6) Survivor regions: 6->5(7)
[2022-04-04T19:36:18.582+0800][gc,heap      ] GC(6) Old regions: 8->11
[2022-04-04T19:36:18.582+0800][gc,heap      ] GC(6) Archive regions: 2->2
[2022-04-04T19:36:18.582+0800][gc,heap      ] GC(6) Humongous regions: 129->129
[2022-04-04T19:36:18.582+0800][gc,metaspace ] GC(6) Metaspace: 40037K->40037K(1085440K)
[2022-04-04T19:36:18.582+0800][gc           ] GC(6) Pause Young (Normal) (G1 Evacuation Pause) 187M->144M(1024M) 6.656ms
[2022-04-04T19:36:18.582+0800][gc,cpu       ] GC(6) User=0.03s Sys=0.01s Real=0.01s
[2022-04-04T19:44:15.844+0800][gc,start     ] GC(7) Pause Young (Normal) (G1 Evacuation Pause)
[2022-04-04T19:44:15.845+0800][gc,task      ] GC(7) Using 8 workers of 8 for evacuation
[2022-04-04T19:44:15.852+0800][gc,phases    ] GC(7)   Pre Evacuate Collection Set: 0.0ms
[2022-04-04T19:44:15.852+0800][gc,phases    ] GC(7)   Evacuate Collection Set: 6.3ms
[2022-04-04T19:44:15.852+0800][gc,phases    ] GC(7)   Post Evacuate Collection Set: 0.4ms
[2022-04-04T19:44:15.852+0800][gc,phases    ] GC(7)   Other: 0.9ms
[2022-04-04T19:44:15.852+0800][gc,heap      ] GC(7) Eden regions: 46->0(46)
[2022-04-04T19:44:15.852+0800][gc,heap      ] GC(7) Survivor regions: 5->5(7)
[2022-04-04T19:44:15.852+0800][gc,heap      ] GC(7) Old regions: 11->13
[2022-04-04T19:44:15.852+0800][gc,heap      ] GC(7) Archive regions: 2->2
[2022-04-04T19:44:15.852+0800][gc,heap      ] GC(7) Humongous regions: 129->129
[2022-04-04T19:44:15.852+0800][gc,metaspace ] GC(7) Metaspace: 43904K->43904K(1089536K)
[2022-04-04T19:44:15.852+0800][gc           ] GC(7) Pause Young (Normal) (G1 Evacuation Pause) 190M->146M(1024M) 7.838ms
[2022-04-04T19:44:15.852+0800][gc,cpu       ] GC(7) User=0.03s Sys=0.01s Real=0.01s
[2022-04-04T19:44:15.861+0800][gc,heap,exit ] Heap
[2022-04-04T19:44:15.861+0800][gc,heap,exit ]  garbage-first heap   total 1048576K, used 149917K [0x00000007c0000000, 0x0000000800000000)
[2022-04-04T19:44:15.861+0800][gc,heap,exit ]   region size 1024K, 6 young (6144K), 5 survivors (5120K)
[2022-04-04T19:44:15.861+0800][gc,heap,exit ]  Metaspace       used 43917K, capacity 46686K, committed 46976K, reserved 1089536K
[2022-04-04T19:44:15.861+0800][gc,heap,exit ]   class space    used 5856K, capacity 7242K, committed 7296K, reserved 1048576K
