[2022-04-21T21:08:29.205+0800][gc,heap] Heap region size: 1M
[2022-04-21T21:08:29.213+0800][gc     ] Using G1
[2022-04-21T21:08:29.213+0800][gc,heap,coops] Heap address: 0x00000007c0000000, size: 1024 MB, Compressed Oops mode: Zero based, Oop shift amount: 3
[2022-04-21T21:08:29.213+0800][gc,cds       ] Mark closed archive regions in map: [0x00000007fff00000, 0x00000007fff76ff8]
[2022-04-21T21:08:29.213+0800][gc,cds       ] Mark open archive regions in map: [0x00000007ffe00000, 0x00000007ffe46ff8]
[2022-04-21T21:08:29.233+0800][gc           ] Periodic GC disabled
[2022-04-21T21:08:30.285+0800][gc,start     ] GC(0) Pause Young (Normal) (G1 Evacuation Pause)
[2022-04-21T21:08:30.286+0800][gc,task      ] GC(0) Using 8 workers of 8 for evacuation
[2022-04-21T21:08:30.297+0800][gc,phases    ] GC(0)   Pre Evacuate Collection Set: 0.0ms
[2022-04-21T21:08:30.297+0800][gc,phases    ] GC(0)   Evacuate Collection Set: 10.3ms
[2022-04-21T21:08:30.297+0800][gc,phases    ] GC(0)   Post Evacuate Collection Set: 0.4ms
[2022-04-21T21:08:30.297+0800][gc,phases    ] GC(0)   Other: 0.6ms
[2022-04-21T21:08:30.297+0800][gc,heap      ] GC(0) Eden regions: 51->0(44)
[2022-04-21T21:08:30.297+0800][gc,heap      ] GC(0) Survivor regions: 0->7(7)
[2022-04-21T21:08:30.297+0800][gc,heap      ] GC(0) Old regions: 0->0
[2022-04-21T21:08:30.297+0800][gc,heap      ] GC(0) Archive regions: 2->2
[2022-04-21T21:08:30.297+0800][gc,heap      ] GC(0) Humongous regions: 0->0
[2022-04-21T21:08:30.297+0800][gc,metaspace ] GC(0) Metaspace: 14208K->14208K(1062912K)
[2022-04-21T21:08:30.297+0800][gc           ] GC(0) Pause Young (Normal) (G1 Evacuation Pause) 51M->7M(1024M) 11.499ms
[2022-04-21T21:08:30.297+0800][gc,cpu       ] GC(0) User=0.02s Sys=0.01s Real=0.01s
[2022-04-21T21:08:31.120+0800][gc,start     ] GC(1) Pause Young (Concurrent Start) (Metadata GC Threshold)
[2022-04-21T21:08:31.120+0800][gc,task      ] GC(1) Using 8 workers of 8 for evacuation
[2022-04-21T21:08:31.134+0800][gc,phases    ] GC(1)   Pre Evacuate Collection Set: 0.0ms
[2022-04-21T21:08:31.134+0800][gc,phases    ] GC(1)   Evacuate Collection Set: 12.6ms
[2022-04-21T21:08:31.134+0800][gc,phases    ] GC(1)   Post Evacuate Collection Set: 0.3ms
[2022-04-21T21:08:31.134+0800][gc,phases    ] GC(1)   Other: 0.2ms
[2022-04-21T21:08:31.134+0800][gc,heap      ] GC(1) Eden regions: 29->0(49)
[2022-04-21T21:08:31.134+0800][gc,heap      ] GC(1) Survivor regions: 7->2(7)
[2022-04-21T21:08:31.134+0800][gc,heap      ] GC(1) Old regions: 0->7
[2022-04-21T21:08:31.134+0800][gc,heap      ] GC(1) Archive regions: 2->2
[2022-04-21T21:08:31.134+0800][gc,heap      ] GC(1) Humongous regions: 0->0
[2022-04-21T21:08:31.134+0800][gc,metaspace ] GC(1) Metaspace: 20610K->20610K(1067008K)
[2022-04-21T21:08:31.134+0800][gc           ] GC(1) Pause Young (Concurrent Start) (Metadata GC Threshold) 36M->8M(1024M) 13.235ms
[2022-04-21T21:08:31.134+0800][gc,cpu       ] GC(1) User=0.03s Sys=0.01s Real=0.01s
[2022-04-21T21:08:31.134+0800][gc           ] GC(2) Concurrent Cycle
[2022-04-21T21:08:31.134+0800][gc,marking   ] GC(2) Concurrent Clear Claimed Marks
[2022-04-21T21:08:31.134+0800][gc,marking   ] GC(2) Concurrent Clear Claimed Marks 0.068ms
[2022-04-21T21:08:31.134+0800][gc,marking   ] GC(2) Concurrent Scan Root Regions
[2022-04-21T21:08:31.137+0800][gc,marking   ] GC(2) Concurrent Scan Root Regions 2.718ms
[2022-04-21T21:08:31.137+0800][gc,marking   ] GC(2) Concurrent Mark (1.965s)
[2022-04-21T21:08:31.137+0800][gc,marking   ] GC(2) Concurrent Mark From Roots
[2022-04-21T21:08:31.137+0800][gc,task      ] GC(2) Using 2 workers of 2 for marking
[2022-04-21T21:08:31.143+0800][gc,marking   ] GC(2) Concurrent Mark From Roots 5.627ms
[2022-04-21T21:08:31.143+0800][gc,marking   ] GC(2) Concurrent Preclean
[2022-04-21T21:08:31.143+0800][gc,marking   ] GC(2) Concurrent Preclean 0.047ms
[2022-04-21T21:08:31.143+0800][gc,marking   ] GC(2) Concurrent Mark (1.965s, 1.971s) 6.046ms
[2022-04-21T21:08:31.143+0800][gc,start     ] GC(2) Pause Remark
[2022-04-21T21:08:31.149+0800][gc           ] GC(2) Pause Remark 8M->8M(1024M) 5.381ms
[2022-04-21T21:08:31.149+0800][gc,cpu       ] GC(2) User=0.01s Sys=0.01s Real=0.00s
[2022-04-21T21:08:31.149+0800][gc,marking   ] GC(2) Concurrent Rebuild Remembered Sets
[2022-04-21T21:08:31.150+0800][gc,marking   ] GC(2) Concurrent Rebuild Remembered Sets 1.680ms
[2022-04-21T21:08:31.151+0800][gc,start     ] GC(2) Pause Cleanup
[2022-04-21T21:08:31.151+0800][gc           ] GC(2) Pause Cleanup 8M->8M(1024M) 0.144ms
[2022-04-21T21:08:31.151+0800][gc,cpu       ] GC(2) User=0.00s Sys=0.00s Real=0.00s
[2022-04-21T21:08:31.151+0800][gc,marking   ] GC(2) Concurrent Cleanup for Next Mark
[2022-04-21T21:08:31.154+0800][gc,marking   ] GC(2) Concurrent Cleanup for Next Mark 3.086ms
[2022-04-21T21:08:31.154+0800][gc           ] GC(2) Concurrent Cycle 20.344ms
[2022-04-21T21:08:31.870+0800][gc,start     ] GC(3) Pause Young (Normal) (G1 Evacuation Pause)
[2022-04-21T21:08:31.870+0800][gc,task      ] GC(3) Using 8 workers of 8 for evacuation
[2022-04-21T21:08:31.873+0800][gc,phases    ] GC(3)   Pre Evacuate Collection Set: 0.0ms
[2022-04-21T21:08:31.873+0800][gc,phases    ] GC(3)   Evacuate Collection Set: 2.8ms
[2022-04-21T21:08:31.873+0800][gc,phases    ] GC(3)   Post Evacuate Collection Set: 0.3ms
[2022-04-21T21:08:31.873+0800][gc,phases    ] GC(3)   Other: 0.1ms
[2022-04-21T21:08:31.873+0800][gc,heap      ] GC(3) Eden regions: 49->0(47)
[2022-04-21T21:08:31.873+0800][gc,heap      ] GC(3) Survivor regions: 2->4(7)
[2022-04-21T21:08:31.873+0800][gc,heap      ] GC(3) Old regions: 7->7
[2022-04-21T21:08:31.873+0800][gc,heap      ] GC(3) Archive regions: 2->2
[2022-04-21T21:08:31.873+0800][gc,heap      ] GC(3) Humongous regions: 129->129
[2022-04-21T21:08:31.873+0800][gc,metaspace ] GC(3) Metaspace: 29297K->29297K(1075200K)
[2022-04-21T21:08:31.873+0800][gc           ] GC(3) Pause Young (Normal) (G1 Evacuation Pause) 186M->139M(1024M) 3.412ms
[2022-04-21T21:08:31.873+0800][gc,cpu       ] GC(3) User=0.02s Sys=0.00s Real=0.00s
[2022-04-21T21:08:32.302+0800][gc,start     ] GC(4) Pause Young (Concurrent Start) (Metadata GC Threshold)
[2022-04-21T21:08:32.302+0800][gc,task      ] GC(4) Using 8 workers of 8 for evacuation
[2022-04-21T21:08:32.308+0800][gc,phases    ] GC(4)   Pre Evacuate Collection Set: 0.0ms
[2022-04-21T21:08:32.308+0800][gc,phases    ] GC(4)   Evacuate Collection Set: 5.4ms
[2022-04-21T21:08:32.308+0800][gc,phases    ] GC(4)   Post Evacuate Collection Set: 0.4ms
[2022-04-21T21:08:32.308+0800][gc,phases    ] GC(4)   Other: 0.2ms
[2022-04-21T21:08:32.308+0800][gc,heap      ] GC(4) Eden regions: 29->0(45)
[2022-04-21T21:08:32.308+0800][gc,heap      ] GC(4) Survivor regions: 4->6(7)
[2022-04-21T21:08:32.308+0800][gc,heap      ] GC(4) Old regions: 7->8
[2022-04-21T21:08:32.308+0800][gc,heap      ] GC(4) Archive regions: 2->2
[2022-04-21T21:08:32.308+0800][gc,heap      ] GC(4) Humongous regions: 129->129
[2022-04-21T21:08:32.308+0800][gc,metaspace ] GC(4) Metaspace: 34494K->34494K(1081344K)
[2022-04-21T21:08:32.308+0800][gc           ] GC(4) Pause Young (Concurrent Start) (Metadata GC Threshold) 168M->142M(1024M) 6.097ms
[2022-04-21T21:08:32.308+0800][gc,cpu       ] GC(4) User=0.02s Sys=0.00s Real=0.00s
[2022-04-21T21:08:32.309+0800][gc           ] GC(5) Concurrent Cycle
[2022-04-21T21:08:32.309+0800][gc,marking   ] GC(5) Concurrent Clear Claimed Marks
[2022-04-21T21:08:32.309+0800][gc,marking   ] GC(5) Concurrent Clear Claimed Marks 0.038ms
[2022-04-21T21:08:32.309+0800][gc,marking   ] GC(5) Concurrent Scan Root Regions
[2022-04-21T21:08:32.311+0800][gc,marking   ] GC(5) Concurrent Scan Root Regions 2.317ms
[2022-04-21T21:08:32.311+0800][gc,marking   ] GC(5) Concurrent Mark (3.139s)
[2022-04-21T21:08:32.311+0800][gc,marking   ] GC(5) Concurrent Mark From Roots
[2022-04-21T21:08:32.311+0800][gc,task      ] GC(5) Using 2 workers of 2 for marking
[2022-04-21T21:08:32.315+0800][gc,marking   ] GC(5) Concurrent Mark From Roots 3.990ms
[2022-04-21T21:08:32.315+0800][gc,marking   ] GC(5) Concurrent Preclean
[2022-04-21T21:08:32.315+0800][gc,marking   ] GC(5) Concurrent Preclean 0.055ms
[2022-04-21T21:08:32.315+0800][gc,marking   ] GC(5) Concurrent Mark (3.139s, 3.143s) 4.098ms
[2022-04-21T21:08:32.315+0800][gc,start     ] GC(5) Pause Remark
[2022-04-21T21:08:32.325+0800][gc           ] GC(5) Pause Remark 142M->142M(1024M) 9.153ms
[2022-04-21T21:08:32.325+0800][gc,cpu       ] GC(5) User=0.01s Sys=0.01s Real=0.01s
[2022-04-21T21:08:32.325+0800][gc,marking   ] GC(5) Concurrent Rebuild Remembered Sets
[2022-04-21T21:08:32.327+0800][gc,marking   ] GC(5) Concurrent Rebuild Remembered Sets 2.278ms
[2022-04-21T21:08:32.327+0800][gc,start     ] GC(5) Pause Cleanup
[2022-04-21T21:08:32.328+0800][gc           ] GC(5) Pause Cleanup 142M->142M(1024M) 0.091ms
[2022-04-21T21:08:32.328+0800][gc,cpu       ] GC(5) User=0.00s Sys=0.00s Real=0.00s
[2022-04-21T21:08:32.328+0800][gc,marking   ] GC(5) Concurrent Cleanup for Next Mark
[2022-04-21T21:08:32.331+0800][gc,marking   ] GC(5) Concurrent Cleanup for Next Mark 3.461ms
[2022-04-21T21:08:32.331+0800][gc           ] GC(5) Concurrent Cycle 22.637ms
[2022-04-21T21:10:06.479+0800][gc,start     ] GC(6) Pause Young (Normal) (G1 Evacuation Pause)
[2022-04-21T21:10:06.479+0800][gc,task      ] GC(6) Using 8 workers of 8 for evacuation
[2022-04-21T21:10:06.534+0800][gc,mmu       ] GC(6) MMU target violated: 21.0ms (20.0ms/21.0ms)
[2022-04-21T21:10:06.534+0800][gc,phases    ] GC(6)   Pre Evacuate Collection Set: 1.2ms
[2022-04-21T21:10:06.534+0800][gc,phases    ] GC(6)   Evacuate Collection Set: 52.6ms
[2022-04-21T21:10:06.534+0800][gc,phases    ] GC(6)   Post Evacuate Collection Set: 0.9ms
[2022-04-21T21:10:06.534+0800][gc,phases    ] GC(6)   Other: 1.2ms
[2022-04-21T21:10:06.534+0800][gc,heap      ] GC(6) Eden regions: 45->0(44)
[2022-04-21T21:10:06.534+0800][gc,heap      ] GC(6) Survivor regions: 6->7(7)
[2022-04-21T21:10:06.534+0800][gc,heap      ] GC(6) Old regions: 8->11
[2022-04-21T21:10:06.534+0800][gc,heap      ] GC(6) Archive regions: 2->2
[2022-04-21T21:10:06.534+0800][gc,heap      ] GC(6) Humongous regions: 129->129
[2022-04-21T21:10:06.534+0800][gc,metaspace ] GC(6) Metaspace: 41014K->41014K(1087488K)
[2022-04-21T21:10:06.534+0800][gc           ] GC(6) Pause Young (Normal) (G1 Evacuation Pause) 187M->146M(1024M) 55.893ms
[2022-04-21T21:10:06.535+0800][gc,cpu       ] GC(6) User=0.07s Sys=0.09s Real=0.06s
[2022-04-21T21:12:07.659+0800][gc,start     ] GC(7) Pause Young (Normal) (G1 Evacuation Pause)
[2022-04-21T21:12:07.660+0800][gc,task      ] GC(7) Using 8 workers of 8 for evacuation
[2022-04-21T21:12:07.703+0800][gc,mmu       ] GC(7) MMU target violated: 21.0ms (20.0ms/21.0ms)
[2022-04-21T21:12:07.703+0800][gc,phases    ] GC(7)   Pre Evacuate Collection Set: 1.7ms
[2022-04-21T21:12:07.703+0800][gc,phases    ] GC(7)   Evacuate Collection Set: 39.5ms
[2022-04-21T21:12:07.703+0800][gc,phases    ] GC(7)   Post Evacuate Collection Set: 0.9ms
[2022-04-21T21:12:07.703+0800][gc,phases    ] GC(7)   Other: 2.0ms
[2022-04-21T21:12:07.703+0800][gc,heap      ] GC(7) Eden regions: 44->0(48)
[2022-04-21T21:12:07.703+0800][gc,heap      ] GC(7) Survivor regions: 7->3(7)
[2022-04-21T21:12:07.703+0800][gc,heap      ] GC(7) Old regions: 11->14
[2022-04-21T21:12:07.703+0800][gc,heap      ] GC(7) Archive regions: 2->2
[2022-04-21T21:12:07.703+0800][gc,heap      ] GC(7) Humongous regions: 129->129
[2022-04-21T21:12:07.703+0800][gc,metaspace ] GC(7) Metaspace: 41118K->41118K(1087488K)
[2022-04-21T21:12:07.703+0800][gc           ] GC(7) Pause Young (Normal) (G1 Evacuation Pause) 190M->146M(1024M) 44.144ms
[2022-04-21T21:12:07.703+0800][gc,cpu       ] GC(7) User=0.06s Sys=0.05s Real=0.05s
[2022-04-21T21:14:05.078+0800][gc,start     ] GC(8) Pause Young (Normal) (G1 Evacuation Pause)
[2022-04-21T21:14:05.080+0800][gc,task      ] GC(8) Using 8 workers of 8 for evacuation
[2022-04-21T21:14:05.097+0800][gc,phases    ] GC(8)   Pre Evacuate Collection Set: 0.2ms
[2022-04-21T21:14:05.097+0800][gc,phases    ] GC(8)   Evacuate Collection Set: 15.3ms
[2022-04-21T21:14:05.097+0800][gc,phases    ] GC(8)   Post Evacuate Collection Set: 0.8ms
[2022-04-21T21:14:05.097+0800][gc,phases    ] GC(8)   Other: 2.2ms
[2022-04-21T21:14:05.097+0800][gc,heap      ] GC(8) Eden regions: 48->0(45)
[2022-04-21T21:14:05.097+0800][gc,heap      ] GC(8) Survivor regions: 3->6(7)
[2022-04-21T21:14:05.097+0800][gc,heap      ] GC(8) Old regions: 14->14
[2022-04-21T21:14:05.097+0800][gc,heap      ] GC(8) Archive regions: 2->2
[2022-04-21T21:14:05.097+0800][gc,heap      ] GC(8) Humongous regions: 129->129
[2022-04-21T21:14:05.097+0800][gc,metaspace ] GC(8) Metaspace: 41150K->41150K(1087488K)
[2022-04-21T21:14:05.097+0800][gc           ] GC(8) Pause Young (Normal) (G1 Evacuation Pause) 194M->149M(1024M) 18.645ms
[2022-04-21T21:14:05.097+0800][gc,cpu       ] GC(8) User=0.04s Sys=0.02s Real=0.02s
[2022-04-21T21:16:44.853+0800][gc,start     ] GC(9) Pause Young (Normal) (G1 Evacuation Pause)
[2022-04-21T21:16:44.853+0800][gc,task      ] GC(9) Using 8 workers of 8 for evacuation
[2022-04-21T21:16:44.876+0800][gc,mmu       ] GC(9) MMU target violated: 21.0ms (20.0ms/21.0ms)
[2022-04-21T21:16:44.876+0800][gc,phases    ] GC(9)   Pre Evacuate Collection Set: 0.1ms
[2022-04-21T21:16:44.876+0800][gc,phases    ] GC(9)   Evacuate Collection Set: 21.8ms
[2022-04-21T21:16:44.876+0800][gc,phases    ] GC(9)   Post Evacuate Collection Set: 0.4ms
[2022-04-21T21:16:44.876+0800][gc,phases    ] GC(9)   Other: 1.0ms
[2022-04-21T21:16:44.876+0800][gc,heap      ] GC(9) Eden regions: 45->0(47)
[2022-04-21T21:16:44.876+0800][gc,heap      ] GC(9) Survivor regions: 6->4(7)
[2022-04-21T21:16:44.876+0800][gc,heap      ] GC(9) Old regions: 14->19
[2022-04-21T21:16:44.876+0800][gc,heap      ] GC(9) Archive regions: 2->2
[2022-04-21T21:16:44.876+0800][gc,heap      ] GC(9) Humongous regions: 129->129
[2022-04-21T21:16:44.876+0800][gc,metaspace ] GC(9) Metaspace: 41274K->41274K(1087488K)
[2022-04-21T21:16:44.876+0800][gc           ] GC(9) Pause Young (Normal) (G1 Evacuation Pause) 194M->151M(1024M) 23.399ms
[2022-04-21T21:16:44.876+0800][gc,cpu       ] GC(9) User=0.04s Sys=0.02s Real=0.02s
[2022-04-21T21:19:26.250+0800][gc,start     ] GC(10) Pause Young (Normal) (G1 Evacuation Pause)
[2022-04-21T21:19:26.251+0800][gc,task      ] GC(10) Using 8 workers of 8 for evacuation
[2022-04-21T21:19:26.285+0800][gc,mmu       ] GC(10) MMU target violated: 21.0ms (20.0ms/21.0ms)
[2022-04-21T21:19:26.285+0800][gc,phases    ] GC(10)   Pre Evacuate Collection Set: 1.1ms
[2022-04-21T21:19:26.285+0800][gc,phases    ] GC(10)   Evacuate Collection Set: 31.7ms
[2022-04-21T21:19:26.285+0800][gc,phases    ] GC(10)   Post Evacuate Collection Set: 0.6ms
[2022-04-21T21:19:26.285+0800][gc,phases    ] GC(10)   Other: 2.3ms
[2022-04-21T21:19:26.285+0800][gc,heap      ] GC(10) Eden regions: 47->0(44)
[2022-04-21T21:19:26.285+0800][gc,heap      ] GC(10) Survivor regions: 4->7(7)
[2022-04-21T21:19:26.285+0800][gc,heap      ] GC(10) Old regions: 19->19
[2022-04-21T21:19:26.285+0800][gc,heap      ] GC(10) Archive regions: 2->2
[2022-04-21T21:19:26.285+0800][gc,heap      ] GC(10) Humongous regions: 129->129
[2022-04-21T21:19:26.285+0800][gc,metaspace ] GC(10) Metaspace: 41480K->41480K(1087488K)
[2022-04-21T21:19:26.286+0800][gc           ] GC(10) Pause Young (Normal) (G1 Evacuation Pause) 198M->155M(1024M) 35.652ms
[2022-04-21T21:19:26.286+0800][gc,cpu       ] GC(10) User=0.06s Sys=0.05s Real=0.03s
[2022-04-21T21:21:20.909+0800][gc,start     ] GC(11) Pause Young (Normal) (G1 Evacuation Pause)
[2022-04-21T21:21:20.910+0800][gc,task      ] GC(11) Using 8 workers of 8 for evacuation
[2022-04-21T21:21:20.948+0800][gc,mmu       ] GC(11) MMU target violated: 21.0ms (20.0ms/21.0ms)
[2022-04-21T21:21:20.948+0800][gc,phases    ] GC(11)   Pre Evacuate Collection Set: 1.0ms
[2022-04-21T21:21:20.948+0800][gc,phases    ] GC(11)   Evacuate Collection Set: 34.4ms
[2022-04-21T21:21:20.948+0800][gc,phases    ] GC(11)   Post Evacuate Collection Set: 0.4ms
[2022-04-21T21:21:20.948+0800][gc,phases    ] GC(11)   Other: 2.8ms
[2022-04-21T21:21:20.948+0800][gc,heap      ] GC(11) Eden regions: 44->0(46)
[2022-04-21T21:21:20.948+0800][gc,heap      ] GC(11) Survivor regions: 7->5(7)
[2022-04-21T21:21:20.948+0800][gc,heap      ] GC(11) Old regions: 19->26
[2022-04-21T21:21:20.948+0800][gc,heap      ] GC(11) Archive regions: 2->2
[2022-04-21T21:21:20.948+0800][gc,heap      ] GC(11) Humongous regions: 129->129
[2022-04-21T21:21:20.948+0800][gc,metaspace ] GC(11) Metaspace: 41579K->41579K(1087488K)
[2022-04-21T21:21:20.948+0800][gc           ] GC(11) Pause Young (Normal) (G1 Evacuation Pause) 199M->159M(1024M) 38.893ms
[2022-04-21T21:21:20.948+0800][gc,cpu       ] GC(11) User=0.06s Sys=0.04s Real=0.04s
[2022-04-21T21:23:23.280+0800][gc,start     ] GC(12) Pause Young (Normal) (G1 Evacuation Pause)
[2022-04-21T21:23:23.281+0800][gc,task      ] GC(12) Using 8 workers of 8 for evacuation
[2022-04-21T21:23:23.306+0800][gc,mmu       ] GC(12) MMU target violated: 21.0ms (20.0ms/21.0ms)
[2022-04-21T21:23:23.308+0800][gc,phases    ] GC(12)   Pre Evacuate Collection Set: 0.7ms
[2022-04-21T21:23:23.308+0800][gc,phases    ] GC(12)   Evacuate Collection Set: 22.8ms
[2022-04-21T21:23:23.308+0800][gc,phases    ] GC(12)   Post Evacuate Collection Set: 0.7ms
[2022-04-21T21:23:23.308+0800][gc,phases    ] GC(12)   Other: 3.7ms
[2022-04-21T21:23:23.308+0800][gc,heap      ] GC(12) Eden regions: 46->0(46)
[2022-04-21T21:23:23.308+0800][gc,heap      ] GC(12) Survivor regions: 5->5(7)
[2022-04-21T21:23:23.308+0800][gc,heap      ] GC(12) Old regions: 26->29
[2022-04-21T21:23:23.308+0800][gc,heap      ] GC(12) Archive regions: 2->2
[2022-04-21T21:23:23.308+0800][gc,heap      ] GC(12) Humongous regions: 129->129
[2022-04-21T21:23:23.308+0800][gc,metaspace ] GC(12) Metaspace: 41584K->41584K(1087488K)
[2022-04-21T21:23:23.308+0800][gc           ] GC(12) Pause Young (Normal) (G1 Evacuation Pause) 205M->163M(1024M) 27.985ms
[2022-04-21T21:23:23.308+0800][gc,cpu       ] GC(12) User=0.06s Sys=0.03s Real=0.02s
[2022-04-21T21:25:21.836+0800][gc,start     ] GC(13) Pause Young (Normal) (G1 Evacuation Pause)
[2022-04-21T21:25:21.836+0800][gc,task      ] GC(13) Using 8 workers of 8 for evacuation
[2022-04-21T21:25:21.861+0800][gc,mmu       ] GC(13) MMU target violated: 21.0ms (20.0ms/21.0ms)
[2022-04-21T21:25:21.861+0800][gc,phases    ] GC(13)   Pre Evacuate Collection Set: 0.2ms
[2022-04-21T21:25:21.861+0800][gc,phases    ] GC(13)   Evacuate Collection Set: 22.9ms
[2022-04-21T21:25:21.861+0800][gc,phases    ] GC(13)   Post Evacuate Collection Set: 0.8ms
[2022-04-21T21:25:21.861+0800][gc,phases    ] GC(13)   Other: 1.4ms
[2022-04-21T21:25:21.861+0800][gc,heap      ] GC(13) Eden regions: 46->0(47)
[2022-04-21T21:25:21.861+0800][gc,heap      ] GC(13) Survivor regions: 5->4(7)
[2022-04-21T21:25:21.861+0800][gc,heap      ] GC(13) Old regions: 29->33
[2022-04-21T21:25:21.861+0800][gc,heap      ] GC(13) Archive regions: 2->2
[2022-04-21T21:25:21.861+0800][gc,heap      ] GC(13) Humongous regions: 129->129
[2022-04-21T21:25:21.861+0800][gc,metaspace ] GC(13) Metaspace: 41617K->41617K(1087488K)
[2022-04-21T21:25:21.861+0800][gc           ] GC(13) Pause Young (Normal) (G1 Evacuation Pause) 209M->165M(1024M) 25.544ms
[2022-04-21T21:25:21.861+0800][gc,cpu       ] GC(13) User=0.05s Sys=0.02s Real=0.03s
[2022-04-21T21:27:26.403+0800][gc,start     ] GC(14) Pause Young (Normal) (G1 Evacuation Pause)
[2022-04-21T21:27:26.404+0800][gc,task      ] GC(14) Using 8 workers of 8 for evacuation
[2022-04-21T21:27:26.435+0800][gc,mmu       ] GC(14) MMU target violated: 21.0ms (20.0ms/21.0ms)
[2022-04-21T21:27:26.435+0800][gc,phases    ] GC(14)   Pre Evacuate Collection Set: 0.4ms
[2022-04-21T21:27:26.435+0800][gc,phases    ] GC(14)   Evacuate Collection Set: 28.5ms
[2022-04-21T21:27:26.435+0800][gc,phases    ] GC(14)   Post Evacuate Collection Set: 0.6ms
[2022-04-21T21:27:26.435+0800][gc,phases    ] GC(14)   Other: 2.6ms
[2022-04-21T21:27:26.435+0800][gc,heap      ] GC(14) Eden regions: 47->0(44)
[2022-04-21T21:27:26.435+0800][gc,heap      ] GC(14) Survivor regions: 4->7(7)
[2022-04-21T21:27:26.435+0800][gc,heap      ] GC(14) Old regions: 33->33
[2022-04-21T21:27:26.435+0800][gc,heap      ] GC(14) Archive regions: 2->2
[2022-04-21T21:27:26.435+0800][gc,heap      ] GC(14) Humongous regions: 129->129
[2022-04-21T21:27:26.435+0800][gc,metaspace ] GC(14) Metaspace: 41653K->41653K(1087488K)
[2022-04-21T21:27:26.435+0800][gc           ] GC(14) Pause Young (Normal) (G1 Evacuation Pause) 212M->169M(1024M) 32.180ms
[2022-04-21T21:27:26.435+0800][gc,cpu       ] GC(14) User=0.05s Sys=0.03s Real=0.03s
[2022-04-21T21:29:20.258+0800][gc,start     ] GC(15) Pause Young (Normal) (G1 Evacuation Pause)
[2022-04-21T21:29:20.258+0800][gc,task      ] GC(15) Using 8 workers of 8 for evacuation
[2022-04-21T21:29:20.289+0800][gc,mmu       ] GC(15) MMU target violated: 21.0ms (20.0ms/21.0ms)
[2022-04-21T21:29:20.289+0800][gc,phases    ] GC(15)   Pre Evacuate Collection Set: 0.5ms
[2022-04-21T21:29:20.289+0800][gc,phases    ] GC(15)   Evacuate Collection Set: 27.8ms
[2022-04-21T21:29:20.289+0800][gc,phases    ] GC(15)   Post Evacuate Collection Set: 0.5ms
[2022-04-21T21:29:20.289+0800][gc,phases    ] GC(15)   Other: 2.8ms
[2022-04-21T21:29:20.289+0800][gc,heap      ] GC(15) Eden regions: 44->0(47)
[2022-04-21T21:29:20.289+0800][gc,heap      ] GC(15) Survivor regions: 7->4(7)
[2022-04-21T21:29:20.289+0800][gc,heap      ] GC(15) Old regions: 33->38
[2022-04-21T21:29:20.289+0800][gc,heap      ] GC(15) Archive regions: 2->2
[2022-04-21T21:29:20.289+0800][gc,heap      ] GC(15) Humongous regions: 129->129
[2022-04-21T21:29:20.289+0800][gc,metaspace ] GC(15) Metaspace: 41671K->41671K(1087488K)
[2022-04-21T21:29:20.289+0800][gc           ] GC(15) Pause Young (Normal) (G1 Evacuation Pause) 213M->171M(1024M) 31.746ms
[2022-04-21T21:29:20.289+0800][gc,cpu       ] GC(15) User=0.06s Sys=0.03s Real=0.03s
[2022-04-21T21:31:23.976+0800][gc,start     ] GC(16) Pause Young (Normal) (G1 Evacuation Pause)
[2022-04-21T21:31:23.978+0800][gc,task      ] GC(16) Using 8 workers of 8 for evacuation
[2022-04-21T21:31:24.006+0800][gc,mmu       ] GC(16) MMU target violated: 21.0ms (20.0ms/21.0ms)
[2022-04-21T21:31:24.006+0800][gc,phases    ] GC(16)   Pre Evacuate Collection Set: 0.3ms
[2022-04-21T21:31:24.006+0800][gc,phases    ] GC(16)   Evacuate Collection Set: 23.6ms
[2022-04-21T21:31:24.006+0800][gc,phases    ] GC(16)   Post Evacuate Collection Set: 0.8ms
[2022-04-21T21:31:24.006+0800][gc,phases    ] GC(16)   Other: 6.5ms
[2022-04-21T21:31:24.006+0800][gc,heap      ] GC(16) Eden regions: 47->0(44)
[2022-04-21T21:31:24.006+0800][gc,heap      ] GC(16) Survivor regions: 4->7(7)
[2022-04-21T21:31:24.006+0800][gc,heap      ] GC(16) Old regions: 38->38
[2022-04-21T21:31:24.006+0800][gc,heap      ] GC(16) Archive regions: 2->2
[2022-04-21T21:31:24.006+0800][gc,heap      ] GC(16) Humongous regions: 129->129
[2022-04-21T21:31:24.006+0800][gc,metaspace ] GC(16) Metaspace: 41689K->41689K(1087488K)
[2022-04-21T21:31:24.006+0800][gc           ] GC(16) Pause Young (Normal) (G1 Evacuation Pause) 218M->174M(1024M) 30.495ms
[2022-04-21T21:31:24.007+0800][gc,cpu       ] GC(16) User=0.06s Sys=0.05s Real=0.03s
[2022-04-21T21:54:20.013+0800][gc,start     ] GC(17) Pause Young (Normal) (G1 Evacuation Pause)
[2022-04-21T21:54:20.014+0800][gc,task      ] GC(17) Using 8 workers of 8 for evacuation
[2022-04-21T21:54:20.058+0800][gc,mmu       ] GC(17) MMU target violated: 21.0ms (20.0ms/21.0ms)
[2022-04-21T21:54:20.058+0800][gc,phases    ] GC(17)   Pre Evacuate Collection Set: 0.3ms
[2022-04-21T21:54:20.058+0800][gc,phases    ] GC(17)   Evacuate Collection Set: 39.2ms
[2022-04-21T21:54:20.058+0800][gc,phases    ] GC(17)   Post Evacuate Collection Set: 1.2ms
[2022-04-21T21:54:20.058+0800][gc,phases    ] GC(17)   Other: 5.0ms
[2022-04-21T21:54:20.058+0800][gc,heap      ] GC(17) Eden regions: 44->0(47)
[2022-04-21T21:54:20.058+0800][gc,heap      ] GC(17) Survivor regions: 7->4(7)
[2022-04-21T21:54:20.058+0800][gc,heap      ] GC(17) Old regions: 38->44
[2022-04-21T21:54:20.058+0800][gc,heap      ] GC(17) Archive regions: 2->2
[2022-04-21T21:54:20.058+0800][gc,heap      ] GC(17) Humongous regions: 129->129
[2022-04-21T21:54:20.058+0800][gc,metaspace ] GC(17) Metaspace: 42549K->42549K(1087488K)
[2022-04-21T21:54:20.058+0800][gc           ] GC(17) Pause Young (Normal) (G1 Evacuation Pause) 218M->176M(1024M) 45.202ms
[2022-04-21T21:54:20.058+0800][gc,cpu       ] GC(17) User=0.06s Sys=0.10s Real=0.04s
[2022-04-21T21:58:38.188+0800][gc,start     ] GC(18) Pause Young (Normal) (G1 Evacuation Pause)
[2022-04-21T21:58:38.189+0800][gc,task      ] GC(18) Using 8 workers of 8 for evacuation
[2022-04-21T21:58:38.237+0800][gc,mmu       ] GC(18) MMU target violated: 21.0ms (20.0ms/21.0ms)
[2022-04-21T21:58:38.237+0800][gc,phases    ] GC(18)   Pre Evacuate Collection Set: 0.2ms
[2022-04-21T21:58:38.237+0800][gc,phases    ] GC(18)   Evacuate Collection Set: 43.5ms
[2022-04-21T21:58:38.237+0800][gc,phases    ] GC(18)   Post Evacuate Collection Set: 1.8ms
[2022-04-21T21:58:38.237+0800][gc,phases    ] GC(18)   Other: 4.2ms
[2022-04-21T21:58:38.237+0800][gc,heap      ] GC(18) Eden regions: 47->0(44)
[2022-04-21T21:58:38.237+0800][gc,heap      ] GC(18) Survivor regions: 4->7(7)
[2022-04-21T21:58:38.237+0800][gc,heap      ] GC(18) Old regions: 44->45
[2022-04-21T21:58:38.237+0800][gc,heap      ] GC(18) Archive regions: 2->2
[2022-04-21T21:58:38.237+0800][gc,heap      ] GC(18) Humongous regions: 129->129
[2022-04-21T21:58:38.237+0800][gc,metaspace ] GC(18) Metaspace: 42804K->42804K(1087488K)
[2022-04-21T21:58:38.237+0800][gc           ] GC(18) Pause Young (Normal) (G1 Evacuation Pause) 223M->181M(1024M) 49.307ms
[2022-04-21T21:58:38.237+0800][gc,cpu       ] GC(18) User=0.06s Sys=0.05s Real=0.05s
[2022-04-21T22:01:18.448+0800][gc,start     ] GC(19) Pause Young (Normal) (G1 Evacuation Pause)
[2022-04-21T22:01:18.458+0800][gc,task      ] GC(19) Using 8 workers of 8 for evacuation
[2022-04-21T22:01:18.507+0800][gc,mmu       ] GC(19) MMU target violated: 21.0ms (20.0ms/21.0ms)
[2022-04-21T22:01:18.507+0800][gc,phases    ] GC(19)   Pre Evacuate Collection Set: 1.0ms
[2022-04-21T22:01:18.507+0800][gc,phases    ] GC(19)   Evacuate Collection Set: 44.4ms
[2022-04-21T22:01:18.507+0800][gc,phases    ] GC(19)   Post Evacuate Collection Set: 2.4ms
[2022-04-21T22:01:18.507+0800][gc,phases    ] GC(19)   Other: 10.6ms
[2022-04-21T22:01:18.507+0800][gc,heap      ] GC(19) Eden regions: 44->0(45)
[2022-04-21T22:01:18.507+0800][gc,heap      ] GC(19) Survivor regions: 7->6(7)
[2022-04-21T22:01:18.507+0800][gc,heap      ] GC(19) Old regions: 45->51
[2022-04-21T22:01:18.507+0800][gc,heap      ] GC(19) Archive regions: 2->2
[2022-04-21T22:01:18.507+0800][gc,heap      ] GC(19) Humongous regions: 129->129
[2022-04-21T22:01:18.507+0800][gc,metaspace ] GC(19) Metaspace: 42808K->42808K(1087488K)
[2022-04-21T22:01:18.507+0800][gc           ] GC(19) Pause Young (Normal) (G1 Evacuation Pause) 225M->185M(1024M) 58.434ms
[2022-04-21T22:01:18.507+0800][gc,cpu       ] GC(19) User=0.07s Sys=0.05s Real=0.06s
[2022-04-21T22:04:03.302+0800][gc,start     ] GC(20) Pause Young (Normal) (G1 Evacuation Pause)
[2022-04-21T22:04:03.303+0800][gc,task      ] GC(20) Using 8 workers of 8 for evacuation
[2022-04-21T22:04:03.333+0800][gc,mmu       ] GC(20) MMU target violated: 21.0ms (20.0ms/21.0ms)
[2022-04-21T22:04:03.333+0800][gc,phases    ] GC(20)   Pre Evacuate Collection Set: 0.2ms
[2022-04-21T22:04:03.333+0800][gc,phases    ] GC(20)   Evacuate Collection Set: 27.3ms
[2022-04-21T22:04:03.333+0800][gc,phases    ] GC(20)   Post Evacuate Collection Set: 2.1ms
[2022-04-21T22:04:03.333+0800][gc,phases    ] GC(20)   Other: 2.0ms
[2022-04-21T22:04:03.333+0800][gc,heap      ] GC(20) Eden regions: 45->0(45)
[2022-04-21T22:04:03.333+0800][gc,heap      ] GC(20) Survivor regions: 6->6(7)
[2022-04-21T22:04:03.333+0800][gc,heap      ] GC(20) Old regions: 51->55
[2022-04-21T22:04:03.333+0800][gc,heap      ] GC(20) Archive regions: 2->2
[2022-04-21T22:04:03.333+0800][gc,heap      ] GC(20) Humongous regions: 129->129
[2022-04-21T22:04:03.333+0800][gc,metaspace ] GC(20) Metaspace: 42820K->42820K(1087488K)
[2022-04-21T22:04:03.333+0800][gc           ] GC(20) Pause Young (Normal) (G1 Evacuation Pause) 230M->190M(1024M) 31.583ms
[2022-04-21T22:04:03.333+0800][gc,cpu       ] GC(20) User=0.06s Sys=0.04s Real=0.03s
[2022-04-21T22:06:47.283+0800][gc,start     ] GC(21) Pause Young (Normal) (G1 Evacuation Pause)
[2022-04-21T22:06:47.285+0800][gc,task      ] GC(21) Using 8 workers of 8 for evacuation
[2022-04-21T22:06:47.320+0800][gc,mmu       ] GC(21) MMU target violated: 21.0ms (20.0ms/21.0ms)
[2022-04-21T22:06:47.320+0800][gc,phases    ] GC(21)   Pre Evacuate Collection Set: 0.3ms
[2022-04-21T22:06:47.320+0800][gc,phases    ] GC(21)   Evacuate Collection Set: 30.1ms
[2022-04-21T22:06:47.320+0800][gc,phases    ] GC(21)   Post Evacuate Collection Set: 1.6ms
[2022-04-21T22:06:47.320+0800][gc,phases    ] GC(21)   Other: 4.7ms
[2022-04-21T22:06:47.320+0800][gc,heap      ] GC(21) Eden regions: 45->0(46)
[2022-04-21T22:06:47.320+0800][gc,heap      ] GC(21) Survivor regions: 6->5(7)
[2022-04-21T22:06:47.320+0800][gc,heap      ] GC(21) Old regions: 55->59
[2022-04-21T22:06:47.320+0800][gc,heap      ] GC(21) Archive regions: 2->2
[2022-04-21T22:06:47.320+0800][gc,heap      ] GC(21) Humongous regions: 129->129
[2022-04-21T22:06:47.320+0800][gc,metaspace ] GC(21) Metaspace: 42841K->42841K(1087488K)
[2022-04-21T22:06:47.320+0800][gc           ] GC(21) Pause Young (Normal) (G1 Evacuation Pause) 235M->193M(1024M) 36.564ms
[2022-04-21T22:06:47.320+0800][gc,cpu       ] GC(21) User=0.05s Sys=0.03s Real=0.04s
[2022-04-21T22:07:20.042+0800][gc,start     ] GC(22) Pause Young (Normal) (G1 Evacuation Pause)
[2022-04-21T22:07:20.043+0800][gc,task      ] GC(22) Using 8 workers of 8 for evacuation
[2022-04-21T22:07:20.064+0800][gc,mmu       ] GC(22) MMU target violated: 20.5ms (20.0ms/21.0ms)
[2022-04-21T22:07:20.064+0800][gc,phases    ] GC(22)   Pre Evacuate Collection Set: 0.3ms
[2022-04-21T22:07:20.064+0800][gc,phases    ] GC(22)   Evacuate Collection Set: 18.5ms
[2022-04-21T22:07:20.064+0800][gc,phases    ] GC(22)   Post Evacuate Collection Set: 1.1ms
[2022-04-21T22:07:20.064+0800][gc,phases    ] GC(22)   Other: 1.9ms
[2022-04-21T22:07:20.064+0800][gc,heap      ] GC(22) Eden regions: 46->0(47)
[2022-04-21T22:07:20.064+0800][gc,heap      ] GC(22) Survivor regions: 5->4(7)
[2022-04-21T22:07:20.064+0800][gc,heap      ] GC(22) Old regions: 59->63
[2022-04-21T22:07:20.064+0800][gc,heap      ] GC(22) Archive regions: 2->2
[2022-04-21T22:07:20.064+0800][gc,heap      ] GC(22) Humongous regions: 129->129
[2022-04-21T22:07:20.064+0800][gc,metaspace ] GC(22) Metaspace: 42925K->42925K(1087488K)
[2022-04-21T22:07:20.064+0800][gc           ] GC(22) Pause Young (Normal) (G1 Evacuation Pause) 239M->196M(1024M) 21.820ms
[2022-04-21T22:07:20.064+0800][gc,cpu       ] GC(22) User=0.06s Sys=0.02s Real=0.02s
[2022-04-21T22:07:37.546+0800][gc,start     ] GC(23) Pause Young (Normal) (G1 Evacuation Pause)
[2022-04-21T22:07:37.548+0800][gc,task      ] GC(23) Using 8 workers of 8 for evacuation
[2022-04-21T22:07:37.567+0800][gc,phases    ] GC(23)   Pre Evacuate Collection Set: 0.1ms
[2022-04-21T22:07:37.567+0800][gc,phases    ] GC(23)   Evacuate Collection Set: 18.5ms
[2022-04-21T22:07:37.567+0800][gc,phases    ] GC(23)   Post Evacuate Collection Set: 0.5ms
[2022-04-21T22:07:37.567+0800][gc,phases    ] GC(23)   Other: 1.5ms
[2022-04-21T22:07:37.567+0800][gc,heap      ] GC(23) Eden regions: 47->0(46)
[2022-04-21T22:07:37.567+0800][gc,heap      ] GC(23) Survivor regions: 4->5(7)
[2022-04-21T22:07:37.567+0800][gc,heap      ] GC(23) Old regions: 63->63
[2022-04-21T22:07:37.567+0800][gc,heap      ] GC(23) Archive regions: 2->2
[2022-04-21T22:07:37.567+0800][gc,heap      ] GC(23) Humongous regions: 129->129
[2022-04-21T22:07:37.567+0800][gc,metaspace ] GC(23) Metaspace: 42926K->42926K(1087488K)
[2022-04-21T22:07:37.567+0800][gc           ] GC(23) Pause Young (Normal) (G1 Evacuation Pause) 243M->197M(1024M) 20.894ms
[2022-04-21T22:07:37.567+0800][gc,cpu       ] GC(23) User=0.03s Sys=0.01s Real=0.02s
[2022-04-21T22:07:58.084+0800][gc,start     ] GC(24) Pause Young (Normal) (G1 Evacuation Pause)
[2022-04-21T22:07:58.085+0800][gc,task      ] GC(24) Using 8 workers of 8 for evacuation
[2022-04-21T22:07:58.100+0800][gc,phases    ] GC(24)   Pre Evacuate Collection Set: 0.2ms
[2022-04-21T22:07:58.100+0800][gc,phases    ] GC(24)   Evacuate Collection Set: 12.9ms
[2022-04-21T22:07:58.100+0800][gc,phases    ] GC(24)   Post Evacuate Collection Set: 0.9ms
[2022-04-21T22:07:58.100+0800][gc,phases    ] GC(24)   Other: 1.8ms
[2022-04-21T22:07:58.100+0800][gc,heap      ] GC(24) Eden regions: 46->0(47)
[2022-04-21T22:07:58.100+0800][gc,heap      ] GC(24) Survivor regions: 5->4(7)
[2022-04-21T22:07:58.100+0800][gc,heap      ] GC(24) Old regions: 63->66
[2022-04-21T22:07:58.100+0800][gc,heap      ] GC(24) Archive regions: 2->2
[2022-04-21T22:07:58.100+0800][gc,heap      ] GC(24) Humongous regions: 129->129
[2022-04-21T22:07:58.100+0800][gc,metaspace ] GC(24) Metaspace: 43000K->43000K(1087488K)
[2022-04-21T22:07:58.100+0800][gc           ] GC(24) Pause Young (Normal) (G1 Evacuation Pause) 243M->199M(1024M) 16.028ms
[2022-04-21T22:07:58.100+0800][gc,cpu       ] GC(24) User=0.04s Sys=0.01s Real=0.02s
[2022-04-21T22:08:15.827+0800][gc,start     ] GC(25) Pause Young (Normal) (G1 Evacuation Pause)
[2022-04-21T22:08:15.828+0800][gc,task      ] GC(25) Using 8 workers of 8 for evacuation
[2022-04-21T22:08:15.841+0800][gc,phases    ] GC(25)   Pre Evacuate Collection Set: 0.4ms
[2022-04-21T22:08:15.841+0800][gc,phases    ] GC(25)   Evacuate Collection Set: 11.6ms
[2022-04-21T22:08:15.841+0800][gc,phases    ] GC(25)   Post Evacuate Collection Set: 0.4ms
[2022-04-21T22:08:15.841+0800][gc,phases    ] GC(25)   Other: 2.0ms
[2022-04-21T22:08:15.841+0800][gc,heap      ] GC(25) Eden regions: 47->0(49)
[2022-04-21T22:08:15.841+0800][gc,heap      ] GC(25) Survivor regions: 4->5(7)
[2022-04-21T22:08:15.841+0800][gc,heap      ] GC(25) Old regions: 66->66
[2022-04-21T22:08:15.841+0800][gc,heap      ] GC(25) Archive regions: 2->2
[2022-04-21T22:08:15.841+0800][gc,heap      ] GC(25) Humongous regions: 129->129
[2022-04-21T22:08:15.841+0800][gc,metaspace ] GC(25) Metaspace: 43000K->43000K(1087488K)
[2022-04-21T22:08:15.841+0800][gc           ] GC(25) Pause Young (Normal) (G1 Evacuation Pause) 246M->199M(1024M) 14.453ms
[2022-04-21T22:08:15.841+0800][gc,cpu       ] GC(25) User=0.04s Sys=0.01s Real=0.02s
[2022-04-21T22:08:34.413+0800][gc,start     ] GC(26) Pause Young (Normal) (G1 Evacuation Pause)
[2022-04-21T22:08:34.413+0800][gc,task      ] GC(26) Using 8 workers of 8 for evacuation
[2022-04-21T22:08:34.437+0800][gc,mmu       ] GC(26) MMU target violated: 21.0ms (20.0ms/21.0ms)
[2022-04-21T22:08:34.437+0800][gc,phases    ] GC(26)   Pre Evacuate Collection Set: 0.2ms
[2022-04-21T22:08:34.437+0800][gc,phases    ] GC(26)   Evacuate Collection Set: 21.9ms
[2022-04-21T22:08:34.437+0800][gc,phases    ] GC(26)   Post Evacuate Collection Set: 0.9ms
[2022-04-21T22:08:34.437+0800][gc,phases    ] GC(26)   Other: 1.2ms
[2022-04-21T22:08:34.437+0800][gc,heap      ] GC(26) Eden regions: 49->0(47)
[2022-04-21T22:08:34.437+0800][gc,heap      ] GC(26) Survivor regions: 5->4(7)
[2022-04-21T22:08:34.437+0800][gc,heap      ] GC(26) Old regions: 66->67
[2022-04-21T22:08:34.437+0800][gc,heap      ] GC(26) Archive regions: 2->2
[2022-04-21T22:08:34.437+0800][gc,heap      ] GC(26) Humongous regions: 129->129
[2022-04-21T22:08:34.437+0800][gc,metaspace ] GC(26) Metaspace: 43003K->43003K(1087488K)
[2022-04-21T22:08:34.437+0800][gc           ] GC(26) Pause Young (Normal) (G1 Evacuation Pause) 248M->200M(1024M) 24.388ms
[2022-04-21T22:08:34.437+0800][gc,cpu       ] GC(26) User=0.04s Sys=0.02s Real=0.02s
[2022-04-21T22:08:52.241+0800][gc,start     ] GC(27) Pause Young (Normal) (G1 Evacuation Pause)
[2022-04-21T22:08:52.242+0800][gc,task      ] GC(27) Using 8 workers of 8 for evacuation
[2022-04-21T22:08:52.258+0800][gc,phases    ] GC(27)   Pre Evacuate Collection Set: 0.3ms
[2022-04-21T22:08:52.258+0800][gc,phases    ] GC(27)   Evacuate Collection Set: 14.4ms
[2022-04-21T22:08:52.258+0800][gc,phases    ] GC(27)   Post Evacuate Collection Set: 0.6ms
[2022-04-21T22:08:52.258+0800][gc,phases    ] GC(27)   Other: 1.9ms
[2022-04-21T22:08:52.258+0800][gc,heap      ] GC(27) Eden regions: 47->0(54)
[2022-04-21T22:08:52.258+0800][gc,heap      ] GC(27) Survivor regions: 4->5(7)
[2022-04-21T22:08:52.258+0800][gc,heap      ] GC(27) Old regions: 67->67
[2022-04-21T22:08:52.258+0800][gc,heap      ] GC(27) Archive regions: 2->2
[2022-04-21T22:08:52.258+0800][gc,heap      ] GC(27) Humongous regions: 129->129
[2022-04-21T22:08:52.258+0800][gc,metaspace ] GC(27) Metaspace: 43008K->43008K(1087488K)
[2022-04-21T22:08:52.258+0800][gc           ] GC(27) Pause Young (Normal) (G1 Evacuation Pause) 247M->200M(1024M) 17.496ms
[2022-04-21T22:08:52.258+0800][gc,cpu       ] GC(27) User=0.04s Sys=0.01s Real=0.01s
[2022-04-21T22:09:10.540+0800][gc,start     ] GC(28) Pause Young (Normal) (G1 Evacuation Pause)
[2022-04-21T22:09:10.541+0800][gc,task      ] GC(28) Using 8 workers of 8 for evacuation
[2022-04-21T22:09:10.557+0800][gc,phases    ] GC(28)   Pre Evacuate Collection Set: 0.4ms
[2022-04-21T22:09:10.557+0800][gc,phases    ] GC(28)   Evacuate Collection Set: 14.1ms
[2022-04-21T22:09:10.557+0800][gc,phases    ] GC(28)   Post Evacuate Collection Set: 0.6ms
[2022-04-21T22:09:10.557+0800][gc,phases    ] GC(28)   Other: 2.2ms
[2022-04-21T22:09:10.557+0800][gc,heap      ] GC(28) Eden regions: 49->0(58)
[2022-04-21T22:09:10.557+0800][gc,heap      ] GC(28) Survivor regions: 5->4(7)
[2022-04-21T22:09:10.557+0800][gc,heap      ] GC(28) Old regions: 67->68
[2022-04-21T22:09:10.558+0800][gc,heap      ] GC(28) Archive regions: 2->2
[2022-04-21T22:09:10.558+0800][gc,heap      ] GC(28) Humongous regions: 129->129
[2022-04-21T22:09:10.558+0800][gc,metaspace ] GC(28) Metaspace: 43011K->43011K(1087488K)
[2022-04-21T22:09:10.558+0800][gc           ] GC(28) Pause Young (Normal) (G1 Evacuation Pause) 249M->201M(1024M) 17.587ms
[2022-04-21T22:09:10.558+0800][gc,cpu       ] GC(28) User=0.04s Sys=0.01s Real=0.01s
[2022-04-21T22:09:32.542+0800][gc,start     ] GC(29) Pause Young (Normal) (G1 Evacuation Pause)
[2022-04-21T22:09:32.542+0800][gc,task      ] GC(29) Using 8 workers of 8 for evacuation
[2022-04-21T22:09:32.557+0800][gc,phases    ] GC(29)   Pre Evacuate Collection Set: 0.2ms
[2022-04-21T22:09:32.557+0800][gc,phases    ] GC(29)   Evacuate Collection Set: 12.1ms
[2022-04-21T22:09:32.557+0800][gc,phases    ] GC(29)   Post Evacuate Collection Set: 0.8ms
[2022-04-21T22:09:32.557+0800][gc,phases    ] GC(29)   Other: 1.9ms
[2022-04-21T22:09:32.557+0800][gc,heap      ] GC(29) Eden regions: 58->0(59)
[2022-04-21T22:09:32.557+0800][gc,heap      ] GC(29) Survivor regions: 4->5(8)
[2022-04-21T22:09:32.557+0800][gc,heap      ] GC(29) Old regions: 68->68
[2022-04-21T22:09:32.557+0800][gc,heap      ] GC(29) Archive regions: 2->2
[2022-04-21T22:09:32.557+0800][gc,heap      ] GC(29) Humongous regions: 129->129
[2022-04-21T22:09:32.557+0800][gc,metaspace ] GC(29) Metaspace: 43013K->43013K(1087488K)
[2022-04-21T22:09:32.557+0800][gc           ] GC(29) Pause Young (Normal) (G1 Evacuation Pause) 259M->201M(1024M) 15.240ms
[2022-04-21T22:09:32.557+0800][gc,cpu       ] GC(29) User=0.04s Sys=0.01s Real=0.01s
[2022-04-21T22:09:54.967+0800][gc,start     ] GC(30) Pause Young (Normal) (G1 Evacuation Pause)
[2022-04-21T22:09:54.968+0800][gc,task      ] GC(30) Using 8 workers of 8 for evacuation
[2022-04-21T22:09:54.993+0800][gc,mmu       ] GC(30) MMU target violated: 21.0ms (20.0ms/21.0ms)
[2022-04-21T22:09:54.993+0800][gc,phases    ] GC(30)   Pre Evacuate Collection Set: 0.4ms
[2022-04-21T22:09:54.993+0800][gc,phases    ] GC(30)   Evacuate Collection Set: 22.5ms
[2022-04-21T22:09:54.993+0800][gc,phases    ] GC(30)   Post Evacuate Collection Set: 0.7ms
[2022-04-21T22:09:54.993+0800][gc,phases    ] GC(30)   Other: 2.9ms
[2022-04-21T22:09:54.993+0800][gc,heap      ] GC(30) Eden regions: 59->0(57)
[2022-04-21T22:09:54.993+0800][gc,heap      ] GC(30) Survivor regions: 5->5(8)
[2022-04-21T22:09:54.993+0800][gc,heap      ] GC(30) Old regions: 68->68
[2022-04-21T22:09:54.993+0800][gc,heap      ] GC(30) Archive regions: 2->2
[2022-04-21T22:09:54.993+0800][gc,heap      ] GC(30) Humongous regions: 129->129
[2022-04-21T22:09:54.993+0800][gc,metaspace ] GC(30) Metaspace: 43015K->43015K(1087488K)
[2022-04-21T22:09:54.993+0800][gc           ] GC(30) Pause Young (Normal) (G1 Evacuation Pause) 260M->201M(1024M) 26.609ms
[2022-04-21T22:09:54.993+0800][gc,cpu       ] GC(30) User=0.04s Sys=0.03s Real=0.03s
[2022-04-21T22:10:16.489+0800][gc,start     ] GC(31) Pause Young (Normal) (G1 Evacuation Pause)
[2022-04-21T22:10:16.490+0800][gc,task      ] GC(31) Using 8 workers of 8 for evacuation
[2022-04-21T22:10:16.502+0800][gc,phases    ] GC(31)   Pre Evacuate Collection Set: 0.2ms
[2022-04-21T22:10:16.502+0800][gc,phases    ] GC(31)   Evacuate Collection Set: 10.5ms
[2022-04-21T22:10:16.502+0800][gc,phases    ] GC(31)   Post Evacuate Collection Set: 0.5ms
[2022-04-21T22:10:16.502+0800][gc,phases    ] GC(31)   Other: 1.4ms
[2022-04-21T22:10:16.502+0800][gc,heap      ] GC(31) Eden regions: 57->0(82)
[2022-04-21T22:10:16.502+0800][gc,heap      ] GC(31) Survivor regions: 5->5(8)
[2022-04-21T22:10:16.502+0800][gc,heap      ] GC(31) Old regions: 68->69
[2022-04-21T22:10:16.502+0800][gc,heap      ] GC(31) Archive regions: 2->2
[2022-04-21T22:10:16.502+0800][gc,heap      ] GC(31) Humongous regions: 129->129
[2022-04-21T22:10:16.502+0800][gc,metaspace ] GC(31) Metaspace: 43015K->43015K(1087488K)
[2022-04-21T22:10:16.502+0800][gc           ] GC(31) Pause Young (Normal) (G1 Evacuation Pause) 258M->202M(1024M) 12.642ms
[2022-04-21T22:10:16.502+0800][gc,cpu       ] GC(31) User=0.03s Sys=0.01s Real=0.02s
[2022-04-21T22:10:42.370+0800][gc,start     ] GC(32) Pause Young (Normal) (G1 Evacuation Pause)
[2022-04-21T22:10:42.371+0800][gc,task      ] GC(32) Using 8 workers of 8 for evacuation
[2022-04-21T22:10:42.390+0800][gc,phases    ] GC(32)   Pre Evacuate Collection Set: 0.1ms
[2022-04-21T22:10:42.391+0800][gc,phases    ] GC(32)   Evacuate Collection Set: 18.4ms
[2022-04-21T22:10:42.391+0800][gc,phases    ] GC(32)   Post Evacuate Collection Set: 0.9ms
[2022-04-21T22:10:42.391+0800][gc,phases    ] GC(32)   Other: 1.0ms
[2022-04-21T22:10:42.391+0800][gc,heap      ] GC(32) Eden regions: 68->0(160)
[2022-04-21T22:10:42.391+0800][gc,heap      ] GC(32) Survivor regions: 5->6(10)
[2022-04-21T22:10:42.391+0800][gc,heap      ] GC(32) Old regions: 69->69
[2022-04-21T22:10:42.391+0800][gc,heap      ] GC(32) Archive regions: 2->2
[2022-04-21T22:10:42.391+0800][gc,heap      ] GC(32) Humongous regions: 129->129
[2022-04-21T22:10:42.391+0800][gc,metaspace ] GC(32) Metaspace: 43032K->43032K(1087488K)
[2022-04-21T22:10:42.391+0800][gc           ] GC(32) Pause Young (Normal) (G1 Evacuation Pause) 270M->203M(1024M) 20.591ms
[2022-04-21T22:10:42.391+0800][gc,cpu       ] GC(32) User=0.04s Sys=0.01s Real=0.02s
[2022-04-21T22:11:43.617+0800][gc,start     ] GC(33) Pause Young (Normal) (G1 Evacuation Pause)
[2022-04-21T22:11:43.618+0800][gc,task      ] GC(33) Using 8 workers of 8 for evacuation
[2022-04-21T22:11:43.644+0800][gc,mmu       ] GC(33) MMU target violated: 21.0ms (20.0ms/21.0ms)
[2022-04-21T22:11:43.644+0800][gc,phases    ] GC(33)   Pre Evacuate Collection Set: 0.2ms
[2022-04-21T22:11:43.644+0800][gc,phases    ] GC(33)   Evacuate Collection Set: 22.7ms
[2022-04-21T22:11:43.644+0800][gc,phases    ] GC(33)   Post Evacuate Collection Set: 1.1ms
[2022-04-21T22:11:43.644+0800][gc,phases    ] GC(33)   Other: 2.6ms
[2022-04-21T22:11:43.644+0800][gc,heap      ] GC(33) Eden regions: 160->0(71)
[2022-04-21T22:11:43.644+0800][gc,heap      ] GC(33) Survivor regions: 6->7(21)
[2022-04-21T22:11:43.644+0800][gc,heap      ] GC(33) Old regions: 69->69
[2022-04-21T22:11:43.644+0800][gc,heap      ] GC(33) Archive regions: 2->2
[2022-04-21T22:11:43.644+0800][gc,heap      ] GC(33) Humongous regions: 129->129
[2022-04-21T22:11:43.644+0800][gc,metaspace ] GC(33) Metaspace: 43033K->43033K(1087488K)
[2022-04-21T22:11:43.644+0800][gc           ] GC(33) Pause Young (Normal) (G1 Evacuation Pause) 363M->204M(1024M) 26.527ms
[2022-04-21T22:11:43.644+0800][gc,cpu       ] GC(33) User=0.03s Sys=0.03s Real=0.03s
[2022-04-21T22:12:00.185+0800][gc,start     ] GC(34) Pause Young (Normal) (G1 Evacuation Pause)
[2022-04-21T22:12:00.186+0800][gc,task      ] GC(34) Using 8 workers of 8 for evacuation
[2022-04-21T22:12:00.208+0800][gc,mmu       ] GC(34) MMU target violated: 21.0ms (20.0ms/21.0ms)
[2022-04-21T22:12:00.208+0800][gc,phases    ] GC(34)   Pre Evacuate Collection Set: 0.1ms
[2022-04-21T22:12:00.208+0800][gc,phases    ] GC(34)   Evacuate Collection Set: 21.7ms
[2022-04-21T22:12:00.208+0800][gc,phases    ] GC(34)   Post Evacuate Collection Set: 0.2ms
[2022-04-21T22:12:00.208+0800][gc,phases    ] GC(34)   Other: 0.9ms
[2022-04-21T22:12:00.208+0800][gc,heap      ] GC(34) Eden regions: 44->0(45)
[2022-04-21T22:12:00.208+0800][gc,heap      ] GC(34) Survivor regions: 7->6(7)
[2022-04-21T22:12:00.208+0800][gc,heap      ] GC(34) Old regions: 69->71
[2022-04-21T22:12:00.208+0800][gc,heap      ] GC(34) Archive regions: 2->2
[2022-04-21T22:12:00.208+0800][gc,heap      ] GC(34) Humongous regions: 129->129
[2022-04-21T22:12:00.208+0800][gc,metaspace ] GC(34) Metaspace: 43034K->43034K(1087488K)
[2022-04-21T22:12:00.208+0800][gc           ] GC(34) Pause Young (Normal) (G1 Evacuation Pause) 248M->206M(1024M) 23.226ms
[2022-04-21T22:12:00.208+0800][gc,cpu       ] GC(34) User=0.04s Sys=0.02s Real=0.02s
[2022-04-21T22:12:20.409+0800][gc,start     ] GC(35) Pause Young (Normal) (G1 Evacuation Pause)
[2022-04-21T22:12:20.409+0800][gc,task      ] GC(35) Using 8 workers of 8 for evacuation
[2022-04-21T22:12:20.433+0800][gc,mmu       ] GC(35) MMU target violated: 21.0ms (20.0ms/21.0ms)
[2022-04-21T22:12:20.433+0800][gc,phases    ] GC(35)   Pre Evacuate Collection Set: 0.2ms
[2022-04-21T22:12:20.433+0800][gc,phases    ] GC(35)   Evacuate Collection Set: 22.4ms
[2022-04-21T22:12:20.433+0800][gc,phases    ] GC(35)   Post Evacuate Collection Set: 0.9ms
[2022-04-21T22:12:20.433+0800][gc,phases    ] GC(35)   Other: 1.2ms
[2022-04-21T22:12:20.433+0800][gc,heap      ] GC(35) Eden regions: 45->0(47)
[2022-04-21T22:12:20.433+0800][gc,heap      ] GC(35) Survivor regions: 6->4(7)
[2022-04-21T22:12:20.433+0800][gc,heap      ] GC(35) Old regions: 71->73
[2022-04-21T22:12:20.433+0800][gc,heap      ] GC(35) Archive regions: 2->2
[2022-04-21T22:12:20.433+0800][gc,heap      ] GC(35) Humongous regions: 129->129
[2022-04-21T22:12:20.433+0800][gc,metaspace ] GC(35) Metaspace: 43035K->43035K(1087488K)
[2022-04-21T22:12:20.433+0800][gc           ] GC(35) Pause Young (Normal) (G1 Evacuation Pause) 251M->205M(1024M) 24.715ms
[2022-04-21T22:12:20.434+0800][gc,cpu       ] GC(35) User=0.04s Sys=0.02s Real=0.03s
[2022-04-21T22:12:39.737+0800][gc,start     ] GC(36) Pause Young (Normal) (G1 Evacuation Pause)
[2022-04-21T22:12:39.739+0800][gc,task      ] GC(36) Using 8 workers of 8 for evacuation
[2022-04-21T22:12:39.756+0800][gc,phases    ] GC(36)   Pre Evacuate Collection Set: 0.3ms
[2022-04-21T22:12:39.756+0800][gc,phases    ] GC(36)   Evacuate Collection Set: 13.7ms
[2022-04-21T22:12:39.756+0800][gc,phases    ] GC(36)   Post Evacuate Collection Set: 2.1ms
[2022-04-21T22:12:39.759+0800][gc,phases    ] GC(36)   Other: 2.8ms
[2022-04-21T22:12:39.759+0800][gc,heap      ] GC(36) Eden regions: 47->0(49)
[2022-04-21T22:12:39.759+0800][gc,heap      ] GC(36) Survivor regions: 4->4(7)
[2022-04-21T22:12:39.759+0800][gc,heap      ] GC(36) Old regions: 73->73
[2022-04-21T22:12:39.759+0800][gc,heap      ] GC(36) Archive regions: 2->2
[2022-04-21T22:12:39.759+0800][gc,heap      ] GC(36) Humongous regions: 129->129
[2022-04-21T22:12:39.759+0800][gc,metaspace ] GC(36) Metaspace: 43039K->43039K(1087488K)
[2022-04-21T22:12:39.760+0800][gc           ] GC(36) Pause Young (Normal) (G1 Evacuation Pause) 252M->205M(1024M) 22.099ms
[2022-04-21T22:12:39.760+0800][gc,cpu       ] GC(36) User=0.04s Sys=0.01s Real=0.03s
[2022-04-21T22:12:57.555+0800][gc,start     ] GC(37) Pause Young (Normal) (G1 Evacuation Pause)
[2022-04-21T22:12:57.556+0800][gc,task      ] GC(37) Using 8 workers of 8 for evacuation
[2022-04-21T22:12:57.569+0800][gc,phases    ] GC(37)   Pre Evacuate Collection Set: 0.3ms
[2022-04-21T22:12:57.569+0800][gc,phases    ] GC(37)   Evacuate Collection Set: 12.0ms
[2022-04-21T22:12:57.569+0800][gc,phases    ] GC(37)   Post Evacuate Collection Set: 0.5ms
[2022-04-21T22:12:57.569+0800][gc,phases    ] GC(37)   Other: 1.4ms
[2022-04-21T22:12:57.569+0800][gc,heap      ] GC(37) Eden regions: 47->0(52)
[2022-04-21T22:12:57.569+0800][gc,heap      ] GC(37) Survivor regions: 4->4(7)
[2022-04-21T22:12:57.569+0800][gc,heap      ] GC(37) Old regions: 73->73
[2022-04-21T22:12:57.570+0800][gc,heap      ] GC(37) Archive regions: 2->2
[2022-04-21T22:12:57.570+0800][gc,heap      ] GC(37) Humongous regions: 129->129
[2022-04-21T22:12:57.570+0800][gc,metaspace ] GC(37) Metaspace: 43043K->43043K(1087488K)
[2022-04-21T22:12:57.570+0800][gc           ] GC(37) Pause Young (Normal) (G1 Evacuation Pause) 252M->206M(1024M) 14.518ms
[2022-04-21T22:12:57.570+0800][gc,cpu       ] GC(37) User=0.03s Sys=0.01s Real=0.02s
[2022-04-21T22:13:16.168+0800][gc,start     ] GC(38) Pause Young (Normal) (G1 Evacuation Pause)
[2022-04-21T22:13:16.168+0800][gc,task      ] GC(38) Using 8 workers of 8 for evacuation
[2022-04-21T22:13:16.178+0800][gc,phases    ] GC(38)   Pre Evacuate Collection Set: 0.1ms
[2022-04-21T22:13:16.178+0800][gc,phases    ] GC(38)   Evacuate Collection Set: 9.3ms
[2022-04-21T22:13:16.178+0800][gc,phases    ] GC(38)   Post Evacuate Collection Set: 0.4ms
[2022-04-21T22:13:16.178+0800][gc,phases    ] GC(38)   Other: 0.7ms
[2022-04-21T22:13:16.178+0800][gc,heap      ] GC(38) Eden regions: 49->0(56)
[2022-04-21T22:13:16.178+0800][gc,heap      ] GC(38) Survivor regions: 4->4(7)
[2022-04-21T22:13:16.178+0800][gc,heap      ] GC(38) Old regions: 73->74
[2022-04-21T22:13:16.178+0800][gc,heap      ] GC(38) Archive regions: 2->2
[2022-04-21T22:13:16.178+0800][gc,heap      ] GC(38) Humongous regions: 129->129
[2022-04-21T22:13:16.178+0800][gc,metaspace ] GC(38) Metaspace: 43044K->43044K(1087488K)
[2022-04-21T22:13:16.178+0800][gc           ] GC(38) Pause Young (Normal) (G1 Evacuation Pause) 255M->206M(1024M) 10.549ms
[2022-04-21T22:13:16.178+0800][gc,cpu       ] GC(38) User=0.03s Sys=0.01s Real=0.01s
[2022-04-21T22:13:37.397+0800][gc,start     ] GC(39) Pause Young (Normal) (G1 Evacuation Pause)
[2022-04-21T22:13:37.398+0800][gc,task      ] GC(39) Using 8 workers of 8 for evacuation
[2022-04-21T22:13:37.411+0800][gc,phases    ] GC(39)   Pre Evacuate Collection Set: 0.2ms
[2022-04-21T22:13:37.411+0800][gc,phases    ] GC(39)   Evacuate Collection Set: 10.8ms
[2022-04-21T22:13:37.411+0800][gc,phases    ] GC(39)   Post Evacuate Collection Set: 1.3ms
[2022-04-21T22:13:37.411+0800][gc,phases    ] GC(39)   Other: 1.2ms
[2022-04-21T22:13:37.411+0800][gc,heap      ] GC(39) Eden regions: 56->0(58)
[2022-04-21T22:13:37.411+0800][gc,heap      ] GC(39) Survivor regions: 4->3(8)
[2022-04-21T22:13:37.411+0800][gc,heap      ] GC(39) Old regions: 74->74
[2022-04-21T22:13:37.411+0800][gc,heap      ] GC(39) Archive regions: 2->2
[2022-04-21T22:13:37.411+0800][gc,heap      ] GC(39) Humongous regions: 129->129
[2022-04-21T22:13:37.411+0800][gc,metaspace ] GC(39) Metaspace: 43045K->43045K(1087488K)
[2022-04-21T22:13:37.411+0800][gc           ] GC(39) Pause Young (Normal) (G1 Evacuation Pause) 262M->206M(1024M) 13.783ms
[2022-04-21T22:13:37.411+0800][gc,cpu       ] GC(39) User=0.03s Sys=0.01s Real=0.02s
[2022-04-21T22:13:59.383+0800][gc,start     ] GC(40) Pause Young (Normal) (G1 Evacuation Pause)
[2022-04-21T22:13:59.384+0800][gc,task      ] GC(40) Using 8 workers of 8 for evacuation
[2022-04-21T22:13:59.398+0800][gc,phases    ] GC(40)   Pre Evacuate Collection Set: 0.3ms
[2022-04-21T22:13:59.399+0800][gc,phases    ] GC(40)   Evacuate Collection Set: 12.8ms
[2022-04-21T22:13:59.399+0800][gc,phases    ] GC(40)   Post Evacuate Collection Set: 0.6ms
[2022-04-21T22:13:59.399+0800][gc,phases    ] GC(40)   Other: 1.8ms
[2022-04-21T22:13:59.399+0800][gc,heap      ] GC(40) Eden regions: 58->0(60)
[2022-04-21T22:13:59.399+0800][gc,heap      ] GC(40) Survivor regions: 3->5(8)
[2022-04-21T22:13:59.399+0800][gc,heap      ] GC(40) Old regions: 74->74
[2022-04-21T22:13:59.399+0800][gc,heap      ] GC(40) Archive regions: 2->2
[2022-04-21T22:13:59.399+0800][gc,heap      ] GC(40) Humongous regions: 129->129
[2022-04-21T22:13:59.399+0800][gc,metaspace ] GC(40) Metaspace: 43045K->43045K(1087488K)
[2022-04-21T22:13:59.399+0800][gc           ] GC(40) Pause Young (Normal) (G1 Evacuation Pause) 264M->208M(1024M) 15.878ms
[2022-04-21T22:13:59.399+0800][gc,cpu       ] GC(40) User=0.04s Sys=0.01s Real=0.01s
[2022-04-21T22:14:22.052+0800][gc,start     ] GC(41) Pause Young (Normal) (G1 Evacuation Pause)
[2022-04-21T22:14:22.052+0800][gc,task      ] GC(41) Using 8 workers of 8 for evacuation
[2022-04-21T22:14:22.085+0800][gc,mmu       ] GC(41) MMU target violated: 21.0ms (20.0ms/21.0ms)
[2022-04-21T22:14:22.085+0800][gc,phases    ] GC(41)   Pre Evacuate Collection Set: 0.3ms
[2022-04-21T22:14:22.085+0800][gc,phases    ] GC(41)   Evacuate Collection Set: 30.4ms
[2022-04-21T22:14:22.085+0800][gc,phases    ] GC(41)   Post Evacuate Collection Set: 0.9ms
[2022-04-21T22:14:22.085+0800][gc,phases    ] GC(41)   Other: 2.1ms
[2022-04-21T22:14:22.085+0800][gc,heap      ] GC(41) Eden regions: 60->0(50)
[2022-04-21T22:14:22.085+0800][gc,heap      ] GC(41) Survivor regions: 5->5(9)
[2022-04-21T22:14:22.085+0800][gc,heap      ] GC(41) Old regions: 74->75
[2022-04-21T22:14:22.085+0800][gc,heap      ] GC(41) Archive regions: 2->2
[2022-04-21T22:14:22.085+0800][gc,heap      ] GC(41) Humongous regions: 129->129
[2022-04-21T22:14:22.085+0800][gc,metaspace ] GC(41) Metaspace: 43046K->43046K(1087488K)
[2022-04-21T22:14:22.085+0800][gc           ] GC(41) Pause Young (Normal) (G1 Evacuation Pause) 268M->208M(1024M) 33.773ms
[2022-04-21T22:14:22.085+0800][gc,cpu       ] GC(41) User=0.05s Sys=0.03s Real=0.03s
[2022-04-21T22:14:40.943+0800][gc,start     ] GC(42) Pause Young (Normal) (G1 Evacuation Pause)
[2022-04-21T22:14:40.945+0800][gc,task      ] GC(42) Using 8 workers of 8 for evacuation
[2022-04-21T22:14:40.961+0800][gc,phases    ] GC(42)   Pre Evacuate Collection Set: 0.2ms
[2022-04-21T22:14:40.961+0800][gc,phases    ] GC(42)   Evacuate Collection Set: 13.8ms
[2022-04-21T22:14:40.961+0800][gc,phases    ] GC(42)   Post Evacuate Collection Set: 1.1ms
[2022-04-21T22:14:40.961+0800][gc,phases    ] GC(42)   Other: 2.4ms
[2022-04-21T22:14:40.961+0800][gc,heap      ] GC(42) Eden regions: 50->0(56)
[2022-04-21T22:14:40.961+0800][gc,heap      ] GC(42) Survivor regions: 5->3(7)
[2022-04-21T22:14:40.961+0800][gc,heap      ] GC(42) Old regions: 75->76
[2022-04-21T22:14:40.961+0800][gc,heap      ] GC(42) Archive regions: 2->2
[2022-04-21T22:14:40.961+0800][gc,heap      ] GC(42) Humongous regions: 129->129
[2022-04-21T22:14:40.961+0800][gc,metaspace ] GC(42) Metaspace: 43046K->43046K(1087488K)
[2022-04-21T22:14:40.961+0800][gc           ] GC(42) Pause Young (Normal) (G1 Evacuation Pause) 258M->208M(1024M) 17.872ms
[2022-04-21T22:14:40.961+0800][gc,cpu       ] GC(42) User=0.04s Sys=0.02s Real=0.02s
[2022-04-21T22:15:02.133+0800][gc,start     ] GC(43) Pause Young (Normal) (G1 Evacuation Pause)
[2022-04-21T22:15:02.133+0800][gc,task      ] GC(43) Using 8 workers of 8 for evacuation
[2022-04-21T22:15:02.147+0800][gc,phases    ] GC(43)   Pre Evacuate Collection Set: 0.2ms
[2022-04-21T22:15:02.147+0800][gc,phases    ] GC(43)   Evacuate Collection Set: 12.2ms
[2022-04-21T22:15:02.147+0800][gc,phases    ] GC(43)   Post Evacuate Collection Set: 0.8ms
[2022-04-21T22:15:02.147+0800][gc,phases    ] GC(43)   Other: 1.1ms
[2022-04-21T22:15:02.147+0800][gc,heap      ] GC(43) Eden regions: 56->0(58)
[2022-04-21T22:15:02.147+0800][gc,heap      ] GC(43) Survivor regions: 3->5(8)
[2022-04-21T22:15:02.147+0800][gc,heap      ] GC(43) Old regions: 76->76
[2022-04-21T22:15:02.147+0800][gc,heap      ] GC(43) Archive regions: 2->2
[2022-04-21T22:15:02.147+0800][gc,heap      ] GC(43) Humongous regions: 129->129
[2022-04-21T22:15:02.147+0800][gc,metaspace ] GC(43) Metaspace: 43046K->43046K(1087488K)
[2022-04-21T22:15:02.147+0800][gc           ] GC(43) Pause Young (Normal) (G1 Evacuation Pause) 264M->209M(1024M) 14.502ms
[2022-04-21T22:15:02.147+0800][gc,cpu       ] GC(43) User=0.03s Sys=0.00s Real=0.01s
[2022-04-21T22:15:24.154+0800][gc,start     ] GC(44) Pause Young (Normal) (G1 Evacuation Pause)
[2022-04-21T22:15:24.155+0800][gc,task      ] GC(44) Using 8 workers of 8 for evacuation
[2022-04-21T22:15:24.173+0800][gc,phases    ] GC(44)   Pre Evacuate Collection Set: 0.2ms
[2022-04-21T22:15:24.173+0800][gc,phases    ] GC(44)   Evacuate Collection Set: 13.8ms
[2022-04-21T22:15:24.173+0800][gc,phases    ] GC(44)   Post Evacuate Collection Set: 3.4ms
[2022-04-21T22:15:24.173+0800][gc,phases    ] GC(44)   Other: 1.5ms
[2022-04-21T22:15:24.173+0800][gc,heap      ] GC(44) Eden regions: 58->0(59)
[2022-04-21T22:15:24.173+0800][gc,heap      ] GC(44) Survivor regions: 5->5(8)
[2022-04-21T22:15:24.173+0800][gc,heap      ] GC(44) Old regions: 76->76
[2022-04-21T22:15:24.173+0800][gc,heap      ] GC(44) Archive regions: 2->2
[2022-04-21T22:15:24.173+0800][gc,heap      ] GC(44) Humongous regions: 129->129
[2022-04-21T22:15:24.173+0800][gc,metaspace ] GC(44) Metaspace: 43046K->43046K(1087488K)
[2022-04-21T22:15:24.173+0800][gc           ] GC(44) Pause Young (Normal) (G1 Evacuation Pause) 267M->209M(1024M) 19.294ms
[2022-04-21T22:15:24.173+0800][gc,cpu       ] GC(44) User=0.03s Sys=0.02s Real=0.02s
[2022-04-21T22:15:46.460+0800][gc,start     ] GC(45) Pause Young (Normal) (G1 Evacuation Pause)
[2022-04-21T22:15:46.460+0800][gc,task      ] GC(45) Using 8 workers of 8 for evacuation
[2022-04-21T22:15:46.478+0800][gc,phases    ] GC(45)   Pre Evacuate Collection Set: 0.4ms
[2022-04-21T22:15:46.478+0800][gc,phases    ] GC(45)   Evacuate Collection Set: 16.1ms
[2022-04-21T22:15:46.478+0800][gc,phases    ] GC(45)   Post Evacuate Collection Set: 0.7ms
[2022-04-21T22:15:46.478+0800][gc,phases    ] GC(45)   Other: 1.3ms
[2022-04-21T22:15:46.478+0800][gc,heap      ] GC(45) Eden regions: 59->0(60)
[2022-04-21T22:15:46.478+0800][gc,heap      ] GC(45) Survivor regions: 5->5(8)
[2022-04-21T22:15:46.478+0800][gc,heap      ] GC(45) Old regions: 76->76
[2022-04-21T22:15:46.478+0800][gc,heap      ] GC(45) Archive regions: 2->2
[2022-04-21T22:15:46.478+0800][gc,heap      ] GC(45) Humongous regions: 129->129
[2022-04-21T22:15:46.478+0800][gc,metaspace ] GC(45) Metaspace: 43046K->43046K(1087488K)
[2022-04-21T22:15:46.478+0800][gc           ] GC(45) Pause Young (Normal) (G1 Evacuation Pause) 268M->210M(1024M) 18.635ms
[2022-04-21T22:15:46.478+0800][gc,cpu       ] GC(45) User=0.05s Sys=0.00s Real=0.01s
[2022-04-21T22:16:08.393+0800][gc,start     ] GC(46) Pause Young (Normal) (G1 Evacuation Pause)
[2022-04-21T22:16:08.394+0800][gc,task      ] GC(46) Using 8 workers of 8 for evacuation
[2022-04-21T22:16:08.412+0800][gc,phases    ] GC(46)   Pre Evacuate Collection Set: 0.2ms
[2022-04-21T22:16:08.412+0800][gc,phases    ] GC(46)   Evacuate Collection Set: 15.6ms
[2022-04-21T22:16:08.412+0800][gc,phases    ] GC(46)   Post Evacuate Collection Set: 1.3ms
[2022-04-21T22:16:08.412+0800][gc,phases    ] GC(46)   Other: 1.5ms
[2022-04-21T22:16:08.412+0800][gc,heap      ] GC(46) Eden regions: 58->0(61)
[2022-04-21T22:16:08.412+0800][gc,heap      ] GC(46) Survivor regions: 5->5(8)
[2022-04-21T22:16:08.412+0800][gc,heap      ] GC(46) Old regions: 76->77
[2022-04-21T22:16:08.412+0800][gc,heap      ] GC(46) Archive regions: 2->2
[2022-04-21T22:16:08.412+0800][gc,heap      ] GC(46) Humongous regions: 129->129
[2022-04-21T22:16:08.412+0800][gc,metaspace ] GC(46) Metaspace: 43046K->43046K(1087488K)
[2022-04-21T22:16:08.412+0800][gc           ] GC(46) Pause Young (Normal) (G1 Evacuation Pause) 268M->210M(1024M) 18.792ms
[2022-04-21T22:16:08.412+0800][gc,cpu       ] GC(46) User=0.04s Sys=0.01s Real=0.02s
[2022-04-21T22:16:30.483+0800][gc,start     ] GC(47) Pause Young (Normal) (G1 Evacuation Pause)
[2022-04-21T22:16:30.484+0800][gc,task      ] GC(47) Using 8 workers of 8 for evacuation
[2022-04-21T22:16:30.518+0800][gc,mmu       ] GC(47) MMU target violated: 21.0ms (20.0ms/21.0ms)
[2022-04-21T22:16:30.518+0800][gc,phases    ] GC(47)   Pre Evacuate Collection Set: 0.5ms
[2022-04-21T22:16:30.518+0800][gc,phases    ] GC(47)   Evacuate Collection Set: 30.5ms
[2022-04-21T22:16:30.518+0800][gc,phases    ] GC(47)   Post Evacuate Collection Set: 1.0ms
[2022-04-21T22:16:30.519+0800][gc,phases    ] GC(47)   Other: 3.2ms
[2022-04-21T22:16:30.519+0800][gc,heap      ] GC(47) Eden regions: 59->0(52)
[2022-04-21T22:16:30.519+0800][gc,heap      ] GC(47) Survivor regions: 5->5(8)
[2022-04-21T22:16:30.519+0800][gc,heap      ] GC(47) Old regions: 77->77
[2022-04-21T22:16:30.519+0800][gc,heap      ] GC(47) Archive regions: 2->2
[2022-04-21T22:16:30.519+0800][gc,heap      ] GC(47) Humongous regions: 129->129
[2022-04-21T22:16:30.519+0800][gc,metaspace ] GC(47) Metaspace: 43050K->43050K(1087488K)
[2022-04-21T22:16:30.519+0800][gc           ] GC(47) Pause Young (Normal) (G1 Evacuation Pause) 269M->210M(1024M) 35.516ms
[2022-04-21T22:16:30.519+0800][gc,cpu       ] GC(47) User=0.03s Sys=0.03s Real=0.03s
[2022-04-21T22:16:47.731+0800][gc,start     ] GC(48) Pause Young (Normal) (G1 Evacuation Pause)
[2022-04-21T22:16:47.731+0800][gc,task      ] GC(48) Using 8 workers of 8 for evacuation
[2022-04-21T22:16:47.751+0800][gc,phases    ] GC(48)   Pre Evacuate Collection Set: 0.1ms
[2022-04-21T22:16:47.751+0800][gc,phases    ] GC(48)   Evacuate Collection Set: 18.3ms
[2022-04-21T22:16:47.751+0800][gc,phases    ] GC(48)   Post Evacuate Collection Set: 0.6ms
[2022-04-21T22:16:47.751+0800][gc,phases    ] GC(48)   Other: 0.8ms
[2022-04-21T22:16:47.751+0800][gc,heap      ] GC(48) Eden regions: 46->0(49)
[2022-04-21T22:16:47.751+0800][gc,heap      ] GC(48) Survivor regions: 5->6(7)
[2022-04-21T22:16:47.751+0800][gc,heap      ] GC(48) Old regions: 77->78
[2022-04-21T22:16:47.751+0800][gc,heap      ] GC(48) Archive regions: 2->2
[2022-04-21T22:16:47.751+0800][gc,heap      ] GC(48) Humongous regions: 129->129
[2022-04-21T22:16:47.751+0800][gc,metaspace ] GC(48) Metaspace: 43050K->43050K(1087488K)
[2022-04-21T22:16:47.751+0800][gc           ] GC(48) Pause Young (Normal) (G1 Evacuation Pause) 256M->212M(1024M) 20.031ms
[2022-04-21T22:16:47.751+0800][gc,cpu       ] GC(48) User=0.04s Sys=0.01s Real=0.02s
[2022-04-21T22:17:04.864+0800][gc,start     ] GC(49) Pause Young (Normal) (G1 Evacuation Pause)
[2022-04-21T22:17:04.865+0800][gc,task      ] GC(49) Using 8 workers of 8 for evacuation
[2022-04-21T22:17:04.888+0800][gc,mmu       ] GC(49) MMU target violated: 21.0ms (20.0ms/21.0ms)
[2022-04-21T22:17:04.889+0800][gc,phases    ] GC(49)   Pre Evacuate Collection Set: 0.2ms
[2022-04-21T22:17:04.889+0800][gc,phases    ] GC(49)   Evacuate Collection Set: 22.4ms
[2022-04-21T22:17:04.889+0800][gc,phases    ] GC(49)   Post Evacuate Collection Set: 0.7ms
[2022-04-21T22:17:04.889+0800][gc,phases    ] GC(49)   Other: 1.2ms
[2022-04-21T22:17:04.889+0800][gc,heap      ] GC(49) Eden regions: 45->0(50)
[2022-04-21T22:17:04.889+0800][gc,heap      ] GC(49) Survivor regions: 6->4(7)
[2022-04-21T22:17:04.889+0800][gc,heap      ] GC(49) Old regions: 78->80
[2022-04-21T22:17:04.889+0800][gc,heap      ] GC(49) Archive regions: 2->2
[2022-04-21T22:17:04.889+0800][gc,heap      ] GC(49) Humongous regions: 129->129
[2022-04-21T22:17:04.889+0800][gc,metaspace ] GC(49) Metaspace: 43051K->43051K(1087488K)
[2022-04-21T22:17:04.889+0800][gc           ] GC(49) Pause Young (Normal) (G1 Evacuation Pause) 257M->212M(1024M) 24.608ms
[2022-04-21T22:17:04.889+0800][gc,cpu       ] GC(49) User=0.04s Sys=0.01s Real=0.02s
[2022-04-21T22:17:22.673+0800][gc,start     ] GC(50) Pause Young (Normal) (G1 Evacuation Pause)
[2022-04-21T22:17:22.673+0800][gc,task      ] GC(50) Using 8 workers of 8 for evacuation
[2022-04-21T22:17:22.690+0800][gc,phases    ] GC(50)   Pre Evacuate Collection Set: 0.2ms
[2022-04-21T22:17:22.690+0800][gc,phases    ] GC(50)   Evacuate Collection Set: 15.0ms
[2022-04-21T22:17:22.690+0800][gc,phases    ] GC(50)   Post Evacuate Collection Set: 1.1ms
[2022-04-21T22:17:22.690+0800][gc,phases    ] GC(50)   Other: 1.3ms
[2022-04-21T22:17:22.690+0800][gc,heap      ] GC(50) Eden regions: 47->0(52)
[2022-04-21T22:17:22.690+0800][gc,heap      ] GC(50) Survivor regions: 4->4(7)
[2022-04-21T22:17:22.690+0800][gc,heap      ] GC(50) Old regions: 80->80
[2022-04-21T22:17:22.690+0800][gc,heap      ] GC(50) Archive regions: 2->2
[2022-04-21T22:17:22.690+0800][gc,heap      ] GC(50) Humongous regions: 129->129
[2022-04-21T22:17:22.690+0800][gc,metaspace ] GC(50) Metaspace: 43052K->43052K(1087488K)
[2022-04-21T22:17:22.690+0800][gc           ] GC(50) Pause Young (Normal) (G1 Evacuation Pause) 259M->212M(1024M) 17.813ms
[2022-04-21T22:17:22.690+0800][gc,cpu       ] GC(50) User=0.05s Sys=0.02s Real=0.02s
[2022-04-21T22:17:40.537+0800][gc,start     ] GC(51) Pause Young (Normal) (G1 Evacuation Pause)
[2022-04-21T22:17:40.538+0800][gc,task      ] GC(51) Using 8 workers of 8 for evacuation
[2022-04-21T22:17:40.557+0800][gc,phases    ] GC(51)   Pre Evacuate Collection Set: 0.3ms
[2022-04-21T22:17:40.557+0800][gc,phases    ] GC(51)   Evacuate Collection Set: 16.4ms
[2022-04-21T22:17:40.557+0800][gc,phases    ] GC(51)   Post Evacuate Collection Set: 1.5ms
[2022-04-21T22:17:40.557+0800][gc,phases    ] GC(51)   Other: 1.7ms
[2022-04-21T22:17:40.557+0800][gc,heap      ] GC(51) Eden regions: 47->0(49)
[2022-04-21T22:17:40.557+0800][gc,heap      ] GC(51) Survivor regions: 4->4(7)
[2022-04-21T22:17:40.557+0800][gc,heap      ] GC(51) Old regions: 80->80
[2022-04-21T22:17:40.557+0800][gc,heap      ] GC(51) Archive regions: 2->2
[2022-04-21T22:17:40.557+0800][gc,heap      ] GC(51) Humongous regions: 129->129
[2022-04-21T22:17:40.557+0800][gc,metaspace ] GC(51) Metaspace: 43052K->43052K(1087488K)
[2022-04-21T22:17:40.557+0800][gc           ] GC(51) Pause Young (Normal) (G1 Evacuation Pause) 259M->212M(1024M) 20.010ms
[2022-04-21T22:17:40.557+0800][gc,cpu       ] GC(51) User=0.05s Sys=0.02s Real=0.02s
[2022-04-21T22:17:58.442+0800][gc,start     ] GC(52) Pause Young (Normal) (G1 Evacuation Pause)
[2022-04-21T22:17:58.443+0800][gc,task      ] GC(52) Using 8 workers of 8 for evacuation
[2022-04-21T22:17:58.461+0800][gc,phases    ] GC(52)   Pre Evacuate Collection Set: 0.2ms
[2022-04-21T22:17:58.461+0800][gc,phases    ] GC(52)   Evacuate Collection Set: 16.4ms
[2022-04-21T22:17:58.461+0800][gc,phases    ] GC(52)   Post Evacuate Collection Set: 0.6ms
[2022-04-21T22:17:58.461+0800][gc,phases    ] GC(52)   Other: 1.5ms
[2022-04-21T22:17:58.461+0800][gc,heap      ] GC(52) Eden regions: 47->0(52)
[2022-04-21T22:17:58.461+0800][gc,heap      ] GC(52) Survivor regions: 4->5(7)
[2022-04-21T22:17:58.461+0800][gc,heap      ] GC(52) Old regions: 80->80
[2022-04-21T22:17:58.461+0800][gc,heap      ] GC(52) Archive regions: 2->2
[2022-04-21T22:17:58.461+0800][gc,heap      ] GC(52) Humongous regions: 129->129
[2022-04-21T22:17:58.461+0800][gc,metaspace ] GC(52) Metaspace: 43058K->43058K(1087488K)
[2022-04-21T22:17:58.461+0800][gc           ] GC(52) Pause Young (Normal) (G1 Evacuation Pause) 259M->213M(1024M) 18.922ms
[2022-04-21T22:17:58.461+0800][gc,cpu       ] GC(52) User=0.04s Sys=0.01s Real=0.02s
[2022-04-21T22:18:18.129+0800][gc,start     ] GC(53) Pause Young (Normal) (G1 Evacuation Pause)
[2022-04-21T22:18:18.130+0800][gc,task      ] GC(53) Using 8 workers of 8 for evacuation
[2022-04-21T22:18:18.148+0800][gc,phases    ] GC(53)   Pre Evacuate Collection Set: 0.3ms
[2022-04-21T22:18:18.148+0800][gc,phases    ] GC(53)   Evacuate Collection Set: 15.8ms
[2022-04-21T22:18:18.148+0800][gc,phases    ] GC(53)   Post Evacuate Collection Set: 1.1ms
[2022-04-21T22:18:18.148+0800][gc,phases    ] GC(53)   Other: 1.9ms
[2022-04-21T22:18:18.148+0800][gc,heap      ] GC(53) Eden regions: 52->0(52)
[2022-04-21T22:18:18.148+0800][gc,heap      ] GC(53) Survivor regions: 5->5(8)
[2022-04-21T22:18:18.148+0800][gc,heap      ] GC(53) Old regions: 80->80
[2022-04-21T22:18:18.148+0800][gc,heap      ] GC(53) Archive regions: 2->2
[2022-04-21T22:18:18.148+0800][gc,heap      ] GC(53) Humongous regions: 129->129
[2022-04-21T22:18:18.148+0800][gc,metaspace ] GC(53) Metaspace: 43058K->43058K(1087488K)
[2022-04-21T22:18:18.148+0800][gc           ] GC(53) Pause Young (Normal) (G1 Evacuation Pause) 265M->214M(1024M) 19.405ms
[2022-04-21T22:18:18.148+0800][gc,cpu       ] GC(53) User=0.04s Sys=0.02s Real=0.02s
[2022-04-21T22:18:37.842+0800][gc,start     ] GC(54) Pause Young (Normal) (G1 Evacuation Pause)
[2022-04-21T22:18:37.842+0800][gc,task      ] GC(54) Using 8 workers of 8 for evacuation
[2022-04-21T22:18:37.878+0800][gc,mmu       ] GC(54) MMU target violated: 21.0ms (20.0ms/21.0ms)
[2022-04-21T22:18:37.879+0800][gc,phases    ] GC(54)   Pre Evacuate Collection Set: 5.1ms
[2022-04-21T22:18:37.879+0800][gc,phases    ] GC(54)   Evacuate Collection Set: 28.9ms
[2022-04-21T22:18:37.879+0800][gc,phases    ] GC(54)   Post Evacuate Collection Set: 1.2ms
[2022-04-21T22:18:37.879+0800][gc,phases    ] GC(54)   Other: 1.9ms
[2022-04-21T22:18:37.879+0800][gc,heap      ] GC(54) Eden regions: 52->0(46)
[2022-04-21T22:18:37.879+0800][gc,heap      ] GC(54) Survivor regions: 5->5(8)
[2022-04-21T22:18:37.879+0800][gc,heap      ] GC(54) Old regions: 80->81
[2022-04-21T22:18:37.879+0800][gc,heap      ] GC(54) Archive regions: 2->2
[2022-04-21T22:18:37.879+0800][gc,heap      ] GC(54) Humongous regions: 129->129
[2022-04-21T22:18:37.879+0800][gc,metaspace ] GC(54) Metaspace: 43060K->43060K(1087488K)
[2022-04-21T22:18:37.879+0800][gc           ] GC(54) Pause Young (Normal) (G1 Evacuation Pause) 266M->215M(1024M) 37.124ms
[2022-04-21T22:18:37.879+0800][gc,cpu       ] GC(54) User=0.04s Sys=0.03s Real=0.03s
[2022-04-21T22:18:55.327+0800][gc,start     ] GC(55) Pause Young (Normal) (G1 Evacuation Pause)
[2022-04-21T22:18:55.328+0800][gc,task      ] GC(55) Using 8 workers of 8 for evacuation
[2022-04-21T22:18:55.341+0800][gc,phases    ] GC(55)   Pre Evacuate Collection Set: 0.1ms
[2022-04-21T22:18:55.342+0800][gc,phases    ] GC(55)   Evacuate Collection Set: 11.8ms
[2022-04-21T22:18:55.342+0800][gc,phases    ] GC(55)   Post Evacuate Collection Set: 1.1ms
[2022-04-21T22:18:55.342+0800][gc,phases    ] GC(55)   Other: 1.4ms
[2022-04-21T22:18:55.342+0800][gc,heap      ] GC(55) Eden regions: 46->0(47)
[2022-04-21T22:18:55.342+0800][gc,heap      ] GC(55) Survivor regions: 5->4(7)
[2022-04-21T22:18:55.342+0800][gc,heap      ] GC(55) Old regions: 81->82
[2022-04-21T22:18:55.342+0800][gc,heap      ] GC(55) Archive regions: 2->2
[2022-04-21T22:18:55.342+0800][gc,heap      ] GC(55) Humongous regions: 129->129
[2022-04-21T22:18:55.342+0800][gc,metaspace ] GC(55) Metaspace: 43063K->43063K(1087488K)
[2022-04-21T22:18:55.342+0800][gc           ] GC(55) Pause Young (Normal) (G1 Evacuation Pause) 261M->215M(1024M) 14.514ms
[2022-04-21T22:18:55.342+0800][gc,cpu       ] GC(55) User=0.04s Sys=0.00s Real=0.02s
[2022-04-21T22:19:13.129+0800][gc,start     ] GC(56) Pause Young (Normal) (G1 Evacuation Pause)
[2022-04-21T22:19:13.131+0800][gc,task      ] GC(56) Using 8 workers of 8 for evacuation
[2022-04-21T22:19:13.143+0800][gc,phases    ] GC(56)   Pre Evacuate Collection Set: 0.2ms
[2022-04-21T22:19:13.143+0800][gc,phases    ] GC(56)   Evacuate Collection Set: 11.7ms
[2022-04-21T22:19:13.143+0800][gc,phases    ] GC(56)   Post Evacuate Collection Set: 0.4ms
[2022-04-21T22:19:13.143+0800][gc,phases    ] GC(56)   Other: 1.6ms
[2022-04-21T22:19:13.143+0800][gc,heap      ] GC(56) Eden regions: 47->0(52)
[2022-04-21T22:19:13.143+0800][gc,heap      ] GC(56) Survivor regions: 4->4(7)
[2022-04-21T22:19:13.143+0800][gc,heap      ] GC(56) Old regions: 82->82
[2022-04-21T22:19:13.143+0800][gc,heap      ] GC(56) Archive regions: 2->2
[2022-04-21T22:19:13.143+0800][gc,heap      ] GC(56) Humongous regions: 129->129
[2022-04-21T22:19:13.143+0800][gc,metaspace ] GC(56) Metaspace: 43063K->43063K(1087488K)
[2022-04-21T22:19:13.143+0800][gc           ] GC(56) Pause Young (Normal) (G1 Evacuation Pause) 262M->215M(1024M) 14.015ms
[2022-04-21T22:19:13.143+0800][gc,cpu       ] GC(56) User=0.05s Sys=0.00s Real=0.02s
[2022-04-21T22:19:32.711+0800][gc,start     ] GC(57) Pause Young (Normal) (G1 Evacuation Pause)
[2022-04-21T22:19:32.712+0800][gc,task      ] GC(57) Using 8 workers of 8 for evacuation
[2022-04-21T22:19:32.730+0800][gc,phases    ] GC(57)   Pre Evacuate Collection Set: 0.4ms
[2022-04-21T22:19:32.730+0800][gc,phases    ] GC(57)   Evacuate Collection Set: 15.9ms
[2022-04-21T22:19:32.730+0800][gc,phases    ] GC(57)   Post Evacuate Collection Set: 0.8ms
[2022-04-21T22:19:32.730+0800][gc,phases    ] GC(57)   Other: 1.8ms
[2022-04-21T22:19:32.730+0800][gc,heap      ] GC(57) Eden regions: 52->0(54)
[2022-04-21T22:19:32.730+0800][gc,heap      ] GC(57) Survivor regions: 4->5(7)
[2022-04-21T22:19:32.730+0800][gc,heap      ] GC(57) Old regions: 82->83
[2022-04-21T22:19:32.730+0800][gc,heap      ] GC(57) Archive regions: 2->2
[2022-04-21T22:19:32.730+0800][gc,heap      ] GC(57) Humongous regions: 129->129
[2022-04-21T22:19:32.730+0800][gc,metaspace ] GC(57) Metaspace: 43063K->43063K(1087488K)
[2022-04-21T22:19:32.730+0800][gc           ] GC(57) Pause Young (Normal) (G1 Evacuation Pause) 267M->216M(1024M) 19.315ms
[2022-04-21T22:19:32.731+0800][gc,cpu       ] GC(57) User=0.06s Sys=0.01s Real=0.02s
[2022-04-21T22:19:53.109+0800][gc,start     ] GC(58) Pause Young (Normal) (G1 Evacuation Pause)
[2022-04-21T22:19:53.110+0800][gc,task      ] GC(58) Using 8 workers of 8 for evacuation
[2022-04-21T22:19:53.137+0800][gc,mmu       ] GC(58) MMU target violated: 21.0ms (20.0ms/21.0ms)
[2022-04-21T22:19:53.137+0800][gc,phases    ] GC(58)   Pre Evacuate Collection Set: 0.4ms
[2022-04-21T22:19:53.137+0800][gc,phases    ] GC(58)   Evacuate Collection Set: 24.5ms
[2022-04-21T22:19:53.137+0800][gc,phases    ] GC(58)   Post Evacuate Collection Set: 1.0ms
[2022-04-21T22:19:53.137+0800][gc,phases    ] GC(58)   Other: 2.2ms
[2022-04-21T22:19:53.137+0800][gc,heap      ] GC(58) Eden regions: 54->0(55)
[2022-04-21T22:19:53.137+0800][gc,heap      ] GC(58) Survivor regions: 5->4(8)
[2022-04-21T22:19:53.137+0800][gc,heap      ] GC(58) Old regions: 83->83
[2022-04-21T22:19:53.137+0800][gc,heap      ] GC(58) Archive regions: 2->2
[2022-04-21T22:19:53.137+0800][gc,heap      ] GC(58) Humongous regions: 129->129
[2022-04-21T22:19:53.137+0800][gc,metaspace ] GC(58) Metaspace: 43069K->43069K(1087488K)
[2022-04-21T22:19:53.137+0800][gc           ] GC(58) Pause Young (Normal) (G1 Evacuation Pause) 270M->216M(1024M) 28.009ms
[2022-04-21T22:19:53.137+0800][gc,cpu       ] GC(58) User=0.04s Sys=0.03s Real=0.03s
[2022-04-21T22:20:13.906+0800][gc,start     ] GC(59) Pause Young (Normal) (G1 Evacuation Pause)
[2022-04-21T22:20:13.908+0800][gc,task      ] GC(59) Using 8 workers of 8 for evacuation
[2022-04-21T22:20:13.920+0800][gc,phases    ] GC(59)   Pre Evacuate Collection Set: 0.3ms
[2022-04-21T22:20:13.921+0800][gc,phases    ] GC(59)   Evacuate Collection Set: 11.5ms
[2022-04-21T22:20:13.921+0800][gc,phases    ] GC(59)   Post Evacuate Collection Set: 0.5ms
[2022-04-21T22:20:13.921+0800][gc,phases    ] GC(59)   Other: 2.0ms
[2022-04-21T22:20:13.921+0800][gc,heap      ] GC(59) Eden regions: 55->0(61)
[2022-04-21T22:20:13.921+0800][gc,heap      ] GC(59) Survivor regions: 4->4(8)
[2022-04-21T22:20:13.921+0800][gc,heap      ] GC(59) Old regions: 83->83
[2022-04-21T22:20:13.921+0800][gc,heap      ] GC(59) Archive regions: 2->2
[2022-04-21T22:20:13.921+0800][gc,heap      ] GC(59) Humongous regions: 129->129
[2022-04-21T22:20:13.921+0800][gc,metaspace ] GC(59) Metaspace: 43069K->43069K(1087488K)
[2022-04-21T22:20:13.921+0800][gc           ] GC(59) Pause Young (Normal) (G1 Evacuation Pause) 271M->216M(1024M) 14.573ms
[2022-04-21T22:20:13.921+0800][gc,cpu       ] GC(59) User=0.04s Sys=0.01s Real=0.02s
[2022-04-21T22:20:37.083+0800][gc,start     ] GC(60) Pause Young (Normal) (G1 Evacuation Pause)
[2022-04-21T22:20:37.084+0800][gc,task      ] GC(60) Using 8 workers of 8 for evacuation
[2022-04-21T22:20:37.108+0800][gc,mmu       ] GC(60) MMU target violated: 21.0ms (20.0ms/21.0ms)
[2022-04-21T22:20:37.108+0800][gc,phases    ] GC(60)   Pre Evacuate Collection Set: 0.2ms
[2022-04-21T22:20:37.108+0800][gc,phases    ] GC(60)   Evacuate Collection Set: 21.6ms
[2022-04-21T22:20:37.108+0800][gc,phases    ] GC(60)   Post Evacuate Collection Set: 1.5ms
[2022-04-21T22:20:37.108+0800][gc,phases    ] GC(60)   Other: 1.4ms
[2022-04-21T22:20:37.108+0800][gc,heap      ] GC(60) Eden regions: 61->0(61)
[2022-04-21T22:20:37.108+0800][gc,heap      ] GC(60) Survivor regions: 4->5(9)
[2022-04-21T22:20:37.108+0800][gc,heap      ] GC(60) Old regions: 83->83
[2022-04-21T22:20:37.108+0800][gc,heap      ] GC(60) Archive regions: 2->2
[2022-04-21T22:20:37.108+0800][gc,heap      ] GC(60) Humongous regions: 129->129
[2022-04-21T22:20:37.108+0800][gc,metaspace ] GC(60) Metaspace: 43070K->43070K(1087488K)
[2022-04-21T22:20:37.108+0800][gc           ] GC(60) Pause Young (Normal) (G1 Evacuation Pause) 277M->216M(1024M) 24.829ms
[2022-04-21T22:20:37.108+0800][gc,cpu       ] GC(60) User=0.04s Sys=0.01s Real=0.02s
[2022-04-21T22:20:59.545+0800][gc,start     ] GC(61) Pause Young (Normal) (G1 Evacuation Pause)
[2022-04-21T22:20:59.546+0800][gc,task      ] GC(61) Using 8 workers of 8 for evacuation
[2022-04-21T22:20:59.558+0800][gc,phases    ] GC(61)   Pre Evacuate Collection Set: 0.3ms
[2022-04-21T22:20:59.558+0800][gc,phases    ] GC(61)   Evacuate Collection Set: 10.6ms
[2022-04-21T22:20:59.558+0800][gc,phases    ] GC(61)   Post Evacuate Collection Set: 0.4ms
[2022-04-21T22:20:59.558+0800][gc,phases    ] GC(61)   Other: 1.3ms
[2022-04-21T22:20:59.558+0800][gc,heap      ] GC(61) Eden regions: 59->0(67)
[2022-04-21T22:20:59.558+0800][gc,heap      ] GC(61) Survivor regions: 5->5(8)
[2022-04-21T22:20:59.558+0800][gc,heap      ] GC(61) Old regions: 83->83
[2022-04-21T22:20:59.558+0800][gc,heap      ] GC(61) Archive regions: 2->2
[2022-04-21T22:20:59.558+0800][gc,heap      ] GC(61) Humongous regions: 129->129
[2022-04-21T22:20:59.558+0800][gc,metaspace ] GC(61) Metaspace: 43070K->43070K(1087488K)
[2022-04-21T22:20:59.558+0800][gc           ] GC(61) Pause Young (Normal) (G1 Evacuation Pause) 275M->216M(1024M) 12.802ms
[2022-04-21T22:20:59.558+0800][gc,cpu       ] GC(61) User=0.04s Sys=0.00s Real=0.01s
[2022-04-21T22:21:24.945+0800][gc,start     ] GC(62) Pause Young (Normal) (G1 Evacuation Pause)
[2022-04-21T22:21:24.946+0800][gc,task      ] GC(62) Using 8 workers of 8 for evacuation
[2022-04-21T22:21:24.974+0800][gc,mmu       ] GC(62) MMU target violated: 21.0ms (20.0ms/21.0ms)
[2022-04-21T22:21:24.974+0800][gc,phases    ] GC(62)   Pre Evacuate Collection Set: 0.2ms
[2022-04-21T22:21:24.974+0800][gc,phases    ] GC(62)   Evacuate Collection Set: 25.0ms
[2022-04-21T22:21:24.974+0800][gc,phases    ] GC(62)   Post Evacuate Collection Set: 2.6ms
[2022-04-21T22:21:24.974+0800][gc,phases    ] GC(62)   Other: 1.4ms
[2022-04-21T22:21:24.974+0800][gc,heap      ] GC(62) Eden regions: 67->0(56)
[2022-04-21T22:21:24.974+0800][gc,heap      ] GC(62) Survivor regions: 5->6(9)
[2022-04-21T22:21:24.974+0800][gc,heap      ] GC(62) Old regions: 83->83
[2022-04-21T22:21:24.974+0800][gc,heap      ] GC(62) Archive regions: 2->2
[2022-04-21T22:21:24.974+0800][gc,heap      ] GC(62) Humongous regions: 129->129
[2022-04-21T22:21:24.974+0800][gc,metaspace ] GC(62) Metaspace: 43071K->43071K(1087488K)
[2022-04-21T22:21:24.974+0800][gc           ] GC(62) Pause Young (Normal) (G1 Evacuation Pause) 283M->218M(1024M) 29.167ms
[2022-04-21T22:21:24.974+0800][gc,cpu       ] GC(62) User=0.04s Sys=0.04s Real=0.03s
[2022-04-21T22:21:46.060+0800][gc,start     ] GC(63) Pause Young (Normal) (G1 Evacuation Pause)
[2022-04-21T22:21:46.061+0800][gc,task      ] GC(63) Using 8 workers of 8 for evacuation
[2022-04-21T22:21:46.082+0800][gc,mmu       ] GC(63) MMU target violated: 21.0ms (20.0ms/21.0ms)
[2022-04-21T22:21:46.082+0800][gc,phases    ] GC(63)   Pre Evacuate Collection Set: 0.2ms
[2022-04-21T22:21:46.082+0800][gc,phases    ] GC(63)   Evacuate Collection Set: 20.1ms
[2022-04-21T22:21:46.082+0800][gc,phases    ] GC(63)   Post Evacuate Collection Set: 0.7ms
[2022-04-21T22:21:46.082+0800][gc,phases    ] GC(63)   Other: 1.1ms
[2022-04-21T22:21:46.082+0800][gc,heap      ] GC(63) Eden regions: 56->0(58)
[2022-04-21T22:21:46.082+0800][gc,heap      ] GC(63) Survivor regions: 6->5(8)
[2022-04-21T22:21:46.082+0800][gc,heap      ] GC(63) Old regions: 83->85
[2022-04-21T22:21:46.082+0800][gc,heap      ] GC(63) Archive regions: 2->2
[2022-04-21T22:21:46.082+0800][gc,heap      ] GC(63) Humongous regions: 129->129
[2022-04-21T22:21:46.082+0800][gc,metaspace ] GC(63) Metaspace: 43071K->43071K(1087488K)
[2022-04-21T22:21:46.083+0800][gc           ] GC(63) Pause Young (Normal) (G1 Evacuation Pause) 274M->218M(1024M) 22.286ms
[2022-04-21T22:21:46.083+0800][gc,cpu       ] GC(63) User=0.05s Sys=0.00s Real=0.02s
[2022-04-21T22:22:08.098+0800][gc,start     ] GC(64) Pause Young (Normal) (G1 Evacuation Pause)
[2022-04-21T22:22:08.099+0800][gc,task      ] GC(64) Using 8 workers of 8 for evacuation
[2022-04-21T22:22:08.122+0800][gc,mmu       ] GC(64) MMU target violated: 21.0ms (20.0ms/21.0ms)
[2022-04-21T22:22:08.123+0800][gc,phases    ] GC(64)   Pre Evacuate Collection Set: 0.3ms
[2022-04-21T22:22:08.123+0800][gc,phases    ] GC(64)   Evacuate Collection Set: 21.3ms
[2022-04-21T22:22:08.123+0800][gc,phases    ] GC(64)   Post Evacuate Collection Set: 0.8ms
[2022-04-21T22:22:08.123+0800][gc,phases    ] GC(64)   Other: 2.5ms
[2022-04-21T22:22:08.123+0800][gc,heap      ] GC(64) Eden regions: 58->0(58)
[2022-04-21T22:22:08.123+0800][gc,heap      ] GC(64) Survivor regions: 5->5(8)
[2022-04-21T22:22:08.123+0800][gc,heap      ] GC(64) Old regions: 85->85
[2022-04-21T22:22:08.123+0800][gc,heap      ] GC(64) Archive regions: 2->2
[2022-04-21T22:22:08.123+0800][gc,heap      ] GC(64) Humongous regions: 129->129
[2022-04-21T22:22:08.123+0800][gc,metaspace ] GC(64) Metaspace: 43075K->43075K(1087488K)
[2022-04-21T22:22:08.123+0800][gc           ] GC(64) Pause Young (Normal) (G1 Evacuation Pause) 276M->218M(1024M) 24.898ms
[2022-04-21T22:22:08.123+0800][gc,cpu       ] GC(64) User=0.03s Sys=0.02s Real=0.03s
[2022-04-21T22:22:29.267+0800][gc,start     ] GC(65) Pause Young (Normal) (G1 Evacuation Pause)
[2022-04-21T22:22:29.267+0800][gc,task      ] GC(65) Using 8 workers of 8 for evacuation
[2022-04-21T22:22:29.298+0800][gc,mmu       ] GC(65) MMU target violated: 21.0ms (20.0ms/21.0ms)
[2022-04-21T22:22:29.299+0800][gc,phases    ] GC(65)   Pre Evacuate Collection Set: 0.1ms
[2022-04-21T22:22:29.299+0800][gc,phases    ] GC(65)   Evacuate Collection Set: 29.4ms
[2022-04-21T22:22:29.299+0800][gc,phases    ] GC(65)   Post Evacuate Collection Set: 1.1ms
[2022-04-21T22:22:29.299+0800][gc,phases    ] GC(65)   Other: 1.2ms
[2022-04-21T22:22:29.299+0800][gc,heap      ] GC(65) Eden regions: 58->0(45)
[2022-04-21T22:22:29.299+0800][gc,heap      ] GC(65) Survivor regions: 5->6(8)
[2022-04-21T22:22:29.299+0800][gc,heap      ] GC(65) Old regions: 85->85
[2022-04-21T22:22:29.299+0800][gc,heap      ] GC(65) Archive regions: 2->2
[2022-04-21T22:22:29.299+0800][gc,heap      ] GC(65) Humongous regions: 129->129
[2022-04-21T22:22:29.299+0800][gc,metaspace ] GC(65) Metaspace: 43076K->43076K(1087488K)
[2022-04-21T22:22:29.299+0800][gc           ] GC(65) Pause Young (Normal) (G1 Evacuation Pause) 276M->220M(1024M) 31.944ms
[2022-04-21T22:22:29.299+0800][gc,cpu       ] GC(65) User=0.04s Sys=0.02s Real=0.03s
[2022-04-21T22:22:45.609+0800][gc,start     ] GC(66) Pause Young (Normal) (G1 Evacuation Pause)
[2022-04-21T22:22:45.610+0800][gc,task      ] GC(66) Using 8 workers of 8 for evacuation
[2022-04-21T22:22:45.625+0800][gc,phases    ] GC(66)   Pre Evacuate Collection Set: 0.2ms
[2022-04-21T22:22:45.625+0800][gc,phases    ] GC(66)   Evacuate Collection Set: 13.8ms
[2022-04-21T22:22:45.625+0800][gc,phases    ] GC(66)   Post Evacuate Collection Set: 0.5ms
[2022-04-21T22:22:45.625+0800][gc,phases    ] GC(66)   Other: 1.7ms
[2022-04-21T22:22:45.625+0800][gc,heap      ] GC(66) Eden regions: 45->0(49)
[2022-04-21T22:22:45.625+0800][gc,heap      ] GC(66) Survivor regions: 6->4(7)
[2022-04-21T22:22:45.625+0800][gc,heap      ] GC(66) Old regions: 85->87
[2022-04-21T22:22:45.625+0800][gc,heap      ] GC(66) Archive regions: 2->2
[2022-04-21T22:22:45.625+0800][gc,heap      ] GC(66) Humongous regions: 129->129
[2022-04-21T22:22:45.625+0800][gc,metaspace ] GC(66) Metaspace: 43076K->43076K(1087488K)
[2022-04-21T22:22:45.625+0800][gc           ] GC(66) Pause Young (Normal) (G1 Evacuation Pause) 265M->220M(1024M) 16.350ms
[2022-04-21T22:22:45.625+0800][gc,cpu       ] GC(66) User=0.05s Sys=0.01s Real=0.02s
[2022-04-21T23:11:54.752+0800][gc,start     ] GC(67) Pause Young (Normal) (G1 Evacuation Pause)
[2022-04-21T23:11:54.755+0800][gc,task      ] GC(67) Using 8 workers of 8 for evacuation
[2022-04-21T23:11:54.893+0800][gc,mmu       ] GC(67) MMU target violated: 21.0ms (20.0ms/21.0ms)
[2022-04-21T23:11:54.893+0800][gc,phases    ] GC(67)   Pre Evacuate Collection Set: 1.7ms
[2022-04-21T23:11:54.893+0800][gc,phases    ] GC(67)   Evacuate Collection Set: 123.9ms
[2022-04-21T23:11:54.893+0800][gc,phases    ] GC(67)   Post Evacuate Collection Set: 4.3ms
[2022-04-21T23:11:54.893+0800][gc,phases    ] GC(67)   Other: 15.3ms
[2022-04-21T23:11:54.893+0800][gc,heap      ] GC(67) Eden regions: 49->0(47)
[2022-04-21T23:11:54.893+0800][gc,heap      ] GC(67) Survivor regions: 4->4(7)
[2022-04-21T23:11:54.893+0800][gc,heap      ] GC(67) Old regions: 87->88
[2022-04-21T23:11:54.893+0800][gc,heap      ] GC(67) Archive regions: 2->2
[2022-04-21T23:11:54.893+0800][gc,heap      ] GC(67) Humongous regions: 129->129
[2022-04-21T23:11:54.894+0800][gc,metaspace ] GC(67) Metaspace: 43157K->43157K(1089536K)
[2022-04-21T23:11:54.894+0800][gc           ] GC(67) Pause Young (Normal) (G1 Evacuation Pause) 269M->221M(1024M) 141.900ms
[2022-04-21T23:11:54.894+0800][gc,cpu       ] GC(67) User=0.02s Sys=0.08s Real=0.14s
[2022-04-22T00:02:56.708+0800][gc,start     ] GC(68) Pause Young (Normal) (G1 Evacuation Pause)
[2022-04-22T00:02:56.713+0800][gc,task      ] GC(68) Using 8 workers of 8 for evacuation
[2022-04-22T00:02:57.007+0800][gc,mmu       ] GC(68) MMU target violated: 21.0ms (20.0ms/21.0ms)
[2022-04-22T00:02:57.011+0800][gc,phases    ] GC(68)   Pre Evacuate Collection Set: 2.3ms
[2022-04-22T00:02:57.011+0800][gc,phases    ] GC(68)   Evacuate Collection Set: 222.7ms
[2022-04-22T00:02:57.011+0800][gc,phases    ] GC(68)   Post Evacuate Collection Set: 55.6ms
[2022-04-22T00:02:57.011+0800][gc,phases    ] GC(68)   Other: 25.5ms
[2022-04-22T00:02:57.014+0800][gc,heap      ] GC(68) Eden regions: 47->0(47)
[2022-04-22T00:02:57.014+0800][gc,heap      ] GC(68) Survivor regions: 4->4(7)
[2022-04-22T00:02:57.014+0800][gc,heap      ] GC(68) Old regions: 88->88
[2022-04-22T00:02:57.014+0800][gc,heap      ] GC(68) Archive regions: 2->2
[2022-04-22T00:02:57.014+0800][gc,heap      ] GC(68) Humongous regions: 129->129
[2022-04-22T00:02:57.016+0800][gc,metaspace ] GC(68) Metaspace: 43224K->43224K(1089536K)
[2022-04-22T00:02:57.019+0800][gc           ] GC(68) Pause Young (Normal) (G1 Evacuation Pause) 268M->220M(1024M) 312.498ms
[2022-04-22T00:02:57.019+0800][gc,cpu       ] GC(68) User=0.04s Sys=0.07s Real=0.31s
[2022-04-22T00:56:05.430+0800][gc,start     ] GC(69) Pause Young (Normal) (G1 Evacuation Pause)
[2022-04-22T00:56:05.436+0800][gc,task      ] GC(69) Using 8 workers of 8 for evacuation
[2022-04-22T00:56:05.672+0800][gc,mmu       ] GC(69) MMU target violated: 21.0ms (20.0ms/21.0ms)
[2022-04-22T00:56:05.675+0800][gc,phases    ] GC(69)   Pre Evacuate Collection Set: 1.6ms
[2022-04-22T00:56:05.675+0800][gc,phases    ] GC(69)   Evacuate Collection Set: 170.3ms
[2022-04-22T00:56:05.675+0800][gc,phases    ] GC(69)   Post Evacuate Collection Set: 54.6ms
[2022-04-22T00:56:05.675+0800][gc,phases    ] GC(69)   Other: 17.2ms
[2022-04-22T00:56:05.678+0800][gc,heap      ] GC(69) Eden regions: 47->0(47)
[2022-04-22T00:56:05.678+0800][gc,heap      ] GC(69) Survivor regions: 4->4(7)
[2022-04-22T00:56:05.678+0800][gc,heap      ] GC(69) Old regions: 88->88
[2022-04-22T00:56:05.678+0800][gc,heap      ] GC(69) Archive regions: 2->2
[2022-04-22T00:56:05.678+0800][gc,heap      ] GC(69) Humongous regions: 129->129
[2022-04-22T00:56:05.679+0800][gc,metaspace ] GC(69) Metaspace: 43278K->43278K(1089536K)
[2022-04-22T00:56:05.682+0800][gc           ] GC(69) Pause Young (Normal) (G1 Evacuation Pause) 267M->220M(1024M) 252.595ms
[2022-04-22T00:56:05.682+0800][gc,cpu       ] GC(69) User=0.02s Sys=0.05s Real=0.25s
[2022-04-22T00:56:56.190+0800][gc,start     ] GC(70) Pause Young (Normal) (G1 Evacuation Pause)
[2022-04-22T00:56:56.191+0800][gc,task      ] GC(70) Using 8 workers of 8 for evacuation
[2022-04-22T00:56:56.271+0800][gc,mmu       ] GC(70) MMU target violated: 21.0ms (20.0ms/21.0ms)
[2022-04-22T00:56:56.271+0800][gc,phases    ] GC(70)   Pre Evacuate Collection Set: 0.7ms
[2022-04-22T00:56:56.271+0800][gc,phases    ] GC(70)   Evacuate Collection Set: 74.4ms
[2022-04-22T00:56:56.271+0800][gc,phases    ] GC(70)   Post Evacuate Collection Set: 3.5ms
[2022-04-22T00:56:56.271+0800][gc,phases    ] GC(70)   Other: 2.0ms
[2022-04-22T00:56:56.271+0800][gc,heap      ] GC(70) Eden regions: 47->0(44)
[2022-04-22T00:56:56.271+0800][gc,heap      ] GC(70) Survivor regions: 4->7(7)
[2022-04-22T00:56:56.271+0800][gc,heap      ] GC(70) Old regions: 88->88
[2022-04-22T00:56:56.271+0800][gc,heap      ] GC(70) Archive regions: 2->2
[2022-04-22T00:56:56.271+0800][gc,heap      ] GC(70) Humongous regions: 129->129
[2022-04-22T00:56:56.271+0800][gc,metaspace ] GC(70) Metaspace: 43292K->43292K(1089536K)
[2022-04-22T00:56:56.271+0800][gc           ] GC(70) Pause Young (Normal) (G1 Evacuation Pause) 267M->223M(1024M) 80.634ms
[2022-04-22T00:56:56.271+0800][gc,cpu       ] GC(70) User=0.06s Sys=0.05s Real=0.08s
[2022-04-22T00:57:12.583+0800][gc,start     ] GC(71) Pause Young (Normal) (G1 Evacuation Pause)
[2022-04-22T00:57:12.583+0800][gc,task      ] GC(71) Using 8 workers of 8 for evacuation
[2022-04-22T00:57:12.600+0800][gc,phases    ] GC(71)   Pre Evacuate Collection Set: 0.1ms
[2022-04-22T00:57:12.601+0800][gc,phases    ] GC(71)   Evacuate Collection Set: 16.0ms
[2022-04-22T00:57:12.601+0800][gc,phases    ] GC(71)   Post Evacuate Collection Set: 0.5ms
[2022-04-22T00:57:12.601+0800][gc,phases    ] GC(71)   Other: 0.7ms
[2022-04-22T00:57:12.601+0800][gc,heap      ] GC(71) Eden regions: 44->0(49)
[2022-04-22T00:57:12.601+0800][gc,heap      ] GC(71) Survivor regions: 7->2(7)
[2022-04-22T00:57:12.601+0800][gc,heap      ] GC(71) Old regions: 88->93
[2022-04-22T00:57:12.601+0800][gc,heap      ] GC(71) Archive regions: 2->2
[2022-04-22T00:57:12.601+0800][gc,heap      ] GC(71) Humongous regions: 129->129
[2022-04-22T00:57:12.601+0800][gc,metaspace ] GC(71) Metaspace: 43292K->43292K(1089536K)
[2022-04-22T00:57:12.601+0800][gc           ] GC(71) Pause Young (Normal) (G1 Evacuation Pause) 267M->223M(1024M) 17.571ms
[2022-04-22T00:57:12.601+0800][gc,cpu       ] GC(71) User=0.05s Sys=0.01s Real=0.02s
[2022-04-22T00:57:31.011+0800][gc,start     ] GC(72) Pause Young (Normal) (G1 Evacuation Pause)
[2022-04-22T00:57:31.012+0800][gc,task      ] GC(72) Using 8 workers of 8 for evacuation
[2022-04-22T00:57:31.034+0800][gc,mmu       ] GC(72) MMU target violated: 21.0ms (20.0ms/21.0ms)
[2022-04-22T00:57:31.034+0800][gc,phases    ] GC(72)   Pre Evacuate Collection Set: 0.3ms
[2022-04-22T00:57:31.034+0800][gc,phases    ] GC(72)   Evacuate Collection Set: 19.0ms
[2022-04-22T00:57:31.034+0800][gc,phases    ] GC(72)   Post Evacuate Collection Set: 1.2ms
[2022-04-22T00:57:31.035+0800][gc,phases    ] GC(72)   Other: 2.9ms
[2022-04-22T00:57:31.035+0800][gc,heap      ] GC(72) Eden regions: 49->0(48)
[2022-04-22T00:57:31.035+0800][gc,heap      ] GC(72) Survivor regions: 2->3(7)
[2022-04-22T00:57:31.035+0800][gc,heap      ] GC(72) Old regions: 93->93
[2022-04-22T00:57:31.035+0800][gc,heap      ] GC(72) Archive regions: 2->2
[2022-04-22T00:57:31.035+0800][gc,heap      ] GC(72) Humongous regions: 129->129
[2022-04-22T00:57:31.035+0800][gc,metaspace ] GC(72) Metaspace: 43292K->43292K(1089536K)
[2022-04-22T00:57:31.035+0800][gc           ] GC(72) Pause Young (Normal) (G1 Evacuation Pause) 272M->224M(1024M) 23.511ms
[2022-04-22T00:57:31.035+0800][gc,cpu       ] GC(72) User=0.02s Sys=0.01s Real=0.02s
[2022-04-22T00:57:49.261+0800][gc,start     ] GC(73) Pause Young (Normal) (G1 Evacuation Pause)
[2022-04-22T00:57:49.263+0800][gc,task      ] GC(73) Using 8 workers of 8 for evacuation
[2022-04-22T00:57:49.277+0800][gc,phases    ] GC(73)   Pre Evacuate Collection Set: 0.3ms
[2022-04-22T00:57:49.277+0800][gc,phases    ] GC(73)   Evacuate Collection Set: 11.6ms
[2022-04-22T00:57:49.277+0800][gc,phases    ] GC(73)   Post Evacuate Collection Set: 1.1ms
[2022-04-22T00:57:49.277+0800][gc,phases    ] GC(73)   Other: 3.6ms
[2022-04-22T00:57:49.277+0800][gc,heap      ] GC(73) Eden regions: 48->0(48)
[2022-04-22T00:57:49.277+0800][gc,heap      ] GC(73) Survivor regions: 3->3(7)
[2022-04-22T00:57:49.277+0800][gc,heap      ] GC(73) Old regions: 93->93
[2022-04-22T00:57:49.277+0800][gc,heap      ] GC(73) Archive regions: 2->2
[2022-04-22T00:57:49.277+0800][gc,heap      ] GC(73) Humongous regions: 129->129
[2022-04-22T00:57:49.277+0800][gc,metaspace ] GC(73) Metaspace: 43292K->43292K(1089536K)
[2022-04-22T00:57:49.277+0800][gc           ] GC(73) Pause Young (Normal) (G1 Evacuation Pause) 272M->224M(1024M) 16.862ms
[2022-04-22T00:57:49.277+0800][gc,cpu       ] GC(73) User=0.03s Sys=0.01s Real=0.01s
[2022-04-22T00:58:10.690+0800][gc,start     ] GC(74) Pause Young (Normal) (G1 Evacuation Pause)
[2022-04-22T00:58:10.696+0800][gc,task      ] GC(74) Using 8 workers of 8 for evacuation
[2022-04-22T00:58:10.730+0800][gc,mmu       ] GC(74) MMU target violated: 21.0ms (20.0ms/21.0ms)
[2022-04-22T00:58:10.730+0800][gc,phases    ] GC(74)   Pre Evacuate Collection Set: 0.3ms
[2022-04-22T00:58:10.730+0800][gc,phases    ] GC(74)   Evacuate Collection Set: 21.6ms
[2022-04-22T00:58:10.730+0800][gc,phases    ] GC(74)   Post Evacuate Collection Set: 4.4ms
[2022-04-22T00:58:10.730+0800][gc,phases    ] GC(74)   Other: 14.5ms
[2022-04-22T00:58:10.730+0800][gc,heap      ] GC(74) Eden regions: 48->0(47)
[2022-04-22T00:58:10.730+0800][gc,heap      ] GC(74) Survivor regions: 3->4(7)
[2022-04-22T00:58:10.730+0800][gc,heap      ] GC(74) Old regions: 93->93
[2022-04-22T00:58:10.730+0800][gc,heap      ] GC(74) Archive regions: 2->2
[2022-04-22T00:58:10.730+0800][gc,heap      ] GC(74) Humongous regions: 129->129
[2022-04-22T00:58:10.730+0800][gc,metaspace ] GC(74) Metaspace: 43292K->43292K(1089536K)
[2022-04-22T00:58:10.730+0800][gc           ] GC(74) Pause Young (Normal) (G1 Evacuation Pause) 272M->225M(1024M) 40.730ms
[2022-04-22T00:58:10.730+0800][gc,cpu       ] GC(74) User=0.03s Sys=0.02s Real=0.04s
[2022-04-22T00:58:28.413+0800][gc,start     ] GC(75) Pause Young (Normal) (G1 Evacuation Pause)
[2022-04-22T00:58:28.413+0800][gc,task      ] GC(75) Using 8 workers of 8 for evacuation
[2022-04-22T00:58:28.438+0800][gc,mmu       ] GC(75) MMU target violated: 21.0ms (20.0ms/21.0ms)
[2022-04-22T00:58:28.438+0800][gc,phases    ] GC(75)   Pre Evacuate Collection Set: 0.2ms
[2022-04-22T00:58:28.438+0800][gc,phases    ] GC(75)   Evacuate Collection Set: 22.4ms
[2022-04-22T00:58:28.438+0800][gc,phases    ] GC(75)   Post Evacuate Collection Set: 1.4ms
[2022-04-22T00:58:28.438+0800][gc,phases    ] GC(75)   Other: 1.5ms
[2022-04-22T00:58:28.438+0800][gc,heap      ] GC(75) Eden regions: 47->0(47)
[2022-04-22T00:58:28.438+0800][gc,heap      ] GC(75) Survivor regions: 4->4(7)
[2022-04-22T00:58:28.438+0800][gc,heap      ] GC(75) Old regions: 93->93
[2022-04-22T00:58:28.438+0800][gc,heap      ] GC(75) Archive regions: 2->2
[2022-04-22T00:58:28.438+0800][gc,heap      ] GC(75) Humongous regions: 129->129
[2022-04-22T00:58:28.438+0800][gc,metaspace ] GC(75) Metaspace: 43292K->43292K(1089536K)
[2022-04-22T00:58:28.438+0800][gc           ] GC(75) Pause Young (Normal) (G1 Evacuation Pause) 272M->225M(1024M) 25.627ms
[2022-04-22T00:58:28.438+0800][gc,cpu       ] GC(75) User=0.02s Sys=0.01s Real=0.02s
[2022-04-22T00:58:45.649+0800][gc,start     ] GC(76) Pause Young (Normal) (G1 Evacuation Pause)
[2022-04-22T00:58:45.650+0800][gc,task      ] GC(76) Using 8 workers of 8 for evacuation
[2022-04-22T00:58:45.672+0800][gc,mmu       ] GC(76) MMU target violated: 21.0ms (20.0ms/21.0ms)
[2022-04-22T00:58:45.672+0800][gc,phases    ] GC(76)   Pre Evacuate Collection Set: 0.2ms
[2022-04-22T00:58:45.672+0800][gc,phases    ] GC(76)   Evacuate Collection Set: 20.5ms
[2022-04-22T00:58:45.672+0800][gc,phases    ] GC(76)   Post Evacuate Collection Set: 0.8ms
[2022-04-22T00:58:45.672+0800][gc,phases    ] GC(76)   Other: 1.3ms
[2022-04-22T00:58:45.672+0800][gc,heap      ] GC(76) Eden regions: 47->0(45)
[2022-04-22T00:58:45.672+0800][gc,heap      ] GC(76) Survivor regions: 4->6(7)
[2022-04-22T00:58:45.672+0800][gc,heap      ] GC(76) Old regions: 93->93
[2022-04-22T00:58:45.672+0800][gc,heap      ] GC(76) Archive regions: 2->2
[2022-04-22T00:58:45.672+0800][gc,heap      ] GC(76) Humongous regions: 129->129
[2022-04-22T00:58:45.672+0800][gc,metaspace ] GC(76) Metaspace: 43293K->43293K(1089536K)
[2022-04-22T00:58:45.672+0800][gc           ] GC(76) Pause Young (Normal) (G1 Evacuation Pause) 272M->227M(1024M) 23.004ms
[2022-04-22T00:58:45.673+0800][gc,cpu       ] GC(76) User=0.03s Sys=0.01s Real=0.03s
[2022-04-22T00:59:02.065+0800][gc,start     ] GC(77) Pause Young (Normal) (G1 Evacuation Pause)
[2022-04-22T00:59:02.065+0800][gc,task      ] GC(77) Using 8 workers of 8 for evacuation
[2022-04-22T00:59:02.080+0800][gc,phases    ] GC(77)   Pre Evacuate Collection Set: 0.2ms
[2022-04-22T00:59:02.080+0800][gc,phases    ] GC(77)   Evacuate Collection Set: 14.1ms
[2022-04-22T00:59:02.080+0800][gc,phases    ] GC(77)   Post Evacuate Collection Set: 0.3ms
[2022-04-22T00:59:02.081+0800][gc,phases    ] GC(77)   Other: 0.6ms
[2022-04-22T00:59:02.081+0800][gc,heap      ] GC(77) Eden regions: 45->0(47)
[2022-04-22T00:59:02.081+0800][gc,heap      ] GC(77) Survivor regions: 6->4(7)
[2022-04-22T00:59:02.081+0800][gc,heap      ] GC(77) Old regions: 93->95
[2022-04-22T00:59:02.081+0800][gc,heap      ] GC(77) Archive regions: 2->2
[2022-04-22T00:59:02.081+0800][gc,heap      ] GC(77) Humongous regions: 129->129
[2022-04-22T00:59:02.081+0800][gc,metaspace ] GC(77) Metaspace: 43293K->43293K(1089536K)
[2022-04-22T00:59:02.081+0800][gc           ] GC(77) Pause Young (Normal) (G1 Evacuation Pause) 272M->228M(1024M) 15.288ms
[2022-04-22T00:59:02.081+0800][gc,cpu       ] GC(77) User=0.04s Sys=0.01s Real=0.02s
[2022-04-22T00:59:19.116+0800][gc,start     ] GC(78) Pause Young (Normal) (G1 Evacuation Pause)
[2022-04-22T00:59:19.117+0800][gc,task      ] GC(78) Using 8 workers of 8 for evacuation
[2022-04-22T00:59:19.137+0800][gc,mmu       ] GC(78) MMU target violated: 20.5ms (20.0ms/21.0ms)
[2022-04-22T00:59:19.137+0800][gc,phases    ] GC(78)   Pre Evacuate Collection Set: 0.2ms
[2022-04-22T00:59:19.137+0800][gc,phases    ] GC(78)   Evacuate Collection Set: 18.9ms
[2022-04-22T00:59:19.138+0800][gc,phases    ] GC(78)   Post Evacuate Collection Set: 0.9ms
[2022-04-22T00:59:19.138+0800][gc,phases    ] GC(78)   Other: 1.6ms
[2022-04-22T00:59:19.138+0800][gc,heap      ] GC(78) Eden regions: 47->0(47)
[2022-04-22T00:59:19.138+0800][gc,heap      ] GC(78) Survivor regions: 4->4(7)
[2022-04-22T00:59:19.138+0800][gc,heap      ] GC(78) Old regions: 95->95
[2022-04-22T00:59:19.138+0800][gc,heap      ] GC(78) Archive regions: 2->2
[2022-04-22T00:59:19.138+0800][gc,heap      ] GC(78) Humongous regions: 129->129
[2022-04-22T00:59:19.138+0800][gc,metaspace ] GC(78) Metaspace: 43293K->43293K(1089536K)
[2022-04-22T00:59:19.138+0800][gc           ] GC(78) Pause Young (Normal) (G1 Evacuation Pause) 275M->228M(1024M) 21.734ms
[2022-04-22T00:59:19.138+0800][gc,cpu       ] GC(78) User=0.03s Sys=0.02s Real=0.02s
[2022-04-22T00:59:36.116+0800][gc,start     ] GC(79) Pause Young (Normal) (G1 Evacuation Pause)
[2022-04-22T00:59:36.117+0800][gc,task      ] GC(79) Using 8 workers of 8 for evacuation
[2022-04-22T00:59:36.136+0800][gc,phases    ] GC(79)   Pre Evacuate Collection Set: 0.4ms
[2022-04-22T00:59:36.136+0800][gc,phases    ] GC(79)   Evacuate Collection Set: 15.3ms
[2022-04-22T00:59:36.136+0800][gc,phases    ] GC(79)   Post Evacuate Collection Set: 2.0ms
[2022-04-22T00:59:36.136+0800][gc,phases    ] GC(79)   Other: 2.4ms
[2022-04-22T00:59:36.136+0800][gc,heap      ] GC(79) Eden regions: 47->0(47)
[2022-04-22T00:59:36.136+0800][gc,heap      ] GC(79) Survivor regions: 4->4(7)
[2022-04-22T00:59:36.136+0800][gc,heap      ] GC(79) Old regions: 95->96
[2022-04-22T00:59:36.136+0800][gc,heap      ] GC(79) Archive regions: 2->2
[2022-04-22T00:59:36.136+0800][gc,heap      ] GC(79) Humongous regions: 129->129
[2022-04-22T00:59:36.136+0800][gc,metaspace ] GC(79) Metaspace: 43293K->43293K(1089536K)
[2022-04-22T00:59:36.136+0800][gc           ] GC(79) Pause Young (Normal) (G1 Evacuation Pause) 275M->228M(1024M) 20.277ms
[2022-04-22T00:59:36.136+0800][gc,cpu       ] GC(79) User=0.04s Sys=0.02s Real=0.02s
[2022-04-22T00:59:53.155+0800][gc,start     ] GC(80) Pause Young (Normal) (G1 Evacuation Pause)
[2022-04-22T00:59:53.156+0800][gc,task      ] GC(80) Using 8 workers of 8 for evacuation
[2022-04-22T00:59:53.175+0800][gc,phases    ] GC(80)   Pre Evacuate Collection Set: 0.3ms
[2022-04-22T00:59:53.175+0800][gc,phases    ] GC(80)   Evacuate Collection Set: 17.0ms
[2022-04-22T00:59:53.175+0800][gc,phases    ] GC(80)   Post Evacuate Collection Set: 0.5ms
[2022-04-22T00:59:53.175+0800][gc,phases    ] GC(80)   Other: 2.3ms
[2022-04-22T00:59:53.175+0800][gc,heap      ] GC(80) Eden regions: 47->0(47)
[2022-04-22T00:59:53.175+0800][gc,heap      ] GC(80) Survivor regions: 4->4(7)
[2022-04-22T00:59:53.175+0800][gc,heap      ] GC(80) Old regions: 96->96
[2022-04-22T00:59:53.175+0800][gc,heap      ] GC(80) Archive regions: 2->2
[2022-04-22T00:59:53.175+0800][gc,heap      ] GC(80) Humongous regions: 129->129
[2022-04-22T00:59:53.175+0800][gc,metaspace ] GC(80) Metaspace: 43293K->43293K(1089536K)
[2022-04-22T00:59:53.175+0800][gc           ] GC(80) Pause Young (Normal) (G1 Evacuation Pause) 275M->228M(1024M) 20.342ms
[2022-04-22T00:59:53.175+0800][gc,cpu       ] GC(80) User=0.05s Sys=0.01s Real=0.02s
[2022-04-22T01:00:11.783+0800][gc,start     ] GC(81) Pause Young (Normal) (G1 Evacuation Pause)
[2022-04-22T01:00:11.784+0800][gc,task      ] GC(81) Using 8 workers of 8 for evacuation
[2022-04-22T01:00:11.798+0800][gc,phases    ] GC(81)   Pre Evacuate Collection Set: 0.3ms
[2022-04-22T01:00:11.798+0800][gc,phases    ] GC(81)   Evacuate Collection Set: 12.0ms
[2022-04-22T01:00:11.798+0800][gc,phases    ] GC(81)   Post Evacuate Collection Set: 0.9ms
[2022-04-22T01:00:11.798+0800][gc,phases    ] GC(81)   Other: 2.1ms
[2022-04-22T01:00:11.798+0800][gc,heap      ] GC(81) Eden regions: 47->0(47)
[2022-04-22T01:00:11.798+0800][gc,heap      ] GC(81) Survivor regions: 4->4(7)
[2022-04-22T01:00:11.798+0800][gc,heap      ] GC(81) Old regions: 96->96
[2022-04-22T01:00:11.799+0800][gc,heap      ] GC(81) Archive regions: 2->2
[2022-04-22T01:00:11.799+0800][gc,heap      ] GC(81) Humongous regions: 129->129
[2022-04-22T01:00:11.799+0800][gc,metaspace ] GC(81) Metaspace: 43293K->43293K(1089536K)
[2022-04-22T01:00:11.799+0800][gc           ] GC(81) Pause Young (Normal) (G1 Evacuation Pause) 275M->229M(1024M) 15.699ms
[2022-04-22T01:00:11.799+0800][gc,cpu       ] GC(81) User=0.04s Sys=0.00s Real=0.01s
[2022-04-22T01:00:28.917+0800][gc,start     ] GC(82) Pause Young (Normal) (G1 Evacuation Pause)
[2022-04-22T01:00:28.923+0800][gc,task      ] GC(82) Using 8 workers of 8 for evacuation
[2022-04-22T01:00:28.935+0800][gc,phases    ] GC(82)   Pre Evacuate Collection Set: 0.2ms
[2022-04-22T01:00:28.935+0800][gc,phases    ] GC(82)   Evacuate Collection Set: 10.1ms
[2022-04-22T01:00:28.935+0800][gc,phases    ] GC(82)   Post Evacuate Collection Set: 0.9ms
[2022-04-22T01:00:28.935+0800][gc,phases    ] GC(82)   Other: 6.9ms
[2022-04-22T01:00:28.935+0800][gc,heap      ] GC(82) Eden regions: 47->0(47)
[2022-04-22T01:00:28.935+0800][gc,heap      ] GC(82) Survivor regions: 4->4(7)
[2022-04-22T01:00:28.935+0800][gc,heap      ] GC(82) Old regions: 96->96
[2022-04-22T01:00:28.935+0800][gc,heap      ] GC(82) Archive regions: 2->2
[2022-04-22T01:00:28.935+0800][gc,heap      ] GC(82) Humongous regions: 129->129
[2022-04-22T01:00:28.935+0800][gc,metaspace ] GC(82) Metaspace: 43293K->43293K(1089536K)
[2022-04-22T01:00:28.935+0800][gc           ] GC(82) Pause Young (Normal) (G1 Evacuation Pause) 276M->229M(1024M) 18.185ms
[2022-04-22T01:00:28.935+0800][gc,cpu       ] GC(82) User=0.03s Sys=0.01s Real=0.02s
[2022-04-22T01:00:46.059+0800][gc,start     ] GC(83) Pause Young (Normal) (G1 Evacuation Pause)
[2022-04-22T01:00:46.060+0800][gc,task      ] GC(83) Using 8 workers of 8 for evacuation
[2022-04-22T01:00:46.070+0800][gc,phases    ] GC(83)   Pre Evacuate Collection Set: 0.1ms
[2022-04-22T01:00:46.070+0800][gc,phases    ] GC(83)   Evacuate Collection Set: 9.5ms
[2022-04-22T01:00:46.070+0800][gc,phases    ] GC(83)   Post Evacuate Collection Set: 0.3ms
[2022-04-22T01:00:46.070+0800][gc,phases    ] GC(83)   Other: 0.9ms
[2022-04-22T01:00:46.070+0800][gc,heap      ] GC(83) Eden regions: 47->0(49)
[2022-04-22T01:00:46.070+0800][gc,heap      ] GC(83) Survivor regions: 4->4(7)
[2022-04-22T01:00:46.070+0800][gc,heap      ] GC(83) Old regions: 96->97
[2022-04-22T01:00:46.070+0800][gc,heap      ] GC(83) Archive regions: 2->2
[2022-04-22T01:00:46.070+0800][gc,heap      ] GC(83) Humongous regions: 129->129
[2022-04-22T01:00:46.070+0800][gc,metaspace ] GC(83) Metaspace: 43293K->43293K(1089536K)
[2022-04-22T01:00:46.070+0800][gc           ] GC(83) Pause Young (Normal) (G1 Evacuation Pause) 276M->229M(1024M) 10.900ms
[2022-04-22T01:00:46.070+0800][gc,cpu       ] GC(83) User=0.04s Sys=0.01s Real=0.02s
[2022-04-22T01:01:04.043+0800][gc,start     ] GC(84) Pause Young (Normal) (G1 Evacuation Pause)
[2022-04-22T01:01:04.049+0800][gc,task      ] GC(84) Using 8 workers of 8 for evacuation
[2022-04-22T01:01:04.075+0800][gc,mmu       ] GC(84) MMU target violated: 21.0ms (20.0ms/21.0ms)
[2022-04-22T01:01:04.075+0800][gc,phases    ] GC(84)   Pre Evacuate Collection Set: 0.2ms
[2022-04-22T01:01:04.075+0800][gc,phases    ] GC(84)   Evacuate Collection Set: 20.0ms
[2022-04-22T01:01:04.075+0800][gc,phases    ] GC(84)   Post Evacuate Collection Set: 4.9ms
[2022-04-22T01:01:04.075+0800][gc,phases    ] GC(84)   Other: 6.7ms
[2022-04-22T01:01:04.075+0800][gc,heap      ] GC(84) Eden regions: 49->0(49)
[2022-04-22T01:01:04.075+0800][gc,heap      ] GC(84) Survivor regions: 4->5(7)
[2022-04-22T01:01:04.075+0800][gc,heap      ] GC(84) Old regions: 97->97
[2022-04-22T01:01:04.075+0800][gc,heap      ] GC(84) Archive regions: 2->2
[2022-04-22T01:01:04.075+0800][gc,heap      ] GC(84) Humongous regions: 129->129
[2022-04-22T01:01:04.075+0800][gc,metaspace ] GC(84) Metaspace: 43293K->43293K(1089536K)
[2022-04-22T01:01:04.075+0800][gc           ] GC(84) Pause Young (Normal) (G1 Evacuation Pause) 278M->230M(1024M) 31.732ms
[2022-04-22T01:01:04.075+0800][gc,cpu       ] GC(84) User=0.03s Sys=0.02s Real=0.03s
[2022-04-22T01:01:24.951+0800][gc,start     ] GC(85) Pause Young (Normal) (G1 Evacuation Pause)
[2022-04-22T01:01:24.952+0800][gc,task      ] GC(85) Using 8 workers of 8 for evacuation
[2022-04-22T01:01:24.978+0800][gc,mmu       ] GC(85) MMU target violated: 21.0ms (20.0ms/21.0ms)
[2022-04-22T01:01:24.978+0800][gc,phases    ] GC(85)   Pre Evacuate Collection Set: 0.2ms
[2022-04-22T01:01:24.978+0800][gc,phases    ] GC(85)   Evacuate Collection Set: 23.6ms
[2022-04-22T01:01:24.978+0800][gc,phases    ] GC(85)   Post Evacuate Collection Set: 1.5ms
[2022-04-22T01:01:24.978+0800][gc,phases    ] GC(85)   Other: 1.6ms
[2022-04-22T01:01:24.978+0800][gc,heap      ] GC(85) Eden regions: 49->0(46)
[2022-04-22T01:01:24.978+0800][gc,heap      ] GC(85) Survivor regions: 5->5(7)
[2022-04-22T01:01:24.978+0800][gc,heap      ] GC(85) Old regions: 97->97
[2022-04-22T01:01:24.978+0800][gc,heap      ] GC(85) Archive regions: 2->2
[2022-04-22T01:01:24.978+0800][gc,heap      ] GC(85) Humongous regions: 129->129
[2022-04-22T01:01:24.978+0800][gc,metaspace ] GC(85) Metaspace: 43293K->43293K(1089536K)
[2022-04-22T01:01:24.979+0800][gc           ] GC(85) Pause Young (Normal) (G1 Evacuation Pause) 279M->231M(1024M) 27.006ms
[2022-04-22T01:01:24.979+0800][gc,cpu       ] GC(85) User=0.04s Sys=0.03s Real=0.02s
[2022-04-22T01:01:41.809+0800][gc,start     ] GC(86) Pause Young (Normal) (G1 Evacuation Pause)
[2022-04-22T01:01:41.810+0800][gc,task      ] GC(86) Using 8 workers of 8 for evacuation
[2022-04-22T01:01:41.829+0800][gc,phases    ] GC(86)   Pre Evacuate Collection Set: 0.3ms
[2022-04-22T01:01:41.830+0800][gc,phases    ] GC(86)   Evacuate Collection Set: 17.8ms
[2022-04-22T01:01:41.830+0800][gc,phases    ] GC(86)   Post Evacuate Collection Set: 0.8ms
[2022-04-22T01:01:41.830+0800][gc,phases    ] GC(86)   Other: 1.6ms
[2022-04-22T01:01:41.830+0800][gc,heap      ] GC(86) Eden regions: 46->0(48)
[2022-04-22T01:01:41.830+0800][gc,heap      ] GC(86) Survivor regions: 5->4(7)
[2022-04-22T01:01:41.830+0800][gc,heap      ] GC(86) Old regions: 97->98
[2022-04-22T01:01:41.830+0800][gc,heap      ] GC(86) Archive regions: 2->2
[2022-04-22T01:01:41.830+0800][gc,heap      ] GC(86) Humongous regions: 129->129
[2022-04-22T01:01:41.830+0800][gc,metaspace ] GC(86) Metaspace: 43293K->43293K(1089536K)
[2022-04-22T01:01:41.830+0800][gc           ] GC(86) Pause Young (Normal) (G1 Evacuation Pause) 277M->231M(1024M) 20.825ms
[2022-04-22T01:01:41.830+0800][gc,cpu       ] GC(86) User=0.04s Sys=0.01s Real=0.03s
[2022-04-22T01:01:59.501+0800][gc,start     ] GC(87) Pause Young (Normal) (G1 Evacuation Pause)
[2022-04-22T01:01:59.502+0800][gc,task      ] GC(87) Using 8 workers of 8 for evacuation
[2022-04-22T01:01:59.514+0800][gc,phases    ] GC(87)   Pre Evacuate Collection Set: 0.3ms
[2022-04-22T01:01:59.515+0800][gc,phases    ] GC(87)   Evacuate Collection Set: 10.5ms
[2022-04-22T01:01:59.515+0800][gc,phases    ] GC(87)   Post Evacuate Collection Set: 0.7ms
[2022-04-22T01:01:59.515+0800][gc,phases    ] GC(87)   Other: 2.1ms
[2022-04-22T01:01:59.515+0800][gc,heap      ] GC(87) Eden regions: 48->0(51)
[2022-04-22T01:01:59.515+0800][gc,heap      ] GC(87) Survivor regions: 4->4(7)
[2022-04-22T01:01:59.515+0800][gc,heap      ] GC(87) Old regions: 98->98
[2022-04-22T01:01:59.515+0800][gc,heap      ] GC(87) Archive regions: 2->2
[2022-04-22T01:01:59.515+0800][gc,heap      ] GC(87) Humongous regions: 129->129
[2022-04-22T01:01:59.515+0800][gc,metaspace ] GC(87) Metaspace: 43293K->43293K(1089536K)
[2022-04-22T01:01:59.515+0800][gc           ] GC(87) Pause Young (Normal) (G1 Evacuation Pause) 279M->231M(1024M) 13.896ms
[2022-04-22T01:01:59.515+0800][gc,cpu       ] GC(87) User=0.04s Sys=0.01s Real=0.01s
[2022-04-22T01:02:17.260+0800][gc,start     ] GC(88) Pause Young (Normal) (G1 Evacuation Pause)
[2022-04-22T01:02:17.260+0800][gc,task      ] GC(88) Using 8 workers of 8 for evacuation
[2022-04-22T01:02:17.275+0800][gc,phases    ] GC(88)   Pre Evacuate Collection Set: 0.2ms
[2022-04-22T01:02:17.276+0800][gc,phases    ] GC(88)   Evacuate Collection Set: 13.4ms
[2022-04-22T01:02:17.276+0800][gc,phases    ] GC(88)   Post Evacuate Collection Set: 0.7ms
[2022-04-22T01:02:17.276+0800][gc,phases    ] GC(88)   Other: 1.1ms
[2022-04-22T01:02:17.276+0800][gc,heap      ] GC(88) Eden regions: 49->0(54)
[2022-04-22T01:02:17.276+0800][gc,heap      ] GC(88) Survivor regions: 4->5(7)
[2022-04-22T01:02:17.276+0800][gc,heap      ] GC(88) Old regions: 98->99
[2022-04-22T01:02:17.276+0800][gc,heap      ] GC(88) Archive regions: 2->2
[2022-04-22T01:02:17.276+0800][gc,heap      ] GC(88) Humongous regions: 129->129
[2022-04-22T01:02:17.276+0800][gc,metaspace ] GC(88) Metaspace: 43293K->43293K(1089536K)
[2022-04-22T01:02:17.276+0800][gc           ] GC(88) Pause Young (Normal) (G1 Evacuation Pause) 280M->232M(1024M) 15.744ms
[2022-04-22T01:02:17.276+0800][gc,cpu       ] GC(88) User=0.04s Sys=0.01s Real=0.01s
[2022-04-22T01:02:36.135+0800][gc,start     ] GC(89) Pause Young (Normal) (G1 Evacuation Pause)
[2022-04-22T01:02:36.136+0800][gc,task      ] GC(89) Using 8 workers of 8 for evacuation
[2022-04-22T01:02:36.164+0800][gc,mmu       ] GC(89) MMU target violated: 21.0ms (20.0ms/21.0ms)
[2022-04-22T01:02:36.164+0800][gc,phases    ] GC(89)   Pre Evacuate Collection Set: 0.2ms
[2022-04-22T01:02:36.164+0800][gc,phases    ] GC(89)   Evacuate Collection Set: 26.0ms
[2022-04-22T01:02:36.164+0800][gc,phases    ] GC(89)   Post Evacuate Collection Set: 0.5ms
[2022-04-22T01:02:36.164+0800][gc,phases    ] GC(89)   Other: 1.8ms
[2022-04-22T01:02:36.164+0800][gc,heap      ] GC(89) Eden regions: 52->0(49)
[2022-04-22T01:02:36.164+0800][gc,heap      ] GC(89) Survivor regions: 5->6(8)
[2022-04-22T01:02:36.164+0800][gc,heap      ] GC(89) Old regions: 99->99
[2022-04-22T01:02:36.164+0800][gc,heap      ] GC(89) Archive regions: 2->2
[2022-04-22T01:02:36.164+0800][gc,heap      ] GC(89) Humongous regions: 129->129
[2022-04-22T01:02:36.164+0800][gc,metaspace ] GC(89) Metaspace: 43293K->43293K(1089536K)
[2022-04-22T01:02:36.164+0800][gc           ] GC(89) Pause Young (Normal) (G1 Evacuation Pause) 284M->233M(1024M) 28.737ms
[2022-04-22T01:02:36.164+0800][gc,cpu       ] GC(89) User=0.04s Sys=0.04s Real=0.03s
[2022-04-22T01:02:54.118+0800][gc,start     ] GC(90) Pause Young (Normal) (G1 Evacuation Pause)
[2022-04-22T01:02:54.119+0800][gc,task      ] GC(90) Using 8 workers of 8 for evacuation
[2022-04-22T01:02:54.141+0800][gc,mmu       ] GC(90) MMU target violated: 21.0ms (20.0ms/21.0ms)
[2022-04-22T01:02:54.141+0800][gc,phases    ] GC(90)   Pre Evacuate Collection Set: 0.2ms
[2022-04-22T01:02:54.141+0800][gc,phases    ] GC(90)   Evacuate Collection Set: 19.4ms
[2022-04-22T01:02:54.141+0800][gc,phases    ] GC(90)   Post Evacuate Collection Set: 1.3ms
[2022-04-22T01:02:54.141+0800][gc,phases    ] GC(90)   Other: 1.8ms
[2022-04-22T01:02:54.141+0800][gc,heap      ] GC(90) Eden regions: 49->0(48)
[2022-04-22T01:02:54.141+0800][gc,heap      ] GC(90) Survivor regions: 6->5(7)
[2022-04-22T01:02:54.141+0800][gc,heap      ] GC(90) Old regions: 99->100
[2022-04-22T01:02:54.141+0800][gc,heap      ] GC(90) Archive regions: 2->2
[2022-04-22T01:02:54.141+0800][gc,heap      ] GC(90) Humongous regions: 129->129
[2022-04-22T01:02:54.141+0800][gc,metaspace ] GC(90) Metaspace: 43293K->43293K(1089536K)
[2022-04-22T01:02:54.141+0800][gc           ] GC(90) Pause Young (Normal) (G1 Evacuation Pause) 282M->233M(1024M) 22.789ms
[2022-04-22T01:02:54.141+0800][gc,cpu       ] GC(90) User=0.04s Sys=0.02s Real=0.03s
[2022-04-22T01:03:11.609+0800][gc,start     ] GC(91) Pause Young (Normal) (G1 Evacuation Pause)
[2022-04-22T01:03:11.610+0800][gc,task      ] GC(91) Using 8 workers of 8 for evacuation
[2022-04-22T01:03:11.626+0800][gc,phases    ] GC(91)   Pre Evacuate Collection Set: 0.2ms
[2022-04-22T01:03:11.626+0800][gc,phases    ] GC(91)   Evacuate Collection Set: 14.6ms
[2022-04-22T01:03:11.626+0800][gc,phases    ] GC(91)   Post Evacuate Collection Set: 0.9ms
[2022-04-22T01:03:11.626+0800][gc,phases    ] GC(91)   Other: 1.3ms
[2022-04-22T01:03:11.626+0800][gc,heap      ] GC(91) Eden regions: 48->0(49)
[2022-04-22T01:03:11.626+0800][gc,heap      ] GC(91) Survivor regions: 5->4(7)
[2022-04-22T01:03:11.626+0800][gc,heap      ] GC(91) Old regions: 100->101
[2022-04-22T01:03:11.626+0800][gc,heap      ] GC(91) Archive regions: 2->2
[2022-04-22T01:03:11.627+0800][gc,heap      ] GC(91) Humongous regions: 129->129
[2022-04-22T01:03:11.627+0800][gc,metaspace ] GC(91) Metaspace: 43293K->43293K(1089536K)
[2022-04-22T01:03:11.627+0800][gc           ] GC(91) Pause Young (Normal) (G1 Evacuation Pause) 281M->234M(1024M) 17.310ms
[2022-04-22T01:03:11.627+0800][gc,cpu       ] GC(91) User=0.04s Sys=0.01s Real=0.02s
[2022-04-22T01:03:28.789+0800][gc,start     ] GC(92) Pause Young (Normal) (G1 Evacuation Pause)
[2022-04-22T01:03:28.790+0800][gc,task      ] GC(92) Using 8 workers of 8 for evacuation
[2022-04-22T01:03:28.811+0800][gc,mmu       ] GC(92) MMU target violated: 21.0ms (20.0ms/21.0ms)
[2022-04-22T01:03:28.812+0800][gc,phases    ] GC(92)   Pre Evacuate Collection Set: 0.2ms
[2022-04-22T01:03:28.812+0800][gc,phases    ] GC(92)   Evacuate Collection Set: 20.3ms
[2022-04-22T01:03:28.812+0800][gc,phases    ] GC(92)   Post Evacuate Collection Set: 0.5ms
[2022-04-22T01:03:28.812+0800][gc,phases    ] GC(92)   Other: 1.4ms
[2022-04-22T01:03:28.812+0800][gc,heap      ] GC(92) Eden regions: 47->0(50)
[2022-04-22T01:03:28.812+0800][gc,heap      ] GC(92) Survivor regions: 4->4(7)
[2022-04-22T01:03:28.812+0800][gc,heap      ] GC(92) Old regions: 101->101
[2022-04-22T01:03:28.812+0800][gc,heap      ] GC(92) Archive regions: 2->2
[2022-04-22T01:03:28.812+0800][gc,heap      ] GC(92) Humongous regions: 129->129
[2022-04-22T01:03:28.812+0800][gc,metaspace ] GC(92) Metaspace: 43293K->43293K(1089536K)
[2022-04-22T01:03:28.812+0800][gc           ] GC(92) Pause Young (Normal) (G1 Evacuation Pause) 281M->234M(1024M) 22.400ms
[2022-04-22T01:03:28.812+0800][gc,cpu       ] GC(92) User=0.03s Sys=0.00s Real=0.03s
[2022-04-22T01:03:47.037+0800][gc,start     ] GC(93) Pause Young (Normal) (G1 Evacuation Pause)
[2022-04-22T01:03:47.038+0800][gc,task      ] GC(93) Using 8 workers of 8 for evacuation
[2022-04-22T01:03:47.053+0800][gc,phases    ] GC(93)   Pre Evacuate Collection Set: 0.2ms
[2022-04-22T01:03:47.053+0800][gc,phases    ] GC(93)   Evacuate Collection Set: 13.8ms
[2022-04-22T01:03:47.053+0800][gc,phases    ] GC(93)   Post Evacuate Collection Set: 0.7ms
[2022-04-22T01:03:47.053+0800][gc,phases    ] GC(93)   Other: 1.8ms
[2022-04-22T01:03:47.053+0800][gc,heap      ] GC(93) Eden regions: 48->0(51)
[2022-04-22T01:03:47.053+0800][gc,heap      ] GC(93) Survivor regions: 4->5(7)
[2022-04-22T01:03:47.053+0800][gc,heap      ] GC(93) Old regions: 101->101
[2022-04-22T01:03:47.053+0800][gc,heap      ] GC(93) Archive regions: 2->2
[2022-04-22T01:03:47.053+0800][gc,heap      ] GC(93) Humongous regions: 129->129
[2022-04-22T01:03:47.053+0800][gc,metaspace ] GC(93) Metaspace: 43293K->43293K(1089536K)
[2022-04-22T01:03:47.053+0800][gc           ] GC(93) Pause Young (Normal) (G1 Evacuation Pause) 282M->234M(1024M) 16.692ms
[2022-04-22T01:03:47.053+0800][gc,cpu       ] GC(93) User=0.05s Sys=0.01s Real=0.02s
[2022-04-22T01:04:05.771+0800][gc,start     ] GC(94) Pause Young (Normal) (G1 Evacuation Pause)
[2022-04-22T01:04:05.772+0800][gc,task      ] GC(94) Using 8 workers of 8 for evacuation
[2022-04-22T01:04:05.788+0800][gc,phases    ] GC(94)   Pre Evacuate Collection Set: 0.1ms
[2022-04-22T01:04:05.788+0800][gc,phases    ] GC(94)   Evacuate Collection Set: 14.5ms
[2022-04-22T01:04:05.788+0800][gc,phases    ] GC(94)   Post Evacuate Collection Set: 0.7ms
[2022-04-22T01:04:05.788+0800][gc,phases    ] GC(94)   Other: 1.0ms
[2022-04-22T01:04:05.788+0800][gc,heap      ] GC(94) Eden regions: 50->0(52)
[2022-04-22T01:04:05.788+0800][gc,heap      ] GC(94) Survivor regions: 5->5(7)
[2022-04-22T01:04:05.788+0800][gc,heap      ] GC(94) Old regions: 101->102
[2022-04-22T01:04:05.788+0800][gc,heap      ] GC(94) Archive regions: 2->2
[2022-04-22T01:04:05.788+0800][gc,heap      ] GC(94) Humongous regions: 129->129
[2022-04-22T01:04:05.788+0800][gc,metaspace ] GC(94) Metaspace: 43293K->43293K(1089536K)
[2022-04-22T01:04:05.788+0800][gc           ] GC(94) Pause Young (Normal) (G1 Evacuation Pause) 284M->235M(1024M) 16.709ms
[2022-04-22T01:04:05.788+0800][gc,cpu       ] GC(94) User=0.04s Sys=0.01s Real=0.01s
[2022-04-22T01:04:25.457+0800][gc,start     ] GC(95) Pause Young (Normal) (G1 Evacuation Pause)
[2022-04-22T01:04:25.457+0800][gc,task      ] GC(95) Using 8 workers of 8 for evacuation
[2022-04-22T01:04:25.478+0800][gc,mmu       ] GC(95) MMU target violated: 20.1ms (20.0ms/21.0ms)
[2022-04-22T01:04:25.478+0800][gc,phases    ] GC(95)   Pre Evacuate Collection Set: 0.2ms
[2022-04-22T01:04:25.478+0800][gc,phases    ] GC(95)   Evacuate Collection Set: 18.6ms
[2022-04-22T01:04:25.478+0800][gc,phases    ] GC(95)   Post Evacuate Collection Set: 0.7ms
[2022-04-22T01:04:25.478+0800][gc,phases    ] GC(95)   Other: 1.4ms
[2022-04-22T01:04:25.478+0800][gc,heap      ] GC(95) Eden regions: 52->0(51)
[2022-04-22T01:04:25.478+0800][gc,heap      ] GC(95) Survivor regions: 5->5(8)
[2022-04-22T01:04:25.478+0800][gc,heap      ] GC(95) Old regions: 102->102
[2022-04-22T01:04:25.478+0800][gc,heap      ] GC(95) Archive regions: 2->2
[2022-04-22T01:04:25.478+0800][gc,heap      ] GC(95) Humongous regions: 129->129
[2022-04-22T01:04:25.478+0800][gc,metaspace ] GC(95) Metaspace: 43293K->43293K(1089536K)
[2022-04-22T01:04:25.478+0800][gc           ] GC(95) Pause Young (Normal) (G1 Evacuation Pause) 287M->236M(1024M) 20.907ms
[2022-04-22T01:04:25.478+0800][gc,cpu       ] GC(95) User=0.05s Sys=0.02s Real=0.02s
[2022-04-22T01:04:43.937+0800][gc,start     ] GC(96) Pause Young (Normal) (G1 Evacuation Pause)
[2022-04-22T01:04:43.938+0800][gc,task      ] GC(96) Using 8 workers of 8 for evacuation
[2022-04-22T01:04:43.949+0800][gc,phases    ] GC(96)   Pre Evacuate Collection Set: 0.1ms
[2022-04-22T01:04:43.949+0800][gc,phases    ] GC(96)   Evacuate Collection Set: 10.0ms
[2022-04-22T01:04:43.949+0800][gc,phases    ] GC(96)   Post Evacuate Collection Set: 0.4ms
[2022-04-22T01:04:43.949+0800][gc,phases    ] GC(96)   Other: 1.1ms
[2022-04-22T01:04:43.949+0800][gc,heap      ] GC(96) Eden regions: 49->0(58)
[2022-04-22T01:04:43.949+0800][gc,heap      ] GC(96) Survivor regions: 5->3(7)
[2022-04-22T01:04:43.949+0800][gc,heap      ] GC(96) Old regions: 102->104
[2022-04-22T01:04:43.949+0800][gc,heap      ] GC(96) Archive regions: 2->2
[2022-04-22T01:04:43.949+0800][gc,heap      ] GC(96) Humongous regions: 129->129
[2022-04-22T01:04:43.949+0800][gc,metaspace ] GC(96) Metaspace: 43293K->43293K(1089536K)
[2022-04-22T01:04:43.949+0800][gc           ] GC(96) Pause Young (Normal) (G1 Evacuation Pause) 285M->235M(1024M) 11.653ms
[2022-04-22T01:04:43.949+0800][gc,cpu       ] GC(96) User=0.04s Sys=0.01s Real=0.01s
[2022-04-22T01:05:06.166+0800][gc,start     ] GC(97) Pause Young (Normal) (G1 Evacuation Pause)
[2022-04-22T01:05:06.607+0800][gc,task      ] GC(97) Using 8 workers of 8 for evacuation
[2022-04-22T01:05:06.694+0800][gc,mmu       ] GC(97) MMU target violated: 21.0ms (20.0ms/21.0ms)
[2022-04-22T01:05:06.694+0800][gc,phases    ] GC(97)   Pre Evacuate Collection Set: 0.2ms
[2022-04-22T01:05:06.694+0800][gc,phases    ] GC(97)   Evacuate Collection Set: 84.3ms
[2022-04-22T01:05:06.694+0800][gc,phases    ] GC(97)   Post Evacuate Collection Set: 1.0ms
[2022-04-22T01:05:06.694+0800][gc,phases    ] GC(97)   Other: 442.6ms
[2022-04-22T01:05:06.694+0800][gc,heap      ] GC(97) Eden regions: 58->0(46)
[2022-04-22T01:05:06.694+0800][gc,heap      ] GC(97) Survivor regions: 3->5(8)
[2022-04-22T01:05:06.694+0800][gc,heap      ] GC(97) Old regions: 104->104
[2022-04-22T01:05:06.694+0800][gc,heap      ] GC(97) Archive regions: 2->2
[2022-04-22T01:05:06.694+0800][gc,heap      ] GC(97) Humongous regions: 129->129
[2022-04-22T01:05:06.694+0800][gc,metaspace ] GC(97) Metaspace: 43293K->43293K(1089536K)
[2022-04-22T01:05:06.694+0800][gc           ] GC(97) Pause Young (Normal) (G1 Evacuation Pause) 293M->237M(1024M) 528.088ms
[2022-04-22T01:05:06.694+0800][gc,cpu       ] GC(97) User=0.03s Sys=0.03s Real=0.53s
[2022-04-22T01:25:03.822+0800][gc,start     ] GC(98) Pause Young (Normal) (G1 Evacuation Pause)
[2022-04-22T01:25:03.823+0800][gc,task      ] GC(98) Using 8 workers of 8 for evacuation
[2022-04-22T01:25:03.859+0800][gc,mmu       ] GC(98) MMU target violated: 21.0ms (20.0ms/21.0ms)
[2022-04-22T01:25:03.859+0800][gc,phases    ] GC(98)   Pre Evacuate Collection Set: 1.4ms
[2022-04-22T01:25:03.859+0800][gc,phases    ] GC(98)   Evacuate Collection Set: 28.2ms
[2022-04-22T01:25:03.859+0800][gc,phases    ] GC(98)   Post Evacuate Collection Set: 1.8ms
[2022-04-22T01:25:03.859+0800][gc,phases    ] GC(98)   Other: 5.9ms
[2022-04-22T01:25:03.859+0800][gc,heap      ] GC(98) Eden regions: 46->0(45)
[2022-04-22T01:25:03.859+0800][gc,heap      ] GC(98) Survivor regions: 5->6(7)
[2022-04-22T01:25:03.859+0800][gc,heap      ] GC(98) Old regions: 104->104
[2022-04-22T01:25:03.859+0800][gc,heap      ] GC(98) Archive regions: 2->2
[2022-04-22T01:25:03.859+0800][gc,heap      ] GC(98) Humongous regions: 129->129
[2022-04-22T01:25:03.859+0800][gc,metaspace ] GC(98) Metaspace: 43311K->43311K(1089536K)
[2022-04-22T01:25:03.859+0800][gc           ] GC(98) Pause Young (Normal) (G1 Evacuation Pause) 283M->238M(1024M) 37.261ms
[2022-04-22T01:25:03.859+0800][gc,cpu       ] GC(98) User=0.03s Sys=0.04s Real=0.03s
[2022-04-22T01:25:20.999+0800][gc,start     ] GC(99) Pause Young (Normal) (G1 Evacuation Pause)
[2022-04-22T01:25:21.000+0800][gc,task      ] GC(99) Using 8 workers of 8 for evacuation
[2022-04-22T01:25:21.032+0800][gc,mmu       ] GC(99) MMU target violated: 21.0ms (20.0ms/21.0ms)
[2022-04-22T01:25:21.032+0800][gc,phases    ] GC(99)   Pre Evacuate Collection Set: 0.1ms
[2022-04-22T01:25:21.032+0800][gc,phases    ] GC(99)   Evacuate Collection Set: 26.9ms
[2022-04-22T01:25:21.032+0800][gc,phases    ] GC(99)   Post Evacuate Collection Set: 4.1ms
[2022-04-22T01:25:21.032+0800][gc,phases    ] GC(99)   Other: 1.5ms
[2022-04-22T01:25:21.032+0800][gc,heap      ] GC(99) Eden regions: 45->0(46)
[2022-04-22T01:25:21.032+0800][gc,heap      ] GC(99) Survivor regions: 6->5(7)
[2022-04-22T01:25:21.032+0800][gc,heap      ] GC(99) Old regions: 104->106
[2022-04-22T01:25:21.032+0800][gc,heap      ] GC(99) Archive regions: 2->2
[2022-04-22T01:25:21.032+0800][gc,heap      ] GC(99) Humongous regions: 129->129
[2022-04-22T01:25:21.032+0800][gc,metaspace ] GC(99) Metaspace: 43329K->43329K(1089536K)
[2022-04-22T01:25:21.032+0800][gc           ] GC(99) Pause Young (Normal) (G1 Evacuation Pause) 283M->240M(1024M) 32.547ms
[2022-04-22T01:25:21.032+0800][gc,cpu       ] GC(99) User=0.04s Sys=0.04s Real=0.04s
[2022-04-22T01:31:11.198+0800][gc,start     ] GC(100) Pause Young (Normal) (G1 Evacuation Pause)
[2022-04-22T01:31:11.201+0800][gc,task      ] GC(100) Using 8 workers of 8 for evacuation
[2022-04-22T01:31:11.263+0800][gc,mmu       ] GC(100) MMU target violated: 21.0ms (20.0ms/21.0ms)
[2022-04-22T01:31:11.263+0800][gc,phases    ] GC(100)   Pre Evacuate Collection Set: 0.3ms
[2022-04-22T01:31:11.263+0800][gc,phases    ] GC(100)   Evacuate Collection Set: 56.2ms
[2022-04-22T01:31:11.263+0800][gc,phases    ] GC(100)   Post Evacuate Collection Set: 2.6ms
[2022-04-22T01:31:11.263+0800][gc,phases    ] GC(100)   Other: 5.7ms
[2022-04-22T01:31:11.263+0800][gc,heap      ] GC(100) Eden regions: 46->0(44)
[2022-04-22T01:31:11.263+0800][gc,heap      ] GC(100) Survivor regions: 5->7(7)
[2022-04-22T01:31:11.263+0800][gc,heap      ] GC(100) Old regions: 106->108
[2022-04-22T01:31:11.263+0800][gc,heap      ] GC(100) Archive regions: 2->2
[2022-04-22T01:31:11.263+0800][gc,heap      ] GC(100) Humongous regions: 129->129
[2022-04-22T01:31:11.263+0800][gc,metaspace ] GC(100) Metaspace: 43420K->43420K(1089536K)
[2022-04-22T01:31:11.263+0800][gc           ] GC(100) Pause Young (Normal) (G1 Evacuation Pause) 286M->244M(1024M) 64.826ms
[2022-04-22T01:31:11.263+0800][gc,cpu       ] GC(100) User=0.05s Sys=0.06s Real=0.07s
[2022-04-22T01:31:27.399+0800][gc,start     ] GC(101) Pause Young (Normal) (G1 Evacuation Pause)
[2022-04-22T01:31:27.401+0800][gc,task      ] GC(101) Using 8 workers of 8 for evacuation
[2022-04-22T01:31:27.436+0800][gc,mmu       ] GC(101) MMU target violated: 21.0ms (20.0ms/21.0ms)
[2022-04-22T01:31:27.436+0800][gc,phases    ] GC(101)   Pre Evacuate Collection Set: 0.6ms
[2022-04-22T01:31:27.436+0800][gc,phases    ] GC(101)   Evacuate Collection Set: 29.0ms
[2022-04-22T01:31:27.437+0800][gc,phases    ] GC(101)   Post Evacuate Collection Set: 3.6ms
[2022-04-22T01:31:27.437+0800][gc,phases    ] GC(101)   Other: 4.5ms
[2022-04-22T01:31:27.437+0800][gc,heap      ] GC(101) Eden regions: 44->0(48)
[2022-04-22T01:31:27.437+0800][gc,heap      ] GC(101) Survivor regions: 7->3(7)
[2022-04-22T01:31:27.437+0800][gc,heap      ] GC(101) Old regions: 108->114
[2022-04-22T01:31:27.437+0800][gc,heap      ] GC(101) Archive regions: 2->2
[2022-04-22T01:31:27.437+0800][gc,heap      ] GC(101) Humongous regions: 129->129
[2022-04-22T01:31:27.437+0800][gc,metaspace ] GC(101) Metaspace: 43420K->43420K(1089536K)
[2022-04-22T01:31:27.437+0800][gc           ] GC(101) Pause Young (Normal) (G1 Evacuation Pause) 288M->245M(1024M) 37.264ms
[2022-04-22T01:31:27.437+0800][gc,cpu       ] GC(101) User=0.03s Sys=0.03s Real=0.04s
[2022-04-22T01:31:44.441+0800][gc,start     ] GC(102) Pause Young (Normal) (G1 Evacuation Pause)
[2022-04-22T01:31:44.441+0800][gc,task      ] GC(102) Using 8 workers of 8 for evacuation
[2022-04-22T01:31:44.452+0800][gc,phases    ] GC(102)   Pre Evacuate Collection Set: 0.2ms
[2022-04-22T01:31:44.452+0800][gc,phases    ] GC(102)   Evacuate Collection Set: 9.8ms
[2022-04-22T01:31:44.452+0800][gc,phases    ] GC(102)   Post Evacuate Collection Set: 0.6ms
[2022-04-22T01:31:44.452+0800][gc,phases    ] GC(102)   Other: 1.0ms
[2022-04-22T01:31:44.452+0800][gc,heap      ] GC(102) Eden regions: 48->0(47)
[2022-04-22T01:31:44.452+0800][gc,heap      ] GC(102) Survivor regions: 3->4(7)
[2022-04-22T01:31:44.452+0800][gc,heap      ] GC(102) Old regions: 114->114
[2022-04-22T01:31:44.452+0800][gc,heap      ] GC(102) Archive regions: 2->2
[2022-04-22T01:31:44.452+0800][gc,heap      ] GC(102) Humongous regions: 129->129
[2022-04-22T01:31:44.453+0800][gc,metaspace ] GC(102) Metaspace: 43437K->43437K(1089536K)
[2022-04-22T01:31:44.453+0800][gc           ] GC(102) Pause Young (Normal) (G1 Evacuation Pause) 293M->246M(1024M) 11.892ms
[2022-04-22T01:31:44.453+0800][gc,cpu       ] GC(102) User=0.03s Sys=0.00s Real=0.01s
[2022-04-22T01:32:01.352+0800][gc,start     ] GC(103) Pause Young (Normal) (G1 Evacuation Pause)
[2022-04-22T01:32:01.368+0800][gc,task      ] GC(103) Using 8 workers of 8 for evacuation
[2022-04-22T01:32:01.387+0800][gc,phases    ] GC(103)   Pre Evacuate Collection Set: 0.3ms
[2022-04-22T01:32:01.387+0800][gc,phases    ] GC(103)   Evacuate Collection Set: 16.2ms
[2022-04-22T01:32:01.387+0800][gc,phases    ] GC(103)   Post Evacuate Collection Set: 0.5ms
[2022-04-22T01:32:01.387+0800][gc,phases    ] GC(103)   Other: 17.4ms
[2022-04-22T01:32:01.387+0800][gc,heap      ] GC(103) Eden regions: 47->0(46)
[2022-04-22T01:32:01.387+0800][gc,heap      ] GC(103) Survivor regions: 4->5(7)
[2022-04-22T01:32:01.387+0800][gc,heap      ] GC(103) Old regions: 114->114
[2022-04-22T01:32:01.387+0800][gc,heap      ] GC(103) Archive regions: 2->2
[2022-04-22T01:32:01.387+0800][gc,heap      ] GC(103) Humongous regions: 129->129
[2022-04-22T01:32:01.387+0800][gc,metaspace ] GC(103) Metaspace: 43443K->43443K(1089536K)
[2022-04-22T01:32:01.387+0800][gc           ] GC(103) Pause Young (Normal) (G1 Evacuation Pause) 293M->248M(1024M) 34.716ms
[2022-04-22T01:32:01.387+0800][gc,cpu       ] GC(103) User=0.05s Sys=0.01s Real=0.03s
[2022-04-22T01:32:17.970+0800][gc,start     ] GC(104) Pause Young (Normal) (G1 Evacuation Pause)
[2022-04-22T01:32:17.971+0800][gc,task      ] GC(104) Using 8 workers of 8 for evacuation
[2022-04-22T01:32:17.985+0800][gc,phases    ] GC(104)   Pre Evacuate Collection Set: 0.2ms
[2022-04-22T01:32:17.985+0800][gc,phases    ] GC(104)   Evacuate Collection Set: 11.9ms
[2022-04-22T01:32:17.985+0800][gc,phases    ] GC(104)   Post Evacuate Collection Set: 0.8ms
[2022-04-22T01:32:17.985+0800][gc,phases    ] GC(104)   Other: 1.6ms
[2022-04-22T01:32:17.985+0800][gc,heap      ] GC(104) Eden regions: 46->0(46)
[2022-04-22T01:32:17.985+0800][gc,heap      ] GC(104) Survivor regions: 5->5(7)
[2022-04-22T01:32:17.985+0800][gc,heap      ] GC(104) Old regions: 114->115
[2022-04-22T01:32:17.985+0800][gc,heap      ] GC(104) Archive regions: 2->2
[2022-04-22T01:32:17.985+0800][gc,heap      ] GC(104) Humongous regions: 129->129
[2022-04-22T01:32:17.985+0800][gc,metaspace ] GC(104) Metaspace: 43446K->43446K(1089536K)
[2022-04-22T01:32:17.985+0800][gc           ] GC(104) Pause Young (Normal) (G1 Evacuation Pause) 294M->248M(1024M) 14.587ms
[2022-04-22T01:32:17.985+0800][gc,cpu       ] GC(104) User=0.02s Sys=0.01s Real=0.01s
[2022-04-22T01:32:34.559+0800][gc,start     ] GC(105) Pause Young (Normal) (G1 Evacuation Pause)
[2022-04-22T01:32:34.560+0800][gc,task      ] GC(105) Using 8 workers of 8 for evacuation
[2022-04-22T01:32:34.571+0800][gc,phases    ] GC(105)   Pre Evacuate Collection Set: 0.1ms
[2022-04-22T01:32:34.571+0800][gc,phases    ] GC(105)   Evacuate Collection Set: 10.4ms
[2022-04-22T01:32:34.571+0800][gc,phases    ] GC(105)   Post Evacuate Collection Set: 0.6ms
[2022-04-22T01:32:34.571+0800][gc,phases    ] GC(105)   Other: 0.8ms
[2022-04-22T01:32:34.571+0800][gc,heap      ] GC(105) Eden regions: 46->0(47)
[2022-04-22T01:32:34.571+0800][gc,heap      ] GC(105) Survivor regions: 5->4(7)
[2022-04-22T01:32:34.571+0800][gc,heap      ] GC(105) Old regions: 115->117
[2022-04-22T01:32:34.571+0800][gc,heap      ] GC(105) Archive regions: 2->2
[2022-04-22T01:32:34.571+0800][gc,heap      ] GC(105) Humongous regions: 129->129
[2022-04-22T01:32:34.571+0800][gc,metaspace ] GC(105) Metaspace: 43447K->43447K(1089536K)
[2022-04-22T01:32:34.572+0800][gc           ] GC(105) Pause Young (Normal) (G1 Evacuation Pause) 294M->249M(1024M) 12.276ms
[2022-04-22T01:32:34.572+0800][gc,cpu       ] GC(105) User=0.03s Sys=0.00s Real=0.02s
[2022-04-22T01:32:51.439+0800][gc,start     ] GC(106) Pause Young (Normal) (G1 Evacuation Pause)
[2022-04-22T01:32:51.440+0800][gc,task      ] GC(106) Using 8 workers of 8 for evacuation
[2022-04-22T01:32:51.452+0800][gc,phases    ] GC(106)   Pre Evacuate Collection Set: 0.3ms
[2022-04-22T01:32:51.452+0800][gc,phases    ] GC(106)   Evacuate Collection Set: 8.8ms
[2022-04-22T01:32:51.452+0800][gc,phases    ] GC(106)   Post Evacuate Collection Set: 1.6ms
[2022-04-22T01:32:51.452+0800][gc,phases    ] GC(106)   Other: 2.0ms
[2022-04-22T01:32:51.452+0800][gc,heap      ] GC(106) Eden regions: 47->0(54)
[2022-04-22T01:32:51.452+0800][gc,heap      ] GC(106) Survivor regions: 4->4(7)
[2022-04-22T01:32:51.452+0800][gc,heap      ] GC(106) Old regions: 117->117
[2022-04-22T01:32:51.452+0800][gc,heap      ] GC(106) Archive regions: 2->2
[2022-04-22T01:32:51.452+0800][gc,heap      ] GC(106) Humongous regions: 129->129
[2022-04-22T01:32:51.452+0800][gc,metaspace ] GC(106) Metaspace: 43447K->43447K(1089536K)
[2022-04-22T01:32:51.452+0800][gc           ] GC(106) Pause Young (Normal) (G1 Evacuation Pause) 296M->249M(1024M) 12.881ms
[2022-04-22T01:32:51.452+0800][gc,cpu       ] GC(106) User=0.03s Sys=0.01s Real=0.02s
[2022-04-22T01:33:10.888+0800][gc,start     ] GC(107) Pause Young (Normal) (G1 Evacuation Pause)
[2022-04-22T01:33:10.890+0800][gc,task      ] GC(107) Using 8 workers of 8 for evacuation
[2022-04-22T01:33:10.923+0800][gc,mmu       ] GC(107) MMU target violated: 21.0ms (20.0ms/21.0ms)
[2022-04-22T01:33:10.923+0800][gc,phases    ] GC(107)   Pre Evacuate Collection Set: 0.3ms
[2022-04-22T01:33:10.923+0800][gc,phases    ] GC(107)   Evacuate Collection Set: 32.2ms
[2022-04-22T01:33:10.923+0800][gc,phases    ] GC(107)   Post Evacuate Collection Set: 0.5ms
[2022-04-22T01:33:10.923+0800][gc,phases    ] GC(107)   Other: 2.2ms
[2022-04-22T01:33:10.923+0800][gc,heap      ] GC(107) Eden regions: 54->0(46)
[2022-04-22T01:33:10.923+0800][gc,heap      ] GC(107) Survivor regions: 4->5(8)
[2022-04-22T01:33:10.924+0800][gc,heap      ] GC(107) Old regions: 117->117
[2022-04-22T01:33:10.924+0800][gc,heap      ] GC(107) Archive regions: 2->2
[2022-04-22T01:33:10.924+0800][gc,heap      ] GC(107) Humongous regions: 129->129
[2022-04-22T01:33:10.924+0800][gc,metaspace ] GC(107) Metaspace: 43447K->43447K(1089536K)
[2022-04-22T01:33:10.924+0800][gc           ] GC(107) Pause Young (Normal) (G1 Evacuation Pause) 303M->250M(1024M) 35.335ms
[2022-04-22T01:33:10.924+0800][gc,cpu       ] GC(107) User=0.04s Sys=0.05s Real=0.04s
[2022-04-22T01:33:27.477+0800][gc,start     ] GC(108) Pause Young (Normal) (G1 Evacuation Pause)
[2022-04-22T01:33:27.494+0800][gc,task      ] GC(108) Using 8 workers of 8 for evacuation
[2022-04-22T01:33:27.533+0800][gc,mmu       ] GC(108) MMU target violated: 21.0ms (20.0ms/21.0ms)
[2022-04-22T01:33:27.533+0800][gc,phases    ] GC(108)   Pre Evacuate Collection Set: 0.2ms
[2022-04-22T01:33:27.533+0800][gc,phases    ] GC(108)   Evacuate Collection Set: 36.8ms
[2022-04-22T01:33:27.533+0800][gc,phases    ] GC(108)   Post Evacuate Collection Set: 1.3ms
[2022-04-22T01:33:27.533+0800][gc,phases    ] GC(108)   Other: 18.2ms
[2022-04-22T01:33:27.533+0800][gc,heap      ] GC(108) Eden regions: 46->0(47)
[2022-04-22T01:33:27.533+0800][gc,heap      ] GC(108) Survivor regions: 5->4(7)
[2022-04-22T01:33:27.533+0800][gc,heap      ] GC(108) Old regions: 117->118
[2022-04-22T01:33:27.533+0800][gc,heap      ] GC(108) Archive regions: 2->2
[2022-04-22T01:33:27.533+0800][gc,heap      ] GC(108) Humongous regions: 129->129
[2022-04-22T01:33:27.534+0800][gc,metaspace ] GC(108) Metaspace: 43447K->43447K(1089536K)
[2022-04-22T01:33:27.534+0800][gc           ] GC(108) Pause Young (Normal) (G1 Evacuation Pause) 296M->250M(1024M) 56.632ms
[2022-04-22T01:33:27.534+0800][gc,cpu       ] GC(108) User=0.03s Sys=0.03s Real=0.06s
[2022-04-22T01:33:44.506+0800][gc,start     ] GC(109) Pause Young (Normal) (G1 Evacuation Pause)
[2022-04-22T01:33:44.506+0800][gc,task      ] GC(109) Using 8 workers of 8 for evacuation
[2022-04-22T01:33:44.521+0800][gc,phases    ] GC(109)   Pre Evacuate Collection Set: 0.4ms
[2022-04-22T01:33:44.521+0800][gc,phases    ] GC(109)   Evacuate Collection Set: 12.6ms
[2022-04-22T01:33:44.521+0800][gc,phases    ] GC(109)   Post Evacuate Collection Set: 0.8ms
[2022-04-22T01:33:44.521+0800][gc,phases    ] GC(109)   Other: 1.4ms
[2022-04-22T01:33:44.521+0800][gc,heap      ] GC(109) Eden regions: 47->0(47)
[2022-04-22T01:33:44.521+0800][gc,heap      ] GC(109) Survivor regions: 4->4(7)
[2022-04-22T01:33:44.521+0800][gc,heap      ] GC(109) Old regions: 118->118
[2022-04-22T01:33:44.521+0800][gc,heap      ] GC(109) Archive regions: 2->2
[2022-04-22T01:33:44.521+0800][gc,heap      ] GC(109) Humongous regions: 129->129
[2022-04-22T01:33:44.521+0800][gc,metaspace ] GC(109) Metaspace: 43447K->43447K(1089536K)
[2022-04-22T01:33:44.522+0800][gc           ] GC(109) Pause Young (Normal) (G1 Evacuation Pause) 297M->250M(1024M) 15.524ms
[2022-04-22T01:33:44.522+0800][gc,cpu       ] GC(109) User=0.03s Sys=0.01s Real=0.02s
[2022-04-22T01:34:01.543+0800][gc,start     ] GC(110) Pause Young (Normal) (G1 Evacuation Pause)
[2022-04-22T01:34:01.543+0800][gc,task      ] GC(110) Using 8 workers of 8 for evacuation
[2022-04-22T01:34:01.574+0800][gc,mmu       ] GC(110) MMU target violated: 21.0ms (20.0ms/21.0ms)
[2022-04-22T01:34:01.574+0800][gc,phases    ] GC(110)   Pre Evacuate Collection Set: 0.2ms
[2022-04-22T01:34:01.574+0800][gc,phases    ] GC(110)   Evacuate Collection Set: 28.6ms
[2022-04-22T01:34:01.574+0800][gc,phases    ] GC(110)   Post Evacuate Collection Set: 1.0ms
[2022-04-22T01:34:01.574+0800][gc,phases    ] GC(110)   Other: 1.2ms
[2022-04-22T01:34:01.574+0800][gc,heap      ] GC(110) Eden regions: 47->0(49)
[2022-04-22T01:34:01.574+0800][gc,heap      ] GC(110) Survivor regions: 4->5(7)
[2022-04-22T01:34:01.574+0800][gc,heap      ] GC(110) Old regions: 118->118
[2022-04-22T01:34:01.574+0800][gc,heap      ] GC(110) Archive regions: 2->2
[2022-04-22T01:34:01.574+0800][gc,heap      ] GC(110) Humongous regions: 129->129
[2022-04-22T01:34:01.574+0800][gc,metaspace ] GC(110) Metaspace: 43447K->43447K(1089536K)
[2022-04-22T01:34:01.574+0800][gc           ] GC(110) Pause Young (Normal) (G1 Evacuation Pause) 297M->251M(1024M) 31.167ms
[2022-04-22T01:34:01.574+0800][gc,cpu       ] GC(110) User=0.05s Sys=0.02s Real=0.03s
[2022-04-22T01:34:19.348+0800][gc,start     ] GC(111) Pause Young (Normal) (G1 Evacuation Pause)
[2022-04-22T01:34:19.348+0800][gc,task      ] GC(111) Using 8 workers of 8 for evacuation
[2022-04-22T01:34:19.361+0800][gc,phases    ] GC(111)   Pre Evacuate Collection Set: 0.2ms
[2022-04-22T01:34:19.361+0800][gc,phases    ] GC(111)   Evacuate Collection Set: 11.3ms
[2022-04-22T01:34:19.361+0800][gc,phases    ] GC(111)   Post Evacuate Collection Set: 0.3ms
[2022-04-22T01:34:19.361+0800][gc,phases    ] GC(111)   Other: 1.2ms
[2022-04-22T01:34:19.361+0800][gc,heap      ] GC(111) Eden regions: 49->0(51)
[2022-04-22T01:34:19.361+0800][gc,heap      ] GC(111) Survivor regions: 5->4(7)
[2022-04-22T01:34:19.361+0800][gc,heap      ] GC(111) Old regions: 118->118
[2022-04-22T01:34:19.361+0800][gc,heap      ] GC(111) Archive regions: 2->2
[2022-04-22T01:34:19.361+0800][gc,heap      ] GC(111) Humongous regions: 129->129
[2022-04-22T01:34:19.361+0800][gc,metaspace ] GC(111) Metaspace: 43447K->43447K(1089536K)
[2022-04-22T01:34:19.361+0800][gc           ] GC(111) Pause Young (Normal) (G1 Evacuation Pause) 300M->251M(1024M) 13.200ms
[2022-04-22T01:34:19.361+0800][gc,cpu       ] GC(111) User=0.04s Sys=0.01s Real=0.02s
[2022-04-22T01:34:37.861+0800][gc,start     ] GC(112) Pause Young (Normal) (G1 Evacuation Pause)
[2022-04-22T01:34:37.862+0800][gc,task      ] GC(112) Using 8 workers of 8 for evacuation
[2022-04-22T01:34:37.875+0800][gc,phases    ] GC(112)   Pre Evacuate Collection Set: 0.1ms
[2022-04-22T01:34:37.876+0800][gc,phases    ] GC(112)   Evacuate Collection Set: 11.9ms
[2022-04-22T01:34:37.876+0800][gc,phases    ] GC(112)   Post Evacuate Collection Set: 1.1ms
[2022-04-22T01:34:37.876+0800][gc,phases    ] GC(112)   Other: 1.4ms
[2022-04-22T01:34:37.876+0800][gc,heap      ] GC(112) Eden regions: 51->0(55)
[2022-04-22T01:34:37.876+0800][gc,heap      ] GC(112) Survivor regions: 4->5(7)
[2022-04-22T01:34:37.876+0800][gc,heap      ] GC(112) Old regions: 118->119
[2022-04-22T01:34:37.876+0800][gc,heap      ] GC(112) Archive regions: 2->2
[2022-04-22T01:34:37.876+0800][gc,heap      ] GC(112) Humongous regions: 129->129
[2022-04-22T01:34:37.876+0800][gc,metaspace ] GC(112) Metaspace: 43447K->43447K(1089536K)
[2022-04-22T01:34:37.876+0800][gc           ] GC(112) Pause Young (Normal) (G1 Evacuation Pause) 302M->252M(1024M) 14.975ms
[2022-04-22T01:34:37.876+0800][gc,cpu       ] GC(112) User=0.04s Sys=0.01s Real=0.01s
[2022-04-22T01:34:57.781+0800][gc,start     ] GC(113) Pause Young (Normal) (G1 Evacuation Pause)
[2022-04-22T01:34:57.782+0800][gc,task      ] GC(113) Using 8 workers of 8 for evacuation
[2022-04-22T01:34:57.802+0800][gc,phases    ] GC(113)   Pre Evacuate Collection Set: 0.3ms
[2022-04-22T01:34:57.802+0800][gc,phases    ] GC(113)   Evacuate Collection Set: 18.3ms
[2022-04-22T01:34:57.802+0800][gc,phases    ] GC(113)   Post Evacuate Collection Set: 0.5ms
[2022-04-22T01:34:57.802+0800][gc,phases    ] GC(113)   Other: 1.8ms
[2022-04-22T01:34:57.802+0800][gc,heap      ] GC(113) Eden regions: 55->0(54)
[2022-04-22T01:34:57.802+0800][gc,heap      ] GC(113) Survivor regions: 5->4(8)
[2022-04-22T01:34:57.802+0800][gc,heap      ] GC(113) Old regions: 119->120
[2022-04-22T01:34:57.802+0800][gc,heap      ] GC(113) Archive regions: 2->2
[2022-04-22T01:34:57.802+0800][gc,heap      ] GC(113) Humongous regions: 129->129
[2022-04-22T01:34:57.802+0800][gc,metaspace ] GC(113) Metaspace: 43447K->43447K(1089536K)
[2022-04-22T01:34:57.802+0800][gc           ] GC(113) Pause Young (Normal) (G1 Evacuation Pause) 307M->252M(1024M) 21.000ms
[2022-04-22T01:34:57.802+0800][gc,cpu       ] GC(113) User=0.04s Sys=0.03s Real=0.02s
[2022-04-22T01:35:16.504+0800][gc,start     ] GC(114) Pause Young (Normal) (G1 Evacuation Pause)
[2022-04-22T01:35:16.504+0800][gc,task      ] GC(114) Using 8 workers of 8 for evacuation
[2022-04-22T01:35:16.529+0800][gc,mmu       ] GC(114) MMU target violated: 21.0ms (20.0ms/21.0ms)
[2022-04-22T01:35:16.529+0800][gc,phases    ] GC(114)   Pre Evacuate Collection Set: 0.2ms
[2022-04-22T01:35:16.529+0800][gc,phases    ] GC(114)   Evacuate Collection Set: 15.9ms
[2022-04-22T01:35:16.529+0800][gc,phases    ] GC(114)   Post Evacuate Collection Set: 2.3ms
[2022-04-22T01:35:16.529+0800][gc,phases    ] GC(114)   Other: 7.1ms
[2022-04-22T01:35:16.529+0800][gc,heap      ] GC(114) Eden regions: 52->0(54)
[2022-04-22T01:35:16.529+0800][gc,heap      ] GC(114) Survivor regions: 4->5(7)
[2022-04-22T01:35:16.529+0800][gc,heap      ] GC(114) Old regions: 120->120
[2022-04-22T01:35:16.529+0800][gc,heap      ] GC(114) Archive regions: 2->2
[2022-04-22T01:35:16.529+0800][gc,heap      ] GC(114) Humongous regions: 129->129
[2022-04-22T01:35:16.529+0800][gc,metaspace ] GC(114) Metaspace: 43447K->43447K(1089536K)
[2022-04-22T01:35:16.529+0800][gc           ] GC(114) Pause Young (Normal) (G1 Evacuation Pause) 304M->253M(1024M) 25.074ms
[2022-04-22T01:35:16.529+0800][gc,cpu       ] GC(114) User=0.03s Sys=0.04s Real=0.02s
[2022-04-22T01:35:35.195+0800][gc,start     ] GC(115) Pause Young (Normal) (G1 Evacuation Pause)
[2022-04-22T01:35:35.196+0800][gc,task      ] GC(115) Using 8 workers of 8 for evacuation
[2022-04-22T01:35:35.213+0800][gc,phases    ] GC(115)   Pre Evacuate Collection Set: 0.2ms
[2022-04-22T01:35:35.213+0800][gc,phases    ] GC(115)   Evacuate Collection Set: 16.0ms
[2022-04-22T01:35:35.213+0800][gc,phases    ] GC(115)   Post Evacuate Collection Set: 0.8ms
[2022-04-22T01:35:35.213+0800][gc,phases    ] GC(115)   Other: 1.5ms
[2022-04-22T01:35:35.213+0800][gc,heap      ] GC(115) Eden regions: 52->0(55)
[2022-04-22T01:35:35.213+0800][gc,heap      ] GC(115) Survivor regions: 5->5(8)
[2022-04-22T01:35:35.213+0800][gc,heap      ] GC(115) Old regions: 120->120
[2022-04-22T01:35:35.213+0800][gc,heap      ] GC(115) Archive regions: 2->2
[2022-04-22T01:35:35.213+0800][gc,heap      ] GC(115) Humongous regions: 129->129
[2022-04-22T01:35:35.213+0800][gc,metaspace ] GC(115) Metaspace: 43447K->43447K(1089536K)
[2022-04-22T01:35:35.213+0800][gc           ] GC(115) Pause Young (Normal) (G1 Evacuation Pause) 305M->254M(1024M) 18.706ms
[2022-04-22T01:35:35.214+0800][gc,cpu       ] GC(115) User=0.04s Sys=0.01s Real=0.02s
[2022-04-22T01:35:53.917+0800][gc,start     ] GC(116) Pause Young (Normal) (G1 Evacuation Pause)
[2022-04-22T01:35:53.917+0800][gc,task      ] GC(116) Using 8 workers of 8 for evacuation
[2022-04-22T01:35:53.932+0800][gc,phases    ] GC(116)   Pre Evacuate Collection Set: 0.1ms
[2022-04-22T01:35:53.932+0800][gc,phases    ] GC(116)   Evacuate Collection Set: 13.7ms
[2022-04-22T01:35:53.932+0800][gc,phases    ] GC(116)   Post Evacuate Collection Set: 0.3ms
[2022-04-22T01:35:53.932+0800][gc,phases    ] GC(116)   Other: 0.7ms
[2022-04-22T01:35:53.932+0800][gc,heap      ] GC(116) Eden regions: 52->0(60)
[2022-04-22T01:35:53.932+0800][gc,heap      ] GC(116) Survivor regions: 5->4(8)
[2022-04-22T01:35:53.932+0800][gc,heap      ] GC(116) Old regions: 120->121
[2022-04-22T01:35:53.932+0800][gc,heap      ] GC(116) Archive regions: 2->2
[2022-04-22T01:35:53.932+0800][gc,heap      ] GC(116) Humongous regions: 129->129
[2022-04-22T01:35:53.932+0800][gc,metaspace ] GC(116) Metaspace: 43447K->43447K(1089536K)
[2022-04-22T01:35:53.932+0800][gc           ] GC(116) Pause Young (Normal) (G1 Evacuation Pause) 306M->253M(1024M) 14.959ms
[2022-04-22T01:35:53.932+0800][gc,cpu       ] GC(116) User=0.03s Sys=0.00s Real=0.02s
[2022-04-22T01:36:14.365+0800][gc,start     ] GC(117) Pause Young (Normal) (G1 Evacuation Pause)
[2022-04-22T01:36:14.365+0800][gc,task      ] GC(117) Using 8 workers of 8 for evacuation
[2022-04-22T01:36:14.383+0800][gc,phases    ] GC(117)   Pre Evacuate Collection Set: 0.3ms
[2022-04-22T01:36:14.383+0800][gc,phases    ] GC(117)   Evacuate Collection Set: 15.4ms
[2022-04-22T01:36:14.383+0800][gc,phases    ] GC(117)   Post Evacuate Collection Set: 1.2ms
[2022-04-22T01:36:14.383+0800][gc,phases    ] GC(117)   Other: 1.5ms
[2022-04-22T01:36:14.383+0800][gc,heap      ] GC(117) Eden regions: 55->0(58)
[2022-04-22T01:36:14.383+0800][gc,heap      ] GC(117) Survivor regions: 4->5(8)
[2022-04-22T01:36:14.383+0800][gc,heap      ] GC(117) Old regions: 121->121
[2022-04-22T01:36:14.383+0800][gc,heap      ] GC(117) Archive regions: 2->2
[2022-04-22T01:36:14.383+0800][gc,heap      ] GC(117) Humongous regions: 129->129
[2022-04-22T01:36:14.383+0800][gc,metaspace ] GC(117) Metaspace: 43447K->43447K(1089536K)
[2022-04-22T01:36:14.383+0800][gc           ] GC(117) Pause Young (Normal) (G1 Evacuation Pause) 308M->255M(1024M) 18.618ms
[2022-04-22T01:36:14.383+0800][gc,cpu       ] GC(117) User=0.04s Sys=0.02s Real=0.02s
[2022-04-22T01:36:33.495+0800][gc,start     ] GC(118) Pause Young (Normal) (G1 Evacuation Pause)
[2022-04-22T01:36:33.496+0800][gc,task      ] GC(118) Using 8 workers of 8 for evacuation
[2022-04-22T01:36:33.509+0800][gc,phases    ] GC(118)   Pre Evacuate Collection Set: 0.2ms
[2022-04-22T01:36:33.509+0800][gc,phases    ] GC(118)   Evacuate Collection Set: 11.8ms
[2022-04-22T01:36:33.509+0800][gc,phases    ] GC(118)   Post Evacuate Collection Set: 0.4ms
[2022-04-22T01:36:33.509+0800][gc,phases    ] GC(118)   Other: 1.8ms
[2022-04-22T01:36:33.509+0800][gc,heap      ] GC(118) Eden regions: 53->0(62)
[2022-04-22T01:36:33.509+0800][gc,heap      ] GC(118) Survivor regions: 5->4(8)
[2022-04-22T01:36:33.509+0800][gc,heap      ] GC(118) Old regions: 121->122
[2022-04-22T01:36:33.509+0800][gc,heap      ] GC(118) Archive regions: 2->2
[2022-04-22T01:36:33.509+0800][gc,heap      ] GC(118) Humongous regions: 129->129
[2022-04-22T01:36:33.509+0800][gc,metaspace ] GC(118) Metaspace: 43447K->43447K(1089536K)
[2022-04-22T01:36:33.509+0800][gc           ] GC(118) Pause Young (Normal) (G1 Evacuation Pause) 308M->254M(1024M) 14.293ms
[2022-04-22T01:36:33.509+0800][gc,cpu       ] GC(118) User=0.04s Sys=0.01s Real=0.01s
[2022-04-22T01:36:55.019+0800][gc,start     ] GC(119) Pause Young (Normal) (G1 Evacuation Pause)
[2022-04-22T01:36:55.020+0800][gc,task      ] GC(119) Using 8 workers of 8 for evacuation
[2022-04-22T01:36:55.044+0800][gc,mmu       ] GC(119) MMU target violated: 21.0ms (20.0ms/21.0ms)
[2022-04-22T01:36:55.044+0800][gc,phases    ] GC(119)   Pre Evacuate Collection Set: 0.4ms
[2022-04-22T01:36:55.044+0800][gc,phases    ] GC(119)   Evacuate Collection Set: 21.9ms
[2022-04-22T01:36:55.044+0800][gc,phases    ] GC(119)   Post Evacuate Collection Set: 0.7ms
[2022-04-22T01:36:55.044+0800][gc,phases    ] GC(119)   Other: 1.7ms
[2022-04-22T01:36:55.044+0800][gc,heap      ] GC(119) Eden regions: 59->0(55)
[2022-04-22T01:36:55.044+0800][gc,heap      ] GC(119) Survivor regions: 4->4(8)
[2022-04-22T01:36:55.044+0800][gc,heap      ] GC(119) Old regions: 122->122
[2022-04-22T01:36:55.044+0800][gc,heap      ] GC(119) Archive regions: 2->2
[2022-04-22T01:36:55.044+0800][gc,heap      ] GC(119) Humongous regions: 129->129
[2022-04-22T01:36:55.044+0800][gc,metaspace ] GC(119) Metaspace: 43447K->43447K(1089536K)
[2022-04-22T01:36:55.044+0800][gc           ] GC(119) Pause Young (Normal) (G1 Evacuation Pause) 313M->254M(1024M) 24.780ms
[2022-04-22T01:36:55.044+0800][gc,cpu       ] GC(119) User=0.04s Sys=0.03s Real=0.03s
[2022-04-22T01:37:15.096+0800][gc,start     ] GC(120) Pause Young (Normal) (G1 Evacuation Pause)
[2022-04-22T01:37:15.097+0800][gc,task      ] GC(120) Using 8 workers of 8 for evacuation
[2022-04-22T01:37:15.110+0800][gc,phases    ] GC(120)   Pre Evacuate Collection Set: 0.2ms
[2022-04-22T01:37:15.110+0800][gc,phases    ] GC(120)   Evacuate Collection Set: 11.6ms
[2022-04-22T01:37:15.110+0800][gc,phases    ] GC(120)   Post Evacuate Collection Set: 0.7ms
[2022-04-22T01:37:15.110+0800][gc,phases    ] GC(120)   Other: 1.5ms
[2022-04-22T01:37:15.110+0800][gc,heap      ] GC(120) Eden regions: 55->0(59)
[2022-04-22T01:37:15.110+0800][gc,heap      ] GC(120) Survivor regions: 4->6(8)
[2022-04-22T01:37:15.110+0800][gc,heap      ] GC(120) Old regions: 122->122
[2022-04-22T01:37:15.110+0800][gc,heap      ] GC(120) Archive regions: 2->2
[2022-04-22T01:37:15.110+0800][gc,heap      ] GC(120) Humongous regions: 129->129
[2022-04-22T01:37:15.110+0800][gc,metaspace ] GC(120) Metaspace: 43447K->43447K(1089536K)
[2022-04-22T01:37:15.110+0800][gc           ] GC(120) Pause Young (Normal) (G1 Evacuation Pause) 309M->256M(1024M) 14.260ms
[2022-04-22T01:37:15.110+0800][gc,cpu       ] GC(120) User=0.04s Sys=0.01s Real=0.02s
[2022-04-22T01:37:36.601+0800][gc,start     ] GC(121) Pause Young (Normal) (G1 Evacuation Pause)
[2022-04-22T01:37:36.601+0800][gc,task      ] GC(121) Using 8 workers of 8 for evacuation
[2022-04-22T01:37:36.652+0800][gc,mmu       ] GC(121) MMU target violated: 21.0ms (20.0ms/21.0ms)
[2022-04-22T01:37:36.652+0800][gc,phases    ] GC(121)   Pre Evacuate Collection Set: 0.2ms
[2022-04-22T01:37:36.652+0800][gc,phases    ] GC(121)   Evacuate Collection Set: 46.9ms
[2022-04-22T01:37:36.652+0800][gc,phases    ] GC(121)   Post Evacuate Collection Set: 2.2ms
[2022-04-22T01:37:36.652+0800][gc,phases    ] GC(121)   Other: 1.5ms
[2022-04-22T01:37:36.652+0800][gc,heap      ] GC(121) Eden regions: 59->0(45)
[2022-04-22T01:37:36.652+0800][gc,heap      ] GC(121) Survivor regions: 6->6(9)
[2022-04-22T01:37:36.652+0800][gc,heap      ] GC(121) Old regions: 122->122
[2022-04-22T01:37:36.652+0800][gc,heap      ] GC(121) Archive regions: 2->2
[2022-04-22T01:37:36.652+0800][gc,heap      ] GC(121) Humongous regions: 129->129
[2022-04-22T01:37:36.652+0800][gc,metaspace ] GC(121) Metaspace: 43447K->43447K(1089536K)
[2022-04-22T01:37:36.652+0800][gc           ] GC(121) Pause Young (Normal) (G1 Evacuation Pause) 315M->256M(1024M) 50.838ms
[2022-04-22T01:37:36.652+0800][gc,cpu       ] GC(121) User=0.04s Sys=0.04s Real=0.05s
[2022-04-22T01:37:53.013+0800][gc,start     ] GC(122) Pause Young (Normal) (G1 Evacuation Pause)
[2022-04-22T01:37:53.016+0800][gc,task      ] GC(122) Using 8 workers of 8 for evacuation
[2022-04-22T01:37:53.031+0800][gc,phases    ] GC(122)   Pre Evacuate Collection Set: 0.1ms
[2022-04-22T01:37:53.031+0800][gc,phases    ] GC(122)   Evacuate Collection Set: 13.9ms
[2022-04-22T01:37:53.031+0800][gc,phases    ] GC(122)   Post Evacuate Collection Set: 0.4ms
[2022-04-22T01:37:53.031+0800][gc,phases    ] GC(122)   Other: 4.0ms
[2022-04-22T01:37:53.031+0800][gc,heap      ] GC(122) Eden regions: 45->0(47)
[2022-04-22T01:37:53.031+0800][gc,heap      ] GC(122) Survivor regions: 6->4(7)
[2022-04-22T01:37:53.031+0800][gc,heap      ] GC(122) Old regions: 122->124
[2022-04-22T01:37:53.031+0800][gc,heap      ] GC(122) Archive regions: 2->2
[2022-04-22T01:37:53.031+0800][gc,heap      ] GC(122) Humongous regions: 129->129
[2022-04-22T01:37:53.031+0800][gc,metaspace ] GC(122) Metaspace: 43447K->43447K(1089536K)
[2022-04-22T01:37:53.031+0800][gc           ] GC(122) Pause Young (Normal) (G1 Evacuation Pause) 301M->256M(1024M) 18.483ms
[2022-04-22T01:37:53.031+0800][gc,cpu       ] GC(122) User=0.04s Sys=0.00s Real=0.02s
[2022-04-22T01:38:10.229+0800][gc,start     ] GC(123) Pause Young (Normal) (G1 Evacuation Pause)
[2022-04-22T01:38:10.230+0800][gc,task      ] GC(123) Using 8 workers of 8 for evacuation
[2022-04-22T01:38:10.245+0800][gc,phases    ] GC(123)   Pre Evacuate Collection Set: 0.4ms
[2022-04-22T01:38:10.245+0800][gc,phases    ] GC(123)   Evacuate Collection Set: 13.1ms
[2022-04-22T01:38:10.245+0800][gc,phases    ] GC(123)   Post Evacuate Collection Set: 0.8ms
[2022-04-22T01:38:10.245+0800][gc,phases    ] GC(123)   Other: 1.2ms
[2022-04-22T01:38:10.245+0800][gc,heap      ] GC(123) Eden regions: 47->0(47)
[2022-04-22T01:38:10.245+0800][gc,heap      ] GC(123) Survivor regions: 4->4(7)
[2022-04-22T01:38:10.245+0800][gc,heap      ] GC(123) Old regions: 124->124
[2022-04-22T01:38:10.245+0800][gc,heap      ] GC(123) Archive regions: 2->2
[2022-04-22T01:38:10.245+0800][gc,heap      ] GC(123) Humongous regions: 129->129
[2022-04-22T01:38:10.245+0800][gc,metaspace ] GC(123) Metaspace: 43447K->43447K(1089536K)
[2022-04-22T01:38:10.245+0800][gc           ] GC(123) Pause Young (Normal) (G1 Evacuation Pause) 303M->256M(1024M) 15.654ms
[2022-04-22T01:38:10.245+0800][gc,cpu       ] GC(123) User=0.04s Sys=0.00s Real=0.02s
[2022-04-22T01:38:27.535+0800][gc,start     ] GC(124) Pause Young (Normal) (G1 Evacuation Pause)
[2022-04-22T01:38:27.535+0800][gc,task      ] GC(124) Using 8 workers of 8 for evacuation
[2022-04-22T01:38:27.552+0800][gc,phases    ] GC(124)   Pre Evacuate Collection Set: 0.1ms
[2022-04-22T01:38:27.552+0800][gc,phases    ] GC(124)   Evacuate Collection Set: 15.7ms
[2022-04-22T01:38:27.552+0800][gc,phases    ] GC(124)   Post Evacuate Collection Set: 1.1ms
[2022-04-22T01:38:27.552+0800][gc,phases    ] GC(124)   Other: 0.8ms
[2022-04-22T01:38:27.552+0800][gc,heap      ] GC(124) Eden regions: 47->0(47)
[2022-04-22T01:38:27.552+0800][gc,heap      ] GC(124) Survivor regions: 4->4(7)
[2022-04-22T01:38:27.552+0800][gc,heap      ] GC(124) Old regions: 124->124
[2022-04-22T01:38:27.552+0800][gc,heap      ] GC(124) Archive regions: 2->2
[2022-04-22T01:38:27.552+0800][gc,heap      ] GC(124) Humongous regions: 129->129
[2022-04-22T01:38:27.552+0800][gc,metaspace ] GC(124) Metaspace: 43447K->43447K(1089536K)
[2022-04-22T01:38:27.552+0800][gc           ] GC(124) Pause Young (Normal) (G1 Evacuation Pause) 303M->257M(1024M) 17.697ms
[2022-04-22T01:38:27.552+0800][gc,cpu       ] GC(124) User=0.02s Sys=0.01s Real=0.02s
[2022-04-22T01:38:47.522+0800][gc,start     ] GC(125) Pause Young (Normal) (G1 Evacuation Pause)
[2022-04-22T01:38:47.816+0800][gc,task      ] GC(125) Using 8 workers of 8 for evacuation
[2022-04-22T01:38:47.845+0800][gc,mmu       ] GC(125) MMU target violated: 21.0ms (20.0ms/21.0ms)
[2022-04-22T01:38:47.846+0800][gc,phases    ] GC(125)   Pre Evacuate Collection Set: 0.2ms
[2022-04-22T01:38:47.846+0800][gc,phases    ] GC(125)   Evacuate Collection Set: 27.0ms
[2022-04-22T01:38:47.846+0800][gc,phases    ] GC(125)   Post Evacuate Collection Set: 1.0ms
[2022-04-22T01:38:47.846+0800][gc,phases    ] GC(125)   Other: 295.5ms
[2022-04-22T01:38:47.846+0800][gc,heap      ] GC(125) Eden regions: 47->0(45)
[2022-04-22T01:38:47.846+0800][gc,heap      ] GC(125) Survivor regions: 4->6(7)
[2022-04-22T01:38:47.846+0800][gc,heap      ] GC(125) Old regions: 124->124
[2022-04-22T01:38:47.846+0800][gc,heap      ] GC(125) Archive regions: 2->2
[2022-04-22T01:38:47.846+0800][gc,heap      ] GC(125) Humongous regions: 129->129
[2022-04-22T01:38:47.846+0800][gc,metaspace ] GC(125) Metaspace: 43451K->43451K(1089536K)
[2022-04-22T01:38:47.846+0800][gc           ] GC(125) Pause Young (Normal) (G1 Evacuation Pause) 304M->258M(1024M) 323.885ms
[2022-04-22T01:38:47.846+0800][gc,cpu       ] GC(125) User=0.04s Sys=0.03s Real=0.32s
[2022-04-22T01:39:04.171+0800][gc,start     ] GC(126) Pause Young (Normal) (G1 Evacuation Pause)
[2022-04-22T01:39:04.172+0800][gc,task      ] GC(126) Using 8 workers of 8 for evacuation
[2022-04-22T01:39:04.199+0800][gc,mmu       ] GC(126) MMU target violated: 21.0ms (20.0ms/21.0ms)
[2022-04-22T01:39:04.199+0800][gc,phases    ] GC(126)   Pre Evacuate Collection Set: 0.2ms
[2022-04-22T01:39:04.199+0800][gc,phases    ] GC(126)   Evacuate Collection Set: 24.2ms
[2022-04-22T01:39:04.199+0800][gc,phases    ] GC(126)   Post Evacuate Collection Set: 1.4ms
[2022-04-22T01:39:04.199+0800][gc,phases    ] GC(126)   Other: 2.0ms
[2022-04-22T01:39:04.199+0800][gc,heap      ] GC(126) Eden regions: 45->0(47)
[2022-04-22T01:39:04.199+0800][gc,heap      ] GC(126) Survivor regions: 6->4(7)
[2022-04-22T01:39:04.199+0800][gc,heap      ] GC(126) Old regions: 124->126
[2022-04-22T01:39:04.199+0800][gc,heap      ] GC(126) Archive regions: 2->2
[2022-04-22T01:39:04.199+0800][gc,heap      ] GC(126) Humongous regions: 129->129
[2022-04-22T01:39:04.199+0800][gc,metaspace ] GC(126) Metaspace: 43451K->43451K(1089536K)
[2022-04-22T01:39:04.199+0800][gc           ] GC(126) Pause Young (Normal) (G1 Evacuation Pause) 303M->258M(1024M) 28.067ms
[2022-04-22T01:39:04.199+0800][gc,cpu       ] GC(126) User=0.05s Sys=0.04s Real=0.02s
[2022-04-22T01:39:21.192+0800][gc,start     ] GC(127) Pause Young (Normal) (G1 Evacuation Pause)
[2022-04-22T01:39:21.193+0800][gc,task      ] GC(127) Using 8 workers of 8 for evacuation
[2022-04-22T01:39:21.215+0800][gc,mmu       ] GC(127) MMU target violated: 21.0ms (20.0ms/21.0ms)
[2022-04-22T01:39:21.215+0800][gc,phases    ] GC(127)   Pre Evacuate Collection Set: 0.2ms
[2022-04-22T01:39:21.215+0800][gc,phases    ] GC(127)   Evacuate Collection Set: 20.4ms
[2022-04-22T01:39:21.215+0800][gc,phases    ] GC(127)   Post Evacuate Collection Set: 1.3ms
[2022-04-22T01:39:21.216+0800][gc,phases    ] GC(127)   Other: 2.3ms
[2022-04-22T01:39:21.216+0800][gc,heap      ] GC(127) Eden regions: 47->0(47)
[2022-04-22T01:39:21.216+0800][gc,heap      ] GC(127) Survivor regions: 4->4(7)
[2022-04-22T01:39:21.216+0800][gc,heap      ] GC(127) Old regions: 126->126
[2022-04-22T01:39:21.216+0800][gc,heap      ] GC(127) Archive regions: 2->2
[2022-04-22T01:39:21.216+0800][gc,heap      ] GC(127) Humongous regions: 129->129
[2022-04-22T01:39:21.216+0800][gc,metaspace ] GC(127) Metaspace: 43454K->43454K(1089536K)
[2022-04-22T01:39:21.216+0800][gc           ] GC(127) Pause Young (Normal) (G1 Evacuation Pause) 305M->258M(1024M) 23.703ms
[2022-04-22T01:39:21.216+0800][gc,cpu       ] GC(127) User=0.04s Sys=0.03s Real=0.02s
[2022-04-22T01:39:38.138+0800][gc,start     ] GC(128) Pause Young (Normal) (G1 Evacuation Pause)
[2022-04-22T01:39:38.138+0800][gc,task      ] GC(128) Using 8 workers of 8 for evacuation
[2022-04-22T01:39:38.154+0800][gc,phases    ] GC(128)   Pre Evacuate Collection Set: 0.2ms
[2022-04-22T01:39:38.154+0800][gc,phases    ] GC(128)   Evacuate Collection Set: 14.4ms
[2022-04-22T01:39:38.154+0800][gc,phases    ] GC(128)   Post Evacuate Collection Set: 0.4ms
[2022-04-22T01:39:38.154+0800][gc,phases    ] GC(128)   Other: 1.0ms
[2022-04-22T01:39:38.154+0800][gc,heap      ] GC(128) Eden regions: 47->0(47)
[2022-04-22T01:39:38.154+0800][gc,heap      ] GC(128) Survivor regions: 4->4(7)
[2022-04-22T01:39:38.154+0800][gc,heap      ] GC(128) Old regions: 126->126
[2022-04-22T01:39:38.154+0800][gc,heap      ] GC(128) Archive regions: 2->2
[2022-04-22T01:39:38.154+0800][gc,heap      ] GC(128) Humongous regions: 129->129
[2022-04-22T01:39:38.154+0800][gc,metaspace ] GC(128) Metaspace: 43460K->43460K(1089536K)
[2022-04-22T01:39:38.154+0800][gc           ] GC(128) Pause Young (Normal) (G1 Evacuation Pause) 305M->259M(1024M) 16.092ms
[2022-04-22T01:39:38.154+0800][gc,cpu       ] GC(128) User=0.03s Sys=0.01s Real=0.02s
[2022-04-22T01:39:55.034+0800][gc,start     ] GC(129) Pause Young (Normal) (G1 Evacuation Pause)
[2022-04-22T01:39:55.035+0800][gc,task      ] GC(129) Using 8 workers of 8 for evacuation
[2022-04-22T01:39:55.052+0800][gc,phases    ] GC(129)   Pre Evacuate Collection Set: 0.2ms
[2022-04-22T01:39:55.052+0800][gc,phases    ] GC(129)   Evacuate Collection Set: 16.1ms
[2022-04-22T01:39:55.052+0800][gc,phases    ] GC(129)   Post Evacuate Collection Set: 0.6ms
[2022-04-22T01:39:55.052+0800][gc,phases    ] GC(129)   Other: 1.3ms
[2022-04-22T01:39:55.052+0800][gc,heap      ] GC(129) Eden regions: 47->0(47)
[2022-04-22T01:39:55.052+0800][gc,heap      ] GC(129) Survivor regions: 4->4(7)
[2022-04-22T01:39:55.052+0800][gc,heap      ] GC(129) Old regions: 126->126
[2022-04-22T01:39:55.052+0800][gc,heap      ] GC(129) Archive regions: 2->2
[2022-04-22T01:39:55.052+0800][gc,heap      ] GC(129) Humongous regions: 129->129
[2022-04-22T01:39:55.052+0800][gc,metaspace ] GC(129) Metaspace: 43466K->43466K(1089536K)
[2022-04-22T01:39:55.052+0800][gc           ] GC(129) Pause Young (Normal) (G1 Evacuation Pause) 306M->259M(1024M) 18.313ms
[2022-04-22T01:39:55.052+0800][gc,cpu       ] GC(129) User=0.04s Sys=0.02s Real=0.02s
[2022-04-22T01:40:11.975+0800][gc,start     ] GC(130) Pause Young (Normal) (G1 Evacuation Pause)
[2022-04-22T01:40:11.976+0800][gc,task      ] GC(130) Using 8 workers of 8 for evacuation
[2022-04-22T01:40:11.995+0800][gc,phases    ] GC(130)   Pre Evacuate Collection Set: 0.2ms
[2022-04-22T01:40:12.006+0800][gc,phases    ] GC(130)   Evacuate Collection Set: 17.7ms
[2022-04-22T01:40:12.006+0800][gc,phases    ] GC(130)   Post Evacuate Collection Set: 0.4ms
[2022-04-22T01:40:12.006+0800][gc,phases    ] GC(130)   Other: 1.5ms
[2022-04-22T01:40:12.006+0800][gc,heap      ] GC(130) Eden regions: 47->0(48)
[2022-04-22T01:40:12.006+0800][gc,heap      ] GC(130) Survivor regions: 4->6(7)
[2022-04-22T01:40:12.006+0800][gc,heap      ] GC(130) Old regions: 126->127
[2022-04-22T01:40:12.006+0800][gc,heap      ] GC(130) Archive regions: 2->2
[2022-04-22T01:40:12.006+0800][gc,heap      ] GC(130) Humongous regions: 129->129
[2022-04-22T01:40:12.006+0800][gc,metaspace ] GC(130) Metaspace: 43466K->43466K(1089536K)
[2022-04-22T01:40:12.006+0800][gc           ] GC(130) Pause Young (Normal) (G1 Evacuation Pause) 306M->261M(1024M) 30.442ms
[2022-04-22T01:40:12.006+0800][gc,cpu       ] GC(130) User=0.04s Sys=0.02s Real=0.03s
[2022-04-22T01:40:29.930+0800][gc,start     ] GC(131) Pause Young (Normal) (G1 Evacuation Pause)
[2022-04-22T01:40:29.931+0800][gc,task      ] GC(131) Using 8 workers of 8 for evacuation
[2022-04-22T01:40:29.947+0800][gc,phases    ] GC(131)   Pre Evacuate Collection Set: 0.2ms
[2022-04-22T01:40:29.947+0800][gc,phases    ] GC(131)   Evacuate Collection Set: 14.7ms
[2022-04-22T01:40:29.947+0800][gc,phases    ] GC(131)   Post Evacuate Collection Set: 0.6ms
[2022-04-22T01:40:29.947+0800][gc,phases    ] GC(131)   Other: 1.6ms
[2022-04-22T01:40:29.947+0800][gc,heap      ] GC(131) Eden regions: 45->0(51)
[2022-04-22T01:40:29.947+0800][gc,heap      ] GC(131) Survivor regions: 6->4(7)
[2022-04-22T01:40:29.947+0800][gc,heap      ] GC(131) Old regions: 127->128
[2022-04-22T01:40:29.947+0800][gc,heap      ] GC(131) Archive regions: 2->2
[2022-04-22T01:40:29.947+0800][gc,heap      ] GC(131) Humongous regions: 129->129
[2022-04-22T01:40:29.947+0800][gc,metaspace ] GC(131) Metaspace: 43466K->43466K(1089536K)
[2022-04-22T01:40:29.947+0800][gc           ] GC(131) Pause Young (Normal) (G1 Evacuation Pause) 306M->261M(1024M) 17.279ms
[2022-04-22T01:40:29.947+0800][gc,cpu       ] GC(131) User=0.05s Sys=0.01s Real=0.01s
[2022-04-22T01:40:48.195+0800][gc,start     ] GC(132) Pause Young (Normal) (G1 Evacuation Pause)
[2022-04-22T01:40:48.196+0800][gc,task      ] GC(132) Using 8 workers of 8 for evacuation
[2022-04-22T01:40:48.215+0800][gc,phases    ] GC(132)   Pre Evacuate Collection Set: 0.2ms
[2022-04-22T01:40:48.215+0800][gc,phases    ] GC(132)   Evacuate Collection Set: 18.2ms
[2022-04-22T01:40:48.215+0800][gc,phases    ] GC(132)   Post Evacuate Collection Set: 0.6ms
[2022-04-22T01:40:48.215+0800][gc,phases    ] GC(132)   Other: 1.5ms
[2022-04-22T01:40:48.215+0800][gc,heap      ] GC(132) Eden regions: 51->0(52)
[2022-04-22T01:40:48.215+0800][gc,heap      ] GC(132) Survivor regions: 4->5(7)
[2022-04-22T01:40:48.215+0800][gc,heap      ] GC(132) Old regions: 128->128
[2022-04-22T01:40:48.215+0800][gc,heap      ] GC(132) Archive regions: 2->2
[2022-04-22T01:40:48.215+0800][gc,heap      ] GC(132) Humongous regions: 129->129
[2022-04-22T01:40:48.215+0800][gc,metaspace ] GC(132) Metaspace: 43466K->43466K(1089536K)
[2022-04-22T01:40:48.215+0800][gc           ] GC(132) Pause Young (Normal) (G1 Evacuation Pause) 312M->261M(1024M) 19.979ms
[2022-04-22T01:40:48.215+0800][gc,cpu       ] GC(132) User=0.04s Sys=0.02s Real=0.02s
[2022-04-22T01:41:06.904+0800][gc,start     ] GC(133) Pause Young (Normal) (G1 Evacuation Pause)
[2022-04-22T01:41:06.906+0800][gc,task      ] GC(133) Using 8 workers of 8 for evacuation
[2022-04-22T01:41:06.925+0800][gc,phases    ] GC(133)   Pre Evacuate Collection Set: 0.4ms
[2022-04-22T01:41:06.925+0800][gc,phases    ] GC(133)   Evacuate Collection Set: 17.5ms
[2022-04-22T01:41:06.925+0800][gc,phases    ] GC(133)   Post Evacuate Collection Set: 0.7ms
[2022-04-22T01:41:06.925+0800][gc,phases    ] GC(133)   Other: 2.4ms
[2022-04-22T01:41:06.925+0800][gc,heap      ] GC(133) Eden regions: 52->0(53)
[2022-04-22T01:41:06.925+0800][gc,heap      ] GC(133) Survivor regions: 5->4(8)
[2022-04-22T01:41:06.925+0800][gc,heap      ] GC(133) Old regions: 128->129
[2022-04-22T01:41:06.925+0800][gc,heap      ] GC(133) Archive regions: 2->2
[2022-04-22T01:41:06.925+0800][gc,heap      ] GC(133) Humongous regions: 129->129
[2022-04-22T01:41:06.925+0800][gc,metaspace ] GC(133) Metaspace: 43466K->43466K(1089536K)
[2022-04-22T01:41:06.925+0800][gc           ] GC(133) Pause Young (Normal) (G1 Evacuation Pause) 313M->261M(1024M) 21.188ms
[2022-04-22T01:41:06.926+0800][gc,cpu       ] GC(133) User=0.04s Sys=0.01s Real=0.02s
[2022-04-22T01:41:25.996+0800][gc,start     ] GC(134) Pause Young (Normal) (G1 Evacuation Pause)
[2022-04-22T01:41:25.996+0800][gc,task      ] GC(134) Using 8 workers of 8 for evacuation
[2022-04-22T01:41:26.010+0800][gc,phases    ] GC(134)   Pre Evacuate Collection Set: 0.1ms
[2022-04-22T01:41:26.010+0800][gc,phases    ] GC(134)   Evacuate Collection Set: 12.9ms
[2022-04-22T01:41:26.010+0800][gc,phases    ] GC(134)   Post Evacuate Collection Set: 0.4ms
[2022-04-22T01:41:26.010+0800][gc,phases    ] GC(134)   Other: 0.9ms
[2022-04-22T01:41:26.010+0800][gc,heap      ] GC(134) Eden regions: 53->0(60)
[2022-04-22T01:41:26.010+0800][gc,heap      ] GC(134) Survivor regions: 4->5(8)
[2022-04-22T01:41:26.010+0800][gc,heap      ] GC(134) Old regions: 129->129
[2022-04-22T01:41:26.010+0800][gc,heap      ] GC(134) Archive regions: 2->2
[2022-04-22T01:41:26.010+0800][gc,heap      ] GC(134) Humongous regions: 129->129
[2022-04-22T01:41:26.010+0800][gc,metaspace ] GC(134) Metaspace: 43466K->43466K(1089536K)
[2022-04-22T01:41:26.010+0800][gc           ] GC(134) Pause Young (Normal) (G1 Evacuation Pause) 314M->262M(1024M) 14.427ms
[2022-04-22T01:41:26.010+0800][gc,cpu       ] GC(134) User=0.04s Sys=0.01s Real=0.02s
[2022-04-22T01:41:48.431+0800][gc,start     ] GC(135) Pause Young (Normal) (G1 Evacuation Pause)
[2022-04-22T01:41:48.432+0800][gc,task      ] GC(135) Using 8 workers of 8 for evacuation
[2022-04-22T01:41:48.470+0800][gc,mmu       ] GC(135) MMU target violated: 21.0ms (20.0ms/21.0ms)
[2022-04-22T01:41:48.470+0800][gc,phases    ] GC(135)   Pre Evacuate Collection Set: 5.9ms
[2022-04-22T01:41:48.470+0800][gc,phases    ] GC(135)   Evacuate Collection Set: 27.6ms
[2022-04-22T01:41:48.470+0800][gc,phases    ] GC(135)   Post Evacuate Collection Set: 1.0ms
[2022-04-22T01:41:48.470+0800][gc,phases    ] GC(135)   Other: 4.2ms
[2022-04-22T01:41:48.470+0800][gc,heap      ] GC(135) Eden regions: 54->0(45)
[2022-04-22T01:41:48.470+0800][gc,heap      ] GC(135) Survivor regions: 5->6(8)
[2022-04-22T01:41:48.470+0800][gc,heap      ] GC(135) Old regions: 129->129
[2022-04-22T01:41:48.470+0800][gc,heap      ] GC(135) Archive regions: 2->2
[2022-04-22T01:41:48.470+0800][gc,heap      ] GC(135) Humongous regions: 129->129
[2022-04-22T01:41:48.470+0800][gc,metaspace ] GC(135) Metaspace: 43477K->43477K(1089536K)
[2022-04-22T01:41:48.470+0800][gc           ] GC(135) Pause Young (Normal) (G1 Evacuation Pause) 316M->263M(1024M) 38.879ms
[2022-04-22T01:41:48.470+0800][gc,cpu       ] GC(135) User=0.05s Sys=0.04s Real=0.04s
[2022-04-22T01:42:07.636+0800][gc,start     ] GC(136) Pause Young (Normal) (G1 Evacuation Pause)
[2022-04-22T01:42:07.637+0800][gc,task      ] GC(136) Using 8 workers of 8 for evacuation
[2022-04-22T01:42:07.654+0800][gc,phases    ] GC(136)   Pre Evacuate Collection Set: 0.2ms
[2022-04-22T01:42:07.654+0800][gc,phases    ] GC(136)   Evacuate Collection Set: 16.0ms
[2022-04-22T01:42:07.654+0800][gc,phases    ] GC(136)   Post Evacuate Collection Set: 0.4ms
[2022-04-22T01:42:07.654+0800][gc,phases    ] GC(136)   Other: 1.1ms
[2022-04-22T01:42:07.654+0800][gc,heap      ] GC(136) Eden regions: 45->0(47)
[2022-04-22T01:42:07.654+0800][gc,heap      ] GC(136) Survivor regions: 6->4(7)
[2022-04-22T01:42:07.654+0800][gc,heap      ] GC(136) Old regions: 129->131
[2022-04-22T01:42:07.654+0800][gc,heap      ] GC(136) Archive regions: 2->2
[2022-04-22T01:42:07.654+0800][gc,heap      ] GC(136) Humongous regions: 129->129
[2022-04-22T01:42:07.654+0800][gc,metaspace ] GC(136) Metaspace: 43477K->43477K(1089536K)
[2022-04-22T01:42:07.654+0800][gc           ] GC(136) Pause Young (Normal) (G1 Evacuation Pause) 308M->263M(1024M) 17.853ms
[2022-04-22T01:42:07.654+0800][gc,cpu       ] GC(136) User=0.03s Sys=0.00s Real=0.02s
[2022-04-22T01:42:24.597+0800][gc,start     ] GC(137) Pause Young (Normal) (G1 Evacuation Pause)
[2022-04-22T01:42:24.597+0800][gc,task      ] GC(137) Using 8 workers of 8 for evacuation
[2022-04-22T01:42:24.612+0800][gc,phases    ] GC(137)   Pre Evacuate Collection Set: 0.2ms
[2022-04-22T01:42:24.612+0800][gc,phases    ] GC(137)   Evacuate Collection Set: 13.0ms
[2022-04-22T01:42:24.612+0800][gc,phases    ] GC(137)   Post Evacuate Collection Set: 1.0ms
[2022-04-22T01:42:24.612+0800][gc,phases    ] GC(137)   Other: 1.5ms
[2022-04-22T01:42:24.612+0800][gc,heap      ] GC(137) Eden regions: 47->0(54)
[2022-04-22T01:42:24.612+0800][gc,heap      ] GC(137) Survivor regions: 4->4(7)
[2022-04-22T01:42:24.612+0800][gc,heap      ] GC(137) Old regions: 131->131
[2022-04-22T01:42:24.612+0800][gc,heap      ] GC(137) Archive regions: 2->2
[2022-04-22T01:42:24.612+0800][gc,heap      ] GC(137) Humongous regions: 129->129
[2022-04-22T01:42:24.612+0800][gc,metaspace ] GC(137) Metaspace: 43477K->43477K(1089536K)
[2022-04-22T01:42:24.612+0800][gc           ] GC(137) Pause Young (Normal) (G1 Evacuation Pause) 310M->263M(1024M) 15.342ms
[2022-04-22T01:42:24.612+0800][gc,cpu       ] GC(137) User=0.04s Sys=0.01s Real=0.02s
[2022-04-22T01:42:43.889+0800][gc,start     ] GC(138) Pause Young (Normal) (G1 Evacuation Pause)
[2022-04-22T01:42:43.902+0800][gc,task      ] GC(138) Using 8 workers of 8 for evacuation
[2022-04-22T01:42:43.922+0800][gc,phases    ] GC(138)   Pre Evacuate Collection Set: 0.2ms
[2022-04-22T01:42:43.922+0800][gc,phases    ] GC(138)   Evacuate Collection Set: 17.8ms
[2022-04-22T01:42:43.922+0800][gc,phases    ] GC(138)   Post Evacuate Collection Set: 0.8ms
[2022-04-22T01:42:43.922+0800][gc,phases    ] GC(138)   Other: 13.5ms
[2022-04-22T01:42:43.922+0800][gc,heap      ] GC(138) Eden regions: 54->0(55)
[2022-04-22T01:42:43.922+0800][gc,heap      ] GC(138) Survivor regions: 4->5(8)
[2022-04-22T01:42:43.922+0800][gc,heap      ] GC(138) Old regions: 131->131
[2022-04-22T01:42:43.922+0800][gc,heap      ] GC(138) Archive regions: 2->2
[2022-04-22T01:42:43.922+0800][gc,heap      ] GC(138) Humongous regions: 129->129
[2022-04-22T01:42:43.922+0800][gc,metaspace ] GC(138) Metaspace: 43477K->43477K(1089536K)
[2022-04-22T01:42:43.922+0800][gc           ] GC(138) Pause Young (Normal) (G1 Evacuation Pause) 317M->264M(1024M) 32.715ms
[2022-04-22T01:42:43.922+0800][gc,cpu       ] GC(138) User=0.06s Sys=0.01s Real=0.04s
[2022-04-22T01:43:06.197+0800][gc,start     ] GC(139) Pause Young (Normal) (G1 Evacuation Pause)
[2022-04-22T01:43:06.198+0800][gc,task      ] GC(139) Using 8 workers of 8 for evacuation
[2022-04-22T01:43:06.224+0800][gc,mmu       ] GC(139) MMU target violated: 21.0ms (20.0ms/21.0ms)
[2022-04-22T01:43:06.224+0800][gc,phases    ] GC(139)   Pre Evacuate Collection Set: 0.2ms
[2022-04-22T01:43:06.224+0800][gc,phases    ] GC(139)   Evacuate Collection Set: 25.1ms
[2022-04-22T01:43:06.224+0800][gc,phases    ] GC(139)   Post Evacuate Collection Set: 0.7ms
[2022-04-22T01:43:06.224+0800][gc,phases    ] GC(139)   Other: 1.4ms
[2022-04-22T01:43:06.224+0800][gc,heap      ] GC(139) Eden regions: 55->0(50)
[2022-04-22T01:43:06.224+0800][gc,heap      ] GC(139) Survivor regions: 5->6(8)
[2022-04-22T01:43:06.224+0800][gc,heap      ] GC(139) Old regions: 131->131
[2022-04-22T01:43:06.224+0800][gc,heap      ] GC(139) Archive regions: 2->2
[2022-04-22T01:43:06.224+0800][gc,heap      ] GC(139) Humongous regions: 129->129
[2022-04-22T01:43:06.224+0800][gc,metaspace ] GC(139) Metaspace: 43477K->43477K(1089536K)
[2022-04-22T01:43:06.224+0800][gc           ] GC(139) Pause Young (Normal) (G1 Evacuation Pause) 319M->265M(1024M) 27.516ms
[2022-04-22T01:43:06.224+0800][gc,cpu       ] GC(139) User=0.05s Sys=0.02s Real=0.03s
[2022-04-22T01:43:22.418+0800][gc,start     ] GC(140) Pause Young (Normal) (G1 Evacuation Pause)
[2022-04-22T01:43:22.418+0800][gc,task      ] GC(140) Using 8 workers of 8 for evacuation
[2022-04-22T01:43:22.445+0800][gc,mmu       ] GC(140) MMU target violated: 21.0ms (20.0ms/21.0ms)
[2022-04-22T01:43:22.446+0800][gc,phases    ] GC(140)   Pre Evacuate Collection Set: 0.3ms
[2022-04-22T01:43:22.446+0800][gc,phases    ] GC(140)   Evacuate Collection Set: 24.4ms
[2022-04-22T01:43:22.446+0800][gc,phases    ] GC(140)   Post Evacuate Collection Set: 1.2ms
[2022-04-22T01:43:22.446+0800][gc,phases    ] GC(140)   Other: 1.7ms
[2022-04-22T01:43:22.446+0800][gc,heap      ] GC(140) Eden regions: 45->0(47)
[2022-04-22T01:43:22.446+0800][gc,heap      ] GC(140) Survivor regions: 6->4(7)
[2022-04-22T01:43:22.446+0800][gc,heap      ] GC(140) Old regions: 131->133
[2022-04-22T01:43:22.446+0800][gc,heap      ] GC(140) Archive regions: 2->2
[2022-04-22T01:43:22.446+0800][gc,heap      ] GC(140) Humongous regions: 129->129
[2022-04-22T01:43:22.446+0800][gc,metaspace ] GC(140) Metaspace: 43485K->43485K(1089536K)
[2022-04-22T01:43:22.446+0800][gc           ] GC(140) Pause Young (Normal) (G1 Evacuation Pause) 310M->265M(1024M) 27.846ms
[2022-04-22T01:43:22.446+0800][gc,cpu       ] GC(140) User=0.05s Sys=0.01s Real=0.03s
[2022-04-22T01:43:39.545+0800][gc,start     ] GC(141) Pause Young (Normal) (G1 Evacuation Pause)
[2022-04-22T01:43:39.545+0800][gc,task      ] GC(141) Using 8 workers of 8 for evacuation
[2022-04-22T01:43:39.560+0800][gc,phases    ] GC(141)   Pre Evacuate Collection Set: 0.1ms
[2022-04-22T01:43:39.560+0800][gc,phases    ] GC(141)   Evacuate Collection Set: 13.2ms
[2022-04-22T01:43:39.560+0800][gc,phases    ] GC(141)   Post Evacuate Collection Set: 1.0ms
[2022-04-22T01:43:39.560+0800][gc,phases    ] GC(141)   Other: 0.9ms
[2022-04-22T01:43:39.560+0800][gc,heap      ] GC(141) Eden regions: 47->0(51)
[2022-04-22T01:43:39.560+0800][gc,heap      ] GC(141) Survivor regions: 4->5(7)
[2022-04-22T01:43:39.560+0800][gc,heap      ] GC(141) Old regions: 133->133
[2022-04-22T01:43:39.560+0800][gc,heap      ] GC(141) Archive regions: 2->2
[2022-04-22T01:43:39.560+0800][gc,heap      ] GC(141) Humongous regions: 129->129
[2022-04-22T01:43:39.560+0800][gc,metaspace ] GC(141) Metaspace: 43485K->43485K(1089536K)
[2022-04-22T01:43:39.560+0800][gc           ] GC(141) Pause Young (Normal) (G1 Evacuation Pause) 312M->265M(1024M) 15.365ms
[2022-04-22T01:43:39.560+0800][gc,cpu       ] GC(141) User=0.03s Sys=0.01s Real=0.02s
[2022-04-22T01:43:56.103+0800][gc,start     ] GC(142) Pause Young (Normal) (G1 Evacuation Pause)
[2022-04-22T01:43:56.114+0800][gc,task      ] GC(142) Using 8 workers of 8 for evacuation
[2022-04-22T01:43:56.127+0800][gc,phases    ] GC(142)   Pre Evacuate Collection Set: 0.2ms
[2022-04-22T01:43:56.127+0800][gc,phases    ] GC(142)   Evacuate Collection Set: 11.6ms
[2022-04-22T01:43:56.127+0800][gc,phases    ] GC(142)   Post Evacuate Collection Set: 0.5ms
[2022-04-22T01:43:56.127+0800][gc,phases    ] GC(142)   Other: 11.5ms
[2022-04-22T01:43:56.127+0800][gc,heap      ] GC(142) Eden regions: 46->0(60)
[2022-04-22T01:43:56.127+0800][gc,heap      ] GC(142) Survivor regions: 5->4(7)
[2022-04-22T01:43:56.127+0800][gc,heap      ] GC(142) Old regions: 133->133
[2022-04-22T01:43:56.127+0800][gc,heap      ] GC(142) Archive regions: 2->2
[2022-04-22T01:43:56.127+0800][gc,heap      ] GC(142) Humongous regions: 129->129
[2022-04-22T01:43:56.127+0800][gc,metaspace ] GC(142) Metaspace: 43485K->43485K(1089536K)
[2022-04-22T01:43:56.128+0800][gc           ] GC(142) Pause Young (Normal) (G1 Evacuation Pause) 311M->266M(1024M) 24.140ms
[2022-04-22T01:43:56.128+0800][gc,cpu       ] GC(142) User=0.04s Sys=0.00s Real=0.02s
[2022-04-22T01:44:17.771+0800][gc,start     ] GC(143) Pause Young (Normal) (G1 Evacuation Pause)
[2022-04-22T01:44:17.772+0800][gc,task      ] GC(143) Using 8 workers of 8 for evacuation
[2022-04-22T01:44:17.792+0800][gc,phases    ] GC(143)   Pre Evacuate Collection Set: 0.3ms
[2022-04-22T01:44:17.792+0800][gc,phases    ] GC(143)   Evacuate Collection Set: 16.7ms
[2022-04-22T01:44:17.792+0800][gc,phases    ] GC(143)   Post Evacuate Collection Set: 1.8ms
[2022-04-22T01:44:17.792+0800][gc,phases    ] GC(143)   Other: 2.7ms
[2022-04-22T01:44:17.792+0800][gc,heap      ] GC(143) Eden regions: 60->0(60)
[2022-04-22T01:44:17.792+0800][gc,heap      ] GC(143) Survivor regions: 4->5(8)
[2022-04-22T01:44:17.792+0800][gc,heap      ] GC(143) Old regions: 133->133
[2022-04-22T01:44:17.792+0800][gc,heap      ] GC(143) Archive regions: 2->2
[2022-04-22T01:44:17.792+0800][gc,heap      ] GC(143) Humongous regions: 129->129
[2022-04-22T01:44:17.792+0800][gc,metaspace ] GC(143) Metaspace: 43485K->43485K(1089536K)
[2022-04-22T01:44:17.792+0800][gc           ] GC(143) Pause Young (Normal) (G1 Evacuation Pause) 326M->266M(1024M) 21.784ms
[2022-04-22T01:44:17.792+0800][gc,cpu       ] GC(143) User=0.04s Sys=0.02s Real=0.02s
[2022-04-22T01:44:39.350+0800][gc,start     ] GC(144) Pause Young (Normal) (G1 Evacuation Pause)
[2022-04-22T01:44:39.351+0800][gc,task      ] GC(144) Using 8 workers of 8 for evacuation
[2022-04-22T01:44:39.368+0800][gc,phases    ] GC(144)   Pre Evacuate Collection Set: 0.4ms
[2022-04-22T01:44:39.368+0800][gc,phases    ] GC(144)   Evacuate Collection Set: 14.9ms
[2022-04-22T01:44:39.368+0800][gc,phases    ] GC(144)   Post Evacuate Collection Set: 0.6ms
[2022-04-22T01:44:39.368+0800][gc,phases    ] GC(144)   Other: 2.5ms
[2022-04-22T01:44:39.368+0800][gc,heap      ] GC(144) Eden regions: 60->0(62)
[2022-04-22T01:44:39.368+0800][gc,heap      ] GC(144) Survivor regions: 5->5(9)
[2022-04-22T01:44:39.368+0800][gc,heap      ] GC(144) Old regions: 133->133
[2022-04-22T01:44:39.368+0800][gc,heap      ] GC(144) Archive regions: 2->2
[2022-04-22T01:44:39.368+0800][gc,heap      ] GC(144) Humongous regions: 129->129
[2022-04-22T01:44:39.368+0800][gc,metaspace ] GC(144) Metaspace: 43487K->43487K(1089536K)
[2022-04-22T01:44:39.368+0800][gc           ] GC(144) Pause Young (Normal) (G1 Evacuation Pause) 326M->266M(1024M) 18.645ms
[2022-04-22T01:44:39.368+0800][gc,cpu       ] GC(144) User=0.06s Sys=0.02s Real=0.01s
[2022-04-22T01:45:01.873+0800][gc,start     ] GC(145) Pause Young (Normal) (G1 Evacuation Pause)
[2022-04-22T01:45:01.873+0800][gc,task      ] GC(145) Using 8 workers of 8 for evacuation
[2022-04-22T01:45:01.918+0800][gc,mmu       ] GC(145) MMU target violated: 21.0ms (20.0ms/21.0ms)
[2022-04-22T01:45:01.918+0800][gc,phases    ] GC(145)   Pre Evacuate Collection Set: 1.8ms
[2022-04-22T01:45:01.918+0800][gc,phases    ] GC(145)   Evacuate Collection Set: 34.2ms
[2022-04-22T01:45:01.918+0800][gc,phases    ] GC(145)   Post Evacuate Collection Set: 4.4ms
[2022-04-22T01:45:01.918+0800][gc,phases    ] GC(145)   Other: 5.0ms
[2022-04-22T01:45:01.918+0800][gc,heap      ] GC(145) Eden regions: 62->0(45)
[2022-04-22T01:45:01.918+0800][gc,heap      ] GC(145) Survivor regions: 5->6(9)
[2022-04-22T01:45:01.918+0800][gc,heap      ] GC(145) Old regions: 133->133
[2022-04-22T01:45:01.918+0800][gc,heap      ] GC(145) Archive regions: 2->2
[2022-04-22T01:45:01.918+0800][gc,heap      ] GC(145) Humongous regions: 129->129
[2022-04-22T01:45:01.918+0800][gc,metaspace ] GC(145) Metaspace: 43487K->43487K(1089536K)
[2022-04-22T01:45:01.918+0800][gc           ] GC(145) Pause Young (Normal) (G1 Evacuation Pause) 328M->267M(1024M) 45.514ms
[2022-04-22T01:45:01.918+0800][gc,cpu       ] GC(145) User=0.04s Sys=0.04s Real=0.04s
[2022-04-22T01:45:21.721+0800][gc,start     ] GC(146) Pause Young (Normal) (G1 Evacuation Pause)
[2022-04-22T01:45:21.721+0800][gc,task      ] GC(146) Using 8 workers of 8 for evacuation
[2022-04-22T01:45:21.765+0800][gc,mmu       ] GC(146) MMU target violated: 21.0ms (20.0ms/21.0ms)
[2022-04-22T01:45:21.765+0800][gc,phases    ] GC(146)   Pre Evacuate Collection Set: 0.2ms
[2022-04-22T01:45:21.765+0800][gc,phases    ] GC(146)   Evacuate Collection Set: 41.0ms
[2022-04-22T01:45:21.765+0800][gc,phases    ] GC(146)   Post Evacuate Collection Set: 1.8ms
[2022-04-22T01:45:21.765+0800][gc,phases    ] GC(146)   Other: 1.1ms
[2022-04-22T01:45:21.765+0800][gc,heap      ] GC(146) Eden regions: 45->0(46)
[2022-04-22T01:45:21.765+0800][gc,heap      ] GC(146) Survivor regions: 6->5(7)
[2022-04-22T01:45:21.765+0800][gc,heap      ] GC(146) Old regions: 133->135
[2022-04-22T01:45:21.765+0800][gc,heap      ] GC(146) Archive regions: 2->2
[2022-04-22T01:45:21.765+0800][gc,heap      ] GC(146) Humongous regions: 129->129
[2022-04-22T01:45:21.765+0800][gc,metaspace ] GC(146) Metaspace: 43487K->43487K(1089536K)
[2022-04-22T01:45:21.765+0800][gc           ] GC(146) Pause Young (Normal) (G1 Evacuation Pause) 312M->269M(1024M) 44.099ms
[2022-04-22T01:45:21.765+0800][gc,cpu       ] GC(146) User=0.05s Sys=0.04s Real=0.04s
[2022-04-22T01:45:39.716+0800][gc,start     ] GC(147) Pause Young (Normal) (G1 Evacuation Pause)
[2022-04-22T01:45:39.718+0800][gc,task      ] GC(147) Using 8 workers of 8 for evacuation
[2022-04-22T01:45:39.742+0800][gc,mmu       ] GC(147) MMU target violated: 21.0ms (20.0ms/21.0ms)
[2022-04-22T01:45:39.742+0800][gc,phases    ] GC(147)   Pre Evacuate Collection Set: 0.3ms
[2022-04-22T01:45:39.742+0800][gc,phases    ] GC(147)   Evacuate Collection Set: 21.9ms
[2022-04-22T01:45:39.742+0800][gc,phases    ] GC(147)   Post Evacuate Collection Set: 0.8ms
[2022-04-22T01:45:39.742+0800][gc,phases    ] GC(147)   Other: 2.7ms
[2022-04-22T01:45:39.742+0800][gc,heap      ] GC(147) Eden regions: 46->0(47)
[2022-04-22T01:45:39.742+0800][gc,heap      ] GC(147) Survivor regions: 5->4(7)
[2022-04-22T01:45:39.742+0800][gc,heap      ] GC(147) Old regions: 135->136
[2022-04-22T01:45:39.742+0800][gc,heap      ] GC(147) Archive regions: 2->2
[2022-04-22T01:45:39.742+0800][gc,heap      ] GC(147) Humongous regions: 129->129
[2022-04-22T01:45:39.742+0800][gc,metaspace ] GC(147) Metaspace: 43487K->43487K(1089536K)
[2022-04-22T01:45:39.742+0800][gc           ] GC(147) Pause Young (Normal) (G1 Evacuation Pause) 315M->269M(1024M) 25.629ms
[2022-04-22T01:45:39.742+0800][gc,cpu       ] GC(147) User=0.05s Sys=0.02s Real=0.03s
[2022-04-22T01:45:57.551+0800][gc,start     ] GC(148) Pause Young (Normal) (G1 Evacuation Pause)
[2022-04-22T01:45:57.552+0800][gc,task      ] GC(148) Using 8 workers of 8 for evacuation
[2022-04-22T01:45:57.571+0800][gc,phases    ] GC(148)   Pre Evacuate Collection Set: 0.2ms
[2022-04-22T01:45:57.572+0800][gc,phases    ] GC(148)   Evacuate Collection Set: 17.9ms
[2022-04-22T01:45:57.572+0800][gc,phases    ] GC(148)   Post Evacuate Collection Set: 1.1ms
[2022-04-22T01:45:57.572+0800][gc,phases    ] GC(148)   Other: 1.3ms
[2022-04-22T01:45:57.572+0800][gc,heap      ] GC(148) Eden regions: 47->0(47)
[2022-04-22T01:45:57.572+0800][gc,heap      ] GC(148) Survivor regions: 4->4(7)
[2022-04-22T01:45:57.572+0800][gc,heap      ] GC(148) Old regions: 136->136
[2022-04-22T01:45:57.572+0800][gc,heap      ] GC(148) Archive regions: 2->2
[2022-04-22T01:45:57.572+0800][gc,heap      ] GC(148) Humongous regions: 129->129
[2022-04-22T01:45:57.572+0800][gc,metaspace ] GC(148) Metaspace: 43492K->43492K(1089536K)
[2022-04-22T01:45:57.572+0800][gc           ] GC(148) Pause Young (Normal) (G1 Evacuation Pause) 316M->269M(1024M) 20.590ms
[2022-04-22T01:45:57.572+0800][gc,cpu       ] GC(148) User=0.04s Sys=0.02s Real=0.02s
[2022-04-22T01:46:14.541+0800][gc,start     ] GC(149) Pause Young (Normal) (G1 Evacuation Pause)
[2022-04-22T01:46:14.542+0800][gc,task      ] GC(149) Using 8 workers of 8 for evacuation
[2022-04-22T01:46:14.563+0800][gc,mmu       ] GC(149) MMU target violated: 21.0ms (20.0ms/21.0ms)
[2022-04-22T01:46:14.564+0800][gc,phases    ] GC(149)   Pre Evacuate Collection Set: 0.2ms
[2022-04-22T01:46:14.564+0800][gc,phases    ] GC(149)   Evacuate Collection Set: 20.1ms
[2022-04-22T01:46:14.564+0800][gc,phases    ] GC(149)   Post Evacuate Collection Set: 0.9ms
[2022-04-22T01:46:14.564+0800][gc,phases    ] GC(149)   Other: 1.8ms
[2022-04-22T01:46:14.564+0800][gc,heap      ] GC(149) Eden regions: 47->0(47)
[2022-04-22T01:46:14.564+0800][gc,heap      ] GC(149) Survivor regions: 4->4(7)
[2022-04-22T01:46:14.564+0800][gc,heap      ] GC(149) Old regions: 136->136
[2022-04-22T01:46:14.564+0800][gc,heap      ] GC(149) Archive regions: 2->2
[2022-04-22T01:46:14.564+0800][gc,heap      ] GC(149) Humongous regions: 129->129
[2022-04-22T01:46:14.564+0800][gc,metaspace ] GC(149) Metaspace: 43501K->43501K(1089536K)
[2022-04-22T01:46:14.564+0800][gc           ] GC(149) Pause Young (Normal) (G1 Evacuation Pause) 316M->269M(1024M) 23.144ms
[2022-04-22T01:46:14.564+0800][gc,cpu       ] GC(149) User=0.04s Sys=0.02s Real=0.02s
[2022-04-22T01:46:31.441+0800][gc,start     ] GC(150) Pause Young (Normal) (G1 Evacuation Pause)
[2022-04-22T01:46:31.442+0800][gc,task      ] GC(150) Using 8 workers of 8 for evacuation
[2022-04-22T01:46:31.464+0800][gc,mmu       ] GC(150) MMU target violated: 21.0ms (20.0ms/21.0ms)
[2022-04-22T01:46:31.464+0800][gc,phases    ] GC(150)   Pre Evacuate Collection Set: 0.3ms
[2022-04-22T01:46:31.464+0800][gc,phases    ] GC(150)   Evacuate Collection Set: 19.0ms
[2022-04-22T01:46:31.464+0800][gc,phases    ] GC(150)   Post Evacuate Collection Set: 1.0ms
[2022-04-22T01:46:31.464+0800][gc,phases    ] GC(150)   Other: 2.1ms
[2022-04-22T01:46:31.464+0800][gc,heap      ] GC(150) Eden regions: 47->0(47)
[2022-04-22T01:46:31.464+0800][gc,heap      ] GC(150) Survivor regions: 4->4(7)
[2022-04-22T01:46:31.464+0800][gc,heap      ] GC(150) Old regions: 136->137
[2022-04-22T01:46:31.464+0800][gc,heap      ] GC(150) Archive regions: 2->2
[2022-04-22T01:46:31.464+0800][gc,heap      ] GC(150) Humongous regions: 129->129
[2022-04-22T01:46:31.464+0800][gc,metaspace ] GC(150) Metaspace: 43501K->43501K(1089536K)
[2022-04-22T01:46:31.464+0800][gc           ] GC(150) Pause Young (Normal) (G1 Evacuation Pause) 316M->269M(1024M) 22.520ms
[2022-04-22T01:46:31.464+0800][gc,cpu       ] GC(150) User=0.04s Sys=0.03s Real=0.02s
[2022-04-22T01:46:48.372+0800][gc,start     ] GC(151) Pause Young (Normal) (G1 Evacuation Pause)
[2022-04-22T01:46:48.387+0800][gc,task      ] GC(151) Using 8 workers of 8 for evacuation
[2022-04-22T01:46:48.403+0800][gc,phases    ] GC(151)   Pre Evacuate Collection Set: 0.1ms
[2022-04-22T01:46:48.403+0800][gc,phases    ] GC(151)   Evacuate Collection Set: 14.3ms
[2022-04-22T01:46:48.403+0800][gc,phases    ] GC(151)   Post Evacuate Collection Set: 0.8ms
[2022-04-22T01:46:48.403+0800][gc,phases    ] GC(151)   Other: 15.4ms
[2022-04-22T01:46:48.403+0800][gc,heap      ] GC(151) Eden regions: 47->0(47)
[2022-04-22T01:46:48.403+0800][gc,heap      ] GC(151) Survivor regions: 4->4(7)
[2022-04-22T01:46:48.403+0800][gc,heap      ] GC(151) Old regions: 137->137
[2022-04-22T01:46:48.403+0800][gc,heap      ] GC(151) Archive regions: 2->2
[2022-04-22T01:46:48.403+0800][gc,heap      ] GC(151) Humongous regions: 129->129
[2022-04-22T01:46:48.403+0800][gc,metaspace ] GC(151) Metaspace: 43501K->43501K(1089536K)
[2022-04-22T01:46:48.403+0800][gc           ] GC(151) Pause Young (Normal) (G1 Evacuation Pause) 316M->270M(1024M) 30.756ms
[2022-04-22T01:46:48.403+0800][gc,cpu       ] GC(151) User=0.05s Sys=0.01s Real=0.03s
[2022-04-22T01:47:05.301+0800][gc,start     ] GC(152) Pause Young (Normal) (G1 Evacuation Pause)
[2022-04-22T01:47:05.301+0800][gc,task      ] GC(152) Using 8 workers of 8 for evacuation
[2022-04-22T01:47:05.308+0800][gc,phases    ] GC(152)   Pre Evacuate Collection Set: 0.1ms
[2022-04-22T01:47:05.309+0800][gc,phases    ] GC(152)   Evacuate Collection Set: 6.0ms
[2022-04-22T01:47:05.309+0800][gc,phases    ] GC(152)   Post Evacuate Collection Set: 0.5ms
[2022-04-22T01:47:05.309+0800][gc,phases    ] GC(152)   Other: 0.9ms
[2022-04-22T01:47:05.309+0800][gc,heap      ] GC(152) Eden regions: 47->0(51)
[2022-04-22T01:47:05.309+0800][gc,heap      ] GC(152) Survivor regions: 4->4(7)
[2022-04-22T01:47:05.309+0800][gc,heap      ] GC(152) Old regions: 137->137
[2022-04-22T01:47:05.309+0800][gc,heap      ] GC(152) Archive regions: 2->2
[2022-04-22T01:47:05.309+0800][gc,heap      ] GC(152) Humongous regions: 129->129
[2022-04-22T01:47:05.309+0800][gc,metaspace ] GC(152) Metaspace: 43501K->43501K(1089536K)
[2022-04-22T01:47:05.309+0800][gc           ] GC(152) Pause Young (Normal) (G1 Evacuation Pause) 317M->270M(1024M) 7.660ms
[2022-04-22T01:47:05.309+0800][gc,cpu       ] GC(152) User=0.03s Sys=0.01s Real=0.00s
[2022-04-22T01:47:23.659+0800][gc,start     ] GC(153) Pause Young (Normal) (G1 Evacuation Pause)
[2022-04-22T01:47:23.673+0800][gc,task      ] GC(153) Using 8 workers of 8 for evacuation
[2022-04-22T01:47:23.700+0800][gc,mmu       ] GC(153) MMU target violated: 21.0ms (20.0ms/21.0ms)
[2022-04-22T01:47:23.700+0800][gc,phases    ] GC(153)   Pre Evacuate Collection Set: 0.2ms
[2022-04-22T01:47:23.700+0800][gc,phases    ] GC(153)   Evacuate Collection Set: 26.1ms
[2022-04-22T01:47:23.701+0800][gc,phases    ] GC(153)   Post Evacuate Collection Set: 0.3ms
[2022-04-22T01:47:23.701+0800][gc,phases    ] GC(153)   Other: 14.7ms
[2022-04-22T01:47:23.701+0800][gc,heap      ] GC(153) Eden regions: 51->0(48)
[2022-04-22T01:47:23.701+0800][gc,heap      ] GC(153) Survivor regions: 4->5(7)
[2022-04-22T01:47:23.701+0800][gc,heap      ] GC(153) Old regions: 137->137
[2022-04-22T01:47:23.701+0800][gc,heap      ] GC(153) Archive regions: 2->2
[2022-04-22T01:47:23.701+0800][gc,heap      ] GC(153) Humongous regions: 129->129
[2022-04-22T01:47:23.701+0800][gc,metaspace ] GC(153) Metaspace: 43501K->43501K(1089536K)
[2022-04-22T01:47:23.701+0800][gc           ] GC(153) Pause Young (Normal) (G1 Evacuation Pause) 321M->271M(1024M) 41.285ms
[2022-04-22T01:47:23.701+0800][gc,cpu       ] GC(153) User=0.05s Sys=0.01s Real=0.05s
[2022-04-22T01:47:41.037+0800][gc,start     ] GC(154) Pause Young (Normal) (G1 Evacuation Pause)
[2022-04-22T01:47:41.038+0800][gc,task      ] GC(154) Using 8 workers of 8 for evacuation
[2022-04-22T01:47:41.053+0800][gc,phases    ] GC(154)   Pre Evacuate Collection Set: 0.4ms
[2022-04-22T01:47:41.053+0800][gc,phases    ] GC(154)   Evacuate Collection Set: 13.8ms
[2022-04-22T01:47:41.053+0800][gc,phases    ] GC(154)   Post Evacuate Collection Set: 0.7ms
[2022-04-22T01:47:41.054+0800][gc,phases    ] GC(154)   Other: 1.6ms
[2022-04-22T01:47:41.054+0800][gc,heap      ] GC(154) Eden regions: 48->0(48)
[2022-04-22T01:47:41.054+0800][gc,heap      ] GC(154) Survivor regions: 5->4(7)
[2022-04-22T01:47:41.054+0800][gc,heap      ] GC(154) Old regions: 137->138
[2022-04-22T01:47:41.054+0800][gc,heap      ] GC(154) Archive regions: 2->2
[2022-04-22T01:47:41.054+0800][gc,heap      ] GC(154) Humongous regions: 129->129
[2022-04-22T01:47:41.054+0800][gc,metaspace ] GC(154) Metaspace: 43501K->43501K(1089536K)
[2022-04-22T01:47:41.054+0800][gc           ] GC(154) Pause Young (Normal) (G1 Evacuation Pause) 319M->271M(1024M) 16.713ms
[2022-04-22T01:47:41.054+0800][gc,cpu       ] GC(154) User=0.05s Sys=0.01s Real=0.02s
[2022-04-22T01:47:59.198+0800][gc,start     ] GC(155) Pause Young (Normal) (G1 Evacuation Pause)
[2022-04-22T01:47:59.198+0800][gc,task      ] GC(155) Using 8 workers of 8 for evacuation
[2022-04-22T01:47:59.216+0800][gc,phases    ] GC(155)   Pre Evacuate Collection Set: 0.2ms
[2022-04-22T01:47:59.216+0800][gc,phases    ] GC(155)   Evacuate Collection Set: 14.9ms
[2022-04-22T01:47:59.216+0800][gc,phases    ] GC(155)   Post Evacuate Collection Set: 1.7ms
[2022-04-22T01:47:59.216+0800][gc,phases    ] GC(155)   Other: 1.3ms
[2022-04-22T01:47:59.216+0800][gc,heap      ] GC(155) Eden regions: 48->0(50)
[2022-04-22T01:47:59.216+0800][gc,heap      ] GC(155) Survivor regions: 4->5(7)
[2022-04-22T01:47:59.216+0800][gc,heap      ] GC(155) Old regions: 138->138
[2022-04-22T01:47:59.216+0800][gc,heap      ] GC(155) Archive regions: 2->2
[2022-04-22T01:47:59.216+0800][gc,heap      ] GC(155) Humongous regions: 129->129
[2022-04-22T01:47:59.216+0800][gc,metaspace ] GC(155) Metaspace: 43501K->43501K(1089536K)
[2022-04-22T01:47:59.216+0800][gc           ] GC(155) Pause Young (Normal) (G1 Evacuation Pause) 319M->271M(1024M) 18.450ms
[2022-04-22T01:47:59.216+0800][gc,cpu       ] GC(155) User=0.03s Sys=0.02s Real=0.02s
[2022-04-22T01:48:17.632+0800][gc,start     ] GC(156) Pause Young (Normal) (G1 Evacuation Pause)
[2022-04-22T01:48:17.633+0800][gc,task      ] GC(156) Using 8 workers of 8 for evacuation
[2022-04-22T01:48:17.652+0800][gc,phases    ] GC(156)   Pre Evacuate Collection Set: 0.3ms
[2022-04-22T01:48:17.652+0800][gc,phases    ] GC(156)   Evacuate Collection Set: 16.8ms
[2022-04-22T01:48:17.652+0800][gc,phases    ] GC(156)   Post Evacuate Collection Set: 0.7ms
[2022-04-22T01:48:17.652+0800][gc,phases    ] GC(156)   Other: 1.9ms
[2022-04-22T01:48:17.652+0800][gc,heap      ] GC(156) Eden regions: 50->0(52)
[2022-04-22T01:48:17.652+0800][gc,heap      ] GC(156) Survivor regions: 5->5(7)
[2022-04-22T01:48:17.652+0800][gc,heap      ] GC(156) Old regions: 138->139
[2022-04-22T01:48:17.652+0800][gc,heap      ] GC(156) Archive regions: 2->2
[2022-04-22T01:48:17.652+0800][gc,heap      ] GC(156) Humongous regions: 129->129
[2022-04-22T01:48:17.652+0800][gc,metaspace ] GC(156) Metaspace: 43501K->43501K(1089536K)
[2022-04-22T01:48:17.652+0800][gc           ] GC(156) Pause Young (Normal) (G1 Evacuation Pause) 321M->272M(1024M) 19.887ms
[2022-04-22T01:48:17.652+0800][gc,cpu       ] GC(156) User=0.05s Sys=0.02s Real=0.02s
[2022-04-22T01:48:36.274+0800][gc,start     ] GC(157) Pause Young (Normal) (G1 Evacuation Pause)
[2022-04-22T01:48:36.274+0800][gc,task      ] GC(157) Using 8 workers of 8 for evacuation
[2022-04-22T01:48:36.290+0800][gc,phases    ] GC(157)   Pre Evacuate Collection Set: 0.4ms
[2022-04-22T01:48:36.290+0800][gc,phases    ] GC(157)   Evacuate Collection Set: 13.4ms
[2022-04-22T01:48:36.290+0800][gc,phases    ] GC(157)   Post Evacuate Collection Set: 0.5ms
[2022-04-22T01:48:36.290+0800][gc,phases    ] GC(157)   Other: 1.7ms
[2022-04-22T01:48:36.290+0800][gc,heap      ] GC(157) Eden regions: 52->0(54)
[2022-04-22T01:48:36.290+0800][gc,heap      ] GC(157) Survivor regions: 5->5(8)
[2022-04-22T01:48:36.290+0800][gc,heap      ] GC(157) Old regions: 139->139
[2022-04-22T01:48:36.290+0800][gc,heap      ] GC(157) Archive regions: 2->2
[2022-04-22T01:48:36.290+0800][gc,heap      ] GC(157) Humongous regions: 129->129
[2022-04-22T01:48:36.290+0800][gc,metaspace ] GC(157) Metaspace: 43501K->43501K(1089536K)
[2022-04-22T01:48:36.290+0800][gc           ] GC(157) Pause Young (Normal) (G1 Evacuation Pause) 324M->273M(1024M) 16.101ms
[2022-04-22T01:48:36.290+0800][gc,cpu       ] GC(157) User=0.05s Sys=0.01s Real=0.02s
[2022-04-22T01:48:55.753+0800][gc,start     ] GC(158) Pause Young (Normal) (G1 Evacuation Pause)
[2022-04-22T01:48:55.755+0800][gc,task      ] GC(158) Using 8 workers of 8 for evacuation
[2022-04-22T01:48:55.773+0800][gc,phases    ] GC(158)   Pre Evacuate Collection Set: 0.3ms
[2022-04-22T01:48:55.773+0800][gc,phases    ] GC(158)   Evacuate Collection Set: 15.4ms
[2022-04-22T01:48:55.773+0800][gc,phases    ] GC(158)   Post Evacuate Collection Set: 1.2ms
[2022-04-22T01:48:55.773+0800][gc,phases    ] GC(158)   Other: 3.1ms
[2022-04-22T01:48:55.773+0800][gc,heap      ] GC(158) Eden regions: 54->0(56)
[2022-04-22T01:48:55.773+0800][gc,heap      ] GC(158) Survivor regions: 5->4(8)
[2022-04-22T01:48:55.773+0800][gc,heap      ] GC(158) Old regions: 139->140
[2022-04-22T01:48:55.773+0800][gc,heap      ] GC(158) Archive regions: 2->2
[2022-04-22T01:48:55.773+0800][gc,heap      ] GC(158) Humongous regions: 129->129
[2022-04-22T01:48:55.773+0800][gc,metaspace ] GC(158) Metaspace: 43501K->43501K(1089536K)
[2022-04-22T01:48:55.773+0800][gc           ] GC(158) Pause Young (Normal) (G1 Evacuation Pause) 327M->273M(1024M) 20.238ms
[2022-04-22T01:48:55.773+0800][gc,cpu       ] GC(158) User=0.05s Sys=0.02s Real=0.02s
[2022-04-22T01:49:14.208+0800][gc,start     ] GC(159) Pause Young (Normal) (G1 Evacuation Pause)
[2022-04-22T01:49:14.209+0800][gc,task      ] GC(159) Using 8 workers of 8 for evacuation
[2022-04-22T01:49:14.225+0800][gc,phases    ] GC(159)   Pre Evacuate Collection Set: 0.2ms
[2022-04-22T01:49:14.225+0800][gc,phases    ] GC(159)   Evacuate Collection Set: 14.3ms
[2022-04-22T01:49:14.225+0800][gc,phases    ] GC(159)   Post Evacuate Collection Set: 0.6ms
[2022-04-22T01:49:14.225+0800][gc,phases    ] GC(159)   Other: 1.8ms
[2022-04-22T01:49:14.225+0800][gc,heap      ] GC(159) Eden regions: 51->0(60)
[2022-04-22T01:49:14.225+0800][gc,heap      ] GC(159) Survivor regions: 4->5(7)
[2022-04-22T01:49:14.225+0800][gc,heap      ] GC(159) Old regions: 140->140
[2022-04-22T01:49:14.225+0800][gc,heap      ] GC(159) Archive regions: 2->2
[2022-04-22T01:49:14.225+0800][gc,heap      ] GC(159) Humongous regions: 129->129
[2022-04-22T01:49:14.225+0800][gc,metaspace ] GC(159) Metaspace: 43501K->43501K(1089536K)
[2022-04-22T01:49:14.225+0800][gc           ] GC(159) Pause Young (Normal) (G1 Evacuation Pause) 324M->274M(1024M) 17.000ms
[2022-04-22T01:49:14.225+0800][gc,cpu       ] GC(159) User=0.05s Sys=0.01s Real=0.02s
[2022-04-22T01:49:34.142+0800][gc,start     ] GC(160) Pause Young (Normal) (G1 Evacuation Pause)
[2022-04-22T01:49:34.143+0800][gc,task      ] GC(160) Using 8 workers of 8 for evacuation
[2022-04-22T01:49:34.164+0800][gc,mmu       ] GC(160) MMU target violated: 20.9ms (20.0ms/21.0ms)
[2022-04-22T01:49:34.165+0800][gc,phases    ] GC(160)   Pre Evacuate Collection Set: 0.3ms
[2022-04-22T01:49:34.165+0800][gc,phases    ] GC(160)   Evacuate Collection Set: 19.5ms
[2022-04-22T01:49:34.165+0800][gc,phases    ] GC(160)   Post Evacuate Collection Set: 0.7ms
[2022-04-22T01:49:34.165+0800][gc,phases    ] GC(160)   Other: 1.9ms
[2022-04-22T01:49:34.165+0800][gc,heap      ] GC(160) Eden regions: 55->0(57)
[2022-04-22T01:49:34.165+0800][gc,heap      ] GC(160) Survivor regions: 5->6(8)
[2022-04-22T01:49:34.165+0800][gc,heap      ] GC(160) Old regions: 140->141
[2022-04-22T01:49:34.165+0800][gc,heap      ] GC(160) Archive regions: 2->2
[2022-04-22T01:49:34.165+0800][gc,heap      ] GC(160) Humongous regions: 129->129
[2022-04-22T01:49:34.165+0800][gc,metaspace ] GC(160) Metaspace: 43501K->43501K(1089536K)
[2022-04-22T01:49:34.165+0800][gc           ] GC(160) Pause Young (Normal) (G1 Evacuation Pause) 329M->275M(1024M) 22.465ms
[2022-04-22T01:49:34.165+0800][gc,cpu       ] GC(160) User=0.06s Sys=0.02s Real=0.02s
[2022-04-22T01:49:54.754+0800][gc,start     ] GC(161) Pause Young (Normal) (G1 Evacuation Pause)
[2022-04-22T01:49:54.755+0800][gc,task      ] GC(161) Using 8 workers of 8 for evacuation
[2022-04-22T01:49:54.772+0800][gc,phases    ] GC(161)   Pre Evacuate Collection Set: 0.2ms
[2022-04-22T01:49:54.772+0800][gc,phases    ] GC(161)   Evacuate Collection Set: 16.3ms
[2022-04-22T01:49:54.772+0800][gc,phases    ] GC(161)   Post Evacuate Collection Set: 0.7ms
[2022-04-22T01:49:54.772+0800][gc,phases    ] GC(161)   Other: 1.6ms
[2022-04-22T01:49:54.772+0800][gc,heap      ] GC(161) Eden regions: 57->0(60)
[2022-04-22T01:49:54.772+0800][gc,heap      ] GC(161) Survivor regions: 6->5(8)
[2022-04-22T01:49:54.772+0800][gc,heap      ] GC(161) Old regions: 141->142
[2022-04-22T01:49:54.772+0800][gc,heap      ] GC(161) Archive regions: 2->2
[2022-04-22T01:49:54.772+0800][gc,heap      ] GC(161) Humongous regions: 129->129
[2022-04-22T01:49:54.772+0800][gc,metaspace ] GC(161) Metaspace: 43501K->43501K(1089536K)
[2022-04-22T01:49:54.773+0800][gc           ] GC(161) Pause Young (Normal) (G1 Evacuation Pause) 332M->275M(1024M) 19.021ms
[2022-04-22T01:49:54.773+0800][gc,cpu       ] GC(161) User=0.05s Sys=0.01s Real=0.02s
[2022-04-22T01:50:16.278+0800][gc,start     ] GC(162) Pause Young (Normal) (G1 Evacuation Pause)
[2022-04-22T01:50:16.279+0800][gc,task      ] GC(162) Using 8 workers of 8 for evacuation
[2022-04-22T01:50:16.295+0800][gc,phases    ] GC(162)   Pre Evacuate Collection Set: 0.2ms
[2022-04-22T01:50:16.295+0800][gc,phases    ] GC(162)   Evacuate Collection Set: 15.2ms
[2022-04-22T01:50:16.295+0800][gc,phases    ] GC(162)   Post Evacuate Collection Set: 0.6ms
[2022-04-22T01:50:16.296+0800][gc,phases    ] GC(162)   Other: 1.9ms
[2022-04-22T01:50:16.296+0800][gc,heap      ] GC(162) Eden regions: 60->0(63)
[2022-04-22T01:50:16.296+0800][gc,heap      ] GC(162) Survivor regions: 5->5(9)
[2022-04-22T01:50:16.296+0800][gc,heap      ] GC(162) Old regions: 142->142
[2022-04-22T01:50:16.296+0800][gc,heap      ] GC(162) Archive regions: 2->2
[2022-04-22T01:50:16.296+0800][gc,heap      ] GC(162) Humongous regions: 129->129
[2022-04-22T01:50:16.296+0800][gc,metaspace ] GC(162) Metaspace: 43501K->43501K(1089536K)
[2022-04-22T01:50:16.296+0800][gc           ] GC(162) Pause Young (Normal) (G1 Evacuation Pause) 335M->275M(1024M) 18.175ms
[2022-04-22T01:50:16.296+0800][gc,cpu       ] GC(162) User=0.05s Sys=0.01s Real=0.02s
[2022-04-22T01:50:38.932+0800][gc,start     ] GC(163) Pause Young (Normal) (G1 Evacuation Pause)
[2022-04-22T01:50:38.932+0800][gc,task      ] GC(163) Using 8 workers of 8 for evacuation
[2022-04-22T01:50:38.961+0800][gc,mmu       ] GC(163) MMU target violated: 21.0ms (20.0ms/21.0ms)
[2022-04-22T01:50:38.961+0800][gc,phases    ] GC(163)   Pre Evacuate Collection Set: 0.2ms
[2022-04-22T01:50:38.961+0800][gc,phases    ] GC(163)   Evacuate Collection Set: 27.3ms
[2022-04-22T01:50:38.961+0800][gc,phases    ] GC(163)   Post Evacuate Collection Set: 0.5ms
[2022-04-22T01:50:38.961+0800][gc,phases    ] GC(163)   Other: 1.4ms
[2022-04-22T01:50:38.961+0800][gc,heap      ] GC(163) Eden regions: 63->0(54)
[2022-04-22T01:50:38.961+0800][gc,heap      ] GC(163) Survivor regions: 5->6(9)
[2022-04-22T01:50:38.961+0800][gc,heap      ] GC(163) Old regions: 142->142
[2022-04-22T01:50:38.961+0800][gc,heap      ] GC(163) Archive regions: 2->2
[2022-04-22T01:50:38.961+0800][gc,heap      ] GC(163) Humongous regions: 129->129
[2022-04-22T01:50:38.961+0800][gc,metaspace ] GC(163) Metaspace: 43501K->43501K(1089536K)
[2022-04-22T01:50:38.961+0800][gc           ] GC(163) Pause Young (Normal) (G1 Evacuation Pause) 338M->276M(1024M) 29.388ms
[2022-04-22T01:50:38.961+0800][gc,cpu       ] GC(163) User=0.06s Sys=0.03s Real=0.03s
[2022-04-22T01:50:55.107+0800][gc,start     ] GC(164) Pause Young (Normal) (G1 Evacuation Pause)
[2022-04-22T01:50:55.108+0800][gc,task      ] GC(164) Using 8 workers of 8 for evacuation
[2022-04-22T01:50:55.122+0800][gc,phases    ] GC(164)   Pre Evacuate Collection Set: 0.1ms
[2022-04-22T01:50:55.122+0800][gc,phases    ] GC(164)   Evacuate Collection Set: 13.3ms
[2022-04-22T01:50:55.122+0800][gc,phases    ] GC(164)   Post Evacuate Collection Set: 0.4ms
[2022-04-22T01:50:55.122+0800][gc,phases    ] GC(164)   Other: 1.0ms
[2022-04-22T01:50:55.122+0800][gc,heap      ] GC(164) Eden regions: 45->0(59)
[2022-04-22T01:50:55.122+0800][gc,heap      ] GC(164) Survivor regions: 6->4(7)
[2022-04-22T01:50:55.122+0800][gc,heap      ] GC(164) Old regions: 142->144
[2022-04-22T01:50:55.122+0800][gc,heap      ] GC(164) Archive regions: 2->2
[2022-04-22T01:50:55.122+0800][gc,heap      ] GC(164) Humongous regions: 129->129
[2022-04-22T01:50:55.122+0800][gc,metaspace ] GC(164) Metaspace: 43501K->43501K(1089536K)
[2022-04-22T01:50:55.122+0800][gc           ] GC(164) Pause Young (Normal) (G1 Evacuation Pause) 321M->276M(1024M) 14.923ms
[2022-04-22T01:50:55.122+0800][gc,cpu       ] GC(164) User=0.05s Sys=0.01s Real=0.02s
[2022-04-22T01:51:16.468+0800][gc,start     ] GC(165) Pause Young (Normal) (G1 Evacuation Pause)
[2022-04-22T01:51:16.469+0800][gc,task      ] GC(165) Using 8 workers of 8 for evacuation
[2022-04-22T01:51:16.482+0800][gc,phases    ] GC(165)   Pre Evacuate Collection Set: 0.2ms
[2022-04-22T01:51:16.482+0800][gc,phases    ] GC(165)   Evacuate Collection Set: 11.7ms
[2022-04-22T01:51:16.482+0800][gc,phases    ] GC(165)   Post Evacuate Collection Set: 0.3ms
[2022-04-22T01:51:16.482+0800][gc,phases    ] GC(165)   Other: 1.7ms
[2022-04-22T01:51:16.482+0800][gc,heap      ] GC(165) Eden regions: 59->0(67)
[2022-04-22T01:51:16.482+0800][gc,heap      ] GC(165) Survivor regions: 4->4(8)
[2022-04-22T01:51:16.482+0800][gc,heap      ] GC(165) Old regions: 144->144
[2022-04-22T01:51:16.482+0800][gc,heap      ] GC(165) Archive regions: 2->2
[2022-04-22T01:51:16.482+0800][gc,heap      ] GC(165) Humongous regions: 129->129
[2022-04-22T01:51:16.482+0800][gc,metaspace ] GC(165) Metaspace: 43501K->43501K(1089536K)
[2022-04-22T01:51:16.482+0800][gc           ] GC(165) Pause Young (Normal) (G1 Evacuation Pause) 335M->276M(1024M) 13.996ms
[2022-04-22T01:51:16.482+0800][gc,cpu       ] GC(165) User=0.04s Sys=0.00s Real=0.02s
[2022-04-22T01:51:40.785+0800][gc,start     ] GC(166) Pause Young (Normal) (G1 Evacuation Pause)
[2022-04-22T01:51:40.786+0800][gc,task      ] GC(166) Using 8 workers of 8 for evacuation
[2022-04-22T01:51:40.816+0800][gc,mmu       ] GC(166) MMU target violated: 21.0ms (20.0ms/21.0ms)
[2022-04-22T01:51:40.816+0800][gc,phases    ] GC(166)   Pre Evacuate Collection Set: 0.4ms
[2022-04-22T01:51:40.816+0800][gc,phases    ] GC(166)   Evacuate Collection Set: 28.5ms
[2022-04-22T01:51:40.816+0800][gc,phases    ] GC(166)   Post Evacuate Collection Set: 0.4ms
[2022-04-22T01:51:40.816+0800][gc,phases    ] GC(166)   Other: 2.0ms
[2022-04-22T01:51:40.816+0800][gc,heap      ] GC(166) Eden regions: 67->0(53)
[2022-04-22T01:51:40.816+0800][gc,heap      ] GC(166) Survivor regions: 4->6(9)
[2022-04-22T01:51:40.816+0800][gc,heap      ] GC(166) Old regions: 144->144
[2022-04-22T01:51:40.816+0800][gc,heap      ] GC(166) Archive regions: 2->2
[2022-04-22T01:51:40.816+0800][gc,heap      ] GC(166) Humongous regions: 129->129
[2022-04-22T01:51:40.816+0800][gc,metaspace ] GC(166) Metaspace: 43501K->43501K(1089536K)
[2022-04-22T01:51:40.816+0800][gc           ] GC(166) Pause Young (Normal) (G1 Evacuation Pause) 343M->278M(1024M) 31.269ms
[2022-04-22T01:51:40.816+0800][gc,cpu       ] GC(166) User=0.04s Sys=0.04s Real=0.03s
[2022-04-22T01:52:00.050+0800][gc,start     ] GC(167) Pause Young (Normal) (G1 Evacuation Pause)
[2022-04-22T01:52:00.050+0800][gc,task      ] GC(167) Using 8 workers of 8 for evacuation
[2022-04-22T01:52:00.056+0800][gc,phases    ] GC(167)   Pre Evacuate Collection Set: 0.0ms
[2022-04-22T01:52:00.057+0800][gc,phases    ] GC(167)   Evacuate Collection Set: 5.0ms
[2022-04-22T01:52:00.057+0800][gc,phases    ] GC(167)   Post Evacuate Collection Set: 0.8ms
[2022-04-22T01:52:00.057+0800][gc,phases    ] GC(167)   Other: 0.6ms
[2022-04-22T01:52:00.057+0800][gc,heap      ] GC(167) Eden regions: 53->0(66)
[2022-04-22T01:52:00.057+0800][gc,heap      ] GC(167) Survivor regions: 6->4(8)
[2022-04-22T01:52:00.057+0800][gc,heap      ] GC(167) Old regions: 144->145
[2022-04-22T01:52:00.057+0800][gc,heap      ] GC(167) Archive regions: 2->2
[2022-04-22T01:52:00.057+0800][gc,heap      ] GC(167) Humongous regions: 129->129
[2022-04-22T01:52:00.057+0800][gc,metaspace ] GC(167) Metaspace: 43501K->43501K(1089536K)
[2022-04-22T01:52:00.057+0800][gc           ] GC(167) Pause Young (Normal) (G1 Evacuation Pause) 331M->277M(1024M) 6.833ms
[2022-04-22T01:52:00.057+0800][gc,cpu       ] GC(167) User=0.02s Sys=0.01s Real=0.00s
[2022-04-22T01:52:24.320+0800][gc,start     ] GC(168) Pause Young (Normal) (G1 Evacuation Pause)
[2022-04-22T01:52:24.320+0800][gc,task      ] GC(168) Using 8 workers of 8 for evacuation
[2022-04-22T01:52:24.327+0800][gc,phases    ] GC(168)   Pre Evacuate Collection Set: 0.1ms
[2022-04-22T01:52:24.327+0800][gc,phases    ] GC(168)   Evacuate Collection Set: 6.4ms
[2022-04-22T01:52:24.327+0800][gc,phases    ] GC(168)   Post Evacuate Collection Set: 0.3ms
[2022-04-22T01:52:24.327+0800][gc,phases    ] GC(168)   Other: 0.7ms
[2022-04-22T01:52:24.327+0800][gc,heap      ] GC(168) Eden regions: 66->0(69)
[2022-04-22T01:52:24.327+0800][gc,heap      ] GC(168) Survivor regions: 4->5(9)
[2022-04-22T01:52:24.327+0800][gc,heap      ] GC(168) Old regions: 145->145
[2022-04-22T01:52:24.327+0800][gc,heap      ] GC(168) Archive regions: 2->2
[2022-04-22T01:52:24.327+0800][gc,heap      ] GC(168) Humongous regions: 129->129
[2022-04-22T01:52:24.327+0800][gc,metaspace ] GC(168) Metaspace: 43501K->43501K(1089536K)
[2022-04-22T01:52:24.327+0800][gc           ] GC(168) Pause Young (Normal) (G1 Evacuation Pause) 343M->279M(1024M) 7.692ms
[2022-04-22T01:52:24.327+0800][gc,cpu       ] GC(168) User=0.03s Sys=0.01s Real=0.00s
[2022-04-22T01:52:49.764+0800][gc,start     ] GC(169) Pause Young (Normal) (G1 Evacuation Pause)
[2022-04-22T01:52:49.765+0800][gc,task      ] GC(169) Using 8 workers of 8 for evacuation
[2022-04-22T01:52:49.790+0800][gc,mmu       ] GC(169) MMU target violated: 21.0ms (20.0ms/21.0ms)
[2022-04-22T01:52:49.790+0800][gc,phases    ] GC(169)   Pre Evacuate Collection Set: 0.4ms
[2022-04-22T01:52:49.790+0800][gc,phases    ] GC(169)   Evacuate Collection Set: 22.6ms
[2022-04-22T01:52:49.790+0800][gc,phases    ] GC(169)   Post Evacuate Collection Set: 1.2ms
[2022-04-22T01:52:49.790+0800][gc,phases    ] GC(169)   Other: 2.2ms
[2022-04-22T01:52:49.790+0800][gc,heap      ] GC(169) Eden regions: 69->0(67)
[2022-04-22T01:52:49.790+0800][gc,heap      ] GC(169) Survivor regions: 5->6(10)
[2022-04-22T01:52:49.790+0800][gc,heap      ] GC(169) Old regions: 145->145
[2022-04-22T01:52:49.790+0800][gc,heap      ] GC(169) Archive regions: 2->2
[2022-04-22T01:52:49.790+0800][gc,heap      ] GC(169) Humongous regions: 129->129
[2022-04-22T01:52:49.790+0800][gc,metaspace ] GC(169) Metaspace: 43501K->43501K(1089536K)
[2022-04-22T01:52:49.791+0800][gc           ] GC(169) Pause Young (Normal) (G1 Evacuation Pause) 348M->279M(1024M) 26.424ms
[2022-04-22T01:52:49.791+0800][gc,cpu       ] GC(169) User=0.05s Sys=0.04s Real=0.03s
[2022-04-22T01:53:14.116+0800][gc,start     ] GC(170) Pause Young (Normal) (G1 Evacuation Pause)
[2022-04-22T01:53:14.117+0800][gc,task      ] GC(170) Using 8 workers of 8 for evacuation
[2022-04-22T01:53:14.134+0800][gc,phases    ] GC(170)   Pre Evacuate Collection Set: 0.4ms
[2022-04-22T01:53:14.134+0800][gc,phases    ] GC(170)   Evacuate Collection Set: 15.8ms
[2022-04-22T01:53:14.134+0800][gc,phases    ] GC(170)   Post Evacuate Collection Set: 0.4ms
[2022-04-22T01:53:14.134+0800][gc,phases    ] GC(170)   Other: 1.3ms
[2022-04-22T01:53:14.134+0800][gc,heap      ] GC(170) Eden regions: 66->0(67)
[2022-04-22T01:53:14.134+0800][gc,heap      ] GC(170) Survivor regions: 6->6(9)
[2022-04-22T01:53:14.134+0800][gc,heap      ] GC(170) Old regions: 145->145
[2022-04-22T01:53:14.134+0800][gc,heap      ] GC(170) Archive regions: 2->2
[2022-04-22T01:53:14.134+0800][gc,heap      ] GC(170) Humongous regions: 129->129
[2022-04-22T01:53:14.134+0800][gc,metaspace ] GC(170) Metaspace: 43501K->43501K(1089536K)
[2022-04-22T01:53:14.134+0800][gc           ] GC(170) Pause Young (Normal) (G1 Evacuation Pause) 345M->280M(1024M) 18.054ms
[2022-04-22T01:53:14.134+0800][gc,cpu       ] GC(170) User=0.06s Sys=0.01s Real=0.02s
[2022-04-22T01:53:37.616+0800][gc,start     ] GC(171) Pause Young (Normal) (G1 Evacuation Pause)
[2022-04-22T01:53:37.617+0800][gc,task      ] GC(171) Using 8 workers of 8 for evacuation
[2022-04-22T01:53:37.643+0800][gc,mmu       ] GC(171) MMU target violated: 21.0ms (20.0ms/21.0ms)
[2022-04-22T01:53:37.643+0800][gc,phases    ] GC(171)   Pre Evacuate Collection Set: 0.3ms
[2022-04-22T01:53:37.643+0800][gc,phases    ] GC(171)   Evacuate Collection Set: 23.1ms
[2022-04-22T01:53:37.643+0800][gc,phases    ] GC(171)   Post Evacuate Collection Set: 1.2ms
[2022-04-22T01:53:37.643+0800][gc,phases    ] GC(171)   Other: 2.2ms
[2022-04-22T01:53:37.643+0800][gc,heap      ] GC(171) Eden regions: 64->0(65)
[2022-04-22T01:53:37.643+0800][gc,heap      ] GC(171) Survivor regions: 6->5(9)
[2022-04-22T01:53:37.643+0800][gc,heap      ] GC(171) Old regions: 145->147
[2022-04-22T01:53:37.643+0800][gc,heap      ] GC(171) Archive regions: 2->2
[2022-04-22T01:53:37.643+0800][gc,heap      ] GC(171) Humongous regions: 129->129
[2022-04-22T01:53:37.643+0800][gc,metaspace ] GC(171) Metaspace: 43501K->43501K(1089536K)
[2022-04-22T01:53:37.643+0800][gc           ] GC(171) Pause Young (Normal) (G1 Evacuation Pause) 344M->280M(1024M) 26.979ms
[2022-04-22T01:53:37.643+0800][gc,cpu       ] GC(171) User=0.05s Sys=0.03s Real=0.03s
[2022-04-22T01:54:01.373+0800][gc,start     ] GC(172) Pause Young (Normal) (G1 Evacuation Pause)
[2022-04-22T01:54:01.374+0800][gc,task      ] GC(172) Using 8 workers of 8 for evacuation
[2022-04-22T01:54:01.391+0800][gc,phases    ] GC(172)   Pre Evacuate Collection Set: 0.2ms
[2022-04-22T01:54:01.391+0800][gc,phases    ] GC(172)   Evacuate Collection Set: 15.6ms
[2022-04-22T01:54:01.391+0800][gc,phases    ] GC(172)   Post Evacuate Collection Set: 0.7ms
[2022-04-22T01:54:01.391+0800][gc,phases    ] GC(172)   Other: 1.1ms
[2022-04-22T01:54:01.391+0800][gc,heap      ] GC(172) Eden regions: 65->0(67)
[2022-04-22T01:54:01.391+0800][gc,heap      ] GC(172) Survivor regions: 5->6(9)
[2022-04-22T01:54:01.391+0800][gc,heap      ] GC(172) Old regions: 147->147
[2022-04-22T01:54:01.391+0800][gc,heap      ] GC(172) Archive regions: 2->2
[2022-04-22T01:54:01.391+0800][gc,heap      ] GC(172) Humongous regions: 129->129
[2022-04-22T01:54:01.391+0800][gc,metaspace ] GC(172) Metaspace: 43501K->43501K(1089536K)
[2022-04-22T01:54:01.391+0800][gc           ] GC(172) Pause Young (Normal) (G1 Evacuation Pause) 345M->281M(1024M) 17.795ms
[2022-04-22T01:54:01.391+0800][gc,cpu       ] GC(172) User=0.05s Sys=0.02s Real=0.02s
[2022-04-22T01:54:24.811+0800][gc,start     ] GC(173) Pause Young (Normal) (G1 Evacuation Pause)
[2022-04-22T01:54:24.813+0800][gc,task      ] GC(173) Using 8 workers of 8 for evacuation
[2022-04-22T01:54:24.827+0800][gc,phases    ] GC(173)   Pre Evacuate Collection Set: 0.1ms
[2022-04-22T01:54:24.827+0800][gc,phases    ] GC(173)   Evacuate Collection Set: 13.2ms
[2022-04-22T01:54:24.827+0800][gc,phases    ] GC(173)   Post Evacuate Collection Set: 0.7ms
[2022-04-22T01:54:24.827+0800][gc,phases    ] GC(173)   Other: 1.9ms
[2022-04-22T01:54:24.827+0800][gc,heap      ] GC(173) Eden regions: 64->0(71)
[2022-04-22T01:54:24.827+0800][gc,heap      ] GC(173) Survivor regions: 6->6(9)
[2022-04-22T01:54:24.827+0800][gc,heap      ] GC(173) Old regions: 147->147
[2022-04-22T01:54:24.827+0800][gc,heap      ] GC(173) Archive regions: 2->2
[2022-04-22T01:54:24.827+0800][gc,heap      ] GC(173) Humongous regions: 129->129
[2022-04-22T01:54:24.827+0800][gc,metaspace ] GC(173) Metaspace: 43501K->43501K(1089536K)
[2022-04-22T01:54:24.827+0800][gc           ] GC(173) Pause Young (Normal) (G1 Evacuation Pause) 345M->282M(1024M) 15.786ms
[2022-04-22T01:54:24.827+0800][gc,cpu       ] GC(173) User=0.05s Sys=0.00s Real=0.01s
[2022-04-22T01:54:50.663+0800][gc,start     ] GC(174) Pause Young (Normal) (G1 Evacuation Pause)
[2022-04-22T01:54:50.664+0800][gc,task      ] GC(174) Using 8 workers of 8 for evacuation
[2022-04-22T01:54:50.690+0800][gc,mmu       ] GC(174) MMU target violated: 21.0ms (20.0ms/21.0ms)
[2022-04-22T01:54:50.690+0800][gc,phases    ] GC(174)   Pre Evacuate Collection Set: 0.3ms
[2022-04-22T01:54:50.690+0800][gc,phases    ] GC(174)   Evacuate Collection Set: 24.5ms
[2022-04-22T01:54:50.690+0800][gc,phases    ] GC(174)   Post Evacuate Collection Set: 0.5ms
[2022-04-22T01:54:50.690+0800][gc,phases    ] GC(174)   Other: 1.6ms
[2022-04-22T01:54:50.690+0800][gc,heap      ] GC(174) Eden regions: 71->0(66)
[2022-04-22T01:54:50.690+0800][gc,heap      ] GC(174) Survivor regions: 6->6(10)
[2022-04-22T01:54:50.690+0800][gc,heap      ] GC(174) Old regions: 147->148
[2022-04-22T01:54:50.690+0800][gc,heap      ] GC(174) Archive regions: 2->2
[2022-04-22T01:54:50.690+0800][gc,heap      ] GC(174) Humongous regions: 129->129
[2022-04-22T01:54:50.690+0800][gc,metaspace ] GC(174) Metaspace: 43501K->43501K(1089536K)
[2022-04-22T01:54:50.690+0800][gc           ] GC(174) Pause Young (Normal) (G1 Evacuation Pause) 353M->282M(1024M) 27.117ms
[2022-04-22T01:54:50.690+0800][gc,cpu       ] GC(174) User=0.05s Sys=0.03s Real=0.03s
[2022-04-22T01:55:14.655+0800][gc,start     ] GC(175) Pause Young (Normal) (G1 Evacuation Pause)
[2022-04-22T01:55:14.656+0800][gc,task      ] GC(175) Using 8 workers of 8 for evacuation
[2022-04-22T01:55:14.671+0800][gc,phases    ] GC(175)   Pre Evacuate Collection Set: 0.3ms
[2022-04-22T01:55:14.672+0800][gc,phases    ] GC(175)   Evacuate Collection Set: 14.5ms
[2022-04-22T01:55:14.672+0800][gc,phases    ] GC(175)   Post Evacuate Collection Set: 0.4ms
[2022-04-22T01:55:14.672+0800][gc,phases    ] GC(175)   Other: 1.9ms
[2022-04-22T01:55:14.672+0800][gc,heap      ] GC(175) Eden regions: 66->0(75)
[2022-04-22T01:55:14.672+0800][gc,heap      ] GC(175) Survivor regions: 6->5(9)
[2022-04-22T01:55:14.672+0800][gc,heap      ] GC(175) Old regions: 148->149
[2022-04-22T01:55:14.672+0800][gc,heap      ] GC(175) Archive regions: 2->2
[2022-04-22T01:55:14.672+0800][gc,heap      ] GC(175) Humongous regions: 129->129
[2022-04-22T01:55:14.672+0800][gc,metaspace ] GC(175) Metaspace: 43501K->43501K(1089536K)
[2022-04-22T01:55:14.672+0800][gc           ] GC(175) Pause Young (Normal) (G1 Evacuation Pause) 348M->282M(1024M) 17.087ms
[2022-04-22T01:55:14.672+0800][gc,cpu       ] GC(175) User=0.05s Sys=0.00s Real=0.02s
[2022-04-22T01:55:42.167+0800][gc,start     ] GC(176) Pause Young (Normal) (G1 Evacuation Pause)
[2022-04-22T01:55:42.168+0800][gc,task      ] GC(176) Using 8 workers of 8 for evacuation
[2022-04-22T01:55:42.207+0800][gc,mmu       ] GC(176) MMU target violated: 21.0ms (20.0ms/21.0ms)
[2022-04-22T01:55:42.207+0800][gc,phases    ] GC(176)   Pre Evacuate Collection Set: 0.2ms
[2022-04-22T01:55:42.207+0800][gc,phases    ] GC(176)   Evacuate Collection Set: 37.0ms
[2022-04-22T01:55:42.207+0800][gc,phases    ] GC(176)   Post Evacuate Collection Set: 0.8ms
[2022-04-22T01:55:42.207+0800][gc,phases    ] GC(176)   Other: 2.0ms
[2022-04-22T01:55:42.207+0800][gc,heap      ] GC(176) Eden regions: 75->0(45)
[2022-04-22T01:55:42.207+0800][gc,heap      ] GC(176) Survivor regions: 5->6(10)
[2022-04-22T01:55:42.207+0800][gc,heap      ] GC(176) Old regions: 149->149
[2022-04-22T01:55:42.207+0800][gc,heap      ] GC(176) Archive regions: 2->2
[2022-04-22T01:55:42.207+0800][gc,heap      ] GC(176) Humongous regions: 129->129
[2022-04-22T01:55:42.207+0800][gc,metaspace ] GC(176) Metaspace: 43501K->43501K(1089536K)
[2022-04-22T01:55:42.207+0800][gc           ] GC(176) Pause Young (Normal) (G1 Evacuation Pause) 357M->283M(1024M) 40.044ms
[2022-04-22T01:55:42.207+0800][gc,cpu       ] GC(176) User=0.04s Sys=0.06s Real=0.04s
[2022-04-22T01:55:58.619+0800][gc,start     ] GC(177) Pause Young (Normal) (G1 Evacuation Pause)
[2022-04-22T01:55:58.619+0800][gc,task      ] GC(177) Using 8 workers of 8 for evacuation
[2022-04-22T01:55:58.633+0800][gc,phases    ] GC(177)   Pre Evacuate Collection Set: 0.3ms
[2022-04-22T01:55:58.633+0800][gc,phases    ] GC(177)   Evacuate Collection Set: 12.6ms
[2022-04-22T01:55:58.633+0800][gc,phases    ] GC(177)   Post Evacuate Collection Set: 0.4ms
[2022-04-22T01:55:58.634+0800][gc,phases    ] GC(177)   Other: 1.1ms
[2022-04-22T01:55:58.634+0800][gc,heap      ] GC(177) Eden regions: 45->0(71)
[2022-04-22T01:55:58.634+0800][gc,heap      ] GC(177) Survivor regions: 6->4(7)
[2022-04-22T01:55:58.634+0800][gc,heap      ] GC(177) Old regions: 149->151
[2022-04-22T01:55:58.634+0800][gc,heap      ] GC(177) Archive regions: 2->2
[2022-04-22T01:55:58.634+0800][gc,heap      ] GC(177) Humongous regions: 129->129
[2022-04-22T01:55:58.634+0800][gc,metaspace ] GC(177) Metaspace: 43501K->43501K(1089536K)
[2022-04-22T01:55:58.634+0800][gc           ] GC(177) Pause Young (Normal) (G1 Evacuation Pause) 328M->283M(1024M) 14.620ms
[2022-04-22T01:55:58.634+0800][gc,cpu       ] GC(177) User=0.05s Sys=0.00s Real=0.02s
[2022-04-22T01:56:24.658+0800][gc,start     ] GC(178) Pause Young (Normal) (G1 Evacuation Pause)
[2022-04-22T01:56:24.661+0800][gc,task      ] GC(178) Using 8 workers of 8 for evacuation
[2022-04-22T01:56:24.674+0800][gc,phases    ] GC(178)   Pre Evacuate Collection Set: 0.2ms
[2022-04-22T01:56:24.674+0800][gc,phases    ] GC(178)   Evacuate Collection Set: 10.8ms
[2022-04-22T01:56:24.674+0800][gc,phases    ] GC(178)   Post Evacuate Collection Set: 0.6ms
[2022-04-22T01:56:24.674+0800][gc,phases    ] GC(178)   Other: 4.6ms
[2022-04-22T01:56:24.674+0800][gc,heap      ] GC(178) Eden regions: 71->0(76)
[2022-04-22T01:56:24.674+0800][gc,heap      ] GC(178) Survivor regions: 4->4(10)
[2022-04-22T01:56:24.674+0800][gc,heap      ] GC(178) Old regions: 151->151
[2022-04-22T01:56:24.674+0800][gc,heap      ] GC(178) Archive regions: 2->2
[2022-04-22T01:56:24.674+0800][gc,heap      ] GC(178) Humongous regions: 129->129
[2022-04-22T01:56:24.674+0800][gc,metaspace ] GC(178) Metaspace: 43501K->43501K(1089536K)
[2022-04-22T01:56:24.674+0800][gc           ] GC(178) Pause Young (Normal) (G1 Evacuation Pause) 354M->283M(1024M) 16.542ms
[2022-04-22T01:56:24.674+0800][gc,cpu       ] GC(178) User=0.03s Sys=0.00s Real=0.02s
[2022-04-22T01:56:51.864+0800][gc,start     ] GC(179) Pause Young (Normal) (G1 Evacuation Pause)
[2022-04-22T01:56:51.864+0800][gc,task      ] GC(179) Using 8 workers of 8 for evacuation
[2022-04-22T01:56:51.878+0800][gc,phases    ] GC(179)   Pre Evacuate Collection Set: 0.1ms
[2022-04-22T01:56:51.878+0800][gc,phases    ] GC(179)   Evacuate Collection Set: 12.2ms
[2022-04-22T01:56:51.878+0800][gc,phases    ] GC(179)   Post Evacuate Collection Set: 0.8ms
[2022-04-22T01:56:51.878+0800][gc,phases    ] GC(179)   Other: 1.3ms
[2022-04-22T01:56:51.878+0800][gc,heap      ] GC(179) Eden regions: 74->0(77)
[2022-04-22T01:56:51.878+0800][gc,heap      ] GC(179) Survivor regions: 4->5(10)
[2022-04-22T01:56:51.878+0800][gc,heap      ] GC(179) Old regions: 151->151
[2022-04-22T01:56:51.878+0800][gc,heap      ] GC(179) Archive regions: 2->2
[2022-04-22T01:56:51.878+0800][gc,heap      ] GC(179) Humongous regions: 129->129
[2022-04-22T01:56:51.878+0800][gc,metaspace ] GC(179) Metaspace: 43502K->43502K(1089536K)
[2022-04-22T01:56:51.879+0800][gc           ] GC(179) Pause Young (Normal) (G1 Evacuation Pause) 357M->284M(1024M) 14.825ms
[2022-04-22T01:56:51.879+0800][gc,cpu       ] GC(179) User=0.03s Sys=0.01s Real=0.01s
[2022-04-22T01:57:20.258+0800][gc,start     ] GC(180) Pause Young (Normal) (G1 Evacuation Pause)
[2022-04-22T01:57:20.259+0800][gc,task      ] GC(180) Using 8 workers of 8 for evacuation
[2022-04-22T01:57:20.292+0800][gc,mmu       ] GC(180) MMU target violated: 21.0ms (20.0ms/21.0ms)
[2022-04-22T01:57:20.292+0800][gc,phases    ] GC(180)   Pre Evacuate Collection Set: 0.2ms
[2022-04-22T01:57:20.292+0800][gc,phases    ] GC(180)   Evacuate Collection Set: 31.6ms
[2022-04-22T01:57:20.292+0800][gc,phases    ] GC(180)   Post Evacuate Collection Set: 0.9ms
[2022-04-22T01:57:20.293+0800][gc,phases    ] GC(180)   Other: 1.6ms
[2022-04-22T01:57:20.293+0800][gc,heap      ] GC(180) Eden regions: 77->0(45)
[2022-04-22T01:57:20.293+0800][gc,heap      ] GC(180) Survivor regions: 5->6(11)
[2022-04-22T01:57:20.293+0800][gc,heap      ] GC(180) Old regions: 151->151
[2022-04-22T01:57:20.293+0800][gc,heap      ] GC(180) Archive regions: 2->2
[2022-04-22T01:57:20.293+0800][gc,heap      ] GC(180) Humongous regions: 129->129
[2022-04-22T01:57:20.293+0800][gc,metaspace ] GC(180) Metaspace: 43502K->43502K(1089536K)
[2022-04-22T01:57:20.293+0800][gc           ] GC(180) Pause Young (Normal) (G1 Evacuation Pause) 361M->285M(1024M) 34.414ms
[2022-04-22T01:57:20.293+0800][gc,cpu       ] GC(180) User=0.05s Sys=0.04s Real=0.04s
[2022-04-22T01:57:36.909+0800][gc,start     ] GC(181) Pause Young (Normal) (G1 Evacuation Pause)
[2022-04-22T01:57:36.910+0800][gc,task      ] GC(181) Using 8 workers of 8 for evacuation
[2022-04-22T01:57:36.929+0800][gc,phases    ] GC(181)   Pre Evacuate Collection Set: 0.2ms
[2022-04-22T01:57:36.929+0800][gc,phases    ] GC(181)   Evacuate Collection Set: 17.2ms
[2022-04-22T01:57:36.929+0800][gc,phases    ] GC(181)   Post Evacuate Collection Set: 1.2ms
[2022-04-22T01:57:36.929+0800][gc,phases    ] GC(181)   Other: 1.3ms
[2022-04-22T01:57:36.929+0800][gc,heap      ] GC(181) Eden regions: 45->0(48)
[2022-04-22T01:57:36.929+0800][gc,heap      ] GC(181) Survivor regions: 6->4(7)
[2022-04-22T01:57:36.929+0800][gc,heap      ] GC(181) Old regions: 151->153
[2022-04-22T01:57:36.930+0800][gc,heap      ] GC(181) Archive regions: 2->2
[2022-04-22T01:57:36.930+0800][gc,heap      ] GC(181) Humongous regions: 129->129
[2022-04-22T01:57:36.930+0800][gc,metaspace ] GC(181) Metaspace: 43502K->43502K(1089536K)
[2022-04-22T01:57:36.930+0800][gc           ] GC(181) Pause Young (Normal) (G1 Evacuation Pause) 330M->286M(1024M) 20.189ms
[2022-04-22T01:57:36.930+0800][gc,cpu       ] GC(181) User=0.05s Sys=0.02s Real=0.03s
[2022-04-22T01:57:54.532+0800][gc,start     ] GC(182) Pause Young (Normal) (G1 Evacuation Pause)
[2022-04-22T01:57:54.532+0800][gc,task      ] GC(182) Using 8 workers of 8 for evacuation
[2022-04-22T01:57:54.545+0800][gc,phases    ] GC(182)   Pre Evacuate Collection Set: 0.2ms
[2022-04-22T01:57:54.545+0800][gc,phases    ] GC(182)   Evacuate Collection Set: 11.4ms
[2022-04-22T01:57:54.545+0800][gc,phases    ] GC(182)   Post Evacuate Collection Set: 0.7ms
[2022-04-22T01:57:54.545+0800][gc,phases    ] GC(182)   Other: 1.2ms
[2022-04-22T01:57:54.545+0800][gc,heap      ] GC(182) Eden regions: 48->0(53)
[2022-04-22T01:57:54.545+0800][gc,heap      ] GC(182) Survivor regions: 4->4(7)
[2022-04-22T01:57:54.545+0800][gc,heap      ] GC(182) Old regions: 153->153
[2022-04-22T01:57:54.545+0800][gc,heap      ] GC(182) Archive regions: 2->2
[2022-04-22T01:57:54.545+0800][gc,heap      ] GC(182) Humongous regions: 129->129
[2022-04-22T01:57:54.545+0800][gc,metaspace ] GC(182) Metaspace: 43502K->43502K(1089536K)
[2022-04-22T01:57:54.545+0800][gc           ] GC(182) Pause Young (Normal) (G1 Evacuation Pause) 334M->286M(1024M) 13.658ms
[2022-04-22T01:57:54.546+0800][gc,cpu       ] GC(182) User=0.03s Sys=0.01s Real=0.01s
[2022-04-22T01:58:13.496+0800][gc,start     ] GC(183) Pause Young (Normal) (G1 Evacuation Pause)
[2022-04-22T01:58:13.497+0800][gc,task      ] GC(183) Using 8 workers of 8 for evacuation
[2022-04-22T01:58:13.527+0800][gc,mmu       ] GC(183) MMU target violated: 21.0ms (20.0ms/21.0ms)
[2022-04-22T01:58:13.527+0800][gc,phases    ] GC(183)   Pre Evacuate Collection Set: 0.4ms
[2022-04-22T01:58:13.527+0800][gc,phases    ] GC(183)   Evacuate Collection Set: 24.8ms
[2022-04-22T01:58:13.527+0800][gc,phases    ] GC(183)   Post Evacuate Collection Set: 3.5ms
[2022-04-22T01:58:13.527+0800][gc,phases    ] GC(183)   Other: 2.8ms
[2022-04-22T01:58:13.527+0800][gc,heap      ] GC(183) Eden regions: 53->0(47)
[2022-04-22T01:58:13.527+0800][gc,heap      ] GC(183) Survivor regions: 4->5(8)
[2022-04-22T01:58:13.527+0800][gc,heap      ] GC(183) Old regions: 153->153
[2022-04-22T01:58:13.527+0800][gc,heap      ] GC(183) Archive regions: 2->2
[2022-04-22T01:58:13.527+0800][gc,heap      ] GC(183) Humongous regions: 129->129
[2022-04-22T01:58:13.527+0800][gc,metaspace ] GC(183) Metaspace: 43521K->43521K(1089536K)
[2022-04-22T01:58:13.527+0800][gc           ] GC(183) Pause Young (Normal) (G1 Evacuation Pause) 339M->287M(1024M) 31.556ms
[2022-04-22T01:58:13.527+0800][gc,cpu       ] GC(183) User=0.05s Sys=0.03s Real=0.03s
[2022-04-22T01:58:29.904+0800][gc,start     ] GC(184) Pause Young (Normal) (G1 Evacuation Pause)
[2022-04-22T01:58:29.905+0800][gc,task      ] GC(184) Using 8 workers of 8 for evacuation
[2022-04-22T01:58:29.933+0800][gc,mmu       ] GC(184) MMU target violated: 21.0ms (20.0ms/21.0ms)
[2022-04-22T01:58:29.933+0800][gc,phases    ] GC(184)   Pre Evacuate Collection Set: 0.3ms
[2022-04-22T01:58:29.933+0800][gc,phases    ] GC(184)   Evacuate Collection Set: 25.0ms
[2022-04-22T01:58:29.933+0800][gc,phases    ] GC(184)   Post Evacuate Collection Set: 1.1ms
[2022-04-22T01:58:29.933+0800][gc,phases    ] GC(184)   Other: 2.4ms
[2022-04-22T01:58:29.933+0800][gc,heap      ] GC(184) Eden regions: 46->0(47)
[2022-04-22T01:58:29.933+0800][gc,heap      ] GC(184) Survivor regions: 5->4(7)
[2022-04-22T01:58:29.933+0800][gc,heap      ] GC(184) Old regions: 153->154
[2022-04-22T01:58:29.933+0800][gc,heap      ] GC(184) Archive regions: 2->2
[2022-04-22T01:58:29.933+0800][gc,heap      ] GC(184) Humongous regions: 129->129
[2022-04-22T01:58:29.933+0800][gc,metaspace ] GC(184) Metaspace: 43521K->43521K(1089536K)
[2022-04-22T01:58:29.933+0800][gc           ] GC(184) Pause Young (Normal) (G1 Evacuation Pause) 333M->287M(1024M) 29.025ms
[2022-04-22T01:58:29.933+0800][gc,cpu       ] GC(184) User=0.05s Sys=0.02s Real=0.03s
[2022-04-22T01:58:46.768+0800][gc,start     ] GC(185) Pause Young (Normal) (G1 Evacuation Pause)
[2022-04-22T01:58:46.770+0800][gc,task      ] GC(185) Using 8 workers of 8 for evacuation
[2022-04-22T01:58:46.807+0800][gc,mmu       ] GC(185) MMU target violated: 21.0ms (20.0ms/21.0ms)
[2022-04-22T01:58:46.807+0800][gc,phases    ] GC(185)   Pre Evacuate Collection Set: 0.3ms
[2022-04-22T01:58:46.807+0800][gc,phases    ] GC(185)   Evacuate Collection Set: 34.8ms
[2022-04-22T01:58:46.807+0800][gc,phases    ] GC(185)   Post Evacuate Collection Set: 1.1ms
[2022-04-22T01:58:46.807+0800][gc,phases    ] GC(185)   Other: 2.3ms
[2022-04-22T01:58:46.807+0800][gc,heap      ] GC(185) Eden regions: 47->0(47)
[2022-04-22T01:58:46.807+0800][gc,heap      ] GC(185) Survivor regions: 4->4(7)
[2022-04-22T01:58:46.807+0800][gc,heap      ] GC(185) Old regions: 154->155
[2022-04-22T01:58:46.807+0800][gc,heap      ] GC(185) Archive regions: 2->2
[2022-04-22T01:58:46.807+0800][gc,heap      ] GC(185) Humongous regions: 129->129
[2022-04-22T01:58:46.807+0800][gc,metaspace ] GC(185) Metaspace: 43521K->43521K(1089536K)
[2022-04-22T01:58:46.807+0800][gc           ] GC(185) Pause Young (Normal) (G1 Evacuation Pause) 334M->287M(1024M) 38.576ms
[2022-04-22T01:58:46.807+0800][gc,cpu       ] GC(185) User=0.04s Sys=0.02s Real=0.04s
[2022-04-22T01:59:03.844+0800][gc,start     ] GC(186) Pause Young (Normal) (G1 Evacuation Pause)
[2022-04-22T01:59:03.845+0800][gc,task      ] GC(186) Using 8 workers of 8 for evacuation
[2022-04-22T01:59:03.863+0800][gc,phases    ] GC(186)   Pre Evacuate Collection Set: 0.4ms
[2022-04-22T01:59:03.863+0800][gc,phases    ] GC(186)   Evacuate Collection Set: 15.1ms
[2022-04-22T01:59:03.863+0800][gc,phases    ] GC(186)   Post Evacuate Collection Set: 1.0ms
[2022-04-22T01:59:03.863+0800][gc,phases    ] GC(186)   Other: 3.1ms
[2022-04-22T01:59:03.863+0800][gc,heap      ] GC(186) Eden regions: 47->0(47)
[2022-04-22T01:59:03.864+0800][gc,heap      ] GC(186) Survivor regions: 4->4(7)
[2022-04-22T01:59:03.864+0800][gc,heap      ] GC(186) Old regions: 155->155
[2022-04-22T01:59:03.864+0800][gc,heap      ] GC(186) Archive regions: 2->2
[2022-04-22T01:59:03.864+0800][gc,heap      ] GC(186) Humongous regions: 129->129
[2022-04-22T01:59:03.864+0800][gc,metaspace ] GC(186) Metaspace: 43521K->43521K(1089536K)
[2022-04-22T01:59:03.864+0800][gc           ] GC(186) Pause Young (Normal) (G1 Evacuation Pause) 334M->287M(1024M) 19.920ms
[2022-04-22T01:59:03.864+0800][gc,cpu       ] GC(186) User=0.04s Sys=0.02s Real=0.02s
[2022-04-22T01:59:20.920+0800][gc,start     ] GC(187) Pause Young (Normal) (G1 Evacuation Pause)
[2022-04-22T01:59:20.920+0800][gc,task      ] GC(187) Using 8 workers of 8 for evacuation
[2022-04-22T01:59:20.938+0800][gc,phases    ] GC(187)   Pre Evacuate Collection Set: 0.2ms
[2022-04-22T01:59:20.938+0800][gc,phases    ] GC(187)   Evacuate Collection Set: 16.2ms
[2022-04-22T01:59:20.938+0800][gc,phases    ] GC(187)   Post Evacuate Collection Set: 0.7ms
[2022-04-22T01:59:20.938+0800][gc,phases    ] GC(187)   Other: 1.2ms
[2022-04-22T01:59:20.938+0800][gc,heap      ] GC(187) Eden regions: 47->0(47)
[2022-04-22T01:59:20.938+0800][gc,heap      ] GC(187) Survivor regions: 4->5(7)
[2022-04-22T01:59:20.938+0800][gc,heap      ] GC(187) Old regions: 155->155
[2022-04-22T01:59:20.938+0800][gc,heap      ] GC(187) Archive regions: 2->2
[2022-04-22T01:59:20.938+0800][gc,heap      ] GC(187) Humongous regions: 129->129
[2022-04-22T01:59:20.938+0800][gc,metaspace ] GC(187) Metaspace: 43521K->43521K(1089536K)
[2022-04-22T01:59:20.938+0800][gc           ] GC(187) Pause Young (Normal) (G1 Evacuation Pause) 334M->288M(1024M) 18.310ms
[2022-04-22T01:59:20.938+0800][gc,cpu       ] GC(187) User=0.04s Sys=0.03s Real=0.01s
[2022-04-22T01:59:37.927+0800][gc,start     ] GC(188) Pause Young (Normal) (G1 Evacuation Pause)
[2022-04-22T01:59:37.929+0800][gc,task      ] GC(188) Using 8 workers of 8 for evacuation
[2022-04-22T01:59:37.944+0800][gc,phases    ] GC(188)   Pre Evacuate Collection Set: 0.2ms
[2022-04-22T01:59:37.944+0800][gc,phases    ] GC(188)   Evacuate Collection Set: 13.1ms
[2022-04-22T01:59:37.944+0800][gc,phases    ] GC(188)   Post Evacuate Collection Set: 0.4ms
[2022-04-22T01:59:37.944+0800][gc,phases    ] GC(188)   Other: 3.3ms
[2022-04-22T01:59:37.944+0800][gc,heap      ] GC(188) Eden regions: 47->0(47)
[2022-04-22T01:59:37.944+0800][gc,heap      ] GC(188) Survivor regions: 5->6(7)
[2022-04-22T01:59:37.944+0800][gc,heap      ] GC(188) Old regions: 155->156
[2022-04-22T01:59:37.944+0800][gc,heap      ] GC(188) Archive regions: 2->2
[2022-04-22T01:59:37.944+0800][gc,heap      ] GC(188) Humongous regions: 129->129
[2022-04-22T01:59:37.944+0800][gc,metaspace ] GC(188) Metaspace: 43521K->43521K(1089536K)
[2022-04-22T01:59:37.944+0800][gc           ] GC(188) Pause Young (Normal) (G1 Evacuation Pause) 335M->290M(1024M) 17.063ms
[2022-04-22T01:59:37.944+0800][gc,cpu       ] GC(188) User=0.05s Sys=0.01s Real=0.02s
[2022-04-22T01:59:53.490+0800][gc,start     ] GC(189) Pause Young (Normal) (G1 Evacuation Pause)
[2022-04-22T01:59:53.491+0800][gc,task      ] GC(189) Using 8 workers of 8 for evacuation
[2022-04-22T01:59:53.528+0800][gc,mmu       ] GC(189) MMU target violated: 21.0ms (20.0ms/21.0ms)
[2022-04-22T01:59:53.528+0800][gc,phases    ] GC(189)   Pre Evacuate Collection Set: 0.3ms
[2022-04-22T01:59:53.528+0800][gc,phases    ] GC(189)   Evacuate Collection Set: 33.7ms
[2022-04-22T01:59:53.528+0800][gc,phases    ] GC(189)   Post Evacuate Collection Set: 1.3ms
[2022-04-22T01:59:53.528+0800][gc,phases    ] GC(189)   Other: 3.1ms
[2022-04-22T01:59:53.528+0800][gc,heap      ] GC(189) Eden regions: 45->0(45)
[2022-04-22T01:59:53.528+0800][gc,heap      ] GC(189) Survivor regions: 6->6(7)
[2022-04-22T01:59:53.528+0800][gc,heap      ] GC(189) Old regions: 156->157
[2022-04-22T01:59:53.528+0800][gc,heap      ] GC(189) Archive regions: 2->2
[2022-04-22T01:59:53.528+0800][gc,heap      ] GC(189) Humongous regions: 129->129
[2022-04-22T01:59:53.528+0800][gc,metaspace ] GC(189) Metaspace: 43522K->43522K(1089536K)
[2022-04-22T01:59:53.528+0800][gc           ] GC(189) Pause Young (Normal) (G1 Evacuation Pause) 335M->291M(1024M) 38.458ms
[2022-04-22T01:59:53.528+0800][gc,cpu       ] GC(189) User=0.07s Sys=0.04s Real=0.03s
[2022-04-22T02:00:09.797+0800][gc,start     ] GC(190) Pause Young (Normal) (G1 Evacuation Pause)
[2022-04-22T02:00:09.798+0800][gc,task      ] GC(190) Using 8 workers of 8 for evacuation
[2022-04-22T02:00:09.816+0800][gc,phases    ] GC(190)   Pre Evacuate Collection Set: 0.1ms
[2022-04-22T02:00:09.816+0800][gc,phases    ] GC(190)   Evacuate Collection Set: 17.4ms
[2022-04-22T02:00:09.816+0800][gc,phases    ] GC(190)   Post Evacuate Collection Set: 0.6ms
[2022-04-22T02:00:09.817+0800][gc,phases    ] GC(190)   Other: 0.8ms
[2022-04-22T02:00:09.817+0800][gc,heap      ] GC(190) Eden regions: 45->0(47)
[2022-04-22T02:00:09.817+0800][gc,heap      ] GC(190) Survivor regions: 6->4(7)
[2022-04-22T02:00:09.817+0800][gc,heap      ] GC(190) Old regions: 157->159
[2022-04-22T02:00:09.817+0800][gc,heap      ] GC(190) Archive regions: 2->2
[2022-04-22T02:00:09.817+0800][gc,heap      ] GC(190) Humongous regions: 129->129
[2022-04-22T02:00:09.817+0800][gc,metaspace ] GC(190) Metaspace: 43522K->43522K(1089536K)
[2022-04-22T02:00:09.817+0800][gc           ] GC(190) Pause Young (Normal) (G1 Evacuation Pause) 336M->291M(1024M) 19.248ms
[2022-04-22T02:00:09.817+0800][gc,cpu       ] GC(190) User=0.05s Sys=0.02s Real=0.02s
[2022-04-22T02:00:26.806+0800][gc,start     ] GC(191) Pause Young (Normal) (G1 Evacuation Pause)
[2022-04-22T02:00:26.807+0800][gc,task      ] GC(191) Using 8 workers of 8 for evacuation
[2022-04-22T02:00:26.831+0800][gc,mmu       ] GC(191) MMU target violated: 21.0ms (20.0ms/21.0ms)
[2022-04-22T02:00:26.831+0800][gc,phases    ] GC(191)   Pre Evacuate Collection Set: 0.3ms
[2022-04-22T02:00:26.831+0800][gc,phases    ] GC(191)   Evacuate Collection Set: 21.2ms
[2022-04-22T02:00:26.831+0800][gc,phases    ] GC(191)   Post Evacuate Collection Set: 1.3ms
[2022-04-22T02:00:26.831+0800][gc,phases    ] GC(191)   Other: 2.0ms
[2022-04-22T02:00:26.831+0800][gc,heap      ] GC(191) Eden regions: 47->0(48)
[2022-04-22T02:00:26.831+0800][gc,heap      ] GC(191) Survivor regions: 4->3(7)
[2022-04-22T02:00:26.831+0800][gc,heap      ] GC(191) Old regions: 159->159
[2022-04-22T02:00:26.831+0800][gc,heap      ] GC(191) Archive regions: 2->2
[2022-04-22T02:00:26.831+0800][gc,heap      ] GC(191) Humongous regions: 129->129
[2022-04-22T02:00:26.831+0800][gc,metaspace ] GC(191) Metaspace: 43522K->43522K(1089536K)
[2022-04-22T02:00:26.831+0800][gc           ] GC(191) Pause Young (Normal) (G1 Evacuation Pause) 338M->291M(1024M) 24.942ms
[2022-04-22T02:00:26.831+0800][gc,cpu       ] GC(191) User=0.04s Sys=0.05s Real=0.03s
[2022-04-22T02:00:43.982+0800][gc,start     ] GC(192) Pause Young (Normal) (G1 Evacuation Pause)
[2022-04-22T02:00:43.983+0800][gc,task      ] GC(192) Using 8 workers of 8 for evacuation
[2022-04-22T02:00:43.993+0800][gc,phases    ] GC(192)   Pre Evacuate Collection Set: 0.2ms
[2022-04-22T02:00:43.993+0800][gc,phases    ] GC(192)   Evacuate Collection Set: 8.9ms
[2022-04-22T02:00:43.993+0800][gc,phases    ] GC(192)   Post Evacuate Collection Set: 1.1ms
[2022-04-22T02:00:43.993+0800][gc,phases    ] GC(192)   Other: 0.8ms
[2022-04-22T02:00:43.993+0800][gc,heap      ] GC(192) Eden regions: 48->0(48)
[2022-04-22T02:00:43.993+0800][gc,heap      ] GC(192) Survivor regions: 3->3(7)
[2022-04-22T02:00:43.993+0800][gc,heap      ] GC(192) Old regions: 159->159
[2022-04-22T02:00:43.993+0800][gc,heap      ] GC(192) Archive regions: 2->2
[2022-04-22T02:00:43.994+0800][gc,heap      ] GC(192) Humongous regions: 129->129
[2022-04-22T02:00:43.994+0800][gc,metaspace ] GC(192) Metaspace: 43522K->43522K(1089536K)
[2022-04-22T02:00:43.994+0800][gc           ] GC(192) Pause Young (Normal) (G1 Evacuation Pause) 339M->291M(1024M) 11.224ms
[2022-04-22T02:00:43.994+0800][gc,cpu       ] GC(192) User=0.02s Sys=0.00s Real=0.01s
[2022-04-22T02:01:01.322+0800][gc,start     ] GC(193) Pause Young (Normal) (G1 Evacuation Pause)
[2022-04-22T02:01:01.323+0800][gc,task      ] GC(193) Using 8 workers of 8 for evacuation
[2022-04-22T02:01:01.352+0800][gc,mmu       ] GC(193) MMU target violated: 21.0ms (20.0ms/21.0ms)
[2022-04-22T02:01:01.352+0800][gc,phases    ] GC(193)   Pre Evacuate Collection Set: 0.4ms
[2022-04-22T02:01:01.352+0800][gc,phases    ] GC(193)   Evacuate Collection Set: 26.6ms
[2022-04-22T02:01:01.352+0800][gc,phases    ] GC(193)   Post Evacuate Collection Set: 1.7ms
[2022-04-22T02:01:01.352+0800][gc,phases    ] GC(193)   Other: 2.1ms
[2022-04-22T02:01:01.352+0800][gc,heap      ] GC(193) Eden regions: 48->0(48)
[2022-04-22T02:01:01.352+0800][gc,heap      ] GC(193) Survivor regions: 3->3(7)
[2022-04-22T02:01:01.352+0800][gc,heap      ] GC(193) Old regions: 159->159
[2022-04-22T02:01:01.352+0800][gc,heap      ] GC(193) Archive regions: 2->2
[2022-04-22T02:01:01.352+0800][gc,heap      ] GC(193) Humongous regions: 129->129
[2022-04-22T02:01:01.352+0800][gc,metaspace ] GC(193) Metaspace: 43522K->43522K(1089536K)
[2022-04-22T02:01:01.352+0800][gc           ] GC(193) Pause Young (Normal) (G1 Evacuation Pause) 339M->291M(1024M) 30.873ms
[2022-04-22T02:01:01.352+0800][gc,cpu       ] GC(193) User=0.03s Sys=0.05s Real=0.03s
[2022-04-22T02:01:18.709+0800][gc,start     ] GC(194) Pause Young (Normal) (G1 Evacuation Pause)
[2022-04-22T02:01:18.709+0800][gc,task      ] GC(194) Using 8 workers of 8 for evacuation
[2022-04-22T02:01:18.721+0800][gc,phases    ] GC(194)   Pre Evacuate Collection Set: 0.1ms
[2022-04-22T02:01:18.721+0800][gc,phases    ] GC(194)   Evacuate Collection Set: 11.2ms
[2022-04-22T02:01:18.721+0800][gc,phases    ] GC(194)   Post Evacuate Collection Set: 0.4ms
[2022-04-22T02:01:18.722+0800][gc,phases    ] GC(194)   Other: 0.9ms
[2022-04-22T02:01:18.722+0800][gc,heap      ] GC(194) Eden regions: 48->0(48)
[2022-04-22T02:01:18.722+0800][gc,heap      ] GC(194) Survivor regions: 3->4(7)
[2022-04-22T02:01:18.722+0800][gc,heap      ] GC(194) Old regions: 159->159
[2022-04-22T02:01:18.722+0800][gc,heap      ] GC(194) Archive regions: 2->2
[2022-04-22T02:01:18.722+0800][gc,heap      ] GC(194) Humongous regions: 129->129
[2022-04-22T02:01:18.722+0800][gc,metaspace ] GC(194) Metaspace: 43522K->43522K(1089536K)
[2022-04-22T02:01:18.722+0800][gc           ] GC(194) Pause Young (Normal) (G1 Evacuation Pause) 339M->291M(1024M) 12.757ms
[2022-04-22T02:01:18.722+0800][gc,cpu       ] GC(194) User=0.02s Sys=0.00s Real=0.02s
[2022-04-22T02:01:36.177+0800][gc,start     ] GC(195) Pause Young (Normal) (G1 Evacuation Pause)
[2022-04-22T02:01:36.178+0800][gc,task      ] GC(195) Using 8 workers of 8 for evacuation
[2022-04-22T02:01:36.203+0800][gc,mmu       ] GC(195) MMU target violated: 21.0ms (20.0ms/21.0ms)
[2022-04-22T02:01:36.204+0800][gc,phases    ] GC(195)   Pre Evacuate Collection Set: 0.2ms
[2022-04-22T02:01:36.204+0800][gc,phases    ] GC(195)   Evacuate Collection Set: 23.3ms
[2022-04-22T02:01:36.204+0800][gc,phases    ] GC(195)   Post Evacuate Collection Set: 1.1ms
[2022-04-22T02:01:36.204+0800][gc,phases    ] GC(195)   Other: 2.0ms
[2022-04-22T02:01:36.204+0800][gc,heap      ] GC(195) Eden regions: 48->0(46)
[2022-04-22T02:01:36.204+0800][gc,heap      ] GC(195) Survivor regions: 4->5(7)
[2022-04-22T02:01:36.204+0800][gc,heap      ] GC(195) Old regions: 159->159
[2022-04-22T02:01:36.204+0800][gc,heap      ] GC(195) Archive regions: 2->2
[2022-04-22T02:01:36.204+0800][gc,heap      ] GC(195) Humongous regions: 129->129
[2022-04-22T02:01:36.204+0800][gc,metaspace ] GC(195) Metaspace: 43522K->43522K(1089536K)
[2022-04-22T02:01:36.204+0800][gc           ] GC(195) Pause Young (Normal) (G1 Evacuation Pause) 339M->292M(1024M) 26.679ms
[2022-04-22T02:01:36.204+0800][gc,cpu       ] GC(195) User=0.03s Sys=0.05s Real=0.03s
[2022-04-22T02:01:52.666+0800][gc,start     ] GC(196) Pause Young (Normal) (G1 Evacuation Pause)
[2022-04-22T02:01:52.667+0800][gc,task      ] GC(196) Using 8 workers of 8 for evacuation
[2022-04-22T02:01:52.697+0800][gc,mmu       ] GC(196) MMU target violated: 21.0ms (20.0ms/21.0ms)
[2022-04-22T02:01:52.697+0800][gc,phases    ] GC(196)   Pre Evacuate Collection Set: 0.3ms
[2022-04-22T02:01:52.697+0800][gc,phases    ] GC(196)   Evacuate Collection Set: 28.6ms
[2022-04-22T02:01:52.697+0800][gc,phases    ] GC(196)   Post Evacuate Collection Set: 0.6ms
[2022-04-22T02:01:52.697+0800][gc,phases    ] GC(196)   Other: 1.6ms
[2022-04-22T02:01:52.697+0800][gc,heap      ] GC(196) Eden regions: 46->0(48)
[2022-04-22T02:01:52.697+0800][gc,heap      ] GC(196) Survivor regions: 5->3(7)
[2022-04-22T02:01:52.697+0800][gc,heap      ] GC(196) Old regions: 159->161
[2022-04-22T02:01:52.697+0800][gc,heap      ] GC(196) Archive regions: 2->2
[2022-04-22T02:01:52.697+0800][gc,heap      ] GC(196) Humongous regions: 129->129
[2022-04-22T02:01:52.697+0800][gc,metaspace ] GC(196) Metaspace: 43527K->43527K(1089536K)
[2022-04-22T02:01:52.697+0800][gc           ] GC(196) Pause Young (Normal) (G1 Evacuation Pause) 338M->292M(1024M) 31.027ms
[2022-04-22T02:01:52.697+0800][gc,cpu       ] GC(196) User=0.03s Sys=0.04s Real=0.03s
[2022-04-22T02:02:10.266+0800][gc,start     ] GC(197) Pause Young (Normal) (G1 Evacuation Pause)
[2022-04-22T02:02:10.269+0800][gc,task      ] GC(197) Using 8 workers of 8 for evacuation
[2022-04-22T02:02:10.281+0800][gc,phases    ] GC(197)   Pre Evacuate Collection Set: 0.2ms
[2022-04-22T02:02:10.281+0800][gc,phases    ] GC(197)   Evacuate Collection Set: 9.8ms
[2022-04-22T02:02:10.281+0800][gc,phases    ] GC(197)   Post Evacuate Collection Set: 1.0ms
[2022-04-22T02:02:10.281+0800][gc,phases    ] GC(197)   Other: 4.5ms
[2022-04-22T02:02:10.281+0800][gc,heap      ] GC(197) Eden regions: 48->0(48)
[2022-04-22T02:02:10.282+0800][gc,heap      ] GC(197) Survivor regions: 3->3(7)
[2022-04-22T02:02:10.282+0800][gc,heap      ] GC(197) Old regions: 161->161
[2022-04-22T02:02:10.282+0800][gc,heap      ] GC(197) Archive regions: 2->2
[2022-04-22T02:02:10.282+0800][gc,heap      ] GC(197) Humongous regions: 129->129
[2022-04-22T02:02:10.282+0800][gc,metaspace ] GC(197) Metaspace: 43527K->43527K(1089536K)
[2022-04-22T02:02:10.282+0800][gc           ] GC(197) Pause Young (Normal) (G1 Evacuation Pause) 340M->292M(1024M) 15.940ms
[2022-04-22T02:02:10.282+0800][gc,cpu       ] GC(197) User=0.02s Sys=0.01s Real=0.02s
[2022-04-22T02:02:27.652+0800][gc,start     ] GC(198) Pause Young (Normal) (G1 Evacuation Pause)
[2022-04-22T02:02:27.653+0800][gc,task      ] GC(198) Using 8 workers of 8 for evacuation
[2022-04-22T02:02:27.676+0800][gc,mmu       ] GC(198) MMU target violated: 21.0ms (20.0ms/21.0ms)
[2022-04-22T02:02:27.676+0800][gc,phases    ] GC(198)   Pre Evacuate Collection Set: 0.1ms
[2022-04-22T02:02:27.676+0800][gc,phases    ] GC(198)   Evacuate Collection Set: 21.1ms
[2022-04-22T02:02:27.676+0800][gc,phases    ] GC(198)   Post Evacuate Collection Set: 0.6ms
[2022-04-22T02:02:27.676+0800][gc,phases    ] GC(198)   Other: 1.7ms
[2022-04-22T02:02:27.676+0800][gc,heap      ] GC(198) Eden regions: 48->0(47)
[2022-04-22T02:02:27.676+0800][gc,heap      ] GC(198) Survivor regions: 3->4(7)
[2022-04-22T02:02:27.676+0800][gc,heap      ] GC(198) Old regions: 161->161
[2022-04-22T02:02:27.676+0800][gc,heap      ] GC(198) Archive regions: 2->2
[2022-04-22T02:02:27.676+0800][gc,heap      ] GC(198) Humongous regions: 129->129
[2022-04-22T02:02:27.676+0800][gc,metaspace ] GC(198) Metaspace: 43527K->43527K(1089536K)
[2022-04-22T02:02:27.676+0800][gc           ] GC(198) Pause Young (Normal) (G1 Evacuation Pause) 340M->293M(1024M) 23.505ms
[2022-04-22T02:02:27.676+0800][gc,cpu       ] GC(198) User=0.03s Sys=0.01s Real=0.02s
[2022-04-22T02:02:44.887+0800][gc,start     ] GC(199) Pause Young (Normal) (G1 Evacuation Pause)
[2022-04-22T02:02:44.889+0800][gc,task      ] GC(199) Using 8 workers of 8 for evacuation
[2022-04-22T02:02:44.904+0800][gc,phases    ] GC(199)   Pre Evacuate Collection Set: 0.2ms
[2022-04-22T02:02:44.904+0800][gc,phases    ] GC(199)   Evacuate Collection Set: 13.1ms
[2022-04-22T02:02:44.904+0800][gc,phases    ] GC(199)   Post Evacuate Collection Set: 1.3ms
[2022-04-22T02:02:44.904+0800][gc,phases    ] GC(199)   Other: 3.7ms
[2022-04-22T02:02:44.904+0800][gc,heap      ] GC(199) Eden regions: 47->0(47)
[2022-04-22T02:02:44.904+0800][gc,heap      ] GC(199) Survivor regions: 4->4(7)
[2022-04-22T02:02:44.904+0800][gc,heap      ] GC(199) Old regions: 161->161
[2022-04-22T02:02:44.904+0800][gc,heap      ] GC(199) Archive regions: 2->2
[2022-04-22T02:02:44.904+0800][gc,heap      ] GC(199) Humongous regions: 129->129
[2022-04-22T02:02:44.904+0800][gc,metaspace ] GC(199) Metaspace: 43527K->43527K(1089536K)
[2022-04-22T02:02:44.904+0800][gc           ] GC(199) Pause Young (Normal) (G1 Evacuation Pause) 340M->293M(1024M) 17.381ms
[2022-04-22T02:02:44.904+0800][gc,cpu       ] GC(199) User=0.03s Sys=0.01s Real=0.02s
[2022-04-22T02:03:01.882+0800][gc,start     ] GC(200) Pause Young (Normal) (G1 Evacuation Pause)
[2022-04-22T02:03:01.883+0800][gc,task      ] GC(200) Using 8 workers of 8 for evacuation
[2022-04-22T02:03:01.895+0800][gc,phases    ] GC(200)   Pre Evacuate Collection Set: 0.3ms
[2022-04-22T02:03:01.895+0800][gc,phases    ] GC(200)   Evacuate Collection Set: 10.7ms
[2022-04-22T02:03:01.895+0800][gc,phases    ] GC(200)   Post Evacuate Collection Set: 0.4ms
[2022-04-22T02:03:01.895+0800][gc,phases    ] GC(200)   Other: 1.6ms
[2022-04-22T02:03:01.895+0800][gc,heap      ] GC(200) Eden regions: 47->0(52)
[2022-04-22T02:03:01.895+0800][gc,heap      ] GC(200) Survivor regions: 4->4(7)
[2022-04-22T02:03:01.895+0800][gc,heap      ] GC(200) Old regions: 161->161
[2022-04-22T02:03:01.895+0800][gc,heap      ] GC(200) Archive regions: 2->2
[2022-04-22T02:03:01.895+0800][gc,heap      ] GC(200) Humongous regions: 129->129
[2022-04-22T02:03:01.895+0800][gc,metaspace ] GC(200) Metaspace: 43527K->43527K(1089536K)
[2022-04-22T02:03:01.895+0800][gc           ] GC(200) Pause Young (Normal) (G1 Evacuation Pause) 340M->293M(1024M) 13.057ms
[2022-04-22T02:03:01.895+0800][gc,cpu       ] GC(200) User=0.03s Sys=0.01s Real=0.01s
[2022-04-22T02:03:21.033+0800][gc,start     ] GC(201) Pause Young (Normal) (G1 Evacuation Pause)
[2022-04-22T02:03:21.033+0800][gc,task      ] GC(201) Using 8 workers of 8 for evacuation
[2022-04-22T02:03:21.046+0800][gc,phases    ] GC(201)   Pre Evacuate Collection Set: 0.2ms
[2022-04-22T02:03:21.046+0800][gc,phases    ] GC(201)   Evacuate Collection Set: 11.8ms
[2022-04-22T02:03:21.046+0800][gc,phases    ] GC(201)   Post Evacuate Collection Set: 0.6ms
[2022-04-22T02:03:21.046+0800][gc,phases    ] GC(201)   Other: 1.0ms
[2022-04-22T02:03:21.046+0800][gc,heap      ] GC(201) Eden regions: 52->0(55)
[2022-04-22T02:03:21.046+0800][gc,heap      ] GC(201) Survivor regions: 4->5(7)
[2022-04-22T02:03:21.046+0800][gc,heap      ] GC(201) Old regions: 161->161
[2022-04-22T02:03:21.046+0800][gc,heap      ] GC(201) Archive regions: 2->2
[2022-04-22T02:03:21.046+0800][gc,heap      ] GC(201) Humongous regions: 129->129
[2022-04-22T02:03:21.046+0800][gc,metaspace ] GC(201) Metaspace: 43527K->43527K(1089536K)
[2022-04-22T02:03:21.046+0800][gc           ] GC(201) Pause Young (Normal) (G1 Evacuation Pause) 345M->294M(1024M) 13.736ms
[2022-04-22T02:03:21.046+0800][gc,cpu       ] GC(201) User=0.03s Sys=0.02s Real=0.01s
[2022-04-22T02:03:40.882+0800][gc,start     ] GC(202) Pause Young (Normal) (G1 Evacuation Pause)
[2022-04-22T02:03:40.883+0800][gc,task      ] GC(202) Using 8 workers of 8 for evacuation
[2022-04-22T02:03:40.910+0800][gc,mmu       ] GC(202) MMU target violated: 21.0ms (20.0ms/21.0ms)
[2022-04-22T02:03:40.910+0800][gc,phases    ] GC(202)   Pre Evacuate Collection Set: 0.3ms
[2022-04-22T02:03:40.910+0800][gc,phases    ] GC(202)   Evacuate Collection Set: 22.5ms
[2022-04-22T02:03:40.910+0800][gc,phases    ] GC(202)   Post Evacuate Collection Set: 1.7ms
[2022-04-22T02:03:40.910+0800][gc,phases    ] GC(202)   Other: 3.6ms
[2022-04-22T02:03:40.910+0800][gc,heap      ] GC(202) Eden regions: 55->0(53)
[2022-04-22T02:03:40.910+0800][gc,heap      ] GC(202) Survivor regions: 5->5(8)
[2022-04-22T02:03:40.910+0800][gc,heap      ] GC(202) Old regions: 161->161
[2022-04-22T02:03:40.910+0800][gc,heap      ] GC(202) Archive regions: 2->2
[2022-04-22T02:03:40.910+0800][gc,heap      ] GC(202) Humongous regions: 129->129
[2022-04-22T02:03:40.910+0800][gc,metaspace ] GC(202) Metaspace: 43527K->43527K(1089536K)
[2022-04-22T02:03:40.910+0800][gc           ] GC(202) Pause Young (Normal) (G1 Evacuation Pause) 349M->294M(1024M) 28.249ms
[2022-04-22T02:03:40.910+0800][gc,cpu       ] GC(202) User=0.03s Sys=0.04s Real=0.03s
[2022-04-22T02:03:59.868+0800][gc,start     ] GC(203) Pause Young (Normal) (G1 Evacuation Pause)
[2022-04-22T02:03:59.869+0800][gc,task      ] GC(203) Using 8 workers of 8 for evacuation
[2022-04-22T02:03:59.886+0800][gc,phases    ] GC(203)   Pre Evacuate Collection Set: 0.3ms
[2022-04-22T02:03:59.886+0800][gc,phases    ] GC(203)   Evacuate Collection Set: 15.3ms
[2022-04-22T02:03:59.886+0800][gc,phases    ] GC(203)   Post Evacuate Collection Set: 0.5ms
[2022-04-22T02:03:59.886+0800][gc,phases    ] GC(203)   Other: 1.7ms
[2022-04-22T02:03:59.886+0800][gc,heap      ] GC(203) Eden regions: 53->0(56)
[2022-04-22T02:03:59.886+0800][gc,heap      ] GC(203) Survivor regions: 5->6(8)
[2022-04-22T02:03:59.886+0800][gc,heap      ] GC(203) Old regions: 161->161
[2022-04-22T02:03:59.886+0800][gc,heap      ] GC(203) Archive regions: 2->2
[2022-04-22T02:03:59.886+0800][gc,heap      ] GC(203) Humongous regions: 129->129
[2022-04-22T02:03:59.886+0800][gc,metaspace ] GC(203) Metaspace: 43527K->43527K(1089536K)
[2022-04-22T02:03:59.886+0800][gc           ] GC(203) Pause Young (Normal) (G1 Evacuation Pause) 347M->295M(1024M) 18.051ms
[2022-04-22T02:03:59.886+0800][gc,cpu       ] GC(203) User=0.04s Sys=0.00s Real=0.02s
[2022-04-22T02:04:20.263+0800][gc,start     ] GC(204) Pause Young (Normal) (G1 Evacuation Pause)
[2022-04-22T02:04:20.264+0800][gc,task      ] GC(204) Using 8 workers of 8 for evacuation
[2022-04-22T02:04:20.281+0800][gc,phases    ] GC(204)   Pre Evacuate Collection Set: 0.4ms
[2022-04-22T02:04:20.281+0800][gc,phases    ] GC(204)   Evacuate Collection Set: 15.5ms
[2022-04-22T02:04:20.282+0800][gc,phases    ] GC(204)   Post Evacuate Collection Set: 0.7ms
[2022-04-22T02:04:20.282+0800][gc,phases    ] GC(204)   Other: 2.5ms
[2022-04-22T02:04:20.282+0800][gc,heap      ] GC(204) Eden regions: 56->0(60)
[2022-04-22T02:04:20.282+0800][gc,heap      ] GC(204) Survivor regions: 6->5(8)
[2022-04-22T02:04:20.282+0800][gc,heap      ] GC(204) Old regions: 161->162
[2022-04-22T02:04:20.282+0800][gc,heap      ] GC(204) Archive regions: 2->2
[2022-04-22T02:04:20.282+0800][gc,heap      ] GC(204) Humongous regions: 129->129
[2022-04-22T02:04:20.282+0800][gc,metaspace ] GC(204) Metaspace: 43527K->43527K(1089536K)
[2022-04-22T02:04:20.282+0800][gc           ] GC(204) Pause Young (Normal) (G1 Evacuation Pause) 351M->295M(1024M) 19.262ms
[2022-04-22T02:04:20.282+0800][gc,cpu       ] GC(204) User=0.05s Sys=0.01s Real=0.02s
[2022-04-22T02:04:39.354+0800][gc,start     ] GC(205) Pause Young (Normal) (G1 Evacuation Pause)
[2022-04-22T02:04:39.355+0800][gc,task      ] GC(205) Using 8 workers of 8 for evacuation
[2022-04-22T02:04:39.374+0800][gc,phases    ] GC(205)   Pre Evacuate Collection Set: 0.4ms
[2022-04-22T02:04:39.374+0800][gc,phases    ] GC(205)   Evacuate Collection Set: 15.9ms
[2022-04-22T02:04:39.374+0800][gc,phases    ] GC(205)   Post Evacuate Collection Set: 1.8ms
[2022-04-22T02:04:39.374+0800][gc,phases    ] GC(205)   Other: 2.5ms
[2022-04-22T02:04:39.374+0800][gc,heap      ] GC(205) Eden regions: 53->0(56)
[2022-04-22T02:04:39.374+0800][gc,heap      ] GC(205) Survivor regions: 5->5(8)
[2022-04-22T02:04:39.374+0800][gc,heap      ] GC(205) Old regions: 162->162
[2022-04-22T02:04:39.375+0800][gc,heap      ] GC(205) Archive regions: 2->2
[2022-04-22T02:04:39.375+0800][gc,heap      ] GC(205) Humongous regions: 129->129
[2022-04-22T02:04:39.375+0800][gc,metaspace ] GC(205) Metaspace: 43527K->43527K(1089536K)
[2022-04-22T02:04:39.375+0800][gc           ] GC(205) Pause Young (Normal) (G1 Evacuation Pause) 348M->296M(1024M) 20.814ms
[2022-04-22T02:04:39.375+0800][gc,cpu       ] GC(205) User=0.04s Sys=0.02s Real=0.02s
[2022-04-22T02:04:56.417+0800][gc,start     ] GC(206) Pause Young (Normal) (G1 Evacuation Pause)
[2022-04-22T02:04:56.418+0800][gc,task      ] GC(206) Using 8 workers of 8 for evacuation
[2022-04-22T02:04:56.431+0800][gc,phases    ] GC(206)   Pre Evacuate Collection Set: 0.1ms
[2022-04-22T02:04:56.431+0800][gc,phases    ] GC(206)   Evacuate Collection Set: 12.3ms
[2022-04-22T02:04:56.431+0800][gc,phases    ] GC(206)   Post Evacuate Collection Set: 0.3ms
[2022-04-22T02:04:56.431+0800][gc,phases    ] GC(206)   Other: 1.0ms
[2022-04-22T02:04:56.431+0800][gc,heap      ] GC(206) Eden regions: 48->0(53)
[2022-04-22T02:04:56.431+0800][gc,heap      ] GC(206) Survivor regions: 5->5(7)
[2022-04-22T02:04:56.431+0800][gc,heap      ] GC(206) Old regions: 162->163
[2022-04-22T02:04:56.431+0800][gc,heap      ] GC(206) Archive regions: 2->2
[2022-04-22T02:04:56.431+0800][gc,heap      ] GC(206) Humongous regions: 129->129
[2022-04-22T02:04:56.431+0800][gc,metaspace ] GC(206) Metaspace: 43527K->43527K(1089536K)
[2022-04-22T02:04:56.431+0800][gc           ] GC(206) Pause Young (Normal) (G1 Evacuation Pause) 344M->296M(1024M) 13.870ms
[2022-04-22T02:04:56.431+0800][gc,cpu       ] GC(206) User=0.04s Sys=0.00s Real=0.02s
[2022-04-22T02:05:16.421+0800][gc,start     ] GC(207) Pause Young (Normal) (G1 Evacuation Pause)
[2022-04-22T02:05:16.422+0800][gc,task      ] GC(207) Using 8 workers of 8 for evacuation
[2022-04-22T02:05:16.438+0800][gc,phases    ] GC(207)   Pre Evacuate Collection Set: 0.2ms
[2022-04-22T02:05:16.438+0800][gc,phases    ] GC(207)   Evacuate Collection Set: 14.6ms
[2022-04-22T02:05:16.438+0800][gc,phases    ] GC(207)   Post Evacuate Collection Set: 0.7ms
[2022-04-22T02:05:16.438+0800][gc,phases    ] GC(207)   Other: 1.7ms
[2022-04-22T02:05:16.438+0800][gc,heap      ] GC(207) Eden regions: 51->0(56)
[2022-04-22T02:05:16.438+0800][gc,heap      ] GC(207) Survivor regions: 5->5(7)
[2022-04-22T02:05:16.438+0800][gc,heap      ] GC(207) Old regions: 163->164
[2022-04-22T02:05:16.438+0800][gc,heap      ] GC(207) Archive regions: 2->2
[2022-04-22T02:05:16.438+0800][gc,heap      ] GC(207) Humongous regions: 129->129
[2022-04-22T02:05:16.438+0800][gc,metaspace ] GC(207) Metaspace: 43527K->43527K(1089536K)
[2022-04-22T02:05:16.439+0800][gc           ] GC(207) Pause Young (Normal) (G1 Evacuation Pause) 347M->297M(1024M) 17.386ms
[2022-04-22T02:05:16.439+0800][gc,cpu       ] GC(207) User=0.04s Sys=0.01s Real=0.01s
[2022-04-22T02:05:35.065+0800][gc,start     ] GC(208) Pause Young (Normal) (G1 Evacuation Pause)
[2022-04-22T02:05:35.065+0800][gc,task      ] GC(208) Using 8 workers of 8 for evacuation
[2022-04-22T02:05:35.071+0800][gc,phases    ] GC(208)   Pre Evacuate Collection Set: 0.0ms
[2022-04-22T02:05:35.071+0800][gc,phases    ] GC(208)   Evacuate Collection Set: 4.6ms
[2022-04-22T02:05:35.071+0800][gc,phases    ] GC(208)   Post Evacuate Collection Set: 0.4ms
[2022-04-22T02:05:35.071+0800][gc,phases    ] GC(208)   Other: 1.0ms
[2022-04-22T02:05:35.071+0800][gc,heap      ] GC(208) Eden regions: 52->0(62)
[2022-04-22T02:05:35.071+0800][gc,heap      ] GC(208) Survivor regions: 5->4(8)
[2022-04-22T02:05:35.071+0800][gc,heap      ] GC(208) Old regions: 164->164
[2022-04-22T02:05:35.071+0800][gc,heap      ] GC(208) Archive regions: 2->2
[2022-04-22T02:05:35.071+0800][gc,heap      ] GC(208) Humongous regions: 129->129
[2022-04-22T02:05:35.071+0800][gc,metaspace ] GC(208) Metaspace: 43527K->43527K(1089536K)
[2022-04-22T02:05:35.071+0800][gc           ] GC(208) Pause Young (Normal) (G1 Evacuation Pause) 349M->297M(1024M) 6.239ms
[2022-04-22T02:05:35.071+0800][gc,cpu       ] GC(208) User=0.02s Sys=0.01s Real=0.01s
[2022-04-22T02:05:56.169+0800][gc,start     ] GC(209) Pause Young (Normal) (G1 Evacuation Pause)
[2022-04-22T02:05:56.170+0800][gc,task      ] GC(209) Using 8 workers of 8 for evacuation
[2022-04-22T02:05:56.190+0800][gc,phases    ] GC(209)   Pre Evacuate Collection Set: 0.4ms
[2022-04-22T02:05:56.190+0800][gc,phases    ] GC(209)   Evacuate Collection Set: 17.6ms
[2022-04-22T02:05:56.190+0800][gc,phases    ] GC(209)   Post Evacuate Collection Set: 1.2ms
[2022-04-22T02:05:56.190+0800][gc,phases    ] GC(209)   Other: 2.2ms
[2022-04-22T02:05:56.190+0800][gc,heap      ] GC(209) Eden regions: 58->0(58)
[2022-04-22T02:05:56.191+0800][gc,heap      ] GC(209) Survivor regions: 4->6(8)
[2022-04-22T02:05:56.191+0800][gc,heap      ] GC(209) Old regions: 164->164
[2022-04-22T02:05:56.191+0800][gc,heap      ] GC(209) Archive regions: 2->2
[2022-04-22T02:05:56.191+0800][gc,heap      ] GC(209) Humongous regions: 129->129
[2022-04-22T02:05:56.191+0800][gc,metaspace ] GC(209) Metaspace: 43527K->43527K(1089536K)
[2022-04-22T02:05:56.191+0800][gc           ] GC(209) Pause Young (Normal) (G1 Evacuation Pause) 355M->299M(1024M) 21.620ms
[2022-04-22T02:05:56.191+0800][gc,cpu       ] GC(209) User=0.05s Sys=0.01s Real=0.03s
[2022-04-22T02:06:15.918+0800][gc,start     ] GC(210) Pause Young (Normal) (G1 Evacuation Pause)
[2022-04-22T02:06:15.918+0800][gc,task      ] GC(210) Using 8 workers of 8 for evacuation
[2022-04-22T02:06:15.932+0800][gc,phases    ] GC(210)   Pre Evacuate Collection Set: 0.1ms
[2022-04-22T02:06:15.932+0800][gc,phases    ] GC(210)   Evacuate Collection Set: 12.9ms
[2022-04-22T02:06:15.932+0800][gc,phases    ] GC(210)   Post Evacuate Collection Set: 0.5ms
[2022-04-22T02:06:15.932+0800][gc,phases    ] GC(210)   Other: 1.0ms
[2022-04-22T02:06:15.932+0800][gc,heap      ] GC(210) Eden regions: 55->0(63)
[2022-04-22T02:06:15.932+0800][gc,heap      ] GC(210) Survivor regions: 6->5(8)
[2022-04-22T02:06:15.932+0800][gc,heap      ] GC(210) Old regions: 164->166
[2022-04-22T02:06:15.932+0800][gc,heap      ] GC(210) Archive regions: 2->2
[2022-04-22T02:06:15.932+0800][gc,heap      ] GC(210) Humongous regions: 129->129
[2022-04-22T02:06:15.932+0800][gc,metaspace ] GC(210) Metaspace: 43527K->43527K(1089536K)
[2022-04-22T02:06:15.933+0800][gc           ] GC(210) Pause Young (Normal) (G1 Evacuation Pause) 354M->299M(1024M) 14.697ms
[2022-04-22T02:06:15.933+0800][gc,cpu       ] GC(210) User=0.05s Sys=0.00s Real=0.02s
[2022-04-22T02:06:38.621+0800][gc,start     ] GC(211) Pause Young (Normal) (G1 Evacuation Pause)
[2022-04-22T02:06:38.621+0800][gc,task      ] GC(211) Using 8 workers of 8 for evacuation
[2022-04-22T02:06:38.650+0800][gc,mmu       ] GC(211) MMU target violated: 21.0ms (20.0ms/21.0ms)
[2022-04-22T02:06:38.650+0800][gc,phases    ] GC(211)   Pre Evacuate Collection Set: 0.2ms
[2022-04-22T02:06:38.650+0800][gc,phases    ] GC(211)   Evacuate Collection Set: 26.4ms
[2022-04-22T02:06:38.650+0800][gc,phases    ] GC(211)   Post Evacuate Collection Set: 1.0ms
[2022-04-22T02:06:38.650+0800][gc,phases    ] GC(211)   Other: 1.3ms
[2022-04-22T02:06:38.650+0800][gc,heap      ] GC(211) Eden regions: 63->0(51)
[2022-04-22T02:06:38.650+0800][gc,heap      ] GC(211) Survivor regions: 5->5(9)
[2022-04-22T02:06:38.650+0800][gc,heap      ] GC(211) Old regions: 166->166
[2022-04-22T02:06:38.650+0800][gc,heap      ] GC(211) Archive regions: 2->2
[2022-04-22T02:06:38.650+0800][gc,heap      ] GC(211) Humongous regions: 129->129
[2022-04-22T02:06:38.650+0800][gc,metaspace ] GC(211) Metaspace: 43527K->43527K(1089536K)
[2022-04-22T02:06:38.650+0800][gc           ] GC(211) Pause Young (Normal) (G1 Evacuation Pause) 362M->300M(1024M) 28.910ms
[2022-04-22T02:06:38.650+0800][gc,cpu       ] GC(211) User=0.04s Sys=0.03s Real=0.03s
[2022-04-22T02:06:55.137+0800][gc,start     ] GC(212) Pause Young (Normal) (G1 Evacuation Pause)
[2022-04-22T02:06:55.138+0800][gc,task      ] GC(212) Using 8 workers of 8 for evacuation
[2022-04-22T02:06:55.154+0800][gc,phases    ] GC(212)   Pre Evacuate Collection Set: 0.1ms
[2022-04-22T02:06:55.156+0800][gc,phases    ] GC(212)   Evacuate Collection Set: 15.0ms
[2022-04-22T02:06:55.156+0800][gc,phases    ] GC(212)   Post Evacuate Collection Set: 0.4ms
[2022-04-22T02:06:55.156+0800][gc,phases    ] GC(212)   Other: 1.5ms
[2022-04-22T02:06:55.156+0800][gc,heap      ] GC(212) Eden regions: 46->0(53)
[2022-04-22T02:06:55.156+0800][gc,heap      ] GC(212) Survivor regions: 5->4(7)
[2022-04-22T02:06:55.156+0800][gc,heap      ] GC(212) Old regions: 166->168
[2022-04-22T02:06:55.156+0800][gc,heap      ] GC(212) Archive regions: 2->2
[2022-04-22T02:06:55.156+0800][gc,heap      ] GC(212) Humongous regions: 129->129
[2022-04-22T02:06:55.157+0800][gc,metaspace ] GC(212) Metaspace: 43527K->43527K(1089536K)
[2022-04-22T02:06:55.157+0800][gc           ] GC(212) Pause Young (Normal) (G1 Evacuation Pause) 346M->300M(1024M) 19.300ms
[2022-04-22T02:06:55.157+0800][gc,cpu       ] GC(212) User=0.03s Sys=0.01s Real=0.02s
[2022-04-22T02:07:14.203+0800][gc,start     ] GC(213) Pause Young (Normal) (G1 Evacuation Pause)
[2022-04-22T02:07:14.204+0800][gc,task      ] GC(213) Using 8 workers of 8 for evacuation
[2022-04-22T02:07:14.237+0800][gc,mmu       ] GC(213) MMU target violated: 21.0ms (20.0ms/21.0ms)
[2022-04-22T02:07:14.237+0800][gc,phases    ] GC(213)   Pre Evacuate Collection Set: 0.2ms
[2022-04-22T02:07:14.237+0800][gc,phases    ] GC(213)   Evacuate Collection Set: 31.7ms
[2022-04-22T02:07:14.237+0800][gc,phases    ] GC(213)   Post Evacuate Collection Set: 1.1ms
[2022-04-22T02:07:14.237+0800][gc,phases    ] GC(213)   Other: 1.6ms
[2022-04-22T02:07:14.237+0800][gc,heap      ] GC(213) Eden regions: 53->0(47)
[2022-04-22T02:07:14.237+0800][gc,heap      ] GC(213) Survivor regions: 4->4(8)
[2022-04-22T02:07:14.237+0800][gc,heap      ] GC(213) Old regions: 168->168
[2022-04-22T02:07:14.237+0800][gc,heap      ] GC(213) Archive regions: 2->2
[2022-04-22T02:07:14.237+0800][gc,heap      ] GC(213) Humongous regions: 129->129
[2022-04-22T02:07:14.237+0800][gc,metaspace ] GC(213) Metaspace: 43527K->43527K(1089536K)
[2022-04-22T02:07:14.237+0800][gc           ] GC(213) Pause Young (Normal) (G1 Evacuation Pause) 353M->301M(1024M) 34.655ms
[2022-04-22T02:07:14.237+0800][gc,cpu       ] GC(213) User=0.04s Sys=0.01s Real=0.03s
[2022-04-22T02:07:31.235+0800][gc,start     ] GC(214) Pause Young (Normal) (G1 Evacuation Pause)
[2022-04-22T02:07:31.236+0800][gc,task      ] GC(214) Using 8 workers of 8 for evacuation
[2022-04-22T02:07:31.272+0800][gc,mmu       ] GC(214) MMU target violated: 21.0ms (20.0ms/21.0ms)
[2022-04-22T02:07:31.272+0800][gc,phases    ] GC(214)   Pre Evacuate Collection Set: 0.3ms
[2022-04-22T02:07:31.272+0800][gc,phases    ] GC(214)   Evacuate Collection Set: 23.4ms
[2022-04-22T02:07:31.272+0800][gc,phases    ] GC(214)   Post Evacuate Collection Set: 2.2ms
[2022-04-22T02:07:31.272+0800][gc,phases    ] GC(214)   Other: 10.7ms
[2022-04-22T02:07:31.272+0800][gc,heap      ] GC(214) Eden regions: 47->0(47)
[2022-04-22T02:07:31.272+0800][gc,heap      ] GC(214) Survivor regions: 4->4(7)
[2022-04-22T02:07:31.272+0800][gc,heap      ] GC(214) Old regions: 168->168
[2022-04-22T02:07:31.272+0800][gc,heap      ] GC(214) Archive regions: 2->2
[2022-04-22T02:07:31.272+0800][gc,heap      ] GC(214) Humongous regions: 129->129
[2022-04-22T02:07:31.272+0800][gc,metaspace ] GC(214) Metaspace: 43527K->43527K(1089536K)
[2022-04-22T02:07:31.272+0800][gc           ] GC(214) Pause Young (Normal) (G1 Evacuation Pause) 348M->301M(1024M) 36.781ms
[2022-04-22T02:07:31.272+0800][gc,cpu       ] GC(214) User=0.03s Sys=0.02s Real=0.04s
[2022-04-22T02:07:48.158+0800][gc,start     ] GC(215) Pause Young (Normal) (G1 Evacuation Pause)
[2022-04-22T02:07:48.174+0800][gc,task      ] GC(215) Using 8 workers of 8 for evacuation
[2022-04-22T02:07:48.194+0800][gc,phases    ] GC(215)   Pre Evacuate Collection Set: 0.1ms
[2022-04-22T02:07:48.194+0800][gc,phases    ] GC(215)   Evacuate Collection Set: 17.1ms
[2022-04-22T02:07:48.194+0800][gc,phases    ] GC(215)   Post Evacuate Collection Set: 1.6ms
[2022-04-22T02:07:48.194+0800][gc,phases    ] GC(215)   Other: 16.5ms
[2022-04-22T02:07:48.194+0800][gc,heap      ] GC(215) Eden regions: 47->0(47)
[2022-04-22T02:07:48.194+0800][gc,heap      ] GC(215) Survivor regions: 4->4(7)
[2022-04-22T02:07:48.194+0800][gc,heap      ] GC(215) Old regions: 168->168
[2022-04-22T02:07:48.194+0800][gc,heap      ] GC(215) Archive regions: 2->2
[2022-04-22T02:07:48.194+0800][gc,heap      ] GC(215) Humongous regions: 129->129
[2022-04-22T02:07:48.194+0800][gc,metaspace ] GC(215) Metaspace: 43527K->43527K(1089536K)
[2022-04-22T02:07:48.194+0800][gc           ] GC(215) Pause Young (Normal) (G1 Evacuation Pause) 348M->301M(1024M) 35.555ms
[2022-04-22T02:07:48.194+0800][gc,cpu       ] GC(215) User=0.04s Sys=0.02s Real=0.04s
[2022-04-22T02:08:05.105+0800][gc,start     ] GC(216) Pause Young (Normal) (G1 Evacuation Pause)
[2022-04-22T02:08:05.106+0800][gc,task      ] GC(216) Using 8 workers of 8 for evacuation
[2022-04-22T02:08:05.120+0800][gc,phases    ] GC(216)   Pre Evacuate Collection Set: 0.3ms
[2022-04-22T02:08:05.120+0800][gc,phases    ] GC(216)   Evacuate Collection Set: 12.5ms
[2022-04-22T02:08:05.120+0800][gc,phases    ] GC(216)   Post Evacuate Collection Set: 0.4ms
[2022-04-22T02:08:05.120+0800][gc,phases    ] GC(216)   Other: 1.5ms
[2022-04-22T02:08:05.120+0800][gc,heap      ] GC(216) Eden regions: 47->0(47)
[2022-04-22T02:08:05.120+0800][gc,heap      ] GC(216) Survivor regions: 4->4(7)
[2022-04-22T02:08:05.120+0800][gc,heap      ] GC(216) Old regions: 168->169
[2022-04-22T02:08:05.120+0800][gc,heap      ] GC(216) Archive regions: 2->2
[2022-04-22T02:08:05.120+0800][gc,heap      ] GC(216) Humongous regions: 129->129
[2022-04-22T02:08:05.120+0800][gc,metaspace ] GC(216) Metaspace: 43527K->43527K(1089536K)
[2022-04-22T02:08:05.120+0800][gc           ] GC(216) Pause Young (Normal) (G1 Evacuation Pause) 348M->302M(1024M) 14.859ms
[2022-04-22T02:08:05.120+0800][gc,cpu       ] GC(216) User=0.04s Sys=0.01s Real=0.02s
[2022-04-22T02:08:22.154+0800][gc,start     ] GC(217) Pause Young (Normal) (G1 Evacuation Pause)
[2022-04-22T02:08:22.155+0800][gc,task      ] GC(217) Using 8 workers of 8 for evacuation
[2022-04-22T02:08:22.185+0800][gc,mmu       ] GC(217) MMU target violated: 21.0ms (20.0ms/21.0ms)
[2022-04-22T02:08:22.185+0800][gc,phases    ] GC(217)   Pre Evacuate Collection Set: 0.3ms
[2022-04-22T02:08:22.185+0800][gc,phases    ] GC(217)   Evacuate Collection Set: 27.0ms
[2022-04-22T02:08:22.185+0800][gc,phases    ] GC(217)   Post Evacuate Collection Set: 1.2ms
[2022-04-22T02:08:22.185+0800][gc,phases    ] GC(217)   Other: 2.7ms
[2022-04-22T02:08:22.185+0800][gc,heap      ] GC(217) Eden regions: 47->0(47)
[2022-04-22T02:08:22.185+0800][gc,heap      ] GC(217) Survivor regions: 4->4(7)
[2022-04-22T02:08:22.185+0800][gc,heap      ] GC(217) Old regions: 169->169
[2022-04-22T02:08:22.185+0800][gc,heap      ] GC(217) Archive regions: 2->2
[2022-04-22T02:08:22.185+0800][gc,heap      ] GC(217) Humongous regions: 129->129
[2022-04-22T02:08:22.185+0800][gc,metaspace ] GC(217) Metaspace: 43527K->43527K(1089536K)
[2022-04-22T02:08:22.185+0800][gc           ] GC(217) Pause Young (Normal) (G1 Evacuation Pause) 349M->302M(1024M) 31.342ms
[2022-04-22T02:08:22.185+0800][gc,cpu       ] GC(217) User=0.05s Sys=0.03s Real=0.03s
[2022-04-22T02:08:39.444+0800][gc,start     ] GC(218) Pause Young (Normal) (G1 Evacuation Pause)
[2022-04-22T02:08:39.445+0800][gc,task      ] GC(218) Using 8 workers of 8 for evacuation
[2022-04-22T02:08:39.461+0800][gc,phases    ] GC(218)   Pre Evacuate Collection Set: 0.2ms
[2022-04-22T02:08:39.461+0800][gc,phases    ] GC(218)   Evacuate Collection Set: 13.9ms
[2022-04-22T02:08:39.461+0800][gc,phases    ] GC(218)   Post Evacuate Collection Set: 1.3ms
[2022-04-22T02:08:39.461+0800][gc,phases    ] GC(218)   Other: 1.5ms
[2022-04-22T02:08:39.461+0800][gc,heap      ] GC(218) Eden regions: 47->0(47)
[2022-04-22T02:08:39.461+0800][gc,heap      ] GC(218) Survivor regions: 4->4(7)
[2022-04-22T02:08:39.461+0800][gc,heap      ] GC(218) Old regions: 169->169
[2022-04-22T02:08:39.461+0800][gc,heap      ] GC(218) Archive regions: 2->2
[2022-04-22T02:08:39.461+0800][gc,heap      ] GC(218) Humongous regions: 129->129
[2022-04-22T02:08:39.461+0800][gc,metaspace ] GC(218) Metaspace: 43527K->43527K(1089536K)
[2022-04-22T02:08:39.461+0800][gc           ] GC(218) Pause Young (Normal) (G1 Evacuation Pause) 349M->302M(1024M) 17.122ms
[2022-04-22T02:08:39.461+0800][gc,cpu       ] GC(218) User=0.04s Sys=0.01s Real=0.02s
[2022-04-22T02:08:57.076+0800][gc,start     ] GC(219) Pause Young (Normal) (G1 Evacuation Pause)
[2022-04-22T02:08:57.076+0800][gc,task      ] GC(219) Using 8 workers of 8 for evacuation
[2022-04-22T02:08:57.090+0800][gc,phases    ] GC(219)   Pre Evacuate Collection Set: 0.2ms
[2022-04-22T02:08:57.091+0800][gc,phases    ] GC(219)   Evacuate Collection Set: 13.1ms
[2022-04-22T02:08:57.091+0800][gc,phases    ] GC(219)   Post Evacuate Collection Set: 0.7ms
[2022-04-22T02:08:57.091+0800][gc,phases    ] GC(219)   Other: 0.9ms
[2022-04-22T02:08:57.091+0800][gc,heap      ] GC(219) Eden regions: 47->0(48)
[2022-04-22T02:08:57.091+0800][gc,heap      ] GC(219) Survivor regions: 4->4(7)
[2022-04-22T02:08:57.091+0800][gc,heap      ] GC(219) Old regions: 169->169
[2022-04-22T02:08:57.091+0800][gc,heap      ] GC(219) Archive regions: 2->2
[2022-04-22T02:08:57.091+0800][gc,heap      ] GC(219) Humongous regions: 129->129
[2022-04-22T02:08:57.091+0800][gc,metaspace ] GC(219) Metaspace: 43527K->43527K(1089536K)
[2022-04-22T02:08:57.091+0800][gc           ] GC(219) Pause Young (Normal) (G1 Evacuation Pause) 349M->302M(1024M) 15.050ms
[2022-04-22T02:08:57.091+0800][gc,cpu       ] GC(219) User=0.04s Sys=0.01s Real=0.02s
[2022-04-22T02:09:14.426+0800][gc,start     ] GC(220) Pause Young (Normal) (G1 Evacuation Pause)
[2022-04-22T02:09:14.427+0800][gc,task      ] GC(220) Using 8 workers of 8 for evacuation
[2022-04-22T02:09:14.440+0800][gc,phases    ] GC(220)   Pre Evacuate Collection Set: 0.2ms
[2022-04-22T02:09:14.441+0800][gc,phases    ] GC(220)   Evacuate Collection Set: 12.1ms
[2022-04-22T02:09:14.441+0800][gc,phases    ] GC(220)   Post Evacuate Collection Set: 1.1ms
[2022-04-22T02:09:14.441+0800][gc,phases    ] GC(220)   Other: 1.3ms
[2022-04-22T02:09:14.441+0800][gc,heap      ] GC(220) Eden regions: 48->0(50)
[2022-04-22T02:09:14.441+0800][gc,heap      ] GC(220) Survivor regions: 4->4(7)
[2022-04-22T02:09:14.441+0800][gc,heap      ] GC(220) Old regions: 169->170
[2022-04-22T02:09:14.441+0800][gc,heap      ] GC(220) Archive regions: 2->2
[2022-04-22T02:09:14.441+0800][gc,heap      ] GC(220) Humongous regions: 129->129
[2022-04-22T02:09:14.441+0800][gc,metaspace ] GC(220) Metaspace: 43527K->43527K(1089536K)
[2022-04-22T02:09:14.441+0800][gc           ] GC(220) Pause Young (Normal) (G1 Evacuation Pause) 350M->303M(1024M) 14.937ms
[2022-04-22T02:09:14.441+0800][gc,cpu       ] GC(220) User=0.03s Sys=0.01s Real=0.02s
[2022-04-22T02:09:32.391+0800][gc,start     ] GC(221) Pause Young (Normal) (G1 Evacuation Pause)
[2022-04-22T02:09:32.392+0800][gc,task      ] GC(221) Using 8 workers of 8 for evacuation
[2022-04-22T02:09:32.416+0800][gc,mmu       ] GC(221) MMU target violated: 21.0ms (20.0ms/21.0ms)
[2022-04-22T02:09:32.416+0800][gc,phases    ] GC(221)   Pre Evacuate Collection Set: 0.2ms
[2022-04-22T02:09:32.416+0800][gc,phases    ] GC(221)   Evacuate Collection Set: 22.3ms
[2022-04-22T02:09:32.416+0800][gc,phases    ] GC(221)   Post Evacuate Collection Set: 1.0ms
[2022-04-22T02:09:32.416+0800][gc,phases    ] GC(221)   Other: 1.5ms
[2022-04-22T02:09:32.416+0800][gc,heap      ] GC(221) Eden regions: 50->0(50)
[2022-04-22T02:09:32.416+0800][gc,heap      ] GC(221) Survivor regions: 4->5(7)
[2022-04-22T02:09:32.416+0800][gc,heap      ] GC(221) Old regions: 170->170
[2022-04-22T02:09:32.416+0800][gc,heap      ] GC(221) Archive regions: 2->2
[2022-04-22T02:09:32.416+0800][gc,heap      ] GC(221) Humongous regions: 129->129
[2022-04-22T02:09:32.416+0800][gc,metaspace ] GC(221) Metaspace: 43527K->43527K(1089536K)
[2022-04-22T02:09:32.416+0800][gc           ] GC(221) Pause Young (Normal) (G1 Evacuation Pause) 353M->303M(1024M) 25.048ms
[2022-04-22T02:09:32.416+0800][gc,cpu       ] GC(221) User=0.04s Sys=0.03s Real=0.02s
[2022-04-22T02:09:49.630+0800][gc,start     ] GC(222) Pause Young (Normal) (G1 Evacuation Pause)
[2022-04-22T02:09:49.631+0800][gc,task      ] GC(222) Using 8 workers of 8 for evacuation
[2022-04-22T02:09:49.657+0800][gc,mmu       ] GC(222) MMU target violated: 21.0ms (20.0ms/21.0ms)
[2022-04-22T02:09:49.657+0800][gc,phases    ] GC(222)   Pre Evacuate Collection Set: 0.2ms
[2022-04-22T02:09:49.657+0800][gc,phases    ] GC(222)   Evacuate Collection Set: 18.2ms
[2022-04-22T02:09:49.657+0800][gc,phases    ] GC(222)   Post Evacuate Collection Set: 6.5ms
[2022-04-22T02:09:49.657+0800][gc,phases    ] GC(222)   Other: 1.4ms
[2022-04-22T02:09:49.657+0800][gc,heap      ] GC(222) Eden regions: 48->0(48)
[2022-04-22T02:09:49.657+0800][gc,heap      ] GC(222) Survivor regions: 5->5(7)
[2022-04-22T02:09:49.657+0800][gc,heap      ] GC(222) Old regions: 170->171
[2022-04-22T02:09:49.657+0800][gc,heap      ] GC(222) Archive regions: 2->2
[2022-04-22T02:09:49.657+0800][gc,heap      ] GC(222) Humongous regions: 129->129
[2022-04-22T02:09:49.657+0800][gc,metaspace ] GC(222) Metaspace: 43527K->43527K(1089536K)
[2022-04-22T02:09:49.657+0800][gc           ] GC(222) Pause Young (Normal) (G1 Evacuation Pause) 351M->304M(1024M) 26.448ms
[2022-04-22T02:09:49.657+0800][gc,cpu       ] GC(222) User=0.04s Sys=0.02s Real=0.02s
[2022-04-22T02:10:06.807+0800][gc,start     ] GC(223) Pause Young (Normal) (G1 Evacuation Pause)
[2022-04-22T02:10:06.808+0800][gc,task      ] GC(223) Using 8 workers of 8 for evacuation
[2022-04-22T02:10:06.822+0800][gc,phases    ] GC(223)   Pre Evacuate Collection Set: 0.1ms
[2022-04-22T02:10:06.822+0800][gc,phases    ] GC(223)   Evacuate Collection Set: 12.2ms
[2022-04-22T02:10:06.822+0800][gc,phases    ] GC(223)   Post Evacuate Collection Set: 0.7ms
[2022-04-22T02:10:06.822+0800][gc,phases    ] GC(223)   Other: 1.4ms
[2022-04-22T02:10:06.822+0800][gc,heap      ] GC(223) Eden regions: 48->0(52)
[2022-04-22T02:10:06.822+0800][gc,heap      ] GC(223) Survivor regions: 5->5(7)
[2022-04-22T02:10:06.822+0800][gc,heap      ] GC(223) Old regions: 171->171
[2022-04-22T02:10:06.822+0800][gc,heap      ] GC(223) Archive regions: 2->2
[2022-04-22T02:10:06.822+0800][gc,heap      ] GC(223) Humongous regions: 129->129
[2022-04-22T02:10:06.822+0800][gc,metaspace ] GC(223) Metaspace: 43527K->43527K(1089536K)
[2022-04-22T02:10:06.822+0800][gc           ] GC(223) Pause Young (Normal) (G1 Evacuation Pause) 352M->304M(1024M) 14.921ms
[2022-04-22T02:10:06.822+0800][gc,cpu       ] GC(223) User=0.05s Sys=0.00s Real=0.02s
[2022-04-22T02:10:24.622+0800][gc,start     ] GC(224) Pause Young (Normal) (G1 Evacuation Pause)
[2022-04-22T02:10:24.631+0800][gc,task      ] GC(224) Using 8 workers of 8 for evacuation
[2022-04-22T02:10:24.650+0800][gc,phases    ] GC(224)   Pre Evacuate Collection Set: 0.2ms
[2022-04-22T02:10:24.650+0800][gc,phases    ] GC(224)   Evacuate Collection Set: 16.8ms
[2022-04-22T02:10:24.650+0800][gc,phases    ] GC(224)   Post Evacuate Collection Set: 1.1ms
[2022-04-22T02:10:24.650+0800][gc,phases    ] GC(224)   Other: 10.2ms
[2022-04-22T02:10:24.650+0800][gc,heap      ] GC(224) Eden regions: 50->0(54)
[2022-04-22T02:10:24.650+0800][gc,heap      ] GC(224) Survivor regions: 5->5(7)
[2022-04-22T02:10:24.650+0800][gc,heap      ] GC(224) Old regions: 171->172
[2022-04-22T02:10:24.650+0800][gc,heap      ] GC(224) Archive regions: 2->2
[2022-04-22T02:10:24.650+0800][gc,heap      ] GC(224) Humongous regions: 129->129
[2022-04-22T02:10:24.650+0800][gc,metaspace ] GC(224) Metaspace: 43527K->43527K(1089536K)
[2022-04-22T02:10:24.650+0800][gc           ] GC(224) Pause Young (Normal) (G1 Evacuation Pause) 354M->305M(1024M) 28.237ms
[2022-04-22T02:10:24.650+0800][gc,cpu       ] GC(224) User=0.05s Sys=0.02s Real=0.03s
[2022-04-22T02:10:42.735+0800][gc,start     ] GC(225) Pause Young (Normal) (G1 Evacuation Pause)
[2022-04-22T02:10:42.736+0800][gc,task      ] GC(225) Using 8 workers of 8 for evacuation
[2022-04-22T02:10:42.765+0800][gc,mmu       ] GC(225) MMU target violated: 21.0ms (20.0ms/21.0ms)
[2022-04-22T02:10:42.765+0800][gc,phases    ] GC(225)   Pre Evacuate Collection Set: 0.4ms
[2022-04-22T02:10:42.765+0800][gc,phases    ] GC(225)   Evacuate Collection Set: 25.8ms
[2022-04-22T02:10:42.765+0800][gc,phases    ] GC(225)   Post Evacuate Collection Set: 1.5ms
[2022-04-22T02:10:42.765+0800][gc,phases    ] GC(225)   Other: 2.4ms
[2022-04-22T02:10:42.765+0800][gc,heap      ] GC(225) Eden regions: 51->0(50)
[2022-04-22T02:10:42.765+0800][gc,heap      ] GC(225) Survivor regions: 5->5(7)
[2022-04-22T02:10:42.765+0800][gc,heap      ] GC(225) Old regions: 172->173
[2022-04-22T02:10:42.765+0800][gc,heap      ] GC(225) Archive regions: 2->2
[2022-04-22T02:10:42.765+0800][gc,heap      ] GC(225) Humongous regions: 129->129
[2022-04-22T02:10:42.765+0800][gc,metaspace ] GC(225) Metaspace: 43527K->43527K(1089536K)
[2022-04-22T02:10:42.765+0800][gc           ] GC(225) Pause Young (Normal) (G1 Evacuation Pause) 356M->306M(1024M) 30.063ms
[2022-04-22T02:10:42.765+0800][gc,cpu       ] GC(225) User=0.05s Sys=0.03s Real=0.03s
[2022-04-22T02:10:59.446+0800][gc,start     ] GC(226) Pause Young (Normal) (G1 Evacuation Pause)
[2022-04-22T02:10:59.447+0800][gc,task      ] GC(226) Using 8 workers of 8 for evacuation
[2022-04-22T02:10:59.463+0800][gc,phases    ] GC(226)   Pre Evacuate Collection Set: 0.3ms
[2022-04-22T02:10:59.463+0800][gc,phases    ] GC(226)   Evacuate Collection Set: 14.4ms
[2022-04-22T02:10:59.463+0800][gc,phases    ] GC(226)   Post Evacuate Collection Set: 0.8ms
[2022-04-22T02:10:59.463+0800][gc,phases    ] GC(226)   Other: 1.8ms
[2022-04-22T02:10:59.463+0800][gc,heap      ] GC(226) Eden regions: 46->0(52)
[2022-04-22T02:10:59.463+0800][gc,heap      ] GC(226) Survivor regions: 5->4(7)
[2022-04-22T02:10:59.463+0800][gc,heap      ] GC(226) Old regions: 173->173
[2022-04-22T02:10:59.463+0800][gc,heap      ] GC(226) Archive regions: 2->2
[2022-04-22T02:10:59.463+0800][gc,heap      ] GC(226) Humongous regions: 129->129
[2022-04-22T02:10:59.463+0800][gc,metaspace ] GC(226) Metaspace: 43528K->43528K(1089536K)
[2022-04-22T02:10:59.463+0800][gc           ] GC(226) Pause Young (Normal) (G1 Evacuation Pause) 352M->306M(1024M) 17.739ms
[2022-04-22T02:10:59.463+0800][gc,cpu       ] GC(226) User=0.04s Sys=0.01s Real=0.02s
[2022-04-22T02:11:16.660+0800][gc,start     ] GC(227) Pause Young (Normal) (G1 Evacuation Pause)
[2022-04-22T02:11:16.661+0800][gc,task      ] GC(227) Using 8 workers of 8 for evacuation
[2022-04-22T02:11:16.681+0800][gc,mmu       ] GC(227) MMU target violated: 20.0ms (20.0ms/21.0ms)
[2022-04-22T02:11:16.681+0800][gc,phases    ] GC(227)   Pre Evacuate Collection Set: 0.3ms
[2022-04-22T02:11:16.681+0800][gc,phases    ] GC(227)   Evacuate Collection Set: 17.8ms
[2022-04-22T02:11:16.681+0800][gc,phases    ] GC(227)   Post Evacuate Collection Set: 1.1ms
[2022-04-22T02:11:16.682+0800][gc,phases    ] GC(227)   Other: 2.3ms
[2022-04-22T02:11:16.682+0800][gc,heap      ] GC(227) Eden regions: 48->0(52)
[2022-04-22T02:11:16.682+0800][gc,heap      ] GC(227) Survivor regions: 4->4(7)
[2022-04-22T02:11:16.682+0800][gc,heap      ] GC(227) Old regions: 173->173
[2022-04-22T02:11:16.682+0800][gc,heap      ] GC(227) Archive regions: 2->2
[2022-04-22T02:11:16.682+0800][gc,heap      ] GC(227) Humongous regions: 129->129
[2022-04-22T02:11:16.682+0800][gc,metaspace ] GC(227) Metaspace: 43539K->43539K(1089536K)
[2022-04-22T02:11:16.682+0800][gc           ] GC(227) Pause Young (Normal) (G1 Evacuation Pause) 354M->306M(1024M) 21.748ms
[2022-04-22T02:11:16.682+0800][gc,cpu       ] GC(227) User=0.05s Sys=0.02s Real=0.02s
[2022-04-22T02:11:33.452+0800][gc,start     ] GC(228) Pause Young (Normal) (G1 Evacuation Pause)
[2022-04-22T02:11:33.455+0800][gc,task      ] GC(228) Using 8 workers of 8 for evacuation
[2022-04-22T02:11:33.465+0800][gc,phases    ] GC(228)   Pre Evacuate Collection Set: 0.1ms
[2022-04-22T02:11:33.465+0800][gc,phases    ] GC(228)   Evacuate Collection Set: 8.9ms
[2022-04-22T02:11:33.465+0800][gc,phases    ] GC(228)   Post Evacuate Collection Set: 0.7ms
[2022-04-22T02:11:33.465+0800][gc,phases    ] GC(228)   Other: 3.9ms
[2022-04-22T02:11:33.465+0800][gc,heap      ] GC(228) Eden regions: 47->0(54)
[2022-04-22T02:11:33.465+0800][gc,heap      ] GC(228) Survivor regions: 4->4(7)
[2022-04-22T02:11:33.465+0800][gc,heap      ] GC(228) Old regions: 173->174
[2022-04-22T02:11:33.465+0800][gc,heap      ] GC(228) Archive regions: 2->2
[2022-04-22T02:11:33.465+0800][gc,heap      ] GC(228) Humongous regions: 129->129
[2022-04-22T02:11:33.465+0800][gc,metaspace ] GC(228) Metaspace: 43543K->43543K(1089536K)
[2022-04-22T02:11:33.465+0800][gc           ] GC(228) Pause Young (Normal) (G1 Evacuation Pause) 353M->306M(1024M) 13.045ms
[2022-04-22T02:11:33.465+0800][gc,cpu       ] GC(228) User=0.02s Sys=0.01s Real=0.01s
[2022-04-22T02:11:52.878+0800][gc,start     ] GC(229) Pause Young (Normal) (G1 Evacuation Pause)
[2022-04-22T02:11:52.879+0800][gc,task      ] GC(229) Using 8 workers of 8 for evacuation
[2022-04-22T02:11:52.907+0800][gc,mmu       ] GC(229) MMU target violated: 21.0ms (20.0ms/21.0ms)
[2022-04-22T02:11:52.907+0800][gc,phases    ] GC(229)   Pre Evacuate Collection Set: 0.3ms
[2022-04-22T02:11:52.907+0800][gc,phases    ] GC(229)   Evacuate Collection Set: 25.3ms
[2022-04-22T02:11:52.907+0800][gc,phases    ] GC(229)   Post Evacuate Collection Set: 0.7ms
[2022-04-22T02:11:52.907+0800][gc,phases    ] GC(229)   Other: 2.7ms
[2022-04-22T02:11:52.907+0800][gc,heap      ] GC(229) Eden regions: 54->0(48)
[2022-04-22T02:11:52.907+0800][gc,heap      ] GC(229) Survivor regions: 4->5(8)
[2022-04-22T02:11:52.907+0800][gc,heap      ] GC(229) Old regions: 174->174
[2022-04-22T02:11:52.907+0800][gc,heap      ] GC(229) Archive regions: 2->2
[2022-04-22T02:11:52.907+0800][gc,heap      ] GC(229) Humongous regions: 129->129
[2022-04-22T02:11:52.907+0800][gc,metaspace ] GC(229) Metaspace: 43543K->43543K(1089536K)
[2022-04-22T02:11:52.907+0800][gc           ] GC(229) Pause Young (Normal) (G1 Evacuation Pause) 360M->307M(1024M) 28.949ms
[2022-04-22T02:11:52.907+0800][gc,cpu       ] GC(229) User=0.04s Sys=0.02s Real=0.03s
[2022-04-22T02:12:09.397+0800][gc,start     ] GC(230) Pause Young (Normal) (G1 Evacuation Pause)
[2022-04-22T02:12:09.411+0800][gc,task      ] GC(230) Using 8 workers of 8 for evacuation
[2022-04-22T02:12:09.433+0800][gc,mmu       ] GC(230) MMU target violated: 21.0ms (20.0ms/21.0ms)
[2022-04-22T02:12:09.433+0800][gc,phases    ] GC(230)   Pre Evacuate Collection Set: 0.4ms
[2022-04-22T02:12:09.433+0800][gc,phases    ] GC(230)   Evacuate Collection Set: 19.4ms
[2022-04-22T02:12:09.433+0800][gc,phases    ] GC(230)   Post Evacuate Collection Set: 0.9ms
[2022-04-22T02:12:09.433+0800][gc,phases    ] GC(230)   Other: 16.0ms
[2022-04-22T02:12:09.433+0800][gc,heap      ] GC(230) Eden regions: 46->0(47)
[2022-04-22T02:12:09.433+0800][gc,heap      ] GC(230) Survivor regions: 5->4(7)
[2022-04-22T02:12:09.433+0800][gc,heap      ] GC(230) Old regions: 174->175
[2022-04-22T02:12:09.433+0800][gc,heap      ] GC(230) Archive regions: 2->2
[2022-04-22T02:12:09.433+0800][gc,heap      ] GC(230) Humongous regions: 129->129
[2022-04-22T02:12:09.433+0800][gc,metaspace ] GC(230) Metaspace: 43543K->43543K(1089536K)
[2022-04-22T02:12:09.433+0800][gc           ] GC(230) Pause Young (Normal) (G1 Evacuation Pause) 353M->308M(1024M) 36.639ms
[2022-04-22T02:12:09.433+0800][gc,cpu       ] GC(230) User=0.05s Sys=0.02s Real=0.04s
[2022-04-22T02:12:26.429+0800][gc,start     ] GC(231) Pause Young (Normal) (G1 Evacuation Pause)
[2022-04-22T02:12:26.430+0800][gc,task      ] GC(231) Using 8 workers of 8 for evacuation
[2022-04-22T02:12:26.448+0800][gc,phases    ] GC(231)   Pre Evacuate Collection Set: 0.4ms
[2022-04-22T02:12:26.448+0800][gc,phases    ] GC(231)   Evacuate Collection Set: 16.1ms
[2022-04-22T02:12:26.448+0800][gc,phases    ] GC(231)   Post Evacuate Collection Set: 1.0ms
[2022-04-22T02:12:26.449+0800][gc,phases    ] GC(231)   Other: 1.6ms
[2022-04-22T02:12:26.449+0800][gc,heap      ] GC(231) Eden regions: 47->0(49)
[2022-04-22T02:12:26.449+0800][gc,heap      ] GC(231) Survivor regions: 4->4(7)
[2022-04-22T02:12:26.449+0800][gc,heap      ] GC(231) Old regions: 175->175
[2022-04-22T02:12:26.449+0800][gc,heap      ] GC(231) Archive regions: 2->2
[2022-04-22T02:12:26.449+0800][gc,heap      ] GC(231) Humongous regions: 129->129
[2022-04-22T02:12:26.449+0800][gc,metaspace ] GC(231) Metaspace: 43543K->43543K(1089536K)
[2022-04-22T02:12:26.449+0800][gc           ] GC(231) Pause Young (Normal) (G1 Evacuation Pause) 355M->308M(1024M) 19.340ms
[2022-04-22T02:12:26.449+0800][gc,cpu       ] GC(231) User=0.05s Sys=0.00s Real=0.02s
[2022-04-22T02:12:43.399+0800][gc,start     ] GC(232) Pause Young (Normal) (G1 Evacuation Pause)
[2022-04-22T02:12:43.400+0800][gc,task      ] GC(232) Using 8 workers of 8 for evacuation
[2022-04-22T02:12:43.414+0800][gc,phases    ] GC(232)   Pre Evacuate Collection Set: 0.2ms
[2022-04-22T02:12:43.414+0800][gc,phases    ] GC(232)   Evacuate Collection Set: 12.7ms
[2022-04-22T02:12:43.414+0800][gc,phases    ] GC(232)   Post Evacuate Collection Set: 0.8ms
[2022-04-22T02:12:43.414+0800][gc,phases    ] GC(232)   Other: 2.1ms
[2022-04-22T02:12:43.414+0800][gc,heap      ] GC(232) Eden regions: 47->0(52)
[2022-04-22T02:12:43.414+0800][gc,heap      ] GC(232) Survivor regions: 4->4(7)
[2022-04-22T02:12:43.414+0800][gc,heap      ] GC(232) Old regions: 175->176
[2022-04-22T02:12:43.414+0800][gc,heap      ] GC(232) Archive regions: 2->2
[2022-04-22T02:12:43.414+0800][gc,heap      ] GC(232) Humongous regions: 129->129
[2022-04-22T02:12:43.414+0800][gc,metaspace ] GC(232) Metaspace: 43543K->43543K(1089536K)
[2022-04-22T02:12:43.415+0800][gc           ] GC(232) Pause Young (Normal) (G1 Evacuation Pause) 355M->308M(1024M) 16.038ms
[2022-04-22T02:12:43.415+0800][gc,cpu       ] GC(232) User=0.04s Sys=0.01s Real=0.02s
[2022-04-22T02:13:02.006+0800][gc,start     ] GC(233) Pause Young (Normal) (G1 Evacuation Pause)
[2022-04-22T02:13:02.006+0800][gc,task      ] GC(233) Using 8 workers of 8 for evacuation
[2022-04-22T02:13:02.030+0800][gc,mmu       ] GC(233) MMU target violated: 21.0ms (20.0ms/21.0ms)
[2022-04-22T02:13:02.030+0800][gc,phases    ] GC(233)   Pre Evacuate Collection Set: 0.2ms
[2022-04-22T02:13:02.030+0800][gc,phases    ] GC(233)   Evacuate Collection Set: 22.7ms
[2022-04-22T02:13:02.030+0800][gc,phases    ] GC(233)   Post Evacuate Collection Set: 0.6ms
[2022-04-22T02:13:02.030+0800][gc,phases    ] GC(233)   Other: 1.1ms
[2022-04-22T02:13:02.030+0800][gc,heap      ] GC(233) Eden regions: 52->0(51)
[2022-04-22T02:13:02.030+0800][gc,heap      ] GC(233) Survivor regions: 4->5(7)
[2022-04-22T02:13:02.030+0800][gc,heap      ] GC(233) Old regions: 176->176
[2022-04-22T02:13:02.030+0800][gc,heap      ] GC(233) Archive regions: 2->2
[2022-04-22T02:13:02.030+0800][gc,heap      ] GC(233) Humongous regions: 129->129
[2022-04-22T02:13:02.030+0800][gc,metaspace ] GC(233) Metaspace: 43543K->43543K(1089536K)
[2022-04-22T02:13:02.030+0800][gc           ] GC(233) Pause Young (Normal) (G1 Evacuation Pause) 360M->309M(1024M) 24.712ms
[2022-04-22T02:13:02.030+0800][gc,cpu       ] GC(233) User=0.03s Sys=0.01s Real=0.03s
[2022-04-22T02:13:20.339+0800][gc,start     ] GC(234) Pause Young (Normal) (G1 Evacuation Pause)
[2022-04-22T02:13:20.340+0800][gc,task      ] GC(234) Using 8 workers of 8 for evacuation
[2022-04-22T02:13:20.383+0800][gc,mmu       ] GC(234) MMU target violated: 21.0ms (20.0ms/21.0ms)
[2022-04-22T02:13:20.383+0800][gc,phases    ] GC(234)   Pre Evacuate Collection Set: 0.3ms
[2022-04-22T02:13:20.383+0800][gc,phases    ] GC(234)   Evacuate Collection Set: 40.9ms
[2022-04-22T02:13:20.383+0800][gc,phases    ] GC(234)   Post Evacuate Collection Set: 1.0ms
[2022-04-22T02:13:20.383+0800][gc,phases    ] GC(234)   Other: 1.8ms
[2022-04-22T02:13:20.383+0800][gc,heap      ] GC(234) Eden regions: 51->0(50)
[2022-04-22T02:13:20.383+0800][gc,heap      ] GC(234) Survivor regions: 5->5(7)
[2022-04-22T02:13:20.383+0800][gc,heap      ] GC(234) Old regions: 176->176
[2022-04-22T02:13:20.383+0800][gc,heap      ] GC(234) Archive regions: 2->2
[2022-04-22T02:13:20.383+0800][gc,heap      ] GC(234) Humongous regions: 129->129
[2022-04-22T02:13:20.383+0800][gc,metaspace ] GC(234) Metaspace: 43543K->43543K(1089536K)
[2022-04-22T02:13:20.383+0800][gc           ] GC(234) Pause Young (Normal) (G1 Evacuation Pause) 360M->310M(1024M) 44.017ms
[2022-04-22T02:13:20.383+0800][gc,cpu       ] GC(234) User=0.06s Sys=0.05s Real=0.05s
[2022-04-22T02:13:38.338+0800][gc,start     ] GC(235) Pause Young (Normal) (G1 Evacuation Pause)
[2022-04-22T02:13:38.339+0800][gc,task      ] GC(235) Using 8 workers of 8 for evacuation
[2022-04-22T02:13:38.358+0800][gc,phases    ] GC(235)   Pre Evacuate Collection Set: 0.2ms
[2022-04-22T02:13:38.358+0800][gc,phases    ] GC(235)   Evacuate Collection Set: 18.0ms
[2022-04-22T02:13:38.358+0800][gc,phases    ] GC(235)   Post Evacuate Collection Set: 0.3ms
[2022-04-22T02:13:38.358+0800][gc,phases    ] GC(235)   Other: 0.9ms
[2022-04-22T02:13:38.358+0800][gc,heap      ] GC(235) Eden regions: 50->0(51)
[2022-04-22T02:13:38.358+0800][gc,heap      ] GC(235) Survivor regions: 5->5(7)
[2022-04-22T02:13:38.358+0800][gc,heap      ] GC(235) Old regions: 176->177
[2022-04-22T02:13:38.358+0800][gc,heap      ] GC(235) Archive regions: 2->2
[2022-04-22T02:13:38.358+0800][gc,heap      ] GC(235) Humongous regions: 129->129
[2022-04-22T02:13:38.358+0800][gc,metaspace ] GC(235) Metaspace: 43543K->43543K(1089536K)
[2022-04-22T02:13:38.358+0800][gc           ] GC(235) Pause Young (Normal) (G1 Evacuation Pause) 360M->311M(1024M) 19.320ms
[2022-04-22T02:13:38.358+0800][gc,cpu       ] GC(235) User=0.04s Sys=0.00s Real=0.02s
[2022-04-22T02:13:58.373+0800][gc,start     ] GC(236) Pause Young (Normal) (G1 Evacuation Pause)
[2022-04-22T02:13:58.375+0800][gc,task      ] GC(236) Using 8 workers of 8 for evacuation
[2022-04-22T02:13:58.394+0800][gc,phases    ] GC(236)   Pre Evacuate Collection Set: 0.2ms
[2022-04-22T02:13:58.394+0800][gc,phases    ] GC(236)   Evacuate Collection Set: 16.5ms
[2022-04-22T02:13:58.394+0800][gc,phases    ] GC(236)   Post Evacuate Collection Set: 1.0ms
[2022-04-22T02:13:58.394+0800][gc,phases    ] GC(236)   Other: 2.6ms
[2022-04-22T02:13:58.394+0800][gc,heap      ] GC(236) Eden regions: 47->0(52)
[2022-04-22T02:13:58.394+0800][gc,heap      ] GC(236) Survivor regions: 5->5(7)
[2022-04-22T02:13:58.394+0800][gc,heap      ] GC(236) Old regions: 177->178
[2022-04-22T02:13:58.394+0800][gc,heap      ] GC(236) Archive regions: 2->2
[2022-04-22T02:13:58.394+0800][gc,heap      ] GC(236) Humongous regions: 129->129
[2022-04-22T02:13:58.394+0800][gc,metaspace ] GC(236) Metaspace: 43543K->43543K(1089536K)
[2022-04-22T02:13:58.394+0800][gc           ] GC(236) Pause Young (Normal) (G1 Evacuation Pause) 358M->311M(1024M) 20.578ms
[2022-04-22T02:13:58.394+0800][gc,cpu       ] GC(236) User=0.05s Sys=0.02s Real=0.02s
[2022-04-22T02:14:15.341+0800][gc,start     ] GC(237) Pause Young (Normal) (G1 Evacuation Pause)
[2022-04-22T02:14:15.342+0800][gc,task      ] GC(237) Using 8 workers of 8 for evacuation
[2022-04-22T02:14:15.398+0800][gc,mmu       ] GC(237) MMU target violated: 21.0ms (20.0ms/21.0ms)
[2022-04-22T02:14:15.398+0800][gc,phases    ] GC(237)   Pre Evacuate Collection Set: 0.2ms
[2022-04-22T02:14:15.398+0800][gc,phases    ] GC(237)   Evacuate Collection Set: 53.8ms
[2022-04-22T02:14:15.398+0800][gc,phases    ] GC(237)   Post Evacuate Collection Set: 1.2ms
[2022-04-22T02:14:15.398+0800][gc,phases    ] GC(237)   Other: 2.4ms
[2022-04-22T02:14:15.398+0800][gc,heap      ] GC(237) Eden regions: 47->0(46)
[2022-04-22T02:14:15.398+0800][gc,heap      ] GC(237) Survivor regions: 5->5(7)
[2022-04-22T02:14:15.398+0800][gc,heap      ] GC(237) Old regions: 178->179
[2022-04-22T02:14:15.398+0800][gc,heap      ] GC(237) Archive regions: 2->2
[2022-04-22T02:14:15.398+0800][gc,heap      ] GC(237) Humongous regions: 129->129
[2022-04-22T02:14:15.398+0800][gc,metaspace ] GC(237) Metaspace: 43543K->43543K(1089536K)
[2022-04-22T02:14:15.398+0800][gc           ] GC(237) Pause Young (Normal) (G1 Evacuation Pause) 358M->312M(1024M) 57.046ms
[2022-04-22T02:14:15.399+0800][gc,cpu       ] GC(237) User=0.05s Sys=0.04s Real=0.05s
[2022-04-22T02:14:31.862+0800][gc,start     ] GC(238) Pause Young (Normal) (G1 Evacuation Pause)
[2022-04-22T02:14:31.863+0800][gc,task      ] GC(238) Using 8 workers of 8 for evacuation
[2022-04-22T02:14:31.896+0800][gc,mmu       ] GC(238) MMU target violated: 21.0ms (20.0ms/21.0ms)
[2022-04-22T02:14:31.896+0800][gc,phases    ] GC(238)   Pre Evacuate Collection Set: 0.2ms
[2022-04-22T02:14:31.896+0800][gc,phases    ] GC(238)   Evacuate Collection Set: 30.5ms
[2022-04-22T02:14:31.896+0800][gc,phases    ] GC(238)   Post Evacuate Collection Set: 1.5ms
[2022-04-22T02:14:31.896+0800][gc,phases    ] GC(238)   Other: 1.9ms
[2022-04-22T02:14:31.897+0800][gc,heap      ] GC(238) Eden regions: 46->0(47)
[2022-04-22T02:14:31.897+0800][gc,heap      ] GC(238) Survivor regions: 5->4(7)
[2022-04-22T02:14:31.897+0800][gc,heap      ] GC(238) Old regions: 179->179
[2022-04-22T02:14:31.897+0800][gc,heap      ] GC(238) Archive regions: 2->2
[2022-04-22T02:14:31.897+0800][gc,heap      ] GC(238) Humongous regions: 129->129
[2022-04-22T02:14:31.897+0800][gc,metaspace ] GC(238) Metaspace: 43543K->43543K(1089536K)
[2022-04-22T02:14:31.897+0800][gc           ] GC(238) Pause Young (Normal) (G1 Evacuation Pause) 358M->312M(1024M) 34.261ms
[2022-04-22T02:14:31.897+0800][gc,cpu       ] GC(238) User=0.05s Sys=0.03s Real=0.03s
[2022-04-22T02:14:49.149+0800][gc,start     ] GC(239) Pause Young (Normal) (G1 Evacuation Pause)
[2022-04-22T02:14:49.150+0800][gc,task      ] GC(239) Using 8 workers of 8 for evacuation
[2022-04-22T02:14:49.166+0800][gc,phases    ] GC(239)   Pre Evacuate Collection Set: 0.1ms
[2022-04-22T02:14:49.166+0800][gc,phases    ] GC(239)   Evacuate Collection Set: 14.2ms
[2022-04-22T02:14:49.166+0800][gc,phases    ] GC(239)   Post Evacuate Collection Set: 1.8ms
[2022-04-22T02:14:49.167+0800][gc,phases    ] GC(239)   Other: 0.9ms
[2022-04-22T02:14:49.167+0800][gc,heap      ] GC(239) Eden regions: 47->0(47)
[2022-04-22T02:14:49.167+0800][gc,heap      ] GC(239) Survivor regions: 4->4(7)
[2022-04-22T02:14:49.167+0800][gc,heap      ] GC(239) Old regions: 179->179
[2022-04-22T02:14:49.167+0800][gc,heap      ] GC(239) Archive regions: 2->2
[2022-04-22T02:14:49.167+0800][gc,heap      ] GC(239) Humongous regions: 129->129
[2022-04-22T02:14:49.167+0800][gc,metaspace ] GC(239) Metaspace: 43543K->43543K(1089536K)
[2022-04-22T02:14:49.167+0800][gc           ] GC(239) Pause Young (Normal) (G1 Evacuation Pause) 359M->312M(1024M) 17.222ms
[2022-04-22T02:14:49.167+0800][gc,cpu       ] GC(239) User=0.05s Sys=0.01s Real=0.02s
[2022-04-22T02:15:06.065+0800][gc,start     ] GC(240) Pause Young (Normal) (G1 Evacuation Pause)
[2022-04-22T02:15:06.066+0800][gc,task      ] GC(240) Using 8 workers of 8 for evacuation
[2022-04-22T02:15:06.081+0800][gc,phases    ] GC(240)   Pre Evacuate Collection Set: 0.2ms
[2022-04-22T02:15:06.081+0800][gc,phases    ] GC(240)   Evacuate Collection Set: 13.9ms
[2022-04-22T02:15:06.081+0800][gc,phases    ] GC(240)   Post Evacuate Collection Set: 0.6ms
[2022-04-22T02:15:06.081+0800][gc,phases    ] GC(240)   Other: 1.7ms
[2022-04-22T02:15:06.081+0800][gc,heap      ] GC(240) Eden regions: 47->0(45)
[2022-04-22T02:15:06.081+0800][gc,heap      ] GC(240) Survivor regions: 4->6(7)
[2022-04-22T02:15:06.081+0800][gc,heap      ] GC(240) Old regions: 179->179
[2022-04-22T02:15:06.081+0800][gc,heap      ] GC(240) Archive regions: 2->2
[2022-04-22T02:15:06.081+0800][gc,heap      ] GC(240) Humongous regions: 129->129
[2022-04-22T02:15:06.081+0800][gc,metaspace ] GC(240) Metaspace: 43543K->43543K(1089536K)
[2022-04-22T02:15:06.081+0800][gc           ] GC(240) Pause Young (Normal) (G1 Evacuation Pause) 359M->314M(1024M) 16.462ms
[2022-04-22T02:15:06.081+0800][gc,cpu       ] GC(240) User=0.05s Sys=0.01s Real=0.02s
[2022-04-22T02:15:22.511+0800][gc,start     ] GC(241) Pause Young (Normal) (G1 Evacuation Pause)
[2022-04-22T02:15:22.512+0800][gc,task      ] GC(241) Using 8 workers of 8 for evacuation
[2022-04-22T02:15:22.531+0800][gc,phases    ] GC(241)   Pre Evacuate Collection Set: 0.1ms
[2022-04-22T02:15:22.531+0800][gc,phases    ] GC(241)   Evacuate Collection Set: 17.9ms
[2022-04-22T02:15:22.531+0800][gc,phases    ] GC(241)   Post Evacuate Collection Set: 1.1ms
[2022-04-22T02:15:22.531+0800][gc,phases    ] GC(241)   Other: 1.5ms
[2022-04-22T02:15:22.531+0800][gc,heap      ] GC(241) Eden regions: 45->0(47)
[2022-04-22T02:15:22.531+0800][gc,heap      ] GC(241) Survivor regions: 6->4(7)
[2022-04-22T02:15:22.531+0800][gc,heap      ] GC(241) Old regions: 179->181
[2022-04-22T02:15:22.531+0800][gc,heap      ] GC(241) Archive regions: 2->2
[2022-04-22T02:15:22.531+0800][gc,heap      ] GC(241) Humongous regions: 129->129
[2022-04-22T02:15:22.532+0800][gc,metaspace ] GC(241) Metaspace: 43543K->43543K(1089536K)
[2022-04-22T02:15:22.532+0800][gc           ] GC(241) Pause Young (Normal) (G1 Evacuation Pause) 359M->314M(1024M) 21.029ms
[2022-04-22T02:15:22.532+0800][gc,cpu       ] GC(241) User=0.06s Sys=0.01s Real=0.02s
[2022-04-22T02:15:40.801+0800][gc,start     ] GC(242) Pause Young (Normal) (G1 Evacuation Pause)
[2022-04-22T02:15:40.803+0800][gc,task      ] GC(242) Using 8 workers of 8 for evacuation
[2022-04-22T02:15:40.838+0800][gc,mmu       ] GC(242) MMU target violated: 21.0ms (20.0ms/21.0ms)
[2022-04-22T02:15:40.839+0800][gc,phases    ] GC(242)   Pre Evacuate Collection Set: 0.3ms
[2022-04-22T02:15:40.839+0800][gc,phases    ] GC(242)   Evacuate Collection Set: 30.5ms
[2022-04-22T02:15:40.839+0800][gc,phases    ] GC(242)   Post Evacuate Collection Set: 3.3ms
[2022-04-22T02:15:40.839+0800][gc,phases    ] GC(242)   Other: 3.2ms
[2022-04-22T02:15:40.839+0800][gc,heap      ] GC(242) Eden regions: 47->0(47)
[2022-04-22T02:15:40.839+0800][gc,heap      ] GC(242) Survivor regions: 4->4(7)
[2022-04-22T02:15:40.839+0800][gc,heap      ] GC(242) Old regions: 181->181
[2022-04-22T02:15:40.839+0800][gc,heap      ] GC(242) Archive regions: 2->2
[2022-04-22T02:15:40.839+0800][gc,heap      ] GC(242) Humongous regions: 129->129
[2022-04-22T02:15:40.839+0800][gc,metaspace ] GC(242) Metaspace: 43543K->43543K(1089536K)
[2022-04-22T02:15:40.839+0800][gc           ] GC(242) Pause Young (Normal) (G1 Evacuation Pause) 361M->314M(1024M) 37.411ms
[2022-04-22T02:15:40.839+0800][gc,cpu       ] GC(242) User=0.05s Sys=0.03s Real=0.03s
[2022-04-22T02:15:57.821+0800][gc,start     ] GC(243) Pause Young (Normal) (G1 Evacuation Pause)
[2022-04-22T02:15:57.822+0800][gc,task      ] GC(243) Using 8 workers of 8 for evacuation
[2022-04-22T02:15:57.832+0800][gc,phases    ] GC(243)   Pre Evacuate Collection Set: 0.2ms
[2022-04-22T02:15:57.833+0800][gc,phases    ] GC(243)   Evacuate Collection Set: 9.5ms
[2022-04-22T02:15:57.833+0800][gc,phases    ] GC(243)   Post Evacuate Collection Set: 0.6ms
[2022-04-22T02:15:57.833+0800][gc,phases    ] GC(243)   Other: 1.1ms
[2022-04-22T02:15:57.833+0800][gc,heap      ] GC(243) Eden regions: 47->0(47)
[2022-04-22T02:15:57.833+0800][gc,heap      ] GC(243) Survivor regions: 4->4(7)
[2022-04-22T02:15:57.833+0800][gc,heap      ] GC(243) Old regions: 181->181
[2022-04-22T02:15:57.833+0800][gc,heap      ] GC(243) Archive regions: 2->2
[2022-04-22T02:15:57.833+0800][gc,heap      ] GC(243) Humongous regions: 129->129
[2022-04-22T02:15:57.833+0800][gc,metaspace ] GC(243) Metaspace: 43543K->43543K(1089536K)
[2022-04-22T02:15:57.833+0800][gc           ] GC(243) Pause Young (Normal) (G1 Evacuation Pause) 361M->314M(1024M) 11.504ms
[2022-04-22T02:15:57.833+0800][gc,cpu       ] GC(243) User=0.03s Sys=0.02s Real=0.01s
[2022-04-22T02:16:14.674+0800][gc,start     ] GC(244) Pause Young (Normal) (G1 Evacuation Pause)
[2022-04-22T02:16:14.674+0800][gc,task      ] GC(244) Using 8 workers of 8 for evacuation
[2022-04-22T02:16:14.690+0800][gc,phases    ] GC(244)   Pre Evacuate Collection Set: 0.1ms
[2022-04-22T02:16:14.691+0800][gc,phases    ] GC(244)   Evacuate Collection Set: 14.1ms
[2022-04-22T02:16:14.691+0800][gc,phases    ] GC(244)   Post Evacuate Collection Set: 1.3ms
[2022-04-22T02:16:14.691+0800][gc,phases    ] GC(244)   Other: 1.1ms
[2022-04-22T02:16:14.691+0800][gc,heap      ] GC(244) Eden regions: 47->0(47)
[2022-04-22T02:16:14.691+0800][gc,heap      ] GC(244) Survivor regions: 4->4(7)
[2022-04-22T02:16:14.691+0800][gc,heap      ] GC(244) Old regions: 181->182
[2022-04-22T02:16:14.691+0800][gc,heap      ] GC(244) Archive regions: 2->2
[2022-04-22T02:16:14.691+0800][gc,heap      ] GC(244) Humongous regions: 129->129
[2022-04-22T02:16:14.691+0800][gc,metaspace ] GC(244) Metaspace: 43543K->43543K(1089536K)
[2022-04-22T02:16:14.691+0800][gc           ] GC(244) Pause Young (Normal) (G1 Evacuation Pause) 361M->314M(1024M) 16.936ms
[2022-04-22T02:16:14.691+0800][gc,cpu       ] GC(244) User=0.04s Sys=0.00s Real=0.02s
[2022-04-22T02:16:31.682+0800][gc,start     ] GC(245) Pause Young (Normal) (G1 Evacuation Pause)
[2022-04-22T02:16:31.684+0800][gc,task      ] GC(245) Using 8 workers of 8 for evacuation
[2022-04-22T02:16:31.703+0800][gc,phases    ] GC(245)   Pre Evacuate Collection Set: 0.3ms
[2022-04-22T02:16:31.703+0800][gc,phases    ] GC(245)   Evacuate Collection Set: 17.0ms
[2022-04-22T02:16:31.703+0800][gc,phases    ] GC(245)   Post Evacuate Collection Set: 1.1ms
[2022-04-22T02:16:31.703+0800][gc,phases    ] GC(245)   Other: 2.4ms
[2022-04-22T02:16:31.703+0800][gc,heap      ] GC(245) Eden regions: 47->0(47)
[2022-04-22T02:16:31.703+0800][gc,heap      ] GC(245) Survivor regions: 4->5(7)
[2022-04-22T02:16:31.703+0800][gc,heap      ] GC(245) Old regions: 182->182
[2022-04-22T02:16:31.703+0800][gc,heap      ] GC(245) Archive regions: 2->2
[2022-04-22T02:16:31.703+0800][gc,heap      ] GC(245) Humongous regions: 129->129
[2022-04-22T02:16:31.703+0800][gc,metaspace ] GC(245) Metaspace: 43543K->43543K(1089536K)
[2022-04-22T02:16:31.704+0800][gc           ] GC(245) Pause Young (Normal) (G1 Evacuation Pause) 361M->315M(1024M) 21.083ms
[2022-04-22T02:16:31.704+0800][gc,cpu       ] GC(245) User=0.04s Sys=0.02s Real=0.02s
[2022-04-22T02:16:49.111+0800][gc,start     ] GC(246) Pause Young (Normal) (G1 Evacuation Pause)
[2022-04-22T02:16:49.112+0800][gc,task      ] GC(246) Using 8 workers of 8 for evacuation
[2022-04-22T02:16:49.146+0800][gc,mmu       ] GC(246) MMU target violated: 21.0ms (20.0ms/21.0ms)
[2022-04-22T02:16:49.146+0800][gc,phases    ] GC(246)   Pre Evacuate Collection Set: 0.3ms
[2022-04-22T02:16:49.146+0800][gc,phases    ] GC(246)   Evacuate Collection Set: 32.2ms
[2022-04-22T02:16:49.146+0800][gc,phases    ] GC(246)   Post Evacuate Collection Set: 1.0ms
[2022-04-22T02:16:49.146+0800][gc,phases    ] GC(246)   Other: 2.2ms
[2022-04-22T02:16:49.146+0800][gc,heap      ] GC(246) Eden regions: 47->0(47)
[2022-04-22T02:16:49.146+0800][gc,heap      ] GC(246) Survivor regions: 5->4(7)
[2022-04-22T02:16:49.146+0800][gc,heap      ] GC(246) Old regions: 182->182
[2022-04-22T02:16:49.146+0800][gc,heap      ] GC(246) Archive regions: 2->2
[2022-04-22T02:16:49.146+0800][gc,heap      ] GC(246) Humongous regions: 129->129
[2022-04-22T02:16:49.147+0800][gc,metaspace ] GC(246) Metaspace: 43543K->43543K(1089536K)
[2022-04-22T02:16:49.147+0800][gc           ] GC(246) Pause Young (Normal) (G1 Evacuation Pause) 362M->315M(1024M) 35.945ms
[2022-04-22T02:16:49.147+0800][gc,cpu       ] GC(246) User=0.05s Sys=0.03s Real=0.03s
[2022-04-22T02:17:06.265+0800][gc,start     ] GC(247) Pause Young (Normal) (G1 Evacuation Pause)
[2022-04-22T02:17:06.265+0800][gc,task      ] GC(247) Using 8 workers of 8 for evacuation
[2022-04-22T02:17:06.289+0800][gc,mmu       ] GC(247) MMU target violated: 21.0ms (20.0ms/21.0ms)
[2022-04-22T02:17:06.289+0800][gc,phases    ] GC(247)   Pre Evacuate Collection Set: 0.2ms
[2022-04-22T02:17:06.289+0800][gc,phases    ] GC(247)   Evacuate Collection Set: 21.9ms
[2022-04-22T02:17:06.289+0800][gc,phases    ] GC(247)   Post Evacuate Collection Set: 1.3ms
[2022-04-22T02:17:06.289+0800][gc,phases    ] GC(247)   Other: 1.1ms
[2022-04-22T02:17:06.289+0800][gc,heap      ] GC(247) Eden regions: 47->0(47)
[2022-04-22T02:17:06.289+0800][gc,heap      ] GC(247) Survivor regions: 4->4(7)
[2022-04-22T02:17:06.289+0800][gc,heap      ] GC(247) Old regions: 182->183
[2022-04-22T02:17:06.289+0800][gc,heap      ] GC(247) Archive regions: 2->2
[2022-04-22T02:17:06.290+0800][gc,heap      ] GC(247) Humongous regions: 129->129
[2022-04-22T02:17:06.290+0800][gc,metaspace ] GC(247) Metaspace: 43543K->43543K(1089536K)
[2022-04-22T02:17:06.290+0800][gc           ] GC(247) Pause Young (Normal) (G1 Evacuation Pause) 362M->315M(1024M) 24.660ms
[2022-04-22T02:17:06.290+0800][gc,cpu       ] GC(247) User=0.04s Sys=0.01s Real=0.03s
[2022-04-22T02:17:23.394+0800][gc,start     ] GC(248) Pause Young (Normal) (G1 Evacuation Pause)
[2022-04-22T02:17:23.395+0800][gc,task      ] GC(248) Using 8 workers of 8 for evacuation
[2022-04-22T02:17:23.422+0800][gc,mmu       ] GC(248) MMU target violated: 21.0ms (20.0ms/21.0ms)
[2022-04-22T02:17:23.422+0800][gc,phases    ] GC(248)   Pre Evacuate Collection Set: 0.2ms
[2022-04-22T02:17:23.422+0800][gc,phases    ] GC(248)   Evacuate Collection Set: 25.6ms
[2022-04-22T02:17:23.422+0800][gc,phases    ] GC(248)   Post Evacuate Collection Set: 0.8ms
[2022-04-22T02:17:23.422+0800][gc,phases    ] GC(248)   Other: 1.5ms
[2022-04-22T02:17:23.422+0800][gc,heap      ] GC(248) Eden regions: 47->0(45)
[2022-04-22T02:17:23.422+0800][gc,heap      ] GC(248) Survivor regions: 4->6(7)
[2022-04-22T02:17:23.422+0800][gc,heap      ] GC(248) Old regions: 183->183
[2022-04-22T02:17:23.422+0800][gc,heap      ] GC(248) Archive regions: 2->2
[2022-04-22T02:17:23.422+0800][gc,heap      ] GC(248) Humongous regions: 129->129
[2022-04-22T02:17:23.422+0800][gc,metaspace ] GC(248) Metaspace: 43543K->43543K(1089536K)
[2022-04-22T02:17:23.423+0800][gc           ] GC(248) Pause Young (Normal) (G1 Evacuation Pause) 362M->317M(1024M) 28.213ms
[2022-04-22T02:17:23.423+0800][gc,cpu       ] GC(248) User=0.04s Sys=0.04s Real=0.03s
[2022-04-22T02:17:39.722+0800][gc,start     ] GC(249) Pause Young (Normal) (G1 Evacuation Pause)
[2022-04-22T02:17:39.723+0800][gc,task      ] GC(249) Using 8 workers of 8 for evacuation
[2022-04-22T02:17:39.755+0800][gc,mmu       ] GC(249) MMU target violated: 21.0ms (20.0ms/21.0ms)
[2022-04-22T02:17:39.756+0800][gc,phases    ] GC(249)   Pre Evacuate Collection Set: 0.2ms
[2022-04-22T02:17:39.756+0800][gc,phases    ] GC(249)   Evacuate Collection Set: 31.1ms
[2022-04-22T02:17:39.756+0800][gc,phases    ] GC(249)   Post Evacuate Collection Set: 0.9ms
[2022-04-22T02:17:39.756+0800][gc,phases    ] GC(249)   Other: 1.3ms
[2022-04-22T02:17:39.756+0800][gc,heap      ] GC(249) Eden regions: 45->0(47)
[2022-04-22T02:17:39.756+0800][gc,heap      ] GC(249) Survivor regions: 6->4(7)
[2022-04-22T02:17:39.756+0800][gc,heap      ] GC(249) Old regions: 183->185
[2022-04-22T02:17:39.756+0800][gc,heap      ] GC(249) Archive regions: 2->2
[2022-04-22T02:17:39.756+0800][gc,heap      ] GC(249) Humongous regions: 129->129
[2022-04-22T02:17:39.756+0800][gc,metaspace ] GC(249) Metaspace: 43544K->43544K(1089536K)
[2022-04-22T02:17:39.756+0800][gc           ] GC(249) Pause Young (Normal) (G1 Evacuation Pause) 362M->317M(1024M) 33.576ms
[2022-04-22T02:17:39.756+0800][gc,cpu       ] GC(249) User=0.05s Sys=0.04s Real=0.03s
[2022-04-22T02:17:56.816+0800][gc,start     ] GC(250) Pause Young (Normal) (G1 Evacuation Pause)
[2022-04-22T02:17:56.817+0800][gc,task      ] GC(250) Using 8 workers of 8 for evacuation
[2022-04-22T02:17:56.833+0800][gc,phases    ] GC(250)   Pre Evacuate Collection Set: 0.1ms
[2022-04-22T02:17:56.833+0800][gc,phases    ] GC(250)   Evacuate Collection Set: 15.0ms
[2022-04-22T02:17:56.834+0800][gc,phases    ] GC(250)   Post Evacuate Collection Set: 1.0ms
[2022-04-22T02:17:56.834+0800][gc,phases    ] GC(250)   Other: 1.2ms
[2022-04-22T02:17:56.834+0800][gc,heap      ] GC(250) Eden regions: 47->0(47)
[2022-04-22T02:17:56.834+0800][gc,heap      ] GC(250) Survivor regions: 4->4(7)
[2022-04-22T02:17:56.834+0800][gc,heap      ] GC(250) Old regions: 185->185
[2022-04-22T02:17:56.834+0800][gc,heap      ] GC(250) Archive regions: 2->2
[2022-04-22T02:17:56.834+0800][gc,heap      ] GC(250) Humongous regions: 129->129
[2022-04-22T02:17:56.834+0800][gc,metaspace ] GC(250) Metaspace: 43544K->43544K(1089536K)
[2022-04-22T02:17:56.834+0800][gc           ] GC(250) Pause Young (Normal) (G1 Evacuation Pause) 364M->317M(1024M) 17.611ms
[2022-04-22T02:17:56.834+0800][gc,cpu       ] GC(250) User=0.03s Sys=0.00s Real=0.02s
[2022-04-22T02:18:13.981+0800][gc,start     ] GC(251) Pause Young (Normal) (G1 Evacuation Pause)
[2022-04-22T02:18:13.982+0800][gc,task      ] GC(251) Using 8 workers of 8 for evacuation
[2022-04-22T02:18:13.994+0800][gc,phases    ] GC(251)   Pre Evacuate Collection Set: 0.2ms
[2022-04-22T02:18:13.994+0800][gc,phases    ] GC(251)   Evacuate Collection Set: 10.9ms
[2022-04-22T02:18:13.994+0800][gc,phases    ] GC(251)   Post Evacuate Collection Set: 1.0ms
[2022-04-22T02:18:13.994+0800][gc,phases    ] GC(251)   Other: 1.0ms
[2022-04-22T02:18:13.994+0800][gc,heap      ] GC(251) Eden regions: 47->0(48)
[2022-04-22T02:18:13.994+0800][gc,heap      ] GC(251) Survivor regions: 4->4(7)
[2022-04-22T02:18:13.994+0800][gc,heap      ] GC(251) Old regions: 185->185
[2022-04-22T02:18:13.994+0800][gc,heap      ] GC(251) Archive regions: 2->2
[2022-04-22T02:18:13.994+0800][gc,heap      ] GC(251) Humongous regions: 129->129
[2022-04-22T02:18:13.994+0800][gc,metaspace ] GC(251) Metaspace: 43544K->43544K(1089536K)
[2022-04-22T02:18:13.994+0800][gc           ] GC(251) Pause Young (Normal) (G1 Evacuation Pause) 364M->317M(1024M) 13.167ms
[2022-04-22T02:18:13.994+0800][gc,cpu       ] GC(251) User=0.04s Sys=0.03s Real=0.01s
[2022-04-22T02:18:31.392+0800][gc,start     ] GC(252) Pause Young (Normal) (G1 Evacuation Pause)
[2022-04-22T02:18:31.393+0800][gc,task      ] GC(252) Using 8 workers of 8 for evacuation
[2022-04-22T02:18:31.409+0800][gc,phases    ] GC(252)   Pre Evacuate Collection Set: 0.2ms
[2022-04-22T02:18:31.410+0800][gc,phases    ] GC(252)   Evacuate Collection Set: 15.0ms
[2022-04-22T02:18:31.410+0800][gc,phases    ] GC(252)   Post Evacuate Collection Set: 0.6ms
[2022-04-22T02:18:31.410+0800][gc,phases    ] GC(252)   Other: 1.5ms
[2022-04-22T02:18:31.410+0800][gc,heap      ] GC(252) Eden regions: 48->0(49)
[2022-04-22T02:18:31.410+0800][gc,heap      ] GC(252) Survivor regions: 4->4(7)
[2022-04-22T02:18:31.410+0800][gc,heap      ] GC(252) Old regions: 185->185
[2022-04-22T02:18:31.410+0800][gc,heap      ] GC(252) Archive regions: 2->2
[2022-04-22T02:18:31.410+0800][gc,heap      ] GC(252) Humongous regions: 129->129
[2022-04-22T02:18:31.410+0800][gc,metaspace ] GC(252) Metaspace: 43544K->43544K(1089536K)
[2022-04-22T02:18:31.410+0800][gc           ] GC(252) Pause Young (Normal) (G1 Evacuation Pause) 365M->318M(1024M) 17.520ms
[2022-04-22T02:18:31.410+0800][gc,cpu       ] GC(252) User=0.05s Sys=0.01s Real=0.02s
[2022-04-22T02:18:49.017+0800][gc,start     ] GC(253) Pause Young (Normal) (G1 Evacuation Pause)
[2022-04-22T02:18:49.017+0800][gc,task      ] GC(253) Using 8 workers of 8 for evacuation
[2022-04-22T02:18:49.042+0800][gc,mmu       ] GC(253) MMU target violated: 21.0ms (20.0ms/21.0ms)
[2022-04-22T02:18:49.043+0800][gc,phases    ] GC(253)   Pre Evacuate Collection Set: 0.2ms
[2022-04-22T02:18:49.043+0800][gc,phases    ] GC(253)   Evacuate Collection Set: 23.3ms
[2022-04-22T02:18:49.043+0800][gc,phases    ] GC(253)   Post Evacuate Collection Set: 1.0ms
[2022-04-22T02:18:49.046+0800][gc,phases    ] GC(253)   Other: 1.3ms
[2022-04-22T02:18:49.046+0800][gc,heap      ] GC(253) Eden regions: 49->0(49)
[2022-04-22T02:18:49.046+0800][gc,heap      ] GC(253) Survivor regions: 4->4(7)
[2022-04-22T02:18:49.046+0800][gc,heap      ] GC(253) Old regions: 185->186
[2022-04-22T02:18:49.046+0800][gc,heap      ] GC(253) Archive regions: 2->2
[2022-04-22T02:18:49.046+0800][gc,heap      ] GC(253) Humongous regions: 129->129
[2022-04-22T02:18:49.046+0800][gc,metaspace ] GC(253) Metaspace: 43555K->43555K(1089536K)
[2022-04-22T02:18:49.046+0800][gc           ] GC(253) Pause Young (Normal) (G1 Evacuation Pause) 367M->318M(1024M) 29.150ms
[2022-04-22T02:18:49.046+0800][gc,cpu       ] GC(253) User=0.04s Sys=0.03s Real=0.03s
[2022-04-22T02:19:05.975+0800][gc,start     ] GC(254) Pause Young (Normal) (G1 Evacuation Pause)
[2022-04-22T02:19:05.975+0800][gc,task      ] GC(254) Using 8 workers of 8 for evacuation
[2022-04-22T02:19:05.996+0800][gc,phases    ] GC(254)   Pre Evacuate Collection Set: 0.3ms
[2022-04-22T02:19:05.996+0800][gc,phases    ] GC(254)   Evacuate Collection Set: 17.9ms
[2022-04-22T02:19:05.996+0800][gc,phases    ] GC(254)   Post Evacuate Collection Set: 1.1ms
[2022-04-22T02:19:05.996+0800][gc,phases    ] GC(254)   Other: 1.8ms
[2022-04-22T02:19:05.996+0800][gc,heap      ] GC(254) Eden regions: 47->0(49)
[2022-04-22T02:19:05.996+0800][gc,heap      ] GC(254) Survivor regions: 4->4(7)
[2022-04-22T02:19:05.996+0800][gc,heap      ] GC(254) Old regions: 186->186
[2022-04-22T02:19:05.996+0800][gc,heap      ] GC(254) Archive regions: 2->2
[2022-04-22T02:19:05.996+0800][gc,heap      ] GC(254) Humongous regions: 129->129
[2022-04-22T02:19:05.996+0800][gc,metaspace ] GC(254) Metaspace: 43555K->43555K(1089536K)
[2022-04-22T02:19:05.996+0800][gc           ] GC(254) Pause Young (Normal) (G1 Evacuation Pause) 365M->319M(1024M) 21.415ms
[2022-04-22T02:19:05.996+0800][gc,cpu       ] GC(254) User=0.04s Sys=0.02s Real=0.02s
[2022-04-22T02:19:23.732+0800][gc,start     ] GC(255) Pause Young (Normal) (G1 Evacuation Pause)
[2022-04-22T02:19:23.733+0800][gc,task      ] GC(255) Using 8 workers of 8 for evacuation
[2022-04-22T02:19:23.761+0800][gc,mmu       ] GC(255) MMU target violated: 21.0ms (20.0ms/21.0ms)
[2022-04-22T02:19:23.761+0800][gc,phases    ] GC(255)   Pre Evacuate Collection Set: 0.3ms
[2022-04-22T02:19:23.761+0800][gc,phases    ] GC(255)   Evacuate Collection Set: 25.2ms
[2022-04-22T02:19:23.761+0800][gc,phases    ] GC(255)   Post Evacuate Collection Set: 1.3ms
[2022-04-22T02:19:23.761+0800][gc,phases    ] GC(255)   Other: 2.3ms
[2022-04-22T02:19:23.761+0800][gc,heap      ] GC(255) Eden regions: 49->0(47)
[2022-04-22T02:19:23.761+0800][gc,heap      ] GC(255) Survivor regions: 4->5(7)
[2022-04-22T02:19:23.761+0800][gc,heap      ] GC(255) Old regions: 186->186
[2022-04-22T02:19:23.761+0800][gc,heap      ] GC(255) Archive regions: 2->2
[2022-04-22T02:19:23.761+0800][gc,heap      ] GC(255) Humongous regions: 129->129
[2022-04-22T02:19:23.761+0800][gc,metaspace ] GC(255) Metaspace: 43565K->43565K(1089536K)
[2022-04-22T02:19:23.761+0800][gc           ] GC(255) Pause Young (Normal) (G1 Evacuation Pause) 368M->319M(1024M) 29.217ms
[2022-04-22T02:19:23.761+0800][gc,cpu       ] GC(255) User=0.05s Sys=0.05s Real=0.03s
[2022-04-22T02:19:40.464+0800][gc,start     ] GC(256) Pause Young (Normal) (G1 Evacuation Pause)
[2022-04-22T02:19:40.465+0800][gc,task      ] GC(256) Using 8 workers of 8 for evacuation
[2022-04-22T02:19:40.473+0800][gc,phases    ] GC(256)   Pre Evacuate Collection Set: 0.1ms
[2022-04-22T02:19:40.473+0800][gc,phases    ] GC(256)   Evacuate Collection Set: 7.2ms
[2022-04-22T02:19:40.473+0800][gc,phases    ] GC(256)   Post Evacuate Collection Set: 0.4ms
[2022-04-22T02:19:40.473+0800][gc,phases    ] GC(256)   Other: 0.8ms
[2022-04-22T02:19:40.473+0800][gc,heap      ] GC(256) Eden regions: 46->0(49)
[2022-04-22T02:19:40.473+0800][gc,heap      ] GC(256) Survivor regions: 5->4(7)
[2022-04-22T02:19:40.473+0800][gc,heap      ] GC(256) Old regions: 186->187
[2022-04-22T02:19:40.473+0800][gc,heap      ] GC(256) Archive regions: 2->2
[2022-04-22T02:19:40.473+0800][gc,heap      ] GC(256) Humongous regions: 129->129
[2022-04-22T02:19:40.473+0800][gc,metaspace ] GC(256) Metaspace: 43566K->43566K(1089536K)
[2022-04-22T02:19:40.473+0800][gc           ] GC(256) Pause Young (Normal) (G1 Evacuation Pause) 365M->319M(1024M) 8.666ms
[2022-04-22T02:19:40.473+0800][gc,cpu       ] GC(256) User=0.02s Sys=0.02s Real=0.01s
[2022-04-22T02:19:58.020+0800][gc,start     ] GC(257) Pause Young (Normal) (G1 Evacuation Pause)
[2022-04-22T02:19:58.021+0800][gc,task      ] GC(257) Using 8 workers of 8 for evacuation
[2022-04-22T02:19:58.044+0800][gc,mmu       ] GC(257) MMU target violated: 21.0ms (20.0ms/21.0ms)
[2022-04-22T02:19:58.044+0800][gc,phases    ] GC(257)   Pre Evacuate Collection Set: 0.3ms
[2022-04-22T02:19:58.044+0800][gc,phases    ] GC(257)   Evacuate Collection Set: 21.5ms
[2022-04-22T02:19:58.044+0800][gc,phases    ] GC(257)   Post Evacuate Collection Set: 0.5ms
[2022-04-22T02:19:58.044+0800][gc,phases    ] GC(257)   Other: 1.6ms
[2022-04-22T02:19:58.044+0800][gc,heap      ] GC(257) Eden regions: 49->0(50)
[2022-04-22T02:19:58.044+0800][gc,heap      ] GC(257) Survivor regions: 4->5(7)
[2022-04-22T02:19:58.044+0800][gc,heap      ] GC(257) Old regions: 187->187
[2022-04-22T02:19:58.044+0800][gc,heap      ] GC(257) Archive regions: 2->2
[2022-04-22T02:19:58.044+0800][gc,heap      ] GC(257) Humongous regions: 129->129
[2022-04-22T02:19:58.044+0800][gc,metaspace ] GC(257) Metaspace: 43566K->43566K(1089536K)
[2022-04-22T02:19:58.044+0800][gc           ] GC(257) Pause Young (Normal) (G1 Evacuation Pause) 368M->320M(1024M) 23.984ms
[2022-04-22T02:19:58.044+0800][gc,cpu       ] GC(257) User=0.04s Sys=0.01s Real=0.02s
[2022-04-22T02:20:14.497+0800][gc,start     ] GC(258) Pause Young (Normal) (G1 Evacuation Pause)
[2022-04-22T02:20:14.498+0800][gc,task      ] GC(258) Using 8 workers of 8 for evacuation
[2022-04-22T02:20:14.510+0800][gc,phases    ] GC(258)   Pre Evacuate Collection Set: 0.1ms
[2022-04-22T02:20:14.510+0800][gc,phases    ] GC(258)   Evacuate Collection Set: 11.8ms
[2022-04-22T02:20:14.511+0800][gc,phases    ] GC(258)   Post Evacuate Collection Set: 0.4ms
[2022-04-22T02:20:14.511+0800][gc,phases    ] GC(258)   Other: 1.4ms
[2022-04-22T02:20:14.511+0800][gc,heap      ] GC(258) Eden regions: 46->0(52)
[2022-04-22T02:20:14.511+0800][gc,heap      ] GC(258) Survivor regions: 5->4(7)
[2022-04-22T02:20:14.511+0800][gc,heap      ] GC(258) Old regions: 187->187
[2022-04-22T02:20:14.511+0800][gc,heap      ] GC(258) Archive regions: 2->2
[2022-04-22T02:20:14.511+0800][gc,heap      ] GC(258) Humongous regions: 129->129
[2022-04-22T02:20:14.511+0800][gc,metaspace ] GC(258) Metaspace: 43566K->43566K(1089536K)
[2022-04-22T02:20:14.511+0800][gc           ] GC(258) Pause Young (Normal) (G1 Evacuation Pause) 366M->320M(1024M) 13.777ms
[2022-04-22T02:20:14.511+0800][gc,cpu       ] GC(258) User=0.04s Sys=0.01s Real=0.02s
[2022-04-22T02:20:32.992+0800][gc,start     ] GC(259) Pause Young (Normal) (G1 Evacuation Pause)
[2022-04-22T02:20:32.993+0800][gc,task      ] GC(259) Using 8 workers of 8 for evacuation
[2022-04-22T02:20:33.022+0800][gc,mmu       ] GC(259) MMU target violated: 21.0ms (20.0ms/21.0ms)
[2022-04-22T02:20:33.022+0800][gc,phases    ] GC(259)   Pre Evacuate Collection Set: 0.2ms
[2022-04-22T02:20:33.022+0800][gc,phases    ] GC(259)   Evacuate Collection Set: 26.9ms
[2022-04-22T02:20:33.022+0800][gc,phases    ] GC(259)   Post Evacuate Collection Set: 1.3ms
[2022-04-22T02:20:33.022+0800][gc,phases    ] GC(259)   Other: 1.5ms
[2022-04-22T02:20:33.022+0800][gc,heap      ] GC(259) Eden regions: 52->0(49)
[2022-04-22T02:20:33.022+0800][gc,heap      ] GC(259) Survivor regions: 4->5(7)
[2022-04-22T02:20:33.022+0800][gc,heap      ] GC(259) Old regions: 187->188
[2022-04-22T02:20:33.022+0800][gc,heap      ] GC(259) Archive regions: 2->2
[2022-04-22T02:20:33.022+0800][gc,heap      ] GC(259) Humongous regions: 129->129
[2022-04-22T02:20:33.022+0800][gc,metaspace ] GC(259) Metaspace: 43566K->43566K(1089536K)
[2022-04-22T02:20:33.022+0800][gc           ] GC(259) Pause Young (Normal) (G1 Evacuation Pause) 372M->321M(1024M) 30.055ms
[2022-04-22T02:20:33.023+0800][gc,cpu       ] GC(259) User=0.04s Sys=0.03s Real=0.03s
[2022-04-22T02:20:49.621+0800][gc,start     ] GC(260) Pause Young (Normal) (G1 Evacuation Pause)
[2022-04-22T02:20:49.622+0800][gc,task      ] GC(260) Using 8 workers of 8 for evacuation
[2022-04-22T02:20:49.643+0800][gc,mmu       ] GC(260) MMU target violated: 20.8ms (20.0ms/21.0ms)
[2022-04-22T02:20:49.643+0800][gc,phases    ] GC(260)   Pre Evacuate Collection Set: 0.2ms
[2022-04-22T02:20:49.643+0800][gc,phases    ] GC(260)   Evacuate Collection Set: 19.8ms
[2022-04-22T02:20:49.643+0800][gc,phases    ] GC(260)   Post Evacuate Collection Set: 0.4ms
[2022-04-22T02:20:49.643+0800][gc,phases    ] GC(260)   Other: 1.9ms
[2022-04-22T02:20:49.643+0800][gc,heap      ] GC(260) Eden regions: 46->0(51)
[2022-04-22T02:20:49.643+0800][gc,heap      ] GC(260) Survivor regions: 5->4(7)
[2022-04-22T02:20:49.643+0800][gc,heap      ] GC(260) Old regions: 188->188
[2022-04-22T02:20:49.643+0800][gc,heap      ] GC(260) Archive regions: 2->2
[2022-04-22T02:20:49.643+0800][gc,heap      ] GC(260) Humongous regions: 129->129
[2022-04-22T02:20:49.643+0800][gc,metaspace ] GC(260) Metaspace: 43566K->43566K(1089536K)
[2022-04-22T02:20:49.643+0800][gc           ] GC(260) Pause Young (Normal) (G1 Evacuation Pause) 367M->321M(1024M) 22.277ms
[2022-04-22T02:20:49.643+0800][gc,cpu       ] GC(260) User=0.06s Sys=0.01s Real=0.02s
[2022-04-22T02:21:07.735+0800][gc,start     ] GC(261) Pause Young (Normal) (G1 Evacuation Pause)
[2022-04-22T02:21:07.735+0800][gc,task      ] GC(261) Using 8 workers of 8 for evacuation
[2022-04-22T02:21:07.761+0800][gc,mmu       ] GC(261) MMU target violated: 21.0ms (20.0ms/21.0ms)
[2022-04-22T02:21:07.761+0800][gc,phases    ] GC(261)   Pre Evacuate Collection Set: 0.2ms
[2022-04-22T02:21:07.761+0800][gc,phases    ] GC(261)   Evacuate Collection Set: 23.3ms
[2022-04-22T02:21:07.761+0800][gc,phases    ] GC(261)   Post Evacuate Collection Set: 1.3ms
[2022-04-22T02:21:07.761+0800][gc,phases    ] GC(261)   Other: 1.3ms
[2022-04-22T02:21:07.761+0800][gc,heap      ] GC(261) Eden regions: 51->0(51)
[2022-04-22T02:21:07.761+0800][gc,heap      ] GC(261) Survivor regions: 4->5(7)
[2022-04-22T02:21:07.761+0800][gc,heap      ] GC(261) Old regions: 188->189
[2022-04-22T02:21:07.761+0800][gc,heap      ] GC(261) Archive regions: 2->2
[2022-04-22T02:21:07.761+0800][gc,heap      ] GC(261) Humongous regions: 129->129
[2022-04-22T02:21:07.761+0800][gc,metaspace ] GC(261) Metaspace: 43566K->43566K(1089536K)
[2022-04-22T02:21:07.761+0800][gc           ] GC(261) Pause Young (Normal) (G1 Evacuation Pause) 372M->322M(1024M) 26.086ms
[2022-04-22T02:21:07.761+0800][gc,cpu       ] GC(261) User=0.04s Sys=0.03s Real=0.03s
[2022-04-22T02:21:23.994+0800][gc,start     ] GC(262) Pause Young (Normal) (G1 Evacuation Pause)
[2022-04-22T02:21:23.995+0800][gc,task      ] GC(262) Using 8 workers of 8 for evacuation
[2022-04-22T02:21:24.257+0800][gc,mmu       ] GC(262) MMU target violated: 21.0ms (20.0ms/21.0ms)
[2022-04-22T02:21:24.257+0800][gc,phases    ] GC(262)   Pre Evacuate Collection Set: 0.2ms
[2022-04-22T02:21:24.257+0800][gc,phases    ] GC(262)   Evacuate Collection Set: 254.8ms
[2022-04-22T02:21:24.257+0800][gc,phases    ] GC(262)   Post Evacuate Collection Set: 6.7ms
[2022-04-22T02:21:24.257+0800][gc,phases    ] GC(262)   Other: 1.7ms
[2022-04-22T02:21:24.257+0800][gc,heap      ] GC(262) Eden regions: 46->0(47)
[2022-04-22T02:21:24.257+0800][gc,heap      ] GC(262) Survivor regions: 5->4(7)
[2022-04-22T02:21:24.257+0800][gc,heap      ] GC(262) Old regions: 189->189
[2022-04-22T02:21:24.257+0800][gc,heap      ] GC(262) Archive regions: 2->2
[2022-04-22T02:21:24.257+0800][gc,heap      ] GC(262) Humongous regions: 129->129
[2022-04-22T02:21:24.257+0800][gc,metaspace ] GC(262) Metaspace: 43566K->43566K(1089536K)
[2022-04-22T02:21:24.257+0800][gc           ] GC(262) Pause Young (Normal) (G1 Evacuation Pause) 368M->322M(1024M) 263.391ms
[2022-04-22T02:21:24.257+0800][gc,cpu       ] GC(262) User=0.04s Sys=0.03s Real=0.26s
[2022-04-22T02:21:41.306+0800][gc,start     ] GC(263) Pause Young (Normal) (G1 Evacuation Pause)
[2022-04-22T02:21:41.307+0800][gc,task      ] GC(263) Using 8 workers of 8 for evacuation
[2022-04-22T02:21:41.327+0800][gc,mmu       ] GC(263) MMU target violated: 20.3ms (20.0ms/21.0ms)
[2022-04-22T02:21:41.327+0800][gc,phases    ] GC(263)   Pre Evacuate Collection Set: 0.4ms
[2022-04-22T02:21:41.327+0800][gc,phases    ] GC(263)   Evacuate Collection Set: 17.7ms
[2022-04-22T02:21:41.328+0800][gc,phases    ] GC(263)   Post Evacuate Collection Set: 1.5ms
[2022-04-22T02:21:41.328+0800][gc,phases    ] GC(263)   Other: 1.8ms
[2022-04-22T02:21:41.328+0800][gc,heap      ] GC(263) Eden regions: 47->0(47)
[2022-04-22T02:21:41.328+0800][gc,heap      ] GC(263) Survivor regions: 4->6(7)
[2022-04-22T02:21:41.328+0800][gc,heap      ] GC(263) Old regions: 189->189
[2022-04-22T02:21:41.328+0800][gc,heap      ] GC(263) Archive regions: 2->2
[2022-04-22T02:21:41.328+0800][gc,heap      ] GC(263) Humongous regions: 129->129
[2022-04-22T02:21:41.328+0800][gc,metaspace ] GC(263) Metaspace: 43574K->43574K(1089536K)
[2022-04-22T02:21:41.328+0800][gc           ] GC(263) Pause Young (Normal) (G1 Evacuation Pause) 369M->324M(1024M) 21.551ms
[2022-04-22T02:21:41.328+0800][gc,cpu       ] GC(263) User=0.06s Sys=0.03s Real=0.02s
[2022-04-22T02:21:57.796+0800][gc,start     ] GC(264) Pause Young (Normal) (G1 Evacuation Pause)
[2022-04-22T02:21:57.797+0800][gc,task      ] GC(264) Using 8 workers of 8 for evacuation
[2022-04-22T02:21:57.831+0800][gc,mmu       ] GC(264) MMU target violated: 21.0ms (20.0ms/21.0ms)
[2022-04-22T02:21:57.831+0800][gc,phases    ] GC(264)   Pre Evacuate Collection Set: 0.3ms
[2022-04-22T02:21:57.831+0800][gc,phases    ] GC(264)   Evacuate Collection Set: 32.2ms
[2022-04-22T02:21:57.831+0800][gc,phases    ] GC(264)   Post Evacuate Collection Set: 1.4ms
[2022-04-22T02:21:57.831+0800][gc,phases    ] GC(264)   Other: 1.7ms
[2022-04-22T02:21:57.831+0800][gc,heap      ] GC(264) Eden regions: 45->0(47)
[2022-04-22T02:21:57.831+0800][gc,heap      ] GC(264) Survivor regions: 6->4(7)
[2022-04-22T02:21:57.831+0800][gc,heap      ] GC(264) Old regions: 189->191
[2022-04-22T02:21:57.831+0800][gc,heap      ] GC(264) Archive regions: 2->2
[2022-04-22T02:21:57.831+0800][gc,heap      ] GC(264) Humongous regions: 129->129
[2022-04-22T02:21:57.831+0800][gc,metaspace ] GC(264) Metaspace: 43574K->43574K(1089536K)
[2022-04-22T02:21:57.832+0800][gc           ] GC(264) Pause Young (Normal) (G1 Evacuation Pause) 369M->324M(1024M) 35.658ms
[2022-04-22T02:21:57.832+0800][gc,cpu       ] GC(264) User=0.05s Sys=0.03s Real=0.04s
[2022-04-22T02:22:14.928+0800][gc,start     ] GC(265) Pause Young (Normal) (G1 Evacuation Pause)
[2022-04-22T02:22:14.928+0800][gc,task      ] GC(265) Using 8 workers of 8 for evacuation
[2022-04-22T02:22:14.941+0800][gc,phases    ] GC(265)   Pre Evacuate Collection Set: 0.2ms
[2022-04-22T02:22:14.941+0800][gc,phases    ] GC(265)   Evacuate Collection Set: 7.6ms
[2022-04-22T02:22:14.941+0800][gc,phases    ] GC(265)   Post Evacuate Collection Set: 3.3ms
[2022-04-22T02:22:14.941+0800][gc,phases    ] GC(265)   Other: 2.1ms
[2022-04-22T02:22:14.941+0800][gc,heap      ] GC(265) Eden regions: 47->0(47)
[2022-04-22T02:22:14.941+0800][gc,heap      ] GC(265) Survivor regions: 4->4(7)
[2022-04-22T02:22:14.941+0800][gc,heap      ] GC(265) Old regions: 191->191
[2022-04-22T02:22:14.941+0800][gc,heap      ] GC(265) Archive regions: 2->2
[2022-04-22T02:22:14.941+0800][gc,heap      ] GC(265) Humongous regions: 129->129
[2022-04-22T02:22:14.941+0800][gc,metaspace ] GC(265) Metaspace: 43574K->43574K(1089536K)
[2022-04-22T02:22:14.941+0800][gc           ] GC(265) Pause Young (Normal) (G1 Evacuation Pause) 371M->324M(1024M) 13.284ms
[2022-04-22T02:22:14.941+0800][gc,cpu       ] GC(265) User=0.02s Sys=0.02s Real=0.02s
[2022-04-22T02:22:32.094+0800][gc,start     ] GC(266) Pause Young (Normal) (G1 Evacuation Pause)
[2022-04-22T02:22:32.111+0800][gc,task      ] GC(266) Using 8 workers of 8 for evacuation
[2022-04-22T02:22:32.132+0800][gc,mmu       ] GC(266) MMU target violated: 20.9ms (20.0ms/21.0ms)
[2022-04-22T02:22:32.132+0800][gc,phases    ] GC(266)   Pre Evacuate Collection Set: 0.2ms
[2022-04-22T02:22:32.132+0800][gc,phases    ] GC(266)   Evacuate Collection Set: 18.8ms
[2022-04-22T02:22:32.132+0800][gc,phases    ] GC(266)   Post Evacuate Collection Set: 1.2ms
[2022-04-22T02:22:32.132+0800][gc,phases    ] GC(266)   Other: 17.6ms
[2022-04-22T02:22:32.132+0800][gc,heap      ] GC(266) Eden regions: 47->0(47)
[2022-04-22T02:22:32.132+0800][gc,heap      ] GC(266) Survivor regions: 4->4(7)
[2022-04-22T02:22:32.132+0800][gc,heap      ] GC(266) Old regions: 191->191
[2022-04-22T02:22:32.132+0800][gc,heap      ] GC(266) Archive regions: 2->2
[2022-04-22T02:22:32.132+0800][gc,heap      ] GC(266) Humongous regions: 129->129
[2022-04-22T02:22:32.132+0800][gc,metaspace ] GC(266) Metaspace: 43575K->43575K(1089536K)
[2022-04-22T02:22:32.132+0800][gc           ] GC(266) Pause Young (Normal) (G1 Evacuation Pause) 371M->324M(1024M) 37.921ms
[2022-04-22T02:22:32.132+0800][gc,cpu       ] GC(266) User=0.04s Sys=0.02s Real=0.04s
[2022-04-22T02:22:49.087+0800][gc,start     ] GC(267) Pause Young (Normal) (G1 Evacuation Pause)
[2022-04-22T02:22:49.087+0800][gc,task      ] GC(267) Using 8 workers of 8 for evacuation
[2022-04-22T02:22:49.101+0800][gc,phases    ] GC(267)   Pre Evacuate Collection Set: 0.2ms
[2022-04-22T02:22:49.101+0800][gc,phases    ] GC(267)   Evacuate Collection Set: 12.4ms
[2022-04-22T02:22:49.101+0800][gc,phases    ] GC(267)   Post Evacuate Collection Set: 0.4ms
[2022-04-22T02:22:49.101+0800][gc,phases    ] GC(267)   Other: 1.8ms
[2022-04-22T02:22:49.101+0800][gc,heap      ] GC(267) Eden regions: 47->0(51)
[2022-04-22T02:22:49.101+0800][gc,heap      ] GC(267) Survivor regions: 4->4(7)
[2022-04-22T02:22:49.101+0800][gc,heap      ] GC(267) Old regions: 191->192
[2022-04-22T02:22:49.101+0800][gc,heap      ] GC(267) Archive regions: 2->2
[2022-04-22T02:22:49.101+0800][gc,heap      ] GC(267) Humongous regions: 129->129
[2022-04-22T02:22:49.101+0800][gc,metaspace ] GC(267) Metaspace: 43575K->43575K(1089536K)
[2022-04-22T02:22:49.101+0800][gc           ] GC(267) Pause Young (Normal) (G1 Evacuation Pause) 371M->324M(1024M) 14.072ms
[2022-04-22T02:22:49.101+0800][gc,cpu       ] GC(267) User=0.04s Sys=0.00s Real=0.02s
[2022-04-22T02:23:07.491+0800][gc,start     ] GC(268) Pause Young (Normal) (G1 Evacuation Pause)
[2022-04-22T02:23:07.491+0800][gc,task      ] GC(268) Using 8 workers of 8 for evacuation
[2022-04-22T02:23:07.508+0800][gc,phases    ] GC(268)   Pre Evacuate Collection Set: 0.1ms
[2022-04-22T02:23:07.508+0800][gc,phases    ] GC(268)   Evacuate Collection Set: 15.8ms
[2022-04-22T02:23:07.508+0800][gc,phases    ] GC(268)   Post Evacuate Collection Set: 0.7ms
[2022-04-22T02:23:07.508+0800][gc,phases    ] GC(268)   Other: 1.1ms
[2022-04-22T02:23:07.509+0800][gc,heap      ] GC(268) Eden regions: 51->0(52)
[2022-04-22T02:23:07.509+0800][gc,heap      ] GC(268) Survivor regions: 4->5(7)
[2022-04-22T02:23:07.509+0800][gc,heap      ] GC(268) Old regions: 192->192
[2022-04-22T02:23:07.509+0800][gc,heap      ] GC(268) Archive regions: 2->2
[2022-04-22T02:23:07.509+0800][gc,heap      ] GC(268) Humongous regions: 129->129
[2022-04-22T02:23:07.509+0800][gc,metaspace ] GC(268) Metaspace: 43575K->43575K(1089536K)
[2022-04-22T02:23:07.509+0800][gc           ] GC(268) Pause Young (Normal) (G1 Evacuation Pause) 375M->325M(1024M) 17.989ms
[2022-04-22T02:23:07.509+0800][gc,cpu       ] GC(268) User=0.05s Sys=0.01s Real=0.01s
[2022-04-22T02:23:26.161+0800][gc,start     ] GC(269) Pause Young (Normal) (G1 Evacuation Pause)
[2022-04-22T02:23:26.161+0800][gc,task      ] GC(269) Using 8 workers of 8 for evacuation
[2022-04-22T02:23:26.178+0800][gc,phases    ] GC(269)   Pre Evacuate Collection Set: 0.3ms
[2022-04-22T02:23:26.178+0800][gc,phases    ] GC(269)   Evacuate Collection Set: 15.4ms
[2022-04-22T02:23:26.178+0800][gc,phases    ] GC(269)   Post Evacuate Collection Set: 0.3ms
[2022-04-22T02:23:26.178+0800][gc,phases    ] GC(269)   Other: 1.2ms
[2022-04-22T02:23:26.178+0800][gc,heap      ] GC(269) Eden regions: 52->0(53)
[2022-04-22T02:23:26.178+0800][gc,heap      ] GC(269) Survivor regions: 5->5(8)
[2022-04-22T02:23:26.178+0800][gc,heap      ] GC(269) Old regions: 192->192
[2022-04-22T02:23:26.178+0800][gc,heap      ] GC(269) Archive regions: 2->2
[2022-04-22T02:23:26.178+0800][gc,heap      ] GC(269) Humongous regions: 129->129
[2022-04-22T02:23:26.178+0800][gc,metaspace ] GC(269) Metaspace: 43575K->43575K(1089536K)
[2022-04-22T02:23:26.178+0800][gc           ] GC(269) Pause Young (Normal) (G1 Evacuation Pause) 377M->326M(1024M) 17.343ms
[2022-04-22T02:23:26.178+0800][gc,cpu       ] GC(269) User=0.05s Sys=0.02s Real=0.01s
[2022-04-22T02:23:45.254+0800][gc,start     ] GC(270) Pause Young (Normal) (G1 Evacuation Pause)
[2022-04-22T02:23:45.255+0800][gc,task      ] GC(270) Using 8 workers of 8 for evacuation
[2022-04-22T02:23:45.271+0800][gc,phases    ] GC(270)   Pre Evacuate Collection Set: 0.4ms
[2022-04-22T02:23:45.271+0800][gc,phases    ] GC(270)   Evacuate Collection Set: 13.7ms
[2022-04-22T02:23:45.271+0800][gc,phases    ] GC(270)   Post Evacuate Collection Set: 0.9ms
[2022-04-22T02:23:45.271+0800][gc,phases    ] GC(270)   Other: 2.0ms
[2022-04-22T02:23:45.271+0800][gc,heap      ] GC(270) Eden regions: 53->0(59)
[2022-04-22T02:23:45.271+0800][gc,heap      ] GC(270) Survivor regions: 5->4(8)
[2022-04-22T02:23:45.271+0800][gc,heap      ] GC(270) Old regions: 192->193
[2022-04-22T02:23:45.271+0800][gc,heap      ] GC(270) Archive regions: 2->2
[2022-04-22T02:23:45.271+0800][gc,heap      ] GC(270) Humongous regions: 129->129
[2022-04-22T02:23:45.271+0800][gc,metaspace ] GC(270) Metaspace: 43575K->43575K(1089536K)
[2022-04-22T02:23:45.271+0800][gc           ] GC(270) Pause Young (Normal) (G1 Evacuation Pause) 379M->325M(1024M) 17.090ms
[2022-04-22T02:23:45.271+0800][gc,cpu       ] GC(270) User=0.05s Sys=0.00s Real=0.02s
[2022-04-22T02:24:06.747+0800][gc,start     ] GC(271) Pause Young (Normal) (G1 Evacuation Pause)
[2022-04-22T02:24:06.747+0800][gc,task      ] GC(271) Using 8 workers of 8 for evacuation
[2022-04-22T02:24:06.797+0800][gc,mmu       ] GC(271) MMU target violated: 21.0ms (20.0ms/21.0ms)
[2022-04-22T02:24:06.797+0800][gc,phases    ] GC(271)   Pre Evacuate Collection Set: 0.6ms
[2022-04-22T02:24:06.797+0800][gc,phases    ] GC(271)   Evacuate Collection Set: 48.3ms
[2022-04-22T02:24:06.797+0800][gc,phases    ] GC(271)   Post Evacuate Collection Set: 0.6ms
[2022-04-22T02:24:06.797+0800][gc,phases    ] GC(271)   Other: 0.9ms
[2022-04-22T02:24:06.797+0800][gc,heap      ] GC(271) Eden regions: 59->0(45)
[2022-04-22T02:24:06.797+0800][gc,heap      ] GC(271) Survivor regions: 4->6(8)
[2022-04-22T02:24:06.797+0800][gc,heap      ] GC(271) Old regions: 193->193
[2022-04-22T02:24:06.797+0800][gc,heap      ] GC(271) Archive regions: 2->2
[2022-04-22T02:24:06.797+0800][gc,heap      ] GC(271) Humongous regions: 129->129
[2022-04-22T02:24:06.797+0800][gc,metaspace ] GC(271) Metaspace: 43575K->43575K(1089536K)
[2022-04-22T02:24:06.797+0800][gc           ] GC(271) Pause Young (Normal) (G1 Evacuation Pause) 384M->327M(1024M) 50.613ms
[2022-04-22T02:24:06.797+0800][gc,cpu       ] GC(271) User=0.05s Sys=0.04s Real=0.05s
[2022-04-22T02:24:23.473+0800][gc,start     ] GC(272) Pause Young (Normal) (G1 Evacuation Pause)
[2022-04-22T02:24:23.473+0800][gc,task      ] GC(272) Using 8 workers of 8 for evacuation
[2022-04-22T02:24:23.500+0800][gc,mmu       ] GC(272) MMU target violated: 21.0ms (20.0ms/21.0ms)
[2022-04-22T02:24:23.500+0800][gc,phases    ] GC(272)   Pre Evacuate Collection Set: 0.2ms
[2022-04-22T02:24:23.500+0800][gc,phases    ] GC(272)   Evacuate Collection Set: 23.9ms
[2022-04-22T02:24:23.500+0800][gc,phases    ] GC(272)   Post Evacuate Collection Set: 0.7ms
[2022-04-22T02:24:23.500+0800][gc,phases    ] GC(272)   Other: 3.0ms
[2022-04-22T02:24:23.500+0800][gc,heap      ] GC(272) Eden regions: 45->0(47)
[2022-04-22T02:24:23.500+0800][gc,heap      ] GC(272) Survivor regions: 6->4(7)
[2022-04-22T02:24:23.500+0800][gc,heap      ] GC(272) Old regions: 193->195
[2022-04-22T02:24:23.500+0800][gc,heap      ] GC(272) Archive regions: 2->2
[2022-04-22T02:24:23.500+0800][gc,heap      ] GC(272) Humongous regions: 129->129
[2022-04-22T02:24:23.500+0800][gc,metaspace ] GC(272) Metaspace: 43575K->43575K(1089536K)
[2022-04-22T02:24:23.500+0800][gc           ] GC(272) Pause Young (Normal) (G1 Evacuation Pause) 372M->327M(1024M) 27.368ms
[2022-04-22T02:24:23.500+0800][gc,cpu       ] GC(272) User=0.03s Sys=0.04s Real=0.03s
[2022-04-22T02:24:40.392+0800][gc,start     ] GC(273) Pause Young (Normal) (G1 Evacuation Pause)
[2022-04-22T02:24:40.392+0800][gc,task      ] GC(273) Using 8 workers of 8 for evacuation
[2022-04-22T02:24:40.425+0800][gc,mmu       ] GC(273) MMU target violated: 21.0ms (20.0ms/21.0ms)
[2022-04-22T02:24:40.425+0800][gc,phases    ] GC(273)   Pre Evacuate Collection Set: 0.2ms
[2022-04-22T02:24:40.425+0800][gc,phases    ] GC(273)   Evacuate Collection Set: 31.3ms
[2022-04-22T02:24:40.425+0800][gc,phases    ] GC(273)   Post Evacuate Collection Set: 0.5ms
[2022-04-22T02:24:40.425+0800][gc,phases    ] GC(273)   Other: 1.1ms
[2022-04-22T02:24:40.425+0800][gc,heap      ] GC(273) Eden regions: 47->0(46)
[2022-04-22T02:24:40.425+0800][gc,heap      ] GC(273) Survivor regions: 4->5(7)
[2022-04-22T02:24:40.425+0800][gc,heap      ] GC(273) Old regions: 195->195
[2022-04-22T02:24:40.425+0800][gc,heap      ] GC(273) Archive regions: 2->2
[2022-04-22T02:24:40.425+0800][gc,heap      ] GC(273) Humongous regions: 129->129
[2022-04-22T02:24:40.425+0800][gc,metaspace ] GC(273) Metaspace: 43575K->43575K(1089536K)
[2022-04-22T02:24:40.425+0800][gc           ] GC(273) Pause Young (Normal) (G1 Evacuation Pause) 374M->328M(1024M) 33.183ms
[2022-04-22T02:24:40.425+0800][gc,cpu       ] GC(273) User=0.06s Sys=0.02s Real=0.03s
[2022-04-22T02:24:56.887+0800][gc,start     ] GC(274) Pause Young (Normal) (G1 Evacuation Pause)
[2022-04-22T02:24:56.887+0800][gc,task      ] GC(274) Using 8 workers of 8 for evacuation
[2022-04-22T02:24:56.906+0800][gc,phases    ] GC(274)   Pre Evacuate Collection Set: 0.2ms
[2022-04-22T02:24:56.906+0800][gc,phases    ] GC(274)   Evacuate Collection Set: 17.0ms
[2022-04-22T02:24:56.906+0800][gc,phases    ] GC(274)   Post Evacuate Collection Set: 1.1ms
[2022-04-22T02:24:56.906+0800][gc,phases    ] GC(274)   Other: 1.0ms
[2022-04-22T02:24:56.906+0800][gc,heap      ] GC(274) Eden regions: 46->0(49)
[2022-04-22T02:24:56.906+0800][gc,heap      ] GC(274) Survivor regions: 5->4(7)
[2022-04-22T02:24:56.906+0800][gc,heap      ] GC(274) Old regions: 195->195
[2022-04-22T02:24:56.906+0800][gc,heap      ] GC(274) Archive regions: 2->2
[2022-04-22T02:24:56.906+0800][gc,heap      ] GC(274) Humongous regions: 129->129
[2022-04-22T02:24:56.906+0800][gc,metaspace ] GC(274) Metaspace: 43575K->43575K(1089536K)
[2022-04-22T02:24:56.906+0800][gc           ] GC(274) Pause Young (Normal) (G1 Evacuation Pause) 374M->328M(1024M) 19.343ms
[2022-04-22T02:24:56.906+0800][gc,cpu       ] GC(274) User=0.04s Sys=0.01s Real=0.02s
[2022-04-22T02:25:14.449+0800][gc,start     ] GC(275) Pause Young (Normal) (G1 Evacuation Pause)
[2022-04-22T02:25:14.450+0800][gc,task      ] GC(275) Using 8 workers of 8 for evacuation
[2022-04-22T02:25:14.468+0800][gc,phases    ] GC(275)   Pre Evacuate Collection Set: 0.3ms
[2022-04-22T02:25:14.468+0800][gc,phases    ] GC(275)   Evacuate Collection Set: 15.7ms
[2022-04-22T02:25:14.468+0800][gc,phases    ] GC(275)   Post Evacuate Collection Set: 1.2ms
[2022-04-22T02:25:14.468+0800][gc,phases    ] GC(275)   Other: 1.6ms
[2022-04-22T02:25:14.468+0800][gc,heap      ] GC(275) Eden regions: 49->0(51)
[2022-04-22T02:25:14.468+0800][gc,heap      ] GC(275) Survivor regions: 4->5(7)
[2022-04-22T02:25:14.468+0800][gc,heap      ] GC(275) Old regions: 195->195
[2022-04-22T02:25:14.468+0800][gc,heap      ] GC(275) Archive regions: 2->2
[2022-04-22T02:25:14.468+0800][gc,heap      ] GC(275) Humongous regions: 129->129
[2022-04-22T02:25:14.468+0800][gc,metaspace ] GC(275) Metaspace: 43575K->43575K(1089536K)
[2022-04-22T02:25:14.468+0800][gc           ] GC(275) Pause Young (Normal) (G1 Evacuation Pause) 377M->328M(1024M) 18.964ms
[2022-04-22T02:25:14.468+0800][gc,cpu       ] GC(275) User=0.05s Sys=0.02s Real=0.02s
[2022-04-22T02:25:31.159+0800][gc,start     ] GC(276) Pause Young (Normal) (G1 Evacuation Pause)
[2022-04-22T02:25:31.159+0800][gc,task      ] GC(276) Using 8 workers of 8 for evacuation
[2022-04-22T02:25:31.175+0800][gc,phases    ] GC(276)   Pre Evacuate Collection Set: 0.2ms
[2022-04-22T02:25:31.175+0800][gc,phases    ] GC(276)   Evacuate Collection Set: 14.2ms
[2022-04-22T02:25:31.175+0800][gc,phases    ] GC(276)   Post Evacuate Collection Set: 0.8ms
[2022-04-22T02:25:31.175+0800][gc,phases    ] GC(276)   Other: 1.2ms
[2022-04-22T02:25:31.175+0800][gc,heap      ] GC(276) Eden regions: 47->0(52)
[2022-04-22T02:25:31.175+0800][gc,heap      ] GC(276) Survivor regions: 5->4(7)
[2022-04-22T02:25:31.175+0800][gc,heap      ] GC(276) Old regions: 195->196
[2022-04-22T02:25:31.175+0800][gc,heap      ] GC(276) Archive regions: 2->2
[2022-04-22T02:25:31.175+0800][gc,heap      ] GC(276) Humongous regions: 129->129
[2022-04-22T02:25:31.175+0800][gc,metaspace ] GC(276) Metaspace: 43577K->43577K(1089536K)
[2022-04-22T02:25:31.175+0800][gc           ] GC(276) Pause Young (Normal) (G1 Evacuation Pause) 375M->328M(1024M) 16.805ms
[2022-04-22T02:25:31.175+0800][gc,cpu       ] GC(276) User=0.04s Sys=0.01s Real=0.02s
[2022-04-22T02:25:49.623+0800][gc,start     ] GC(277) Pause Young (Normal) (G1 Evacuation Pause)
[2022-04-22T02:25:49.623+0800][gc,task      ] GC(277) Using 8 workers of 8 for evacuation
[2022-04-22T02:25:49.639+0800][gc,phases    ] GC(277)   Pre Evacuate Collection Set: 0.2ms
[2022-04-22T02:25:49.639+0800][gc,phases    ] GC(277)   Evacuate Collection Set: 13.9ms
[2022-04-22T02:25:49.639+0800][gc,phases    ] GC(277)   Post Evacuate Collection Set: 0.9ms
[2022-04-22T02:25:49.639+0800][gc,phases    ] GC(277)   Other: 1.2ms
[2022-04-22T02:25:49.639+0800][gc,heap      ] GC(277) Eden regions: 52->0(53)
[2022-04-22T02:25:49.639+0800][gc,heap      ] GC(277) Survivor regions: 4->5(7)
[2022-04-22T02:25:49.639+0800][gc,heap      ] GC(277) Old regions: 196->196
[2022-04-22T02:25:49.639+0800][gc,heap      ] GC(277) Archive regions: 2->2
[2022-04-22T02:25:49.639+0800][gc,heap      ] GC(277) Humongous regions: 129->129
[2022-04-22T02:25:49.639+0800][gc,metaspace ] GC(277) Metaspace: 43577K->43577K(1089536K)
[2022-04-22T02:25:49.639+0800][gc           ] GC(277) Pause Young (Normal) (G1 Evacuation Pause) 380M->329M(1024M) 16.553ms
[2022-04-22T02:25:49.639+0800][gc,cpu       ] GC(277) User=0.04s Sys=0.01s Real=0.01s
[2022-04-22T02:26:07.237+0800][gc,start     ] GC(278) Pause Young (Normal) (G1 Evacuation Pause)
[2022-04-22T02:26:07.239+0800][gc,task      ] GC(278) Using 8 workers of 8 for evacuation
[2022-04-22T02:26:07.264+0800][gc,mmu       ] GC(278) MMU target violated: 21.0ms (20.0ms/21.0ms)
[2022-04-22T02:26:07.264+0800][gc,phases    ] GC(278)   Pre Evacuate Collection Set: 0.2ms
[2022-04-22T02:26:07.264+0800][gc,phases    ] GC(278)   Evacuate Collection Set: 23.4ms
[2022-04-22T02:26:07.264+0800][gc,phases    ] GC(278)   Post Evacuate Collection Set: 0.9ms
[2022-04-22T02:26:07.264+0800][gc,phases    ] GC(278)   Other: 2.3ms
[2022-04-22T02:26:07.264+0800][gc,heap      ] GC(278) Eden regions: 49->0(51)
[2022-04-22T02:26:07.264+0800][gc,heap      ] GC(278) Survivor regions: 5->5(7)
[2022-04-22T02:26:07.264+0800][gc,heap      ] GC(278) Old regions: 196->197
[2022-04-22T02:26:07.264+0800][gc,heap      ] GC(278) Archive regions: 2->2
[2022-04-22T02:26:07.264+0800][gc,heap      ] GC(278) Humongous regions: 129->129
[2022-04-22T02:26:07.264+0800][gc,metaspace ] GC(278) Metaspace: 43578K->43578K(1089536K)
[2022-04-22T02:26:07.264+0800][gc           ] GC(278) Pause Young (Normal) (G1 Evacuation Pause) 378M->330M(1024M) 27.009ms
[2022-04-22T02:26:07.264+0800][gc,cpu       ] GC(278) User=0.04s Sys=0.02s Real=0.03s
[2022-04-22T02:26:25.420+0800][gc,start     ] GC(279) Pause Young (Normal) (G1 Evacuation Pause)
[2022-04-22T02:26:25.428+0800][gc,task      ] GC(279) Using 8 workers of 8 for evacuation
[2022-04-22T02:26:25.441+0800][gc,phases    ] GC(279)   Pre Evacuate Collection Set: 0.2ms
[2022-04-22T02:26:25.441+0800][gc,phases    ] GC(279)   Evacuate Collection Set: 11.2ms
[2022-04-22T02:26:25.441+0800][gc,phases    ] GC(279)   Post Evacuate Collection Set: 0.8ms
[2022-04-22T02:26:25.441+0800][gc,phases    ] GC(279)   Other: 8.8ms
[2022-04-22T02:26:25.441+0800][gc,heap      ] GC(279) Eden regions: 51->0(55)
[2022-04-22T02:26:25.441+0800][gc,heap      ] GC(279) Survivor regions: 5->5(7)
[2022-04-22T02:26:25.441+0800][gc,heap      ] GC(279) Old regions: 197->197
[2022-04-22T02:26:25.441+0800][gc,heap      ] GC(279) Archive regions: 2->2
[2022-04-22T02:26:25.441+0800][gc,heap      ] GC(279) Humongous regions: 129->129
[2022-04-22T02:26:25.441+0800][gc,metaspace ] GC(279) Metaspace: 43578K->43578K(1089536K)
[2022-04-22T02:26:25.441+0800][gc           ] GC(279) Pause Young (Normal) (G1 Evacuation Pause) 381M->331M(1024M) 21.268ms
[2022-04-22T02:26:25.441+0800][gc,cpu       ] GC(279) User=0.04s Sys=0.01s Real=0.02s
[2022-04-22T02:26:45.796+0800][gc,start     ] GC(280) Pause Young (Normal) (G1 Evacuation Pause)
[2022-04-22T02:26:45.797+0800][gc,task      ] GC(280) Using 8 workers of 8 for evacuation
[2022-04-22T02:26:45.815+0800][gc,phases    ] GC(280)   Pre Evacuate Collection Set: 0.2ms
[2022-04-22T02:26:45.815+0800][gc,phases    ] GC(280)   Evacuate Collection Set: 16.2ms
[2022-04-22T02:26:45.815+0800][gc,phases    ] GC(280)   Post Evacuate Collection Set: 1.0ms
[2022-04-22T02:26:45.815+0800][gc,phases    ] GC(280)   Other: 1.6ms
[2022-04-22T02:26:45.815+0800][gc,heap      ] GC(280) Eden regions: 55->0(55)
[2022-04-22T02:26:45.815+0800][gc,heap      ] GC(280) Survivor regions: 5->4(8)
[2022-04-22T02:26:45.815+0800][gc,heap      ] GC(280) Old regions: 197->197
[2022-04-22T02:26:45.815+0800][gc,heap      ] GC(280) Archive regions: 2->2
[2022-04-22T02:26:45.815+0800][gc,heap      ] GC(280) Humongous regions: 129->129
[2022-04-22T02:26:45.815+0800][gc,metaspace ] GC(280) Metaspace: 43578K->43578K(1089536K)
[2022-04-22T02:26:45.815+0800][gc           ] GC(280) Pause Young (Normal) (G1 Evacuation Pause) 386M->330M(1024M) 19.158ms
[2022-04-22T02:26:45.815+0800][gc,cpu       ] GC(280) User=0.05s Sys=0.02s Real=0.02s
[2022-04-22T02:27:03.093+0800][gc,start     ] GC(281) Pause Young (Normal) (G1 Evacuation Pause)
[2022-04-22T02:27:03.095+0800][gc,task      ] GC(281) Using 8 workers of 8 for evacuation
[2022-04-22T02:27:03.110+0800][gc,phases    ] GC(281)   Pre Evacuate Collection Set: 0.2ms
[2022-04-22T02:27:03.110+0800][gc,phases    ] GC(281)   Evacuate Collection Set: 13.8ms
[2022-04-22T02:27:03.110+0800][gc,phases    ] GC(281)   Post Evacuate Collection Set: 0.5ms
[2022-04-22T02:27:03.110+0800][gc,phases    ] GC(281)   Other: 3.0ms
[2022-04-22T02:27:03.110+0800][gc,heap      ] GC(281) Eden regions: 48->0(55)
[2022-04-22T02:27:03.110+0800][gc,heap      ] GC(281) Survivor regions: 4->4(7)
[2022-04-22T02:27:03.110+0800][gc,heap      ] GC(281) Old regions: 197->198
[2022-04-22T02:27:03.110+0800][gc,heap      ] GC(281) Archive regions: 2->2
[2022-04-22T02:27:03.110+0800][gc,heap      ] GC(281) Humongous regions: 129->129
[2022-04-22T02:27:03.110+0800][gc,metaspace ] GC(281) Metaspace: 43578K->43578K(1089536K)
[2022-04-22T02:27:03.110+0800][gc           ] GC(281) Pause Young (Normal) (G1 Evacuation Pause) 378M->331M(1024M) 17.470ms
[2022-04-22T02:27:03.110+0800][gc,cpu       ] GC(281) User=0.04s Sys=0.01s Real=0.02s
[2022-04-22T02:27:22.843+0800][gc,start     ] GC(282) Pause Young (Normal) (G1 Evacuation Pause)
[2022-04-22T02:27:22.847+0800][gc,task      ] GC(282) Using 8 workers of 8 for evacuation
[2022-04-22T02:27:22.864+0800][gc,phases    ] GC(282)   Pre Evacuate Collection Set: 0.2ms
[2022-04-22T02:27:22.864+0800][gc,phases    ] GC(282)   Evacuate Collection Set: 13.4ms
[2022-04-22T02:27:22.864+0800][gc,phases    ] GC(282)   Post Evacuate Collection Set: 3.0ms
[2022-04-22T02:27:22.864+0800][gc,phases    ] GC(282)   Other: 4.7ms
[2022-04-22T02:27:22.864+0800][gc,heap      ] GC(282) Eden regions: 55->0(56)
[2022-04-22T02:27:22.864+0800][gc,heap      ] GC(282) Survivor regions: 4->6(8)
[2022-04-22T02:27:22.864+0800][gc,heap      ] GC(282) Old regions: 198->198
[2022-04-22T02:27:22.864+0800][gc,heap      ] GC(282) Archive regions: 2->2
[2022-04-22T02:27:22.864+0800][gc,heap      ] GC(282) Humongous regions: 129->129
[2022-04-22T02:27:22.864+0800][gc,metaspace ] GC(282) Metaspace: 43578K->43578K(1089536K)
[2022-04-22T02:27:22.864+0800][gc           ] GC(282) Pause Young (Normal) (G1 Evacuation Pause) 386M->332M(1024M) 21.622ms
[2022-04-22T02:27:22.864+0800][gc,cpu       ] GC(282) User=0.05s Sys=0.01s Real=0.02s
[2022-04-22T02:27:41.786+0800][gc,start     ] GC(283) Pause Young (Normal) (G1 Evacuation Pause)
[2022-04-22T02:27:41.787+0800][gc,task      ] GC(283) Using 8 workers of 8 for evacuation
[2022-04-22T02:27:41.805+0800][gc,phases    ] GC(283)   Pre Evacuate Collection Set: 0.2ms
[2022-04-22T02:27:41.805+0800][gc,phases    ] GC(283)   Evacuate Collection Set: 15.9ms
[2022-04-22T02:27:41.805+0800][gc,phases    ] GC(283)   Post Evacuate Collection Set: 1.4ms
[2022-04-22T02:27:41.805+0800][gc,phases    ] GC(283)   Other: 1.3ms
[2022-04-22T02:27:41.805+0800][gc,heap      ] GC(283) Eden regions: 53->0(58)
[2022-04-22T02:27:41.805+0800][gc,heap      ] GC(283) Survivor regions: 6->4(8)
[2022-04-22T02:27:41.805+0800][gc,heap      ] GC(283) Old regions: 198->199
[2022-04-22T02:27:41.805+0800][gc,heap      ] GC(283) Archive regions: 2->2
[2022-04-22T02:27:41.805+0800][gc,heap      ] GC(283) Humongous regions: 129->129
[2022-04-22T02:27:41.805+0800][gc,metaspace ] GC(283) Metaspace: 43578K->43578K(1089536K)
[2022-04-22T02:27:41.805+0800][gc           ] GC(283) Pause Young (Normal) (G1 Evacuation Pause) 385M->331M(1024M) 19.081ms
[2022-04-22T02:27:41.805+0800][gc,cpu       ] GC(283) User=0.04s Sys=0.02s Real=0.02s
[2022-04-22T02:28:02.685+0800][gc,start     ] GC(284) Pause Young (Normal) (G1 Evacuation Pause)
[2022-04-22T02:28:02.686+0800][gc,task      ] GC(284) Using 8 workers of 8 for evacuation
[2022-04-22T02:28:02.705+0800][gc,phases    ] GC(284)   Pre Evacuate Collection Set: 0.2ms
[2022-04-22T02:28:02.705+0800][gc,phases    ] GC(284)   Evacuate Collection Set: 17.9ms
[2022-04-22T02:28:02.705+0800][gc,phases    ] GC(284)   Post Evacuate Collection Set: 0.8ms
[2022-04-22T02:28:02.705+0800][gc,phases    ] GC(284)   Other: 1.1ms
[2022-04-22T02:28:02.705+0800][gc,heap      ] GC(284) Eden regions: 58->0(57)
[2022-04-22T02:28:02.705+0800][gc,heap      ] GC(284) Survivor regions: 4->5(8)
[2022-04-22T02:28:02.705+0800][gc,heap      ] GC(284) Old regions: 199->199
[2022-04-22T02:28:02.705+0800][gc,heap      ] GC(284) Archive regions: 2->2
[2022-04-22T02:28:02.705+0800][gc,heap      ] GC(284) Humongous regions: 129->129
[2022-04-22T02:28:02.705+0800][gc,metaspace ] GC(284) Metaspace: 43578K->43578K(1089536K)
[2022-04-22T02:28:02.705+0800][gc           ] GC(284) Pause Young (Normal) (G1 Evacuation Pause) 389M->333M(1024M) 20.248ms
[2022-04-22T02:28:02.705+0800][gc,cpu       ] GC(284) User=0.04s Sys=0.01s Real=0.02s
[2022-04-22T02:28:20.912+0800][gc,start     ] GC(285) Pause Young (Normal) (G1 Evacuation Pause)
[2022-04-22T02:28:20.928+0800][gc,task      ] GC(285) Using 8 workers of 8 for evacuation
[2022-04-22T02:28:20.946+0800][gc,phases    ] GC(285)   Pre Evacuate Collection Set: 0.2ms
[2022-04-22T02:28:20.947+0800][gc,phases    ] GC(285)   Evacuate Collection Set: 15.6ms
[2022-04-22T02:28:20.947+0800][gc,phases    ] GC(285)   Post Evacuate Collection Set: 1.4ms
[2022-04-22T02:28:20.947+0800][gc,phases    ] GC(285)   Other: 16.9ms
[2022-04-22T02:28:20.947+0800][gc,heap      ] GC(285) Eden regions: 51->0(61)
[2022-04-22T02:28:20.947+0800][gc,heap      ] GC(285) Survivor regions: 5->3(7)
[2022-04-22T02:28:20.947+0800][gc,heap      ] GC(285) Old regions: 199->201
[2022-04-22T02:28:20.947+0800][gc,heap      ] GC(285) Archive regions: 2->2
[2022-04-22T02:28:20.947+0800][gc,heap      ] GC(285) Humongous regions: 129->129
[2022-04-22T02:28:20.947+0800][gc,metaspace ] GC(285) Metaspace: 43578K->43578K(1089536K)
[2022-04-22T02:28:20.947+0800][gc           ] GC(285) Pause Young (Normal) (G1 Evacuation Pause) 384M->332M(1024M) 34.495ms
[2022-04-22T02:28:20.947+0800][gc,cpu       ] GC(285) User=0.04s Sys=0.01s Real=0.03s
[2022-04-22T02:28:43.113+0800][gc,start     ] GC(286) Pause Young (Normal) (G1 Evacuation Pause)
[2022-04-22T02:28:43.114+0800][gc,task      ] GC(286) Using 8 workers of 8 for evacuation
[2022-04-22T02:28:43.130+0800][gc,phases    ] GC(286)   Pre Evacuate Collection Set: 0.1ms
[2022-04-22T02:28:43.130+0800][gc,phases    ] GC(286)   Evacuate Collection Set: 14.7ms
[2022-04-22T02:28:43.130+0800][gc,phases    ] GC(286)   Post Evacuate Collection Set: 0.6ms
[2022-04-22T02:28:43.130+0800][gc,phases    ] GC(286)   Other: 1.1ms
[2022-04-22T02:28:43.130+0800][gc,heap      ] GC(286) Eden regions: 61->0(60)
[2022-04-22T02:28:43.130+0800][gc,heap      ] GC(286) Survivor regions: 3->4(8)
[2022-04-22T02:28:43.130+0800][gc,heap      ] GC(286) Old regions: 201->201
[2022-04-22T02:28:43.130+0800][gc,heap      ] GC(286) Archive regions: 2->2
[2022-04-22T02:28:43.130+0800][gc,heap      ] GC(286) Humongous regions: 129->129
[2022-04-22T02:28:43.130+0800][gc,metaspace ] GC(286) Metaspace: 43578K->43578K(1089536K)
[2022-04-22T02:28:43.130+0800][gc           ] GC(286) Pause Young (Normal) (G1 Evacuation Pause) 393M->333M(1024M) 16.550ms
[2022-04-22T02:28:43.130+0800][gc,cpu       ] GC(286) User=0.02s Sys=0.02s Real=0.02s
[2022-04-22T02:29:04.802+0800][gc,start     ] GC(287) Pause Young (Normal) (G1 Evacuation Pause)
[2022-04-22T02:29:04.803+0800][gc,task      ] GC(287) Using 8 workers of 8 for evacuation
[2022-04-22T02:29:04.827+0800][gc,mmu       ] GC(287) MMU target violated: 21.0ms (20.0ms/21.0ms)
[2022-04-22T02:29:04.827+0800][gc,phases    ] GC(287)   Pre Evacuate Collection Set: 0.2ms
[2022-04-22T02:29:04.827+0800][gc,phases    ] GC(287)   Evacuate Collection Set: 22.1ms
[2022-04-22T02:29:04.827+0800][gc,phases    ] GC(287)   Post Evacuate Collection Set: 1.2ms
[2022-04-22T02:29:04.827+0800][gc,phases    ] GC(287)   Other: 1.9ms
[2022-04-22T02:29:04.827+0800][gc,heap      ] GC(287) Eden regions: 60->0(60)
[2022-04-22T02:29:04.827+0800][gc,heap      ] GC(287) Survivor regions: 4->4(8)
[2022-04-22T02:29:04.827+0800][gc,heap      ] GC(287) Old regions: 201->201
[2022-04-22T02:29:04.827+0800][gc,heap      ] GC(287) Archive regions: 2->2
[2022-04-22T02:29:04.827+0800][gc,heap      ] GC(287) Humongous regions: 129->129
[2022-04-22T02:29:04.827+0800][gc,metaspace ] GC(287) Metaspace: 43578K->43578K(1089536K)
[2022-04-22T02:29:04.827+0800][gc           ] GC(287) Pause Young (Normal) (G1 Evacuation Pause) 393M->333M(1024M) 24.884ms
[2022-04-22T02:29:04.827+0800][gc,cpu       ] GC(287) User=0.05s Sys=0.03s Real=0.02s
[2022-04-22T02:29:26.430+0800][gc,start     ] GC(288) Pause Young (Normal) (G1 Evacuation Pause)
[2022-04-22T02:29:26.443+0800][gc,task      ] GC(288) Using 8 workers of 8 for evacuation
[2022-04-22T02:29:26.465+0800][gc,mmu       ] GC(288) MMU target violated: 21.0ms (20.0ms/21.0ms)
[2022-04-22T02:29:26.465+0800][gc,phases    ] GC(288)   Pre Evacuate Collection Set: 0.3ms
[2022-04-22T02:29:26.465+0800][gc,phases    ] GC(288)   Evacuate Collection Set: 18.8ms
[2022-04-22T02:29:26.465+0800][gc,phases    ] GC(288)   Post Evacuate Collection Set: 1.8ms
[2022-04-22T02:29:26.465+0800][gc,phases    ] GC(288)   Other: 14.5ms
[2022-04-22T02:29:26.465+0800][gc,heap      ] GC(288) Eden regions: 60->0(60)
[2022-04-22T02:29:26.465+0800][gc,heap      ] GC(288) Survivor regions: 4->5(8)
[2022-04-22T02:29:26.465+0800][gc,heap      ] GC(288) Old regions: 201->201
[2022-04-22T02:29:26.465+0800][gc,heap      ] GC(288) Archive regions: 2->2
[2022-04-22T02:29:26.465+0800][gc,heap      ] GC(288) Humongous regions: 129->129
[2022-04-22T02:29:26.465+0800][gc,metaspace ] GC(288) Metaspace: 43578K->43578K(1089536K)
[2022-04-22T02:29:26.465+0800][gc           ] GC(288) Pause Young (Normal) (G1 Evacuation Pause) 393M->334M(1024M) 35.513ms
[2022-04-22T02:29:26.465+0800][gc,cpu       ] GC(288) User=0.04s Sys=0.02s Real=0.03s
[2022-04-22T02:29:48.071+0800][gc,start     ] GC(289) Pause Young (Normal) (G1 Evacuation Pause)
[2022-04-22T02:29:48.071+0800][gc,task      ] GC(289) Using 8 workers of 8 for evacuation
[2022-04-22T02:29:48.106+0800][gc,mmu       ] GC(289) MMU target violated: 21.0ms (20.0ms/21.0ms)
[2022-04-22T02:29:48.106+0800][gc,phases    ] GC(289)   Pre Evacuate Collection Set: 0.4ms
[2022-04-22T02:29:48.107+0800][gc,phases    ] GC(289)   Evacuate Collection Set: 31.7ms
[2022-04-22T02:29:48.107+0800][gc,phases    ] GC(289)   Post Evacuate Collection Set: 2.2ms
[2022-04-22T02:29:48.107+0800][gc,phases    ] GC(289)   Other: 1.6ms
[2022-04-22T02:29:48.107+0800][gc,heap      ] GC(289) Eden regions: 60->0(46)
[2022-04-22T02:29:48.107+0800][gc,heap      ] GC(289) Survivor regions: 5->5(9)
[2022-04-22T02:29:48.107+0800][gc,heap      ] GC(289) Old regions: 201->201
[2022-04-22T02:29:48.107+0800][gc,heap      ] GC(289) Archive regions: 2->2
[2022-04-22T02:29:48.107+0800][gc,heap      ] GC(289) Humongous regions: 129->129
[2022-04-22T02:29:48.107+0800][gc,metaspace ] GC(289) Metaspace: 43578K->43578K(1089536K)
[2022-04-22T02:29:48.107+0800][gc           ] GC(289) Pause Young (Normal) (G1 Evacuation Pause) 394M->334M(1024M) 35.955ms
[2022-04-22T02:29:48.107+0800][gc,cpu       ] GC(289) User=0.06s Sys=0.02s Real=0.03s
[2022-04-22T02:30:04.651+0800][gc,start     ] GC(290) Pause Young (Normal) (G1 Evacuation Pause)
[2022-04-22T02:30:04.652+0800][gc,task      ] GC(290) Using 8 workers of 8 for evacuation
[2022-04-22T02:30:04.666+0800][gc,phases    ] GC(290)   Pre Evacuate Collection Set: 0.2ms
[2022-04-22T02:30:04.666+0800][gc,phases    ] GC(290)   Evacuate Collection Set: 12.8ms
[2022-04-22T02:30:04.666+0800][gc,phases    ] GC(290)   Post Evacuate Collection Set: 0.4ms
[2022-04-22T02:30:04.666+0800][gc,phases    ] GC(290)   Other: 1.7ms
[2022-04-22T02:30:04.666+0800][gc,heap      ] GC(290) Eden regions: 46->0(48)
[2022-04-22T02:30:04.666+0800][gc,heap      ] GC(290) Survivor regions: 5->6(7)
[2022-04-22T02:30:04.666+0800][gc,heap      ] GC(290) Old regions: 201->202
[2022-04-22T02:30:04.666+0800][gc,heap      ] GC(290) Archive regions: 2->2
[2022-04-22T02:30:04.666+0800][gc,heap      ] GC(290) Humongous regions: 129->129
[2022-04-22T02:30:04.666+0800][gc,metaspace ] GC(290) Metaspace: 43578K->43578K(1089536K)
[2022-04-22T02:30:04.666+0800][gc           ] GC(290) Pause Young (Normal) (G1 Evacuation Pause) 380M->336M(1024M) 15.211ms
[2022-04-22T02:30:04.666+0800][gc,cpu       ] GC(290) User=0.05s Sys=0.01s Real=0.01s
[2022-04-22T02:30:21.964+0800][gc,start     ] GC(291) Pause Young (Normal) (G1 Evacuation Pause)
[2022-04-22T02:30:21.978+0800][gc,task      ] GC(291) Using 8 workers of 8 for evacuation
[2022-04-22T02:30:22.005+0800][gc,mmu       ] GC(291) MMU target violated: 21.0ms (20.0ms/21.0ms)
[2022-04-22T02:30:22.005+0800][gc,phases    ] GC(291)   Pre Evacuate Collection Set: 0.2ms
[2022-04-22T02:30:22.005+0800][gc,phases    ] GC(291)   Evacuate Collection Set: 24.8ms
[2022-04-22T02:30:22.005+0800][gc,phases    ] GC(291)   Post Evacuate Collection Set: 1.1ms
[2022-04-22T02:30:22.006+0800][gc,phases    ] GC(291)   Other: 15.6ms
[2022-04-22T02:30:22.006+0800][gc,heap      ] GC(291) Eden regions: 48->0(46)
[2022-04-22T02:30:22.006+0800][gc,heap      ] GC(291) Survivor regions: 6->5(7)
[2022-04-22T02:30:22.006+0800][gc,heap      ] GC(291) Old regions: 202->204
[2022-04-22T02:30:22.006+0800][gc,heap      ] GC(291) Archive regions: 2->2
[2022-04-22T02:30:22.006+0800][gc,heap      ] GC(291) Humongous regions: 129->129
[2022-04-22T02:30:22.006+0800][gc,metaspace ] GC(291) Metaspace: 43578K->43578K(1089536K)
[2022-04-22T02:30:22.006+0800][gc           ] GC(291) Pause Young (Normal) (G1 Evacuation Pause) 384M->336M(1024M) 41.968ms
[2022-04-22T02:30:22.006+0800][gc,cpu       ] GC(291) User=0.06s Sys=0.01s Real=0.04s
[2022-04-22T02:30:38.559+0800][gc,start     ] GC(292) Pause Young (Normal) (G1 Evacuation Pause)
[2022-04-22T02:30:38.560+0800][gc,task      ] GC(292) Using 8 workers of 8 for evacuation
[2022-04-22T02:30:38.594+0800][gc,mmu       ] GC(292) MMU target violated: 21.0ms (20.0ms/21.0ms)
[2022-04-22T02:30:38.594+0800][gc,phases    ] GC(292)   Pre Evacuate Collection Set: 0.2ms
[2022-04-22T02:30:38.594+0800][gc,phases    ] GC(292)   Evacuate Collection Set: 32.2ms
[2022-04-22T02:30:38.594+0800][gc,phases    ] GC(292)   Post Evacuate Collection Set: 1.1ms
[2022-04-22T02:30:38.594+0800][gc,phases    ] GC(292)   Other: 2.0ms
[2022-04-22T02:30:38.594+0800][gc,heap      ] GC(292) Eden regions: 46->0(47)
[2022-04-22T02:30:38.594+0800][gc,heap      ] GC(292) Survivor regions: 5->4(7)
[2022-04-22T02:30:38.594+0800][gc,heap      ] GC(292) Old regions: 204->204
[2022-04-22T02:30:38.594+0800][gc,heap      ] GC(292) Archive regions: 2->2
[2022-04-22T02:30:38.594+0800][gc,heap      ] GC(292) Humongous regions: 129->129
[2022-04-22T02:30:38.594+0800][gc,metaspace ] GC(292) Metaspace: 43578K->43578K(1089536K)
[2022-04-22T02:30:38.594+0800][gc           ] GC(292) Pause Young (Normal) (G1 Evacuation Pause) 382M->336M(1024M) 35.535ms
[2022-04-22T02:30:38.594+0800][gc,cpu       ] GC(292) User=0.04s Sys=0.02s Real=0.04s
[2022-04-22T02:30:55.754+0800][gc,start     ] GC(293) Pause Young (Normal) (G1 Evacuation Pause)
[2022-04-22T02:30:55.755+0800][gc,task      ] GC(293) Using 8 workers of 8 for evacuation
[2022-04-22T02:30:55.764+0800][gc,phases    ] GC(293)   Pre Evacuate Collection Set: 0.2ms
[2022-04-22T02:30:55.764+0800][gc,phases    ] GC(293)   Evacuate Collection Set: 7.1ms
[2022-04-22T02:30:55.764+0800][gc,phases    ] GC(293)   Post Evacuate Collection Set: 0.7ms
[2022-04-22T02:30:55.764+0800][gc,phases    ] GC(293)   Other: 1.8ms
[2022-04-22T02:30:55.764+0800][gc,heap      ] GC(293) Eden regions: 47->0(53)
[2022-04-22T02:30:55.764+0800][gc,heap      ] GC(293) Survivor regions: 4->4(7)
[2022-04-22T02:30:55.764+0800][gc,heap      ] GC(293) Old regions: 204->204
[2022-04-22T02:30:55.764+0800][gc,heap      ] GC(293) Archive regions: 2->2
[2022-04-22T02:30:55.764+0800][gc,heap      ] GC(293) Humongous regions: 129->129
[2022-04-22T02:30:55.764+0800][gc,metaspace ] GC(293) Metaspace: 43578K->43578K(1089536K)
[2022-04-22T02:30:55.764+0800][gc           ] GC(293) Pause Young (Normal) (G1 Evacuation Pause) 383M->337M(1024M) 9.801ms
[2022-04-22T02:30:55.764+0800][gc,cpu       ] GC(293) User=0.02s Sys=0.02s Real=0.01s
[2022-04-22T02:31:16.403+0800][gc,start     ] GC(294) Pause Young (Normal) (G1 Evacuation Pause)
[2022-04-22T02:31:16.404+0800][gc,task      ] GC(294) Using 8 workers of 8 for evacuation
[2022-04-22T02:31:16.428+0800][gc,mmu       ] GC(294) MMU target violated: 21.0ms (20.0ms/21.0ms)
[2022-04-22T02:31:16.428+0800][gc,phases    ] GC(294)   Pre Evacuate Collection Set: 0.2ms
[2022-04-22T02:31:16.428+0800][gc,phases    ] GC(294)   Evacuate Collection Set: 22.1ms
[2022-04-22T02:31:16.428+0800][gc,phases    ] GC(294)   Post Evacuate Collection Set: 1.1ms
[2022-04-22T02:31:16.429+0800][gc,phases    ] GC(294)   Other: 1.6ms
[2022-04-22T02:31:16.429+0800][gc,heap      ] GC(294) Eden regions: 53->0(51)
[2022-04-22T02:31:16.429+0800][gc,heap      ] GC(294) Survivor regions: 4->5(8)
[2022-04-22T02:31:16.429+0800][gc,heap      ] GC(294) Old regions: 204->204
[2022-04-22T02:31:16.429+0800][gc,heap      ] GC(294) Archive regions: 2->2
[2022-04-22T02:31:16.429+0800][gc,heap      ] GC(294) Humongous regions: 129->129
[2022-04-22T02:31:16.429+0800][gc,metaspace ] GC(294) Metaspace: 43578K->43578K(1089536K)
[2022-04-22T02:31:16.429+0800][gc           ] GC(294) Pause Young (Normal) (G1 Evacuation Pause) 390M->338M(1024M) 25.182ms
[2022-04-22T02:31:16.429+0800][gc,cpu       ] GC(294) User=0.04s Sys=0.02s Real=0.02s
[2022-04-22T02:31:33.006+0800][gc,start     ] GC(295) Pause Young (Normal) (G1 Evacuation Pause)
[2022-04-22T02:31:33.007+0800][gc,task      ] GC(295) Using 8 workers of 8 for evacuation
[2022-04-22T02:31:33.036+0800][gc,mmu       ] GC(295) MMU target violated: 21.0ms (20.0ms/21.0ms)
[2022-04-22T02:31:33.036+0800][gc,phases    ] GC(295)   Pre Evacuate Collection Set: 1.0ms
[2022-04-22T02:31:33.036+0800][gc,phases    ] GC(295)   Evacuate Collection Set: 25.5ms
[2022-04-22T02:31:33.036+0800][gc,phases    ] GC(295)   Post Evacuate Collection Set: 1.8ms
[2022-04-22T02:31:33.037+0800][gc,phases    ] GC(295)   Other: 2.4ms
[2022-04-22T02:31:33.037+0800][gc,heap      ] GC(295) Eden regions: 46->0(47)
[2022-04-22T02:31:33.037+0800][gc,heap      ] GC(295) Survivor regions: 5->4(7)
[2022-04-22T02:31:33.037+0800][gc,heap      ] GC(295) Old regions: 204->205
[2022-04-22T02:31:33.037+0800][gc,heap      ] GC(295) Archive regions: 2->2
[2022-04-22T02:31:33.037+0800][gc,heap      ] GC(295) Humongous regions: 129->129
[2022-04-22T02:31:33.037+0800][gc,metaspace ] GC(295) Metaspace: 43578K->43578K(1089536K)
[2022-04-22T02:31:33.037+0800][gc           ] GC(295) Pause Young (Normal) (G1 Evacuation Pause) 384M->338M(1024M) 30.758ms
[2022-04-22T02:31:33.037+0800][gc,cpu       ] GC(295) User=0.05s Sys=0.03s Real=0.03s
[2022-04-22T02:31:50.302+0800][gc,start     ] GC(296) Pause Young (Normal) (G1 Evacuation Pause)
[2022-04-22T02:31:50.302+0800][gc,task      ] GC(296) Using 8 workers of 8 for evacuation
[2022-04-22T02:31:50.325+0800][gc,mmu       ] GC(296) MMU target violated: 21.0ms (20.0ms/21.0ms)
[2022-04-22T02:31:50.325+0800][gc,phases    ] GC(296)   Pre Evacuate Collection Set: 0.3ms
[2022-04-22T02:31:50.325+0800][gc,phases    ] GC(296)   Evacuate Collection Set: 20.1ms
[2022-04-22T02:31:50.325+0800][gc,phases    ] GC(296)   Post Evacuate Collection Set: 0.8ms
[2022-04-22T02:31:50.325+0800][gc,phases    ] GC(296)   Other: 2.1ms
[2022-04-22T02:31:50.325+0800][gc,heap      ] GC(296) Eden regions: 47->0(48)
[2022-04-22T02:31:50.325+0800][gc,heap      ] GC(296) Survivor regions: 4->5(7)
[2022-04-22T02:31:50.325+0800][gc,heap      ] GC(296) Old regions: 205->205
[2022-04-22T02:31:50.325+0800][gc,heap      ] GC(296) Archive regions: 2->2
[2022-04-22T02:31:50.325+0800][gc,heap      ] GC(296) Humongous regions: 129->129
[2022-04-22T02:31:50.325+0800][gc,metaspace ] GC(296) Metaspace: 43578K->43578K(1089536K)
[2022-04-22T02:31:50.325+0800][gc           ] GC(296) Pause Young (Normal) (G1 Evacuation Pause) 385M->338M(1024M) 23.409ms
[2022-04-22T02:31:50.325+0800][gc,cpu       ] GC(296) User=0.05s Sys=0.02s Real=0.02s
[2022-04-22T02:32:06.980+0800][gc,start     ] GC(297) Pause Young (Normal) (G1 Evacuation Pause)
[2022-04-22T02:32:06.981+0800][gc,task      ] GC(297) Using 8 workers of 8 for evacuation
[2022-04-22T02:32:07.001+0800][gc,phases    ] GC(297)   Pre Evacuate Collection Set: 0.4ms
[2022-04-22T02:32:07.001+0800][gc,phases    ] GC(297)   Evacuate Collection Set: 17.0ms
[2022-04-22T02:32:07.001+0800][gc,phases    ] GC(297)   Post Evacuate Collection Set: 1.2ms
[2022-04-22T02:32:07.001+0800][gc,phases    ] GC(297)   Other: 2.3ms
[2022-04-22T02:32:07.001+0800][gc,heap      ] GC(297) Eden regions: 46->0(48)
[2022-04-22T02:32:07.001+0800][gc,heap      ] GC(297) Survivor regions: 5->4(7)
[2022-04-22T02:32:07.001+0800][gc,heap      ] GC(297) Old regions: 205->206
[2022-04-22T02:32:07.001+0800][gc,heap      ] GC(297) Archive regions: 2->2
[2022-04-22T02:32:07.001+0800][gc,heap      ] GC(297) Humongous regions: 129->129
[2022-04-22T02:32:07.001+0800][gc,metaspace ] GC(297) Metaspace: 43578K->43578K(1089536K)
[2022-04-22T02:32:07.001+0800][gc           ] GC(297) Pause Young (Normal) (G1 Evacuation Pause) 384M->338M(1024M) 21.184ms
[2022-04-22T02:32:07.001+0800][gc,cpu       ] GC(297) User=0.04s Sys=0.03s Real=0.02s
[2022-04-22T02:32:23.879+0800][gc,start     ] GC(298) Pause Young (Normal) (G1 Evacuation Pause)
[2022-04-22T02:32:23.880+0800][gc,task      ] GC(298) Using 8 workers of 8 for evacuation
[2022-04-22T02:32:23.897+0800][gc,phases    ] GC(298)   Pre Evacuate Collection Set: 0.4ms
[2022-04-22T02:32:23.897+0800][gc,phases    ] GC(298)   Evacuate Collection Set: 14.9ms
[2022-04-22T02:32:23.897+0800][gc,phases    ] GC(298)   Post Evacuate Collection Set: 1.0ms
[2022-04-22T02:32:23.897+0800][gc,phases    ] GC(298)   Other: 2.0ms
[2022-04-22T02:32:23.897+0800][gc,heap      ] GC(298) Eden regions: 47->0(49)
[2022-04-22T02:32:23.897+0800][gc,heap      ] GC(298) Survivor regions: 4->4(7)
[2022-04-22T02:32:23.897+0800][gc,heap      ] GC(298) Old regions: 206->206
[2022-04-22T02:32:23.897+0800][gc,heap      ] GC(298) Archive regions: 2->2
[2022-04-22T02:32:23.897+0800][gc,heap      ] GC(298) Humongous regions: 129->129
[2022-04-22T02:32:23.897+0800][gc,metaspace ] GC(298) Metaspace: 43578K->43578K(1089536K)
[2022-04-22T02:32:23.897+0800][gc           ] GC(298) Pause Young (Normal) (G1 Evacuation Pause) 385M->338M(1024M) 18.465ms
[2022-04-22T02:32:23.897+0800][gc,cpu       ] GC(298) User=0.03s Sys=0.03s Real=0.02s
[2022-04-22T02:32:41.429+0800][gc,start     ] GC(299) Pause Young (Normal) (G1 Evacuation Pause)
[2022-04-22T02:32:41.429+0800][gc,task      ] GC(299) Using 8 workers of 8 for evacuation
[2022-04-22T02:32:41.446+0800][gc,phases    ] GC(299)   Pre Evacuate Collection Set: 0.2ms
[2022-04-22T02:32:41.446+0800][gc,phases    ] GC(299)   Evacuate Collection Set: 15.0ms
[2022-04-22T02:32:41.446+0800][gc,phases    ] GC(299)   Post Evacuate Collection Set: 0.8ms
[2022-04-22T02:32:41.446+0800][gc,phases    ] GC(299)   Other: 1.1ms
[2022-04-22T02:32:41.446+0800][gc,heap      ] GC(299) Eden regions: 49->0(51)
[2022-04-22T02:32:41.446+0800][gc,heap      ] GC(299) Survivor regions: 4->5(7)
[2022-04-22T02:32:41.446+0800][gc,heap      ] GC(299) Old regions: 206->206
[2022-04-22T02:32:41.446+0800][gc,heap      ] GC(299) Archive regions: 2->2
[2022-04-22T02:32:41.446+0800][gc,heap      ] GC(299) Humongous regions: 129->129
[2022-04-22T02:32:41.446+0800][gc,metaspace ] GC(299) Metaspace: 43578K->43578K(1089536K)
[2022-04-22T02:32:41.446+0800][gc           ] GC(299) Pause Young (Normal) (G1 Evacuation Pause) 387M->339M(1024M) 17.322ms
[2022-04-22T02:32:41.446+0800][gc,cpu       ] GC(299) User=0.05s Sys=0.01s Real=0.02s
[2022-04-22T02:32:58.472+0800][gc,start     ] GC(300) Pause Young (Normal) (G1 Evacuation Pause)
[2022-04-22T02:32:58.482+0800][gc,task      ] GC(300) Using 8 workers of 8 for evacuation
[2022-04-22T02:32:58.501+0800][gc,phases    ] GC(300)   Pre Evacuate Collection Set: 0.2ms
[2022-04-22T02:32:58.501+0800][gc,phases    ] GC(300)   Evacuate Collection Set: 17.2ms
[2022-04-22T02:32:58.501+0800][gc,phases    ] GC(300)   Post Evacuate Collection Set: 0.8ms
[2022-04-22T02:32:58.501+0800][gc,phases    ] GC(300)   Other: 10.5ms
[2022-04-22T02:32:58.501+0800][gc,heap      ] GC(300) Eden regions: 48->0(53)
[2022-04-22T02:32:58.501+0800][gc,heap      ] GC(300) Survivor regions: 5->5(7)
[2022-04-22T02:32:58.501+0800][gc,heap      ] GC(300) Old regions: 206->206
[2022-04-22T02:32:58.501+0800][gc,heap      ] GC(300) Archive regions: 2->2
[2022-04-22T02:32:58.501+0800][gc,heap      ] GC(300) Humongous regions: 129->129
[2022-04-22T02:32:58.501+0800][gc,metaspace ] GC(300) Metaspace: 43578K->43578K(1089536K)
[2022-04-22T02:32:58.502+0800][gc           ] GC(300) Pause Young (Normal) (G1 Evacuation Pause) 387M->339M(1024M) 29.107ms
[2022-04-22T02:32:58.502+0800][gc,cpu       ] GC(300) User=0.03s Sys=0.01s Real=0.03s
[2022-04-22T02:33:15.887+0800][gc,start     ] GC(301) Pause Young (Normal) (G1 Evacuation Pause)
[2022-04-22T02:33:15.888+0800][gc,task      ] GC(301) Using 8 workers of 8 for evacuation
[2022-04-22T02:33:15.900+0800][gc,phases    ] GC(301)   Pre Evacuate Collection Set: 0.2ms
[2022-04-22T02:33:15.900+0800][gc,phases    ] GC(301)   Evacuate Collection Set: 11.3ms
[2022-04-22T02:33:15.900+0800][gc,phases    ] GC(301)   Post Evacuate Collection Set: 0.7ms
[2022-04-22T02:33:15.900+0800][gc,phases    ] GC(301)   Other: 1.0ms
[2022-04-22T02:33:15.900+0800][gc,heap      ] GC(301) Eden regions: 48->0(60)
[2022-04-22T02:33:15.900+0800][gc,heap      ] GC(301) Survivor regions: 5->5(7)
[2022-04-22T02:33:15.900+0800][gc,heap      ] GC(301) Old regions: 206->207
[2022-04-22T02:33:15.900+0800][gc,heap      ] GC(301) Archive regions: 2->2
[2022-04-22T02:33:15.900+0800][gc,heap      ] GC(301) Humongous regions: 129->129
[2022-04-22T02:33:15.900+0800][gc,metaspace ] GC(301) Metaspace: 43578K->43578K(1089536K)
[2022-04-22T02:33:15.900+0800][gc           ] GC(301) Pause Young (Normal) (G1 Evacuation Pause) 387M->340M(1024M) 13.216ms
[2022-04-22T02:33:15.900+0800][gc,cpu       ] GC(301) User=0.04s Sys=0.01s Real=0.02s
[2022-04-22T02:33:35.348+0800][gc,start     ] GC(302) Pause Young (Normal) (G1 Evacuation Pause)
[2022-04-22T02:33:35.349+0800][gc,task      ] GC(302) Using 8 workers of 8 for evacuation
[2022-04-22T02:33:35.374+0800][gc,mmu       ] GC(302) MMU target violated: 21.0ms (20.0ms/21.0ms)
[2022-04-22T02:33:35.374+0800][gc,phases    ] GC(302)   Pre Evacuate Collection Set: 0.3ms
[2022-04-22T02:33:35.374+0800][gc,phases    ] GC(302)   Evacuate Collection Set: 21.7ms
[2022-04-22T02:33:35.374+0800][gc,phases    ] GC(302)   Post Evacuate Collection Set: 1.5ms
[2022-04-22T02:33:35.374+0800][gc,phases    ] GC(302)   Other: 2.5ms
[2022-04-22T02:33:35.374+0800][gc,heap      ] GC(302) Eden regions: 54->0(55)
[2022-04-22T02:33:35.374+0800][gc,heap      ] GC(302) Survivor regions: 5->6(8)
[2022-04-22T02:33:35.374+0800][gc,heap      ] GC(302) Old regions: 207->207
[2022-04-22T02:33:35.374+0800][gc,heap      ] GC(302) Archive regions: 2->2
[2022-04-22T02:33:35.374+0800][gc,heap      ] GC(302) Humongous regions: 129->129
[2022-04-22T02:33:35.374+0800][gc,metaspace ] GC(302) Metaspace: 43578K->43578K(1089536K)
[2022-04-22T02:33:35.374+0800][gc           ] GC(302) Pause Young (Normal) (G1 Evacuation Pause) 394M->341M(1024M) 26.156ms
[2022-04-22T02:33:35.374+0800][gc,cpu       ] GC(302) User=0.05s Sys=0.03s Real=0.03s
[2022-04-22T02:33:52.822+0800][gc,start     ] GC(303) Pause Young (Normal) (G1 Evacuation Pause)
[2022-04-22T02:33:52.823+0800][gc,task      ] GC(303) Using 8 workers of 8 for evacuation
[2022-04-22T02:33:52.841+0800][gc,phases    ] GC(303)   Pre Evacuate Collection Set: 0.1ms
[2022-04-22T02:33:52.841+0800][gc,phases    ] GC(303)   Evacuate Collection Set: 16.7ms
[2022-04-22T02:33:52.841+0800][gc,phases    ] GC(303)   Post Evacuate Collection Set: 0.9ms
[2022-04-22T02:33:52.841+0800][gc,phases    ] GC(303)   Other: 1.4ms
[2022-04-22T02:33:52.841+0800][gc,heap      ] GC(303) Eden regions: 48->0(57)
[2022-04-22T02:33:52.841+0800][gc,heap      ] GC(303) Survivor regions: 6->4(7)
[2022-04-22T02:33:52.842+0800][gc,heap      ] GC(303) Old regions: 207->209
[2022-04-22T02:33:52.842+0800][gc,heap      ] GC(303) Archive regions: 2->2
[2022-04-22T02:33:52.842+0800][gc,heap      ] GC(303) Humongous regions: 129->129
[2022-04-22T02:33:52.842+0800][gc,metaspace ] GC(303) Metaspace: 43578K->43578K(1089536K)
[2022-04-22T02:33:52.842+0800][gc           ] GC(303) Pause Young (Normal) (G1 Evacuation Pause) 389M->341M(1024M) 19.136ms
[2022-04-22T02:33:52.842+0800][gc,cpu       ] GC(303) User=0.03s Sys=0.02s Real=0.02s
[2022-04-22T02:34:13.887+0800][gc,start     ] GC(304) Pause Young (Normal) (G1 Evacuation Pause)
[2022-04-22T02:34:13.888+0800][gc,task      ] GC(304) Using 8 workers of 8 for evacuation
[2022-04-22T02:34:13.917+0800][gc,mmu       ] GC(304) MMU target violated: 21.0ms (20.0ms/21.0ms)
[2022-04-22T02:34:13.917+0800][gc,phases    ] GC(304)   Pre Evacuate Collection Set: 0.4ms
[2022-04-22T02:34:13.917+0800][gc,phases    ] GC(304)   Evacuate Collection Set: 25.5ms
[2022-04-22T02:34:13.917+0800][gc,phases    ] GC(304)   Post Evacuate Collection Set: 1.5ms
[2022-04-22T02:34:13.917+0800][gc,phases    ] GC(304)   Other: 2.9ms
[2022-04-22T02:34:13.917+0800][gc,heap      ] GC(304) Eden regions: 57->0(48)
[2022-04-22T02:34:13.917+0800][gc,heap      ] GC(304) Survivor regions: 4->4(8)
[2022-04-22T02:34:13.917+0800][gc,heap      ] GC(304) Old regions: 209->209
[2022-04-22T02:34:13.917+0800][gc,heap      ] GC(304) Archive regions: 2->2
[2022-04-22T02:34:13.917+0800][gc,heap      ] GC(304) Humongous regions: 129->129
[2022-04-22T02:34:13.917+0800][gc,metaspace ] GC(304) Metaspace: 43582K->43582K(1089536K)
[2022-04-22T02:34:13.917+0800][gc           ] GC(304) Pause Young (Normal) (G1 Evacuation Pause) 398M->341M(1024M) 30.473ms
[2022-04-22T02:34:13.917+0800][gc,cpu       ] GC(304) User=0.04s Sys=0.04s Real=0.03s
[2022-04-22T02:34:33.767+0800][gc,start     ] GC(305) Pause Young (Normal) (G1 Evacuation Pause)
[2022-04-22T02:34:33.769+0800][gc,task      ] GC(305) Using 8 workers of 8 for evacuation
[2022-04-22T02:34:33.791+0800][gc,mmu       ] GC(305) MMU target violated: 21.0ms (20.0ms/21.0ms)
[2022-04-22T02:34:33.791+0800][gc,phases    ] GC(305)   Pre Evacuate Collection Set: 0.4ms
[2022-04-22T02:34:33.791+0800][gc,phases    ] GC(305)   Evacuate Collection Set: 18.6ms
[2022-04-22T02:34:33.791+0800][gc,phases    ] GC(305)   Post Evacuate Collection Set: 1.2ms
[2022-04-22T02:34:33.791+0800][gc,phases    ] GC(305)   Other: 3.7ms
[2022-04-22T02:34:33.791+0800][gc,heap      ] GC(305) Eden regions: 47->0(47)
[2022-04-22T02:34:33.791+0800][gc,heap      ] GC(305) Survivor regions: 4->4(7)
[2022-04-22T02:34:33.791+0800][gc,heap      ] GC(305) Old regions: 209->209
[2022-04-22T02:34:33.791+0800][gc,heap      ] GC(305) Archive regions: 2->2
[2022-04-22T02:34:33.791+0800][gc,heap      ] GC(305) Humongous regions: 129->129
[2022-04-22T02:34:33.791+0800][gc,metaspace ] GC(305) Metaspace: 43582K->43582K(1089536K)
[2022-04-22T02:34:33.791+0800][gc           ] GC(305) Pause Young (Normal) (G1 Evacuation Pause) 388M->341M(1024M) 23.972ms
[2022-04-22T02:34:33.791+0800][gc,cpu       ] GC(305) User=0.05s Sys=0.04s Real=0.03s
[2022-04-22T02:34:51.680+0800][gc,start     ] GC(306) Pause Young (Normal) (G1 Evacuation Pause)
[2022-04-22T02:34:51.680+0800][gc,task      ] GC(306) Using 8 workers of 8 for evacuation
[2022-04-22T02:34:51.702+0800][gc,mmu       ] GC(306) MMU target violated: 21.0ms (20.0ms/21.0ms)
[2022-04-22T02:34:51.702+0800][gc,phases    ] GC(306)   Pre Evacuate Collection Set: 0.3ms
[2022-04-22T02:34:51.702+0800][gc,phases    ] GC(306)   Evacuate Collection Set: 20.0ms
[2022-04-22T02:34:51.702+0800][gc,phases    ] GC(306)   Post Evacuate Collection Set: 0.8ms
[2022-04-22T02:34:51.702+0800][gc,phases    ] GC(306)   Other: 1.4ms
[2022-04-22T02:34:51.702+0800][gc,heap      ] GC(306) Eden regions: 47->0(48)
[2022-04-22T02:34:51.702+0800][gc,heap      ] GC(306) Survivor regions: 4->6(7)
[2022-04-22T02:34:51.702+0800][gc,heap      ] GC(306) Old regions: 209->209
[2022-04-22T02:34:51.702+0800][gc,heap      ] GC(306) Archive regions: 2->2
[2022-04-22T02:34:51.702+0800][gc,heap      ] GC(306) Humongous regions: 129->129
[2022-04-22T02:34:51.702+0800][gc,metaspace ] GC(306) Metaspace: 43582K->43582K(1089536K)
[2022-04-22T02:34:51.702+0800][gc           ] GC(306) Pause Young (Normal) (G1 Evacuation Pause) 388M->343M(1024M) 22.637ms
[2022-04-22T02:34:51.702+0800][gc,cpu       ] GC(306) User=0.06s Sys=0.02s Real=0.02s
[2022-04-22T02:35:09.153+0800][gc,start     ] GC(307) Pause Young (Normal) (G1 Evacuation Pause)
[2022-04-22T02:35:09.154+0800][gc,task      ] GC(307) Using 8 workers of 8 for evacuation
[2022-04-22T02:35:09.167+0800][gc,phases    ] GC(307)   Pre Evacuate Collection Set: 0.1ms
[2022-04-22T02:35:09.168+0800][gc,phases    ] GC(307)   Evacuate Collection Set: 12.1ms
[2022-04-22T02:35:09.168+0800][gc,phases    ] GC(307)   Post Evacuate Collection Set: 0.6ms
[2022-04-22T02:35:09.168+0800][gc,phases    ] GC(307)   Other: 1.6ms
[2022-04-22T02:35:09.168+0800][gc,heap      ] GC(307) Eden regions: 48->0(50)
[2022-04-22T02:35:09.168+0800][gc,heap      ] GC(307) Survivor regions: 6->5(7)
[2022-04-22T02:35:09.168+0800][gc,heap      ] GC(307) Old regions: 209->211
[2022-04-22T02:35:09.168+0800][gc,heap      ] GC(307) Archive regions: 2->2
[2022-04-22T02:35:09.168+0800][gc,heap      ] GC(307) Humongous regions: 129->129
[2022-04-22T02:35:09.168+0800][gc,metaspace ] GC(307) Metaspace: 43582K->43582K(1089536K)
[2022-04-22T02:35:09.168+0800][gc           ] GC(307) Pause Young (Normal) (G1 Evacuation Pause) 391M->344M(1024M) 14.845ms
[2022-04-22T02:35:09.168+0800][gc,cpu       ] GC(307) User=0.05s Sys=0.01s Real=0.01s
[2022-04-22T02:35:27.150+0800][gc,start     ] GC(308) Pause Young (Normal) (G1 Evacuation Pause)
[2022-04-22T02:35:27.151+0800][gc,task      ] GC(308) Using 8 workers of 8 for evacuation
[2022-04-22T02:35:27.165+0800][gc,phases    ] GC(308)   Pre Evacuate Collection Set: 0.4ms
[2022-04-22T02:35:27.165+0800][gc,phases    ] GC(308)   Evacuate Collection Set: 12.5ms
[2022-04-22T02:35:27.165+0800][gc,phases    ] GC(308)   Post Evacuate Collection Set: 0.6ms
[2022-04-22T02:35:27.165+0800][gc,phases    ] GC(308)   Other: 1.5ms
[2022-04-22T02:35:27.165+0800][gc,heap      ] GC(308) Eden regions: 50->0(57)
[2022-04-22T02:35:27.165+0800][gc,heap      ] GC(308) Survivor regions: 5->4(7)
[2022-04-22T02:35:27.165+0800][gc,heap      ] GC(308) Old regions: 211->211
[2022-04-22T02:35:27.165+0800][gc,heap      ] GC(308) Archive regions: 2->2
[2022-04-22T02:35:27.165+0800][gc,heap      ] GC(308) Humongous regions: 129->129
[2022-04-22T02:35:27.165+0800][gc,metaspace ] GC(308) Metaspace: 43582K->43582K(1089536K)
[2022-04-22T02:35:27.165+0800][gc           ] GC(308) Pause Young (Normal) (G1 Evacuation Pause) 394M->343M(1024M) 15.074ms
[2022-04-22T02:35:27.165+0800][gc,cpu       ] GC(308) User=0.05s Sys=0.01s Real=0.01s
[2022-04-22T02:35:47.795+0800][gc,start     ] GC(309) Pause Young (Normal) (G1 Evacuation Pause)
[2022-04-22T02:35:47.796+0800][gc,task      ] GC(309) Using 8 workers of 8 for evacuation
[2022-04-22T02:35:47.815+0800][gc,phases    ] GC(309)   Pre Evacuate Collection Set: 0.4ms
[2022-04-22T02:35:47.815+0800][gc,phases    ] GC(309)   Evacuate Collection Set: 16.5ms
[2022-04-22T02:35:47.815+0800][gc,phases    ] GC(309)   Post Evacuate Collection Set: 1.4ms
[2022-04-22T02:35:47.815+0800][gc,phases    ] GC(309)   Other: 2.0ms
[2022-04-22T02:35:47.815+0800][gc,heap      ] GC(309) Eden regions: 57->0(57)
[2022-04-22T02:35:47.815+0800][gc,heap      ] GC(309) Survivor regions: 4->5(8)
[2022-04-22T02:35:47.815+0800][gc,heap      ] GC(309) Old regions: 211->211
[2022-04-22T02:35:47.815+0800][gc,heap      ] GC(309) Archive regions: 2->2
[2022-04-22T02:35:47.815+0800][gc,heap      ] GC(309) Humongous regions: 129->129
[2022-04-22T02:35:47.815+0800][gc,metaspace ] GC(309) Metaspace: 43582K->43582K(1089536K)
[2022-04-22T02:35:47.815+0800][gc           ] GC(309) Pause Young (Normal) (G1 Evacuation Pause) 400M->344M(1024M) 20.512ms
[2022-04-22T02:35:47.815+0800][gc,cpu       ] GC(309) User=0.06s Sys=0.01s Real=0.02s
[2022-04-22T02:36:08.237+0800][gc,start     ] GC(310) Pause Young (Normal) (G1 Evacuation Pause)
[2022-04-22T02:36:08.251+0800][gc,task      ] GC(310) Using 8 workers of 8 for evacuation
[2022-04-22T02:36:08.281+0800][gc,mmu       ] GC(310) MMU target violated: 21.0ms (20.0ms/21.0ms)
[2022-04-22T02:36:08.282+0800][gc,phases    ] GC(310)   Pre Evacuate Collection Set: 3.0ms
[2022-04-22T02:36:08.282+0800][gc,phases    ] GC(310)   Evacuate Collection Set: 20.8ms
[2022-04-22T02:36:08.282+0800][gc,phases    ] GC(310)   Post Evacuate Collection Set: 1.5ms
[2022-04-22T02:36:08.282+0800][gc,phases    ] GC(310)   Other: 19.2ms
[2022-04-22T02:36:08.282+0800][gc,heap      ] GC(310) Eden regions: 57->0(49)
[2022-04-22T02:36:08.282+0800][gc,heap      ] GC(310) Survivor regions: 5->5(8)
[2022-04-22T02:36:08.282+0800][gc,heap      ] GC(310) Old regions: 211->211
[2022-04-22T02:36:08.282+0800][gc,heap      ] GC(310) Archive regions: 2->2
[2022-04-22T02:36:08.282+0800][gc,heap      ] GC(310) Humongous regions: 129->129
[2022-04-22T02:36:08.282+0800][gc,metaspace ] GC(310) Metaspace: 43582K->43582K(1089536K)
[2022-04-22T02:36:08.282+0800][gc           ] GC(310) Pause Young (Normal) (G1 Evacuation Pause) 401M->344M(1024M) 44.585ms
[2022-04-22T02:36:08.282+0800][gc,cpu       ] GC(310) User=0.04s Sys=0.02s Real=0.05s
[2022-04-22T02:36:25.850+0800][gc,start     ] GC(311) Pause Young (Normal) (G1 Evacuation Pause)
[2022-04-22T02:36:25.851+0800][gc,task      ] GC(311) Using 8 workers of 8 for evacuation
[2022-04-22T02:36:25.873+0800][gc,mmu       ] GC(311) MMU target violated: 21.0ms (20.0ms/21.0ms)
[2022-04-22T02:36:25.874+0800][gc,phases    ] GC(311)   Pre Evacuate Collection Set: 0.4ms
[2022-04-22T02:36:25.874+0800][gc,phases    ] GC(311)   Evacuate Collection Set: 20.5ms
[2022-04-22T02:36:25.874+0800][gc,phases    ] GC(311)   Post Evacuate Collection Set: 0.7ms
[2022-04-22T02:36:25.874+0800][gc,phases    ] GC(311)   Other: 2.3ms
[2022-04-22T02:36:25.874+0800][gc,heap      ] GC(311) Eden regions: 49->0(49)
[2022-04-22T02:36:25.874+0800][gc,heap      ] GC(311) Survivor regions: 5->5(7)
[2022-04-22T02:36:25.874+0800][gc,heap      ] GC(311) Old regions: 211->212
[2022-04-22T02:36:25.874+0800][gc,heap      ] GC(311) Archive regions: 2->2
[2022-04-22T02:36:25.874+0800][gc,heap      ] GC(311) Humongous regions: 129->129
[2022-04-22T02:36:25.874+0800][gc,metaspace ] GC(311) Metaspace: 43582K->43582K(1089536K)
[2022-04-22T02:36:25.874+0800][gc           ] GC(311) Pause Young (Normal) (G1 Evacuation Pause) 393M->345M(1024M) 23.864ms
[2022-04-22T02:36:25.874+0800][gc,cpu       ] GC(311) User=0.04s Sys=0.04s Real=0.02s
[2022-04-22T02:36:42.334+0800][gc,start     ] GC(312) Pause Young (Normal) (G1 Evacuation Pause)
[2022-04-22T02:36:42.334+0800][gc,task      ] GC(312) Using 8 workers of 8 for evacuation
[2022-04-22T02:36:42.352+0800][gc,phases    ] GC(312)   Pre Evacuate Collection Set: 0.2ms
[2022-04-22T02:36:42.352+0800][gc,phases    ] GC(312)   Evacuate Collection Set: 15.9ms
[2022-04-22T02:36:42.352+0800][gc,phases    ] GC(312)   Post Evacuate Collection Set: 1.1ms
[2022-04-22T02:36:42.352+0800][gc,phases    ] GC(312)   Other: 1.5ms
[2022-04-22T02:36:42.352+0800][gc,heap      ] GC(312) Eden regions: 46->0(51)
[2022-04-22T02:36:42.352+0800][gc,heap      ] GC(312) Survivor regions: 5->4(7)
[2022-04-22T02:36:42.352+0800][gc,heap      ] GC(312) Old regions: 212->212
[2022-04-22T02:36:42.352+0800][gc,heap      ] GC(312) Archive regions: 2->2
[2022-04-22T02:36:42.352+0800][gc,heap      ] GC(312) Humongous regions: 129->129
[2022-04-22T02:36:42.352+0800][gc,metaspace ] GC(312) Metaspace: 43582K->43582K(1089536K)
[2022-04-22T02:36:42.352+0800][gc           ] GC(312) Pause Young (Normal) (G1 Evacuation Pause) 391M->345M(1024M) 18.518ms
[2022-04-22T02:36:42.352+0800][gc,cpu       ] GC(312) User=0.04s Sys=0.02s Real=0.02s
[2022-04-22T02:37:00.784+0800][gc,start     ] GC(313) Pause Young (Normal) (G1 Evacuation Pause)
[2022-04-22T02:37:00.786+0800][gc,task      ] GC(313) Using 8 workers of 8 for evacuation
[2022-04-22T02:37:00.816+0800][gc,mmu       ] GC(313) MMU target violated: 21.0ms (20.0ms/21.0ms)
[2022-04-22T02:37:00.816+0800][gc,phases    ] GC(313)   Pre Evacuate Collection Set: 0.3ms
[2022-04-22T02:37:00.816+0800][gc,phases    ] GC(313)   Evacuate Collection Set: 29.0ms
[2022-04-22T02:37:00.816+0800][gc,phases    ] GC(313)   Post Evacuate Collection Set: 0.5ms
[2022-04-22T02:37:00.816+0800][gc,phases    ] GC(313)   Other: 2.4ms
[2022-04-22T02:37:00.817+0800][gc,heap      ] GC(313) Eden regions: 51->0(46)
[2022-04-22T02:37:00.817+0800][gc,heap      ] GC(313) Survivor regions: 4->5(7)
[2022-04-22T02:37:00.817+0800][gc,heap      ] GC(313) Old regions: 212->213
[2022-04-22T02:37:00.817+0800][gc,heap      ] GC(313) Archive regions: 2->2
[2022-04-22T02:37:00.817+0800][gc,heap      ] GC(313) Humongous regions: 129->129
[2022-04-22T02:37:00.817+0800][gc,metaspace ] GC(313) Metaspace: 43582K->43582K(1089536K)
[2022-04-22T02:37:00.817+0800][gc           ] GC(313) Pause Young (Normal) (G1 Evacuation Pause) 396M->346M(1024M) 32.361ms
[2022-04-22T02:37:00.817+0800][gc,cpu       ] GC(313) User=0.06s Sys=0.01s Real=0.03s
[2022-04-22T02:37:17.389+0800][gc,start     ] GC(314) Pause Young (Normal) (G1 Evacuation Pause)
[2022-04-22T02:37:17.390+0800][gc,task      ] GC(314) Using 8 workers of 8 for evacuation
[2022-04-22T02:37:17.410+0800][gc,mmu       ] GC(314) MMU target violated: 20.2ms (20.0ms/21.0ms)
[2022-04-22T02:37:17.410+0800][gc,phases    ] GC(314)   Pre Evacuate Collection Set: 0.2ms
[2022-04-22T02:37:17.410+0800][gc,phases    ] GC(314)   Evacuate Collection Set: 17.9ms
[2022-04-22T02:37:17.410+0800][gc,phases    ] GC(314)   Post Evacuate Collection Set: 1.6ms
[2022-04-22T02:37:17.410+0800][gc,phases    ] GC(314)   Other: 1.4ms
[2022-04-22T02:37:17.410+0800][gc,heap      ] GC(314) Eden regions: 46->0(47)
[2022-04-22T02:37:17.410+0800][gc,heap      ] GC(314) Survivor regions: 5->4(7)
[2022-04-22T02:37:17.410+0800][gc,heap      ] GC(314) Old regions: 213->213
[2022-04-22T02:37:17.410+0800][gc,heap      ] GC(314) Archive regions: 2->2
[2022-04-22T02:37:17.410+0800][gc,heap      ] GC(314) Humongous regions: 129->129
[2022-04-22T02:37:17.410+0800][gc,metaspace ] GC(314) Metaspace: 43582K->43582K(1089536K)
[2022-04-22T02:37:17.411+0800][gc           ] GC(314) Pause Young (Normal) (G1 Evacuation Pause) 392M->346M(1024M) 21.304ms
[2022-04-22T02:37:17.411+0800][gc,cpu       ] GC(314) User=0.04s Sys=0.02s Real=0.03s
[2022-04-22T02:37:34.493+0800][gc,start     ] GC(315) Pause Young (Normal) (G1 Evacuation Pause)
[2022-04-22T02:37:34.495+0800][gc,task      ] GC(315) Using 8 workers of 8 for evacuation
[2022-04-22T02:37:34.515+0800][gc,phases    ] GC(315)   Pre Evacuate Collection Set: 0.5ms
[2022-04-22T02:37:34.515+0800][gc,phases    ] GC(315)   Evacuate Collection Set: 17.7ms
[2022-04-22T02:37:34.515+0800][gc,phases    ] GC(315)   Post Evacuate Collection Set: 0.7ms
[2022-04-22T02:37:34.515+0800][gc,phases    ] GC(315)   Other: 2.8ms
[2022-04-22T02:37:34.515+0800][gc,heap      ] GC(315) Eden regions: 47->0(48)
[2022-04-22T02:37:34.515+0800][gc,heap      ] GC(315) Survivor regions: 4->4(7)
[2022-04-22T02:37:34.515+0800][gc,heap      ] GC(315) Old regions: 213->214
[2022-04-22T02:37:34.515+0800][gc,heap      ] GC(315) Archive regions: 2->2
[2022-04-22T02:37:34.515+0800][gc,heap      ] GC(315) Humongous regions: 129->129
[2022-04-22T02:37:34.515+0800][gc,metaspace ] GC(315) Metaspace: 43582K->43582K(1089536K)
[2022-04-22T02:37:34.515+0800][gc           ] GC(315) Pause Young (Normal) (G1 Evacuation Pause) 393M->346M(1024M) 21.907ms
[2022-04-22T02:37:34.515+0800][gc,cpu       ] GC(315) User=0.06s Sys=0.02s Real=0.02s
[2022-04-22T02:37:51.889+0800][gc,start     ] GC(316) Pause Young (Normal) (G1 Evacuation Pause)
[2022-04-22T02:37:51.890+0800][gc,task      ] GC(316) Using 8 workers of 8 for evacuation
[2022-04-22T02:37:51.903+0800][gc,phases    ] GC(316)   Pre Evacuate Collection Set: 0.3ms
[2022-04-22T02:37:51.903+0800][gc,phases    ] GC(316)   Evacuate Collection Set: 12.0ms
[2022-04-22T02:37:51.903+0800][gc,phases    ] GC(316)   Post Evacuate Collection Set: 0.5ms
[2022-04-22T02:37:51.904+0800][gc,phases    ] GC(316)   Other: 1.4ms
[2022-04-22T02:37:51.904+0800][gc,heap      ] GC(316) Eden regions: 48->0(51)
[2022-04-22T02:37:51.904+0800][gc,heap      ] GC(316) Survivor regions: 4->4(7)
[2022-04-22T02:37:51.904+0800][gc,heap      ] GC(316) Old regions: 214->214
[2022-04-22T02:37:51.904+0800][gc,heap      ] GC(316) Archive regions: 2->2
[2022-04-22T02:37:51.904+0800][gc,heap      ] GC(316) Humongous regions: 129->129
[2022-04-22T02:37:51.904+0800][gc,metaspace ] GC(316) Metaspace: 43582K->43582K(1089536K)
[2022-04-22T02:37:51.904+0800][gc           ] GC(316) Pause Young (Normal) (G1 Evacuation Pause) 394M->347M(1024M) 14.412ms
[2022-04-22T02:37:51.904+0800][gc,cpu       ] GC(316) User=0.05s Sys=0.01s Real=0.02s
[2022-04-22T02:38:08.800+0800][gc,start     ] GC(317) Pause Young (Normal) (G1 Evacuation Pause)
[2022-04-22T02:38:08.800+0800][gc,task      ] GC(317) Using 8 workers of 8 for evacuation
[2022-04-22T02:38:08.824+0800][gc,mmu       ] GC(317) MMU target violated: 21.0ms (20.0ms/21.0ms)
[2022-04-22T02:38:08.824+0800][gc,phases    ] GC(317)   Pre Evacuate Collection Set: 0.3ms
[2022-04-22T02:38:08.824+0800][gc,phases    ] GC(317)   Evacuate Collection Set: 21.3ms
[2022-04-22T02:38:08.824+0800][gc,phases    ] GC(317)   Post Evacuate Collection Set: 1.5ms
[2022-04-22T02:38:08.824+0800][gc,phases    ] GC(317)   Other: 1.6ms
[2022-04-22T02:38:08.824+0800][gc,heap      ] GC(317) Eden regions: 47->0(48)
[2022-04-22T02:38:08.824+0800][gc,heap      ] GC(317) Survivor regions: 4->6(7)
[2022-04-22T02:38:08.824+0800][gc,heap      ] GC(317) Old regions: 214->214
[2022-04-22T02:38:08.824+0800][gc,heap      ] GC(317) Archive regions: 2->2
[2022-04-22T02:38:08.824+0800][gc,heap      ] GC(317) Humongous regions: 129->129
[2022-04-22T02:38:08.824+0800][gc,metaspace ] GC(317) Metaspace: 43582K->43582K(1089536K)
[2022-04-22T02:38:08.824+0800][gc           ] GC(317) Pause Young (Normal) (G1 Evacuation Pause) 394M->348M(1024M) 24.922ms
[2022-04-22T02:38:08.825+0800][gc,cpu       ] GC(317) User=0.05s Sys=0.03s Real=0.02s
[2022-04-22T02:38:25.170+0800][gc,start     ] GC(318) Pause Young (Normal) (G1 Evacuation Pause)
[2022-04-22T02:38:25.171+0800][gc,task      ] GC(318) Using 8 workers of 8 for evacuation
[2022-04-22T02:38:25.187+0800][gc,phases    ] GC(318)   Pre Evacuate Collection Set: 0.1ms
[2022-04-22T02:38:25.187+0800][gc,phases    ] GC(318)   Evacuate Collection Set: 14.4ms
[2022-04-22T02:38:25.187+0800][gc,phases    ] GC(318)   Post Evacuate Collection Set: 0.4ms
[2022-04-22T02:38:25.187+0800][gc,phases    ] GC(318)   Other: 1.4ms
[2022-04-22T02:38:25.187+0800][gc,heap      ] GC(318) Eden regions: 45->0(51)
[2022-04-22T02:38:25.187+0800][gc,heap      ] GC(318) Survivor regions: 6->4(7)
[2022-04-22T02:38:25.187+0800][gc,heap      ] GC(318) Old regions: 214->216
[2022-04-22T02:38:25.187+0800][gc,heap      ] GC(318) Archive regions: 2->2
[2022-04-22T02:38:25.187+0800][gc,heap      ] GC(318) Humongous regions: 129->129
[2022-04-22T02:38:25.187+0800][gc,metaspace ] GC(318) Metaspace: 43582K->43582K(1089536K)
[2022-04-22T02:38:25.187+0800][gc           ] GC(318) Pause Young (Normal) (G1 Evacuation Pause) 393M->348M(1024M) 16.404ms
[2022-04-22T02:38:25.187+0800][gc,cpu       ] GC(318) User=0.06s Sys=0.00s Real=0.01s
[2022-04-22T10:27:09.750+0800][gc,start     ] GC(319) Pause Young (Normal) (G1 Evacuation Pause)
[2022-04-22T10:27:09.752+0800][gc,task      ] GC(319) Using 8 workers of 8 for evacuation
[2022-04-22T10:27:09.863+0800][gc,mmu       ] GC(319) MMU target violated: 21.0ms (20.0ms/21.0ms)
[2022-04-22T10:27:09.863+0800][gc,phases    ] GC(319)   Pre Evacuate Collection Set: 1.3ms
[2022-04-22T10:27:09.863+0800][gc,phases    ] GC(319)   Evacuate Collection Set: 90.5ms
[2022-04-22T10:27:09.863+0800][gc,phases    ] GC(319)   Post Evacuate Collection Set: 8.8ms
[2022-04-22T10:27:09.863+0800][gc,phases    ] GC(319)   Other: 13.8ms
[2022-04-22T10:27:09.863+0800][gc,heap      ] GC(319) Eden regions: 51->0(47)
[2022-04-22T10:27:09.863+0800][gc,heap      ] GC(319) Survivor regions: 4->4(7)
[2022-04-22T10:27:09.863+0800][gc,heap      ] GC(319) Old regions: 216->216
[2022-04-22T10:27:09.863+0800][gc,heap      ] GC(319) Archive regions: 2->2
[2022-04-22T10:27:09.863+0800][gc,heap      ] GC(319) Humongous regions: 129->129
[2022-04-22T10:27:09.863+0800][gc,metaspace ] GC(319) Metaspace: 43584K->43584K(1089536K)
[2022-04-22T10:27:09.863+0800][gc           ] GC(319) Pause Young (Normal) (G1 Evacuation Pause) 399M->349M(1024M) 112.759ms
[2022-04-22T10:27:09.863+0800][gc,cpu       ] GC(319) User=0.02s Sys=0.07s Real=0.11s
[2022-04-22T11:56:49.355+0800][gc,start     ] GC(320) Pause Young (Normal) (G1 Evacuation Pause)
[2022-04-22T11:56:49.357+0800][gc,task      ] GC(320) Using 8 workers of 8 for evacuation
[2022-04-22T11:56:49.637+0800][gc,mmu       ] GC(320) MMU target violated: 21.0ms (20.0ms/21.0ms)
[2022-04-22T11:56:49.641+0800][gc,phases    ] GC(320)   Pre Evacuate Collection Set: 1.4ms
[2022-04-22T11:56:49.641+0800][gc,phases    ] GC(320)   Evacuate Collection Set: 202.8ms
[2022-04-22T11:56:49.641+0800][gc,phases    ] GC(320)   Post Evacuate Collection Set: 68.2ms
[2022-04-22T11:56:49.641+0800][gc,phases    ] GC(320)   Other: 13.0ms
[2022-04-22T11:56:49.644+0800][gc,heap      ] GC(320) Eden regions: 47->0(47)
[2022-04-22T11:56:49.644+0800][gc,heap      ] GC(320) Survivor regions: 4->4(7)
[2022-04-22T11:56:49.644+0800][gc,heap      ] GC(320) Old regions: 216->216
[2022-04-22T11:56:49.644+0800][gc,heap      ] GC(320) Archive regions: 2->2
[2022-04-22T11:56:49.644+0800][gc,heap      ] GC(320) Humongous regions: 129->129
[2022-04-22T11:56:49.646+0800][gc,metaspace ] GC(320) Metaspace: 43584K->43584K(1089536K)
[2022-04-22T11:56:49.649+0800][gc           ] GC(320) Pause Young (Normal) (G1 Evacuation Pause) 396M->349M(1024M) 294.851ms
[2022-04-22T11:56:49.649+0800][gc,cpu       ] GC(320) User=0.03s Sys=0.06s Real=0.29s
[2022-04-22T12:49:26.746+0800][gc,start     ] GC(321) Pause Young (Normal) (G1 Evacuation Pause)
[2022-04-22T12:49:26.752+0800][gc,task      ] GC(321) Using 8 workers of 8 for evacuation
[2022-04-22T12:49:27.034+0800][gc,mmu       ] GC(321) MMU target violated: 21.0ms (20.0ms/21.0ms)
[2022-04-22T12:49:27.037+0800][gc,phases    ] GC(321)   Pre Evacuate Collection Set: 8.4ms
[2022-04-22T12:49:27.037+0800][gc,phases    ] GC(321)   Evacuate Collection Set: 212.3ms
[2022-04-22T12:49:27.037+0800][gc,phases    ] GC(321)   Post Evacuate Collection Set: 41.6ms
[2022-04-22T12:49:27.037+0800][gc,phases    ] GC(321)   Other: 32.0ms
[2022-04-22T12:49:27.039+0800][gc,heap      ] GC(321) Eden regions: 47->0(47)
[2022-04-22T12:49:27.039+0800][gc,heap      ] GC(321) Survivor regions: 4->4(7)
[2022-04-22T12:49:27.039+0800][gc,heap      ] GC(321) Old regions: 216->216
[2022-04-22T12:49:27.039+0800][gc,heap      ] GC(321) Archive regions: 2->2
[2022-04-22T12:49:27.039+0800][gc,heap      ] GC(321) Humongous regions: 129->129
[2022-04-22T12:49:27.042+0800][gc,metaspace ] GC(321) Metaspace: 43588K->43588K(1089536K)
[2022-04-22T12:49:27.044+0800][gc           ] GC(321) Pause Young (Normal) (G1 Evacuation Pause) 396M->349M(1024M) 298.796ms
[2022-04-22T12:49:27.044+0800][gc,cpu       ] GC(321) User=0.02s Sys=0.11s Real=0.30s
[2022-04-22T13:42:24.839+0800][gc,start     ] GC(322) Pause Young (Normal) (G1 Evacuation Pause)
[2022-04-22T13:42:24.842+0800][gc,task      ] GC(322) Using 8 workers of 8 for evacuation
[2022-04-22T13:42:24.974+0800][gc,mmu       ] GC(322) MMU target violated: 21.0ms (20.0ms/21.0ms)
[2022-04-22T13:42:24.975+0800][gc,phases    ] GC(322)   Pre Evacuate Collection Set: 1.7ms
[2022-04-22T13:42:24.975+0800][gc,phases    ] GC(322)   Evacuate Collection Set: 106.1ms
[2022-04-22T13:42:24.975+0800][gc,phases    ] GC(322)   Post Evacuate Collection Set: 16.7ms
[2022-04-22T13:42:24.975+0800][gc,phases    ] GC(322)   Other: 22.1ms
[2022-04-22T13:42:24.976+0800][gc,heap      ] GC(322) Eden regions: 47->0(47)
[2022-04-22T13:42:24.976+0800][gc,heap      ] GC(322) Survivor regions: 4->4(7)
[2022-04-22T13:42:24.976+0800][gc,heap      ] GC(322) Old regions: 216->216
[2022-04-22T13:42:24.976+0800][gc,heap      ] GC(322) Archive regions: 2->2
[2022-04-22T13:42:24.976+0800][gc,heap      ] GC(322) Humongous regions: 129->129
[2022-04-22T13:42:24.976+0800][gc,metaspace ] GC(322) Metaspace: 43591K->43591K(1089536K)
[2022-04-22T13:42:24.977+0800][gc           ] GC(322) Pause Young (Normal) (G1 Evacuation Pause) 396M->349M(1024M) 139.697ms
[2022-04-22T13:42:24.977+0800][gc,cpu       ] GC(322) User=0.02s Sys=0.06s Real=0.14s
[2022-04-22T14:35:38.676+0800][gc,start     ] GC(323) Pause Young (Normal) (G1 Evacuation Pause)
[2022-04-22T14:35:38.681+0800][gc,task      ] GC(323) Using 8 workers of 8 for evacuation
[2022-04-22T14:35:38.780+0800][gc,mmu       ] GC(323) MMU target violated: 21.0ms (20.0ms/21.0ms)
[2022-04-22T14:35:38.780+0800][gc,phases    ] GC(323)   Pre Evacuate Collection Set: 1.8ms
[2022-04-22T14:35:38.780+0800][gc,phases    ] GC(323)   Evacuate Collection Set: 81.8ms
[2022-04-22T14:35:38.780+0800][gc,phases    ] GC(323)   Post Evacuate Collection Set: 7.9ms
[2022-04-22T14:35:38.780+0800][gc,phases    ] GC(323)   Other: 14.4ms
[2022-04-22T14:35:38.780+0800][gc,heap      ] GC(323) Eden regions: 47->0(47)
[2022-04-22T14:35:38.780+0800][gc,heap      ] GC(323) Survivor regions: 4->4(7)
[2022-04-22T14:35:38.780+0800][gc,heap      ] GC(323) Old regions: 216->216
[2022-04-22T14:35:38.780+0800][gc,heap      ] GC(323) Archive regions: 2->2
[2022-04-22T14:35:38.780+0800][gc,heap      ] GC(323) Humongous regions: 129->129
[2022-04-22T14:35:38.780+0800][gc,metaspace ] GC(323) Metaspace: 43609K->43609K(1089536K)
[2022-04-22T14:35:38.780+0800][gc           ] GC(323) Pause Young (Normal) (G1 Evacuation Pause) 396M->349M(1024M) 104.265ms
[2022-04-22T14:35:38.780+0800][gc,cpu       ] GC(323) User=0.03s Sys=0.11s Real=0.11s
[2022-04-22T15:28:51.308+0800][gc,start     ] GC(324) Pause Young (Normal) (G1 Evacuation Pause)
[2022-04-22T15:28:51.311+0800][gc,task      ] GC(324) Using 8 workers of 8 for evacuation
[2022-04-22T15:28:51.550+0800][gc,mmu       ] GC(324) MMU target violated: 21.0ms (20.0ms/21.0ms)
[2022-04-22T15:28:51.550+0800][gc,phases    ] GC(324)   Pre Evacuate Collection Set: 6.4ms
[2022-04-22T15:28:51.550+0800][gc,phases    ] GC(324)   Evacuate Collection Set: 156.1ms
[2022-04-22T15:28:51.550+0800][gc,phases    ] GC(324)   Post Evacuate Collection Set: 39.0ms
[2022-04-22T15:28:51.550+0800][gc,phases    ] GC(324)   Other: 43.0ms
[2022-04-22T15:28:51.550+0800][gc,heap      ] GC(324) Eden regions: 47->0(47)
[2022-04-22T15:28:51.550+0800][gc,heap      ] GC(324) Survivor regions: 4->4(7)
[2022-04-22T15:28:51.550+0800][gc,heap      ] GC(324) Old regions: 216->216
[2022-04-22T15:28:51.550+0800][gc,heap      ] GC(324) Archive regions: 2->2
[2022-04-22T15:28:51.550+0800][gc,heap      ] GC(324) Humongous regions: 129->129
[2022-04-22T15:28:51.550+0800][gc,metaspace ] GC(324) Metaspace: 43625K->43625K(1089536K)
[2022-04-22T15:28:51.550+0800][gc           ] GC(324) Pause Young (Normal) (G1 Evacuation Pause) 396M->349M(1024M) 242.539ms
[2022-04-22T15:28:51.550+0800][gc,cpu       ] GC(324) User=0.03s Sys=0.06s Real=0.25s
[2022-04-22T16:22:11.953+0800][gc,start     ] GC(325) Pause Young (Normal) (G1 Evacuation Pause)
[2022-04-22T16:22:11.955+0800][gc,task      ] GC(325) Using 8 workers of 8 for evacuation
[2022-04-22T16:22:12.036+0800][gc,mmu       ] GC(325) MMU target violated: 21.0ms (20.0ms/21.0ms)
[2022-04-22T16:22:12.037+0800][gc,phases    ] GC(325)   Pre Evacuate Collection Set: 16.3ms
[2022-04-22T16:22:12.037+0800][gc,phases    ] GC(325)   Evacuate Collection Set: 47.4ms
[2022-04-22T16:22:12.037+0800][gc,phases    ] GC(325)   Post Evacuate Collection Set: 6.6ms
[2022-04-22T16:22:12.037+0800][gc,phases    ] GC(325)   Other: 17.1ms
[2022-04-22T16:22:12.037+0800][gc,heap      ] GC(325) Eden regions: 47->0(47)
[2022-04-22T16:22:12.037+0800][gc,heap      ] GC(325) Survivor regions: 4->4(7)
[2022-04-22T16:22:12.037+0800][gc,heap      ] GC(325) Old regions: 216->216
[2022-04-22T16:22:12.037+0800][gc,heap      ] GC(325) Archive regions: 2->2
[2022-04-22T16:22:12.037+0800][gc,heap      ] GC(325) Humongous regions: 129->129
[2022-04-22T16:22:12.037+0800][gc,metaspace ] GC(325) Metaspace: 43627K->43627K(1089536K)
[2022-04-22T16:22:12.037+0800][gc           ] GC(325) Pause Young (Normal) (G1 Evacuation Pause) 396M->349M(1024M) 84.117ms
[2022-04-22T16:22:12.037+0800][gc,cpu       ] GC(325) User=0.03s Sys=0.06s Real=0.08s
[2022-04-22T18:01:28.653+0800][gc,start     ] GC(326) Pause Young (Normal) (G1 Evacuation Pause)
[2022-04-22T18:01:28.656+0800][gc,task      ] GC(326) Using 8 workers of 8 for evacuation
[2022-04-22T18:01:28.750+0800][gc,mmu       ] GC(326) MMU target violated: 21.0ms (20.0ms/21.0ms)
[2022-04-22T18:01:28.750+0800][gc,phases    ] GC(326)   Pre Evacuate Collection Set: 2.3ms
[2022-04-22T18:01:28.750+0800][gc,phases    ] GC(326)   Evacuate Collection Set: 69.5ms
[2022-04-22T18:01:28.750+0800][gc,phases    ] GC(326)   Post Evacuate Collection Set: 16.0ms
[2022-04-22T18:01:28.750+0800][gc,phases    ] GC(326)   Other: 9.2ms
[2022-04-22T18:01:28.750+0800][gc,heap      ] GC(326) Eden regions: 47->0(47)
[2022-04-22T18:01:28.750+0800][gc,heap      ] GC(326) Survivor regions: 4->4(7)
[2022-04-22T18:01:28.750+0800][gc,heap      ] GC(326) Old regions: 216->216
[2022-04-22T18:01:28.750+0800][gc,heap      ] GC(326) Archive regions: 2->2
[2022-04-22T18:01:28.750+0800][gc,heap      ] GC(326) Humongous regions: 129->129
[2022-04-22T18:01:28.750+0800][gc,metaspace ] GC(326) Metaspace: 43628K->43628K(1089536K)
[2022-04-22T18:01:28.750+0800][gc           ] GC(326) Pause Young (Normal) (G1 Evacuation Pause) 396M->349M(1024M) 96.615ms
[2022-04-22T18:01:28.750+0800][gc,cpu       ] GC(326) User=0.02s Sys=0.05s Real=0.10s
[2022-04-22T18:36:47.120+0800][gc,start     ] GC(327) Pause Young (Normal) (G1 Evacuation Pause)
[2022-04-22T18:36:47.122+0800][gc,task      ] GC(327) Using 8 workers of 8 for evacuation
[2022-04-22T18:36:47.160+0800][gc,mmu       ] GC(327) MMU target violated: 21.0ms (20.0ms/21.0ms)
[2022-04-22T18:36:47.160+0800][gc,phases    ] GC(327)   Pre Evacuate Collection Set: 0.8ms
[2022-04-22T18:36:47.160+0800][gc,phases    ] GC(327)   Evacuate Collection Set: 28.6ms
[2022-04-22T18:36:47.160+0800][gc,phases    ] GC(327)   Post Evacuate Collection Set: 5.2ms
[2022-04-22T18:36:47.160+0800][gc,phases    ] GC(327)   Other: 5.8ms
[2022-04-22T18:36:47.160+0800][gc,heap      ] GC(327) Eden regions: 47->0(45)
[2022-04-22T18:36:47.160+0800][gc,heap      ] GC(327) Survivor regions: 4->6(7)
[2022-04-22T18:36:47.160+0800][gc,heap      ] GC(327) Old regions: 216->216
[2022-04-22T18:36:47.160+0800][gc,heap      ] GC(327) Archive regions: 2->2
[2022-04-22T18:36:47.160+0800][gc,heap      ] GC(327) Humongous regions: 129->129
[2022-04-22T18:36:47.160+0800][gc,metaspace ] GC(327) Metaspace: 43631K->43631K(1089536K)
[2022-04-22T18:36:47.160+0800][gc           ] GC(327) Pause Young (Normal) (G1 Evacuation Pause) 396M->350M(1024M) 40.449ms
[2022-04-22T18:36:47.160+0800][gc,cpu       ] GC(327) User=0.04s Sys=0.04s Real=0.04s
[2022-04-22T18:37:03.742+0800][gc,start     ] GC(328) Pause Young (Normal) (G1 Evacuation Pause)
[2022-04-22T18:37:03.839+0800][gc,task      ] GC(328) Using 8 workers of 8 for evacuation
[2022-04-22T18:37:03.872+0800][gc,mmu       ] GC(328) MMU target violated: 21.0ms (20.0ms/21.0ms)
[2022-04-22T18:37:03.873+0800][gc,phases    ] GC(328)   Pre Evacuate Collection Set: 0.4ms
[2022-04-22T18:37:03.873+0800][gc,phases    ] GC(328)   Evacuate Collection Set: 25.8ms
[2022-04-22T18:37:03.873+0800][gc,phases    ] GC(328)   Post Evacuate Collection Set: 6.4ms
[2022-04-22T18:37:03.873+0800][gc,phases    ] GC(328)   Other: 97.7ms
[2022-04-22T18:37:03.873+0800][gc,heap      ] GC(328) Eden regions: 45->0(46)
[2022-04-22T18:37:03.873+0800][gc,heap      ] GC(328) Survivor regions: 6->5(7)
[2022-04-22T18:37:03.873+0800][gc,heap      ] GC(328) Old regions: 216->218
[2022-04-22T18:37:03.873+0800][gc,heap      ] GC(328) Archive regions: 2->2
[2022-04-22T18:37:03.873+0800][gc,heap      ] GC(328) Humongous regions: 129->129
[2022-04-22T18:37:03.873+0800][gc,metaspace ] GC(328) Metaspace: 43631K->43631K(1089536K)
[2022-04-22T18:37:03.873+0800][gc           ] GC(328) Pause Young (Normal) (G1 Evacuation Pause) 395M->351M(1024M) 130.300ms
[2022-04-22T18:37:03.873+0800][gc,cpu       ] GC(328) User=0.05s Sys=0.02s Real=0.13s
[2022-04-22T18:37:20.536+0800][gc,start     ] GC(329) Pause Young (Normal) (G1 Evacuation Pause)
[2022-04-22T18:37:20.536+0800][gc,task      ] GC(329) Using 8 workers of 8 for evacuation
[2022-04-22T18:37:20.554+0800][gc,phases    ] GC(329)   Pre Evacuate Collection Set: 0.3ms
[2022-04-22T18:37:20.554+0800][gc,phases    ] GC(329)   Evacuate Collection Set: 15.5ms
[2022-04-22T18:37:20.554+0800][gc,phases    ] GC(329)   Post Evacuate Collection Set: 0.9ms
[2022-04-22T18:37:20.554+0800][gc,phases    ] GC(329)   Other: 1.3ms
[2022-04-22T18:37:20.554+0800][gc,heap      ] GC(329) Eden regions: 46->0(48)
[2022-04-22T18:37:20.554+0800][gc,heap      ] GC(329) Survivor regions: 5->3(7)
[2022-04-22T18:37:20.554+0800][gc,heap      ] GC(329) Old regions: 218->220
[2022-04-22T18:37:20.554+0800][gc,heap      ] GC(329) Archive regions: 2->2
[2022-04-22T18:37:20.554+0800][gc,heap      ] GC(329) Humongous regions: 129->129
[2022-04-22T18:37:20.554+0800][gc,metaspace ] GC(329) Metaspace: 43637K->43637K(1089536K)
[2022-04-22T18:37:20.554+0800][gc           ] GC(329) Pause Young (Normal) (G1 Evacuation Pause) 397M->351M(1024M) 18.299ms
[2022-04-22T18:37:20.554+0800][gc,cpu       ] GC(329) User=0.05s Sys=0.01s Real=0.02s
[2022-04-22T18:37:38.173+0800][gc,start     ] GC(330) Pause Young (Normal) (G1 Evacuation Pause)
[2022-04-22T18:37:38.174+0800][gc,task      ] GC(330) Using 8 workers of 8 for evacuation
[2022-04-22T18:37:38.189+0800][gc,phases    ] GC(330)   Pre Evacuate Collection Set: 0.2ms
[2022-04-22T18:37:38.189+0800][gc,phases    ] GC(330)   Evacuate Collection Set: 13.2ms
[2022-04-22T18:37:38.189+0800][gc,phases    ] GC(330)   Post Evacuate Collection Set: 1.0ms
[2022-04-22T18:37:38.189+0800][gc,phases    ] GC(330)   Other: 1.6ms
[2022-04-22T18:37:38.189+0800][gc,heap      ] GC(330) Eden regions: 48->0(48)
[2022-04-22T18:37:38.189+0800][gc,heap      ] GC(330) Survivor regions: 3->3(7)
[2022-04-22T18:37:38.189+0800][gc,heap      ] GC(330) Old regions: 220->220
[2022-04-22T18:37:38.189+0800][gc,heap      ] GC(330) Archive regions: 2->2
[2022-04-22T18:37:38.189+0800][gc,heap      ] GC(330) Humongous regions: 129->129
[2022-04-22T18:37:38.189+0800][gc,metaspace ] GC(330) Metaspace: 43637K->43637K(1089536K)
[2022-04-22T18:37:38.189+0800][gc           ] GC(330) Pause Young (Normal) (G1 Evacuation Pause) 399M->352M(1024M) 16.320ms
[2022-04-22T18:37:38.190+0800][gc,cpu       ] GC(330) User=0.03s Sys=0.01s Real=0.02s
[2022-04-22T18:37:55.271+0800][gc,start     ] GC(331) Pause Young (Normal) (G1 Evacuation Pause)
[2022-04-22T18:37:55.272+0800][gc,task      ] GC(331) Using 8 workers of 8 for evacuation
[2022-04-22T18:37:55.286+0800][gc,phases    ] GC(331)   Pre Evacuate Collection Set: 0.2ms
[2022-04-22T18:37:55.286+0800][gc,phases    ] GC(331)   Evacuate Collection Set: 11.7ms
[2022-04-22T18:37:55.286+0800][gc,phases    ] GC(331)   Post Evacuate Collection Set: 0.9ms
[2022-04-22T18:37:55.286+0800][gc,phases    ] GC(331)   Other: 1.5ms
[2022-04-22T18:37:55.286+0800][gc,heap      ] GC(331) Eden regions: 48->0(47)
[2022-04-22T18:37:55.286+0800][gc,heap      ] GC(331) Survivor regions: 3->4(7)
[2022-04-22T18:37:55.286+0800][gc,heap      ] GC(331) Old regions: 220->220
[2022-04-22T18:37:55.286+0800][gc,heap      ] GC(331) Archive regions: 2->2
[2022-04-22T18:37:55.286+0800][gc,heap      ] GC(331) Humongous regions: 129->129
[2022-04-22T18:37:55.286+0800][gc,metaspace ] GC(331) Metaspace: 43637K->43637K(1089536K)
[2022-04-22T18:37:55.286+0800][gc           ] GC(331) Pause Young (Normal) (G1 Evacuation Pause) 400M->352M(1024M) 14.592ms
[2022-04-22T18:37:55.286+0800][gc,cpu       ] GC(331) User=0.03s Sys=0.01s Real=0.01s
[2022-04-22T18:38:12.066+0800][gc,start     ] GC(332) Pause Young (Normal) (G1 Evacuation Pause)
[2022-04-22T18:38:12.066+0800][gc,task      ] GC(332) Using 8 workers of 8 for evacuation
[2022-04-22T18:38:12.075+0800][gc,phases    ] GC(332)   Pre Evacuate Collection Set: 0.2ms
[2022-04-22T18:38:12.075+0800][gc,phases    ] GC(332)   Evacuate Collection Set: 7.4ms
[2022-04-22T18:38:12.075+0800][gc,phases    ] GC(332)   Post Evacuate Collection Set: 0.8ms
[2022-04-22T18:38:12.075+0800][gc,phases    ] GC(332)   Other: 1.0ms
[2022-04-22T18:38:12.075+0800][gc,heap      ] GC(332) Eden regions: 47->0(47)
[2022-04-22T18:38:12.075+0800][gc,heap      ] GC(332) Survivor regions: 4->4(7)
[2022-04-22T18:38:12.075+0800][gc,heap      ] GC(332) Old regions: 220->220
[2022-04-22T18:38:12.075+0800][gc,heap      ] GC(332) Archive regions: 2->2
[2022-04-22T18:38:12.075+0800][gc,heap      ] GC(332) Humongous regions: 129->129
[2022-04-22T18:38:12.075+0800][gc,metaspace ] GC(332) Metaspace: 43637K->43637K(1089536K)
[2022-04-22T18:38:12.075+0800][gc           ] GC(332) Pause Young (Normal) (G1 Evacuation Pause) 399M->353M(1024M) 9.600ms
[2022-04-22T18:38:12.075+0800][gc,cpu       ] GC(332) User=0.02s Sys=0.00s Real=0.01s
[2022-04-22T18:38:28.930+0800][gc,start     ] GC(333) Pause Young (Normal) (G1 Evacuation Pause)
[2022-04-22T18:38:28.931+0800][gc,task      ] GC(333) Using 8 workers of 8 for evacuation
[2022-04-22T18:38:28.943+0800][gc,phases    ] GC(333)   Pre Evacuate Collection Set: 0.2ms
[2022-04-22T18:38:28.943+0800][gc,phases    ] GC(333)   Evacuate Collection Set: 10.8ms
[2022-04-22T18:38:28.943+0800][gc,phases    ] GC(333)   Post Evacuate Collection Set: 0.8ms
[2022-04-22T18:38:28.943+0800][gc,phases    ] GC(333)   Other: 1.5ms
[2022-04-22T18:38:28.943+0800][gc,heap      ] GC(333) Eden regions: 47->0(46)
[2022-04-22T18:38:28.943+0800][gc,heap      ] GC(333) Survivor regions: 4->5(7)
[2022-04-22T18:38:28.943+0800][gc,heap      ] GC(333) Old regions: 220->220
[2022-04-22T18:38:28.943+0800][gc,heap      ] GC(333) Archive regions: 2->2
[2022-04-22T18:38:28.943+0800][gc,heap      ] GC(333) Humongous regions: 129->129
[2022-04-22T18:38:28.943+0800][gc,metaspace ] GC(333) Metaspace: 43637K->43637K(1089536K)
[2022-04-22T18:38:28.943+0800][gc           ] GC(333) Pause Young (Normal) (G1 Evacuation Pause) 400M->353M(1024M) 13.533ms
[2022-04-22T18:38:28.944+0800][gc,cpu       ] GC(333) User=0.03s Sys=0.01s Real=0.01s
[2022-04-22T18:38:45.311+0800][gc,start     ] GC(334) Pause Young (Normal) (G1 Evacuation Pause)
[2022-04-22T18:38:45.311+0800][gc,task      ] GC(334) Using 8 workers of 8 for evacuation
[2022-04-22T18:38:45.326+0800][gc,phases    ] GC(334)   Pre Evacuate Collection Set: 0.2ms
[2022-04-22T18:38:45.326+0800][gc,phases    ] GC(334)   Evacuate Collection Set: 13.8ms
[2022-04-22T18:38:45.326+0800][gc,phases    ] GC(334)   Post Evacuate Collection Set: 0.4ms
[2022-04-22T18:38:45.326+0800][gc,phases    ] GC(334)   Other: 1.1ms
[2022-04-22T18:38:45.326+0800][gc,heap      ] GC(334) Eden regions: 46->0(45)
[2022-04-22T18:38:45.326+0800][gc,heap      ] GC(334) Survivor regions: 5->6(7)
[2022-04-22T18:38:45.326+0800][gc,heap      ] GC(334) Old regions: 220->220
[2022-04-22T18:38:45.326+0800][gc,heap      ] GC(334) Archive regions: 2->2
[2022-04-22T18:38:45.326+0800][gc,heap      ] GC(334) Humongous regions: 129->129
[2022-04-22T18:38:45.326+0800][gc,metaspace ] GC(334) Metaspace: 43637K->43637K(1089536K)
[2022-04-22T18:38:45.326+0800][gc           ] GC(334) Pause Young (Normal) (G1 Evacuation Pause) 399M->355M(1024M) 15.656ms
[2022-04-22T18:38:45.326+0800][gc,cpu       ] GC(334) User=0.05s Sys=0.00s Real=0.01s
[2022-04-22T18:39:01.426+0800][gc,start     ] GC(335) Pause Young (Normal) (G1 Evacuation Pause)
[2022-04-22T18:39:01.427+0800][gc,task      ] GC(335) Using 8 workers of 8 for evacuation
[2022-04-22T18:39:01.443+0800][gc,phases    ] GC(335)   Pre Evacuate Collection Set: 0.2ms
[2022-04-22T18:39:01.443+0800][gc,phases    ] GC(335)   Evacuate Collection Set: 6.1ms
[2022-04-22T18:39:01.443+0800][gc,phases    ] GC(335)   Post Evacuate Collection Set: 9.5ms
[2022-04-22T18:39:01.443+0800][gc,phases    ] GC(335)   Other: 0.9ms
[2022-04-22T18:39:01.443+0800][gc,heap      ] GC(335) Eden regions: 45->0(47)
[2022-04-22T18:39:01.443+0800][gc,heap      ] GC(335) Survivor regions: 6->4(7)
[2022-04-22T18:39:01.443+0800][gc,heap      ] GC(335) Old regions: 220->223
[2022-04-22T18:39:01.443+0800][gc,heap      ] GC(335) Archive regions: 2->2
[2022-04-22T18:39:01.443+0800][gc,heap      ] GC(335) Humongous regions: 129->129
[2022-04-22T18:39:01.443+0800][gc,metaspace ] GC(335) Metaspace: 43637K->43637K(1089536K)
[2022-04-22T18:39:01.443+0800][gc           ] GC(335) Pause Young (Normal) (G1 Evacuation Pause) 400M->355M(1024M) 16.844ms
[2022-04-22T18:39:01.444+0800][gc,cpu       ] GC(335) User=0.03s Sys=0.02s Real=0.02s
[2022-04-22T18:39:18.680+0800][gc,start     ] GC(336) Pause Young (Normal) (G1 Evacuation Pause)
[2022-04-22T18:39:18.681+0800][gc,task      ] GC(336) Using 8 workers of 8 for evacuation
[2022-04-22T18:39:18.692+0800][gc,phases    ] GC(336)   Pre Evacuate Collection Set: 0.1ms
[2022-04-22T18:39:18.692+0800][gc,phases    ] GC(336)   Evacuate Collection Set: 9.7ms
[2022-04-22T18:39:18.692+0800][gc,phases    ] GC(336)   Post Evacuate Collection Set: 0.9ms
[2022-04-22T18:39:18.692+0800][gc,phases    ] GC(336)   Other: 1.7ms
[2022-04-22T18:39:18.692+0800][gc,heap      ] GC(336) Eden regions: 47->0(47)
[2022-04-22T18:39:18.692+0800][gc,heap      ] GC(336) Survivor regions: 4->4(7)
[2022-04-22T18:39:18.692+0800][gc,heap      ] GC(336) Old regions: 223->223
[2022-04-22T18:39:18.692+0800][gc,heap      ] GC(336) Archive regions: 2->2
[2022-04-22T18:39:18.692+0800][gc,heap      ] GC(336) Humongous regions: 129->129
[2022-04-22T18:39:18.692+0800][gc,metaspace ] GC(336) Metaspace: 43637K->43637K(1089536K)
[2022-04-22T18:39:18.692+0800][gc           ] GC(336) Pause Young (Normal) (G1 Evacuation Pause) 402M->355M(1024M) 12.532ms
[2022-04-22T18:39:18.692+0800][gc,cpu       ] GC(336) User=0.04s Sys=0.00s Real=0.01s
[2022-04-22T18:39:35.610+0800][gc,start     ] GC(337) Pause Young (Normal) (G1 Evacuation Pause)
[2022-04-22T18:39:35.610+0800][gc,task      ] GC(337) Using 8 workers of 8 for evacuation
[2022-04-22T18:39:35.620+0800][gc,phases    ] GC(337)   Pre Evacuate Collection Set: 0.1ms
[2022-04-22T18:39:35.620+0800][gc,phases    ] GC(337)   Evacuate Collection Set: 8.5ms
[2022-04-22T18:39:35.620+0800][gc,phases    ] GC(337)   Post Evacuate Collection Set: 0.5ms
[2022-04-22T18:39:35.620+0800][gc,phases    ] GC(337)   Other: 0.9ms
[2022-04-22T18:39:35.620+0800][gc,heap      ] GC(337) Eden regions: 47->0(48)
[2022-04-22T18:39:35.620+0800][gc,heap      ] GC(337) Survivor regions: 4->4(7)
[2022-04-22T18:39:35.620+0800][gc,heap      ] GC(337) Old regions: 223->223
[2022-04-22T18:39:35.620+0800][gc,heap      ] GC(337) Archive regions: 2->2
[2022-04-22T18:39:35.620+0800][gc,heap      ] GC(337) Humongous regions: 129->129
[2022-04-22T18:39:35.620+0800][gc,metaspace ] GC(337) Metaspace: 43637K->43637K(1089536K)
[2022-04-22T18:39:35.620+0800][gc           ] GC(337) Pause Young (Normal) (G1 Evacuation Pause) 402M->355M(1024M) 10.272ms
[2022-04-22T18:39:35.620+0800][gc,cpu       ] GC(337) User=0.03s Sys=0.00s Real=0.01s
[2022-04-22T18:39:52.878+0800][gc,start     ] GC(338) Pause Young (Normal) (G1 Evacuation Pause)
[2022-04-22T18:39:52.878+0800][gc,task      ] GC(338) Using 8 workers of 8 for evacuation
[2022-04-22T18:39:52.893+0800][gc,phases    ] GC(338)   Pre Evacuate Collection Set: 0.1ms
[2022-04-22T18:39:52.893+0800][gc,phases    ] GC(338)   Evacuate Collection Set: 12.2ms
[2022-04-22T18:39:52.893+0800][gc,phases    ] GC(338)   Post Evacuate Collection Set: 0.6ms
[2022-04-22T18:39:52.893+0800][gc,phases    ] GC(338)   Other: 1.8ms
[2022-04-22T18:39:52.893+0800][gc,heap      ] GC(338) Eden regions: 48->0(53)
[2022-04-22T18:39:52.893+0800][gc,heap      ] GC(338) Survivor regions: 4->5(7)
[2022-04-22T18:39:52.893+0800][gc,heap      ] GC(338) Old regions: 223->223
[2022-04-22T18:39:52.893+0800][gc,heap      ] GC(338) Archive regions: 2->2
[2022-04-22T18:39:52.893+0800][gc,heap      ] GC(338) Humongous regions: 129->129
[2022-04-22T18:39:52.893+0800][gc,metaspace ] GC(338) Metaspace: 43637K->43637K(1089536K)
[2022-04-22T18:39:52.893+0800][gc           ] GC(338) Pause Young (Normal) (G1 Evacuation Pause) 403M->355M(1024M) 15.048ms
[2022-04-22T18:39:52.893+0800][gc,cpu       ] GC(338) User=0.04s Sys=0.01s Real=0.02s
[2022-04-22T18:40:11.887+0800][gc,start     ] GC(339) Pause Young (Normal) (G1 Evacuation Pause)
[2022-04-22T18:40:11.887+0800][gc,task      ] GC(339) Using 8 workers of 8 for evacuation
[2022-04-22T18:40:11.918+0800][gc,mmu       ] GC(339) MMU target violated: 21.0ms (20.0ms/21.0ms)
[2022-04-22T18:40:11.918+0800][gc,phases    ] GC(339)   Pre Evacuate Collection Set: 0.3ms
[2022-04-22T18:40:11.918+0800][gc,phases    ] GC(339)   Evacuate Collection Set: 28.5ms
[2022-04-22T18:40:11.918+0800][gc,phases    ] GC(339)   Post Evacuate Collection Set: 0.9ms
[2022-04-22T18:40:11.918+0800][gc,phases    ] GC(339)   Other: 1.8ms
[2022-04-22T18:40:11.918+0800][gc,heap      ] GC(339) Eden regions: 53->0(45)
[2022-04-22T18:40:11.918+0800][gc,heap      ] GC(339) Survivor regions: 5->6(8)
[2022-04-22T18:40:11.918+0800][gc,heap      ] GC(339) Old regions: 223->223
[2022-04-22T18:40:11.918+0800][gc,heap      ] GC(339) Archive regions: 2->2
[2022-04-22T18:40:11.918+0800][gc,heap      ] GC(339) Humongous regions: 129->129
[2022-04-22T18:40:11.918+0800][gc,metaspace ] GC(339) Metaspace: 43637K->43637K(1089536K)
[2022-04-22T18:40:11.918+0800][gc           ] GC(339) Pause Young (Normal) (G1 Evacuation Pause) 408M->357M(1024M) 31.547ms
[2022-04-22T18:40:11.918+0800][gc,cpu       ] GC(339) User=0.03s Sys=0.04s Real=0.03s
[2022-04-22T18:40:28.068+0800][gc,start     ] GC(340) Pause Young (Normal) (G1 Evacuation Pause)
[2022-04-22T18:40:28.069+0800][gc,task      ] GC(340) Using 8 workers of 8 for evacuation
[2022-04-22T18:40:28.083+0800][gc,phases    ] GC(340)   Pre Evacuate Collection Set: 0.3ms
[2022-04-22T18:40:28.083+0800][gc,phases    ] GC(340)   Evacuate Collection Set: 12.3ms
[2022-04-22T18:40:28.083+0800][gc,phases    ] GC(340)   Post Evacuate Collection Set: 0.5ms
[2022-04-22T18:40:28.083+0800][gc,phases    ] GC(340)   Other: 1.5ms
[2022-04-22T18:40:28.083+0800][gc,heap      ] GC(340) Eden regions: 45->0(49)
[2022-04-22T18:40:28.083+0800][gc,heap      ] GC(340) Survivor regions: 6->4(7)
[2022-04-22T18:40:28.083+0800][gc,heap      ] GC(340) Old regions: 223->224
[2022-04-22T18:40:28.083+0800][gc,heap      ] GC(340) Archive regions: 2->2
[2022-04-22T18:40:28.083+0800][gc,heap      ] GC(340) Humongous regions: 129->129
[2022-04-22T18:40:28.083+0800][gc,metaspace ] GC(340) Metaspace: 43637K->43637K(1089536K)
[2022-04-22T18:40:28.083+0800][gc           ] GC(340) Pause Young (Normal) (G1 Evacuation Pause) 402M->357M(1024M) 14.663ms
[2022-04-22T18:40:28.083+0800][gc,cpu       ] GC(340) User=0.04s Sys=0.00s Real=0.02s
[2022-04-22T18:40:45.924+0800][gc,start     ] GC(341) Pause Young (Normal) (G1 Evacuation Pause)
[2022-04-22T18:40:45.925+0800][gc,task      ] GC(341) Using 8 workers of 8 for evacuation
[2022-04-22T18:40:45.946+0800][gc,mmu       ] GC(341) MMU target violated: 21.0ms (20.0ms/21.0ms)
[2022-04-22T18:40:45.947+0800][gc,phases    ] GC(341)   Pre Evacuate Collection Set: 0.2ms
[2022-04-22T18:40:45.947+0800][gc,phases    ] GC(341)   Evacuate Collection Set: 20.3ms
[2022-04-22T18:40:45.947+0800][gc,phases    ] GC(341)   Post Evacuate Collection Set: 0.8ms
[2022-04-22T18:40:45.947+0800][gc,phases    ] GC(341)   Other: 1.1ms
[2022-04-22T18:40:45.947+0800][gc,heap      ] GC(341) Eden regions: 49->0(50)
[2022-04-22T18:40:45.947+0800][gc,heap      ] GC(341) Survivor regions: 4->5(7)
[2022-04-22T18:40:45.947+0800][gc,heap      ] GC(341) Old regions: 224->224
[2022-04-22T18:40:45.947+0800][gc,heap      ] GC(341) Archive regions: 2->2
[2022-04-22T18:40:45.947+0800][gc,heap      ] GC(341) Humongous regions: 129->129
[2022-04-22T18:40:45.947+0800][gc,metaspace ] GC(341) Metaspace: 43637K->43637K(1089536K)
[2022-04-22T18:40:45.947+0800][gc           ] GC(341) Pause Young (Normal) (G1 Evacuation Pause) 406M->357M(1024M) 22.356ms
[2022-04-22T18:40:45.947+0800][gc,cpu       ] GC(341) User=0.03s Sys=0.01s Real=0.02s
[2022-04-22T18:41:03.930+0800][gc,start     ] GC(342) Pause Young (Normal) (G1 Evacuation Pause)
[2022-04-22T18:41:03.931+0800][gc,task      ] GC(342) Using 8 workers of 8 for evacuation
[2022-04-22T18:41:03.945+0800][gc,phases    ] GC(342)   Pre Evacuate Collection Set: 0.3ms
[2022-04-22T18:41:03.945+0800][gc,phases    ] GC(342)   Evacuate Collection Set: 12.7ms
[2022-04-22T18:41:03.945+0800][gc,phases    ] GC(342)   Post Evacuate Collection Set: 0.4ms
[2022-04-22T18:41:03.945+0800][gc,phases    ] GC(342)   Other: 1.8ms
[2022-04-22T18:41:03.945+0800][gc,heap      ] GC(342) Eden regions: 50->0(55)
[2022-04-22T18:41:03.945+0800][gc,heap      ] GC(342) Survivor regions: 5->5(7)
[2022-04-22T18:41:03.945+0800][gc,heap      ] GC(342) Old regions: 224->225
[2022-04-22T18:41:03.945+0800][gc,heap      ] GC(342) Archive regions: 2->2
[2022-04-22T18:41:03.945+0800][gc,heap      ] GC(342) Humongous regions: 129->129
[2022-04-22T18:41:03.945+0800][gc,metaspace ] GC(342) Metaspace: 43637K->43637K(1089536K)
[2022-04-22T18:41:03.945+0800][gc           ] GC(342) Pause Young (Normal) (G1 Evacuation Pause) 407M->358M(1024M) 15.393ms
[2022-04-22T18:41:03.945+0800][gc,cpu       ] GC(342) User=0.04s Sys=0.01s Real=0.01s
[2022-04-22T18:41:23.766+0800][gc,start     ] GC(343) Pause Young (Normal) (G1 Evacuation Pause)
[2022-04-22T18:41:23.767+0800][gc,task      ] GC(343) Using 8 workers of 8 for evacuation
[2022-04-22T18:41:23.784+0800][gc,phases    ] GC(343)   Pre Evacuate Collection Set: 0.4ms
[2022-04-22T18:41:23.784+0800][gc,phases    ] GC(343)   Evacuate Collection Set: 15.4ms
[2022-04-22T18:41:23.784+0800][gc,phases    ] GC(343)   Post Evacuate Collection Set: 0.9ms
[2022-04-22T18:41:23.785+0800][gc,phases    ] GC(343)   Other: 1.8ms
[2022-04-22T18:41:23.785+0800][gc,heap      ] GC(343) Eden regions: 55->0(56)
[2022-04-22T18:41:23.785+0800][gc,heap      ] GC(343) Survivor regions: 5->4(8)
[2022-04-22T18:41:23.785+0800][gc,heap      ] GC(343) Old regions: 225->225
[2022-04-22T18:41:23.785+0800][gc,heap      ] GC(343) Archive regions: 2->2
[2022-04-22T18:41:23.785+0800][gc,heap      ] GC(343) Humongous regions: 129->129
[2022-04-22T18:41:23.785+0800][gc,metaspace ] GC(343) Metaspace: 43637K->43637K(1089536K)
[2022-04-22T18:41:23.785+0800][gc           ] GC(343) Pause Young (Normal) (G1 Evacuation Pause) 413M->357M(1024M) 18.731ms
[2022-04-22T18:41:23.785+0800][gc,cpu       ] GC(343) User=0.04s Sys=0.02s Real=0.02s
[2022-04-22T18:41:43.759+0800][gc,start     ] GC(344) Pause Young (Normal) (G1 Evacuation Pause)
[2022-04-22T18:41:43.761+0800][gc,task      ] GC(344) Using 8 workers of 8 for evacuation
[2022-04-22T18:41:43.779+0800][gc,phases    ] GC(344)   Pre Evacuate Collection Set: 0.2ms
[2022-04-22T18:41:43.779+0800][gc,phases    ] GC(344)   Evacuate Collection Set: 17.7ms
[2022-04-22T18:41:43.779+0800][gc,phases    ] GC(344)   Post Evacuate Collection Set: 0.4ms
[2022-04-22T18:41:43.780+0800][gc,phases    ] GC(344)   Other: 2.2ms
[2022-04-22T18:41:43.780+0800][gc,heap      ] GC(344) Eden regions: 56->0(57)
[2022-04-22T18:41:43.780+0800][gc,heap      ] GC(344) Survivor regions: 4->6(8)
[2022-04-22T18:41:43.780+0800][gc,heap      ] GC(344) Old regions: 225->225
[2022-04-22T18:41:43.780+0800][gc,heap      ] GC(344) Archive regions: 2->2
[2022-04-22T18:41:43.780+0800][gc,heap      ] GC(344) Humongous regions: 129->129
[2022-04-22T18:41:43.780+0800][gc,metaspace ] GC(344) Metaspace: 43637K->43637K(1089536K)
[2022-04-22T18:41:43.780+0800][gc           ] GC(344) Pause Young (Normal) (G1 Evacuation Pause) 413M->359M(1024M) 20.581ms
[2022-04-22T18:41:43.780+0800][gc,cpu       ] GC(344) User=0.04s Sys=0.02s Real=0.03s
[2022-04-22T18:42:03.810+0800][gc,start     ] GC(345) Pause Young (Normal) (G1 Evacuation Pause)
[2022-04-22T18:42:03.810+0800][gc,task      ] GC(345) Using 8 workers of 8 for evacuation
[2022-04-22T18:42:03.835+0800][gc,mmu       ] GC(345) MMU target violated: 21.0ms (20.0ms/21.0ms)
[2022-04-22T18:42:03.835+0800][gc,phases    ] GC(345)   Pre Evacuate Collection Set: 0.2ms
[2022-04-22T18:42:03.835+0800][gc,phases    ] GC(345)   Evacuate Collection Set: 21.4ms
[2022-04-22T18:42:03.835+0800][gc,phases    ] GC(345)   Post Evacuate Collection Set: 1.4ms
[2022-04-22T18:42:03.835+0800][gc,phases    ] GC(345)   Other: 2.0ms
[2022-04-22T18:42:03.835+0800][gc,heap      ] GC(345) Eden regions: 56->0(55)
[2022-04-22T18:42:03.835+0800][gc,heap      ] GC(345) Survivor regions: 6->4(8)
[2022-04-22T18:42:03.835+0800][gc,heap      ] GC(345) Old regions: 225->226
[2022-04-22T18:42:03.835+0800][gc,heap      ] GC(345) Archive regions: 2->2
[2022-04-22T18:42:03.835+0800][gc,heap      ] GC(345) Humongous regions: 129->129
[2022-04-22T18:42:03.835+0800][gc,metaspace ] GC(345) Metaspace: 43637K->43637K(1089536K)
[2022-04-22T18:42:03.835+0800][gc           ] GC(345) Pause Young (Normal) (G1 Evacuation Pause) 415M->359M(1024M) 25.186ms
[2022-04-22T18:42:03.835+0800][gc,cpu       ] GC(345) User=0.04s Sys=0.02s Real=0.02s
[2022-04-22T18:42:22.154+0800][gc,start     ] GC(346) Pause Young (Normal) (G1 Evacuation Pause)
[2022-04-22T18:42:22.155+0800][gc,task      ] GC(346) Using 8 workers of 8 for evacuation
[2022-04-22T18:42:22.169+0800][gc,phases    ] GC(346)   Pre Evacuate Collection Set: 0.3ms
[2022-04-22T18:42:22.169+0800][gc,phases    ] GC(346)   Evacuate Collection Set: 11.9ms
[2022-04-22T18:42:22.169+0800][gc,phases    ] GC(346)   Post Evacuate Collection Set: 0.6ms
[2022-04-22T18:42:22.169+0800][gc,phases    ] GC(346)   Other: 1.7ms
[2022-04-22T18:42:22.169+0800][gc,heap      ] GC(346) Eden regions: 51->0(57)
[2022-04-22T18:42:22.169+0800][gc,heap      ] GC(346) Survivor regions: 4->5(7)
[2022-04-22T18:42:22.169+0800][gc,heap      ] GC(346) Old regions: 226->227
[2022-04-22T18:42:22.169+0800][gc,heap      ] GC(346) Archive regions: 2->2
[2022-04-22T18:42:22.169+0800][gc,heap      ] GC(346) Humongous regions: 129->129
[2022-04-22T18:42:22.169+0800][gc,metaspace ] GC(346) Metaspace: 43637K->43637K(1089536K)
[2022-04-22T18:42:22.169+0800][gc           ] GC(346) Pause Young (Normal) (G1 Evacuation Pause) 410M->360M(1024M) 14.784ms
[2022-04-22T18:42:22.169+0800][gc,cpu       ] GC(346) User=0.04s Sys=0.01s Real=0.01s
[2022-04-22T18:42:42.549+0800][gc,start     ] GC(347) Pause Young (Normal) (G1 Evacuation Pause)
[2022-04-22T18:42:42.550+0800][gc,task      ] GC(347) Using 8 workers of 8 for evacuation
[2022-04-22T18:42:42.571+0800][gc,mmu       ] GC(347) MMU target violated: 20.9ms (20.0ms/21.0ms)
[2022-04-22T18:42:42.571+0800][gc,phases    ] GC(347)   Pre Evacuate Collection Set: 0.3ms
[2022-04-22T18:42:42.571+0800][gc,phases    ] GC(347)   Evacuate Collection Set: 17.8ms
[2022-04-22T18:42:42.571+0800][gc,phases    ] GC(347)   Post Evacuate Collection Set: 1.4ms
[2022-04-22T18:42:42.571+0800][gc,phases    ] GC(347)   Other: 3.2ms
[2022-04-22T18:42:42.571+0800][gc,heap      ] GC(347) Eden regions: 57->0(57)
[2022-04-22T18:42:42.571+0800][gc,heap      ] GC(347) Survivor regions: 5->5(8)
[2022-04-22T18:42:42.571+0800][gc,heap      ] GC(347) Old regions: 227->227
[2022-04-22T18:42:42.571+0800][gc,heap      ] GC(347) Archive regions: 2->2
[2022-04-22T18:42:42.571+0800][gc,heap      ] GC(347) Humongous regions: 129->129
[2022-04-22T18:42:42.571+0800][gc,metaspace ] GC(347) Metaspace: 43637K->43637K(1089536K)
[2022-04-22T18:42:42.571+0800][gc           ] GC(347) Pause Young (Normal) (G1 Evacuation Pause) 417M->360M(1024M) 22.142ms
[2022-04-22T18:42:42.571+0800][gc,cpu       ] GC(347) User=0.04s Sys=0.04s Real=0.03s
[2022-04-22T18:43:02.653+0800][gc,start     ] GC(348) Pause Young (Normal) (G1 Evacuation Pause)
[2022-04-22T18:43:02.653+0800][gc,task      ] GC(348) Using 8 workers of 8 for evacuation
[2022-04-22T18:43:02.668+0800][gc,phases    ] GC(348)   Pre Evacuate Collection Set: 0.2ms
[2022-04-22T18:43:02.668+0800][gc,phases    ] GC(348)   Evacuate Collection Set: 12.5ms
[2022-04-22T18:43:02.668+0800][gc,phases    ] GC(348)   Post Evacuate Collection Set: 1.2ms
[2022-04-22T18:43:02.668+0800][gc,phases    ] GC(348)   Other: 1.4ms
[2022-04-22T18:43:02.668+0800][gc,heap      ] GC(348) Eden regions: 56->0(61)
[2022-04-22T18:43:02.668+0800][gc,heap      ] GC(348) Survivor regions: 5->6(8)
[2022-04-22T18:43:02.668+0800][gc,heap      ] GC(348) Old regions: 227->227
[2022-04-22T18:43:02.668+0800][gc,heap      ] GC(348) Archive regions: 2->2
[2022-04-22T18:43:02.668+0800][gc,heap      ] GC(348) Humongous regions: 129->129
[2022-04-22T18:43:02.668+0800][gc,metaspace ] GC(348) Metaspace: 43637K->43637K(1089536K)
[2022-04-22T18:43:02.668+0800][gc           ] GC(348) Pause Young (Normal) (G1 Evacuation Pause) 416M->361M(1024M) 15.576ms
[2022-04-22T18:43:02.668+0800][gc,cpu       ] GC(348) User=0.04s Sys=0.00s Real=0.01s
[2022-04-22T18:43:24.718+0800][gc,start     ] GC(349) Pause Young (Normal) (G1 Evacuation Pause)
[2022-04-22T18:43:24.718+0800][gc,task      ] GC(349) Using 8 workers of 8 for evacuation
[2022-04-22T18:43:24.760+0800][gc,mmu       ] GC(349) MMU target violated: 21.0ms (20.0ms/21.0ms)
[2022-04-22T18:43:24.760+0800][gc,phases    ] GC(349)   Pre Evacuate Collection Set: 0.1ms
[2022-04-22T18:43:24.760+0800][gc,phases    ] GC(349)   Evacuate Collection Set: 41.5ms
[2022-04-22T18:43:24.760+0800][gc,phases    ] GC(349)   Post Evacuate Collection Set: 0.3ms
[2022-04-22T18:43:24.760+0800][gc,phases    ] GC(349)   Other: 0.7ms
[2022-04-22T18:43:24.760+0800][gc,heap      ] GC(349) Eden regions: 61->0(45)
[2022-04-22T18:43:24.760+0800][gc,heap      ] GC(349) Survivor regions: 6->6(9)
[2022-04-22T18:43:24.760+0800][gc,heap      ] GC(349) Old regions: 227->227
[2022-04-22T18:43:24.761+0800][gc,heap      ] GC(349) Archive regions: 2->2
[2022-04-22T18:43:24.761+0800][gc,heap      ] GC(349) Humongous regions: 129->129
[2022-04-22T18:43:24.761+0800][gc,metaspace ] GC(349) Metaspace: 43637K->43637K(1089536K)
[2022-04-22T18:43:24.761+0800][gc           ] GC(349) Pause Young (Normal) (G1 Evacuation Pause) 422M->362M(1024M) 42.702ms
[2022-04-22T18:43:24.761+0800][gc,cpu       ] GC(349) User=0.03s Sys=0.04s Real=0.05s
[2022-04-22T18:43:40.904+0800][gc,start     ] GC(350) Pause Young (Normal) (G1 Evacuation Pause)
[2022-04-22T18:43:40.905+0800][gc,task      ] GC(350) Using 8 workers of 8 for evacuation
[2022-04-22T18:43:40.921+0800][gc,phases    ] GC(350)   Pre Evacuate Collection Set: 0.3ms
[2022-04-22T18:43:40.921+0800][gc,phases    ] GC(350)   Evacuate Collection Set: 13.3ms
[2022-04-22T18:43:40.921+0800][gc,phases    ] GC(350)   Post Evacuate Collection Set: 1.5ms
[2022-04-22T18:43:40.922+0800][gc,phases    ] GC(350)   Other: 2.1ms
[2022-04-22T18:43:40.922+0800][gc,heap      ] GC(350) Eden regions: 45->0(47)
[2022-04-22T18:43:40.922+0800][gc,heap      ] GC(350) Survivor regions: 6->4(7)
[2022-04-22T18:43:40.922+0800][gc,heap      ] GC(350) Old regions: 227->229
[2022-04-22T18:43:40.922+0800][gc,heap      ] GC(350) Archive regions: 2->2
[2022-04-22T18:43:40.922+0800][gc,heap      ] GC(350) Humongous regions: 129->129
[2022-04-22T18:43:40.922+0800][gc,metaspace ] GC(350) Metaspace: 43637K->43637K(1089536K)
[2022-04-22T18:43:40.922+0800][gc           ] GC(350) Pause Young (Normal) (G1 Evacuation Pause) 407M->362M(1024M) 17.433ms
[2022-04-22T18:43:40.922+0800][gc,cpu       ] GC(350) User=0.05s Sys=0.01s Real=0.02s
[2022-04-22T18:44:02.430+0800][gc,start     ] GC(351) Pause Young (Concurrent Start) (G1 Evacuation Pause)
[2022-04-22T18:44:02.431+0800][gc,task      ] GC(351) Using 8 workers of 8 for evacuation
[2022-04-22T18:44:02.462+0800][gc,mmu       ] GC(351) MMU target violated: 21.0ms (20.0ms/21.0ms)
[2022-04-22T18:44:02.462+0800][gc,phases    ] GC(351)   Pre Evacuate Collection Set: 0.5ms
[2022-04-22T18:44:02.462+0800][gc,phases    ] GC(351)   Evacuate Collection Set: 29.3ms
[2022-04-22T18:44:02.462+0800][gc,phases    ] GC(351)   Post Evacuate Collection Set: 0.4ms
[2022-04-22T18:44:02.463+0800][gc,phases    ] GC(351)   Other: 2.0ms
[2022-04-22T18:44:02.463+0800][gc,heap      ] GC(351) Eden regions: 47->0(50)
[2022-04-22T18:44:02.463+0800][gc,heap      ] GC(351) Survivor regions: 4->4(7)
[2022-04-22T18:44:02.463+0800][gc,heap      ] GC(351) Old regions: 229->229
[2022-04-22T18:44:02.463+0800][gc,heap      ] GC(351) Archive regions: 2->2
[2022-04-22T18:44:02.463+0800][gc,heap      ] GC(351) Humongous regions: 129->129
[2022-04-22T18:44:02.463+0800][gc,metaspace ] GC(351) Metaspace: 43637K->43637K(1089536K)
[2022-04-22T18:44:02.463+0800][gc           ] GC(351) Pause Young (Concurrent Start) (G1 Evacuation Pause) 409M->362M(1024M) 32.290ms
[2022-04-22T18:44:02.463+0800][gc,cpu       ] GC(351) User=0.03s Sys=0.03s Real=0.03s
[2022-04-22T18:44:02.464+0800][gc           ] GC(352) Concurrent Cycle
[2022-04-22T18:44:02.464+0800][gc,marking   ] GC(352) Concurrent Clear Claimed Marks
[2022-04-22T18:44:02.464+0800][gc,marking   ] GC(352) Concurrent Clear Claimed Marks 0.063ms
[2022-04-22T18:44:02.464+0800][gc,marking   ] GC(352) Concurrent Scan Root Regions
[2022-04-22T18:44:02.482+0800][gc,marking   ] GC(352) Concurrent Scan Root Regions 18.520ms
[2022-04-22T18:44:02.482+0800][gc,marking   ] GC(352) Concurrent Mark (42774.248s)
[2022-04-22T18:44:02.482+0800][gc,marking   ] GC(352) Concurrent Mark From Roots
[2022-04-22T18:44:02.482+0800][gc,task      ] GC(352) Using 2 workers of 2 for marking
[2022-04-22T18:44:02.648+0800][gc,marking   ] GC(352) Concurrent Mark From Roots 165.719ms
[2022-04-22T18:44:02.648+0800][gc,marking   ] GC(352) Concurrent Preclean
[2022-04-22T18:44:02.648+0800][gc,marking   ] GC(352) Concurrent Preclean 0.256ms
[2022-04-22T18:44:02.648+0800][gc,marking   ] GC(352) Concurrent Mark (42774.248s, 42774.414s) 166.059ms
[2022-04-22T18:44:02.653+0800][gc,start     ] GC(352) Pause Remark
[2022-04-22T18:44:03.156+0800][gc,mmu       ] GC(352) MMU target violated: 21.0ms (20.0ms/21.0ms)
[2022-04-22T18:44:03.156+0800][gc           ] GC(352) Pause Remark 363M->269M(1024M) 503.794ms
[2022-04-22T18:44:03.157+0800][gc,cpu       ] GC(352) User=0.05s Sys=0.17s Real=0.50s
[2022-04-22T18:44:03.157+0800][gc,marking   ] GC(352) Concurrent Rebuild Remembered Sets
[2022-04-22T18:44:03.262+0800][gc,marking   ] GC(352) Concurrent Rebuild Remembered Sets 105.646ms
[2022-04-22T18:44:03.266+0800][gc,start     ] GC(352) Pause Cleanup
[2022-04-22T18:44:03.267+0800][gc           ] GC(352) Pause Cleanup 269M->269M(1024M) 0.280ms
[2022-04-22T18:44:03.267+0800][gc,cpu       ] GC(352) User=0.00s Sys=0.00s Real=0.00s
[2022-04-22T18:44:03.267+0800][gc,marking   ] GC(352) Concurrent Cleanup for Next Mark
[2022-04-22T18:44:03.270+0800][gc,marking   ] GC(352) Concurrent Cleanup for Next Mark 3.524ms
[2022-04-22T18:44:03.270+0800][gc           ] GC(352) Concurrent Cycle 806.769ms
[2022-04-22T18:44:20.885+0800][gc,start     ] GC(353) Pause Young (Prepare Mixed) (G1 Evacuation Pause)
[2022-04-22T18:44:20.887+0800][gc,task      ] GC(353) Using 8 workers of 8 for evacuation
[2022-04-22T18:44:20.904+0800][gc,phases    ] GC(353)   Pre Evacuate Collection Set: 0.4ms
[2022-04-22T18:44:20.904+0800][gc,phases    ] GC(353)   Evacuate Collection Set: 14.6ms
[2022-04-22T18:44:20.904+0800][gc,phases    ] GC(353)   Post Evacuate Collection Set: 0.9ms
[2022-04-22T18:44:20.904+0800][gc,phases    ] GC(353)   Other: 3.0ms
[2022-04-22T18:44:20.904+0800][gc,heap      ] GC(353) Eden regions: 48->0(46)
[2022-04-22T18:44:20.904+0800][gc,heap      ] GC(353) Survivor regions: 4->5(7)
[2022-04-22T18:44:20.904+0800][gc,heap      ] GC(353) Old regions: 135->135
[2022-04-22T18:44:20.904+0800][gc,heap      ] GC(353) Archive regions: 2->2
[2022-04-22T18:44:20.904+0800][gc,heap      ] GC(353) Humongous regions: 129->129
[2022-04-22T18:44:20.904+0800][gc,metaspace ] GC(353) Metaspace: 43438K->43438K(1089536K)
[2022-04-22T18:44:20.905+0800][gc           ] GC(353) Pause Young (Prepare Mixed) (G1 Evacuation Pause) 316M->268M(1024M) 19.212ms
[2022-04-22T18:44:20.905+0800][gc,cpu       ] GC(353) User=0.05s Sys=0.01s Real=0.02s
[2022-04-22T18:44:37.612+0800][gc,start     ] GC(354) Pause Young (Mixed) (G1 Evacuation Pause)
[2022-04-22T18:44:37.613+0800][gc,task      ] GC(354) Using 8 workers of 8 for evacuation
[2022-04-22T18:44:37.642+0800][gc,mmu       ] GC(354) MMU target violated: 21.0ms (20.0ms/21.0ms)
[2022-04-22T18:44:37.643+0800][gc,phases    ] GC(354)   Pre Evacuate Collection Set: 0.3ms
[2022-04-22T18:44:37.643+0800][gc,phases    ] GC(354)   Evacuate Collection Set: 25.7ms
[2022-04-22T18:44:37.643+0800][gc,phases    ] GC(354)   Post Evacuate Collection Set: 3.0ms
[2022-04-22T18:44:37.643+0800][gc,phases    ] GC(354)   Other: 1.2ms
[2022-04-22T18:44:37.643+0800][gc,heap      ] GC(354) Eden regions: 46->0(47)
[2022-04-22T18:44:37.643+0800][gc,heap      ] GC(354) Survivor regions: 5->4(7)
[2022-04-22T18:44:37.643+0800][gc,heap      ] GC(354) Old regions: 135->120
[2022-04-22T18:44:37.643+0800][gc,heap      ] GC(354) Archive regions: 2->2
[2022-04-22T18:44:37.643+0800][gc,heap      ] GC(354) Humongous regions: 129->129
[2022-04-22T18:44:37.643+0800][gc,metaspace ] GC(354) Metaspace: 43438K->43438K(1089536K)
[2022-04-22T18:44:37.643+0800][gc           ] GC(354) Pause Young (Mixed) (G1 Evacuation Pause) 314M->253M(1024M) 30.275ms
[2022-04-22T18:44:37.643+0800][gc,cpu       ] GC(354) User=0.04s Sys=0.03s Real=0.03s
[2022-04-22T18:44:54.632+0800][gc,start     ] GC(355) Pause Young (Mixed) (G1 Evacuation Pause)
[2022-04-22T18:44:54.634+0800][gc,task      ] GC(355) Using 8 workers of 8 for evacuation
[2022-04-22T18:44:54.654+0800][gc,phases    ] GC(355)   Pre Evacuate Collection Set: 0.4ms
[2022-04-22T18:44:54.654+0800][gc,phases    ] GC(355)   Evacuate Collection Set: 14.8ms
[2022-04-22T18:44:54.654+0800][gc,phases    ] GC(355)   Post Evacuate Collection Set: 3.8ms
[2022-04-22T18:44:54.654+0800][gc,phases    ] GC(355)   Other: 3.3ms
[2022-04-22T18:44:54.654+0800][gc,heap      ] GC(355) Eden regions: 47->0(47)
[2022-04-22T18:44:54.654+0800][gc,heap      ] GC(355) Survivor regions: 4->4(7)
[2022-04-22T18:44:54.654+0800][gc,heap      ] GC(355) Old regions: 120->104
[2022-04-22T18:44:54.654+0800][gc,heap      ] GC(355) Archive regions: 2->2
[2022-04-22T18:44:54.654+0800][gc,heap      ] GC(355) Humongous regions: 129->129
[2022-04-22T18:44:54.654+0800][gc,metaspace ] GC(355) Metaspace: 43438K->43438K(1089536K)
[2022-04-22T18:44:54.654+0800][gc           ] GC(355) Pause Young (Mixed) (G1 Evacuation Pause) 300M->237M(1024M) 22.262ms
[2022-04-22T18:44:54.654+0800][gc,cpu       ] GC(355) User=0.04s Sys=0.02s Real=0.02s
[2022-04-22T18:45:11.498+0800][gc,start     ] GC(356) Pause Young (Mixed) (G1 Evacuation Pause)
[2022-04-22T18:45:11.499+0800][gc,task      ] GC(356) Using 8 workers of 8 for evacuation
[2022-04-22T18:45:11.523+0800][gc,mmu       ] GC(356) MMU target violated: 21.0ms (20.0ms/21.0ms)
[2022-04-22T18:45:11.523+0800][gc,phases    ] GC(356)   Pre Evacuate Collection Set: 0.2ms
[2022-04-22T18:45:11.523+0800][gc,phases    ] GC(356)   Evacuate Collection Set: 22.1ms
[2022-04-22T18:45:11.523+0800][gc,phases    ] GC(356)   Post Evacuate Collection Set: 1.1ms
[2022-04-22T18:45:11.523+0800][gc,phases    ] GC(356)   Other: 1.1ms
[2022-04-22T18:45:11.523+0800][gc,heap      ] GC(356) Eden regions: 47->0(45)
[2022-04-22T18:45:11.523+0800][gc,heap      ] GC(356) Survivor regions: 4->6(7)
[2022-04-22T18:45:11.523+0800][gc,heap      ] GC(356) Old regions: 104->88
[2022-04-22T18:45:11.523+0800][gc,heap      ] GC(356) Archive regions: 2->2
[2022-04-22T18:45:11.523+0800][gc,heap      ] GC(356) Humongous regions: 129->129
[2022-04-22T18:45:11.523+0800][gc,metaspace ] GC(356) Metaspace: 43438K->43438K(1089536K)
[2022-04-22T18:45:11.523+0800][gc           ] GC(356) Pause Young (Mixed) (G1 Evacuation Pause) 284M->222M(1024M) 24.547ms
[2022-04-22T18:45:11.523+0800][gc,cpu       ] GC(356) User=0.05s Sys=0.02s Real=0.03s
[2022-04-22T18:45:27.523+0800][gc,start     ] GC(357) Pause Young (Mixed) (G1 Evacuation Pause)
[2022-04-22T18:45:27.524+0800][gc,task      ] GC(357) Using 8 workers of 8 for evacuation
[2022-04-22T18:45:27.554+0800][gc,mmu       ] GC(357) MMU target violated: 21.0ms (20.0ms/21.0ms)
[2022-04-22T18:45:27.554+0800][gc,phases    ] GC(357)   Pre Evacuate Collection Set: 0.4ms
[2022-04-22T18:45:27.554+0800][gc,phases    ] GC(357)   Evacuate Collection Set: 26.9ms
[2022-04-22T18:45:27.554+0800][gc,phases    ] GC(357)   Post Evacuate Collection Set: 1.6ms
[2022-04-22T18:45:27.554+0800][gc,phases    ] GC(357)   Other: 1.7ms
[2022-04-22T18:45:27.554+0800][gc,heap      ] GC(357) Eden regions: 45->0(47)
[2022-04-22T18:45:27.554+0800][gc,heap      ] GC(357) Survivor regions: 6->4(7)
[2022-04-22T18:45:27.554+0800][gc,heap      ] GC(357) Old regions: 88->74
[2022-04-22T18:45:27.554+0800][gc,heap      ] GC(357) Archive regions: 2->2
[2022-04-22T18:45:27.554+0800][gc,heap      ] GC(357) Humongous regions: 129->129
[2022-04-22T18:45:27.554+0800][gc,metaspace ] GC(357) Metaspace: 43438K->43438K(1089536K)
[2022-04-22T18:45:27.554+0800][gc           ] GC(357) Pause Young (Mixed) (G1 Evacuation Pause) 267M->207M(1024M) 30.684ms
[2022-04-22T18:45:27.554+0800][gc,cpu       ] GC(357) User=0.04s Sys=0.03s Real=0.03s
[2022-04-22T18:45:44.397+0800][gc,start     ] GC(358) Pause Young (Mixed) (G1 Evacuation Pause)
[2022-04-22T18:45:44.398+0800][gc,task      ] GC(358) Using 8 workers of 8 for evacuation
[2022-04-22T18:45:44.431+0800][gc,mmu       ] GC(358) MMU target violated: 21.0ms (20.0ms/21.0ms)
[2022-04-22T18:45:44.432+0800][gc,phases    ] GC(358)   Pre Evacuate Collection Set: 0.6ms
[2022-04-22T18:45:44.432+0800][gc,phases    ] GC(358)   Evacuate Collection Set: 29.0ms
[2022-04-22T18:45:44.432+0800][gc,phases    ] GC(358)   Post Evacuate Collection Set: 2.5ms
[2022-04-22T18:45:44.432+0800][gc,phases    ] GC(358)   Other: 2.9ms
[2022-04-22T18:45:44.432+0800][gc,heap      ] GC(358) Eden regions: 47->0(47)
[2022-04-22T18:45:44.432+0800][gc,heap      ] GC(358) Survivor regions: 4->4(7)
[2022-04-22T18:45:44.432+0800][gc,heap      ] GC(358) Old regions: 74->59
[2022-04-22T18:45:44.432+0800][gc,heap      ] GC(358) Archive regions: 2->2
[2022-04-22T18:45:44.432+0800][gc,heap      ] GC(358) Humongous regions: 129->129
[2022-04-22T18:45:44.432+0800][gc,metaspace ] GC(358) Metaspace: 43438K->43438K(1089536K)
[2022-04-22T18:45:44.432+0800][gc           ] GC(358) Pause Young (Mixed) (G1 Evacuation Pause) 254M->191M(1024M) 35.141ms
[2022-04-22T18:45:44.432+0800][gc,cpu       ] GC(358) User=0.04s Sys=0.02s Real=0.04s
[2022-04-22T18:46:01.254+0800][gc,start     ] GC(359) Pause Young (Normal) (G1 Evacuation Pause)
[2022-04-22T18:46:01.254+0800][gc,task      ] GC(359) Using 8 workers of 8 for evacuation
[2022-04-22T18:46:01.267+0800][gc,phases    ] GC(359)   Pre Evacuate Collection Set: 0.1ms
[2022-04-22T18:46:01.267+0800][gc,phases    ] GC(359)   Evacuate Collection Set: 11.9ms
[2022-04-22T18:46:01.267+0800][gc,phases    ] GC(359)   Post Evacuate Collection Set: 0.7ms
[2022-04-22T18:46:01.267+0800][gc,phases    ] GC(359)   Other: 0.6ms
[2022-04-22T18:46:01.267+0800][gc,heap      ] GC(359) Eden regions: 47->0(48)
[2022-04-22T18:46:01.267+0800][gc,heap      ] GC(359) Survivor regions: 4->4(7)
[2022-04-22T18:46:01.267+0800][gc,heap      ] GC(359) Old regions: 59->59
[2022-04-22T18:46:01.267+0800][gc,heap      ] GC(359) Archive regions: 2->2
[2022-04-22T18:46:01.267+0800][gc,heap      ] GC(359) Humongous regions: 129->129
[2022-04-22T18:46:01.267+0800][gc,metaspace ] GC(359) Metaspace: 43438K->43438K(1089536K)
[2022-04-22T18:46:01.267+0800][gc           ] GC(359) Pause Young (Normal) (G1 Evacuation Pause) 238M->191M(1024M) 13.444ms
[2022-04-22T18:46:01.267+0800][gc,cpu       ] GC(359) User=0.03s Sys=0.00s Real=0.01s
[2022-04-22T18:46:18.761+0800][gc,start     ] GC(360) Pause Young (Normal) (G1 Evacuation Pause)
[2022-04-22T18:46:18.761+0800][gc,task      ] GC(360) Using 8 workers of 8 for evacuation
[2022-04-22T18:46:18.792+0800][gc,mmu       ] GC(360) MMU target violated: 21.0ms (20.0ms/21.0ms)
[2022-04-22T18:46:18.792+0800][gc,phases    ] GC(360)   Pre Evacuate Collection Set: 0.1ms
[2022-04-22T18:46:18.792+0800][gc,phases    ] GC(360)   Evacuate Collection Set: 29.5ms
[2022-04-22T18:46:18.792+0800][gc,phases    ] GC(360)   Post Evacuate Collection Set: 0.5ms
[2022-04-22T18:46:18.792+0800][gc,phases    ] GC(360)   Other: 1.0ms
[2022-04-22T18:46:18.792+0800][gc,heap      ] GC(360) Eden regions: 48->0(47)
[2022-04-22T18:46:18.792+0800][gc,heap      ] GC(360) Survivor regions: 4->4(7)
[2022-04-22T18:46:18.792+0800][gc,heap      ] GC(360) Old regions: 59->59
[2022-04-22T18:46:18.792+0800][gc,heap      ] GC(360) Archive regions: 2->2
[2022-04-22T18:46:18.792+0800][gc,heap      ] GC(360) Humongous regions: 129->129
[2022-04-22T18:46:18.792+0800][gc,metaspace ] GC(360) Metaspace: 43438K->43438K(1089536K)
[2022-04-22T18:46:18.792+0800][gc           ] GC(360) Pause Young (Normal) (G1 Evacuation Pause) 239M->192M(1024M) 31.316ms
[2022-04-22T18:46:18.792+0800][gc,cpu       ] GC(360) User=0.04s Sys=0.01s Real=0.03s
[2022-04-22T18:46:35.878+0800][gc,start     ] GC(361) Pause Young (Normal) (G1 Evacuation Pause)
[2022-04-22T18:46:35.879+0800][gc,task      ] GC(361) Using 8 workers of 8 for evacuation
[2022-04-22T18:46:35.892+0800][gc,phases    ] GC(361)   Pre Evacuate Collection Set: 0.2ms
[2022-04-22T18:46:35.892+0800][gc,phases    ] GC(361)   Evacuate Collection Set: 11.6ms
[2022-04-22T18:46:35.892+0800][gc,phases    ] GC(361)   Post Evacuate Collection Set: 0.6ms
[2022-04-22T18:46:35.892+0800][gc,phases    ] GC(361)   Other: 2.4ms
[2022-04-22T18:46:35.892+0800][gc,heap      ] GC(361) Eden regions: 47->0(49)
[2022-04-22T18:46:35.892+0800][gc,heap      ] GC(361) Survivor regions: 4->5(7)
[2022-04-22T18:46:35.892+0800][gc,heap      ] GC(361) Old regions: 59->59
[2022-04-22T18:46:35.892+0800][gc,heap      ] GC(361) Archive regions: 2->2
[2022-04-22T18:46:35.892+0800][gc,heap      ] GC(361) Humongous regions: 129->129
[2022-04-22T18:46:35.892+0800][gc,metaspace ] GC(361) Metaspace: 43438K->43438K(1089536K)
[2022-04-22T18:46:35.892+0800][gc           ] GC(361) Pause Young (Normal) (G1 Evacuation Pause) 239M->192M(1024M) 14.969ms
[2022-04-22T18:46:35.893+0800][gc,cpu       ] GC(361) User=0.04s Sys=0.01s Real=0.02s
[2022-04-22T18:46:53.839+0800][gc,start     ] GC(362) Pause Young (Normal) (G1 Evacuation Pause)
[2022-04-22T18:46:53.839+0800][gc,task      ] GC(362) Using 8 workers of 8 for evacuation
[2022-04-22T18:46:53.873+0800][gc,mmu       ] GC(362) MMU target violated: 21.0ms (20.0ms/21.0ms)
[2022-04-22T18:46:53.873+0800][gc,phases    ] GC(362)   Pre Evacuate Collection Set: 0.3ms
[2022-04-22T18:46:53.873+0800][gc,phases    ] GC(362)   Evacuate Collection Set: 32.2ms
[2022-04-22T18:46:53.873+0800][gc,phases    ] GC(362)   Post Evacuate Collection Set: 0.3ms
[2022-04-22T18:46:53.873+0800][gc,phases    ] GC(362)   Other: 1.3ms
[2022-04-22T18:46:53.873+0800][gc,heap      ] GC(362) Eden regions: 49->0(46)
[2022-04-22T18:46:53.873+0800][gc,heap      ] GC(362) Survivor regions: 5->5(7)
[2022-04-22T18:46:53.873+0800][gc,heap      ] GC(362) Old regions: 59->59
[2022-04-22T18:46:53.873+0800][gc,heap      ] GC(362) Archive regions: 2->2
[2022-04-22T18:46:53.873+0800][gc,heap      ] GC(362) Humongous regions: 129->129
[2022-04-22T18:46:53.873+0800][gc,metaspace ] GC(362) Metaspace: 43438K->43438K(1089536K)
[2022-04-22T18:46:53.873+0800][gc           ] GC(362) Pause Young (Normal) (G1 Evacuation Pause) 241M->193M(1024M) 34.187ms
[2022-04-22T18:46:53.873+0800][gc,cpu       ] GC(362) User=0.04s Sys=0.03s Real=0.04s
[2022-04-22T18:47:10.481+0800][gc,start     ] GC(363) Pause Young (Normal) (G1 Evacuation Pause)
[2022-04-22T18:47:10.482+0800][gc,task      ] GC(363) Using 8 workers of 8 for evacuation
[2022-04-22T18:47:10.499+0800][gc,phases    ] GC(363)   Pre Evacuate Collection Set: 0.3ms
[2022-04-22T18:47:10.499+0800][gc,phases    ] GC(363)   Evacuate Collection Set: 14.9ms
[2022-04-22T18:47:10.499+0800][gc,phases    ] GC(363)   Post Evacuate Collection Set: 0.7ms
[2022-04-22T18:47:10.499+0800][gc,phases    ] GC(363)   Other: 2.0ms
[2022-04-22T18:47:10.499+0800][gc,heap      ] GC(363) Eden regions: 46->0(47)
[2022-04-22T18:47:10.499+0800][gc,heap      ] GC(363) Survivor regions: 5->4(7)
[2022-04-22T18:47:10.499+0800][gc,heap      ] GC(363) Old regions: 59->60
[2022-04-22T18:47:10.499+0800][gc,heap      ] GC(363) Archive regions: 2->2
[2022-04-22T18:47:10.499+0800][gc,heap      ] GC(363) Humongous regions: 129->129
[2022-04-22T18:47:10.499+0800][gc,metaspace ] GC(363) Metaspace: 43438K->43438K(1089536K)
[2022-04-22T18:47:10.499+0800][gc           ] GC(363) Pause Young (Normal) (G1 Evacuation Pause) 239M->193M(1024M) 18.115ms
[2022-04-22T18:47:10.499+0800][gc,cpu       ] GC(363) User=0.05s Sys=0.01s Real=0.01s
[2022-04-22T18:47:27.503+0800][gc,start     ] GC(364) Pause Young (Normal) (G1 Evacuation Pause)
[2022-04-22T18:47:27.504+0800][gc,task      ] GC(364) Using 8 workers of 8 for evacuation
[2022-04-22T18:47:27.517+0800][gc,phases    ] GC(364)   Pre Evacuate Collection Set: 0.1ms
[2022-04-22T18:47:27.518+0800][gc,phases    ] GC(364)   Evacuate Collection Set: 12.6ms
[2022-04-22T18:47:27.518+0800][gc,phases    ] GC(364)   Post Evacuate Collection Set: 0.5ms
[2022-04-22T18:47:27.518+0800][gc,phases    ] GC(364)   Other: 1.4ms
[2022-04-22T18:47:27.518+0800][gc,heap      ] GC(364) Eden regions: 47->0(47)
[2022-04-22T18:47:27.518+0800][gc,heap      ] GC(364) Survivor regions: 4->6(7)
[2022-04-22T18:47:27.518+0800][gc,heap      ] GC(364) Old regions: 60->60
[2022-04-22T18:47:27.518+0800][gc,heap      ] GC(364) Archive regions: 2->2
[2022-04-22T18:47:27.518+0800][gc,heap      ] GC(364) Humongous regions: 129->129
[2022-04-22T18:47:27.518+0800][gc,metaspace ] GC(364) Metaspace: 43438K->43438K(1089536K)
[2022-04-22T18:47:27.518+0800][gc           ] GC(364) Pause Young (Normal) (G1 Evacuation Pause) 240M->194M(1024M) 14.934ms
[2022-04-22T18:47:27.518+0800][gc,cpu       ] GC(364) User=0.05s Sys=0.00s Real=0.01s
[2022-04-22T18:47:44.207+0800][gc,start     ] GC(365) Pause Young (Normal) (G1 Evacuation Pause)
[2022-04-22T18:47:44.210+0800][gc,task      ] GC(365) Using 8 workers of 8 for evacuation
[2022-04-22T18:47:44.259+0800][gc,mmu       ] GC(365) MMU target violated: 21.0ms (20.0ms/21.0ms)
[2022-04-22T18:47:44.259+0800][gc,phases    ] GC(365)   Pre Evacuate Collection Set: 0.2ms
[2022-04-22T18:47:44.259+0800][gc,phases    ] GC(365)   Evacuate Collection Set: 46.6ms
[2022-04-22T18:47:44.259+0800][gc,phases    ] GC(365)   Post Evacuate Collection Set: 1.0ms
[2022-04-22T18:47:44.259+0800][gc,phases    ] GC(365)   Other: 4.9ms
[2022-04-22T18:47:44.259+0800][gc,heap      ] GC(365) Eden regions: 46->0(47)
[2022-04-22T18:47:44.259+0800][gc,heap      ] GC(365) Survivor regions: 6->4(7)
[2022-04-22T18:47:44.259+0800][gc,heap      ] GC(365) Old regions: 60->62
[2022-04-22T18:47:44.259+0800][gc,heap      ] GC(365) Archive regions: 2->2
[2022-04-22T18:47:44.259+0800][gc,heap      ] GC(365) Humongous regions: 129->129
[2022-04-22T18:47:44.259+0800][gc,metaspace ] GC(365) Metaspace: 43438K->43438K(1089536K)
[2022-04-22T18:47:44.259+0800][gc           ] GC(365) Pause Young (Normal) (G1 Evacuation Pause) 240M->195M(1024M) 51.764ms
[2022-04-22T18:47:44.259+0800][gc,cpu       ] GC(365) User=0.05s Sys=0.03s Real=0.05s
[2022-04-22T18:48:01.287+0800][gc,start     ] GC(366) Pause Young (Normal) (G1 Evacuation Pause)
[2022-04-22T18:48:01.287+0800][gc,task      ] GC(366) Using 8 workers of 8 for evacuation
[2022-04-22T18:48:01.314+0800][gc,mmu       ] GC(366) MMU target violated: 21.0ms (20.0ms/21.0ms)
[2022-04-22T18:48:01.314+0800][gc,phases    ] GC(366)   Pre Evacuate Collection Set: 0.2ms
[2022-04-22T18:48:01.314+0800][gc,phases    ] GC(366)   Evacuate Collection Set: 23.5ms
[2022-04-22T18:48:01.314+0800][gc,phases    ] GC(366)   Post Evacuate Collection Set: 1.2ms
[2022-04-22T18:48:01.314+0800][gc,phases    ] GC(366)   Other: 2.5ms
[2022-04-22T18:48:01.314+0800][gc,heap      ] GC(366) Eden regions: 47->0(47)
[2022-04-22T18:48:01.314+0800][gc,heap      ] GC(366) Survivor regions: 4->4(7)
[2022-04-22T18:48:01.314+0800][gc,heap      ] GC(366) Old regions: 62->62
[2022-04-22T18:48:01.314+0800][gc,heap      ] GC(366) Archive regions: 2->2
[2022-04-22T18:48:01.314+0800][gc,heap      ] GC(366) Humongous regions: 129->129
[2022-04-22T18:48:01.314+0800][gc,metaspace ] GC(366) Metaspace: 43438K->43438K(1089536K)
[2022-04-22T18:48:01.314+0800][gc           ] GC(366) Pause Young (Normal) (G1 Evacuation Pause) 242M->195M(1024M) 27.579ms
[2022-04-22T18:48:01.314+0800][gc,cpu       ] GC(366) User=0.05s Sys=0.03s Real=0.03s
[2022-04-22T18:48:18.176+0800][gc,start     ] GC(367) Pause Young (Normal) (G1 Evacuation Pause)
[2022-04-22T18:48:18.178+0800][gc,task      ] GC(367) Using 8 workers of 8 for evacuation
[2022-04-22T18:48:18.192+0800][gc,phases    ] GC(367)   Pre Evacuate Collection Set: 0.3ms
[2022-04-22T18:48:18.193+0800][gc,phases    ] GC(367)   Evacuate Collection Set: 12.6ms
[2022-04-22T18:48:18.193+0800][gc,phases    ] GC(367)   Post Evacuate Collection Set: 0.6ms
[2022-04-22T18:48:18.193+0800][gc,phases    ] GC(367)   Other: 3.0ms
[2022-04-22T18:48:18.193+0800][gc,heap      ] GC(367) Eden regions: 47->0(47)
[2022-04-22T18:48:18.193+0800][gc,heap      ] GC(367) Survivor regions: 4->4(7)
[2022-04-22T18:48:18.193+0800][gc,heap      ] GC(367) Old regions: 62->63
[2022-04-22T18:48:18.193+0800][gc,heap      ] GC(367) Archive regions: 2->2
[2022-04-22T18:48:18.193+0800][gc,heap      ] GC(367) Humongous regions: 129->129
[2022-04-22T18:48:18.193+0800][gc,metaspace ] GC(367) Metaspace: 43438K->43438K(1089536K)
[2022-04-22T18:48:18.193+0800][gc           ] GC(367) Pause Young (Normal) (G1 Evacuation Pause) 242M->195M(1024M) 16.787ms
[2022-04-22T18:48:18.193+0800][gc,cpu       ] GC(367) User=0.04s Sys=0.00s Real=0.02s
[2022-04-22T18:48:38.303+0800][gc,start     ] GC(368) Pause Young (Normal) (G1 Evacuation Pause)
[2022-04-22T18:48:38.303+0800][gc,task      ] GC(368) Using 8 workers of 8 for evacuation
[2022-04-22T18:48:38.319+0800][gc,phases    ] GC(368)   Pre Evacuate Collection Set: 0.2ms
[2022-04-22T18:48:38.319+0800][gc,phases    ] GC(368)   Evacuate Collection Set: 13.6ms
[2022-04-22T18:48:38.319+0800][gc,phases    ] GC(368)   Post Evacuate Collection Set: 0.7ms
[2022-04-22T18:48:38.319+0800][gc,phases    ] GC(368)   Other: 1.6ms
[2022-04-22T18:48:38.319+0800][gc,heap      ] GC(368) Eden regions: 47->0(47)
[2022-04-22T18:48:38.319+0800][gc,heap      ] GC(368) Survivor regions: 4->4(7)
[2022-04-22T18:48:38.319+0800][gc,heap      ] GC(368) Old regions: 63->63
[2022-04-22T18:48:38.319+0800][gc,heap      ] GC(368) Archive regions: 2->2
[2022-04-22T18:48:38.319+0800][gc,heap      ] GC(368) Humongous regions: 129->129
[2022-04-22T18:48:38.319+0800][gc,metaspace ] GC(368) Metaspace: 43438K->43438K(1089536K)
[2022-04-22T18:48:38.319+0800][gc           ] GC(368) Pause Young (Normal) (G1 Evacuation Pause) 242M->195M(1024M) 15.943ms
[2022-04-22T18:48:38.319+0800][gc,cpu       ] GC(368) User=0.05s Sys=0.00s Real=0.01s
[2022-04-22T18:48:55.338+0800][gc,start     ] GC(369) Pause Young (Normal) (G1 Evacuation Pause)
[2022-04-22T18:48:55.339+0800][gc,task      ] GC(369) Using 8 workers of 8 for evacuation
[2022-04-22T18:48:55.360+0800][gc,mmu       ] GC(369) MMU target violated: 20.5ms (20.0ms/21.0ms)
[2022-04-22T18:48:55.360+0800][gc,phases    ] GC(369)   Pre Evacuate Collection Set: 0.4ms
[2022-04-22T18:48:55.360+0800][gc,phases    ] GC(369)   Evacuate Collection Set: 17.8ms
[2022-04-22T18:48:55.360+0800][gc,phases    ] GC(369)   Post Evacuate Collection Set: 1.4ms
[2022-04-22T18:48:55.360+0800][gc,phases    ] GC(369)   Other: 2.7ms
[2022-04-22T18:48:55.360+0800][gc,heap      ] GC(369) Eden regions: 47->0(47)
[2022-04-22T18:48:55.360+0800][gc,heap      ] GC(369) Survivor regions: 4->4(7)
[2022-04-22T18:48:55.360+0800][gc,heap      ] GC(369) Old regions: 63->63
[2022-04-22T18:48:55.360+0800][gc,heap      ] GC(369) Archive regions: 2->2
[2022-04-22T18:48:55.360+0800][gc,heap      ] GC(369) Humongous regions: 129->129
[2022-04-22T18:48:55.360+0800][gc,metaspace ] GC(369) Metaspace: 43438K->43438K(1089536K)
[2022-04-22T18:48:55.360+0800][gc           ] GC(369) Pause Young (Normal) (G1 Evacuation Pause) 242M->196M(1024M) 22.376ms
[2022-04-22T18:48:55.360+0800][gc,cpu       ] GC(369) User=0.04s Sys=0.02s Real=0.03s
[2022-04-22T18:49:12.339+0800][gc,start     ] GC(370) Pause Young (Normal) (G1 Evacuation Pause)
[2022-04-22T18:49:12.340+0800][gc,task      ] GC(370) Using 8 workers of 8 for evacuation
[2022-04-22T18:49:12.355+0800][gc,phases    ] GC(370)   Pre Evacuate Collection Set: 0.3ms
[2022-04-22T18:49:12.355+0800][gc,phases    ] GC(370)   Evacuate Collection Set: 13.0ms
[2022-04-22T18:49:12.355+0800][gc,phases    ] GC(370)   Post Evacuate Collection Set: 1.0ms
[2022-04-22T18:49:12.355+0800][gc,phases    ] GC(370)   Other: 1.2ms
[2022-04-22T18:49:12.355+0800][gc,heap      ] GC(370) Eden regions: 47->0(49)
[2022-04-22T18:49:12.355+0800][gc,heap      ] GC(370) Survivor regions: 4->4(7)
[2022-04-22T18:49:12.355+0800][gc,heap      ] GC(370) Old regions: 63->63
[2022-04-22T18:49:12.355+0800][gc,heap      ] GC(370) Archive regions: 2->2
[2022-04-22T18:49:12.355+0800][gc,heap      ] GC(370) Humongous regions: 129->129
[2022-04-22T18:49:12.355+0800][gc,metaspace ] GC(370) Metaspace: 43438K->43438K(1089536K)
[2022-04-22T18:49:12.355+0800][gc           ] GC(370) Pause Young (Normal) (G1 Evacuation Pause) 243M->196M(1024M) 15.511ms
[2022-04-22T18:49:12.355+0800][gc,cpu       ] GC(370) User=0.05s Sys=0.00s Real=0.02s
[2022-04-22T18:49:30.149+0800][gc,start     ] GC(371) Pause Young (Normal) (G1 Evacuation Pause)
[2022-04-22T18:49:30.150+0800][gc,task      ] GC(371) Using 8 workers of 8 for evacuation
[2022-04-22T18:49:30.166+0800][gc,phases    ] GC(371)   Pre Evacuate Collection Set: 0.1ms
[2022-04-22T18:49:30.166+0800][gc,phases    ] GC(371)   Evacuate Collection Set: 15.0ms
[2022-04-22T18:49:30.166+0800][gc,phases    ] GC(371)   Post Evacuate Collection Set: 0.5ms
[2022-04-22T18:49:30.166+0800][gc,phases    ] GC(371)   Other: 1.3ms
[2022-04-22T18:49:30.166+0800][gc,heap      ] GC(371) Eden regions: 49->0(50)
[2022-04-22T18:49:30.166+0800][gc,heap      ] GC(371) Survivor regions: 4->5(7)
[2022-04-22T18:49:30.166+0800][gc,heap      ] GC(371) Old regions: 63->63
[2022-04-22T18:49:30.166+0800][gc,heap      ] GC(371) Archive regions: 2->2
[2022-04-22T18:49:30.166+0800][gc,heap      ] GC(371) Humongous regions: 129->129
[2022-04-22T18:49:30.166+0800][gc,metaspace ] GC(371) Metaspace: 43438K->43438K(1089536K)
[2022-04-22T18:49:30.166+0800][gc           ] GC(371) Pause Young (Normal) (G1 Evacuation Pause) 245M->196M(1024M) 17.261ms
[2022-04-22T18:49:30.166+0800][gc,cpu       ] GC(371) User=0.05s Sys=0.01s Real=0.02s
[2022-04-22T18:49:48.192+0800][gc,start     ] GC(372) Pause Young (Normal) (G1 Evacuation Pause)
[2022-04-22T18:49:48.194+0800][gc,task      ] GC(372) Using 8 workers of 8 for evacuation
[2022-04-22T18:49:48.225+0800][gc,mmu       ] GC(372) MMU target violated: 21.0ms (20.0ms/21.0ms)
[2022-04-22T18:49:48.225+0800][gc,phases    ] GC(372)   Pre Evacuate Collection Set: 0.4ms
[2022-04-22T18:49:48.225+0800][gc,phases    ] GC(372)   Evacuate Collection Set: 20.0ms
[2022-04-22T18:49:48.225+0800][gc,phases    ] GC(372)   Post Evacuate Collection Set: 9.4ms
[2022-04-22T18:49:48.226+0800][gc,phases    ] GC(372)   Other: 3.2ms
[2022-04-22T18:49:48.226+0800][gc,heap      ] GC(372) Eden regions: 50->0(49)
[2022-04-22T18:49:48.226+0800][gc,heap      ] GC(372) Survivor regions: 5->5(7)
[2022-04-22T18:49:48.226+0800][gc,heap      ] GC(372) Old regions: 63->64
[2022-04-22T18:49:48.226+0800][gc,heap      ] GC(372) Archive regions: 2->2
[2022-04-22T18:49:48.226+0800][gc,heap      ] GC(372) Humongous regions: 129->129
[2022-04-22T18:49:48.226+0800][gc,metaspace ] GC(372) Metaspace: 43438K->43438K(1089536K)
[2022-04-22T18:49:48.226+0800][gc           ] GC(372) Pause Young (Normal) (G1 Evacuation Pause) 246M->197M(1024M) 33.661ms
[2022-04-22T18:49:48.226+0800][gc,cpu       ] GC(372) User=0.05s Sys=0.04s Real=0.03s
[2022-04-22T18:50:05.797+0800][gc,start     ] GC(373) Pause Young (Normal) (G1 Evacuation Pause)
[2022-04-22T18:50:05.798+0800][gc,task      ] GC(373) Using 8 workers of 8 for evacuation
[2022-04-22T18:50:05.824+0800][gc,mmu       ] GC(373) MMU target violated: 21.0ms (20.0ms/21.0ms)
[2022-04-22T18:50:05.824+0800][gc,phases    ] GC(373)   Pre Evacuate Collection Set: 0.3ms
[2022-04-22T18:50:05.824+0800][gc,phases    ] GC(373)   Evacuate Collection Set: 25.2ms
[2022-04-22T18:50:05.824+0800][gc,phases    ] GC(373)   Post Evacuate Collection Set: 0.5ms
[2022-04-22T18:50:05.825+0800][gc,phases    ] GC(373)   Other: 1.5ms
[2022-04-22T18:50:05.825+0800][gc,heap      ] GC(373) Eden regions: 48->0(47)
[2022-04-22T18:50:05.825+0800][gc,heap      ] GC(373) Survivor regions: 5->4(7)
[2022-04-22T18:50:05.825+0800][gc,heap      ] GC(373) Old regions: 64->65
[2022-04-22T18:50:05.825+0800][gc,heap      ] GC(373) Archive regions: 2->2
[2022-04-22T18:50:05.825+0800][gc,heap      ] GC(373) Humongous regions: 129->129
[2022-04-22T18:50:05.825+0800][gc,metaspace ] GC(373) Metaspace: 43438K->43438K(1089536K)
[2022-04-22T18:50:05.825+0800][gc           ] GC(373) Pause Young (Normal) (G1 Evacuation Pause) 245M->197M(1024M) 27.754ms
[2022-04-22T18:50:05.825+0800][gc,cpu       ] GC(373) User=0.05s Sys=0.01s Real=0.03s
[2022-04-22T18:50:23.144+0800][gc,start     ] GC(374) Pause Young (Normal) (G1 Evacuation Pause)
[2022-04-22T18:50:23.145+0800][gc,task      ] GC(374) Using 8 workers of 8 for evacuation
[2022-04-22T18:50:23.159+0800][gc,phases    ] GC(374)   Pre Evacuate Collection Set: 0.3ms
[2022-04-22T18:50:23.159+0800][gc,phases    ] GC(374)   Evacuate Collection Set: 13.5ms
[2022-04-22T18:50:23.160+0800][gc,phases    ] GC(374)   Post Evacuate Collection Set: 0.5ms
[2022-04-22T18:50:23.160+0800][gc,phases    ] GC(374)   Other: 1.3ms
[2022-04-22T18:50:23.160+0800][gc,heap      ] GC(374) Eden regions: 47->0(50)
[2022-04-22T18:50:23.160+0800][gc,heap      ] GC(374) Survivor regions: 4->4(7)
[2022-04-22T18:50:23.160+0800][gc,heap      ] GC(374) Old regions: 65->65
[2022-04-22T18:50:23.160+0800][gc,heap      ] GC(374) Archive regions: 2->2
[2022-04-22T18:50:23.160+0800][gc,heap      ] GC(374) Humongous regions: 129->129
[2022-04-22T18:50:23.160+0800][gc,metaspace ] GC(374) Metaspace: 43438K->43438K(1089536K)
[2022-04-22T18:50:23.160+0800][gc           ] GC(374) Pause Young (Normal) (G1 Evacuation Pause) 244M->198M(1024M) 15.711ms
[2022-04-22T18:50:23.160+0800][gc,cpu       ] GC(374) User=0.04s Sys=0.01s Real=0.02s
[2022-04-22T18:50:41.512+0800][gc,start     ] GC(375) Pause Young (Normal) (G1 Evacuation Pause)
[2022-04-22T18:50:41.512+0800][gc,task      ] GC(375) Using 8 workers of 8 for evacuation
[2022-04-22T18:50:41.528+0800][gc,phases    ] GC(375)   Pre Evacuate Collection Set: 0.2ms
[2022-04-22T18:50:41.528+0800][gc,phases    ] GC(375)   Evacuate Collection Set: 14.9ms
[2022-04-22T18:50:41.528+0800][gc,phases    ] GC(375)   Post Evacuate Collection Set: 0.4ms
[2022-04-22T18:50:41.528+0800][gc,phases    ] GC(375)   Other: 1.2ms
[2022-04-22T18:50:41.528+0800][gc,heap      ] GC(375) Eden regions: 50->0(52)
[2022-04-22T18:50:41.528+0800][gc,heap      ] GC(375) Survivor regions: 4->5(7)
[2022-04-22T18:50:41.528+0800][gc,heap      ] GC(375) Old regions: 65->65
[2022-04-22T18:50:41.528+0800][gc,heap      ] GC(375) Archive regions: 2->2
[2022-04-22T18:50:41.528+0800][gc,heap      ] GC(375) Humongous regions: 129->129
[2022-04-22T18:50:41.528+0800][gc,metaspace ] GC(375) Metaspace: 43438K->43438K(1089536K)
[2022-04-22T18:50:41.528+0800][gc           ] GC(375) Pause Young (Normal) (G1 Evacuation Pause) 248M->198M(1024M) 16.777ms
[2022-04-22T18:50:41.528+0800][gc,cpu       ] GC(375) User=0.03s Sys=0.01s Real=0.01s
[2022-04-22T18:51:00.159+0800][gc,start     ] GC(376) Pause Young (Normal) (G1 Evacuation Pause)
[2022-04-22T18:51:00.160+0800][gc,task      ] GC(376) Using 8 workers of 8 for evacuation
[2022-04-22T18:51:00.188+0800][gc,mmu       ] GC(376) MMU target violated: 21.0ms (20.0ms/21.0ms)
[2022-04-22T18:51:00.188+0800][gc,phases    ] GC(376)   Pre Evacuate Collection Set: 0.2ms
[2022-04-22T18:51:00.188+0800][gc,phases    ] GC(376)   Evacuate Collection Set: 26.0ms
[2022-04-22T18:51:00.188+0800][gc,phases    ] GC(376)   Post Evacuate Collection Set: 1.1ms
[2022-04-22T18:51:00.188+0800][gc,phases    ] GC(376)   Other: 1.7ms
[2022-04-22T18:51:00.188+0800][gc,heap      ] GC(376) Eden regions: 51->0(49)
[2022-04-22T18:51:00.188+0800][gc,heap      ] GC(376) Survivor regions: 5->5(7)
[2022-04-22T18:51:00.188+0800][gc,heap      ] GC(376) Old regions: 65->66
[2022-04-22T18:51:00.188+0800][gc,heap      ] GC(376) Archive regions: 2->2
[2022-04-22T18:51:00.188+0800][gc,heap      ] GC(376) Humongous regions: 129->129
[2022-04-22T18:51:00.188+0800][gc,metaspace ] GC(376) Metaspace: 43438K->43438K(1089536K)
[2022-04-22T18:51:00.188+0800][gc           ] GC(376) Pause Young (Normal) (G1 Evacuation Pause) 249M->199M(1024M) 28.898ms
[2022-04-22T18:51:00.188+0800][gc,cpu       ] GC(376) User=0.05s Sys=0.02s Real=0.03s
[2022-04-22T18:51:17.822+0800][gc,start     ] GC(377) Pause Young (Normal) (G1 Evacuation Pause)
[2022-04-22T18:51:17.839+0800][gc,task      ] GC(377) Using 8 workers of 8 for evacuation
[2022-04-22T18:51:17.873+0800][gc,mmu       ] GC(377) MMU target violated: 21.0ms (20.0ms/21.0ms)
[2022-04-22T18:51:17.873+0800][gc,phases    ] GC(377)   Pre Evacuate Collection Set: 0.1ms
[2022-04-22T18:51:17.873+0800][gc,phases    ] GC(377)   Evacuate Collection Set: 30.1ms
[2022-04-22T18:51:17.873+0800][gc,phases    ] GC(377)   Post Evacuate Collection Set: 2.4ms
[2022-04-22T18:51:17.873+0800][gc,phases    ] GC(377)   Other: 18.9ms
[2022-04-22T18:51:17.873+0800][gc,heap      ] GC(377) Eden regions: 48->0(46)
[2022-04-22T18:51:17.873+0800][gc,heap      ] GC(377) Survivor regions: 5->5(7)
[2022-04-22T18:51:17.873+0800][gc,heap      ] GC(377) Old regions: 66->67
[2022-04-22T18:51:17.873+0800][gc,heap      ] GC(377) Archive regions: 2->2
[2022-04-22T18:51:17.873+0800][gc,heap      ] GC(377) Humongous regions: 129->129
[2022-04-22T18:51:17.873+0800][gc,metaspace ] GC(377) Metaspace: 43438K->43438K(1089536K)
[2022-04-22T18:51:17.873+0800][gc           ] GC(377) Pause Young (Normal) (G1 Evacuation Pause) 247M->199M(1024M) 51.513ms
[2022-04-22T18:51:17.873+0800][gc,cpu       ] GC(377) User=0.05s Sys=0.01s Real=0.05s
[2022-04-22T18:51:35.203+0800][gc,start     ] GC(378) Pause Young (Normal) (G1 Evacuation Pause)
[2022-04-22T18:51:35.203+0800][gc,task      ] GC(378) Using 8 workers of 8 for evacuation
[2022-04-22T18:51:35.226+0800][gc,mmu       ] GC(378) MMU target violated: 21.0ms (20.0ms/21.0ms)
[2022-04-22T18:51:35.226+0800][gc,phases    ] GC(378)   Pre Evacuate Collection Set: 0.2ms
[2022-04-22T18:51:35.226+0800][gc,phases    ] GC(378)   Evacuate Collection Set: 19.8ms
[2022-04-22T18:51:35.226+0800][gc,phases    ] GC(378)   Post Evacuate Collection Set: 1.4ms
[2022-04-22T18:51:35.226+0800][gc,phases    ] GC(378)   Other: 2.0ms
[2022-04-22T18:51:35.226+0800][gc,heap      ] GC(378) Eden regions: 46->0(47)
[2022-04-22T18:51:35.226+0800][gc,heap      ] GC(378) Survivor regions: 5->4(7)
[2022-04-22T18:51:35.226+0800][gc,heap      ] GC(378) Old regions: 67->67
[2022-04-22T18:51:35.226+0800][gc,heap      ] GC(378) Archive regions: 2->2
[2022-04-22T18:51:35.226+0800][gc,heap      ] GC(378) Humongous regions: 129->129
[2022-04-22T18:51:35.226+0800][gc,metaspace ] GC(378) Metaspace: 43438K->43438K(1089536K)
[2022-04-22T18:51:35.226+0800][gc           ] GC(378) Pause Young (Normal) (G1 Evacuation Pause) 245M->200M(1024M) 23.628ms
[2022-04-22T18:51:35.226+0800][gc,cpu       ] GC(378) User=0.04s Sys=0.02s Real=0.02s
[2022-04-22T18:51:52.518+0800][gc,start     ] GC(379) Pause Young (Normal) (G1 Evacuation Pause)
[2022-04-22T18:51:52.520+0800][gc,task      ] GC(379) Using 8 workers of 8 for evacuation
[2022-04-22T18:51:52.535+0800][gc,phases    ] GC(379)   Pre Evacuate Collection Set: 0.4ms
[2022-04-22T18:51:52.535+0800][gc,phases    ] GC(379)   Evacuate Collection Set: 13.5ms
[2022-04-22T18:51:52.535+0800][gc,phases    ] GC(379)   Post Evacuate Collection Set: 0.5ms
[2022-04-22T18:51:52.535+0800][gc,phases    ] GC(379)   Other: 2.4ms
[2022-04-22T18:51:52.535+0800][gc,heap      ] GC(379) Eden regions: 47->0(49)
[2022-04-22T18:51:52.535+0800][gc,heap      ] GC(379) Survivor regions: 4->5(7)
[2022-04-22T18:51:52.535+0800][gc,heap      ] GC(379) Old regions: 67->67
[2022-04-22T18:51:52.535+0800][gc,heap      ] GC(379) Archive regions: 2->2
[2022-04-22T18:51:52.535+0800][gc,heap      ] GC(379) Humongous regions: 129->129
[2022-04-22T18:51:52.535+0800][gc,metaspace ] GC(379) Metaspace: 43438K->43438K(1089536K)
[2022-04-22T18:51:52.535+0800][gc           ] GC(379) Pause Young (Normal) (G1 Evacuation Pause) 247M->200M(1024M) 16.844ms
[2022-04-22T18:51:52.535+0800][gc,cpu       ] GC(379) User=0.05s Sys=0.00s Real=0.02s
[2022-04-22T18:52:09.800+0800][gc,start     ] GC(380) Pause Young (Normal) (G1 Evacuation Pause)
[2022-04-22T18:52:09.802+0800][gc,task      ] GC(380) Using 8 workers of 8 for evacuation
[2022-04-22T18:52:09.818+0800][gc,phases    ] GC(380)   Pre Evacuate Collection Set: 0.4ms
[2022-04-22T18:52:09.818+0800][gc,phases    ] GC(380)   Evacuate Collection Set: 14.1ms
[2022-04-22T18:52:09.818+0800][gc,phases    ] GC(380)   Post Evacuate Collection Set: 0.6ms
[2022-04-22T18:52:09.818+0800][gc,phases    ] GC(380)   Other: 2.5ms
[2022-04-22T18:52:09.818+0800][gc,heap      ] GC(380) Eden regions: 47->0(49)
[2022-04-22T18:52:09.818+0800][gc,heap      ] GC(380) Survivor regions: 5->4(7)
[2022-04-22T18:52:09.818+0800][gc,heap      ] GC(380) Old regions: 67->67
[2022-04-22T18:52:09.818+0800][gc,heap      ] GC(380) Archive regions: 2->2
[2022-04-22T18:52:09.818+0800][gc,heap      ] GC(380) Humongous regions: 129->129
[2022-04-22T18:52:09.818+0800][gc,metaspace ] GC(380) Metaspace: 43438K->43438K(1089536K)
[2022-04-22T18:52:09.818+0800][gc           ] GC(380) Pause Young (Normal) (G1 Evacuation Pause) 247M->200M(1024M) 17.850ms
[2022-04-22T18:52:09.818+0800][gc,cpu       ] GC(380) User=0.05s Sys=0.01s Real=0.01s
[2022-04-22T18:52:27.864+0800][gc,start     ] GC(381) Pause Young (Normal) (G1 Evacuation Pause)
[2022-04-22T18:52:27.865+0800][gc,task      ] GC(381) Using 8 workers of 8 for evacuation
[2022-04-22T18:52:27.883+0800][gc,phases    ] GC(381)   Pre Evacuate Collection Set: 0.4ms
[2022-04-22T18:52:27.884+0800][gc,phases    ] GC(381)   Evacuate Collection Set: 15.3ms
[2022-04-22T18:52:27.884+0800][gc,phases    ] GC(381)   Post Evacuate Collection Set: 1.1ms
[2022-04-22T18:52:27.884+0800][gc,phases    ] GC(381)   Other: 2.7ms
[2022-04-22T18:52:27.884+0800][gc,heap      ] GC(381) Eden regions: 49->0(49)
[2022-04-22T18:52:27.884+0800][gc,heap      ] GC(381) Survivor regions: 4->4(7)
[2022-04-22T18:52:27.884+0800][gc,heap      ] GC(381) Old regions: 67->68
[2022-04-22T18:52:27.884+0800][gc,heap      ] GC(381) Archive regions: 2->2
[2022-04-22T18:52:27.884+0800][gc,heap      ] GC(381) Humongous regions: 129->129
[2022-04-22T18:52:27.884+0800][gc,metaspace ] GC(381) Metaspace: 43438K->43438K(1089536K)
[2022-04-22T18:52:27.884+0800][gc           ] GC(381) Pause Young (Normal) (G1 Evacuation Pause) 249M->201M(1024M) 20.058ms
[2022-04-22T18:52:27.884+0800][gc,cpu       ] GC(381) User=0.04s Sys=0.01s Real=0.02s
[2022-04-22T18:52:45.158+0800][gc,start     ] GC(382) Pause Young (Normal) (G1 Evacuation Pause)
[2022-04-22T18:52:45.160+0800][gc,task      ] GC(382) Using 8 workers of 8 for evacuation
[2022-04-22T18:52:45.195+0800][gc,mmu       ] GC(382) MMU target violated: 21.0ms (20.0ms/21.0ms)
[2022-04-22T18:52:45.195+0800][gc,phases    ] GC(382)   Pre Evacuate Collection Set: 0.2ms
[2022-04-22T18:52:45.195+0800][gc,phases    ] GC(382)   Evacuate Collection Set: 33.2ms
[2022-04-22T18:52:45.195+0800][gc,phases    ] GC(382)   Post Evacuate Collection Set: 1.8ms
[2022-04-22T18:52:45.195+0800][gc,phases    ] GC(382)   Other: 2.7ms
[2022-04-22T18:52:45.195+0800][gc,heap      ] GC(382) Eden regions: 47->0(45)
[2022-04-22T18:52:45.195+0800][gc,heap      ] GC(382) Survivor regions: 4->6(7)
[2022-04-22T18:52:45.195+0800][gc,heap      ] GC(382) Old regions: 68->68
[2022-04-22T18:52:45.195+0800][gc,heap      ] GC(382) Archive regions: 2->2
[2022-04-22T18:52:45.195+0800][gc,heap      ] GC(382) Humongous regions: 129->129
[2022-04-22T18:52:45.195+0800][gc,metaspace ] GC(382) Metaspace: 43438K->43438K(1089536K)
[2022-04-22T18:52:45.195+0800][gc           ] GC(382) Pause Young (Normal) (G1 Evacuation Pause) 248M->202M(1024M) 37.863ms
[2022-04-22T18:52:45.196+0800][gc,cpu       ] GC(382) User=0.04s Sys=0.04s Real=0.04s
[2022-04-22T18:53:01.607+0800][gc,start     ] GC(383) Pause Young (Normal) (G1 Evacuation Pause)
[2022-04-22T18:53:01.608+0800][gc,task      ] GC(383) Using 8 workers of 8 for evacuation
[2022-04-22T18:53:01.638+0800][gc,mmu       ] GC(383) MMU target violated: 21.0ms (20.0ms/21.0ms)
[2022-04-22T18:53:01.638+0800][gc,phases    ] GC(383)   Pre Evacuate Collection Set: 0.2ms
[2022-04-22T18:53:01.638+0800][gc,phases    ] GC(383)   Evacuate Collection Set: 28.7ms
[2022-04-22T18:53:01.638+0800][gc,phases    ] GC(383)   Post Evacuate Collection Set: 0.8ms
[2022-04-22T18:53:01.638+0800][gc,phases    ] GC(383)   Other: 1.1ms
[2022-04-22T18:53:01.638+0800][gc,heap      ] GC(383) Eden regions: 45->0(47)
[2022-04-22T18:53:01.638+0800][gc,heap      ] GC(383) Survivor regions: 6->4(7)
[2022-04-22T18:53:01.638+0800][gc,heap      ] GC(383) Old regions: 68->70
[2022-04-22T18:53:01.638+0800][gc,heap      ] GC(383) Archive regions: 2->2
[2022-04-22T18:53:01.638+0800][gc,heap      ] GC(383) Humongous regions: 129->129
[2022-04-22T18:53:01.638+0800][gc,metaspace ] GC(383) Metaspace: 43438K->43438K(1089536K)
[2022-04-22T18:53:01.638+0800][gc           ] GC(383) Pause Young (Normal) (G1 Evacuation Pause) 247M->203M(1024M) 30.802ms
[2022-04-22T18:53:01.638+0800][gc,cpu       ] GC(383) User=0.04s Sys=0.03s Real=0.03s
[2022-04-22T18:53:18.914+0800][gc,start     ] GC(384) Pause Young (Normal) (G1 Evacuation Pause)
[2022-04-22T18:53:18.915+0800][gc,task      ] GC(384) Using 8 workers of 8 for evacuation
[2022-04-22T18:53:18.930+0800][gc,phases    ] GC(384)   Pre Evacuate Collection Set: 0.2ms
[2022-04-22T18:53:18.930+0800][gc,phases    ] GC(384)   Evacuate Collection Set: 14.0ms
[2022-04-22T18:53:18.930+0800][gc,phases    ] GC(384)   Post Evacuate Collection Set: 0.4ms
[2022-04-22T18:53:18.930+0800][gc,phases    ] GC(384)   Other: 1.0ms
[2022-04-22T18:53:18.930+0800][gc,heap      ] GC(384) Eden regions: 47->0(47)
[2022-04-22T18:53:18.930+0800][gc,heap      ] GC(384) Survivor regions: 4->4(7)
[2022-04-22T18:53:18.930+0800][gc,heap      ] GC(384) Old regions: 70->70
[2022-04-22T18:53:18.930+0800][gc,heap      ] GC(384) Archive regions: 2->2
[2022-04-22T18:53:18.930+0800][gc,heap      ] GC(384) Humongous regions: 129->129
[2022-04-22T18:53:18.930+0800][gc,metaspace ] GC(384) Metaspace: 43438K->43438K(1089536K)
[2022-04-22T18:53:18.930+0800][gc           ] GC(384) Pause Young (Normal) (G1 Evacuation Pause) 250M->203M(1024M) 15.687ms
[2022-04-22T18:53:18.930+0800][gc,cpu       ] GC(384) User=0.05s Sys=0.00s Real=0.02s
[2022-04-22T18:53:36.760+0800][gc,start     ] GC(385) Pause Young (Normal) (G1 Evacuation Pause)
[2022-04-22T18:53:36.762+0800][gc,task      ] GC(385) Using 8 workers of 8 for evacuation
[2022-04-22T18:53:36.777+0800][gc,phases    ] GC(385)   Pre Evacuate Collection Set: 0.4ms
[2022-04-22T18:53:36.777+0800][gc,phases    ] GC(385)   Evacuate Collection Set: 13.4ms
[2022-04-22T18:53:36.777+0800][gc,phases    ] GC(385)   Post Evacuate Collection Set: 0.4ms
[2022-04-22T18:53:36.777+0800][gc,phases    ] GC(385)   Other: 2.7ms
[2022-04-22T18:53:36.777+0800][gc,heap      ] GC(385) Eden regions: 47->0(52)
[2022-04-22T18:53:36.777+0800][gc,heap      ] GC(385) Survivor regions: 4->5(7)
[2022-04-22T18:53:36.777+0800][gc,heap      ] GC(385) Old regions: 70->70
[2022-04-22T18:53:36.777+0800][gc,heap      ] GC(385) Archive regions: 2->2
[2022-04-22T18:53:36.777+0800][gc,heap      ] GC(385) Humongous regions: 129->129
[2022-04-22T18:53:36.777+0800][gc,metaspace ] GC(385) Metaspace: 43438K->43438K(1089536K)
[2022-04-22T18:53:36.777+0800][gc           ] GC(385) Pause Young (Normal) (G1 Evacuation Pause) 250M->203M(1024M) 17.002ms
[2022-04-22T18:53:36.777+0800][gc,cpu       ] GC(385) User=0.05s Sys=0.00s Real=0.01s
[2022-04-22T18:53:55.902+0800][gc,start     ] GC(386) Pause Young (Normal) (G1 Evacuation Pause)
[2022-04-22T18:53:55.902+0800][gc,task      ] GC(386) Using 8 workers of 8 for evacuation
[2022-04-22T18:53:55.931+0800][gc,mmu       ] GC(386) MMU target violated: 21.0ms (20.0ms/21.0ms)
[2022-04-22T18:53:55.931+0800][gc,phases    ] GC(386)   Pre Evacuate Collection Set: 0.3ms
[2022-04-22T18:53:55.931+0800][gc,phases    ] GC(386)   Evacuate Collection Set: 26.6ms
[2022-04-22T18:53:55.931+0800][gc,phases    ] GC(386)   Post Evacuate Collection Set: 1.1ms
[2022-04-22T18:53:55.931+0800][gc,phases    ] GC(386)   Other: 1.7ms
[2022-04-22T18:53:55.931+0800][gc,heap      ] GC(386) Eden regions: 52->0(49)
[2022-04-22T18:53:55.931+0800][gc,heap      ] GC(386) Survivor regions: 5->6(8)
[2022-04-22T18:53:55.931+0800][gc,heap      ] GC(386) Old regions: 70->70
[2022-04-22T18:53:55.931+0800][gc,heap      ] GC(386) Archive regions: 2->2
[2022-04-22T18:53:55.931+0800][gc,heap      ] GC(386) Humongous regions: 129->129
[2022-04-22T18:53:55.931+0800][gc,metaspace ] GC(386) Metaspace: 43438K->43438K(1089536K)
[2022-04-22T18:53:55.931+0800][gc           ] GC(386) Pause Young (Normal) (G1 Evacuation Pause) 255M->204M(1024M) 29.772ms
[2022-04-22T18:53:55.931+0800][gc,cpu       ] GC(386) User=0.05s Sys=0.04s Real=0.03s
[2022-04-22T18:54:12.720+0800][gc,start     ] GC(387) Pause Young (Normal) (G1 Evacuation Pause)
[2022-04-22T18:54:12.720+0800][gc,task      ] GC(387) Using 8 workers of 8 for evacuation
[2022-04-22T18:54:12.748+0800][gc,mmu       ] GC(387) MMU target violated: 21.0ms (20.0ms/21.0ms)
[2022-04-22T18:54:12.748+0800][gc,phases    ] GC(387)   Pre Evacuate Collection Set: 0.1ms
[2022-04-22T18:54:12.748+0800][gc,phases    ] GC(387)   Evacuate Collection Set: 27.1ms
[2022-04-22T18:54:12.748+0800][gc,phases    ] GC(387)   Post Evacuate Collection Set: 0.3ms
[2022-04-22T18:54:12.748+0800][gc,phases    ] GC(387)   Other: 0.8ms
[2022-04-22T18:54:12.748+0800][gc,heap      ] GC(387) Eden regions: 46->0(47)
[2022-04-22T18:54:12.748+0800][gc,heap      ] GC(387) Survivor regions: 6->4(7)
[2022-04-22T18:54:12.748+0800][gc,heap      ] GC(387) Old regions: 70->71
[2022-04-22T18:54:12.748+0800][gc,heap      ] GC(387) Archive regions: 2->2
[2022-04-22T18:54:12.748+0800][gc,heap      ] GC(387) Humongous regions: 129->129
[2022-04-22T18:54:12.748+0800][gc,metaspace ] GC(387) Metaspace: 43438K->43438K(1089536K)
[2022-04-22T18:54:12.748+0800][gc           ] GC(387) Pause Young (Normal) (G1 Evacuation Pause) 250M->204M(1024M) 28.401ms
[2022-04-22T18:54:12.748+0800][gc,cpu       ] GC(387) User=0.04s Sys=0.01s Real=0.02s
[2022-04-22T18:54:29.920+0800][gc,start     ] GC(388) Pause Young (Normal) (G1 Evacuation Pause)
[2022-04-22T18:54:29.921+0800][gc,task      ] GC(388) Using 8 workers of 8 for evacuation
[2022-04-22T18:54:29.931+0800][gc,phases    ] GC(388)   Pre Evacuate Collection Set: 0.3ms
[2022-04-22T18:54:29.931+0800][gc,phases    ] GC(388)   Evacuate Collection Set: 8.5ms
[2022-04-22T18:54:29.931+0800][gc,phases    ] GC(388)   Post Evacuate Collection Set: 0.7ms
[2022-04-22T18:54:29.931+0800][gc,phases    ] GC(388)   Other: 1.9ms
[2022-04-22T18:54:29.931+0800][gc,heap      ] GC(388) Eden regions: 47->0(48)
[2022-04-22T18:54:29.931+0800][gc,heap      ] GC(388) Survivor regions: 4->4(7)
[2022-04-22T18:54:29.931+0800][gc,heap      ] GC(388) Old regions: 71->71
[2022-04-22T18:54:29.931+0800][gc,heap      ] GC(388) Archive regions: 2->2
[2022-04-22T18:54:29.931+0800][gc,heap      ] GC(388) Humongous regions: 129->129
[2022-04-22T18:54:29.931+0800][gc,metaspace ] GC(388) Metaspace: 43438K->43438K(1089536K)
[2022-04-22T18:54:29.932+0800][gc           ] GC(388) Pause Young (Normal) (G1 Evacuation Pause) 251M->204M(1024M) 11.092ms
[2022-04-22T18:54:29.932+0800][gc,cpu       ] GC(388) User=0.05s Sys=0.00s Real=0.01s
[2022-04-22T18:54:47.594+0800][gc,start     ] GC(389) Pause Young (Normal) (G1 Evacuation Pause)
[2022-04-22T18:54:47.595+0800][gc,task      ] GC(389) Using 8 workers of 8 for evacuation
[2022-04-22T18:54:47.625+0800][gc,mmu       ] GC(389) MMU target violated: 21.0ms (20.0ms/21.0ms)
[2022-04-22T18:54:47.625+0800][gc,phases    ] GC(389)   Pre Evacuate Collection Set: 0.3ms
[2022-04-22T18:54:47.625+0800][gc,phases    ] GC(389)   Evacuate Collection Set: 26.7ms
[2022-04-22T18:54:47.625+0800][gc,phases    ] GC(389)   Post Evacuate Collection Set: 0.8ms
[2022-04-22T18:54:47.625+0800][gc,phases    ] GC(389)   Other: 3.0ms
[2022-04-22T18:54:47.625+0800][gc,heap      ] GC(389) Eden regions: 48->0(47)
[2022-04-22T18:54:47.625+0800][gc,heap      ] GC(389) Survivor regions: 4->4(7)
[2022-04-22T18:54:47.625+0800][gc,heap      ] GC(389) Old regions: 71->72
[2022-04-22T18:54:47.625+0800][gc,heap      ] GC(389) Archive regions: 2->2
[2022-04-22T18:54:47.625+0800][gc,heap      ] GC(389) Humongous regions: 129->129
[2022-04-22T18:54:47.625+0800][gc,metaspace ] GC(389) Metaspace: 43438K->43438K(1089536K)
[2022-04-22T18:54:47.625+0800][gc           ] GC(389) Pause Young (Normal) (G1 Evacuation Pause) 252M->205M(1024M) 30.913ms
[2022-04-22T18:54:47.625+0800][gc,cpu       ] GC(389) User=0.04s Sys=0.04s Real=0.03s
[2022-04-22T18:55:05.013+0800][gc,start     ] GC(390) Pause Young (Normal) (G1 Evacuation Pause)
[2022-04-22T18:55:05.014+0800][gc,task      ] GC(390) Using 8 workers of 8 for evacuation
[2022-04-22T18:55:05.033+0800][gc,phases    ] GC(390)   Pre Evacuate Collection Set: 0.2ms
[2022-04-22T18:55:05.033+0800][gc,phases    ] GC(390)   Evacuate Collection Set: 17.4ms
[2022-04-22T18:55:05.033+0800][gc,phases    ] GC(390)   Post Evacuate Collection Set: 0.6ms
[2022-04-22T18:55:05.033+0800][gc,phases    ] GC(390)   Other: 1.6ms
[2022-04-22T18:55:05.033+0800][gc,heap      ] GC(390) Eden regions: 47->0(47)
[2022-04-22T18:55:05.033+0800][gc,heap      ] GC(390) Survivor regions: 4->4(7)
[2022-04-22T18:55:05.033+0800][gc,heap      ] GC(390) Old regions: 72->72
[2022-04-22T18:55:05.033+0800][gc,heap      ] GC(390) Archive regions: 2->2
[2022-04-22T18:55:05.033+0800][gc,heap      ] GC(390) Humongous regions: 129->129
[2022-04-22T18:55:05.033+0800][gc,metaspace ] GC(390) Metaspace: 43438K->43438K(1089536K)
[2022-04-22T18:55:05.033+0800][gc           ] GC(390) Pause Young (Normal) (G1 Evacuation Pause) 252M->205M(1024M) 19.985ms
[2022-04-22T18:55:05.033+0800][gc,cpu       ] GC(390) User=0.06s Sys=0.02s Real=0.02s
[2022-04-22T18:55:22.297+0800][gc,start     ] GC(391) Pause Young (Normal) (G1 Evacuation Pause)
[2022-04-22T18:55:22.298+0800][gc,task      ] GC(391) Using 8 workers of 8 for evacuation
[2022-04-22T18:55:22.313+0800][gc,phases    ] GC(391)   Pre Evacuate Collection Set: 0.4ms
[2022-04-22T18:55:22.313+0800][gc,phases    ] GC(391)   Evacuate Collection Set: 13.9ms
[2022-04-22T18:55:22.313+0800][gc,phases    ] GC(391)   Post Evacuate Collection Set: 0.4ms
[2022-04-22T18:55:22.313+0800][gc,phases    ] GC(391)   Other: 1.3ms
[2022-04-22T18:55:22.313+0800][gc,heap      ] GC(391) Eden regions: 47->0(49)
[2022-04-22T18:55:22.313+0800][gc,heap      ] GC(391) Survivor regions: 4->5(7)
[2022-04-22T18:55:22.313+0800][gc,heap      ] GC(391) Old regions: 72->72
[2022-04-22T18:55:22.313+0800][gc,heap      ] GC(391) Archive regions: 2->2
[2022-04-22T18:55:22.313+0800][gc,heap      ] GC(391) Humongous regions: 129->129
[2022-04-22T18:55:22.313+0800][gc,metaspace ] GC(391) Metaspace: 43438K->43438K(1089536K)
[2022-04-22T18:55:22.313+0800][gc           ] GC(391) Pause Young (Normal) (G1 Evacuation Pause) 252M->205M(1024M) 16.034ms
[2022-04-22T18:55:22.313+0800][gc,cpu       ] GC(391) User=0.04s Sys=0.01s Real=0.02s
[2022-04-22T18:55:40.228+0800][gc,start     ] GC(392) Pause Young (Normal) (G1 Evacuation Pause)
[2022-04-22T18:55:40.229+0800][gc,task      ] GC(392) Using 8 workers of 8 for evacuation
[2022-04-22T18:55:40.257+0800][gc,mmu       ] GC(392) MMU target violated: 21.0ms (20.0ms/21.0ms)
[2022-04-22T18:55:40.257+0800][gc,phases    ] GC(392)   Pre Evacuate Collection Set: 0.2ms
[2022-04-22T18:55:40.257+0800][gc,phases    ] GC(392)   Evacuate Collection Set: 25.7ms
[2022-04-22T18:55:40.257+0800][gc,phases    ] GC(392)   Post Evacuate Collection Set: 1.8ms
[2022-04-22T18:55:40.257+0800][gc,phases    ] GC(392)   Other: 1.2ms
[2022-04-22T18:55:40.257+0800][gc,heap      ] GC(392) Eden regions: 49->0(47)
[2022-04-22T18:55:40.257+0800][gc,heap      ] GC(392) Survivor regions: 5->5(7)
[2022-04-22T18:55:40.257+0800][gc,heap      ] GC(392) Old regions: 72->73
[2022-04-22T18:55:40.257+0800][gc,heap      ] GC(392) Archive regions: 2->2
[2022-04-22T18:55:40.257+0800][gc,heap      ] GC(392) Humongous regions: 129->129
[2022-04-22T18:55:40.257+0800][gc,metaspace ] GC(392) Metaspace: 43438K->43438K(1089536K)
[2022-04-22T18:55:40.257+0800][gc           ] GC(392) Pause Young (Normal) (G1 Evacuation Pause) 254M->206M(1024M) 29.005ms
[2022-04-22T18:55:40.257+0800][gc,cpu       ] GC(392) User=0.06s Sys=0.02s Real=0.03s
[2022-04-22T18:55:57.392+0800][gc,start     ] GC(393) Pause Young (Normal) (G1 Evacuation Pause)
[2022-04-22T18:55:57.392+0800][gc,task      ] GC(393) Using 8 workers of 8 for evacuation
[2022-04-22T18:55:57.409+0800][gc,phases    ] GC(393)   Pre Evacuate Collection Set: 0.2ms
[2022-04-22T18:55:57.409+0800][gc,phases    ] GC(393)   Evacuate Collection Set: 14.7ms
[2022-04-22T18:55:57.409+0800][gc,phases    ] GC(393)   Post Evacuate Collection Set: 1.2ms
[2022-04-22T18:55:57.409+0800][gc,phases    ] GC(393)   Other: 1.6ms
[2022-04-22T18:55:57.409+0800][gc,heap      ] GC(393) Eden regions: 47->0(47)
[2022-04-22T18:55:57.409+0800][gc,heap      ] GC(393) Survivor regions: 5->4(7)
[2022-04-22T18:55:57.409+0800][gc,heap      ] GC(393) Old regions: 73->73
[2022-04-22T18:55:57.409+0800][gc,heap      ] GC(393) Archive regions: 2->2
[2022-04-22T18:55:57.409+0800][gc,heap      ] GC(393) Humongous regions: 129->129
[2022-04-22T18:55:57.409+0800][gc,metaspace ] GC(393) Metaspace: 43440K->43440K(1089536K)
[2022-04-22T18:55:57.409+0800][gc           ] GC(393) Pause Young (Normal) (G1 Evacuation Pause) 253M->206M(1024M) 17.888ms
[2022-04-22T18:55:57.409+0800][gc,cpu       ] GC(393) User=0.04s Sys=0.02s Real=0.01s
[2022-04-22T18:56:14.700+0800][gc,start     ] GC(394) Pause Young (Normal) (G1 Evacuation Pause)
[2022-04-22T18:56:14.701+0800][gc,task      ] GC(394) Using 8 workers of 8 for evacuation
[2022-04-22T18:56:14.730+0800][gc,mmu       ] GC(394) MMU target violated: 21.0ms (20.0ms/21.0ms)
[2022-04-22T18:56:14.730+0800][gc,phases    ] GC(394)   Pre Evacuate Collection Set: 0.3ms
[2022-04-22T18:56:14.730+0800][gc,phases    ] GC(394)   Evacuate Collection Set: 26.0ms
[2022-04-22T18:56:14.730+0800][gc,phases    ] GC(394)   Post Evacuate Collection Set: 1.8ms
[2022-04-22T18:56:14.730+0800][gc,phases    ] GC(394)   Other: 2.1ms
[2022-04-22T18:56:14.730+0800][gc,heap      ] GC(394) Eden regions: 47->0(47)
[2022-04-22T18:56:14.730+0800][gc,heap      ] GC(394) Survivor regions: 4->4(7)
[2022-04-22T18:56:14.730+0800][gc,heap      ] GC(394) Old regions: 73->74
[2022-04-22T18:56:14.730+0800][gc,heap      ] GC(394) Archive regions: 2->2
[2022-04-22T18:56:14.730+0800][gc,heap      ] GC(394) Humongous regions: 129->129
[2022-04-22T18:56:14.730+0800][gc,metaspace ] GC(394) Metaspace: 43440K->43440K(1089536K)
[2022-04-22T18:56:14.730+0800][gc           ] GC(394) Pause Young (Normal) (G1 Evacuation Pause) 253M->206M(1024M) 30.296ms
[2022-04-22T18:56:14.730+0800][gc,cpu       ] GC(394) User=0.06s Sys=0.01s Real=0.03s
[2022-04-22T18:56:32.101+0800][gc,start     ] GC(395) Pause Young (Normal) (G1 Evacuation Pause)
[2022-04-22T18:56:32.101+0800][gc,task      ] GC(395) Using 8 workers of 8 for evacuation
[2022-04-22T18:56:32.116+0800][gc,phases    ] GC(395)   Pre Evacuate Collection Set: 0.2ms
[2022-04-22T18:56:32.116+0800][gc,phases    ] GC(395)   Evacuate Collection Set: 13.9ms
[2022-04-22T18:56:32.116+0800][gc,phases    ] GC(395)   Post Evacuate Collection Set: 0.4ms
[2022-04-22T18:56:32.116+0800][gc,phases    ] GC(395)   Other: 0.8ms
[2022-04-22T18:56:32.116+0800][gc,heap      ] GC(395) Eden regions: 47->0(46)
[2022-04-22T18:56:32.116+0800][gc,heap      ] GC(395) Survivor regions: 4->6(7)
[2022-04-22T18:56:32.116+0800][gc,heap      ] GC(395) Old regions: 74->74
[2022-04-22T18:56:32.116+0800][gc,heap      ] GC(395) Archive regions: 2->2
[2022-04-22T18:56:32.116+0800][gc,heap      ] GC(395) Humongous regions: 129->129
[2022-04-22T18:56:32.116+0800][gc,metaspace ] GC(395) Metaspace: 43440K->43440K(1089536K)
[2022-04-22T18:56:32.116+0800][gc           ] GC(395) Pause Young (Normal) (G1 Evacuation Pause) 253M->208M(1024M) 15.482ms
[2022-04-22T18:56:32.116+0800][gc,cpu       ] GC(395) User=0.05s Sys=0.00s Real=0.01s
[2022-04-22T18:56:49.118+0800][gc,start     ] GC(396) Pause Young (Normal) (G1 Evacuation Pause)
[2022-04-22T18:56:49.120+0800][gc,task      ] GC(396) Using 8 workers of 8 for evacuation
[2022-04-22T18:56:49.179+0800][gc,mmu       ] GC(396) MMU target violated: 21.0ms (20.0ms/21.0ms)
[2022-04-22T18:56:49.179+0800][gc,phases    ] GC(396)   Pre Evacuate Collection Set: 0.4ms
[2022-04-22T18:56:49.179+0800][gc,phases    ] GC(396)   Evacuate Collection Set: 55.3ms
[2022-04-22T18:56:49.179+0800][gc,phases    ] GC(396)   Post Evacuate Collection Set: 0.9ms
[2022-04-22T18:56:49.179+0800][gc,phases    ] GC(396)   Other: 4.2ms
[2022-04-22T18:56:49.179+0800][gc,heap      ] GC(396) Eden regions: 46->0(47)
[2022-04-22T18:56:49.179+0800][gc,heap      ] GC(396) Survivor regions: 6->4(7)
[2022-04-22T18:56:49.179+0800][gc,heap      ] GC(396) Old regions: 74->76
[2022-04-22T18:56:49.179+0800][gc,heap      ] GC(396) Archive regions: 2->2
[2022-04-22T18:56:49.179+0800][gc,heap      ] GC(396) Humongous regions: 129->129
[2022-04-22T18:56:49.179+0800][gc,metaspace ] GC(396) Metaspace: 43440K->43440K(1089536K)
[2022-04-22T18:56:49.179+0800][gc           ] GC(396) Pause Young (Normal) (G1 Evacuation Pause) 254M->208M(1024M) 60.852ms
[2022-04-22T18:56:49.179+0800][gc,cpu       ] GC(396) User=0.03s Sys=0.03s Real=0.06s
[2022-04-22T18:57:06.467+0800][gc,start     ] GC(397) Pause Young (Normal) (G1 Evacuation Pause)
[2022-04-22T18:57:06.469+0800][gc,task      ] GC(397) Using 8 workers of 8 for evacuation
[2022-04-22T18:57:06.487+0800][gc,phases    ] GC(397)   Pre Evacuate Collection Set: 0.4ms
[2022-04-22T18:57:06.487+0800][gc,phases    ] GC(397)   Evacuate Collection Set: 15.8ms
[2022-04-22T18:57:06.487+0800][gc,phases    ] GC(397)   Post Evacuate Collection Set: 0.8ms
[2022-04-22T18:57:06.487+0800][gc,phases    ] GC(397)   Other: 3.2ms
[2022-04-22T18:57:06.487+0800][gc,heap      ] GC(397) Eden regions: 47->0(47)
[2022-04-22T18:57:06.487+0800][gc,heap      ] GC(397) Survivor regions: 4->4(7)
[2022-04-22T18:57:06.487+0800][gc,heap      ] GC(397) Old regions: 76->76
[2022-04-22T18:57:06.487+0800][gc,heap      ] GC(397) Archive regions: 2->2
[2022-04-22T18:57:06.487+0800][gc,heap      ] GC(397) Humongous regions: 129->129
[2022-04-22T18:57:06.487+0800][gc,metaspace ] GC(397) Metaspace: 43440K->43440K(1089536K)
[2022-04-22T18:57:06.487+0800][gc           ] GC(397) Pause Young (Normal) (G1 Evacuation Pause) 255M->209M(1024M) 20.587ms
[2022-04-22T18:57:06.487+0800][gc,cpu       ] GC(397) User=0.06s Sys=0.01s Real=0.02s
[2022-04-22T18:57:23.720+0800][gc,start     ] GC(398) Pause Young (Normal) (G1 Evacuation Pause)
[2022-04-22T18:57:23.721+0800][gc,task      ] GC(398) Using 8 workers of 8 for evacuation
[2022-04-22T18:57:23.737+0800][gc,phases    ] GC(398)   Pre Evacuate Collection Set: 0.3ms
[2022-04-22T18:57:23.742+0800][gc,phases    ] GC(398)   Evacuate Collection Set: 14.0ms
[2022-04-22T18:57:23.742+0800][gc,phases    ] GC(398)   Post Evacuate Collection Set: 0.6ms
[2022-04-22T18:57:23.742+0800][gc,phases    ] GC(398)   Other: 2.0ms
[2022-04-22T18:57:23.742+0800][gc,heap      ] GC(398) Eden regions: 47->0(46)
[2022-04-22T18:57:23.742+0800][gc,heap      ] GC(398) Survivor regions: 4->5(7)
[2022-04-22T18:57:23.742+0800][gc,heap      ] GC(398) Old regions: 76->76
[2022-04-22T18:57:23.742+0800][gc,heap      ] GC(398) Archive regions: 2->2
[2022-04-22T18:57:23.742+0800][gc,heap      ] GC(398) Humongous regions: 129->129
[2022-04-22T18:57:23.742+0800][gc,metaspace ] GC(398) Metaspace: 43440K->43440K(1089536K)
[2022-04-22T18:57:23.742+0800][gc           ] GC(398) Pause Young (Normal) (G1 Evacuation Pause) 256M->209M(1024M) 22.260ms
[2022-04-22T18:57:23.742+0800][gc,cpu       ] GC(398) User=0.05s Sys=0.00s Real=0.02s
[2022-04-22T18:57:40.441+0800][gc,start     ] GC(399) Pause Young (Normal) (G1 Evacuation Pause)
[2022-04-22T18:57:40.443+0800][gc,task      ] GC(399) Using 8 workers of 8 for evacuation
[2022-04-22T18:57:40.460+0800][gc,phases    ] GC(399)   Pre Evacuate Collection Set: 0.2ms
[2022-04-22T18:57:40.460+0800][gc,phases    ] GC(399)   Evacuate Collection Set: 16.0ms
[2022-04-22T18:57:40.461+0800][gc,phases    ] GC(399)   Post Evacuate Collection Set: 0.7ms
[2022-04-22T18:57:40.461+0800][gc,phases    ] GC(399)   Other: 2.2ms
[2022-04-22T18:57:40.461+0800][gc,heap      ] GC(399) Eden regions: 46->0(47)
[2022-04-22T18:57:40.461+0800][gc,heap      ] GC(399) Survivor regions: 5->4(7)
[2022-04-22T18:57:40.461+0800][gc,heap      ] GC(399) Old regions: 76->76
[2022-04-22T18:57:40.461+0800][gc,heap      ] GC(399) Archive regions: 2->2
[2022-04-22T18:57:40.461+0800][gc,heap      ] GC(399) Humongous regions: 129->129
[2022-04-22T18:57:40.461+0800][gc,metaspace ] GC(399) Metaspace: 43440K->43440K(1089536K)
[2022-04-22T18:57:40.461+0800][gc           ] GC(399) Pause Young (Normal) (G1 Evacuation Pause) 255M->209M(1024M) 19.354ms
[2022-04-22T18:57:40.461+0800][gc,cpu       ] GC(399) User=0.04s Sys=0.01s Real=0.02s
[2022-04-22T18:57:57.562+0800][gc,start     ] GC(400) Pause Young (Normal) (G1 Evacuation Pause)
[2022-04-22T18:57:57.562+0800][gc,task      ] GC(400) Using 8 workers of 8 for evacuation
[2022-04-22T18:57:57.587+0800][gc,mmu       ] GC(400) MMU target violated: 21.0ms (20.0ms/21.0ms)
[2022-04-22T18:57:57.587+0800][gc,phases    ] GC(400)   Pre Evacuate Collection Set: 0.2ms
[2022-04-22T18:57:57.587+0800][gc,phases    ] GC(400)   Evacuate Collection Set: 21.5ms
[2022-04-22T18:57:57.587+0800][gc,phases    ] GC(400)   Post Evacuate Collection Set: 1.3ms
[2022-04-22T18:57:57.587+0800][gc,phases    ] GC(400)   Other: 1.9ms
[2022-04-22T18:57:57.587+0800][gc,heap      ] GC(400) Eden regions: 47->0(47)
[2022-04-22T18:57:57.587+0800][gc,heap      ] GC(400) Survivor regions: 4->4(7)
[2022-04-22T18:57:57.587+0800][gc,heap      ] GC(400) Old regions: 76->76
[2022-04-22T18:57:57.587+0800][gc,heap      ] GC(400) Archive regions: 2->2
[2022-04-22T18:57:57.587+0800][gc,heap      ] GC(400) Humongous regions: 129->129
[2022-04-22T18:57:57.587+0800][gc,metaspace ] GC(400) Metaspace: 43440K->43440K(1089536K)
[2022-04-22T18:57:57.587+0800][gc           ] GC(400) Pause Young (Normal) (G1 Evacuation Pause) 256M->209M(1024M) 25.157ms
[2022-04-22T18:57:57.587+0800][gc,cpu       ] GC(400) User=0.04s Sys=0.04s Real=0.02s
[2022-04-22T18:58:14.942+0800][gc,start     ] GC(401) Pause Young (Normal) (G1 Evacuation Pause)
[2022-04-22T18:58:14.943+0800][gc,task      ] GC(401) Using 8 workers of 8 for evacuation
[2022-04-22T18:58:14.964+0800][gc,mmu       ] GC(401) MMU target violated: 20.4ms (20.0ms/21.0ms)
[2022-04-22T18:58:14.964+0800][gc,phases    ] GC(401)   Pre Evacuate Collection Set: 0.4ms
[2022-04-22T18:58:14.964+0800][gc,phases    ] GC(401)   Evacuate Collection Set: 18.7ms
[2022-04-22T18:58:14.964+0800][gc,phases    ] GC(401)   Post Evacuate Collection Set: 0.6ms
[2022-04-22T18:58:14.964+0800][gc,phases    ] GC(401)   Other: 1.9ms
[2022-04-22T18:58:14.964+0800][gc,heap      ] GC(401) Eden regions: 47->0(46)
[2022-04-22T18:58:14.964+0800][gc,heap      ] GC(401) Survivor regions: 4->6(7)
[2022-04-22T18:58:14.964+0800][gc,heap      ] GC(401) Old regions: 76->77
[2022-04-22T18:58:14.964+0800][gc,heap      ] GC(401) Archive regions: 2->2
[2022-04-22T18:58:14.964+0800][gc,heap      ] GC(401) Humongous regions: 129->129
[2022-04-22T18:58:14.964+0800][gc,metaspace ] GC(401) Metaspace: 43440K->43440K(1089536K)
[2022-04-22T18:58:14.964+0800][gc           ] GC(401) Pause Young (Normal) (G1 Evacuation Pause) 256M->211M(1024M) 21.505ms
[2022-04-22T18:58:14.964+0800][gc,cpu       ] GC(401) User=0.05s Sys=0.01s Real=0.02s
[2022-04-22T18:58:31.943+0800][gc,start     ] GC(402) Pause Young (Normal) (G1 Evacuation Pause)
[2022-04-22T18:58:31.944+0800][gc,task      ] GC(402) Using 8 workers of 8 for evacuation
[2022-04-22T18:58:31.974+0800][gc,mmu       ] GC(402) MMU target violated: 21.0ms (20.0ms/21.0ms)
[2022-04-22T18:58:31.975+0800][gc,phases    ] GC(402)   Pre Evacuate Collection Set: 0.2ms
[2022-04-22T18:58:31.975+0800][gc,phases    ] GC(402)   Evacuate Collection Set: 29.8ms
[2022-04-22T18:58:31.975+0800][gc,phases    ] GC(402)   Post Evacuate Collection Set: 0.3ms
[2022-04-22T18:58:31.975+0800][gc,phases    ] GC(402)   Other: 1.0ms
[2022-04-22T18:58:31.975+0800][gc,heap      ] GC(402) Eden regions: 46->0(47)
[2022-04-22T18:58:31.975+0800][gc,heap      ] GC(402) Survivor regions: 6->4(7)
[2022-04-22T18:58:31.975+0800][gc,heap      ] GC(402) Old regions: 77->79
[2022-04-22T18:58:31.975+0800][gc,heap      ] GC(402) Archive regions: 2->2
[2022-04-22T18:58:31.975+0800][gc,heap      ] GC(402) Humongous regions: 129->129
[2022-04-22T18:58:31.975+0800][gc,metaspace ] GC(402) Metaspace: 43440K->43440K(1089536K)
[2022-04-22T18:58:31.975+0800][gc           ] GC(402) Pause Young (Normal) (G1 Evacuation Pause) 257M->211M(1024M) 31.268ms
[2022-04-22T18:58:31.975+0800][gc,cpu       ] GC(402) User=0.06s Sys=0.02s Real=0.03s
[2022-04-22T18:58:49.247+0800][gc,start     ] GC(403) Pause Young (Normal) (G1 Evacuation Pause)
[2022-04-22T18:58:49.248+0800][gc,task      ] GC(403) Using 8 workers of 8 for evacuation
[2022-04-22T18:58:49.279+0800][gc,mmu       ] GC(403) MMU target violated: 21.0ms (20.0ms/21.0ms)
[2022-04-22T18:58:49.279+0800][gc,phases    ] GC(403)   Pre Evacuate Collection Set: 0.3ms
[2022-04-22T18:58:49.279+0800][gc,phases    ] GC(403)   Evacuate Collection Set: 28.5ms
[2022-04-22T18:58:49.279+0800][gc,phases    ] GC(403)   Post Evacuate Collection Set: 0.8ms
[2022-04-22T18:58:49.279+0800][gc,phases    ] GC(403)   Other: 2.6ms
[2022-04-22T18:58:49.279+0800][gc,heap      ] GC(403) Eden regions: 47->0(47)
[2022-04-22T18:58:49.279+0800][gc,heap      ] GC(403) Survivor regions: 4->4(7)
[2022-04-22T18:58:49.279+0800][gc,heap      ] GC(403) Old regions: 79->79
[2022-04-22T18:58:49.279+0800][gc,heap      ] GC(403) Archive regions: 2->2
[2022-04-22T18:58:49.279+0800][gc,heap      ] GC(403) Humongous regions: 129->129
[2022-04-22T18:58:49.279+0800][gc,metaspace ] GC(403) Metaspace: 43440K->43440K(1089536K)
[2022-04-22T18:58:49.279+0800][gc           ] GC(403) Pause Young (Normal) (G1 Evacuation Pause) 258M->211M(1024M) 32.179ms
[2022-04-22T18:58:49.279+0800][gc,cpu       ] GC(403) User=0.05s Sys=0.03s Real=0.03s
[2022-04-22T18:59:06.484+0800][gc,start     ] GC(404) Pause Young (Normal) (G1 Evacuation Pause)
[2022-04-22T18:59:06.484+0800][gc,task      ] GC(404) Using 8 workers of 8 for evacuation
[2022-04-22T18:59:06.501+0800][gc,phases    ] GC(404)   Pre Evacuate Collection Set: 0.4ms
[2022-04-22T18:59:06.501+0800][gc,phases    ] GC(404)   Evacuate Collection Set: 14.9ms
[2022-04-22T18:59:06.501+0800][gc,phases    ] GC(404)   Post Evacuate Collection Set: 0.8ms
[2022-04-22T18:59:06.501+0800][gc,phases    ] GC(404)   Other: 1.5ms
[2022-04-22T18:59:06.501+0800][gc,heap      ] GC(404) Eden regions: 47->0(47)
[2022-04-22T18:59:06.501+0800][gc,heap      ] GC(404) Survivor regions: 4->4(7)
[2022-04-22T18:59:06.501+0800][gc,heap      ] GC(404) Old regions: 79->79
[2022-04-22T18:59:06.501+0800][gc,heap      ] GC(404) Archive regions: 2->2
[2022-04-22T18:59:06.501+0800][gc,heap      ] GC(404) Humongous regions: 129->129
[2022-04-22T18:59:06.501+0800][gc,metaspace ] GC(404) Metaspace: 43440K->43440K(1089536K)
[2022-04-22T18:59:06.501+0800][gc           ] GC(404) Pause Young (Normal) (G1 Evacuation Pause) 258M->212M(1024M) 17.774ms
[2022-04-22T18:59:06.501+0800][gc,cpu       ] GC(404) User=0.05s Sys=0.01s Real=0.02s
[2022-04-22T18:59:23.859+0800][gc,start     ] GC(405) Pause Young (Normal) (G1 Evacuation Pause)
[2022-04-22T18:59:23.861+0800][gc,task      ] GC(405) Using 8 workers of 8 for evacuation
[2022-04-22T18:59:23.883+0800][gc,mmu       ] GC(405) MMU target violated: 21.0ms (20.0ms/21.0ms)
[2022-04-22T18:59:23.883+0800][gc,phases    ] GC(405)   Pre Evacuate Collection Set: 0.2ms
[2022-04-22T18:59:23.883+0800][gc,phases    ] GC(405)   Evacuate Collection Set: 20.9ms
[2022-04-22T18:59:23.883+0800][gc,phases    ] GC(405)   Post Evacuate Collection Set: 0.5ms
[2022-04-22T18:59:23.883+0800][gc,phases    ] GC(405)   Other: 2.6ms
[2022-04-22T18:59:23.883+0800][gc,heap      ] GC(405) Eden regions: 47->0(47)
[2022-04-22T18:59:23.883+0800][gc,heap      ] GC(405) Survivor regions: 4->5(7)
[2022-04-22T18:59:23.883+0800][gc,heap      ] GC(405) Old regions: 79->79
[2022-04-22T18:59:23.883+0800][gc,heap      ] GC(405) Archive regions: 2->2
[2022-04-22T18:59:23.883+0800][gc,heap      ] GC(405) Humongous regions: 129->129
[2022-04-22T18:59:23.883+0800][gc,metaspace ] GC(405) Metaspace: 43440K->43440K(1089536K)
[2022-04-22T18:59:23.883+0800][gc           ] GC(405) Pause Young (Normal) (G1 Evacuation Pause) 259M->212M(1024M) 24.232ms
[2022-04-22T18:59:23.883+0800][gc,cpu       ] GC(405) User=0.05s Sys=0.00s Real=0.03s
[2022-04-22T18:59:41.144+0800][gc,start     ] GC(406) Pause Young (Normal) (G1 Evacuation Pause)
[2022-04-22T18:59:41.144+0800][gc,task      ] GC(406) Using 8 workers of 8 for evacuation
[2022-04-22T18:59:41.162+0800][gc,phases    ] GC(406)   Pre Evacuate Collection Set: 0.2ms
[2022-04-22T18:59:41.162+0800][gc,phases    ] GC(406)   Evacuate Collection Set: 16.1ms
[2022-04-22T18:59:41.162+0800][gc,phases    ] GC(406)   Post Evacuate Collection Set: 0.7ms
[2022-04-22T18:59:41.162+0800][gc,phases    ] GC(406)   Other: 1.3ms
[2022-04-22T18:59:41.162+0800][gc,heap      ] GC(406) Eden regions: 47->0(47)
[2022-04-22T18:59:41.162+0800][gc,heap      ] GC(406) Survivor regions: 5->4(7)
[2022-04-22T18:59:41.162+0800][gc,heap      ] GC(406) Old regions: 79->79
[2022-04-22T18:59:41.162+0800][gc,heap      ] GC(406) Archive regions: 2->2
[2022-04-22T18:59:41.162+0800][gc,heap      ] GC(406) Humongous regions: 129->129
[2022-04-22T18:59:41.162+0800][gc,metaspace ] GC(406) Metaspace: 43442K->43442K(1089536K)
[2022-04-22T18:59:41.162+0800][gc           ] GC(406) Pause Young (Normal) (G1 Evacuation Pause) 259M->212M(1024M) 18.368ms
[2022-04-22T18:59:41.162+0800][gc,cpu       ] GC(406) User=0.04s Sys=0.01s Real=0.02s
[2022-04-22T18:59:58.388+0800][gc,start     ] GC(407) Pause Young (Normal) (G1 Evacuation Pause)
[2022-04-22T18:59:58.390+0800][gc,task      ] GC(407) Using 8 workers of 8 for evacuation
[2022-04-22T18:59:58.400+0800][gc,phases    ] GC(407)   Pre Evacuate Collection Set: 0.2ms
[2022-04-22T18:59:58.400+0800][gc,phases    ] GC(407)   Evacuate Collection Set: 9.9ms
[2022-04-22T18:59:58.400+0800][gc,phases    ] GC(407)   Post Evacuate Collection Set: 0.4ms
[2022-04-22T18:59:58.401+0800][gc,phases    ] GC(407)   Other: 2.3ms
[2022-04-22T18:59:58.401+0800][gc,heap      ] GC(407) Eden regions: 47->0(52)
[2022-04-22T18:59:58.401+0800][gc,heap      ] GC(407) Survivor regions: 4->5(7)
[2022-04-22T18:59:58.401+0800][gc,heap      ] GC(407) Old regions: 79->79
[2022-04-22T18:59:58.401+0800][gc,heap      ] GC(407) Archive regions: 2->2
[2022-04-22T18:59:58.401+0800][gc,heap      ] GC(407) Humongous regions: 129->129
[2022-04-22T18:59:58.401+0800][gc,metaspace ] GC(407) Metaspace: 43442K->43442K(1089536K)
[2022-04-22T18:59:58.401+0800][gc           ] GC(407) Pause Young (Normal) (G1 Evacuation Pause) 259M->212M(1024M) 12.923ms
[2022-04-22T18:59:58.401+0800][gc,cpu       ] GC(407) User=0.04s Sys=0.00s Real=0.02s
[2022-04-22T19:00:17.444+0800][gc,start     ] GC(408) Pause Young (Normal) (G1 Evacuation Pause)
[2022-04-22T19:00:17.445+0800][gc,task      ] GC(408) Using 8 workers of 8 for evacuation
[2022-04-22T19:00:17.463+0800][gc,phases    ] GC(408)   Pre Evacuate Collection Set: 0.3ms
[2022-04-22T19:00:17.463+0800][gc,phases    ] GC(408)   Evacuate Collection Set: 16.8ms
[2022-04-22T19:00:17.463+0800][gc,phases    ] GC(408)   Post Evacuate Collection Set: 0.6ms
[2022-04-22T19:00:17.463+0800][gc,phases    ] GC(408)   Other: 1.4ms
[2022-04-22T19:00:17.463+0800][gc,heap      ] GC(408) Eden regions: 52->0(51)
[2022-04-22T19:00:17.463+0800][gc,heap      ] GC(408) Survivor regions: 5->5(8)
[2022-04-22T19:00:17.464+0800][gc,heap      ] GC(408) Old regions: 79->79
[2022-04-22T19:00:17.464+0800][gc,heap      ] GC(408) Archive regions: 2->2
[2022-04-22T19:00:17.464+0800][gc,heap      ] GC(408) Humongous regions: 129->129
[2022-04-22T19:00:17.464+0800][gc,metaspace ] GC(408) Metaspace: 43442K->43442K(1089536K)
[2022-04-22T19:00:17.464+0800][gc           ] GC(408) Pause Young (Normal) (G1 Evacuation Pause) 264M->213M(1024M) 19.356ms
[2022-04-22T19:00:17.464+0800][gc,cpu       ] GC(408) User=0.06s Sys=0.02s Real=0.02s
[2022-04-22T19:00:34.754+0800][gc,start     ] GC(409) Pause Young (Normal) (G1 Evacuation Pause)
[2022-04-22T19:00:34.755+0800][gc,task      ] GC(409) Using 8 workers of 8 for evacuation
[2022-04-22T19:00:34.818+0800][gc,mmu       ] GC(409) MMU target violated: 21.0ms (20.0ms/21.0ms)
[2022-04-22T19:00:34.818+0800][gc,phases    ] GC(409)   Pre Evacuate Collection Set: 0.3ms
[2022-04-22T19:00:34.818+0800][gc,phases    ] GC(409)   Evacuate Collection Set: 60.9ms
[2022-04-22T19:00:34.818+0800][gc,phases    ] GC(409)   Post Evacuate Collection Set: 1.1ms
[2022-04-22T19:00:34.818+0800][gc,phases    ] GC(409)   Other: 2.2ms
[2022-04-22T19:00:34.818+0800][gc,heap      ] GC(409) Eden regions: 47->0(47)
[2022-04-22T19:00:34.818+0800][gc,heap      ] GC(409) Survivor regions: 5->4(7)
[2022-04-22T19:00:34.818+0800][gc,heap      ] GC(409) Old regions: 79->81
[2022-04-22T19:00:34.818+0800][gc,heap      ] GC(409) Archive regions: 2->2
[2022-04-22T19:00:34.818+0800][gc,heap      ] GC(409) Humongous regions: 129->129
[2022-04-22T19:00:34.818+0800][gc,metaspace ] GC(409) Metaspace: 43442K->43442K(1089536K)
[2022-04-22T19:00:34.818+0800][gc           ] GC(409) Pause Young (Normal) (G1 Evacuation Pause) 260M->213M(1024M) 64.577ms
[2022-04-22T19:00:34.818+0800][gc,cpu       ] GC(409) User=0.04s Sys=0.04s Real=0.06s
[2022-04-22T19:00:51.789+0800][gc,start     ] GC(410) Pause Young (Normal) (G1 Evacuation Pause)
[2022-04-22T19:00:51.790+0800][gc,task      ] GC(410) Using 8 workers of 8 for evacuation
[2022-04-22T19:00:51.815+0800][gc,mmu       ] GC(410) MMU target violated: 21.0ms (20.0ms/21.0ms)
[2022-04-22T19:00:51.815+0800][gc,phases    ] GC(410)   Pre Evacuate Collection Set: 0.2ms
[2022-04-22T19:00:51.815+0800][gc,phases    ] GC(410)   Evacuate Collection Set: 23.8ms
[2022-04-22T19:00:51.815+0800][gc,phases    ] GC(410)   Post Evacuate Collection Set: 0.6ms
[2022-04-22T19:00:51.815+0800][gc,phases    ] GC(410)   Other: 1.7ms
[2022-04-22T19:00:51.815+0800][gc,heap      ] GC(410) Eden regions: 47->0(47)
[2022-04-22T19:00:51.815+0800][gc,heap      ] GC(410) Survivor regions: 4->4(7)
[2022-04-22T19:00:51.815+0800][gc,heap      ] GC(410) Old regions: 81->81
[2022-04-22T19:00:51.815+0800][gc,heap      ] GC(410) Archive regions: 2->2
[2022-04-22T19:00:51.816+0800][gc,heap      ] GC(410) Humongous regions: 129->129
[2022-04-22T19:00:51.816+0800][gc,metaspace ] GC(410) Metaspace: 43442K->43442K(1089536K)
[2022-04-22T19:00:51.816+0800][gc           ] GC(410) Pause Young (Normal) (G1 Evacuation Pause) 260M->214M(1024M) 26.416ms
[2022-04-22T19:00:51.816+0800][gc,cpu       ] GC(410) User=0.03s Sys=0.02s Real=0.03s
[2022-04-22T19:01:08.845+0800][gc,start     ] GC(411) Pause Young (Normal) (G1 Evacuation Pause)
[2022-04-22T19:01:08.845+0800][gc,task      ] GC(411) Using 8 workers of 8 for evacuation
[2022-04-22T19:01:08.856+0800][gc,phases    ] GC(411)   Pre Evacuate Collection Set: 0.1ms
[2022-04-22T19:01:08.857+0800][gc,phases    ] GC(411)   Evacuate Collection Set: 10.2ms
[2022-04-22T19:01:08.857+0800][gc,phases    ] GC(411)   Post Evacuate Collection Set: 0.5ms
[2022-04-22T19:01:08.857+0800][gc,phases    ] GC(411)   Other: 0.8ms
[2022-04-22T19:01:08.857+0800][gc,heap      ] GC(411) Eden regions: 47->0(47)
[2022-04-22T19:01:08.857+0800][gc,heap      ] GC(411) Survivor regions: 4->4(7)
[2022-04-22T19:01:08.857+0800][gc,heap      ] GC(411) Old regions: 81->81
[2022-04-22T19:01:08.857+0800][gc,heap      ] GC(411) Archive regions: 2->2
[2022-04-22T19:01:08.857+0800][gc,heap      ] GC(411) Humongous regions: 129->129
[2022-04-22T19:01:08.857+0800][gc,metaspace ] GC(411) Metaspace: 43442K->43442K(1089536K)
[2022-04-22T19:01:08.857+0800][gc           ] GC(411) Pause Young (Normal) (G1 Evacuation Pause) 261M->214M(1024M) 11.978ms
[2022-04-22T19:01:08.857+0800][gc,cpu       ] GC(411) User=0.04s Sys=0.00s Real=0.01s
[2022-04-22T19:01:25.963+0800][gc,start     ] GC(412) Pause Young (Normal) (G1 Evacuation Pause)
[2022-04-22T19:01:25.964+0800][gc,task      ] GC(412) Using 8 workers of 8 for evacuation
[2022-04-22T19:01:25.982+0800][gc,phases    ] GC(412)   Pre Evacuate Collection Set: 0.1ms
[2022-04-22T19:01:25.982+0800][gc,phases    ] GC(412)   Evacuate Collection Set: 16.6ms
[2022-04-22T19:01:25.982+0800][gc,phases    ] GC(412)   Post Evacuate Collection Set: 0.6ms
[2022-04-22T19:01:25.982+0800][gc,phases    ] GC(412)   Other: 1.1ms
[2022-04-22T19:01:25.982+0800][gc,heap      ] GC(412) Eden regions: 47->0(46)
[2022-04-22T19:01:25.982+0800][gc,heap      ] GC(412) Survivor regions: 4->6(7)
[2022-04-22T19:01:25.982+0800][gc,heap      ] GC(412) Old regions: 81->82
[2022-04-22T19:01:25.982+0800][gc,heap      ] GC(412) Archive regions: 2->2
[2022-04-22T19:01:25.982+0800][gc,heap      ] GC(412) Humongous regions: 129->129
[2022-04-22T19:01:25.982+0800][gc,metaspace ] GC(412) Metaspace: 43442K->43442K(1089536K)
[2022-04-22T19:01:25.982+0800][gc           ] GC(412) Pause Young (Normal) (G1 Evacuation Pause) 261M->216M(1024M) 18.648ms
[2022-04-22T19:01:25.982+0800][gc,cpu       ] GC(412) User=0.06s Sys=0.01s Real=0.02s
[2022-04-22T19:01:42.780+0800][gc,start     ] GC(413) Pause Young (Normal) (G1 Evacuation Pause)
[2022-04-22T19:01:42.780+0800][gc,task      ] GC(413) Using 8 workers of 8 for evacuation
[2022-04-22T19:01:42.816+0800][gc,mmu       ] GC(413) MMU target violated: 21.0ms (20.0ms/21.0ms)
[2022-04-22T19:01:42.817+0800][gc,phases    ] GC(413)   Pre Evacuate Collection Set: 0.3ms
[2022-04-22T19:01:42.817+0800][gc,phases    ] GC(413)   Evacuate Collection Set: 34.2ms
[2022-04-22T19:01:42.817+0800][gc,phases    ] GC(413)   Post Evacuate Collection Set: 1.0ms
[2022-04-22T19:01:42.817+0800][gc,phases    ] GC(413)   Other: 1.4ms
[2022-04-22T19:01:42.817+0800][gc,heap      ] GC(413) Eden regions: 46->0(47)
[2022-04-22T19:01:42.817+0800][gc,heap      ] GC(413) Survivor regions: 6->4(7)
[2022-04-22T19:01:42.817+0800][gc,heap      ] GC(413) Old regions: 82->83
[2022-04-22T19:01:42.817+0800][gc,heap      ] GC(413) Archive regions: 2->2
[2022-04-22T19:01:42.817+0800][gc,heap      ] GC(413) Humongous regions: 129->129
[2022-04-22T19:01:42.817+0800][gc,metaspace ] GC(413) Metaspace: 43442K->43442K(1089536K)
[2022-04-22T19:01:42.817+0800][gc           ] GC(413) Pause Young (Normal) (G1 Evacuation Pause) 262M->216M(1024M) 36.851ms
[2022-04-22T19:01:42.817+0800][gc,cpu       ] GC(413) User=0.05s Sys=0.05s Real=0.03s
[2022-04-22T19:01:59.997+0800][gc,start     ] GC(414) Pause Young (Normal) (G1 Evacuation Pause)
[2022-04-22T19:01:59.998+0800][gc,task      ] GC(414) Using 8 workers of 8 for evacuation
[2022-04-22T19:02:00.017+0800][gc,phases    ] GC(414)   Pre Evacuate Collection Set: 0.4ms
[2022-04-22T19:02:00.017+0800][gc,phases    ] GC(414)   Evacuate Collection Set: 17.0ms
[2022-04-22T19:02:00.017+0800][gc,phases    ] GC(414)   Post Evacuate Collection Set: 1.2ms
[2022-04-22T19:02:00.017+0800][gc,phases    ] GC(414)   Other: 1.6ms
[2022-04-22T19:02:00.017+0800][gc,heap      ] GC(414) Eden regions: 47->0(47)
[2022-04-22T19:02:00.017+0800][gc,heap      ] GC(414) Survivor regions: 4->4(7)
[2022-04-22T19:02:00.017+0800][gc,heap      ] GC(414) Old regions: 83->83
[2022-04-22T19:02:00.017+0800][gc,heap      ] GC(414) Archive regions: 2->2
[2022-04-22T19:02:00.017+0800][gc,heap      ] GC(414) Humongous regions: 129->129
[2022-04-22T19:02:00.017+0800][gc,metaspace ] GC(414) Metaspace: 43442K->43442K(1089536K)
[2022-04-22T19:02:00.017+0800][gc           ] GC(414) Pause Young (Normal) (G1 Evacuation Pause) 263M->216M(1024M) 20.357ms
[2022-04-22T19:02:00.018+0800][gc,cpu       ] GC(414) User=0.04s Sys=0.02s Real=0.02s
[2022-04-22T19:02:17.243+0800][gc,start     ] GC(415) Pause Young (Normal) (G1 Evacuation Pause)
[2022-04-22T19:02:17.243+0800][gc,task      ] GC(415) Using 8 workers of 8 for evacuation
[2022-04-22T19:02:17.258+0800][gc,phases    ] GC(415)   Pre Evacuate Collection Set: 0.2ms
[2022-04-22T19:02:17.258+0800][gc,phases    ] GC(415)   Evacuate Collection Set: 12.6ms
[2022-04-22T19:02:17.258+0800][gc,phases    ] GC(415)   Post Evacuate Collection Set: 0.5ms
[2022-04-22T19:02:17.258+0800][gc,phases    ] GC(415)   Other: 1.5ms
[2022-04-22T19:02:17.258+0800][gc,heap      ] GC(415) Eden regions: 47->0(47)
[2022-04-22T19:02:17.258+0800][gc,heap      ] GC(415) Survivor regions: 4->4(7)
[2022-04-22T19:02:17.258+0800][gc,heap      ] GC(415) Old regions: 83->84
[2022-04-22T19:02:17.258+0800][gc,heap      ] GC(415) Archive regions: 2->2
[2022-04-22T19:02:17.258+0800][gc,heap      ] GC(415) Humongous regions: 129->129
[2022-04-22T19:02:17.258+0800][gc,metaspace ] GC(415) Metaspace: 43442K->43442K(1089536K)
[2022-04-22T19:02:17.258+0800][gc           ] GC(415) Pause Young (Normal) (G1 Evacuation Pause) 263M->216M(1024M) 15.090ms
[2022-04-22T19:02:17.258+0800][gc,cpu       ] GC(415) User=0.05s Sys=0.01s Real=0.01s
[2022-04-22T19:02:34.489+0800][gc,start     ] GC(416) Pause Young (Normal) (G1 Evacuation Pause)
[2022-04-22T19:02:34.490+0800][gc,task      ] GC(416) Using 8 workers of 8 for evacuation
[2022-04-22T19:02:34.496+0800][gc,phases    ] GC(416)   Pre Evacuate Collection Set: 0.2ms
[2022-04-22T19:02:34.496+0800][gc,phases    ] GC(416)   Evacuate Collection Set: 4.8ms
[2022-04-22T19:02:34.496+0800][gc,phases    ] GC(416)   Post Evacuate Collection Set: 0.3ms
[2022-04-22T19:02:34.496+0800][gc,phases    ] GC(416)   Other: 1.7ms
[2022-04-22T19:02:34.496+0800][gc,heap      ] GC(416) Eden regions: 47->0(49)
[2022-04-22T19:02:34.496+0800][gc,heap      ] GC(416) Survivor regions: 4->4(7)
[2022-04-22T19:02:34.496+0800][gc,heap      ] GC(416) Old regions: 84->84
[2022-04-22T19:02:34.496+0800][gc,heap      ] GC(416) Archive regions: 2->2
[2022-04-22T19:02:34.496+0800][gc,heap      ] GC(416) Humongous regions: 129->129
[2022-04-22T19:02:34.496+0800][gc,metaspace ] GC(416) Metaspace: 43442K->43442K(1089536K)
[2022-04-22T19:02:34.496+0800][gc           ] GC(416) Pause Young (Normal) (G1 Evacuation Pause) 263M->217M(1024M) 6.968ms
[2022-04-22T19:02:34.496+0800][gc,cpu       ] GC(416) User=0.02s Sys=0.00s Real=0.01s
[2022-04-22T19:02:52.419+0800][gc,start     ] GC(417) Pause Young (Normal) (G1 Evacuation Pause)
[2022-04-22T19:02:52.431+0800][gc,task      ] GC(417) Using 8 workers of 8 for evacuation
[2022-04-22T19:02:52.468+0800][gc,mmu       ] GC(417) MMU target violated: 21.0ms (20.0ms/21.0ms)
[2022-04-22T19:02:52.468+0800][gc,phases    ] GC(417)   Pre Evacuate Collection Set: 0.3ms
[2022-04-22T19:02:52.468+0800][gc,phases    ] GC(417)   Evacuate Collection Set: 33.7ms
[2022-04-22T19:02:52.468+0800][gc,phases    ] GC(417)   Post Evacuate Collection Set: 1.5ms
[2022-04-22T19:02:52.469+0800][gc,phases    ] GC(417)   Other: 13.9ms
[2022-04-22T19:02:52.469+0800][gc,heap      ] GC(417) Eden regions: 49->0(47)
[2022-04-22T19:02:52.469+0800][gc,heap      ] GC(417) Survivor regions: 4->4(7)
[2022-04-22T19:02:52.469+0800][gc,heap      ] GC(417) Old regions: 84->84
[2022-04-22T19:02:52.469+0800][gc,heap      ] GC(417) Archive regions: 2->2
[2022-04-22T19:02:52.469+0800][gc,heap      ] GC(417) Humongous regions: 129->129
[2022-04-22T19:02:52.469+0800][gc,metaspace ] GC(417) Metaspace: 43442K->43442K(1089536K)
[2022-04-22T19:02:52.469+0800][gc           ] GC(417) Pause Young (Normal) (G1 Evacuation Pause) 266M->217M(1024M) 49.569ms
[2022-04-22T19:02:52.469+0800][gc,cpu       ] GC(417) User=0.05s Sys=0.04s Real=0.05s
[2022-04-22T19:03:09.754+0800][gc,start     ] GC(418) Pause Young (Normal) (G1 Evacuation Pause)
[2022-04-22T19:03:09.754+0800][gc,task      ] GC(418) Using 8 workers of 8 for evacuation
[2022-04-22T19:03:09.773+0800][gc,phases    ] GC(418)   Pre Evacuate Collection Set: 0.4ms
[2022-04-22T19:03:09.773+0800][gc,phases    ] GC(418)   Evacuate Collection Set: 16.6ms
[2022-04-22T19:03:09.773+0800][gc,phases    ] GC(418)   Post Evacuate Collection Set: 0.7ms
[2022-04-22T19:03:09.773+0800][gc,phases    ] GC(418)   Other: 3.1ms
[2022-04-22T19:03:09.773+0800][gc,heap      ] GC(418) Eden regions: 47->0(47)
[2022-04-22T19:03:09.773+0800][gc,heap      ] GC(418) Survivor regions: 4->4(7)
[2022-04-22T19:03:09.773+0800][gc,heap      ] GC(418) Old regions: 84->85
[2022-04-22T19:03:09.773+0800][gc,heap      ] GC(418) Archive regions: 2->2
[2022-04-22T19:03:09.773+0800][gc,heap      ] GC(418) Humongous regions: 129->129
[2022-04-22T19:03:09.773+0800][gc,metaspace ] GC(418) Metaspace: 43442K->43442K(1089536K)
[2022-04-22T19:03:09.773+0800][gc           ] GC(418) Pause Young (Normal) (G1 Evacuation Pause) 264M->217M(1024M) 19.211ms
[2022-04-22T19:03:09.773+0800][gc,cpu       ] GC(418) User=0.05s Sys=0.01s Real=0.02s
[2022-04-22T19:03:27.092+0800][gc,start     ] GC(419) Pause Young (Normal) (G1 Evacuation Pause)
[2022-04-22T19:03:27.093+0800][gc,task      ] GC(419) Using 8 workers of 8 for evacuation
[2022-04-22T19:03:27.113+0800][gc,mmu       ] GC(419) MMU target violated: 20.6ms (20.0ms/21.0ms)
[2022-04-22T19:03:27.114+0800][gc,phases    ] GC(419)   Pre Evacuate Collection Set: 0.3ms
[2022-04-22T19:03:27.114+0800][gc,phases    ] GC(419)   Evacuate Collection Set: 18.4ms
[2022-04-22T19:03:27.114+0800][gc,phases    ] GC(419)   Post Evacuate Collection Set: 0.9ms
[2022-04-22T19:03:27.114+0800][gc,phases    ] GC(419)   Other: 2.1ms
[2022-04-22T19:03:27.114+0800][gc,heap      ] GC(419) Eden regions: 47->0(48)
[2022-04-22T19:03:27.114+0800][gc,heap      ] GC(419) Survivor regions: 4->5(7)
[2022-04-22T19:03:27.114+0800][gc,heap      ] GC(419) Old regions: 85->85
[2022-04-22T19:03:27.114+0800][gc,heap      ] GC(419) Archive regions: 2->2
[2022-04-22T19:03:27.114+0800][gc,heap      ] GC(419) Humongous regions: 129->129
[2022-04-22T19:03:27.114+0800][gc,metaspace ] GC(419) Metaspace: 43442K->43442K(1089536K)
[2022-04-22T19:03:27.114+0800][gc           ] GC(419) Pause Young (Normal) (G1 Evacuation Pause) 264M->218M(1024M) 21.743ms
[2022-04-22T19:03:27.114+0800][gc,cpu       ] GC(419) User=0.04s Sys=0.02s Real=0.02s
[2022-04-22T19:03:43.958+0800][gc,start     ] GC(420) Pause Young (Normal) (G1 Evacuation Pause)
[2022-04-22T19:03:43.959+0800][gc,task      ] GC(420) Using 8 workers of 8 for evacuation
[2022-04-22T19:03:43.988+0800][gc,mmu       ] GC(420) MMU target violated: 21.0ms (20.0ms/21.0ms)
[2022-04-22T19:03:43.989+0800][gc,phases    ] GC(420)   Pre Evacuate Collection Set: 0.2ms
[2022-04-22T19:03:43.989+0800][gc,phases    ] GC(420)   Evacuate Collection Set: 26.9ms
[2022-04-22T19:03:43.989+0800][gc,phases    ] GC(420)   Post Evacuate Collection Set: 1.9ms
[2022-04-22T19:03:43.989+0800][gc,phases    ] GC(420)   Other: 1.2ms
[2022-04-22T19:03:43.989+0800][gc,heap      ] GC(420) Eden regions: 46->0(47)
[2022-04-22T19:03:43.989+0800][gc,heap      ] GC(420) Survivor regions: 5->4(7)
[2022-04-22T19:03:43.989+0800][gc,heap      ] GC(420) Old regions: 85->85
[2022-04-22T19:03:43.989+0800][gc,heap      ] GC(420) Archive regions: 2->2
[2022-04-22T19:03:43.989+0800][gc,heap      ] GC(420) Humongous regions: 129->129
[2022-04-22T19:03:43.989+0800][gc,metaspace ] GC(420) Metaspace: 43442K->43442K(1089536K)
[2022-04-22T19:03:43.989+0800][gc           ] GC(420) Pause Young (Normal) (G1 Evacuation Pause) 264M->218M(1024M) 30.608ms
[2022-04-22T19:03:43.989+0800][gc,cpu       ] GC(420) User=0.04s Sys=0.01s Real=0.03s
[2022-04-22T19:04:01.188+0800][gc,start     ] GC(421) Pause Young (Normal) (G1 Evacuation Pause)
[2022-04-22T19:04:01.189+0800][gc,task      ] GC(421) Using 8 workers of 8 for evacuation
[2022-04-22T19:04:01.208+0800][gc,phases    ] GC(421)   Pre Evacuate Collection Set: 0.3ms
[2022-04-22T19:04:01.208+0800][gc,phases    ] GC(421)   Evacuate Collection Set: 17.4ms
[2022-04-22T19:04:01.208+0800][gc,phases    ] GC(421)   Post Evacuate Collection Set: 0.6ms
[2022-04-22T19:04:01.208+0800][gc,phases    ] GC(421)   Other: 1.4ms
[2022-04-22T19:04:01.208+0800][gc,heap      ] GC(421) Eden regions: 47->0(46)
[2022-04-22T19:04:01.208+0800][gc,heap      ] GC(421) Survivor regions: 4->5(7)
[2022-04-22T19:04:01.208+0800][gc,heap      ] GC(421) Old regions: 85->86
[2022-04-22T19:04:01.208+0800][gc,heap      ] GC(421) Archive regions: 2->2
[2022-04-22T19:04:01.208+0800][gc,heap      ] GC(421) Humongous regions: 129->129
[2022-04-22T19:04:01.208+0800][gc,metaspace ] GC(421) Metaspace: 43442K->43442K(1089536K)
[2022-04-22T19:04:01.208+0800][gc           ] GC(421) Pause Young (Normal) (G1 Evacuation Pause) 265M->219M(1024M) 19.979ms
[2022-04-22T19:04:01.208+0800][gc,cpu       ] GC(421) User=0.05s Sys=0.01s Real=0.02s
[2022-04-22T19:04:18.106+0800][gc,start     ] GC(422) Pause Young (Normal) (G1 Evacuation Pause)
[2022-04-22T19:04:18.108+0800][gc,task      ] GC(422) Using 8 workers of 8 for evacuation
[2022-04-22T19:04:18.136+0800][gc,mmu       ] GC(422) MMU target violated: 21.0ms (20.0ms/21.0ms)
[2022-04-22T19:04:18.136+0800][gc,phases    ] GC(422)   Pre Evacuate Collection Set: 0.2ms
[2022-04-22T19:04:18.136+0800][gc,phases    ] GC(422)   Evacuate Collection Set: 26.8ms
[2022-04-22T19:04:18.136+0800][gc,phases    ] GC(422)   Post Evacuate Collection Set: 0.5ms
[2022-04-22T19:04:18.136+0800][gc,phases    ] GC(422)   Other: 2.2ms
[2022-04-22T19:04:18.136+0800][gc,heap      ] GC(422) Eden regions: 46->0(47)
[2022-04-22T19:04:18.136+0800][gc,heap      ] GC(422) Survivor regions: 5->4(7)
[2022-04-22T19:04:18.136+0800][gc,heap      ] GC(422) Old regions: 86->87
[2022-04-22T19:04:18.136+0800][gc,heap      ] GC(422) Archive regions: 2->2
[2022-04-22T19:04:18.136+0800][gc,heap      ] GC(422) Humongous regions: 129->129
[2022-04-22T19:04:18.136+0800][gc,metaspace ] GC(422) Metaspace: 43442K->43442K(1089536K)
[2022-04-22T19:04:18.136+0800][gc           ] GC(422) Pause Young (Normal) (G1 Evacuation Pause) 265M->220M(1024M) 29.928ms
[2022-04-22T19:04:18.136+0800][gc,cpu       ] GC(422) User=0.05s Sys=0.02s Real=0.03s
[2022-04-22T19:04:35.297+0800][gc,start     ] GC(423) Pause Young (Normal) (G1 Evacuation Pause)
[2022-04-22T19:04:35.298+0800][gc,task      ] GC(423) Using 8 workers of 8 for evacuation
[2022-04-22T19:04:35.310+0800][gc,phases    ] GC(423)   Pre Evacuate Collection Set: 0.2ms
[2022-04-22T19:04:35.310+0800][gc,phases    ] GC(423)   Evacuate Collection Set: 10.5ms
[2022-04-22T19:04:35.310+0800][gc,phases    ] GC(423)   Post Evacuate Collection Set: 0.7ms
[2022-04-22T19:04:35.310+0800][gc,phases    ] GC(423)   Other: 0.8ms
[2022-04-22T19:04:35.310+0800][gc,heap      ] GC(423) Eden regions: 47->0(47)
[2022-04-22T19:04:35.310+0800][gc,heap      ] GC(423) Survivor regions: 4->4(7)
[2022-04-22T19:04:35.310+0800][gc,heap      ] GC(423) Old regions: 87->87
[2022-04-22T19:04:35.310+0800][gc,heap      ] GC(423) Archive regions: 2->2
[2022-04-22T19:04:35.310+0800][gc,heap      ] GC(423) Humongous regions: 129->129
[2022-04-22T19:04:35.310+0800][gc,metaspace ] GC(423) Metaspace: 43442K->43442K(1089536K)
[2022-04-22T19:04:35.310+0800][gc           ] GC(423) Pause Young (Normal) (G1 Evacuation Pause) 267M->220M(1024M) 12.408ms
[2022-04-22T19:04:35.310+0800][gc,cpu       ] GC(423) User=0.04s Sys=0.01s Real=0.02s
[2022-04-22T19:04:52.507+0800][gc,start     ] GC(424) Pause Young (Normal) (G1 Evacuation Pause)
[2022-04-22T19:04:52.508+0800][gc,task      ] GC(424) Using 8 workers of 8 for evacuation
[2022-04-22T19:04:52.531+0800][gc,mmu       ] GC(424) MMU target violated: 21.0ms (20.0ms/21.0ms)
[2022-04-22T19:04:52.531+0800][gc,phases    ] GC(424)   Pre Evacuate Collection Set: 0.3ms
[2022-04-22T19:04:52.531+0800][gc,phases    ] GC(424)   Evacuate Collection Set: 20.6ms
[2022-04-22T19:04:52.531+0800][gc,phases    ] GC(424)   Post Evacuate Collection Set: 1.2ms
[2022-04-22T19:04:52.531+0800][gc,phases    ] GC(424)   Other: 2.6ms
[2022-04-22T19:04:52.531+0800][gc,heap      ] GC(424) Eden regions: 47->0(47)
[2022-04-22T19:04:52.531+0800][gc,heap      ] GC(424) Survivor regions: 4->4(7)
[2022-04-22T19:04:52.531+0800][gc,heap      ] GC(424) Old regions: 87->87
[2022-04-22T19:04:52.531+0800][gc,heap      ] GC(424) Archive regions: 2->2
[2022-04-22T19:04:52.531+0800][gc,heap      ] GC(424) Humongous regions: 129->129
[2022-04-22T19:04:52.531+0800][gc,metaspace ] GC(424) Metaspace: 43442K->43442K(1089536K)
[2022-04-22T19:04:52.531+0800][gc           ] GC(424) Pause Young (Normal) (G1 Evacuation Pause) 267M->220M(1024M) 24.812ms
[2022-04-22T19:04:52.531+0800][gc,cpu       ] GC(424) User=0.04s Sys=0.03s Real=0.03s
[2022-04-22T19:05:10.040+0800][gc,start     ] GC(425) Pause Young (Normal) (G1 Evacuation Pause)
[2022-04-22T19:05:10.041+0800][gc,task      ] GC(425) Using 8 workers of 8 for evacuation
[2022-04-22T19:05:10.064+0800][gc,mmu       ] GC(425) MMU target violated: 21.0ms (20.0ms/21.0ms)
[2022-04-22T19:05:10.064+0800][gc,phases    ] GC(425)   Pre Evacuate Collection Set: 0.3ms
[2022-04-22T19:05:10.064+0800][gc,phases    ] GC(425)   Evacuate Collection Set: 21.1ms
[2022-04-22T19:05:10.064+0800][gc,phases    ] GC(425)   Post Evacuate Collection Set: 0.7ms
[2022-04-22T19:05:10.064+0800][gc,phases    ] GC(425)   Other: 1.9ms
[2022-04-22T19:05:10.064+0800][gc,heap      ] GC(425) Eden regions: 47->0(47)
[2022-04-22T19:05:10.064+0800][gc,heap      ] GC(425) Survivor regions: 4->4(7)
[2022-04-22T19:05:10.064+0800][gc,heap      ] GC(425) Old regions: 87->88
[2022-04-22T19:05:10.064+0800][gc,heap      ] GC(425) Archive regions: 2->2
[2022-04-22T19:05:10.064+0800][gc,heap      ] GC(425) Humongous regions: 129->129
[2022-04-22T19:05:10.065+0800][gc,metaspace ] GC(425) Metaspace: 43442K->43442K(1089536K)
[2022-04-22T19:05:10.065+0800][gc           ] GC(425) Pause Young (Normal) (G1 Evacuation Pause) 267M->221M(1024M) 24.098ms
[2022-04-22T19:05:10.065+0800][gc,cpu       ] GC(425) User=0.06s Sys=0.02s Real=0.02s
[2022-04-22T19:05:27.279+0800][gc,start     ] GC(426) Pause Young (Normal) (G1 Evacuation Pause)
[2022-04-22T19:05:27.280+0800][gc,task      ] GC(426) Using 8 workers of 8 for evacuation
[2022-04-22T19:05:27.295+0800][gc,phases    ] GC(426)   Pre Evacuate Collection Set: 0.4ms
[2022-04-22T19:05:27.295+0800][gc,phases    ] GC(426)   Evacuate Collection Set: 12.9ms
[2022-04-22T19:05:27.295+0800][gc,phases    ] GC(426)   Post Evacuate Collection Set: 0.4ms
[2022-04-22T19:05:27.295+0800][gc,phases    ] GC(426)   Other: 1.8ms
[2022-04-22T19:05:27.295+0800][gc,heap      ] GC(426) Eden regions: 47->0(49)
[2022-04-22T19:05:27.295+0800][gc,heap      ] GC(426) Survivor regions: 4->5(7)
[2022-04-22T19:05:27.295+0800][gc,heap      ] GC(426) Old regions: 88->88
[2022-04-22T19:05:27.295+0800][gc,heap      ] GC(426) Archive regions: 2->2
[2022-04-22T19:05:27.295+0800][gc,heap      ] GC(426) Humongous regions: 129->129
[2022-04-22T19:05:27.295+0800][gc,metaspace ] GC(426) Metaspace: 43442K->43442K(1089536K)
[2022-04-22T19:05:27.295+0800][gc           ] GC(426) Pause Young (Normal) (G1 Evacuation Pause) 268M->221M(1024M) 15.603ms
[2022-04-22T19:05:27.295+0800][gc,cpu       ] GC(426) User=0.05s Sys=0.01s Real=0.02s
[2022-04-22T19:05:45.261+0800][gc,start     ] GC(427) Pause Young (Normal) (G1 Evacuation Pause)
[2022-04-22T19:05:45.263+0800][gc,task      ] GC(427) Using 8 workers of 8 for evacuation
[2022-04-22T19:05:45.291+0800][gc,mmu       ] GC(427) MMU target violated: 21.0ms (20.0ms/21.0ms)
[2022-04-22T19:05:45.291+0800][gc,phases    ] GC(427)   Pre Evacuate Collection Set: 0.4ms
[2022-04-22T19:05:45.291+0800][gc,phases    ] GC(427)   Evacuate Collection Set: 25.7ms
[2022-04-22T19:05:45.291+0800][gc,phases    ] GC(427)   Post Evacuate Collection Set: 1.1ms
[2022-04-22T19:05:45.291+0800][gc,phases    ] GC(427)   Other: 3.0ms
[2022-04-22T19:05:45.292+0800][gc,heap      ] GC(427) Eden regions: 49->0(46)
[2022-04-22T19:05:45.292+0800][gc,heap      ] GC(427) Survivor regions: 5->5(7)
[2022-04-22T19:05:45.292+0800][gc,heap      ] GC(427) Old regions: 88->88
[2022-04-22T19:05:45.292+0800][gc,heap      ] GC(427) Archive regions: 2->2
[2022-04-22T19:05:45.292+0800][gc,heap      ] GC(427) Humongous regions: 129->129
[2022-04-22T19:05:45.292+0800][gc,metaspace ] GC(427) Metaspace: 43442K->43442K(1089536K)
[2022-04-22T19:05:45.292+0800][gc           ] GC(427) Pause Young (Normal) (G1 Evacuation Pause) 270M->221M(1024M) 30.254ms
[2022-04-22T19:05:45.292+0800][gc,cpu       ] GC(427) User=0.06s Sys=0.03s Real=0.03s
[2022-04-22T19:06:02.153+0800][gc,start     ] GC(428) Pause Young (Normal) (G1 Evacuation Pause)
[2022-04-22T19:06:02.155+0800][gc,task      ] GC(428) Using 8 workers of 8 for evacuation
[2022-04-22T19:06:02.176+0800][gc,mmu       ] GC(428) MMU target violated: 20.7ms (20.0ms/21.0ms)
[2022-04-22T19:06:02.176+0800][gc,phases    ] GC(428)   Pre Evacuate Collection Set: 0.3ms
[2022-04-22T19:06:02.176+0800][gc,phases    ] GC(428)   Evacuate Collection Set: 18.6ms
[2022-04-22T19:06:02.176+0800][gc,phases    ] GC(428)   Post Evacuate Collection Set: 1.4ms
[2022-04-22T19:06:02.176+0800][gc,phases    ] GC(428)   Other: 3.1ms
[2022-04-22T19:06:02.176+0800][gc,heap      ] GC(428) Eden regions: 46->0(47)
[2022-04-22T19:06:02.176+0800][gc,heap      ] GC(428) Survivor regions: 5->4(7)
[2022-04-22T19:06:02.176+0800][gc,heap      ] GC(428) Old regions: 88->89
[2022-04-22T19:06:02.176+0800][gc,heap      ] GC(428) Archive regions: 2->2
[2022-04-22T19:06:02.176+0800][gc,heap      ] GC(428) Humongous regions: 129->129
[2022-04-22T19:06:02.176+0800][gc,metaspace ] GC(428) Metaspace: 43442K->43442K(1089536K)
[2022-04-22T19:06:02.176+0800][gc           ] GC(428) Pause Young (Normal) (G1 Evacuation Pause) 267M->221M(1024M) 23.488ms
[2022-04-22T19:06:02.176+0800][gc,cpu       ] GC(428) User=0.06s Sys=0.01s Real=0.02s
[2022-04-22T19:06:19.536+0800][gc,start     ] GC(429) Pause Young (Normal) (G1 Evacuation Pause)
[2022-04-22T19:06:19.536+0800][gc,task      ] GC(429) Using 8 workers of 8 for evacuation
[2022-04-22T19:06:19.555+0800][gc,phases    ] GC(429)   Pre Evacuate Collection Set: 0.3ms
[2022-04-22T19:06:19.555+0800][gc,phases    ] GC(429)   Evacuate Collection Set: 17.6ms
[2022-04-22T19:06:19.555+0800][gc,phases    ] GC(429)   Post Evacuate Collection Set: 0.5ms
[2022-04-22T19:06:19.555+0800][gc,phases    ] GC(429)   Other: 0.8ms
[2022-04-22T19:06:19.555+0800][gc,heap      ] GC(429) Eden regions: 47->0(47)
[2022-04-22T19:06:19.555+0800][gc,heap      ] GC(429) Survivor regions: 4->6(7)
[2022-04-22T19:06:19.555+0800][gc,heap      ] GC(429) Old regions: 89->89
[2022-04-22T19:06:19.555+0800][gc,heap      ] GC(429) Archive regions: 2->2
[2022-04-22T19:06:19.555+0800][gc,heap      ] GC(429) Humongous regions: 129->129
[2022-04-22T19:06:19.555+0800][gc,metaspace ] GC(429) Metaspace: 43442K->43442K(1089536K)
[2022-04-22T19:06:19.555+0800][gc           ] GC(429) Pause Young (Normal) (G1 Evacuation Pause) 268M->223M(1024M) 19.402ms
[2022-04-22T19:06:19.555+0800][gc,cpu       ] GC(429) User=0.05s Sys=0.01s Real=0.02s
[2022-04-22T19:06:36.668+0800][gc,start     ] GC(430) Pause Young (Normal) (G1 Evacuation Pause)
[2022-04-22T19:06:36.671+0800][gc,task      ] GC(430) Using 8 workers of 8 for evacuation
[2022-04-22T19:06:36.703+0800][gc,mmu       ] GC(430) MMU target violated: 21.0ms (20.0ms/21.0ms)
[2022-04-22T19:06:36.703+0800][gc,phases    ] GC(430)   Pre Evacuate Collection Set: 0.2ms
[2022-04-22T19:06:36.703+0800][gc,phases    ] GC(430)   Evacuate Collection Set: 29.2ms
[2022-04-22T19:06:36.703+0800][gc,phases    ] GC(430)   Post Evacuate Collection Set: 0.7ms
[2022-04-22T19:06:36.703+0800][gc,phases    ] GC(430)   Other: 4.6ms
[2022-04-22T19:06:36.703+0800][gc,heap      ] GC(430) Eden regions: 47->0(47)
[2022-04-22T19:06:36.703+0800][gc,heap      ] GC(430) Survivor regions: 6->4(7)
[2022-04-22T19:06:36.703+0800][gc,heap      ] GC(430) Old regions: 89->91
[2022-04-22T19:06:36.703+0800][gc,heap      ] GC(430) Archive regions: 2->2
[2022-04-22T19:06:36.703+0800][gc,heap      ] GC(430) Humongous regions: 129->129
[2022-04-22T19:06:36.703+0800][gc,metaspace ] GC(430) Metaspace: 43442K->43442K(1089536K)
[2022-04-22T19:06:36.703+0800][gc           ] GC(430) Pause Young (Normal) (G1 Evacuation Pause) 270M->224M(1024M) 34.888ms
[2022-04-22T19:06:36.703+0800][gc,cpu       ] GC(430) User=0.06s Sys=0.03s Real=0.04s
[2022-04-22T19:06:54.003+0800][gc,start     ] GC(431) Pause Young (Normal) (G1 Evacuation Pause)
[2022-04-22T19:06:54.004+0800][gc,task      ] GC(431) Using 8 workers of 8 for evacuation
[2022-04-22T19:06:54.032+0800][gc,mmu       ] GC(431) MMU target violated: 21.0ms (20.0ms/21.0ms)
[2022-04-22T19:06:54.032+0800][gc,phases    ] GC(431)   Pre Evacuate Collection Set: 0.2ms
[2022-04-22T19:06:54.033+0800][gc,phases    ] GC(431)   Evacuate Collection Set: 26.1ms
[2022-04-22T19:06:54.033+0800][gc,phases    ] GC(431)   Post Evacuate Collection Set: 1.6ms
[2022-04-22T19:06:54.033+0800][gc,phases    ] GC(431)   Other: 1.2ms
[2022-04-22T19:06:54.033+0800][gc,heap      ] GC(431) Eden regions: 47->0(47)
[2022-04-22T19:06:54.033+0800][gc,heap      ] GC(431) Survivor regions: 4->4(7)
[2022-04-22T19:06:54.033+0800][gc,heap      ] GC(431) Old regions: 91->91
[2022-04-22T19:06:54.033+0800][gc,heap      ] GC(431) Archive regions: 2->2
[2022-04-22T19:06:54.033+0800][gc,heap      ] GC(431) Humongous regions: 129->129
[2022-04-22T19:06:54.033+0800][gc,metaspace ] GC(431) Metaspace: 43442K->43442K(1089536K)
[2022-04-22T19:06:54.033+0800][gc           ] GC(431) Pause Young (Normal) (G1 Evacuation Pause) 271M->224M(1024M) 29.175ms
[2022-04-22T19:06:54.033+0800][gc,cpu       ] GC(431) User=0.04s Sys=0.02s Real=0.03s
[2022-04-22T19:07:11.119+0800][gc,start     ] GC(432) Pause Young (Normal) (G1 Evacuation Pause)
[2022-04-22T19:07:11.120+0800][gc,task      ] GC(432) Using 8 workers of 8 for evacuation
[2022-04-22T19:07:11.135+0800][gc,phases    ] GC(432)   Pre Evacuate Collection Set: 0.2ms
[2022-04-22T19:07:11.135+0800][gc,phases    ] GC(432)   Evacuate Collection Set: 13.2ms
[2022-04-22T19:07:11.135+0800][gc,phases    ] GC(432)   Post Evacuate Collection Set: 0.5ms
[2022-04-22T19:07:11.135+0800][gc,phases    ] GC(432)   Other: 1.4ms
[2022-04-22T19:07:11.135+0800][gc,heap      ] GC(432) Eden regions: 47->0(47)
[2022-04-22T19:07:11.135+0800][gc,heap      ] GC(432) Survivor regions: 4->4(7)
[2022-04-22T19:07:11.135+0800][gc,heap      ] GC(432) Old regions: 91->91
[2022-04-22T19:07:11.135+0800][gc,heap      ] GC(432) Archive regions: 2->2
[2022-04-22T19:07:11.135+0800][gc,heap      ] GC(432) Humongous regions: 129->129
[2022-04-22T19:07:11.135+0800][gc,metaspace ] GC(432) Metaspace: 43442K->43442K(1089536K)
[2022-04-22T19:07:11.135+0800][gc           ] GC(432) Pause Young (Normal) (G1 Evacuation Pause) 271M->224M(1024M) 15.521ms
[2022-04-22T19:07:11.135+0800][gc,cpu       ] GC(432) User=0.05s Sys=0.01s Real=0.02s
[2022-04-22T19:07:28.299+0800][gc,start     ] GC(433) Pause Young (Normal) (G1 Evacuation Pause)
[2022-04-22T19:07:28.299+0800][gc,task      ] GC(433) Using 8 workers of 8 for evacuation
[2022-04-22T19:07:28.318+0800][gc,phases    ] GC(433)   Pre Evacuate Collection Set: 0.2ms
[2022-04-22T19:07:28.318+0800][gc,phases    ] GC(433)   Evacuate Collection Set: 17.8ms
[2022-04-22T19:07:28.318+0800][gc,phases    ] GC(433)   Post Evacuate Collection Set: 0.8ms
[2022-04-22T19:07:28.319+0800][gc,phases    ] GC(433)   Other: 1.0ms
[2022-04-22T19:07:28.319+0800][gc,heap      ] GC(433) Eden regions: 47->0(47)
[2022-04-22T19:07:28.319+0800][gc,heap      ] GC(433) Survivor regions: 4->4(7)
[2022-04-22T19:07:28.319+0800][gc,heap      ] GC(433) Old regions: 91->92
[2022-04-22T19:07:28.319+0800][gc,heap      ] GC(433) Archive regions: 2->2
[2022-04-22T19:07:28.319+0800][gc,heap      ] GC(433) Humongous regions: 129->129
[2022-04-22T19:07:28.319+0800][gc,metaspace ] GC(433) Metaspace: 43442K->43442K(1089536K)
[2022-04-22T19:07:28.319+0800][gc           ] GC(433) Pause Young (Normal) (G1 Evacuation Pause) 271M->224M(1024M) 20.080ms
[2022-04-22T19:07:28.319+0800][gc,cpu       ] GC(433) User=0.04s Sys=0.01s Real=0.02s
[2022-04-22T19:07:45.383+0800][gc,start     ] GC(434) Pause Young (Normal) (G1 Evacuation Pause)
[2022-04-22T19:07:45.384+0800][gc,task      ] GC(434) Using 8 workers of 8 for evacuation
[2022-04-22T19:07:45.401+0800][gc,phases    ] GC(434)   Pre Evacuate Collection Set: 0.2ms
[2022-04-22T19:07:45.401+0800][gc,phases    ] GC(434)   Evacuate Collection Set: 15.4ms
[2022-04-22T19:07:45.401+0800][gc,phases    ] GC(434)   Post Evacuate Collection Set: 0.7ms
[2022-04-22T19:07:45.401+0800][gc,phases    ] GC(434)   Other: 2.3ms
[2022-04-22T19:07:45.401+0800][gc,heap      ] GC(434) Eden regions: 47->0(48)
[2022-04-22T19:07:45.402+0800][gc,heap      ] GC(434) Survivor regions: 4->4(7)
[2022-04-22T19:07:45.402+0800][gc,heap      ] GC(434) Old regions: 92->92
[2022-04-22T19:07:45.402+0800][gc,heap      ] GC(434) Archive regions: 2->2
[2022-04-22T19:07:45.402+0800][gc,heap      ] GC(434) Humongous regions: 129->129
[2022-04-22T19:07:45.402+0800][gc,metaspace ] GC(434) Metaspace: 43442K->43442K(1089536K)
[2022-04-22T19:07:45.402+0800][gc           ] GC(434) Pause Young (Normal) (G1 Evacuation Pause) 271M->225M(1024M) 18.800ms
[2022-04-22T19:07:45.402+0800][gc,cpu       ] GC(434) User=0.05s Sys=0.01s Real=0.02s
[2022-04-22T19:08:02.693+0800][gc,start     ] GC(435) Pause Young (Normal) (G1 Evacuation Pause)
[2022-04-22T19:08:02.694+0800][gc,task      ] GC(435) Using 8 workers of 8 for evacuation
[2022-04-22T19:08:02.729+0800][gc,mmu       ] GC(435) MMU target violated: 21.0ms (20.0ms/21.0ms)
[2022-04-22T19:08:02.729+0800][gc,phases    ] GC(435)   Pre Evacuate Collection Set: 0.4ms
[2022-04-22T19:08:02.730+0800][gc,phases    ] GC(435)   Evacuate Collection Set: 32.8ms
[2022-04-22T19:08:02.730+0800][gc,phases    ] GC(435)   Post Evacuate Collection Set: 1.2ms
[2022-04-22T19:08:02.730+0800][gc,phases    ] GC(435)   Other: 2.1ms
[2022-04-22T19:08:02.730+0800][gc,heap      ] GC(435) Eden regions: 47->0(47)
[2022-04-22T19:08:02.730+0800][gc,heap      ] GC(435) Survivor regions: 4->4(7)
[2022-04-22T19:08:02.730+0800][gc,heap      ] GC(435) Old regions: 92->92
[2022-04-22T19:08:02.730+0800][gc,heap      ] GC(435) Archive regions: 2->2
[2022-04-22T19:08:02.730+0800][gc,heap      ] GC(435) Humongous regions: 129->129
[2022-04-22T19:08:02.730+0800][gc,metaspace ] GC(435) Metaspace: 43442K->43442K(1089536K)
[2022-04-22T19:08:02.730+0800][gc           ] GC(435) Pause Young (Normal) (G1 Evacuation Pause) 272M->225M(1024M) 36.622ms
[2022-04-22T19:08:02.730+0800][gc,cpu       ] GC(435) User=0.04s Sys=0.02s Real=0.04s
[2022-04-22T19:08:20.104+0800][gc,start     ] GC(436) Pause Young (Normal) (G1 Evacuation Pause)
[2022-04-22T19:08:20.106+0800][gc,task      ] GC(436) Using 8 workers of 8 for evacuation
[2022-04-22T19:08:20.141+0800][gc,mmu       ] GC(436) MMU target violated: 21.0ms (20.0ms/21.0ms)
[2022-04-22T19:08:20.141+0800][gc,phases    ] GC(436)   Pre Evacuate Collection Set: 0.4ms
[2022-04-22T19:08:20.141+0800][gc,phases    ] GC(436)   Evacuate Collection Set: 32.7ms
[2022-04-22T19:08:20.141+0800][gc,phases    ] GC(436)   Post Evacuate Collection Set: 1.0ms
[2022-04-22T19:08:20.141+0800][gc,phases    ] GC(436)   Other: 3.0ms
[2022-04-22T19:08:20.141+0800][gc,heap      ] GC(436) Eden regions: 47->0(47)
[2022-04-22T19:08:20.141+0800][gc,heap      ] GC(436) Survivor regions: 4->4(7)
[2022-04-22T19:08:20.141+0800][gc,heap      ] GC(436) Old regions: 92->92
[2022-04-22T19:08:20.141+0800][gc,heap      ] GC(436) Archive regions: 2->2
[2022-04-22T19:08:20.141+0800][gc,heap      ] GC(436) Humongous regions: 129->129
[2022-04-22T19:08:20.141+0800][gc,metaspace ] GC(436) Metaspace: 43442K->43442K(1089536K)
[2022-04-22T19:08:20.141+0800][gc           ] GC(436) Pause Young (Normal) (G1 Evacuation Pause) 272M->225M(1024M) 37.020ms
[2022-04-22T19:08:20.142+0800][gc,cpu       ] GC(436) User=0.05s Sys=0.03s Real=0.04s
[2022-04-22T19:08:37.320+0800][gc,start     ] GC(437) Pause Young (Normal) (G1 Evacuation Pause)
[2022-04-22T19:08:37.321+0800][gc,task      ] GC(437) Using 8 workers of 8 for evacuation
[2022-04-22T19:08:37.338+0800][gc,phases    ] GC(437)   Pre Evacuate Collection Set: 0.2ms
[2022-04-22T19:08:37.338+0800][gc,phases    ] GC(437)   Evacuate Collection Set: 15.5ms
[2022-04-22T19:08:37.338+0800][gc,phases    ] GC(437)   Post Evacuate Collection Set: 0.6ms
[2022-04-22T19:08:37.338+0800][gc,phases    ] GC(437)   Other: 1.1ms
[2022-04-22T19:08:37.338+0800][gc,heap      ] GC(437) Eden regions: 47->0(47)
[2022-04-22T19:08:37.338+0800][gc,heap      ] GC(437) Survivor regions: 4->4(7)
[2022-04-22T19:08:37.338+0800][gc,heap      ] GC(437) Old regions: 92->93
[2022-04-22T19:08:37.338+0800][gc,heap      ] GC(437) Archive regions: 2->2
[2022-04-22T19:08:37.338+0800][gc,heap      ] GC(437) Humongous regions: 129->129
[2022-04-22T19:08:37.338+0800][gc,metaspace ] GC(437) Metaspace: 43442K->43442K(1089536K)
[2022-04-22T19:08:37.338+0800][gc           ] GC(437) Pause Young (Normal) (G1 Evacuation Pause) 272M->225M(1024M) 17.525ms
[2022-04-22T19:08:37.338+0800][gc,cpu       ] GC(437) User=0.04s Sys=0.01s Real=0.01s
[2022-04-22T19:08:54.729+0800][gc,start     ] GC(438) Pause Young (Normal) (G1 Evacuation Pause)
[2022-04-22T19:08:54.730+0800][gc,task      ] GC(438) Using 8 workers of 8 for evacuation
[2022-04-22T19:08:54.745+0800][gc,phases    ] GC(438)   Pre Evacuate Collection Set: 0.2ms
[2022-04-22T19:08:54.745+0800][gc,phases    ] GC(438)   Evacuate Collection Set: 13.6ms
[2022-04-22T19:08:54.745+0800][gc,phases    ] GC(438)   Post Evacuate Collection Set: 0.9ms
[2022-04-22T19:08:54.745+0800][gc,phases    ] GC(438)   Other: 2.1ms
[2022-04-22T19:08:54.745+0800][gc,heap      ] GC(438) Eden regions: 47->0(46)
[2022-04-22T19:08:54.745+0800][gc,heap      ] GC(438) Survivor regions: 4->6(7)
[2022-04-22T19:08:54.745+0800][gc,heap      ] GC(438) Old regions: 93->93
[2022-04-22T19:08:54.746+0800][gc,heap      ] GC(438) Archive regions: 2->2
[2022-04-22T19:08:54.746+0800][gc,heap      ] GC(438) Humongous regions: 129->129
[2022-04-22T19:08:54.746+0800][gc,metaspace ] GC(438) Metaspace: 43442K->43442K(1089536K)
[2022-04-22T19:08:54.746+0800][gc           ] GC(438) Pause Young (Normal) (G1 Evacuation Pause) 272M->227M(1024M) 16.888ms
[2022-04-22T19:08:54.746+0800][gc,cpu       ] GC(438) User=0.06s Sys=0.01s Real=0.02s
[2022-04-22T19:09:11.187+0800][gc,start     ] GC(439) Pause Young (Normal) (G1 Evacuation Pause)
[2022-04-22T19:09:11.187+0800][gc,task      ] GC(439) Using 8 workers of 8 for evacuation
[2022-04-22T19:09:11.235+0800][gc,mmu       ] GC(439) MMU target violated: 21.0ms (20.0ms/21.0ms)
[2022-04-22T19:09:11.235+0800][gc,phases    ] GC(439)   Pre Evacuate Collection Set: 0.3ms
[2022-04-22T19:09:11.235+0800][gc,phases    ] GC(439)   Evacuate Collection Set: 46.5ms
[2022-04-22T19:09:11.235+0800][gc,phases    ] GC(439)   Post Evacuate Collection Set: 0.4ms
[2022-04-22T19:09:11.235+0800][gc,phases    ] GC(439)   Other: 1.3ms
[2022-04-22T19:09:11.235+0800][gc,heap      ] GC(439) Eden regions: 45->0(47)
[2022-04-22T19:09:11.235+0800][gc,heap      ] GC(439) Survivor regions: 6->4(7)
[2022-04-22T19:09:11.235+0800][gc,heap      ] GC(439) Old regions: 93->95
[2022-04-22T19:09:11.235+0800][gc,heap      ] GC(439) Archive regions: 2->2
[2022-04-22T19:09:11.235+0800][gc,heap      ] GC(439) Humongous regions: 129->129
[2022-04-22T19:09:11.235+0800][gc,metaspace ] GC(439) Metaspace: 43442K->43442K(1089536K)
[2022-04-22T19:09:11.235+0800][gc           ] GC(439) Pause Young (Normal) (G1 Evacuation Pause) 272M->227M(1024M) 48.509ms
[2022-04-22T19:09:11.235+0800][gc,cpu       ] GC(439) User=0.05s Sys=0.03s Real=0.05s
[2022-04-22T19:09:28.313+0800][gc,start     ] GC(440) Pause Young (Normal) (G1 Evacuation Pause)
[2022-04-22T19:09:28.315+0800][gc,task      ] GC(440) Using 8 workers of 8 for evacuation
[2022-04-22T19:09:28.334+0800][gc,phases    ] GC(440)   Pre Evacuate Collection Set: 0.4ms
[2022-04-22T19:09:28.334+0800][gc,phases    ] GC(440)   Evacuate Collection Set: 15.2ms
[2022-04-22T19:09:28.334+0800][gc,phases    ] GC(440)   Post Evacuate Collection Set: 2.3ms
[2022-04-22T19:09:28.334+0800][gc,phases    ] GC(440)   Other: 3.3ms
[2022-04-22T19:09:28.334+0800][gc,heap      ] GC(440) Eden regions: 47->0(47)
[2022-04-22T19:09:28.334+0800][gc,heap      ] GC(440) Survivor regions: 4->4(7)
[2022-04-22T19:09:28.334+0800][gc,heap      ] GC(440) Old regions: 95->95
[2022-04-22T19:09:28.334+0800][gc,heap      ] GC(440) Archive regions: 2->2
[2022-04-22T19:09:28.334+0800][gc,heap      ] GC(440) Humongous regions: 129->129
[2022-04-22T19:09:28.334+0800][gc,metaspace ] GC(440) Metaspace: 43442K->43442K(1089536K)
[2022-04-22T19:09:28.334+0800][gc           ] GC(440) Pause Young (Normal) (G1 Evacuation Pause) 274M->227M(1024M) 21.505ms
[2022-04-22T19:09:28.334+0800][gc,cpu       ] GC(440) User=0.04s Sys=0.02s Real=0.02s
[2022-04-22T19:09:45.551+0800][gc,start     ] GC(441) Pause Young (Normal) (G1 Evacuation Pause)
[2022-04-22T19:09:45.551+0800][gc,task      ] GC(441) Using 8 workers of 8 for evacuation
[2022-04-22T19:09:45.571+0800][gc,phases    ] GC(441)   Pre Evacuate Collection Set: 0.2ms
[2022-04-22T19:09:45.571+0800][gc,phases    ] GC(441)   Evacuate Collection Set: 18.1ms
[2022-04-22T19:09:45.571+0800][gc,phases    ] GC(441)   Post Evacuate Collection Set: 0.8ms
[2022-04-22T19:09:45.571+0800][gc,phases    ] GC(441)   Other: 1.2ms
[2022-04-22T19:09:45.571+0800][gc,heap      ] GC(441) Eden regions: 47->0(47)
[2022-04-22T19:09:45.571+0800][gc,heap      ] GC(441) Survivor regions: 4->4(7)
[2022-04-22T19:09:45.571+0800][gc,heap      ] GC(441) Old regions: 95->95
[2022-04-22T19:09:45.571+0800][gc,heap      ] GC(441) Archive regions: 2->2
[2022-04-22T19:09:45.571+0800][gc,heap      ] GC(441) Humongous regions: 129->129
[2022-04-22T19:09:45.571+0800][gc,metaspace ] GC(441) Metaspace: 43442K->43442K(1089536K)
[2022-04-22T19:09:45.571+0800][gc           ] GC(441) Pause Young (Normal) (G1 Evacuation Pause) 274M->228M(1024M) 20.601ms
[2022-04-22T19:09:45.571+0800][gc,cpu       ] GC(441) User=0.03s Sys=0.02s Real=0.02s
[2022-04-22T19:10:02.833+0800][gc,start     ] GC(442) Pause Young (Normal) (G1 Evacuation Pause)
[2022-04-22T19:10:02.834+0800][gc,task      ] GC(442) Using 8 workers of 8 for evacuation
[2022-04-22T19:10:02.850+0800][gc,phases    ] GC(442)   Pre Evacuate Collection Set: 0.2ms
[2022-04-22T19:10:02.850+0800][gc,phases    ] GC(442)   Evacuate Collection Set: 14.5ms
[2022-04-22T19:10:02.850+0800][gc,phases    ] GC(442)   Post Evacuate Collection Set: 0.4ms
[2022-04-22T19:10:02.850+0800][gc,phases    ] GC(442)   Other: 1.5ms
[2022-04-22T19:10:02.850+0800][gc,heap      ] GC(442) Eden regions: 47->0(47)
[2022-04-22T19:10:02.850+0800][gc,heap      ] GC(442) Survivor regions: 4->4(7)
[2022-04-22T19:10:02.850+0800][gc,heap      ] GC(442) Old regions: 95->95
[2022-04-22T19:10:02.850+0800][gc,heap      ] GC(442) Archive regions: 2->2
[2022-04-22T19:10:02.850+0800][gc,heap      ] GC(442) Humongous regions: 129->129
[2022-04-22T19:10:02.850+0800][gc,metaspace ] GC(442) Metaspace: 43442K->43442K(1089536K)
[2022-04-22T19:10:02.850+0800][gc           ] GC(442) Pause Young (Normal) (G1 Evacuation Pause) 275M->228M(1024M) 16.682ms
[2022-04-22T19:10:02.850+0800][gc,cpu       ] GC(442) User=0.04s Sys=0.01s Real=0.02s
[2022-04-22T19:10:20.143+0800][gc,start     ] GC(443) Pause Young (Normal) (G1 Evacuation Pause)
[2022-04-22T19:10:20.143+0800][gc,task      ] GC(443) Using 8 workers of 8 for evacuation
[2022-04-22T19:10:20.160+0800][gc,phases    ] GC(443)   Pre Evacuate Collection Set: 0.4ms
[2022-04-22T19:10:20.160+0800][gc,phases    ] GC(443)   Evacuate Collection Set: 14.8ms
[2022-04-22T19:10:20.160+0800][gc,phases    ] GC(443)   Post Evacuate Collection Set: 0.5ms
[2022-04-22T19:10:20.160+0800][gc,phases    ] GC(443)   Other: 1.4ms
[2022-04-22T19:10:20.160+0800][gc,heap      ] GC(443) Eden regions: 47->0(48)
[2022-04-22T19:10:20.160+0800][gc,heap      ] GC(443) Survivor regions: 4->4(7)
[2022-04-22T19:10:20.160+0800][gc,heap      ] GC(443) Old regions: 95->95
[2022-04-22T19:10:20.160+0800][gc,heap      ] GC(443) Archive regions: 2->2
[2022-04-22T19:10:20.160+0800][gc,heap      ] GC(443) Humongous regions: 129->129
[2022-04-22T19:10:20.160+0800][gc,metaspace ] GC(443) Metaspace: 43442K->43442K(1089536K)
[2022-04-22T19:10:20.160+0800][gc           ] GC(443) Pause Young (Normal) (G1 Evacuation Pause) 275M->228M(1024M) 17.189ms
[2022-04-22T19:10:20.160+0800][gc,cpu       ] GC(443) User=0.05s Sys=0.00s Real=0.02s
[2022-04-22T19:10:37.732+0800][gc,start     ] GC(444) Pause Young (Normal) (G1 Evacuation Pause)
[2022-04-22T19:10:37.734+0800][gc,task      ] GC(444) Using 8 workers of 8 for evacuation
[2022-04-22T19:10:37.754+0800][gc,phases    ] GC(444)   Pre Evacuate Collection Set: 0.4ms
[2022-04-22T19:10:37.754+0800][gc,phases    ] GC(444)   Evacuate Collection Set: 18.3ms
[2022-04-22T19:10:37.754+0800][gc,phases    ] GC(444)   Post Evacuate Collection Set: 0.9ms
[2022-04-22T19:10:37.754+0800][gc,phases    ] GC(444)   Other: 3.0ms
[2022-04-22T19:10:37.754+0800][gc,heap      ] GC(444) Eden regions: 48->0(47)
[2022-04-22T19:10:37.754+0800][gc,heap      ] GC(444) Survivor regions: 4->4(7)
[2022-04-22T19:10:37.754+0800][gc,heap      ] GC(444) Old regions: 95->96
[2022-04-22T19:10:37.754+0800][gc,heap      ] GC(444) Archive regions: 2->2
[2022-04-22T19:10:37.754+0800][gc,heap      ] GC(444) Humongous regions: 129->129
[2022-04-22T19:10:37.754+0800][gc,metaspace ] GC(444) Metaspace: 43442K->43442K(1089536K)
[2022-04-22T19:10:37.754+0800][gc           ] GC(444) Pause Young (Normal) (G1 Evacuation Pause) 276M->228M(1024M) 22.779ms
[2022-04-22T19:10:37.754+0800][gc,cpu       ] GC(444) User=0.05s Sys=0.01s Real=0.02s
[2022-04-22T19:10:55.140+0800][gc,start     ] GC(445) Pause Young (Normal) (G1 Evacuation Pause)
[2022-04-22T19:10:55.142+0800][gc,task      ] GC(445) Using 8 workers of 8 for evacuation
[2022-04-22T19:10:55.177+0800][gc,mmu       ] GC(445) MMU target violated: 21.0ms (20.0ms/21.0ms)
[2022-04-22T19:10:55.177+0800][gc,phases    ] GC(445)   Pre Evacuate Collection Set: 0.4ms
[2022-04-22T19:10:55.177+0800][gc,phases    ] GC(445)   Evacuate Collection Set: 32.9ms
[2022-04-22T19:10:55.177+0800][gc,phases    ] GC(445)   Post Evacuate Collection Set: 1.1ms
[2022-04-22T19:10:55.177+0800][gc,phases    ] GC(445)   Other: 2.9ms
[2022-04-22T19:10:55.177+0800][gc,heap      ] GC(445) Eden regions: 47->0(47)
[2022-04-22T19:10:55.177+0800][gc,heap      ] GC(445) Survivor regions: 4->4(7)
[2022-04-22T19:10:55.177+0800][gc,heap      ] GC(445) Old regions: 96->96
[2022-04-22T19:10:55.177+0800][gc,heap      ] GC(445) Archive regions: 2->2
[2022-04-22T19:10:55.177+0800][gc,heap      ] GC(445) Humongous regions: 129->129
[2022-04-22T19:10:55.177+0800][gc,metaspace ] GC(445) Metaspace: 43442K->43442K(1089536K)
[2022-04-22T19:10:55.178+0800][gc           ] GC(445) Pause Young (Normal) (G1 Evacuation Pause) 275M->229M(1024M) 37.469ms
[2022-04-22T19:10:55.178+0800][gc,cpu       ] GC(445) User=0.05s Sys=0.03s Real=0.03s
[2022-04-22T19:11:12.551+0800][gc,start     ] GC(446) Pause Young (Normal) (G1 Evacuation Pause)
[2022-04-22T19:11:12.553+0800][gc,task      ] GC(446) Using 8 workers of 8 for evacuation
[2022-04-22T19:11:12.568+0800][gc,phases    ] GC(446)   Pre Evacuate Collection Set: 0.3ms
[2022-04-22T19:11:12.568+0800][gc,phases    ] GC(446)   Evacuate Collection Set: 13.7ms
[2022-04-22T19:11:12.568+0800][gc,phases    ] GC(446)   Post Evacuate Collection Set: 0.5ms
[2022-04-22T19:11:12.568+0800][gc,phases    ] GC(446)   Other: 2.3ms
[2022-04-22T19:11:12.568+0800][gc,heap      ] GC(446) Eden regions: 47->0(46)
[2022-04-22T19:11:12.568+0800][gc,heap      ] GC(446) Survivor regions: 4->6(7)
[2022-04-22T19:11:12.568+0800][gc,heap      ] GC(446) Old regions: 96->96
[2022-04-22T19:11:12.568+0800][gc,heap      ] GC(446) Archive regions: 2->2
[2022-04-22T19:11:12.568+0800][gc,heap      ] GC(446) Humongous regions: 129->129
[2022-04-22T19:11:12.568+0800][gc,metaspace ] GC(446) Metaspace: 43442K->43442K(1089536K)
[2022-04-22T19:11:12.568+0800][gc           ] GC(446) Pause Young (Normal) (G1 Evacuation Pause) 276M->230M(1024M) 17.015ms
[2022-04-22T19:11:12.568+0800][gc,cpu       ] GC(446) User=0.05s Sys=0.00s Real=0.01s
[2022-04-22T19:11:29.317+0800][gc,start     ] GC(447) Pause Young (Normal) (G1 Evacuation Pause)
[2022-04-22T19:11:29.318+0800][gc,task      ] GC(447) Using 8 workers of 8 for evacuation
[2022-04-22T19:11:29.355+0800][gc,mmu       ] GC(447) MMU target violated: 21.0ms (20.0ms/21.0ms)
[2022-04-22T19:11:29.355+0800][gc,phases    ] GC(447)   Pre Evacuate Collection Set: 0.2ms
[2022-04-22T19:11:29.355+0800][gc,phases    ] GC(447)   Evacuate Collection Set: 36.0ms
[2022-04-22T19:11:29.355+0800][gc,phases    ] GC(447)   Post Evacuate Collection Set: 0.3ms
[2022-04-22T19:11:29.355+0800][gc,phases    ] GC(447)   Other: 1.5ms
[2022-04-22T19:11:29.355+0800][gc,heap      ] GC(447) Eden regions: 46->0(47)
[2022-04-22T19:11:29.355+0800][gc,heap      ] GC(447) Survivor regions: 6->4(7)
[2022-04-22T19:11:29.355+0800][gc,heap      ] GC(447) Old regions: 96->98
[2022-04-22T19:11:29.355+0800][gc,heap      ] GC(447) Archive regions: 2->2
[2022-04-22T19:11:29.355+0800][gc,heap      ] GC(447) Humongous regions: 129->129
[2022-04-22T19:11:29.355+0800][gc,metaspace ] GC(447) Metaspace: 43442K->43442K(1089536K)
[2022-04-22T19:11:29.355+0800][gc           ] GC(447) Pause Young (Normal) (G1 Evacuation Pause) 276M->231M(1024M) 37.932ms
[2022-04-22T19:11:29.355+0800][gc,cpu       ] GC(447) User=0.04s Sys=0.02s Real=0.04s
[2022-04-22T19:11:46.482+0800][gc,start     ] GC(448) Pause Young (Normal) (G1 Evacuation Pause)
[2022-04-22T19:11:46.484+0800][gc,task      ] GC(448) Using 8 workers of 8 for evacuation
[2022-04-22T19:11:46.504+0800][gc,phases    ] GC(448)   Pre Evacuate Collection Set: 0.3ms
[2022-04-22T19:11:46.504+0800][gc,phases    ] GC(448)   Evacuate Collection Set: 17.3ms
[2022-04-22T19:11:46.504+0800][gc,phases    ] GC(448)   Post Evacuate Collection Set: 1.5ms
[2022-04-22T19:11:46.504+0800][gc,phases    ] GC(448)   Other: 3.4ms
[2022-04-22T19:11:46.504+0800][gc,heap      ] GC(448) Eden regions: 47->0(47)
[2022-04-22T19:11:46.504+0800][gc,heap      ] GC(448) Survivor regions: 4->4(7)
[2022-04-22T19:11:46.504+0800][gc,heap      ] GC(448) Old regions: 98->98
[2022-04-22T19:11:46.504+0800][gc,heap      ] GC(448) Archive regions: 2->2
[2022-04-22T19:11:46.504+0800][gc,heap      ] GC(448) Humongous regions: 129->129
[2022-04-22T19:11:46.504+0800][gc,metaspace ] GC(448) Metaspace: 43442K->43442K(1089536K)
[2022-04-22T19:11:46.504+0800][gc           ] GC(448) Pause Young (Normal) (G1 Evacuation Pause) 278M->231M(1024M) 22.782ms
[2022-04-22T19:11:46.504+0800][gc,cpu       ] GC(448) User=0.04s Sys=0.02s Real=0.02s
[2022-04-22T19:12:03.894+0800][gc,start     ] GC(449) Pause Young (Normal) (G1 Evacuation Pause)
[2022-04-22T19:12:03.895+0800][gc,task      ] GC(449) Using 8 workers of 8 for evacuation
[2022-04-22T19:12:03.911+0800][gc,phases    ] GC(449)   Pre Evacuate Collection Set: 0.3ms
[2022-04-22T19:12:03.912+0800][gc,phases    ] GC(449)   Evacuate Collection Set: 13.8ms
[2022-04-22T19:12:03.912+0800][gc,phases    ] GC(449)   Post Evacuate Collection Set: 0.8ms
[2022-04-22T19:12:03.912+0800][gc,phases    ] GC(449)   Other: 2.3ms
[2022-04-22T19:12:03.912+0800][gc,heap      ] GC(449) Eden regions: 47->0(47)
[2022-04-22T19:12:03.912+0800][gc,heap      ] GC(449) Survivor regions: 4->4(7)
[2022-04-22T19:12:03.912+0800][gc,heap      ] GC(449) Old regions: 98->98
[2022-04-22T19:12:03.912+0800][gc,heap      ] GC(449) Archive regions: 2->2
[2022-04-22T19:12:03.912+0800][gc,heap      ] GC(449) Humongous regions: 129->129
[2022-04-22T19:12:03.912+0800][gc,metaspace ] GC(449) Metaspace: 43442K->43442K(1089536K)
[2022-04-22T19:12:03.912+0800][gc           ] GC(449) Pause Young (Normal) (G1 Evacuation Pause) 278M->231M(1024M) 17.590ms
[2022-04-22T19:12:03.912+0800][gc,cpu       ] GC(449) User=0.04s Sys=0.01s Real=0.02s
[2022-04-22T19:12:21.145+0800][gc,start     ] GC(450) Pause Young (Normal) (G1 Evacuation Pause)
[2022-04-22T19:12:21.146+0800][gc,task      ] GC(450) Using 8 workers of 8 for evacuation
[2022-04-22T19:12:21.167+0800][gc,mmu       ] GC(450) MMU target violated: 21.0ms (20.0ms/21.0ms)
[2022-04-22T19:12:21.168+0800][gc,phases    ] GC(450)   Pre Evacuate Collection Set: 0.3ms
[2022-04-22T19:12:21.168+0800][gc,phases    ] GC(450)   Evacuate Collection Set: 19.3ms
[2022-04-22T19:12:21.168+0800][gc,phases    ] GC(450)   Post Evacuate Collection Set: 1.6ms
[2022-04-22T19:12:21.168+0800][gc,phases    ] GC(450)   Other: 1.8ms
[2022-04-22T19:12:21.168+0800][gc,heap      ] GC(450) Eden regions: 47->0(47)
[2022-04-22T19:12:21.168+0800][gc,heap      ] GC(450) Survivor regions: 4->4(7)
[2022-04-22T19:12:21.168+0800][gc,heap      ] GC(450) Old regions: 98->99
[2022-04-22T19:12:21.168+0800][gc,heap      ] GC(450) Archive regions: 2->2
[2022-04-22T19:12:21.168+0800][gc,heap      ] GC(450) Humongous regions: 129->129
[2022-04-22T19:12:21.168+0800][gc,metaspace ] GC(450) Metaspace: 43442K->43442K(1089536K)
[2022-04-22T19:12:21.168+0800][gc           ] GC(450) Pause Young (Normal) (G1 Evacuation Pause) 278M->231M(1024M) 23.215ms
[2022-04-22T19:12:21.168+0800][gc,cpu       ] GC(450) User=0.05s Sys=0.01s Real=0.02s
[2022-04-22T19:12:38.455+0800][gc,start     ] GC(451) Pause Young (Normal) (G1 Evacuation Pause)
[2022-04-22T19:12:38.456+0800][gc,task      ] GC(451) Using 8 workers of 8 for evacuation
[2022-04-22T19:12:38.477+0800][gc,mmu       ] GC(451) MMU target violated: 20.6ms (20.0ms/21.0ms)
[2022-04-22T19:12:38.477+0800][gc,phases    ] GC(451)   Pre Evacuate Collection Set: 0.3ms
[2022-04-22T19:12:38.477+0800][gc,phases    ] GC(451)   Evacuate Collection Set: 19.4ms
[2022-04-22T19:12:38.477+0800][gc,phases    ] GC(451)   Post Evacuate Collection Set: 0.3ms
[2022-04-22T19:12:38.477+0800][gc,phases    ] GC(451)   Other: 2.2ms
[2022-04-22T19:12:38.477+0800][gc,heap      ] GC(451) Eden regions: 47->0(49)
[2022-04-22T19:12:38.477+0800][gc,heap      ] GC(451) Survivor regions: 4->5(7)
[2022-04-22T19:12:38.477+0800][gc,heap      ] GC(451) Old regions: 99->99
[2022-04-22T19:12:38.477+0800][gc,heap      ] GC(451) Archive regions: 2->2
[2022-04-22T19:12:38.477+0800][gc,heap      ] GC(451) Humongous regions: 129->129
[2022-04-22T19:12:38.477+0800][gc,metaspace ] GC(451) Metaspace: 43442K->43442K(1089536K)
[2022-04-22T19:12:38.477+0800][gc           ] GC(451) Pause Young (Normal) (G1 Evacuation Pause) 278M->232M(1024M) 22.254ms
[2022-04-22T19:12:38.477+0800][gc,cpu       ] GC(451) User=0.05s Sys=0.01s Real=0.02s
[2022-04-22T19:12:56.306+0800][gc,start     ] GC(452) Pause Young (Normal) (G1 Evacuation Pause)
[2022-04-22T19:12:56.313+0800][gc,task      ] GC(452) Using 8 workers of 8 for evacuation
[2022-04-22T19:12:56.377+0800][gc,mmu       ] GC(452) MMU target violated: 21.0ms (20.0ms/21.0ms)
[2022-04-22T19:12:56.378+0800][gc,phases    ] GC(452)   Pre Evacuate Collection Set: 0.3ms
[2022-04-22T19:12:56.378+0800][gc,phases    ] GC(452)   Evacuate Collection Set: 59.0ms
[2022-04-22T19:12:56.378+0800][gc,phases    ] GC(452)   Post Evacuate Collection Set: 1.8ms
[2022-04-22T19:12:56.378+0800][gc,phases    ] GC(452)   Other: 10.4ms
[2022-04-22T19:12:56.378+0800][gc,heap      ] GC(452) Eden regions: 49->0(46)
[2022-04-22T19:12:56.378+0800][gc,heap      ] GC(452) Survivor regions: 5->5(7)
[2022-04-22T19:12:56.378+0800][gc,heap      ] GC(452) Old regions: 99->99
[2022-04-22T19:12:56.378+0800][gc,heap      ] GC(452) Archive regions: 2->2
[2022-04-22T19:12:56.378+0800][gc,heap      ] GC(452) Humongous regions: 129->129
[2022-04-22T19:12:56.378+0800][gc,metaspace ] GC(452) Metaspace: 43442K->43442K(1089536K)
[2022-04-22T19:12:56.378+0800][gc           ] GC(452) Pause Young (Normal) (G1 Evacuation Pause) 281M->232M(1024M) 71.604ms
[2022-04-22T19:12:56.378+0800][gc,cpu       ] GC(452) User=0.03s Sys=0.02s Real=0.07s
[2022-04-22T19:13:12.958+0800][gc,start     ] GC(453) Pause Young (Normal) (G1 Evacuation Pause)
[2022-04-22T19:13:12.958+0800][gc,task      ] GC(453) Using 8 workers of 8 for evacuation
[2022-04-22T19:13:12.977+0800][gc,phases    ] GC(453)   Pre Evacuate Collection Set: 0.4ms
[2022-04-22T19:13:12.978+0800][gc,phases    ] GC(453)   Evacuate Collection Set: 16.8ms
[2022-04-22T19:13:12.978+0800][gc,phases    ] GC(453)   Post Evacuate Collection Set: 1.3ms
[2022-04-22T19:13:12.978+0800][gc,phases    ] GC(453)   Other: 1.2ms
[2022-04-22T19:13:12.978+0800][gc,heap      ] GC(453) Eden regions: 46->0(47)
[2022-04-22T19:13:12.978+0800][gc,heap      ] GC(453) Survivor regions: 5->4(7)
[2022-04-22T19:13:12.978+0800][gc,heap      ] GC(453) Old regions: 99->100
[2022-04-22T19:13:12.978+0800][gc,heap      ] GC(453) Archive regions: 2->2
[2022-04-22T19:13:12.978+0800][gc,heap      ] GC(453) Humongous regions: 129->129
[2022-04-22T19:13:12.978+0800][gc,metaspace ] GC(453) Metaspace: 43442K->43442K(1089536K)
[2022-04-22T19:13:12.978+0800][gc           ] GC(453) Pause Young (Normal) (G1 Evacuation Pause) 278M->232M(1024M) 19.884ms
[2022-04-22T19:13:12.978+0800][gc,cpu       ] GC(453) User=0.05s Sys=0.01s Real=0.02s
[2022-04-22T19:13:29.998+0800][gc,start     ] GC(454) Pause Young (Normal) (G1 Evacuation Pause)
[2022-04-22T19:13:30.003+0800][gc,task      ] GC(454) Using 8 workers of 8 for evacuation
[2022-04-22T19:13:30.025+0800][gc,mmu       ] GC(454) MMU target violated: 20.8ms (20.0ms/21.0ms)
[2022-04-22T19:13:30.025+0800][gc,phases    ] GC(454)   Pre Evacuate Collection Set: 0.4ms
[2022-04-22T19:13:30.025+0800][gc,phases    ] GC(454)   Evacuate Collection Set: 19.0ms
[2022-04-22T19:13:30.025+0800][gc,phases    ] GC(454)   Post Evacuate Collection Set: 0.9ms
[2022-04-22T19:13:30.025+0800][gc,phases    ] GC(454)   Other: 7.2ms
[2022-04-22T19:13:30.042+0800][gc,heap      ] GC(454) Eden regions: 47->0(47)
[2022-04-22T19:13:30.042+0800][gc,heap      ] GC(454) Survivor regions: 4->4(7)
[2022-04-22T19:13:30.042+0800][gc,heap      ] GC(454) Old regions: 100->100
[2022-04-22T19:13:30.042+0800][gc,heap      ] GC(454) Archive regions: 2->2
[2022-04-22T19:13:30.042+0800][gc,heap      ] GC(454) Humongous regions: 129->129
[2022-04-22T19:13:30.042+0800][gc,metaspace ] GC(454) Metaspace: 43442K->43442K(1089536K)
[2022-04-22T19:13:30.042+0800][gc           ] GC(454) Pause Young (Normal) (G1 Evacuation Pause) 279M->232M(1024M) 44.944ms
[2022-04-22T19:13:30.043+0800][gc,cpu       ] GC(454) User=0.06s Sys=0.01s Real=0.05s
[2022-04-22T19:13:47.152+0800][gc,start     ] GC(455) Pause Young (Normal) (G1 Evacuation Pause)
[2022-04-22T19:13:47.152+0800][gc,task      ] GC(455) Using 8 workers of 8 for evacuation
[2022-04-22T19:13:47.167+0800][gc,phases    ] GC(455)   Pre Evacuate Collection Set: 0.3ms
[2022-04-22T19:13:47.167+0800][gc,phases    ] GC(455)   Evacuate Collection Set: 13.2ms
[2022-04-22T19:13:47.167+0800][gc,phases    ] GC(455)   Post Evacuate Collection Set: 0.4ms
[2022-04-22T19:13:47.167+0800][gc,phases    ] GC(455)   Other: 1.0ms
[2022-04-22T19:13:47.167+0800][gc,heap      ] GC(455) Eden regions: 47->0(45)
[2022-04-22T19:13:47.167+0800][gc,heap      ] GC(455) Survivor regions: 4->6(7)
[2022-04-22T19:13:47.167+0800][gc,heap      ] GC(455) Old regions: 100->100
[2022-04-22T19:13:47.167+0800][gc,heap      ] GC(455) Archive regions: 2->2
[2022-04-22T19:13:47.167+0800][gc,heap      ] GC(455) Humongous regions: 129->129
[2022-04-22T19:13:47.167+0800][gc,metaspace ] GC(455) Metaspace: 43442K->43442K(1089536K)
[2022-04-22T19:13:47.167+0800][gc           ] GC(455) Pause Young (Normal) (G1 Evacuation Pause) 279M->234M(1024M) 15.021ms
[2022-04-22T19:13:47.167+0800][gc,cpu       ] GC(455) User=0.05s Sys=0.01s Real=0.01s
[2022-04-22T19:14:03.492+0800][gc,start     ] GC(456) Pause Young (Normal) (G1 Evacuation Pause)
[2022-04-22T19:14:03.494+0800][gc,task      ] GC(456) Using 8 workers of 8 for evacuation
[2022-04-22T19:14:03.529+0800][gc,mmu       ] GC(456) MMU target violated: 21.0ms (20.0ms/21.0ms)
[2022-04-22T19:14:03.529+0800][gc,phases    ] GC(456)   Pre Evacuate Collection Set: 0.4ms
[2022-04-22T19:14:03.529+0800][gc,phases    ] GC(456)   Evacuate Collection Set: 33.5ms
[2022-04-22T19:14:03.529+0800][gc,phases    ] GC(456)   Post Evacuate Collection Set: 0.4ms
[2022-04-22T19:14:03.529+0800][gc,phases    ] GC(456)   Other: 2.9ms
[2022-04-22T19:14:03.529+0800][gc,heap      ] GC(456) Eden regions: 45->0(47)
[2022-04-22T19:14:03.529+0800][gc,heap      ] GC(456) Survivor regions: 6->4(7)
[2022-04-22T19:14:03.529+0800][gc,heap      ] GC(456) Old regions: 100->102
[2022-04-22T19:14:03.529+0800][gc,heap      ] GC(456) Archive regions: 2->2
[2022-04-22T19:14:03.529+0800][gc,heap      ] GC(456) Humongous regions: 129->129
[2022-04-22T19:14:03.529+0800][gc,metaspace ] GC(456) Metaspace: 43442K->43442K(1089536K)
[2022-04-22T19:14:03.529+0800][gc           ] GC(456) Pause Young (Normal) (G1 Evacuation Pause) 279M->234M(1024M) 37.282ms
[2022-04-22T19:14:03.529+0800][gc,cpu       ] GC(456) User=0.05s Sys=0.03s Real=0.03s
[2022-04-22T19:14:20.497+0800][gc,start     ] GC(457) Pause Young (Normal) (G1 Evacuation Pause)
[2022-04-22T19:14:20.498+0800][gc,task      ] GC(457) Using 8 workers of 8 for evacuation
[2022-04-22T19:14:20.517+0800][gc,phases    ] GC(457)   Pre Evacuate Collection Set: 0.3ms
[2022-04-22T19:14:20.517+0800][gc,phases    ] GC(457)   Evacuate Collection Set: 17.2ms
[2022-04-22T19:14:20.517+0800][gc,phases    ] GC(457)   Post Evacuate Collection Set: 1.1ms
[2022-04-22T19:14:20.517+0800][gc,phases    ] GC(457)   Other: 1.5ms
[2022-04-22T19:14:20.517+0800][gc,heap      ] GC(457) Eden regions: 47->0(46)
[2022-04-22T19:14:20.517+0800][gc,heap      ] GC(457) Survivor regions: 4->5(7)
[2022-04-22T19:14:20.517+0800][gc,heap      ] GC(457) Old regions: 102->102
[2022-04-22T19:14:20.517+0800][gc,heap      ] GC(457) Archive regions: 2->2
[2022-04-22T19:14:20.517+0800][gc,heap      ] GC(457) Humongous regions: 129->129
[2022-04-22T19:14:20.517+0800][gc,metaspace ] GC(457) Metaspace: 43442K->43442K(1089536K)
[2022-04-22T19:14:20.517+0800][gc           ] GC(457) Pause Young (Normal) (G1 Evacuation Pause) 281M->235M(1024M) 20.087ms
[2022-04-22T19:14:20.517+0800][gc,cpu       ] GC(457) User=0.05s Sys=0.02s Real=0.02s
[2022-04-22T19:14:37.310+0800][gc,start     ] GC(458) Pause Young (Normal) (G1 Evacuation Pause)
[2022-04-22T19:14:37.311+0800][gc,task      ] GC(458) Using 8 workers of 8 for evacuation
[2022-04-22T19:14:37.339+0800][gc,mmu       ] GC(458) MMU target violated: 21.0ms (20.0ms/21.0ms)
[2022-04-22T19:14:37.339+0800][gc,phases    ] GC(458)   Pre Evacuate Collection Set: 0.4ms
[2022-04-22T19:14:37.339+0800][gc,phases    ] GC(458)   Evacuate Collection Set: 26.0ms
[2022-04-22T19:14:37.339+0800][gc,phases    ] GC(458)   Post Evacuate Collection Set: 0.3ms
[2022-04-22T19:14:37.339+0800][gc,phases    ] GC(458)   Other: 2.6ms
[2022-04-22T19:14:37.339+0800][gc,heap      ] GC(458) Eden regions: 46->0(47)
[2022-04-22T19:14:37.339+0800][gc,heap      ] GC(458) Survivor regions: 5->4(7)
[2022-04-22T19:14:37.339+0800][gc,heap      ] GC(458) Old regions: 102->102
[2022-04-22T19:14:37.339+0800][gc,heap      ] GC(458) Archive regions: 2->2
[2022-04-22T19:14:37.339+0800][gc,heap      ] GC(458) Humongous regions: 129->129
[2022-04-22T19:14:37.339+0800][gc,metaspace ] GC(458) Metaspace: 43442K->43442K(1089536K)
[2022-04-22T19:14:37.339+0800][gc           ] GC(458) Pause Young (Normal) (G1 Evacuation Pause) 281M->235M(1024M) 29.245ms
[2022-04-22T19:14:37.339+0800][gc,cpu       ] GC(458) User=0.05s Sys=0.03s Real=0.02s
[2022-04-22T19:14:54.309+0800][gc,start     ] GC(459) Pause Young (Normal) (G1 Evacuation Pause)
[2022-04-22T19:14:54.309+0800][gc,task      ] GC(459) Using 8 workers of 8 for evacuation
[2022-04-22T19:14:54.322+0800][gc,phases    ] GC(459)   Pre Evacuate Collection Set: 0.2ms
[2022-04-22T19:14:54.322+0800][gc,phases    ] GC(459)   Evacuate Collection Set: 11.2ms
[2022-04-22T19:14:54.322+0800][gc,phases    ] GC(459)   Post Evacuate Collection Set: 0.8ms
[2022-04-22T19:14:54.322+0800][gc,phases    ] GC(459)   Other: 1.3ms
[2022-04-22T19:14:54.322+0800][gc,heap      ] GC(459) Eden regions: 47->0(47)
[2022-04-22T19:14:54.322+0800][gc,heap      ] GC(459) Survivor regions: 4->4(7)
[2022-04-22T19:14:54.322+0800][gc,heap      ] GC(459) Old regions: 102->102
[2022-04-22T19:14:54.322+0800][gc,heap      ] GC(459) Archive regions: 2->2
[2022-04-22T19:14:54.322+0800][gc,heap      ] GC(459) Humongous regions: 129->129
[2022-04-22T19:14:54.322+0800][gc,metaspace ] GC(459) Metaspace: 43442K->43442K(1089536K)
[2022-04-22T19:14:54.322+0800][gc           ] GC(459) Pause Young (Normal) (G1 Evacuation Pause) 282M->235M(1024M) 13.720ms
[2022-04-22T19:14:54.322+0800][gc,cpu       ] GC(459) User=0.04s Sys=0.00s Real=0.02s
[2022-04-22T19:15:11.222+0800][gc,start     ] GC(460) Pause Young (Normal) (G1 Evacuation Pause)
[2022-04-22T19:15:11.237+0800][gc,task      ] GC(460) Using 8 workers of 8 for evacuation
[2022-04-22T19:15:11.260+0800][gc,mmu       ] GC(460) MMU target violated: 21.0ms (20.0ms/21.0ms)
[2022-04-22T19:15:11.260+0800][gc,phases    ] GC(460)   Pre Evacuate Collection Set: 0.4ms
[2022-04-22T19:15:11.260+0800][gc,phases    ] GC(460)   Evacuate Collection Set: 21.5ms
[2022-04-22T19:15:11.260+0800][gc,phases    ] GC(460)   Post Evacuate Collection Set: 0.7ms
[2022-04-22T19:15:11.260+0800][gc,phases    ] GC(460)   Other: 16.4ms
[2022-04-22T19:15:11.260+0800][gc,heap      ] GC(460) Eden regions: 47->0(47)
[2022-04-22T19:15:11.261+0800][gc,heap      ] GC(460) Survivor regions: 4->4(7)
[2022-04-22T19:15:11.261+0800][gc,heap      ] GC(460) Old regions: 102->103
[2022-04-22T19:15:11.261+0800][gc,heap      ] GC(460) Archive regions: 2->2
[2022-04-22T19:15:11.261+0800][gc,heap      ] GC(460) Humongous regions: 129->129
[2022-04-22T19:15:11.261+0800][gc,metaspace ] GC(460) Metaspace: 43442K->43442K(1089536K)
[2022-04-22T19:15:11.261+0800][gc           ] GC(460) Pause Young (Normal) (G1 Evacuation Pause) 282M->235M(1024M) 39.122ms
[2022-04-22T19:15:11.261+0800][gc,cpu       ] GC(460) User=0.06s Sys=0.01s Real=0.04s
[2022-04-22T19:15:28.168+0800][gc,start     ] GC(461) Pause Young (Normal) (G1 Evacuation Pause)
[2022-04-22T19:15:28.169+0800][gc,task      ] GC(461) Using 8 workers of 8 for evacuation
[2022-04-22T19:15:28.184+0800][gc,phases    ] GC(461)   Pre Evacuate Collection Set: 0.1ms
[2022-04-22T19:15:28.184+0800][gc,phases    ] GC(461)   Evacuate Collection Set: 14.1ms
[2022-04-22T19:15:28.184+0800][gc,phases    ] GC(461)   Post Evacuate Collection Set: 0.3ms
[2022-04-22T19:15:28.184+0800][gc,phases    ] GC(461)   Other: 1.4ms
[2022-04-22T19:15:28.184+0800][gc,heap      ] GC(461) Eden regions: 47->0(47)
[2022-04-22T19:15:28.184+0800][gc,heap      ] GC(461) Survivor regions: 4->6(7)
[2022-04-22T19:15:28.184+0800][gc,heap      ] GC(461) Old regions: 103->103
[2022-04-22T19:15:28.184+0800][gc,heap      ] GC(461) Archive regions: 2->2
[2022-04-22T19:15:28.184+0800][gc,heap      ] GC(461) Humongous regions: 129->129
[2022-04-22T19:15:28.184+0800][gc,metaspace ] GC(461) Metaspace: 43442K->43442K(1089536K)
[2022-04-22T19:15:28.184+0800][gc           ] GC(461) Pause Young (Normal) (G1 Evacuation Pause) 282M->237M(1024M) 16.015ms
[2022-04-22T19:15:28.184+0800][gc,cpu       ] GC(461) User=0.05s Sys=0.00s Real=0.02s
[2022-04-22T19:15:44.931+0800][gc,start     ] GC(462) Pause Young (Normal) (G1 Evacuation Pause)
[2022-04-22T19:15:44.931+0800][gc,task      ] GC(462) Using 8 workers of 8 for evacuation
[2022-04-22T19:15:44.984+0800][gc,mmu       ] GC(462) MMU target violated: 21.0ms (20.0ms/21.0ms)
[2022-04-22T19:15:44.984+0800][gc,phases    ] GC(462)   Pre Evacuate Collection Set: 0.4ms
[2022-04-22T19:15:44.984+0800][gc,phases    ] GC(462)   Evacuate Collection Set: 51.5ms
[2022-04-22T19:15:44.984+0800][gc,phases    ] GC(462)   Post Evacuate Collection Set: 0.4ms
[2022-04-22T19:15:44.984+0800][gc,phases    ] GC(462)   Other: 1.3ms
[2022-04-22T19:15:44.984+0800][gc,heap      ] GC(462) Eden regions: 47->0(46)
[2022-04-22T19:15:44.984+0800][gc,heap      ] GC(462) Survivor regions: 6->5(7)
[2022-04-22T19:15:44.984+0800][gc,heap      ] GC(462) Old regions: 103->104
[2022-04-22T19:15:44.984+0800][gc,heap      ] GC(462) Archive regions: 2->2
[2022-04-22T19:15:44.984+0800][gc,heap      ] GC(462) Humongous regions: 129->129
[2022-04-22T19:15:44.984+0800][gc,metaspace ] GC(462) Metaspace: 43442K->43442K(1089536K)
[2022-04-22T19:15:44.984+0800][gc           ] GC(462) Pause Young (Normal) (G1 Evacuation Pause) 284M->237M(1024M) 53.581ms
[2022-04-22T19:15:44.984+0800][gc,cpu       ] GC(462) User=0.05s Sys=0.03s Real=0.05s
[2022-04-22T19:16:01.443+0800][gc,start     ] GC(463) Pause Young (Normal) (G1 Evacuation Pause)
[2022-04-22T19:16:01.443+0800][gc,task      ] GC(463) Using 8 workers of 8 for evacuation
[2022-04-22T19:16:01.463+0800][gc,phases    ] GC(463)   Pre Evacuate Collection Set: 0.3ms
[2022-04-22T19:16:01.463+0800][gc,phases    ] GC(463)   Evacuate Collection Set: 18.3ms
[2022-04-22T19:16:01.463+0800][gc,phases    ] GC(463)   Post Evacuate Collection Set: 0.6ms
[2022-04-22T19:16:01.463+0800][gc,phases    ] GC(463)   Other: 1.3ms
[2022-04-22T19:16:01.463+0800][gc,heap      ] GC(463) Eden regions: 46->0(47)
[2022-04-22T19:16:01.463+0800][gc,heap      ] GC(463) Survivor regions: 5->4(7)
[2022-04-22T19:16:01.463+0800][gc,heap      ] GC(463) Old regions: 104->105
[2022-04-22T19:16:01.463+0800][gc,heap      ] GC(463) Archive regions: 2->2
[2022-04-22T19:16:01.463+0800][gc,heap      ] GC(463) Humongous regions: 129->129
[2022-04-22T19:16:01.464+0800][gc,metaspace ] GC(463) Metaspace: 43442K->43442K(1089536K)
[2022-04-22T19:16:01.464+0800][gc           ] GC(463) Pause Young (Normal) (G1 Evacuation Pause) 283M->238M(1024M) 20.621ms
[2022-04-22T19:16:01.464+0800][gc,cpu       ] GC(463) User=0.05s Sys=0.04s Real=0.02s
[2022-04-22T19:16:18.328+0800][gc,start     ] GC(464) Pause Young (Normal) (G1 Evacuation Pause)
[2022-04-22T19:16:18.328+0800][gc,task      ] GC(464) Using 8 workers of 8 for evacuation
[2022-04-22T19:16:18.339+0800][gc,phases    ] GC(464)   Pre Evacuate Collection Set: 0.2ms
[2022-04-22T19:16:18.339+0800][gc,phases    ] GC(464)   Evacuate Collection Set: 9.6ms
[2022-04-22T19:16:18.339+0800][gc,phases    ] GC(464)   Post Evacuate Collection Set: 0.6ms
[2022-04-22T19:16:18.339+0800][gc,phases    ] GC(464)   Other: 0.9ms
[2022-04-22T19:16:18.340+0800][gc,heap      ] GC(464) Eden regions: 47->0(46)
[2022-04-22T19:16:18.340+0800][gc,heap      ] GC(464) Survivor regions: 4->5(7)
[2022-04-22T19:16:18.340+0800][gc,heap      ] GC(464) Old regions: 105->105
[2022-04-22T19:16:18.340+0800][gc,heap      ] GC(464) Archive regions: 2->2
[2022-04-22T19:16:18.340+0800][gc,heap      ] GC(464) Humongous regions: 129->129
[2022-04-22T19:16:18.340+0800][gc,metaspace ] GC(464) Metaspace: 43442K->43442K(1089536K)
[2022-04-22T19:16:18.340+0800][gc           ] GC(464) Pause Young (Normal) (G1 Evacuation Pause) 285M->238M(1024M) 11.582ms
[2022-04-22T19:16:18.340+0800][gc,cpu       ] GC(464) User=0.03s Sys=0.00s Real=0.02s
[2022-04-22T19:16:34.819+0800][gc,start     ] GC(465) Pause Young (Normal) (G1 Evacuation Pause)
[2022-04-22T19:16:34.819+0800][gc,task      ] GC(465) Using 8 workers of 8 for evacuation
[2022-04-22T19:16:34.836+0800][gc,phases    ] GC(465)   Pre Evacuate Collection Set: 0.2ms
[2022-04-22T19:16:34.836+0800][gc,phases    ] GC(465)   Evacuate Collection Set: 15.5ms
[2022-04-22T19:16:34.836+0800][gc,phases    ] GC(465)   Post Evacuate Collection Set: 0.8ms
[2022-04-22T19:16:34.836+0800][gc,phases    ] GC(465)   Other: 1.3ms
[2022-04-22T19:16:34.836+0800][gc,heap      ] GC(465) Eden regions: 46->0(47)
[2022-04-22T19:16:34.836+0800][gc,heap      ] GC(465) Survivor regions: 5->4(7)
[2022-04-22T19:16:34.836+0800][gc,heap      ] GC(465) Old regions: 105->105
[2022-04-22T19:16:34.836+0800][gc,heap      ] GC(465) Archive regions: 2->2
[2022-04-22T19:16:34.836+0800][gc,heap      ] GC(465) Humongous regions: 129->129
[2022-04-22T19:16:34.836+0800][gc,metaspace ] GC(465) Metaspace: 43442K->43442K(1089536K)
[2022-04-22T19:16:34.836+0800][gc           ] GC(465) Pause Young (Normal) (G1 Evacuation Pause) 284M->238M(1024M) 17.945ms
[2022-04-22T19:16:34.837+0800][gc,cpu       ] GC(465) User=0.05s Sys=0.01s Real=0.02s
[2022-04-22T19:16:51.786+0800][gc,start     ] GC(466) Pause Young (Normal) (G1 Evacuation Pause)
[2022-04-22T19:16:51.787+0800][gc,task      ] GC(466) Using 8 workers of 8 for evacuation
[2022-04-22T19:16:51.800+0800][gc,phases    ] GC(466)   Pre Evacuate Collection Set: 0.1ms
[2022-04-22T19:16:51.800+0800][gc,phases    ] GC(466)   Evacuate Collection Set: 11.2ms
[2022-04-22T19:16:51.800+0800][gc,phases    ] GC(466)   Post Evacuate Collection Set: 0.5ms
[2022-04-22T19:16:51.800+0800][gc,phases    ] GC(466)   Other: 2.0ms
[2022-04-22T19:16:51.800+0800][gc,heap      ] GC(466) Eden regions: 47->0(49)
[2022-04-22T19:16:51.800+0800][gc,heap      ] GC(466) Survivor regions: 4->4(7)
[2022-04-22T19:16:51.800+0800][gc,heap      ] GC(466) Old regions: 105->105
[2022-04-22T19:16:51.800+0800][gc,heap      ] GC(466) Archive regions: 2->2
[2022-04-22T19:16:51.800+0800][gc,heap      ] GC(466) Humongous regions: 129->129
[2022-04-22T19:16:51.800+0800][gc,metaspace ] GC(466) Metaspace: 43442K->43442K(1089536K)
[2022-04-22T19:16:51.800+0800][gc           ] GC(466) Pause Young (Normal) (G1 Evacuation Pause) 285M->238M(1024M) 13.988ms
[2022-04-22T19:16:51.800+0800][gc,cpu       ] GC(466) User=0.05s Sys=0.00s Real=0.02s
[2022-04-22T19:17:09.624+0800][gc,start     ] GC(467) Pause Young (Normal) (G1 Evacuation Pause)
[2022-04-22T19:17:09.626+0800][gc,task      ] GC(467) Using 8 workers of 8 for evacuation
[2022-04-22T19:17:09.646+0800][gc,mmu       ] GC(467) MMU target violated: 20.4ms (20.0ms/21.0ms)
[2022-04-22T19:17:09.647+0800][gc,phases    ] GC(467)   Pre Evacuate Collection Set: 0.4ms
[2022-04-22T19:17:09.647+0800][gc,phases    ] GC(467)   Evacuate Collection Set: 18.5ms
[2022-04-22T19:17:09.647+0800][gc,phases    ] GC(467)   Post Evacuate Collection Set: 0.8ms
[2022-04-22T19:17:09.647+0800][gc,phases    ] GC(467)   Other: 2.6ms
[2022-04-22T19:17:09.647+0800][gc,heap      ] GC(467) Eden regions: 49->0(49)
[2022-04-22T19:17:09.647+0800][gc,heap      ] GC(467) Survivor regions: 4->4(7)
[2022-04-22T19:17:09.647+0800][gc,heap      ] GC(467) Old regions: 105->106
[2022-04-22T19:17:09.647+0800][gc,heap      ] GC(467) Archive regions: 2->2
[2022-04-22T19:17:09.647+0800][gc,heap      ] GC(467) Humongous regions: 129->129
[2022-04-22T19:17:09.647+0800][gc,metaspace ] GC(467) Metaspace: 43442K->43442K(1089536K)
[2022-04-22T19:17:09.647+0800][gc           ] GC(467) Pause Young (Normal) (G1 Evacuation Pause) 287M->238M(1024M) 22.469ms
[2022-04-22T19:17:09.647+0800][gc,cpu       ] GC(467) User=0.05s Sys=0.02s Real=0.02s
[2022-04-22T19:17:27.171+0800][gc,start     ] GC(468) Pause Young (Normal) (G1 Evacuation Pause)
[2022-04-22T19:17:27.172+0800][gc,task      ] GC(468) Using 8 workers of 8 for evacuation
[2022-04-22T19:17:27.187+0800][gc,phases    ] GC(468)   Pre Evacuate Collection Set: 0.2ms
[2022-04-22T19:17:27.187+0800][gc,phases    ] GC(468)   Evacuate Collection Set: 13.2ms
[2022-04-22T19:17:27.187+0800][gc,phases    ] GC(468)   Post Evacuate Collection Set: 0.5ms
[2022-04-22T19:17:27.187+0800][gc,phases    ] GC(468)   Other: 1.6ms
[2022-04-22T19:17:27.187+0800][gc,heap      ] GC(468) Eden regions: 49->0(50)
[2022-04-22T19:17:27.187+0800][gc,heap      ] GC(468) Survivor regions: 4->4(7)
[2022-04-22T19:17:27.187+0800][gc,heap      ] GC(468) Old regions: 106->106
[2022-04-22T19:17:27.187+0800][gc,heap      ] GC(468) Archive regions: 2->2
[2022-04-22T19:17:27.187+0800][gc,heap      ] GC(468) Humongous regions: 129->129
[2022-04-22T19:17:27.187+0800][gc,metaspace ] GC(468) Metaspace: 43442K->43442K(1089536K)
[2022-04-22T19:17:27.187+0800][gc           ] GC(468) Pause Young (Normal) (G1 Evacuation Pause) 287M->239M(1024M) 15.691ms
[2022-04-22T19:17:27.187+0800][gc,cpu       ] GC(468) User=0.04s Sys=0.01s Real=0.01s
[2022-04-22T19:17:45.193+0800][gc,start     ] GC(469) Pause Young (Normal) (G1 Evacuation Pause)
[2022-04-22T19:17:45.193+0800][gc,task      ] GC(469) Using 8 workers of 8 for evacuation
[2022-04-22T19:17:45.208+0800][gc,phases    ] GC(469)   Pre Evacuate Collection Set: 0.2ms
[2022-04-22T19:17:45.208+0800][gc,phases    ] GC(469)   Evacuate Collection Set: 12.8ms
[2022-04-22T19:17:45.208+0800][gc,phases    ] GC(469)   Post Evacuate Collection Set: 0.6ms
[2022-04-22T19:17:45.208+0800][gc,phases    ] GC(469)   Other: 2.1ms
[2022-04-22T19:17:45.208+0800][gc,heap      ] GC(469) Eden regions: 50->0(52)
[2022-04-22T19:17:45.208+0800][gc,heap      ] GC(469) Survivor regions: 4->5(7)
[2022-04-22T19:17:45.208+0800][gc,heap      ] GC(469) Old regions: 106->107
[2022-04-22T19:17:45.208+0800][gc,heap      ] GC(469) Archive regions: 2->2
[2022-04-22T19:17:45.208+0800][gc,heap      ] GC(469) Humongous regions: 129->129
[2022-04-22T19:17:45.208+0800][gc,metaspace ] GC(469) Metaspace: 43442K->43442K(1089536K)
[2022-04-22T19:17:45.208+0800][gc           ] GC(469) Pause Young (Normal) (G1 Evacuation Pause) 289M->240M(1024M) 15.937ms
[2022-04-22T19:17:45.208+0800][gc,cpu       ] GC(469) User=0.04s Sys=0.01s Real=0.01s
[2022-04-22T19:18:03.756+0800][gc,start     ] GC(470) Pause Young (Normal) (G1 Evacuation Pause)
[2022-04-22T19:18:03.756+0800][gc,task      ] GC(470) Using 8 workers of 8 for evacuation
[2022-04-22T19:18:03.782+0800][gc,mmu       ] GC(470) MMU target violated: 21.0ms (20.0ms/21.0ms)
[2022-04-22T19:18:03.782+0800][gc,phases    ] GC(470)   Pre Evacuate Collection Set: 0.4ms
[2022-04-22T19:18:03.782+0800][gc,phases    ] GC(470)   Evacuate Collection Set: 22.5ms
[2022-04-22T19:18:03.782+0800][gc,phases    ] GC(470)   Post Evacuate Collection Set: 1.5ms
[2022-04-22T19:18:03.782+0800][gc,phases    ] GC(470)   Other: 2.1ms
[2022-04-22T19:18:03.782+0800][gc,heap      ] GC(470) Eden regions: 52->0(50)
[2022-04-22T19:18:03.782+0800][gc,heap      ] GC(470) Survivor regions: 5->6(8)
[2022-04-22T19:18:03.782+0800][gc,heap      ] GC(470) Old regions: 107->107
[2022-04-22T19:18:03.782+0800][gc,heap      ] GC(470) Archive regions: 2->2
[2022-04-22T19:18:03.782+0800][gc,heap      ] GC(470) Humongous regions: 129->129
[2022-04-22T19:18:03.782+0800][gc,metaspace ] GC(470) Metaspace: 43442K->43442K(1089536K)
[2022-04-22T19:18:03.782+0800][gc           ] GC(470) Pause Young (Normal) (G1 Evacuation Pause) 292M->241M(1024M) 26.600ms
[2022-04-22T19:18:03.782+0800][gc,cpu       ] GC(470) User=0.05s Sys=0.04s Real=0.03s
[2022-04-22T19:18:21.820+0800][gc,start     ] GC(471) Pause Young (Normal) (G1 Evacuation Pause)
[2022-04-22T19:18:21.821+0800][gc,task      ] GC(471) Using 8 workers of 8 for evacuation
[2022-04-22T19:18:21.861+0800][gc,mmu       ] GC(471) MMU target violated: 21.0ms (20.0ms/21.0ms)
[2022-04-22T19:18:21.861+0800][gc,phases    ] GC(471)   Pre Evacuate Collection Set: 0.2ms
[2022-04-22T19:18:21.861+0800][gc,phases    ] GC(471)   Evacuate Collection Set: 39.7ms
[2022-04-22T19:18:21.861+0800][gc,phases    ] GC(471)   Post Evacuate Collection Set: 0.4ms
[2022-04-22T19:18:21.861+0800][gc,phases    ] GC(471)   Other: 1.0ms
[2022-04-22T19:18:21.861+0800][gc,heap      ] GC(471) Eden regions: 50->0(46)
[2022-04-22T19:18:21.861+0800][gc,heap      ] GC(471) Survivor regions: 6->5(7)
[2022-04-22T19:18:21.861+0800][gc,heap      ] GC(471) Old regions: 107->108
[2022-04-22T19:18:21.861+0800][gc,heap      ] GC(471) Archive regions: 2->2
[2022-04-22T19:18:21.861+0800][gc,heap      ] GC(471) Humongous regions: 129->129
[2022-04-22T19:18:21.861+0800][gc,metaspace ] GC(471) Metaspace: 43442K->43442K(1089536K)
[2022-04-22T19:18:21.861+0800][gc           ] GC(471) Pause Young (Normal) (G1 Evacuation Pause) 291M->241M(1024M) 41.388ms
[2022-04-22T19:18:21.862+0800][gc,cpu       ] GC(471) User=0.05s Sys=0.03s Real=0.04s
[2022-04-22T19:18:38.498+0800][gc,start     ] GC(472) Pause Young (Normal) (G1 Evacuation Pause)
[2022-04-22T19:18:38.499+0800][gc,task      ] GC(472) Using 8 workers of 8 for evacuation
[2022-04-22T19:18:38.516+0800][gc,phases    ] GC(472)   Pre Evacuate Collection Set: 0.4ms
[2022-04-22T19:18:38.516+0800][gc,phases    ] GC(472)   Evacuate Collection Set: 15.6ms
[2022-04-22T19:18:38.516+0800][gc,phases    ] GC(472)   Post Evacuate Collection Set: 0.5ms
[2022-04-22T19:18:38.516+0800][gc,phases    ] GC(472)   Other: 1.5ms
[2022-04-22T19:18:38.516+0800][gc,heap      ] GC(472) Eden regions: 46->0(47)
[2022-04-22T19:18:38.516+0800][gc,heap      ] GC(472) Survivor regions: 5->4(7)
[2022-04-22T19:18:38.516+0800][gc,heap      ] GC(472) Old regions: 108->109
[2022-04-22T19:18:38.516+0800][gc,heap      ] GC(472) Archive regions: 2->2
[2022-04-22T19:18:38.516+0800][gc,heap      ] GC(472) Humongous regions: 129->129
[2022-04-22T19:18:38.516+0800][gc,metaspace ] GC(472) Metaspace: 43442K->43442K(1089536K)
[2022-04-22T19:18:38.516+0800][gc           ] GC(472) Pause Young (Normal) (G1 Evacuation Pause) 287M->242M(1024M) 18.058ms
[2022-04-22T19:18:38.516+0800][gc,cpu       ] GC(472) User=0.05s Sys=0.01s Real=0.02s
[2022-04-22T19:18:55.612+0800][gc,start     ] GC(473) Pause Young (Normal) (G1 Evacuation Pause)
[2022-04-22T19:18:55.615+0800][gc,task      ] GC(473) Using 8 workers of 8 for evacuation
[2022-04-22T19:18:55.634+0800][gc,phases    ] GC(473)   Pre Evacuate Collection Set: 0.5ms
[2022-04-22T19:18:55.634+0800][gc,phases    ] GC(473)   Evacuate Collection Set: 15.6ms
[2022-04-22T19:18:55.634+0800][gc,phases    ] GC(473)   Post Evacuate Collection Set: 1.8ms
[2022-04-22T19:18:55.634+0800][gc,phases    ] GC(473)   Other: 3.8ms
[2022-04-22T19:18:55.634+0800][gc,heap      ] GC(473) Eden regions: 47->0(47)
[2022-04-22T19:18:55.634+0800][gc,heap      ] GC(473) Survivor regions: 4->4(7)
[2022-04-22T19:18:55.634+0800][gc,heap      ] GC(473) Old regions: 109->109
[2022-04-22T19:18:55.634+0800][gc,heap      ] GC(473) Archive regions: 2->2
[2022-04-22T19:18:55.634+0800][gc,heap      ] GC(473) Humongous regions: 129->129
[2022-04-22T19:18:55.634+0800][gc,metaspace ] GC(473) Metaspace: 43442K->43442K(1089536K)
[2022-04-22T19:18:55.634+0800][gc           ] GC(473) Pause Young (Normal) (G1 Evacuation Pause) 289M->242M(1024M) 21.979ms
[2022-04-22T19:18:55.635+0800][gc,cpu       ] GC(473) User=0.05s Sys=0.02s Real=0.02s
[2022-04-22T19:19:12.866+0800][gc,start     ] GC(474) Pause Young (Normal) (G1 Evacuation Pause)
[2022-04-22T19:19:12.867+0800][gc,task      ] GC(474) Using 8 workers of 8 for evacuation
[2022-04-22T19:19:12.888+0800][gc,mmu       ] GC(474) MMU target violated: 21.0ms (20.0ms/21.0ms)
[2022-04-22T19:19:12.888+0800][gc,phases    ] GC(474)   Pre Evacuate Collection Set: 0.3ms
[2022-04-22T19:19:12.888+0800][gc,phases    ] GC(474)   Evacuate Collection Set: 19.6ms
[2022-04-22T19:19:12.888+0800][gc,phases    ] GC(474)   Post Evacuate Collection Set: 1.0ms
[2022-04-22T19:19:12.888+0800][gc,phases    ] GC(474)   Other: 1.6ms
[2022-04-22T19:19:12.888+0800][gc,heap      ] GC(474) Eden regions: 47->0(47)
[2022-04-22T19:19:12.888+0800][gc,heap      ] GC(474) Survivor regions: 4->4(7)
[2022-04-22T19:19:12.888+0800][gc,heap      ] GC(474) Old regions: 109->109
[2022-04-22T19:19:12.888+0800][gc,heap      ] GC(474) Archive regions: 2->2
[2022-04-22T19:19:12.888+0800][gc,heap      ] GC(474) Humongous regions: 129->129
[2022-04-22T19:19:12.888+0800][gc,metaspace ] GC(474) Metaspace: 43442K->43442K(1089536K)
[2022-04-22T19:19:12.888+0800][gc           ] GC(474) Pause Young (Normal) (G1 Evacuation Pause) 289M->242M(1024M) 22.563ms
[2022-04-22T19:19:12.888+0800][gc,cpu       ] GC(474) User=0.05s Sys=0.02s Real=0.02s
[2022-04-22T19:19:30.054+0800][gc,start     ] GC(475) Pause Young (Normal) (G1 Evacuation Pause)
[2022-04-22T19:19:30.054+0800][gc,task      ] GC(475) Using 8 workers of 8 for evacuation
[2022-04-22T19:19:30.067+0800][gc,phases    ] GC(475)   Pre Evacuate Collection Set: 0.2ms
[2022-04-22T19:19:30.067+0800][gc,phases    ] GC(475)   Evacuate Collection Set: 11.2ms
[2022-04-22T19:19:30.067+0800][gc,phases    ] GC(475)   Post Evacuate Collection Set: 0.7ms
[2022-04-22T19:19:30.067+0800][gc,phases    ] GC(475)   Other: 0.9ms
[2022-04-22T19:19:30.067+0800][gc,heap      ] GC(475) Eden regions: 47->0(49)
[2022-04-22T19:19:30.067+0800][gc,heap      ] GC(475) Survivor regions: 4->5(7)
[2022-04-22T19:19:30.067+0800][gc,heap      ] GC(475) Old regions: 109->109
[2022-04-22T19:19:30.067+0800][gc,heap      ] GC(475) Archive regions: 2->2
[2022-04-22T19:19:30.067+0800][gc,heap      ] GC(475) Humongous regions: 129->129
[2022-04-22T19:19:30.067+0800][gc,metaspace ] GC(475) Metaspace: 43442K->43442K(1089536K)
[2022-04-22T19:19:30.067+0800][gc           ] GC(475) Pause Young (Normal) (G1 Evacuation Pause) 289M->242M(1024M) 13.378ms
[2022-04-22T19:19:30.067+0800][gc,cpu       ] GC(475) User=0.04s Sys=0.01s Real=0.01s
[2022-04-22T19:19:47.990+0800][gc,start     ] GC(476) Pause Young (Normal) (G1 Evacuation Pause)
[2022-04-22T19:19:47.991+0800][gc,task      ] GC(476) Using 8 workers of 8 for evacuation
[2022-04-22T19:19:48.014+0800][gc,mmu       ] GC(476) MMU target violated: 21.0ms (20.0ms/21.0ms)
[2022-04-22T19:19:48.014+0800][gc,phases    ] GC(476)   Pre Evacuate Collection Set: 0.2ms
[2022-04-22T19:19:48.015+0800][gc,phases    ] GC(476)   Evacuate Collection Set: 22.3ms
[2022-04-22T19:19:48.015+0800][gc,phases    ] GC(476)   Post Evacuate Collection Set: 0.4ms
[2022-04-22T19:19:48.015+0800][gc,phases    ] GC(476)   Other: 1.5ms
[2022-04-22T19:19:48.015+0800][gc,heap      ] GC(476) Eden regions: 49->0(48)
[2022-04-22T19:19:48.015+0800][gc,heap      ] GC(476) Survivor regions: 5->5(7)
[2022-04-22T19:19:48.015+0800][gc,heap      ] GC(476) Old regions: 109->110
[2022-04-22T19:19:48.015+0800][gc,heap      ] GC(476) Archive regions: 2->2
[2022-04-22T19:19:48.015+0800][gc,heap      ] GC(476) Humongous regions: 129->129
[2022-04-22T19:19:48.015+0800][gc,metaspace ] GC(476) Metaspace: 43442K->43442K(1089536K)
[2022-04-22T19:19:48.015+0800][gc           ] GC(476) Pause Young (Normal) (G1 Evacuation Pause) 291M->243M(1024M) 24.368ms
[2022-04-22T19:19:48.015+0800][gc,cpu       ] GC(476) User=0.05s Sys=0.02s Real=0.02s
[2022-04-22T19:20:05.626+0800][gc,start     ] GC(477) Pause Young (Normal) (G1 Evacuation Pause)
[2022-04-22T19:20:05.626+0800][gc,task      ] GC(477) Using 8 workers of 8 for evacuation
[2022-04-22T19:20:05.644+0800][gc,phases    ] GC(477)   Pre Evacuate Collection Set: 0.4ms
[2022-04-22T19:20:05.644+0800][gc,phases    ] GC(477)   Evacuate Collection Set: 15.7ms
[2022-04-22T19:20:05.644+0800][gc,phases    ] GC(477)   Post Evacuate Collection Set: 0.8ms
[2022-04-22T19:20:05.644+0800][gc,phases    ] GC(477)   Other: 1.4ms
[2022-04-22T19:20:05.644+0800][gc,heap      ] GC(477) Eden regions: 48->0(49)
[2022-04-22T19:20:05.644+0800][gc,heap      ] GC(477) Survivor regions: 5->5(7)
[2022-04-22T19:20:05.644+0800][gc,heap      ] GC(477) Old regions: 110->110
[2022-04-22T19:20:05.644+0800][gc,heap      ] GC(477) Archive regions: 2->2
[2022-04-22T19:20:05.644+0800][gc,heap      ] GC(477) Humongous regions: 129->129
[2022-04-22T19:20:05.644+0800][gc,metaspace ] GC(477) Metaspace: 43442K->43442K(1089536K)
[2022-04-22T19:20:05.644+0800][gc           ] GC(477) Pause Young (Normal) (G1 Evacuation Pause) 291M->243M(1024M) 18.696ms
[2022-04-22T19:20:05.644+0800][gc,cpu       ] GC(477) User=0.04s Sys=0.01s Real=0.02s
[2022-04-22T19:20:23.258+0800][gc,start     ] GC(478) Pause Young (Normal) (G1 Evacuation Pause)
[2022-04-22T19:20:23.259+0800][gc,task      ] GC(478) Using 8 workers of 8 for evacuation
[2022-04-22T19:20:23.277+0800][gc,phases    ] GC(478)   Pre Evacuate Collection Set: 0.3ms
[2022-04-22T19:20:23.277+0800][gc,phases    ] GC(478)   Evacuate Collection Set: 15.9ms
[2022-04-22T19:20:23.277+0800][gc,phases    ] GC(478)   Post Evacuate Collection Set: 0.7ms
[2022-04-22T19:20:23.277+0800][gc,phases    ] GC(478)   Other: 3.0ms
[2022-04-22T19:20:23.277+0800][gc,heap      ] GC(478) Eden regions: 48->0(51)
[2022-04-22T19:20:23.277+0800][gc,heap      ] GC(478) Survivor regions: 5->5(7)
[2022-04-22T19:20:23.277+0800][gc,heap      ] GC(478) Old regions: 110->111
[2022-04-22T19:20:23.277+0800][gc,heap      ] GC(478) Archive regions: 2->2
[2022-04-22T19:20:23.278+0800][gc,heap      ] GC(478) Humongous regions: 129->129
[2022-04-22T19:20:23.278+0800][gc,metaspace ] GC(478) Metaspace: 43442K->43442K(1089536K)
[2022-04-22T19:20:23.278+0800][gc           ] GC(478) Pause Young (Normal) (G1 Evacuation Pause) 291M->244M(1024M) 20.043ms
[2022-04-22T19:20:23.278+0800][gc,cpu       ] GC(478) User=0.05s Sys=0.02s Real=0.02s
[2022-04-22T19:20:41.050+0800][gc,start     ] GC(479) Pause Young (Normal) (G1 Evacuation Pause)
[2022-04-22T19:20:41.051+0800][gc,task      ] GC(479) Using 8 workers of 8 for evacuation
[2022-04-22T19:20:41.076+0800][gc,mmu       ] GC(479) MMU target violated: 21.0ms (20.0ms/21.0ms)
[2022-04-22T19:20:41.076+0800][gc,phases    ] GC(479)   Pre Evacuate Collection Set: 0.3ms
[2022-04-22T19:20:41.076+0800][gc,phases    ] GC(479)   Evacuate Collection Set: 22.4ms
[2022-04-22T19:20:41.076+0800][gc,phases    ] GC(479)   Post Evacuate Collection Set: 0.6ms
[2022-04-22T19:20:41.076+0800][gc,phases    ] GC(479)   Other: 2.7ms
[2022-04-22T19:20:41.076+0800][gc,heap      ] GC(479) Eden regions: 49->0(49)
[2022-04-22T19:20:41.076+0800][gc,heap      ] GC(479) Survivor regions: 5->5(7)
[2022-04-22T19:20:41.076+0800][gc,heap      ] GC(479) Old regions: 111->111
[2022-04-22T19:20:41.076+0800][gc,heap      ] GC(479) Archive regions: 2->2
[2022-04-22T19:20:41.076+0800][gc,heap      ] GC(479) Humongous regions: 129->129
[2022-04-22T19:20:41.076+0800][gc,metaspace ] GC(479) Metaspace: 43442K->43442K(1089536K)
[2022-04-22T19:20:41.076+0800][gc           ] GC(479) Pause Young (Normal) (G1 Evacuation Pause) 293M->244M(1024M) 26.079ms
[2022-04-22T19:20:41.076+0800][gc,cpu       ] GC(479) User=0.05s Sys=0.01s Real=0.02s
[2022-04-22T19:20:57.943+0800][gc,start     ] GC(480) Pause Young (Normal) (G1 Evacuation Pause)
[2022-04-22T19:20:57.945+0800][gc,task      ] GC(480) Using 8 workers of 8 for evacuation
[2022-04-22T19:20:57.971+0800][gc,mmu       ] GC(480) MMU target violated: 21.0ms (20.0ms/21.0ms)
[2022-04-22T19:20:57.971+0800][gc,phases    ] GC(480)   Pre Evacuate Collection Set: 0.4ms
[2022-04-22T19:20:57.971+0800][gc,phases    ] GC(480)   Evacuate Collection Set: 24.5ms
[2022-04-22T19:20:57.971+0800][gc,phases    ] GC(480)   Post Evacuate Collection Set: 0.4ms
[2022-04-22T19:20:57.971+0800][gc,phases    ] GC(480)   Other: 2.8ms
[2022-04-22T19:20:57.971+0800][gc,heap      ] GC(480) Eden regions: 46->0(47)
[2022-04-22T19:20:57.971+0800][gc,heap      ] GC(480) Survivor regions: 5->4(7)
[2022-04-22T19:20:57.971+0800][gc,heap      ] GC(480) Old regions: 111->112
[2022-04-22T19:20:57.971+0800][gc,heap      ] GC(480) Archive regions: 2->2
[2022-04-22T19:20:57.971+0800][gc,heap      ] GC(480) Humongous regions: 129->129
[2022-04-22T19:20:57.971+0800][gc,metaspace ] GC(480) Metaspace: 43442K->43442K(1089536K)
[2022-04-22T19:20:57.971+0800][gc           ] GC(480) Pause Young (Normal) (G1 Evacuation Pause) 290M->244M(1024M) 28.223ms
[2022-04-22T19:20:57.971+0800][gc,cpu       ] GC(480) User=0.03s Sys=0.03s Real=0.03s
[2022-04-22T19:21:15.142+0800][gc,start     ] GC(481) Pause Young (Normal) (G1 Evacuation Pause)
[2022-04-22T19:21:15.156+0800][gc,task      ] GC(481) Using 8 workers of 8 for evacuation
[2022-04-22T19:21:15.173+0800][gc,phases    ] GC(481)   Pre Evacuate Collection Set: 0.1ms
[2022-04-22T19:21:15.174+0800][gc,phases    ] GC(481)   Evacuate Collection Set: 15.5ms
[2022-04-22T19:21:15.174+0800][gc,phases    ] GC(481)   Post Evacuate Collection Set: 0.4ms
[2022-04-22T19:21:15.174+0800][gc,phases    ] GC(481)   Other: 14.9ms
[2022-04-22T19:21:15.174+0800][gc,heap      ] GC(481) Eden regions: 47->0(46)
[2022-04-22T19:21:15.174+0800][gc,heap      ] GC(481) Survivor regions: 4->6(7)
[2022-04-22T19:21:15.174+0800][gc,heap      ] GC(481) Old regions: 112->112
[2022-04-22T19:21:15.174+0800][gc,heap      ] GC(481) Archive regions: 2->2
[2022-04-22T19:21:15.174+0800][gc,heap      ] GC(481) Humongous regions: 129->129
[2022-04-22T19:21:15.174+0800][gc,metaspace ] GC(481) Metaspace: 43442K->43442K(1089536K)
[2022-04-22T19:21:15.174+0800][gc           ] GC(481) Pause Young (Normal) (G1 Evacuation Pause) 291M->246M(1024M) 31.904ms
[2022-04-22T19:21:15.174+0800][gc,cpu       ] GC(481) User=0.06s Sys=0.01s Real=0.03s
[2022-04-22T19:21:31.503+0800][gc,start     ] GC(482) Pause Young (Normal) (G1 Evacuation Pause)
[2022-04-22T19:21:31.503+0800][gc,task      ] GC(482) Using 8 workers of 8 for evacuation
[2022-04-22T19:21:31.553+0800][gc,mmu       ] GC(482) MMU target violated: 21.0ms (20.0ms/21.0ms)
[2022-04-22T19:21:31.553+0800][gc,phases    ] GC(482)   Pre Evacuate Collection Set: 0.2ms
[2022-04-22T19:21:31.553+0800][gc,phases    ] GC(482)   Evacuate Collection Set: 48.6ms
[2022-04-22T19:21:31.553+0800][gc,phases    ] GC(482)   Post Evacuate Collection Set: 0.4ms
[2022-04-22T19:21:31.553+0800][gc,phases    ] GC(482)   Other: 1.1ms
[2022-04-22T19:21:31.553+0800][gc,heap      ] GC(482) Eden regions: 45->0(47)
[2022-04-22T19:21:31.553+0800][gc,heap      ] GC(482) Survivor regions: 6->4(7)
[2022-04-22T19:21:31.553+0800][gc,heap      ] GC(482) Old regions: 112->114
[2022-04-22T19:21:31.553+0800][gc,heap      ] GC(482) Archive regions: 2->2
[2022-04-22T19:21:31.553+0800][gc,heap      ] GC(482) Humongous regions: 129->129
[2022-04-22T19:21:31.553+0800][gc,metaspace ] GC(482) Metaspace: 43442K->43442K(1089536K)
[2022-04-22T19:21:31.553+0800][gc           ] GC(482) Pause Young (Normal) (G1 Evacuation Pause) 291M->246M(1024M) 50.303ms
[2022-04-22T19:21:31.553+0800][gc,cpu       ] GC(482) User=0.04s Sys=0.03s Real=0.05s
[2022-04-22T19:21:48.666+0800][gc,start     ] GC(483) Pause Young (Normal) (G1 Evacuation Pause)
[2022-04-22T19:21:48.667+0800][gc,task      ] GC(483) Using 8 workers of 8 for evacuation
[2022-04-22T19:21:48.685+0800][gc,phases    ] GC(483)   Pre Evacuate Collection Set: 0.3ms
[2022-04-22T19:21:48.685+0800][gc,phases    ] GC(483)   Evacuate Collection Set: 15.3ms
[2022-04-22T19:21:48.685+0800][gc,phases    ] GC(483)   Post Evacuate Collection Set: 1.3ms
[2022-04-22T19:21:48.685+0800][gc,phases    ] GC(483)   Other: 2.0ms
[2022-04-22T19:21:48.685+0800][gc,heap      ] GC(483) Eden regions: 47->0(47)
[2022-04-22T19:21:48.685+0800][gc,heap      ] GC(483) Survivor regions: 4->4(7)
[2022-04-22T19:21:48.685+0800][gc,heap      ] GC(483) Old regions: 114->114
[2022-04-22T19:21:48.685+0800][gc,heap      ] GC(483) Archive regions: 2->2
[2022-04-22T19:21:48.685+0800][gc,heap      ] GC(483) Humongous regions: 129->129
[2022-04-22T19:21:48.685+0800][gc,metaspace ] GC(483) Metaspace: 43442K->43442K(1089536K)
[2022-04-22T19:21:48.685+0800][gc           ] GC(483) Pause Young (Normal) (G1 Evacuation Pause) 293M->246M(1024M) 18.889ms
[2022-04-22T19:21:48.685+0800][gc,cpu       ] GC(483) User=0.04s Sys=0.02s Real=0.02s
[2022-04-22T19:22:05.811+0800][gc,start     ] GC(484) Pause Young (Normal) (G1 Evacuation Pause)
[2022-04-22T19:22:05.812+0800][gc,task      ] GC(484) Using 8 workers of 8 for evacuation
[2022-04-22T19:22:05.827+0800][gc,phases    ] GC(484)   Pre Evacuate Collection Set: 0.3ms
[2022-04-22T19:22:05.827+0800][gc,phases    ] GC(484)   Evacuate Collection Set: 13.6ms
[2022-04-22T19:22:05.827+0800][gc,phases    ] GC(484)   Post Evacuate Collection Set: 0.6ms
[2022-04-22T19:22:05.827+0800][gc,phases    ] GC(484)   Other: 1.7ms
[2022-04-22T19:22:05.827+0800][gc,heap      ] GC(484) Eden regions: 47->0(47)
[2022-04-22T19:22:05.828+0800][gc,heap      ] GC(484) Survivor regions: 4->4(7)
[2022-04-22T19:22:05.828+0800][gc,heap      ] GC(484) Old regions: 114->114
[2022-04-22T19:22:05.828+0800][gc,heap      ] GC(484) Archive regions: 2->2
[2022-04-22T19:22:05.828+0800][gc,heap      ] GC(484) Humongous regions: 129->129
[2022-04-22T19:22:05.828+0800][gc,metaspace ] GC(484) Metaspace: 43442K->43442K(1089536K)
[2022-04-22T19:22:05.828+0800][gc           ] GC(484) Pause Young (Normal) (G1 Evacuation Pause) 293M->246M(1024M) 16.472ms
[2022-04-22T19:22:05.828+0800][gc,cpu       ] GC(484) User=0.04s Sys=0.01s Real=0.01s
[2022-04-22T19:22:22.965+0800][gc,start     ] GC(485) Pause Young (Normal) (G1 Evacuation Pause)
[2022-04-22T19:22:22.966+0800][gc,task      ] GC(485) Using 8 workers of 8 for evacuation
[2022-04-22T19:22:22.983+0800][gc,phases    ] GC(485)   Pre Evacuate Collection Set: 0.2ms
[2022-04-22T19:22:22.983+0800][gc,phases    ] GC(485)   Evacuate Collection Set: 15.9ms
[2022-04-22T19:22:22.983+0800][gc,phases    ] GC(485)   Post Evacuate Collection Set: 0.6ms
[2022-04-22T19:22:22.983+0800][gc,phases    ] GC(485)   Other: 0.9ms
[2022-04-22T19:22:22.983+0800][gc,heap      ] GC(485) Eden regions: 47->0(47)
[2022-04-22T19:22:22.983+0800][gc,heap      ] GC(485) Survivor regions: 4->4(7)
[2022-04-22T19:22:22.983+0800][gc,heap      ] GC(485) Old regions: 114->114
[2022-04-22T19:22:22.983+0800][gc,heap      ] GC(485) Archive regions: 2->2
[2022-04-22T19:22:22.983+0800][gc,heap      ] GC(485) Humongous regions: 129->129
[2022-04-22T19:22:22.983+0800][gc,metaspace ] GC(485) Metaspace: 43442K->43442K(1089536K)
[2022-04-22T19:22:22.983+0800][gc           ] GC(485) Pause Young (Normal) (G1 Evacuation Pause) 293M->247M(1024M) 17.865ms
[2022-04-22T19:22:22.983+0800][gc,cpu       ] GC(485) User=0.04s Sys=0.01s Real=0.02s
[2022-04-22T19:22:40.055+0800][gc,start     ] GC(486) Pause Young (Normal) (G1 Evacuation Pause)
[2022-04-22T19:22:40.055+0800][gc,task      ] GC(486) Using 8 workers of 8 for evacuation
[2022-04-22T19:22:40.067+0800][gc,phases    ] GC(486)   Pre Evacuate Collection Set: 0.1ms
[2022-04-22T19:22:40.067+0800][gc,phases    ] GC(486)   Evacuate Collection Set: 11.4ms
[2022-04-22T19:22:40.067+0800][gc,phases    ] GC(486)   Post Evacuate Collection Set: 0.4ms
[2022-04-22T19:22:40.068+0800][gc,phases    ] GC(486)   Other: 0.9ms
[2022-04-22T19:22:40.068+0800][gc,heap      ] GC(486) Eden regions: 47->0(48)
[2022-04-22T19:22:40.068+0800][gc,heap      ] GC(486) Survivor regions: 4->4(7)
[2022-04-22T19:22:40.068+0800][gc,heap      ] GC(486) Old regions: 114->114
[2022-04-22T19:22:40.068+0800][gc,heap      ] GC(486) Archive regions: 2->2
[2022-04-22T19:22:40.068+0800][gc,heap      ] GC(486) Humongous regions: 129->129
[2022-04-22T19:22:40.068+0800][gc,metaspace ] GC(486) Metaspace: 43442K->43442K(1089536K)
[2022-04-22T19:22:40.068+0800][gc           ] GC(486) Pause Young (Normal) (G1 Evacuation Pause) 294M->247M(1024M) 12.898ms
[2022-04-22T19:22:40.068+0800][gc,cpu       ] GC(486) User=0.05s Sys=0.00s Real=0.01s
[2022-04-22T19:22:57.579+0800][gc,start     ] GC(487) Pause Young (Normal) (G1 Evacuation Pause)
[2022-04-22T19:22:57.580+0800][gc,task      ] GC(487) Using 8 workers of 8 for evacuation
[2022-04-22T19:22:57.610+0800][gc,mmu       ] GC(487) MMU target violated: 21.0ms (20.0ms/21.0ms)
[2022-04-22T19:22:57.611+0800][gc,phases    ] GC(487)   Pre Evacuate Collection Set: 0.4ms
[2022-04-22T19:22:57.611+0800][gc,phases    ] GC(487)   Evacuate Collection Set: 28.1ms
[2022-04-22T19:22:57.611+0800][gc,phases    ] GC(487)   Post Evacuate Collection Set: 1.2ms
[2022-04-22T19:22:57.611+0800][gc,phases    ] GC(487)   Other: 2.2ms
[2022-04-22T19:22:57.611+0800][gc,heap      ] GC(487) Eden regions: 48->0(47)
[2022-04-22T19:22:57.611+0800][gc,heap      ] GC(487) Survivor regions: 4->4(7)
[2022-04-22T19:22:57.611+0800][gc,heap      ] GC(487) Old regions: 114->115
[2022-04-22T19:22:57.611+0800][gc,heap      ] GC(487) Archive regions: 2->2
[2022-04-22T19:22:57.611+0800][gc,heap      ] GC(487) Humongous regions: 129->129
[2022-04-22T19:22:57.611+0800][gc,metaspace ] GC(487) Metaspace: 43442K->43442K(1089536K)
[2022-04-22T19:22:57.611+0800][gc           ] GC(487) Pause Young (Normal) (G1 Evacuation Pause) 295M->247M(1024M) 31.850ms
[2022-04-22T19:22:57.611+0800][gc,cpu       ] GC(487) User=0.05s Sys=0.05s Real=0.04s
[2022-04-22T19:23:14.844+0800][gc,start     ] GC(488) Pause Young (Normal) (G1 Evacuation Pause)
[2022-04-22T19:23:14.845+0800][gc,task      ] GC(488) Using 8 workers of 8 for evacuation
[2022-04-22T19:23:14.869+0800][gc,mmu       ] GC(488) MMU target violated: 21.0ms (20.0ms/21.0ms)
[2022-04-22T19:23:14.870+0800][gc,phases    ] GC(488)   Pre Evacuate Collection Set: 0.3ms
[2022-04-22T19:23:14.870+0800][gc,phases    ] GC(488)   Evacuate Collection Set: 21.9ms
[2022-04-22T19:23:14.870+0800][gc,phases    ] GC(488)   Post Evacuate Collection Set: 0.7ms
[2022-04-22T19:23:14.870+0800][gc,phases    ] GC(488)   Other: 2.7ms
[2022-04-22T19:23:14.870+0800][gc,heap      ] GC(488) Eden regions: 47->0(47)
[2022-04-22T19:23:14.870+0800][gc,heap      ] GC(488) Survivor regions: 4->4(7)
[2022-04-22T19:23:14.870+0800][gc,heap      ] GC(488) Old regions: 115->115
[2022-04-22T19:23:14.870+0800][gc,heap      ] GC(488) Archive regions: 2->2
[2022-04-22T19:23:14.870+0800][gc,heap      ] GC(488) Humongous regions: 129->129
[2022-04-22T19:23:14.870+0800][gc,metaspace ] GC(488) Metaspace: 43442K->43442K(1089536K)
[2022-04-22T19:23:14.870+0800][gc           ] GC(488) Pause Young (Normal) (G1 Evacuation Pause) 294M->248M(1024M) 25.738ms
[2022-04-22T19:23:14.870+0800][gc,cpu       ] GC(488) User=0.05s Sys=0.01s Real=0.03s
[2022-04-22T19:23:31.953+0800][gc,start     ] GC(489) Pause Young (Normal) (G1 Evacuation Pause)
[2022-04-22T19:23:31.953+0800][gc,task      ] GC(489) Using 8 workers of 8 for evacuation
[2022-04-22T19:23:31.979+0800][gc,mmu       ] GC(489) MMU target violated: 21.0ms (20.0ms/21.0ms)
[2022-04-22T19:23:31.980+0800][gc,phases    ] GC(489)   Pre Evacuate Collection Set: 0.2ms
[2022-04-22T19:23:31.980+0800][gc,phases    ] GC(489)   Evacuate Collection Set: 23.9ms
[2022-04-22T19:23:31.980+0800][gc,phases    ] GC(489)   Post Evacuate Collection Set: 0.9ms
[2022-04-22T19:23:31.980+0800][gc,phases    ] GC(489)   Other: 1.5ms
[2022-04-22T19:23:31.980+0800][gc,heap      ] GC(489) Eden regions: 47->0(45)
[2022-04-22T19:23:31.980+0800][gc,heap      ] GC(489) Survivor regions: 4->6(7)
[2022-04-22T19:23:31.980+0800][gc,heap      ] GC(489) Old regions: 115->116
[2022-04-22T19:23:31.980+0800][gc,heap      ] GC(489) Archive regions: 2->2
[2022-04-22T19:23:31.980+0800][gc,heap      ] GC(489) Humongous regions: 129->129
[2022-04-22T19:23:31.980+0800][gc,metaspace ] GC(489) Metaspace: 43442K->43442K(1089536K)
[2022-04-22T19:23:31.980+0800][gc           ] GC(489) Pause Young (Normal) (G1 Evacuation Pause) 295M->250M(1024M) 26.652ms
[2022-04-22T19:23:31.980+0800][gc,cpu       ] GC(489) User=0.04s Sys=0.01s Real=0.03s
[2022-04-22T19:23:48.531+0800][gc,start     ] GC(490) Pause Young (Normal) (G1 Evacuation Pause)
[2022-04-22T19:23:48.532+0800][gc,task      ] GC(490) Using 8 workers of 8 for evacuation
[2022-04-22T19:23:48.555+0800][gc,mmu       ] GC(490) MMU target violated: 21.0ms (20.0ms/21.0ms)
[2022-04-22T19:23:48.555+0800][gc,phases    ] GC(490)   Pre Evacuate Collection Set: 0.4ms
[2022-04-22T19:23:48.555+0800][gc,phases    ] GC(490)   Evacuate Collection Set: 20.4ms
[2022-04-22T19:23:48.555+0800][gc,phases    ] GC(490)   Post Evacuate Collection Set: 0.6ms
[2022-04-22T19:23:48.555+0800][gc,phases    ] GC(490)   Other: 2.7ms
[2022-04-22T19:23:48.555+0800][gc,heap      ] GC(490) Eden regions: 45->0(47)
[2022-04-22T19:23:48.555+0800][gc,heap      ] GC(490) Survivor regions: 6->4(7)
[2022-04-22T19:23:48.555+0800][gc,heap      ] GC(490) Old regions: 116->117
[2022-04-22T19:23:48.555+0800][gc,heap      ] GC(490) Archive regions: 2->2
[2022-04-22T19:23:48.555+0800][gc,heap      ] GC(490) Humongous regions: 129->129
[2022-04-22T19:23:48.555+0800][gc,metaspace ] GC(490) Metaspace: 43442K->43442K(1089536K)
[2022-04-22T19:23:48.555+0800][gc           ] GC(490) Pause Young (Normal) (G1 Evacuation Pause) 295M->250M(1024M) 24.162ms
[2022-04-22T19:23:48.555+0800][gc,cpu       ] GC(490) User=0.06s Sys=0.03s Real=0.02s
[2022-04-22T19:24:05.792+0800][gc,start     ] GC(491) Pause Young (Normal) (G1 Evacuation Pause)
[2022-04-22T19:24:05.792+0800][gc,task      ] GC(491) Using 8 workers of 8 for evacuation
[2022-04-22T19:24:05.808+0800][gc,phases    ] GC(491)   Pre Evacuate Collection Set: 0.4ms
[2022-04-22T19:24:05.808+0800][gc,phases    ] GC(491)   Evacuate Collection Set: 14.1ms
[2022-04-22T19:24:05.808+0800][gc,phases    ] GC(491)   Post Evacuate Collection Set: 0.6ms
[2022-04-22T19:24:05.808+0800][gc,phases    ] GC(491)   Other: 1.7ms
[2022-04-22T19:24:05.808+0800][gc,heap      ] GC(491) Eden regions: 47->0(47)
[2022-04-22T19:24:05.808+0800][gc,heap      ] GC(491) Survivor regions: 4->4(7)
[2022-04-22T19:24:05.808+0800][gc,heap      ] GC(491) Old regions: 117->117
[2022-04-22T19:24:05.808+0800][gc,heap      ] GC(491) Archive regions: 2->2
[2022-04-22T19:24:05.808+0800][gc,heap      ] GC(491) Humongous regions: 129->129
[2022-04-22T19:24:05.808+0800][gc,metaspace ] GC(491) Metaspace: 43442K->43442K(1089536K)
[2022-04-22T19:24:05.809+0800][gc           ] GC(491) Pause Young (Normal) (G1 Evacuation Pause) 297M->250M(1024M) 16.924ms
[2022-04-22T19:24:05.809+0800][gc,cpu       ] GC(491) User=0.05s Sys=0.01s Real=0.01s
[2022-04-22T19:24:22.878+0800][gc,start     ] GC(492) Pause Young (Normal) (G1 Evacuation Pause)
[2022-04-22T19:24:22.879+0800][gc,task      ] GC(492) Using 8 workers of 8 for evacuation
[2022-04-22T19:24:22.894+0800][gc,phases    ] GC(492)   Pre Evacuate Collection Set: 0.4ms
[2022-04-22T19:24:22.894+0800][gc,phases    ] GC(492)   Evacuate Collection Set: 13.7ms
[2022-04-22T19:24:22.894+0800][gc,phases    ] GC(492)   Post Evacuate Collection Set: 0.6ms
[2022-04-22T19:24:22.894+0800][gc,phases    ] GC(492)   Other: 1.1ms
[2022-04-22T19:24:22.894+0800][gc,heap      ] GC(492) Eden regions: 47->0(49)
[2022-04-22T19:24:22.894+0800][gc,heap      ] GC(492) Survivor regions: 4->4(7)
[2022-04-22T19:24:22.894+0800][gc,heap      ] GC(492) Old regions: 117->117
[2022-04-22T19:24:22.894+0800][gc,heap      ] GC(492) Archive regions: 2->2
[2022-04-22T19:24:22.894+0800][gc,heap      ] GC(492) Humongous regions: 129->129
[2022-04-22T19:24:22.894+0800][gc,metaspace ] GC(492) Metaspace: 43442K->43442K(1089536K)
[2022-04-22T19:24:22.894+0800][gc           ] GC(492) Pause Young (Normal) (G1 Evacuation Pause) 297M->250M(1024M) 15.817ms
[2022-04-22T19:24:22.894+0800][gc,cpu       ] GC(492) User=0.04s Sys=0.00s Real=0.02s
[2022-04-22T19:24:40.219+0800][gc,start     ] GC(493) Pause Young (Normal) (G1 Evacuation Pause)
[2022-04-22T19:24:40.220+0800][gc,task      ] GC(493) Using 8 workers of 8 for evacuation
[2022-04-22T19:24:40.241+0800][gc,mmu       ] GC(493) MMU target violated: 20.1ms (20.0ms/21.0ms)
[2022-04-22T19:24:40.241+0800][gc,phases    ] GC(493)   Pre Evacuate Collection Set: 0.2ms
[2022-04-22T19:24:40.241+0800][gc,phases    ] GC(493)   Evacuate Collection Set: 18.8ms
[2022-04-22T19:24:40.241+0800][gc,phases    ] GC(493)   Post Evacuate Collection Set: 0.7ms
[2022-04-22T19:24:40.241+0800][gc,phases    ] GC(493)   Other: 1.6ms
[2022-04-22T19:24:40.241+0800][gc,heap      ] GC(493) Eden regions: 47->0(48)
[2022-04-22T19:24:40.241+0800][gc,heap      ] GC(493) Survivor regions: 4->4(7)
[2022-04-22T19:24:40.241+0800][gc,heap      ] GC(493) Old regions: 117->118
[2022-04-22T19:24:40.241+0800][gc,heap      ] GC(493) Archive regions: 2->2
[2022-04-22T19:24:40.241+0800][gc,heap      ] GC(493) Humongous regions: 129->129
[2022-04-22T19:24:40.241+0800][gc,metaspace ] GC(493) Metaspace: 43442K->43442K(1089536K)
[2022-04-22T19:24:40.241+0800][gc           ] GC(493) Pause Young (Normal) (G1 Evacuation Pause) 297M->250M(1024M) 21.461ms
[2022-04-22T19:24:40.241+0800][gc,cpu       ] GC(493) User=0.05s Sys=0.01s Real=0.03s
[2022-04-22T19:24:57.399+0800][gc,start     ] GC(494) Pause Young (Normal) (G1 Evacuation Pause)
[2022-04-22T19:24:57.399+0800][gc,task      ] GC(494) Using 8 workers of 8 for evacuation
[2022-04-22T19:24:57.414+0800][gc,phases    ] GC(494)   Pre Evacuate Collection Set: 0.1ms
[2022-04-22T19:24:57.415+0800][gc,phases    ] GC(494)   Evacuate Collection Set: 15.0ms
[2022-04-22T19:24:57.415+0800][gc,phases    ] GC(494)   Post Evacuate Collection Set: 0.3ms
[2022-04-22T19:24:57.415+0800][gc,phases    ] GC(494)   Other: 0.6ms
[2022-04-22T19:24:57.415+0800][gc,heap      ] GC(494) Eden regions: 47->0(49)
[2022-04-22T19:24:57.415+0800][gc,heap      ] GC(494) Survivor regions: 4->4(7)
[2022-04-22T19:24:57.415+0800][gc,heap      ] GC(494) Old regions: 118->118
[2022-04-22T19:24:57.415+0800][gc,heap      ] GC(494) Archive regions: 2->2
[2022-04-22T19:24:57.415+0800][gc,heap      ] GC(494) Humongous regions: 129->129
[2022-04-22T19:24:57.415+0800][gc,metaspace ] GC(494) Metaspace: 43442K->43442K(1089536K)
[2022-04-22T19:24:57.415+0800][gc           ] GC(494) Pause Young (Normal) (G1 Evacuation Pause) 297M->250M(1024M) 16.116ms
[2022-04-22T19:24:57.415+0800][gc,cpu       ] GC(494) User=0.05s Sys=0.00s Real=0.02s
[2022-04-22T19:25:15.464+0800][gc,start     ] GC(495) Pause Young (Normal) (G1 Evacuation Pause)
[2022-04-22T19:25:15.466+0800][gc,task      ] GC(495) Using 8 workers of 8 for evacuation
[2022-04-22T19:25:15.508+0800][gc,mmu       ] GC(495) MMU target violated: 21.0ms (20.0ms/21.0ms)
[2022-04-22T19:25:15.508+0800][gc,phases    ] GC(495)   Pre Evacuate Collection Set: 0.2ms
[2022-04-22T19:25:15.508+0800][gc,phases    ] GC(495)   Evacuate Collection Set: 40.7ms
[2022-04-22T19:25:15.508+0800][gc,phases    ] GC(495)   Post Evacuate Collection Set: 0.5ms
[2022-04-22T19:25:15.508+0800][gc,phases    ] GC(495)   Other: 2.5ms
[2022-04-22T19:25:15.508+0800][gc,heap      ] GC(495) Eden regions: 49->0(47)
[2022-04-22T19:25:15.508+0800][gc,heap      ] GC(495) Survivor regions: 4->4(7)
[2022-04-22T19:25:15.508+0800][gc,heap      ] GC(495) Old regions: 118->118
[2022-04-22T19:25:15.508+0800][gc,heap      ] GC(495) Archive regions: 2->2
[2022-04-22T19:25:15.508+0800][gc,heap      ] GC(495) Humongous regions: 129->129
[2022-04-22T19:25:15.508+0800][gc,metaspace ] GC(495) Metaspace: 43442K->43442K(1089536K)
[2022-04-22T19:25:15.508+0800][gc           ] GC(495) Pause Young (Normal) (G1 Evacuation Pause) 299M->251M(1024M) 44.012ms
[2022-04-22T19:25:15.508+0800][gc,cpu       ] GC(495) User=0.05s Sys=0.01s Real=0.04s
[2022-04-22T19:25:32.552+0800][gc,start     ] GC(496) Pause Young (Normal) (G1 Evacuation Pause)
[2022-04-22T19:25:32.552+0800][gc,task      ] GC(496) Using 8 workers of 8 for evacuation
[2022-04-22T19:25:32.570+0800][gc,phases    ] GC(496)   Pre Evacuate Collection Set: 0.1ms
[2022-04-22T19:25:32.570+0800][gc,phases    ] GC(496)   Evacuate Collection Set: 16.4ms
[2022-04-22T19:25:32.570+0800][gc,phases    ] GC(496)   Post Evacuate Collection Set: 0.6ms
[2022-04-22T19:25:32.570+0800][gc,phases    ] GC(496)   Other: 0.8ms
[2022-04-22T19:25:32.570+0800][gc,heap      ] GC(496) Eden regions: 47->0(47)
[2022-04-22T19:25:32.570+0800][gc,heap      ] GC(496) Survivor regions: 4->4(7)
[2022-04-22T19:25:32.570+0800][gc,heap      ] GC(496) Old regions: 118->119
[2022-04-22T19:25:32.570+0800][gc,heap      ] GC(496) Archive regions: 2->2
[2022-04-22T19:25:32.570+0800][gc,heap      ] GC(496) Humongous regions: 129->129
[2022-04-22T19:25:32.570+0800][gc,metaspace ] GC(496) Metaspace: 43442K->43442K(1089536K)
[2022-04-22T19:25:32.570+0800][gc           ] GC(496) Pause Young (Normal) (G1 Evacuation Pause) 298M->251M(1024M) 18.244ms
[2022-04-22T19:25:32.570+0800][gc,cpu       ] GC(496) User=0.04s Sys=0.01s Real=0.02s
[2022-04-22T19:25:49.666+0800][gc,start     ] GC(497) Pause Young (Normal) (G1 Evacuation Pause)
[2022-04-22T19:25:49.668+0800][gc,task      ] GC(497) Using 8 workers of 8 for evacuation
[2022-04-22T19:25:49.684+0800][gc,phases    ] GC(497)   Pre Evacuate Collection Set: 0.4ms
[2022-04-22T19:25:49.685+0800][gc,phases    ] GC(497)   Evacuate Collection Set: 14.3ms
[2022-04-22T19:25:49.685+0800][gc,phases    ] GC(497)   Post Evacuate Collection Set: 0.8ms
[2022-04-22T19:25:49.685+0800][gc,phases    ] GC(497)   Other: 2.9ms
[2022-04-22T19:25:49.685+0800][gc,heap      ] GC(497) Eden regions: 47->0(45)
[2022-04-22T19:25:49.685+0800][gc,heap      ] GC(497) Survivor regions: 4->6(7)
[2022-04-22T19:25:49.685+0800][gc,heap      ] GC(497) Old regions: 119->119
[2022-04-22T19:25:49.685+0800][gc,heap      ] GC(497) Archive regions: 2->2
[2022-04-22T19:25:49.685+0800][gc,heap      ] GC(497) Humongous regions: 129->129
[2022-04-22T19:25:49.685+0800][gc,metaspace ] GC(497) Metaspace: 43442K->43442K(1089536K)
[2022-04-22T19:25:49.685+0800][gc           ] GC(497) Pause Young (Normal) (G1 Evacuation Pause) 298M->253M(1024M) 18.782ms
[2022-04-22T19:25:49.685+0800][gc,cpu       ] GC(497) User=0.05s Sys=0.01s Real=0.02s
[2022-04-22T19:26:06.047+0800][gc,start     ] GC(498) Pause Young (Normal) (G1 Evacuation Pause)
[2022-04-22T19:26:06.047+0800][gc,task      ] GC(498) Using 8 workers of 8 for evacuation
[2022-04-22T19:26:06.103+0800][gc,mmu       ] GC(498) MMU target violated: 21.0ms (20.0ms/21.0ms)
[2022-04-22T19:26:06.103+0800][gc,phases    ] GC(498)   Pre Evacuate Collection Set: 0.3ms
[2022-04-22T19:26:06.103+0800][gc,phases    ] GC(498)   Evacuate Collection Set: 54.4ms
[2022-04-22T19:26:06.103+0800][gc,phases    ] GC(498)   Post Evacuate Collection Set: 0.7ms
[2022-04-22T19:26:06.103+0800][gc,phases    ] GC(498)   Other: 1.1ms
[2022-04-22T19:26:06.103+0800][gc,heap      ] GC(498) Eden regions: 45->0(47)
[2022-04-22T19:26:06.103+0800][gc,heap      ] GC(498) Survivor regions: 6->4(7)
[2022-04-22T19:26:06.103+0800][gc,heap      ] GC(498) Old regions: 119->121
[2022-04-22T19:26:06.103+0800][gc,heap      ] GC(498) Archive regions: 2->2
[2022-04-22T19:26:06.103+0800][gc,heap      ] GC(498) Humongous regions: 129->129
[2022-04-22T19:26:06.103+0800][gc,metaspace ] GC(498) Metaspace: 43442K->43442K(1089536K)
[2022-04-22T19:26:06.103+0800][gc           ] GC(498) Pause Young (Normal) (G1 Evacuation Pause) 298M->253M(1024M) 56.595ms
[2022-04-22T19:26:06.103+0800][gc,cpu       ] GC(498) User=0.05s Sys=0.04s Real=0.06s
[2022-04-22T19:26:23.177+0800][gc,start     ] GC(499) Pause Young (Normal) (G1 Evacuation Pause)
[2022-04-22T19:26:23.179+0800][gc,task      ] GC(499) Using 8 workers of 8 for evacuation
[2022-04-22T19:26:23.195+0800][gc,phases    ] GC(499)   Pre Evacuate Collection Set: 0.4ms
[2022-04-22T19:26:23.195+0800][gc,phases    ] GC(499)   Evacuate Collection Set: 13.7ms
[2022-04-22T19:26:23.195+0800][gc,phases    ] GC(499)   Post Evacuate Collection Set: 0.8ms
[2022-04-22T19:26:23.195+0800][gc,phases    ] GC(499)   Other: 2.8ms
[2022-04-22T19:26:23.195+0800][gc,heap      ] GC(499) Eden regions: 47->0(47)
[2022-04-22T19:26:23.195+0800][gc,heap      ] GC(499) Survivor regions: 4->4(7)
[2022-04-22T19:26:23.195+0800][gc,heap      ] GC(499) Old regions: 121->121
[2022-04-22T19:26:23.195+0800][gc,heap      ] GC(499) Archive regions: 2->2
[2022-04-22T19:26:23.195+0800][gc,heap      ] GC(499) Humongous regions: 129->129
[2022-04-22T19:26:23.195+0800][gc,metaspace ] GC(499) Metaspace: 43442K->43442K(1089536K)
[2022-04-22T19:26:23.195+0800][gc           ] GC(499) Pause Young (Normal) (G1 Evacuation Pause) 300M->253M(1024M) 17.810ms
[2022-04-22T19:26:23.195+0800][gc,cpu       ] GC(499) User=0.04s Sys=0.00s Real=0.02s
[2022-04-22T19:26:40.278+0800][gc,start     ] GC(500) Pause Young (Normal) (G1 Evacuation Pause)
[2022-04-22T19:26:40.279+0800][gc,task      ] GC(500) Using 8 workers of 8 for evacuation
[2022-04-22T19:26:40.305+0800][gc,mmu       ] GC(500) MMU target violated: 21.0ms (20.0ms/21.0ms)
[2022-04-22T19:26:40.305+0800][gc,phases    ] GC(500)   Pre Evacuate Collection Set: 0.2ms
[2022-04-22T19:26:40.305+0800][gc,phases    ] GC(500)   Evacuate Collection Set: 22.9ms
[2022-04-22T19:26:40.305+0800][gc,phases    ] GC(500)   Post Evacuate Collection Set: 1.3ms
[2022-04-22T19:26:40.305+0800][gc,phases    ] GC(500)   Other: 2.2ms
[2022-04-22T19:26:40.305+0800][gc,heap      ] GC(500) Eden regions: 47->0(47)
[2022-04-22T19:26:40.305+0800][gc,heap      ] GC(500) Survivor regions: 4->4(7)
[2022-04-22T19:26:40.305+0800][gc,heap      ] GC(500) Old regions: 121->121
[2022-04-22T19:26:40.305+0800][gc,heap      ] GC(500) Archive regions: 2->2
[2022-04-22T19:26:40.305+0800][gc,heap      ] GC(500) Humongous regions: 129->129
[2022-04-22T19:26:40.305+0800][gc,metaspace ] GC(500) Metaspace: 43442K->43442K(1089536K)
[2022-04-22T19:26:40.305+0800][gc           ] GC(500) Pause Young (Normal) (G1 Evacuation Pause) 300M->253M(1024M) 26.739ms
[2022-04-22T19:26:40.305+0800][gc,cpu       ] GC(500) User=0.03s Sys=0.04s Real=0.03s
[2022-04-22T19:26:57.433+0800][gc,start     ] GC(501) Pause Young (Normal) (G1 Evacuation Pause)
[2022-04-22T19:26:57.435+0800][gc,task      ] GC(501) Using 8 workers of 8 for evacuation
[2022-04-22T19:26:57.453+0800][gc,phases    ] GC(501)   Pre Evacuate Collection Set: 0.2ms
[2022-04-22T19:26:57.453+0800][gc,phases    ] GC(501)   Evacuate Collection Set: 16.4ms
[2022-04-22T19:26:57.453+0800][gc,phases    ] GC(501)   Post Evacuate Collection Set: 0.6ms
[2022-04-22T19:26:57.453+0800][gc,phases    ] GC(501)   Other: 2.2ms
[2022-04-22T19:26:57.453+0800][gc,heap      ] GC(501) Eden regions: 47->0(47)
[2022-04-22T19:26:57.453+0800][gc,heap      ] GC(501) Survivor regions: 4->4(7)
[2022-04-22T19:26:57.453+0800][gc,heap      ] GC(501) Old regions: 121->121
[2022-04-22T19:26:57.453+0800][gc,heap      ] GC(501) Archive regions: 2->2
[2022-04-22T19:26:57.453+0800][gc,heap      ] GC(501) Humongous regions: 129->129
[2022-04-22T19:26:57.453+0800][gc,metaspace ] GC(501) Metaspace: 43442K->43442K(1089536K)
[2022-04-22T19:26:57.453+0800][gc           ] GC(501) Pause Young (Normal) (G1 Evacuation Pause) 300M->254M(1024M) 19.641ms
[2022-04-22T19:26:57.453+0800][gc,cpu       ] GC(501) User=0.04s Sys=0.01s Real=0.02s
[2022-04-22T19:27:15.490+0800][gc,start     ] GC(502) Pause Young (Normal) (G1 Evacuation Pause)
[2022-04-22T19:27:15.491+0800][gc,task      ] GC(502) Using 8 workers of 8 for evacuation
[2022-04-22T19:27:15.519+0800][gc,mmu       ] GC(502) MMU target violated: 21.0ms (20.0ms/21.0ms)
[2022-04-22T19:27:15.520+0800][gc,phases    ] GC(502)   Pre Evacuate Collection Set: 0.2ms
[2022-04-22T19:27:15.520+0800][gc,phases    ] GC(502)   Evacuate Collection Set: 26.1ms
[2022-04-22T19:27:15.520+0800][gc,phases    ] GC(502)   Post Evacuate Collection Set: 1.5ms
[2022-04-22T19:27:15.520+0800][gc,phases    ] GC(502)   Other: 1.3ms
[2022-04-22T19:27:15.520+0800][gc,heap      ] GC(502) Eden regions: 47->0(47)
[2022-04-22T19:27:15.520+0800][gc,heap      ] GC(502) Survivor regions: 4->4(7)
[2022-04-22T19:27:15.520+0800][gc,heap      ] GC(502) Old regions: 121->121
[2022-04-22T19:27:15.520+0800][gc,heap      ] GC(502) Archive regions: 2->2
[2022-04-22T19:27:15.520+0800][gc,heap      ] GC(502) Humongous regions: 129->129
[2022-04-22T19:27:15.520+0800][gc,metaspace ] GC(502) Metaspace: 43442K->43442K(1089536K)
[2022-04-22T19:27:15.520+0800][gc           ] GC(502) Pause Young (Normal) (G1 Evacuation Pause) 301M->254M(1024M) 29.310ms
[2022-04-22T19:27:15.520+0800][gc,cpu       ] GC(502) User=0.04s Sys=0.03s Real=0.03s
[2022-04-22T19:27:32.880+0800][gc,start     ] GC(503) Pause Young (Normal) (G1 Evacuation Pause)
[2022-04-22T19:27:32.881+0800][gc,task      ] GC(503) Using 8 workers of 8 for evacuation
[2022-04-22T19:27:32.902+0800][gc,mmu       ] GC(503) MMU target violated: 21.0ms (20.0ms/21.0ms)
[2022-04-22T19:27:32.902+0800][gc,phases    ] GC(503)   Pre Evacuate Collection Set: 0.2ms
[2022-04-22T19:27:32.902+0800][gc,phases    ] GC(503)   Evacuate Collection Set: 19.7ms
[2022-04-22T19:27:32.902+0800][gc,phases    ] GC(503)   Post Evacuate Collection Set: 0.8ms
[2022-04-22T19:27:32.902+0800][gc,phases    ] GC(503)   Other: 1.6ms
[2022-04-22T19:27:32.902+0800][gc,heap      ] GC(503) Eden regions: 47->0(45)
[2022-04-22T19:27:32.902+0800][gc,heap      ] GC(503) Survivor regions: 4->6(7)
[2022-04-22T19:27:32.902+0800][gc,heap      ] GC(503) Old regions: 121->122
[2022-04-22T19:27:32.902+0800][gc,heap      ] GC(503) Archive regions: 2->2
[2022-04-22T19:27:32.902+0800][gc,heap      ] GC(503) Humongous regions: 129->129
[2022-04-22T19:27:32.902+0800][gc,metaspace ] GC(503) Metaspace: 43442K->43442K(1089536K)
[2022-04-22T19:27:32.902+0800][gc           ] GC(503) Pause Young (Normal) (G1 Evacuation Pause) 301M->256M(1024M) 22.269ms
[2022-04-22T19:27:32.902+0800][gc,cpu       ] GC(503) User=0.05s Sys=0.02s Real=0.02s
[2022-04-22T19:27:49.691+0800][gc,start     ] GC(504) Pause Young (Normal) (G1 Evacuation Pause)
[2022-04-22T19:27:49.692+0800][gc,task      ] GC(504) Using 8 workers of 8 for evacuation
[2022-04-22T19:27:49.716+0800][gc,mmu       ] GC(504) MMU target violated: 21.0ms (20.0ms/21.0ms)
[2022-04-22T19:27:49.716+0800][gc,phases    ] GC(504)   Pre Evacuate Collection Set: 0.5ms
[2022-04-22T19:27:49.716+0800][gc,phases    ] GC(504)   Evacuate Collection Set: 20.9ms
[2022-04-22T19:27:49.716+0800][gc,phases    ] GC(504)   Post Evacuate Collection Set: 0.8ms
[2022-04-22T19:27:49.716+0800][gc,phases    ] GC(504)   Other: 2.8ms
[2022-04-22T19:27:49.716+0800][gc,heap      ] GC(504) Eden regions: 45->0(47)
[2022-04-22T19:27:49.716+0800][gc,heap      ] GC(504) Survivor regions: 6->4(7)
[2022-04-22T19:27:49.716+0800][gc,heap      ] GC(504) Old regions: 122->123
[2022-04-22T19:27:49.716+0800][gc,heap      ] GC(504) Archive regions: 2->2
[2022-04-22T19:27:49.716+0800][gc,heap      ] GC(504) Humongous regions: 129->129
[2022-04-22T19:27:49.716+0800][gc,metaspace ] GC(504) Metaspace: 43442K->43442K(1089536K)
[2022-04-22T19:27:49.716+0800][gc           ] GC(504) Pause Young (Normal) (G1 Evacuation Pause) 301M->256M(1024M) 24.938ms
[2022-04-22T19:27:49.716+0800][gc,cpu       ] GC(504) User=0.06s Sys=0.03s Real=0.02s
[2022-04-22T19:28:06.855+0800][gc,start     ] GC(505) Pause Young (Normal) (G1 Evacuation Pause)
[2022-04-22T19:28:06.855+0800][gc,task      ] GC(505) Using 8 workers of 8 for evacuation
[2022-04-22T19:28:06.871+0800][gc,phases    ] GC(505)   Pre Evacuate Collection Set: 0.4ms
[2022-04-22T19:28:06.871+0800][gc,phases    ] GC(505)   Evacuate Collection Set: 14.2ms
[2022-04-22T19:28:06.871+0800][gc,phases    ] GC(505)   Post Evacuate Collection Set: 0.4ms
[2022-04-22T19:28:06.871+0800][gc,phases    ] GC(505)   Other: 1.2ms
[2022-04-22T19:28:06.871+0800][gc,heap      ] GC(505) Eden regions: 47->0(47)
[2022-04-22T19:28:06.871+0800][gc,heap      ] GC(505) Survivor regions: 4->4(7)
[2022-04-22T19:28:06.871+0800][gc,heap      ] GC(505) Old regions: 123->123
[2022-04-22T19:28:06.871+0800][gc,heap      ] GC(505) Archive regions: 2->2
[2022-04-22T19:28:06.871+0800][gc,heap      ] GC(505) Humongous regions: 129->129
[2022-04-22T19:28:06.871+0800][gc,metaspace ] GC(505) Metaspace: 43442K->43442K(1089536K)
[2022-04-22T19:28:06.871+0800][gc           ] GC(505) Pause Young (Normal) (G1 Evacuation Pause) 303M->256M(1024M) 16.247ms
[2022-04-22T19:28:06.871+0800][gc,cpu       ] GC(505) User=0.04s Sys=0.00s Real=0.02s
[2022-04-22T19:28:23.726+0800][gc,start     ] GC(506) Pause Young (Normal) (G1 Evacuation Pause)
[2022-04-22T19:28:23.726+0800][gc,task      ] GC(506) Using 8 workers of 8 for evacuation
[2022-04-22T19:28:23.744+0800][gc,phases    ] GC(506)   Pre Evacuate Collection Set: 0.3ms
[2022-04-22T19:28:23.744+0800][gc,phases    ] GC(506)   Evacuate Collection Set: 14.9ms
[2022-04-22T19:28:23.744+0800][gc,phases    ] GC(506)   Post Evacuate Collection Set: 0.9ms
[2022-04-22T19:28:23.744+0800][gc,phases    ] GC(506)   Other: 1.7ms
[2022-04-22T19:28:23.744+0800][gc,heap      ] GC(506) Eden regions: 47->0(48)
[2022-04-22T19:28:23.744+0800][gc,heap      ] GC(506) Survivor regions: 4->5(7)
[2022-04-22T19:28:23.744+0800][gc,heap      ] GC(506) Old regions: 123->123
[2022-04-22T19:28:23.744+0800][gc,heap      ] GC(506) Archive regions: 2->2
[2022-04-22T19:28:23.744+0800][gc,heap      ] GC(506) Humongous regions: 129->129
[2022-04-22T19:28:23.744+0800][gc,metaspace ] GC(506) Metaspace: 43442K->43442K(1089536K)
[2022-04-22T19:28:23.744+0800][gc           ] GC(506) Pause Young (Normal) (G1 Evacuation Pause) 303M->256M(1024M) 17.904ms
[2022-04-22T19:28:23.744+0800][gc,cpu       ] GC(506) User=0.04s Sys=0.01s Real=0.02s
[2022-04-22T19:28:40.176+0800][gc,start     ] GC(507) Pause Young (Normal) (G1 Evacuation Pause)
[2022-04-22T19:28:40.176+0800][gc,task      ] GC(507) Using 8 workers of 8 for evacuation
[2022-04-22T19:28:40.198+0800][gc,mmu       ] GC(507) MMU target violated: 21.0ms (20.0ms/21.0ms)
[2022-04-22T19:28:40.199+0800][gc,phases    ] GC(507)   Pre Evacuate Collection Set: 0.3ms
[2022-04-22T19:28:40.199+0800][gc,phases    ] GC(507)   Evacuate Collection Set: 20.0ms
[2022-04-22T19:28:40.199+0800][gc,phases    ] GC(507)   Post Evacuate Collection Set: 1.1ms
[2022-04-22T19:28:40.199+0800][gc,phases    ] GC(507)   Other: 1.3ms
[2022-04-22T19:28:40.199+0800][gc,heap      ] GC(507) Eden regions: 46->0(47)
[2022-04-22T19:28:40.199+0800][gc,heap      ] GC(507) Survivor regions: 5->4(7)
[2022-04-22T19:28:40.199+0800][gc,heap      ] GC(507) Old regions: 123->124
[2022-04-22T19:28:40.199+0800][gc,heap      ] GC(507) Archive regions: 2->2
[2022-04-22T19:28:40.199+0800][gc,heap      ] GC(507) Humongous regions: 129->129
[2022-04-22T19:28:40.199+0800][gc,metaspace ] GC(507) Metaspace: 43442K->43442K(1089536K)
[2022-04-22T19:28:40.199+0800][gc           ] GC(507) Pause Young (Normal) (G1 Evacuation Pause) 302M->256M(1024M) 22.749ms
[2022-04-22T19:28:40.199+0800][gc,cpu       ] GC(507) User=0.04s Sys=0.02s Real=0.02s
[2022-04-22T19:28:56.931+0800][gc,start     ] GC(508) Pause Young (Normal) (G1 Evacuation Pause)
[2022-04-22T19:28:56.932+0800][gc,task      ] GC(508) Using 8 workers of 8 for evacuation
[2022-04-22T19:28:56.945+0800][gc,phases    ] GC(508)   Pre Evacuate Collection Set: 0.2ms
[2022-04-22T19:28:56.945+0800][gc,phases    ] GC(508)   Evacuate Collection Set: 12.1ms
[2022-04-22T19:28:56.945+0800][gc,phases    ] GC(508)   Post Evacuate Collection Set: 0.7ms
[2022-04-22T19:28:56.945+0800][gc,phases    ] GC(508)   Other: 0.8ms
[2022-04-22T19:28:56.945+0800][gc,heap      ] GC(508) Eden regions: 47->0(49)
[2022-04-22T19:28:56.945+0800][gc,heap      ] GC(508) Survivor regions: 4->4(7)
[2022-04-22T19:28:56.945+0800][gc,heap      ] GC(508) Old regions: 124->124
[2022-04-22T19:28:56.945+0800][gc,heap      ] GC(508) Archive regions: 2->2
[2022-04-22T19:28:56.945+0800][gc,heap      ] GC(508) Humongous regions: 129->129
[2022-04-22T19:28:56.945+0800][gc,metaspace ] GC(508) Metaspace: 43442K->43442K(1089536K)
[2022-04-22T19:28:56.945+0800][gc           ] GC(508) Pause Young (Normal) (G1 Evacuation Pause) 303M->256M(1024M) 13.950ms
[2022-04-22T19:28:56.945+0800][gc,cpu       ] GC(508) User=0.05s Sys=0.00s Real=0.01s
[2022-04-22T19:29:14.605+0800][gc,start     ] GC(509) Pause Young (Normal) (G1 Evacuation Pause)
[2022-04-22T19:29:14.605+0800][gc,task      ] GC(509) Using 8 workers of 8 for evacuation
[2022-04-22T19:29:14.625+0800][gc,phases    ] GC(509)   Pre Evacuate Collection Set: 0.2ms
[2022-04-22T19:29:14.625+0800][gc,phases    ] GC(509)   Evacuate Collection Set: 18.1ms
[2022-04-22T19:29:14.625+0800][gc,phases    ] GC(509)   Post Evacuate Collection Set: 0.5ms
[2022-04-22T19:29:14.625+0800][gc,phases    ] GC(509)   Other: 1.2ms
[2022-04-22T19:29:14.625+0800][gc,heap      ] GC(509) Eden regions: 49->0(50)
[2022-04-22T19:29:14.625+0800][gc,heap      ] GC(509) Survivor regions: 4->5(7)
[2022-04-22T19:29:14.625+0800][gc,heap      ] GC(509) Old regions: 124->124
[2022-04-22T19:29:14.625+0800][gc,heap      ] GC(509) Archive regions: 2->2
[2022-04-22T19:29:14.625+0800][gc,heap      ] GC(509) Humongous regions: 129->129
[2022-04-22T19:29:14.625+0800][gc,metaspace ] GC(509) Metaspace: 43442K->43442K(1089536K)
[2022-04-22T19:29:14.625+0800][gc           ] GC(509) Pause Young (Normal) (G1 Evacuation Pause) 305M->257M(1024M) 20.276ms
[2022-04-22T19:29:14.625+0800][gc,cpu       ] GC(509) User=0.05s Sys=0.02s Real=0.02s
[2022-04-22T19:29:31.694+0800][gc,start     ] GC(510) Pause Young (Normal) (G1 Evacuation Pause)
[2022-04-22T19:29:31.694+0800][gc,task      ] GC(510) Using 8 workers of 8 for evacuation
[2022-04-22T19:29:31.713+0800][gc,phases    ] GC(510)   Pre Evacuate Collection Set: 0.4ms
[2022-04-22T19:29:31.713+0800][gc,phases    ] GC(510)   Evacuate Collection Set: 16.2ms
[2022-04-22T19:29:31.713+0800][gc,phases    ] GC(510)   Post Evacuate Collection Set: 0.8ms
[2022-04-22T19:29:31.713+0800][gc,phases    ] GC(510)   Other: 1.9ms
[2022-04-22T19:29:31.714+0800][gc,heap      ] GC(510) Eden regions: 48->0(49)
[2022-04-22T19:29:31.714+0800][gc,heap      ] GC(510) Survivor regions: 5->4(7)
[2022-04-22T19:29:31.714+0800][gc,heap      ] GC(510) Old regions: 124->125
[2022-04-22T19:29:31.714+0800][gc,heap      ] GC(510) Archive regions: 2->2
[2022-04-22T19:29:31.714+0800][gc,heap      ] GC(510) Humongous regions: 129->129
[2022-04-22T19:29:31.714+0800][gc,metaspace ] GC(510) Metaspace: 43442K->43442K(1089536K)
[2022-04-22T19:29:31.714+0800][gc           ] GC(510) Pause Young (Normal) (G1 Evacuation Pause) 305M->257M(1024M) 19.640ms
[2022-04-22T19:29:31.714+0800][gc,cpu       ] GC(510) User=0.06s Sys=0.01s Real=0.02s
[2022-04-22T19:29:49.439+0800][gc,start     ] GC(511) Pause Young (Normal) (G1 Evacuation Pause)
[2022-04-22T19:29:49.439+0800][gc,task      ] GC(511) Using 8 workers of 8 for evacuation
[2022-04-22T19:29:49.459+0800][gc,phases    ] GC(511)   Pre Evacuate Collection Set: 0.2ms
[2022-04-22T19:29:49.459+0800][gc,phases    ] GC(511)   Evacuate Collection Set: 17.3ms
[2022-04-22T19:29:49.459+0800][gc,phases    ] GC(511)   Post Evacuate Collection Set: 0.7ms
[2022-04-22T19:29:49.459+0800][gc,phases    ] GC(511)   Other: 1.7ms
[2022-04-22T19:29:49.459+0800][gc,heap      ] GC(511) Eden regions: 49->0(50)
[2022-04-22T19:29:49.459+0800][gc,heap      ] GC(511) Survivor regions: 4->4(7)
[2022-04-22T19:29:49.459+0800][gc,heap      ] GC(511) Old regions: 125->125
[2022-04-22T19:29:49.459+0800][gc,heap      ] GC(511) Archive regions: 2->2
[2022-04-22T19:29:49.459+0800][gc,heap      ] GC(511) Humongous regions: 129->129
[2022-04-22T19:29:49.459+0800][gc,metaspace ] GC(511) Metaspace: 43442K->43442K(1089536K)
[2022-04-22T19:29:49.459+0800][gc           ] GC(511) Pause Young (Normal) (G1 Evacuation Pause) 306M->258M(1024M) 20.244ms
[2022-04-22T19:29:49.459+0800][gc,cpu       ] GC(511) User=0.05s Sys=0.02s Real=0.02s
[2022-04-22T19:30:07.351+0800][gc,start     ] GC(512) Pause Young (Normal) (G1 Evacuation Pause)
[2022-04-22T19:30:07.352+0800][gc,task      ] GC(512) Using 8 workers of 8 for evacuation
[2022-04-22T19:30:07.372+0800][gc,phases    ] GC(512)   Pre Evacuate Collection Set: 0.4ms
[2022-04-22T19:30:07.372+0800][gc,phases    ] GC(512)   Evacuate Collection Set: 17.6ms
[2022-04-22T19:30:07.372+0800][gc,phases    ] GC(512)   Post Evacuate Collection Set: 0.7ms
[2022-04-22T19:30:07.372+0800][gc,phases    ] GC(512)   Other: 2.5ms
[2022-04-22T19:30:07.372+0800][gc,heap      ] GC(512) Eden regions: 50->0(51)
[2022-04-22T19:30:07.372+0800][gc,heap      ] GC(512) Survivor regions: 4->5(7)
[2022-04-22T19:30:07.372+0800][gc,heap      ] GC(512) Old regions: 125->126
[2022-04-22T19:30:07.372+0800][gc,heap      ] GC(512) Archive regions: 2->2
[2022-04-22T19:30:07.372+0800][gc,heap      ] GC(512) Humongous regions: 129->129
[2022-04-22T19:30:07.372+0800][gc,metaspace ] GC(512) Metaspace: 43442K->43442K(1089536K)
[2022-04-22T19:30:07.372+0800][gc           ] GC(512) Pause Young (Normal) (G1 Evacuation Pause) 308M->259M(1024M) 21.448ms
[2022-04-22T19:30:07.372+0800][gc,cpu       ] GC(512) User=0.06s Sys=0.01s Real=0.02s
[2022-04-22T19:30:25.786+0800][gc,start     ] GC(513) Pause Young (Normal) (G1 Evacuation Pause)
[2022-04-22T19:30:25.786+0800][gc,task      ] GC(513) Using 8 workers of 8 for evacuation
[2022-04-22T19:30:25.810+0800][gc,mmu       ] GC(513) MMU target violated: 21.0ms (20.0ms/21.0ms)
[2022-04-22T19:30:25.810+0800][gc,phases    ] GC(513)   Pre Evacuate Collection Set: 0.2ms
[2022-04-22T19:30:25.810+0800][gc,phases    ] GC(513)   Evacuate Collection Set: 21.6ms
[2022-04-22T19:30:25.810+0800][gc,phases    ] GC(513)   Post Evacuate Collection Set: 1.0ms
[2022-04-22T19:30:25.810+0800][gc,phases    ] GC(513)   Other: 1.9ms
[2022-04-22T19:30:25.810+0800][gc,heap      ] GC(513) Eden regions: 51->0(52)
[2022-04-22T19:30:25.810+0800][gc,heap      ] GC(513) Survivor regions: 5->5(7)
[2022-04-22T19:30:25.810+0800][gc,heap      ] GC(513) Old regions: 126->126
[2022-04-22T19:30:25.810+0800][gc,heap      ] GC(513) Archive regions: 2->2
[2022-04-22T19:30:25.810+0800][gc,heap      ] GC(513) Humongous regions: 129->129
[2022-04-22T19:30:25.810+0800][gc,metaspace ] GC(513) Metaspace: 43442K->43442K(1089536K)
[2022-04-22T19:30:25.810+0800][gc           ] GC(513) Pause Young (Normal) (G1 Evacuation Pause) 310M->259M(1024M) 24.871ms
[2022-04-22T19:30:25.811+0800][gc,cpu       ] GC(513) User=0.06s Sys=0.02s Real=0.03s
[2022-04-22T19:30:44.509+0800][gc,start     ] GC(514) Pause Young (Normal) (G1 Evacuation Pause)
[2022-04-22T19:30:44.510+0800][gc,task      ] GC(514) Using 8 workers of 8 for evacuation
[2022-04-22T19:30:44.530+0800][gc,mmu       ] GC(514) MMU target violated: 20.0ms (20.0ms/21.0ms)
[2022-04-22T19:30:44.530+0800][gc,phases    ] GC(514)   Pre Evacuate Collection Set: 0.2ms
[2022-04-22T19:30:44.530+0800][gc,phases    ] GC(514)   Evacuate Collection Set: 18.9ms
[2022-04-22T19:30:44.530+0800][gc,phases    ] GC(514)   Post Evacuate Collection Set: 0.5ms
[2022-04-22T19:30:44.530+0800][gc,phases    ] GC(514)   Other: 1.4ms
[2022-04-22T19:30:44.530+0800][gc,heap      ] GC(514) Eden regions: 52->0(53)
[2022-04-22T19:30:44.530+0800][gc,heap      ] GC(514) Survivor regions: 5->6(8)
[2022-04-22T19:30:44.530+0800][gc,heap      ] GC(514) Old regions: 126->126
[2022-04-22T19:30:44.530+0800][gc,heap      ] GC(514) Archive regions: 2->2
[2022-04-22T19:30:44.530+0800][gc,heap      ] GC(514) Humongous regions: 129->129
[2022-04-22T19:30:44.530+0800][gc,metaspace ] GC(514) Metaspace: 43442K->43442K(1089536K)
[2022-04-22T19:30:44.530+0800][gc           ] GC(514) Pause Young (Normal) (G1 Evacuation Pause) 311M->260M(1024M) 21.083ms
[2022-04-22T19:30:44.530+0800][gc,cpu       ] GC(514) User=0.04s Sys=0.02s Real=0.03s
[2022-04-22T19:31:02.328+0800][gc,start     ] GC(515) Pause Young (Normal) (G1 Evacuation Pause)
[2022-04-22T19:31:02.329+0800][gc,task      ] GC(515) Using 8 workers of 8 for evacuation
[2022-04-22T19:31:02.362+0800][gc,mmu       ] GC(515) MMU target violated: 21.0ms (20.0ms/21.0ms)
[2022-04-22T19:31:02.362+0800][gc,phases    ] GC(515)   Pre Evacuate Collection Set: 0.3ms
[2022-04-22T19:31:02.362+0800][gc,phases    ] GC(515)   Evacuate Collection Set: 29.4ms
[2022-04-22T19:31:02.362+0800][gc,phases    ] GC(515)   Post Evacuate Collection Set: 2.0ms
[2022-04-22T19:31:02.362+0800][gc,phases    ] GC(515)   Other: 2.7ms
[2022-04-22T19:31:02.362+0800][gc,heap      ] GC(515) Eden regions: 50->0(46)
[2022-04-22T19:31:02.362+0800][gc,heap      ] GC(515) Survivor regions: 6->5(7)
[2022-04-22T19:31:02.362+0800][gc,heap      ] GC(515) Old regions: 126->128
[2022-04-22T19:31:02.362+0800][gc,heap      ] GC(515) Archive regions: 2->2
[2022-04-22T19:31:02.362+0800][gc,heap      ] GC(515) Humongous regions: 129->129
[2022-04-22T19:31:02.362+0800][gc,metaspace ] GC(515) Metaspace: 43442K->43442K(1089536K)
[2022-04-22T19:31:02.362+0800][gc           ] GC(515) Pause Young (Normal) (G1 Evacuation Pause) 310M->261M(1024M) 34.500ms
[2022-04-22T19:31:02.362+0800][gc,cpu       ] GC(515) User=0.05s Sys=0.05s Real=0.04s
[2022-04-22T19:31:18.945+0800][gc,start     ] GC(516) Pause Young (Normal) (G1 Evacuation Pause)
[2022-04-22T19:31:18.945+0800][gc,task      ] GC(516) Using 8 workers of 8 for evacuation
[2022-04-22T19:31:18.962+0800][gc,phases    ] GC(516)   Pre Evacuate Collection Set: 0.4ms
[2022-04-22T19:31:18.962+0800][gc,phases    ] GC(516)   Evacuate Collection Set: 13.7ms
[2022-04-22T19:31:18.962+0800][gc,phases    ] GC(516)   Post Evacuate Collection Set: 1.5ms
[2022-04-22T19:31:18.962+0800][gc,phases    ] GC(516)   Other: 1.4ms
[2022-04-22T19:31:18.962+0800][gc,heap      ] GC(516) Eden regions: 46->0(49)
[2022-04-22T19:31:18.962+0800][gc,heap      ] GC(516) Survivor regions: 5->4(7)
[2022-04-22T19:31:18.962+0800][gc,heap      ] GC(516) Old regions: 128->129
[2022-04-22T19:31:18.962+0800][gc,heap      ] GC(516) Archive regions: 2->2
[2022-04-22T19:31:18.962+0800][gc,heap      ] GC(516) Humongous regions: 129->129
[2022-04-22T19:31:18.962+0800][gc,metaspace ] GC(516) Metaspace: 43442K->43442K(1089536K)
[2022-04-22T19:31:18.962+0800][gc           ] GC(516) Pause Young (Normal) (G1 Evacuation Pause) 307M->261M(1024M) 17.171ms
[2022-04-22T19:31:18.962+0800][gc,cpu       ] GC(516) User=0.05s Sys=0.01s Real=0.02s
[2022-04-22T19:31:35.973+0800][gc,start     ] GC(517) Pause Young (Normal) (G1 Evacuation Pause)
[2022-04-22T19:31:35.974+0800][gc,task      ] GC(517) Using 8 workers of 8 for evacuation
[2022-04-22T19:31:35.991+0800][gc,phases    ] GC(517)   Pre Evacuate Collection Set: 0.3ms
[2022-04-22T19:31:35.991+0800][gc,phases    ] GC(517)   Evacuate Collection Set: 15.5ms
[2022-04-22T19:31:35.991+0800][gc,phases    ] GC(517)   Post Evacuate Collection Set: 0.8ms
[2022-04-22T19:31:35.991+0800][gc,phases    ] GC(517)   Other: 1.6ms
[2022-04-22T19:31:35.991+0800][gc,heap      ] GC(517) Eden regions: 47->0(50)
[2022-04-22T19:31:35.991+0800][gc,heap      ] GC(517) Survivor regions: 4->4(7)
[2022-04-22T19:31:35.991+0800][gc,heap      ] GC(517) Old regions: 129->129
[2022-04-22T19:31:35.991+0800][gc,heap      ] GC(517) Archive regions: 2->2
[2022-04-22T19:31:35.992+0800][gc,heap      ] GC(517) Humongous regions: 129->129
[2022-04-22T19:31:35.992+0800][gc,metaspace ] GC(517) Metaspace: 43442K->43442K(1089536K)
[2022-04-22T19:31:35.992+0800][gc           ] GC(517) Pause Young (Normal) (G1 Evacuation Pause) 308M->261M(1024M) 18.385ms
[2022-04-22T19:31:35.992+0800][gc,cpu       ] GC(517) User=0.05s Sys=0.02s Real=0.02s
[2022-04-22T19:31:52.751+0800][gc,start     ] GC(518) Pause Young (Normal) (G1 Evacuation Pause)
[2022-04-22T19:31:52.766+0800][gc,task      ] GC(518) Using 8 workers of 8 for evacuation
[2022-04-22T19:31:52.796+0800][gc,mmu       ] GC(518) MMU target violated: 21.0ms (20.0ms/21.0ms)
[2022-04-22T19:31:52.796+0800][gc,phases    ] GC(518)   Pre Evacuate Collection Set: 0.3ms
[2022-04-22T19:31:52.796+0800][gc,phases    ] GC(518)   Evacuate Collection Set: 27.4ms
[2022-04-22T19:31:52.796+0800][gc,phases    ] GC(518)   Post Evacuate Collection Set: 1.0ms
[2022-04-22T19:31:52.796+0800][gc,phases    ] GC(518)   Other: 16.8ms
[2022-04-22T19:31:52.796+0800][gc,heap      ] GC(518) Eden regions: 47->0(47)
[2022-04-22T19:31:52.796+0800][gc,heap      ] GC(518) Survivor regions: 4->4(7)
[2022-04-22T19:31:52.796+0800][gc,heap      ] GC(518) Old regions: 129->129
[2022-04-22T19:31:52.796+0800][gc,heap      ] GC(518) Archive regions: 2->2
[2022-04-22T19:31:52.796+0800][gc,heap      ] GC(518) Humongous regions: 129->129
[2022-04-22T19:31:52.796+0800][gc,metaspace ] GC(518) Metaspace: 43442K->43442K(1089536K)
[2022-04-22T19:31:52.797+0800][gc           ] GC(518) Pause Young (Normal) (G1 Evacuation Pause) 308M->262M(1024M) 45.810ms
[2022-04-22T19:31:52.797+0800][gc,cpu       ] GC(518) User=0.06s Sys=0.03s Real=0.04s
[2022-04-22T19:32:09.687+0800][gc,start     ] GC(519) Pause Young (Normal) (G1 Evacuation Pause)
[2022-04-22T19:32:09.688+0800][gc,task      ] GC(519) Using 8 workers of 8 for evacuation
[2022-04-22T19:32:09.702+0800][gc,phases    ] GC(519)   Pre Evacuate Collection Set: 0.4ms
[2022-04-22T19:32:09.702+0800][gc,phases    ] GC(519)   Evacuate Collection Set: 12.3ms
[2022-04-22T19:32:09.702+0800][gc,phases    ] GC(519)   Post Evacuate Collection Set: 0.6ms
[2022-04-22T19:32:09.702+0800][gc,phases    ] GC(519)   Other: 1.4ms
[2022-04-22T19:32:09.702+0800][gc,heap      ] GC(519) Eden regions: 47->0(47)
[2022-04-22T19:32:09.702+0800][gc,heap      ] GC(519) Survivor regions: 4->4(7)
[2022-04-22T19:32:09.702+0800][gc,heap      ] GC(519) Old regions: 129->129
[2022-04-22T19:32:09.702+0800][gc,heap      ] GC(519) Archive regions: 2->2
[2022-04-22T19:32:09.702+0800][gc,heap      ] GC(519) Humongous regions: 129->129
[2022-04-22T19:32:09.702+0800][gc,metaspace ] GC(519) Metaspace: 43442K->43442K(1089536K)
[2022-04-22T19:32:09.702+0800][gc           ] GC(519) Pause Young (Normal) (G1 Evacuation Pause) 309M->262M(1024M) 14.953ms
[2022-04-22T19:32:09.702+0800][gc,cpu       ] GC(519) User=0.05s Sys=0.01s Real=0.02s
[2022-04-22T19:32:26.565+0800][gc,start     ] GC(520) Pause Young (Normal) (G1 Evacuation Pause)
[2022-04-22T19:32:26.566+0800][gc,task      ] GC(520) Using 8 workers of 8 for evacuation
[2022-04-22T19:32:26.594+0800][gc,mmu       ] GC(520) MMU target violated: 21.0ms (20.0ms/21.0ms)
[2022-04-22T19:32:26.594+0800][gc,phases    ] GC(520)   Pre Evacuate Collection Set: 0.3ms
[2022-04-22T19:32:26.594+0800][gc,phases    ] GC(520)   Evacuate Collection Set: 25.6ms
[2022-04-22T19:32:26.594+0800][gc,phases    ] GC(520)   Post Evacuate Collection Set: 1.5ms
[2022-04-22T19:32:26.594+0800][gc,phases    ] GC(520)   Other: 2.1ms
[2022-04-22T19:32:26.594+0800][gc,heap      ] GC(520) Eden regions: 47->0(47)
[2022-04-22T19:32:26.594+0800][gc,heap      ] GC(520) Survivor regions: 4->4(7)
[2022-04-22T19:32:26.594+0800][gc,heap      ] GC(520) Old regions: 129->130
[2022-04-22T19:32:26.594+0800][gc,heap      ] GC(520) Archive regions: 2->2
[2022-04-22T19:32:26.594+0800][gc,heap      ] GC(520) Humongous regions: 129->129
[2022-04-22T19:32:26.594+0800][gc,metaspace ] GC(520) Metaspace: 43442K->43442K(1089536K)
[2022-04-22T19:32:26.594+0800][gc           ] GC(520) Pause Young (Normal) (G1 Evacuation Pause) 309M->262M(1024M) 29.640ms
[2022-04-22T19:32:26.594+0800][gc,cpu       ] GC(520) User=0.04s Sys=0.03s Real=0.03s
[2022-04-22T19:32:43.338+0800][gc,start     ] GC(521) Pause Young (Normal) (G1 Evacuation Pause)
[2022-04-22T19:32:43.339+0800][gc,task      ] GC(521) Using 8 workers of 8 for evacuation
[2022-04-22T19:32:43.359+0800][gc,phases    ] GC(521)   Pre Evacuate Collection Set: 0.3ms
[2022-04-22T19:32:43.359+0800][gc,phases    ] GC(521)   Evacuate Collection Set: 16.8ms
[2022-04-22T19:32:43.359+0800][gc,phases    ] GC(521)   Post Evacuate Collection Set: 1.4ms
[2022-04-22T19:32:43.359+0800][gc,phases    ] GC(521)   Other: 2.0ms
[2022-04-22T19:32:43.359+0800][gc,heap      ] GC(521) Eden regions: 47->0(47)
[2022-04-22T19:32:43.359+0800][gc,heap      ] GC(521) Survivor regions: 4->4(7)
[2022-04-22T19:32:43.359+0800][gc,heap      ] GC(521) Old regions: 130->130
[2022-04-22T19:32:43.359+0800][gc,heap      ] GC(521) Archive regions: 2->2
[2022-04-22T19:32:43.359+0800][gc,heap      ] GC(521) Humongous regions: 129->129
[2022-04-22T19:32:43.359+0800][gc,metaspace ] GC(521) Metaspace: 43442K->43442K(1089536K)
[2022-04-22T19:32:43.359+0800][gc           ] GC(521) Pause Young (Normal) (G1 Evacuation Pause) 309M->262M(1024M) 20.559ms
[2022-04-22T19:32:43.359+0800][gc,cpu       ] GC(521) User=0.03s Sys=0.02s Real=0.02s
[2022-04-22T19:33:00.314+0800][gc,start     ] GC(522) Pause Young (Normal) (G1 Evacuation Pause)
[2022-04-22T19:33:00.314+0800][gc,task      ] GC(522) Using 8 workers of 8 for evacuation
[2022-04-22T19:33:00.333+0800][gc,phases    ] GC(522)   Pre Evacuate Collection Set: 0.2ms
[2022-04-22T19:33:00.333+0800][gc,phases    ] GC(522)   Evacuate Collection Set: 17.2ms
[2022-04-22T19:33:00.333+0800][gc,phases    ] GC(522)   Post Evacuate Collection Set: 0.8ms
[2022-04-22T19:33:00.333+0800][gc,phases    ] GC(522)   Other: 1.0ms
[2022-04-22T19:33:00.333+0800][gc,heap      ] GC(522) Eden regions: 47->0(47)
[2022-04-22T19:33:00.333+0800][gc,heap      ] GC(522) Survivor regions: 4->4(7)
[2022-04-22T19:33:00.333+0800][gc,heap      ] GC(522) Old regions: 130->130
[2022-04-22T19:33:00.333+0800][gc,heap      ] GC(522) Archive regions: 2->2
[2022-04-22T19:33:00.333+0800][gc,heap      ] GC(522) Humongous regions: 129->129
[2022-04-22T19:33:00.333+0800][gc,metaspace ] GC(522) Metaspace: 43442K->43442K(1089536K)
[2022-04-22T19:33:00.333+0800][gc           ] GC(522) Pause Young (Normal) (G1 Evacuation Pause) 309M->263M(1024M) 19.493ms
[2022-04-22T19:33:00.333+0800][gc,cpu       ] GC(522) User=0.04s Sys=0.02s Real=0.02s
[2022-04-22T19:33:17.252+0800][gc,start     ] GC(523) Pause Young (Normal) (G1 Evacuation Pause)
[2022-04-22T19:33:17.252+0800][gc,task      ] GC(523) Using 8 workers of 8 for evacuation
[2022-04-22T19:33:17.271+0800][gc,phases    ] GC(523)   Pre Evacuate Collection Set: 0.1ms
[2022-04-22T19:33:17.271+0800][gc,phases    ] GC(523)   Evacuate Collection Set: 17.6ms
[2022-04-22T19:33:17.271+0800][gc,phases    ] GC(523)   Post Evacuate Collection Set: 0.7ms
[2022-04-22T19:33:17.271+0800][gc,phases    ] GC(523)   Other: 1.0ms
[2022-04-22T19:33:17.271+0800][gc,heap      ] GC(523) Eden regions: 47->0(47)
[2022-04-22T19:33:17.271+0800][gc,heap      ] GC(523) Survivor regions: 4->6(7)
[2022-04-22T19:33:17.271+0800][gc,heap      ] GC(523) Old regions: 130->130
[2022-04-22T19:33:17.271+0800][gc,heap      ] GC(523) Archive regions: 2->2
[2022-04-22T19:33:17.271+0800][gc,heap      ] GC(523) Humongous regions: 129->129
[2022-04-22T19:33:17.271+0800][gc,metaspace ] GC(523) Metaspace: 43442K->43442K(1089536K)
[2022-04-22T19:33:17.271+0800][gc           ] GC(523) Pause Young (Normal) (G1 Evacuation Pause) 310M->264M(1024M) 19.629ms
[2022-04-22T19:33:17.271+0800][gc,cpu       ] GC(523) User=0.04s Sys=0.01s Real=0.02s
[2022-04-22T19:33:34.144+0800][gc,start     ] GC(524) Pause Young (Normal) (G1 Evacuation Pause)
[2022-04-22T19:33:34.144+0800][gc,task      ] GC(524) Using 8 workers of 8 for evacuation
[2022-04-22T19:33:34.178+0800][gc,mmu       ] GC(524) MMU target violated: 21.0ms (20.0ms/21.0ms)
[2022-04-22T19:33:34.178+0800][gc,phases    ] GC(524)   Pre Evacuate Collection Set: 0.2ms
[2022-04-22T19:33:34.178+0800][gc,phases    ] GC(524)   Evacuate Collection Set: 32.0ms
[2022-04-22T19:33:34.178+0800][gc,phases    ] GC(524)   Post Evacuate Collection Set: 0.5ms
[2022-04-22T19:33:34.178+0800][gc,phases    ] GC(524)   Other: 1.1ms
[2022-04-22T19:33:34.178+0800][gc,heap      ] GC(524) Eden regions: 47->0(47)
[2022-04-22T19:33:34.178+0800][gc,heap      ] GC(524) Survivor regions: 6->4(7)
[2022-04-22T19:33:34.178+0800][gc,heap      ] GC(524) Old regions: 130->132
[2022-04-22T19:33:34.178+0800][gc,heap      ] GC(524) Archive regions: 2->2
[2022-04-22T19:33:34.178+0800][gc,heap      ] GC(524) Humongous regions: 129->129
[2022-04-22T19:33:34.178+0800][gc,metaspace ] GC(524) Metaspace: 43442K->43442K(1089536K)
[2022-04-22T19:33:34.178+0800][gc           ] GC(524) Pause Young (Normal) (G1 Evacuation Pause) 311M->265M(1024M) 33.860ms
[2022-04-22T19:33:34.178+0800][gc,cpu       ] GC(524) User=0.03s Sys=0.02s Real=0.03s
[2022-04-22T19:33:51.075+0800][gc,start     ] GC(525) Pause Young (Normal) (G1 Evacuation Pause)
[2022-04-22T19:33:51.075+0800][gc,task      ] GC(525) Using 8 workers of 8 for evacuation
[2022-04-22T19:33:51.111+0800][gc,mmu       ] GC(525) MMU target violated: 21.0ms (20.0ms/21.0ms)
[2022-04-22T19:33:51.112+0800][gc,phases    ] GC(525)   Pre Evacuate Collection Set: 0.2ms
[2022-04-22T19:33:51.112+0800][gc,phases    ] GC(525)   Evacuate Collection Set: 33.4ms
[2022-04-22T19:33:51.112+0800][gc,phases    ] GC(525)   Post Evacuate Collection Set: 1.5ms
[2022-04-22T19:33:51.112+0800][gc,phases    ] GC(525)   Other: 1.6ms
[2022-04-22T19:33:51.112+0800][gc,heap      ] GC(525) Eden regions: 47->0(47)
[2022-04-22T19:33:51.112+0800][gc,heap      ] GC(525) Survivor regions: 4->4(7)
[2022-04-22T19:33:51.112+0800][gc,heap      ] GC(525) Old regions: 132->132
[2022-04-22T19:33:51.112+0800][gc,heap      ] GC(525) Archive regions: 2->2
[2022-04-22T19:33:51.112+0800][gc,heap      ] GC(525) Humongous regions: 129->129
[2022-04-22T19:33:51.112+0800][gc,metaspace ] GC(525) Metaspace: 43442K->43442K(1089536K)
[2022-04-22T19:33:51.112+0800][gc           ] GC(525) Pause Young (Normal) (G1 Evacuation Pause) 312M->265M(1024M) 36.789ms
[2022-04-22T19:33:51.112+0800][gc,cpu       ] GC(525) User=0.04s Sys=0.02s Real=0.04s
[2022-04-22T19:34:08.079+0800][gc,start     ] GC(526) Pause Young (Normal) (G1 Evacuation Pause)
[2022-04-22T19:34:08.080+0800][gc,task      ] GC(526) Using 8 workers of 8 for evacuation
[2022-04-22T19:34:08.105+0800][gc,mmu       ] GC(526) MMU target violated: 21.0ms (20.0ms/21.0ms)
[2022-04-22T19:34:08.105+0800][gc,phases    ] GC(526)   Pre Evacuate Collection Set: 0.1ms
[2022-04-22T19:34:08.105+0800][gc,phases    ] GC(526)   Evacuate Collection Set: 23.9ms
[2022-04-22T19:34:08.105+0800][gc,phases    ] GC(526)   Post Evacuate Collection Set: 0.6ms
[2022-04-22T19:34:08.105+0800][gc,phases    ] GC(526)   Other: 1.6ms
[2022-04-22T19:34:08.105+0800][gc,heap      ] GC(526) Eden regions: 47->0(47)
[2022-04-22T19:34:08.105+0800][gc,heap      ] GC(526) Survivor regions: 4->4(7)
[2022-04-22T19:34:08.105+0800][gc,heap      ] GC(526) Old regions: 132->133
[2022-04-22T19:34:08.105+0800][gc,heap      ] GC(526) Archive regions: 2->2
[2022-04-22T19:34:08.105+0800][gc,heap      ] GC(526) Humongous regions: 129->129
[2022-04-22T19:34:08.105+0800][gc,metaspace ] GC(526) Metaspace: 43442K->43442K(1089536K)
[2022-04-22T19:34:08.105+0800][gc           ] GC(526) Pause Young (Normal) (G1 Evacuation Pause) 312M->265M(1024M) 26.368ms
[2022-04-22T19:34:08.105+0800][gc,cpu       ] GC(526) User=0.04s Sys=0.01s Real=0.03s
[2022-04-22T19:34:25.032+0800][gc,start     ] GC(527) Pause Young (Normal) (G1 Evacuation Pause)
[2022-04-22T19:34:25.033+0800][gc,task      ] GC(527) Using 8 workers of 8 for evacuation
[2022-04-22T19:34:25.045+0800][gc,phases    ] GC(527)   Pre Evacuate Collection Set: 0.1ms
[2022-04-22T19:34:25.045+0800][gc,phases    ] GC(527)   Evacuate Collection Set: 11.1ms
[2022-04-22T19:34:25.045+0800][gc,phases    ] GC(527)   Post Evacuate Collection Set: 0.5ms
[2022-04-22T19:34:25.045+0800][gc,phases    ] GC(527)   Other: 0.8ms
[2022-04-22T19:34:25.045+0800][gc,heap      ] GC(527) Eden regions: 47->0(47)
[2022-04-22T19:34:25.045+0800][gc,heap      ] GC(527) Survivor regions: 4->5(7)
[2022-04-22T19:34:25.045+0800][gc,heap      ] GC(527) Old regions: 133->133
[2022-04-22T19:34:25.045+0800][gc,heap      ] GC(527) Archive regions: 2->2
[2022-04-22T19:34:25.045+0800][gc,heap      ] GC(527) Humongous regions: 129->129
[2022-04-22T19:34:25.045+0800][gc,metaspace ] GC(527) Metaspace: 43442K->43442K(1089536K)
[2022-04-22T19:34:25.045+0800][gc           ] GC(527) Pause Young (Normal) (G1 Evacuation Pause) 312M->265M(1024M) 12.617ms
[2022-04-22T19:34:25.045+0800][gc,cpu       ] GC(527) User=0.04s Sys=0.00s Real=0.01s
[2022-04-22T19:34:43.581+0800][gc,start     ] GC(528) Pause Young (Normal) (G1 Evacuation Pause)
[2022-04-22T19:34:43.583+0800][gc,task      ] GC(528) Using 8 workers of 8 for evacuation
[2022-04-22T19:34:43.630+0800][gc,mmu       ] GC(528) MMU target violated: 21.0ms (20.0ms/21.0ms)
[2022-04-22T19:34:43.630+0800][gc,phases    ] GC(528)   Pre Evacuate Collection Set: 0.2ms
[2022-04-22T19:34:43.630+0800][gc,phases    ] GC(528)   Evacuate Collection Set: 44.6ms
[2022-04-22T19:34:43.630+0800][gc,phases    ] GC(528)   Post Evacuate Collection Set: 0.7ms
[2022-04-22T19:34:43.630+0800][gc,phases    ] GC(528)   Other: 3.4ms
[2022-04-22T19:34:43.630+0800][gc,heap      ] GC(528) Eden regions: 47->0(47)
[2022-04-22T19:34:43.630+0800][gc,heap      ] GC(528) Survivor regions: 5->4(7)
[2022-04-22T19:34:43.630+0800][gc,heap      ] GC(528) Old regions: 133->133
[2022-04-22T19:34:43.630+0800][gc,heap      ] GC(528) Archive regions: 2->2
[2022-04-22T19:34:43.630+0800][gc,heap      ] GC(528) Humongous regions: 129->129
[2022-04-22T19:34:43.630+0800][gc,metaspace ] GC(528) Metaspace: 43442K->43442K(1089536K)
[2022-04-22T19:34:43.630+0800][gc           ] GC(528) Pause Young (Normal) (G1 Evacuation Pause) 312M->266M(1024M) 48.928ms
[2022-04-22T19:34:43.630+0800][gc,cpu       ] GC(528) User=0.04s Sys=0.04s Real=0.05s
[2022-04-22T19:35:02.227+0800][gc,start     ] GC(529) Pause Young (Normal) (G1 Evacuation Pause)
[2022-04-22T19:35:02.228+0800][gc,task      ] GC(529) Using 8 workers of 8 for evacuation
[2022-04-22T19:35:02.252+0800][gc,mmu       ] GC(529) MMU target violated: 21.0ms (20.0ms/21.0ms)
[2022-04-22T19:35:02.252+0800][gc,phases    ] GC(529)   Pre Evacuate Collection Set: 0.4ms
[2022-04-22T19:35:02.252+0800][gc,phases    ] GC(529)   Evacuate Collection Set: 18.7ms
[2022-04-22T19:35:02.252+0800][gc,phases    ] GC(529)   Post Evacuate Collection Set: 3.4ms
[2022-04-22T19:35:02.252+0800][gc,phases    ] GC(529)   Other: 2.3ms
[2022-04-22T19:35:02.252+0800][gc,heap      ] GC(529) Eden regions: 47->0(47)
[2022-04-22T19:35:02.252+0800][gc,heap      ] GC(529) Survivor regions: 4->4(7)
[2022-04-22T19:35:02.252+0800][gc,heap      ] GC(529) Old regions: 133->133
[2022-04-22T19:35:02.252+0800][gc,heap      ] GC(529) Archive regions: 2->2
[2022-04-22T19:35:02.252+0800][gc,heap      ] GC(529) Humongous regions: 129->129
[2022-04-22T19:35:02.252+0800][gc,metaspace ] GC(529) Metaspace: 43472K->43472K(1089536K)
[2022-04-22T19:35:02.252+0800][gc           ] GC(529) Pause Young (Normal) (G1 Evacuation Pause) 313M->266M(1024M) 24.792ms
[2022-04-22T19:35:02.252+0800][gc,cpu       ] GC(529) User=0.05s Sys=0.03s Real=0.03s
[2022-04-22T19:35:19.228+0800][gc,start     ] GC(530) Pause Young (Normal) (G1 Evacuation Pause)
[2022-04-22T19:35:19.233+0800][gc,task      ] GC(530) Using 8 workers of 8 for evacuation
[2022-04-22T19:35:19.256+0800][gc,mmu       ] GC(530) MMU target violated: 21.0ms (20.0ms/21.0ms)
[2022-04-22T19:35:19.256+0800][gc,phases    ] GC(530)   Pre Evacuate Collection Set: 0.2ms
[2022-04-22T19:35:19.256+0800][gc,phases    ] GC(530)   Evacuate Collection Set: 22.6ms
[2022-04-22T19:35:19.257+0800][gc,phases    ] GC(530)   Post Evacuate Collection Set: 0.5ms
[2022-04-22T19:35:19.257+0800][gc,phases    ] GC(530)   Other: 5.5ms
[2022-04-22T19:35:19.257+0800][gc,heap      ] GC(530) Eden regions: 47->0(47)
[2022-04-22T19:35:19.257+0800][gc,heap      ] GC(530) Survivor regions: 4->4(7)
[2022-04-22T19:35:19.257+0800][gc,heap      ] GC(530) Old regions: 133->133
[2022-04-22T19:35:19.257+0800][gc,heap      ] GC(530) Archive regions: 2->2
[2022-04-22T19:35:19.257+0800][gc,heap      ] GC(530) Humongous regions: 129->129
[2022-04-22T19:35:19.257+0800][gc,metaspace ] GC(530) Metaspace: 43472K->43472K(1089536K)
[2022-04-22T19:35:19.257+0800][gc           ] GC(530) Pause Young (Normal) (G1 Evacuation Pause) 313M->266M(1024M) 28.938ms
[2022-04-22T19:35:19.257+0800][gc,cpu       ] GC(530) User=0.04s Sys=0.01s Real=0.03s
[2022-04-22T19:35:35.969+0800][gc,start     ] GC(531) Pause Young (Normal) (G1 Evacuation Pause)
[2022-04-22T19:35:35.969+0800][gc,task      ] GC(531) Using 8 workers of 8 for evacuation
[2022-04-22T19:35:35.974+0800][gc,phases    ] GC(531)   Pre Evacuate Collection Set: 0.1ms
[2022-04-22T19:35:35.974+0800][gc,phases    ] GC(531)   Evacuate Collection Set: 4.2ms
[2022-04-22T19:35:35.974+0800][gc,phases    ] GC(531)   Post Evacuate Collection Set: 0.3ms
[2022-04-22T19:35:35.974+0800][gc,phases    ] GC(531)   Other: 0.4ms
[2022-04-22T19:35:35.974+0800][gc,heap      ] GC(531) Eden regions: 47->0(47)
[2022-04-22T19:35:35.974+0800][gc,heap      ] GC(531) Survivor regions: 4->4(7)
[2022-04-22T19:35:35.974+0800][gc,heap      ] GC(531) Old regions: 133->134
[2022-04-22T19:35:35.974+0800][gc,heap      ] GC(531) Archive regions: 2->2
[2022-04-22T19:35:35.974+0800][gc,heap      ] GC(531) Humongous regions: 129->129
[2022-04-22T19:35:35.974+0800][gc,metaspace ] GC(531) Metaspace: 43472K->43472K(1089536K)
[2022-04-22T19:35:35.974+0800][gc           ] GC(531) Pause Young (Normal) (G1 Evacuation Pause) 313M->266M(1024M) 5.077ms
[2022-04-22T19:35:35.974+0800][gc,cpu       ] GC(531) User=0.02s Sys=0.00s Real=0.01s
[2022-04-22T19:35:52.821+0800][gc,start     ] GC(532) Pause Young (Normal) (G1 Evacuation Pause)
[2022-04-22T19:35:52.822+0800][gc,task      ] GC(532) Using 8 workers of 8 for evacuation
[2022-04-22T19:35:52.840+0800][gc,phases    ] GC(532)   Pre Evacuate Collection Set: 0.3ms
[2022-04-22T19:35:52.840+0800][gc,phases    ] GC(532)   Evacuate Collection Set: 15.6ms
[2022-04-22T19:35:52.840+0800][gc,phases    ] GC(532)   Post Evacuate Collection Set: 0.7ms
[2022-04-22T19:35:52.840+0800][gc,phases    ] GC(532)   Other: 1.6ms
[2022-04-22T19:35:52.840+0800][gc,heap      ] GC(532) Eden regions: 47->0(46)
[2022-04-22T19:35:52.840+0800][gc,heap      ] GC(532) Survivor regions: 4->6(7)
[2022-04-22T19:35:52.840+0800][gc,heap      ] GC(532) Old regions: 134->134
[2022-04-22T19:35:52.840+0800][gc,heap      ] GC(532) Archive regions: 2->2
[2022-04-22T19:35:52.840+0800][gc,heap      ] GC(532) Humongous regions: 129->129
[2022-04-22T19:35:52.840+0800][gc,metaspace ] GC(532) Metaspace: 43472K->43472K(1089536K)
[2022-04-22T19:35:52.840+0800][gc           ] GC(532) Pause Young (Normal) (G1 Evacuation Pause) 313M->268M(1024M) 18.417ms
[2022-04-22T19:35:52.840+0800][gc,cpu       ] GC(532) User=0.04s Sys=0.01s Real=0.02s
[2022-04-22T19:36:08.867+0800][gc,start     ] GC(533) Pause Young (Normal) (G1 Evacuation Pause)
[2022-04-22T19:36:08.868+0800][gc,task      ] GC(533) Using 8 workers of 8 for evacuation
[2022-04-22T19:36:08.913+0800][gc,mmu       ] GC(533) MMU target violated: 21.0ms (20.0ms/21.0ms)
[2022-04-22T19:36:08.913+0800][gc,phases    ] GC(533)   Pre Evacuate Collection Set: 0.2ms
[2022-04-22T19:36:08.913+0800][gc,phases    ] GC(533)   Evacuate Collection Set: 42.8ms
[2022-04-22T19:36:08.913+0800][gc,phases    ] GC(533)   Post Evacuate Collection Set: 1.3ms
[2022-04-22T19:36:08.913+0800][gc,phases    ] GC(533)   Other: 2.1ms
[2022-04-22T19:36:08.913+0800][gc,heap      ] GC(533) Eden regions: 45->0(47)
[2022-04-22T19:36:08.913+0800][gc,heap      ] GC(533) Survivor regions: 6->4(7)
[2022-04-22T19:36:08.913+0800][gc,heap      ] GC(533) Old regions: 134->136
[2022-04-22T19:36:08.913+0800][gc,heap      ] GC(533) Archive regions: 2->2
[2022-04-22T19:36:08.913+0800][gc,heap      ] GC(533) Humongous regions: 129->129
[2022-04-22T19:36:08.913+0800][gc,metaspace ] GC(533) Metaspace: 43472K->43472K(1089536K)
[2022-04-22T19:36:08.913+0800][gc           ] GC(533) Pause Young (Normal) (G1 Evacuation Pause) 313M->268M(1024M) 45.905ms
[2022-04-22T19:36:08.913+0800][gc,cpu       ] GC(533) User=0.04s Sys=0.03s Real=0.05s
[2022-04-22T19:36:25.768+0800][gc,start     ] GC(534) Pause Young (Normal) (G1 Evacuation Pause)
[2022-04-22T19:36:25.768+0800][gc,task      ] GC(534) Using 8 workers of 8 for evacuation
[2022-04-22T19:36:25.780+0800][gc,phases    ] GC(534)   Pre Evacuate Collection Set: 0.2ms
[2022-04-22T19:36:25.780+0800][gc,phases    ] GC(534)   Evacuate Collection Set: 10.0ms
[2022-04-22T19:36:25.780+0800][gc,phases    ] GC(534)   Post Evacuate Collection Set: 0.8ms
[2022-04-22T19:36:25.780+0800][gc,phases    ] GC(534)   Other: 1.1ms
[2022-04-22T19:36:25.780+0800][gc,heap      ] GC(534) Eden regions: 47->0(47)
[2022-04-22T19:36:25.780+0800][gc,heap      ] GC(534) Survivor regions: 4->4(7)
[2022-04-22T19:36:25.780+0800][gc,heap      ] GC(534) Old regions: 136->136
[2022-04-22T19:36:25.780+0800][gc,heap      ] GC(534) Archive regions: 2->2
[2022-04-22T19:36:25.780+0800][gc,heap      ] GC(534) Humongous regions: 129->129
[2022-04-22T19:36:25.780+0800][gc,metaspace ] GC(534) Metaspace: 43472K->43472K(1089536K)
[2022-04-22T19:36:25.780+0800][gc           ] GC(534) Pause Young (Normal) (G1 Evacuation Pause) 315M->269M(1024M) 12.348ms
[2022-04-22T19:36:25.780+0800][gc,cpu       ] GC(534) User=0.03s Sys=0.01s Real=0.02s
[2022-04-22T19:36:42.575+0800][gc,start     ] GC(535) Pause Young (Normal) (G1 Evacuation Pause)
[2022-04-22T19:36:42.576+0800][gc,task      ] GC(535) Using 8 workers of 8 for evacuation
[2022-04-22T19:36:42.598+0800][gc,mmu       ] GC(535) MMU target violated: 21.0ms (20.0ms/21.0ms)
[2022-04-22T19:36:42.598+0800][gc,phases    ] GC(535)   Pre Evacuate Collection Set: 0.2ms
[2022-04-22T19:36:42.598+0800][gc,phases    ] GC(535)   Evacuate Collection Set: 19.9ms
[2022-04-22T19:36:42.598+0800][gc,phases    ] GC(535)   Post Evacuate Collection Set: 1.2ms
[2022-04-22T19:36:42.598+0800][gc,phases    ] GC(535)   Other: 1.4ms
[2022-04-22T19:36:42.598+0800][gc,heap      ] GC(535) Eden regions: 47->0(47)
[2022-04-22T19:36:42.598+0800][gc,heap      ] GC(535) Survivor regions: 4->4(7)
[2022-04-22T19:36:42.598+0800][gc,heap      ] GC(535) Old regions: 136->136
[2022-04-22T19:36:42.598+0800][gc,heap      ] GC(535) Archive regions: 2->2
[2022-04-22T19:36:42.598+0800][gc,heap      ] GC(535) Humongous regions: 129->129
[2022-04-22T19:36:42.598+0800][gc,metaspace ] GC(535) Metaspace: 43472K->43472K(1089536K)
[2022-04-22T19:36:42.598+0800][gc           ] GC(535) Pause Young (Normal) (G1 Evacuation Pause) 316M->269M(1024M) 22.642ms
[2022-04-22T19:36:42.598+0800][gc,cpu       ] GC(535) User=0.03s Sys=0.03s Real=0.02s
[2022-04-22T19:36:59.472+0800][gc,start     ] GC(536) Pause Young (Normal) (G1 Evacuation Pause)
[2022-04-22T19:36:59.473+0800][gc,task      ] GC(536) Using 8 workers of 8 for evacuation
[2022-04-22T19:36:59.528+0800][gc,mmu       ] GC(536) MMU target violated: 21.0ms (20.0ms/21.0ms)
[2022-04-22T19:36:59.528+0800][gc,phases    ] GC(536)   Pre Evacuate Collection Set: 0.2ms
[2022-04-22T19:36:59.528+0800][gc,phases    ] GC(536)   Evacuate Collection Set: 53.7ms
[2022-04-22T19:36:59.528+0800][gc,phases    ] GC(536)   Post Evacuate Collection Set: 1.0ms
[2022-04-22T19:36:59.528+0800][gc,phases    ] GC(536)   Other: 1.2ms
[2022-04-22T19:36:59.528+0800][gc,heap      ] GC(536) Eden regions: 47->0(45)
[2022-04-22T19:36:59.528+0800][gc,heap      ] GC(536) Survivor regions: 4->6(7)
[2022-04-22T19:36:59.528+0800][gc,heap      ] GC(536) Old regions: 136->136
[2022-04-22T19:36:59.528+0800][gc,heap      ] GC(536) Archive regions: 2->2
[2022-04-22T19:36:59.528+0800][gc,heap      ] GC(536) Humongous regions: 129->129
[2022-04-22T19:36:59.528+0800][gc,metaspace ] GC(536) Metaspace: 43477K->43477K(1089536K)
[2022-04-22T19:36:59.528+0800][gc           ] GC(536) Pause Young (Normal) (G1 Evacuation Pause) 316M->270M(1024M) 56.103ms
[2022-04-22T19:36:59.529+0800][gc,cpu       ] GC(536) User=0.05s Sys=0.04s Real=0.05s
[2022-04-22T19:37:15.856+0800][gc,start     ] GC(537) Pause Young (Normal) (G1 Evacuation Pause)
[2022-04-22T19:37:15.856+0800][gc,task      ] GC(537) Using 8 workers of 8 for evacuation
[2022-04-22T19:37:15.884+0800][gc,mmu       ] GC(537) MMU target violated: 21.0ms (20.0ms/21.0ms)
[2022-04-22T19:37:15.884+0800][gc,phases    ] GC(537)   Pre Evacuate Collection Set: 0.2ms
[2022-04-22T19:37:15.884+0800][gc,phases    ] GC(537)   Evacuate Collection Set: 26.8ms
[2022-04-22T19:37:15.884+0800][gc,phases    ] GC(537)   Post Evacuate Collection Set: 0.3ms
[2022-04-22T19:37:15.884+0800][gc,phases    ] GC(537)   Other: 1.2ms
[2022-04-22T19:37:15.884+0800][gc,heap      ] GC(537) Eden regions: 45->0(46)
[2022-04-22T19:37:15.884+0800][gc,heap      ] GC(537) Survivor regions: 6->5(7)
[2022-04-22T19:37:15.884+0800][gc,heap      ] GC(537) Old regions: 136->138
[2022-04-22T19:37:15.884+0800][gc,heap      ] GC(537) Archive regions: 2->2
[2022-04-22T19:37:15.884+0800][gc,heap      ] GC(537) Humongous regions: 129->129
[2022-04-22T19:37:15.884+0800][gc,metaspace ] GC(537) Metaspace: 43477K->43477K(1089536K)
[2022-04-22T19:37:15.884+0800][gc           ] GC(537) Pause Young (Normal) (G1 Evacuation Pause) 315M->272M(1024M) 28.402ms
[2022-04-22T19:37:15.884+0800][gc,cpu       ] GC(537) User=0.04s Sys=0.03s Real=0.03s
[2022-04-22T19:37:32.402+0800][gc,start     ] GC(538) Pause Young (Normal) (G1 Evacuation Pause)
[2022-04-22T19:37:32.403+0800][gc,task      ] GC(538) Using 8 workers of 8 for evacuation
[2022-04-22T19:37:32.434+0800][gc,mmu       ] GC(538) MMU target violated: 21.0ms (20.0ms/21.0ms)
[2022-04-22T19:37:32.434+0800][gc,phases    ] GC(538)   Pre Evacuate Collection Set: 0.2ms
[2022-04-22T19:37:32.434+0800][gc,phases    ] GC(538)   Evacuate Collection Set: 29.6ms
[2022-04-22T19:37:32.434+0800][gc,phases    ] GC(538)   Post Evacuate Collection Set: 0.5ms
[2022-04-22T19:37:32.434+0800][gc,phases    ] GC(538)   Other: 2.0ms
[2022-04-22T19:37:32.434+0800][gc,heap      ] GC(538) Eden regions: 46->0(49)
[2022-04-22T19:37:32.434+0800][gc,heap      ] GC(538) Survivor regions: 5->2(7)
[2022-04-22T19:37:32.434+0800][gc,heap      ] GC(538) Old regions: 138->141
[2022-04-22T19:37:32.434+0800][gc,heap      ] GC(538) Archive regions: 2->2
[2022-04-22T19:37:32.434+0800][gc,heap      ] GC(538) Humongous regions: 129->129
[2022-04-22T19:37:32.434+0800][gc,metaspace ] GC(538) Metaspace: 43477K->43477K(1089536K)
[2022-04-22T19:37:32.434+0800][gc           ] GC(538) Pause Young (Normal) (G1 Evacuation Pause) 318M->272M(1024M) 32.366ms
[2022-04-22T19:37:32.435+0800][gc,cpu       ] GC(538) User=0.05s Sys=0.04s Real=0.03s
[2022-04-22T19:37:49.939+0800][gc,start     ] GC(539) Pause Young (Normal) (G1 Evacuation Pause)
[2022-04-22T19:37:49.940+0800][gc,task      ] GC(539) Using 8 workers of 8 for evacuation
[2022-04-22T19:37:49.952+0800][gc,phases    ] GC(539)   Pre Evacuate Collection Set: 0.4ms
[2022-04-22T19:37:49.952+0800][gc,phases    ] GC(539)   Evacuate Collection Set: 9.1ms
[2022-04-22T19:37:49.952+0800][gc,phases    ] GC(539)   Post Evacuate Collection Set: 1.4ms
[2022-04-22T19:37:49.952+0800][gc,phases    ] GC(539)   Other: 2.3ms
[2022-04-22T19:37:49.952+0800][gc,heap      ] GC(539) Eden regions: 49->0(48)
[2022-04-22T19:37:49.952+0800][gc,heap      ] GC(539) Survivor regions: 2->3(7)
[2022-04-22T19:37:49.953+0800][gc,heap      ] GC(539) Old regions: 141->141
[2022-04-22T19:37:49.953+0800][gc,heap      ] GC(539) Archive regions: 2->2
[2022-04-22T19:37:49.953+0800][gc,heap      ] GC(539) Humongous regions: 129->129
[2022-04-22T19:37:49.953+0800][gc,metaspace ] GC(539) Metaspace: 43477K->43477K(1089536K)
[2022-04-22T19:37:49.953+0800][gc           ] GC(539) Pause Young (Normal) (G1 Evacuation Pause) 321M->272M(1024M) 13.473ms
[2022-04-22T19:37:49.953+0800][gc,cpu       ] GC(539) User=0.02s Sys=0.01s Real=0.02s
[2022-04-22T19:38:07.123+0800][gc,start     ] GC(540) Pause Young (Normal) (G1 Evacuation Pause)
[2022-04-22T19:38:07.124+0800][gc,task      ] GC(540) Using 8 workers of 8 for evacuation
[2022-04-22T19:38:07.141+0800][gc,phases    ] GC(540)   Pre Evacuate Collection Set: 0.3ms
[2022-04-22T19:38:07.142+0800][gc,phases    ] GC(540)   Evacuate Collection Set: 14.1ms
[2022-04-22T19:38:07.142+0800][gc,phases    ] GC(540)   Post Evacuate Collection Set: 2.2ms
[2022-04-22T19:38:07.142+0800][gc,phases    ] GC(540)   Other: 1.8ms
[2022-04-22T19:38:07.142+0800][gc,heap      ] GC(540) Eden regions: 48->0(48)
[2022-04-22T19:38:07.142+0800][gc,heap      ] GC(540) Survivor regions: 3->3(7)
[2022-04-22T19:38:07.142+0800][gc,heap      ] GC(540) Old regions: 141->141
[2022-04-22T19:38:07.142+0800][gc,heap      ] GC(540) Archive regions: 2->2
[2022-04-22T19:38:07.142+0800][gc,heap      ] GC(540) Humongous regions: 129->129
[2022-04-22T19:38:07.142+0800][gc,metaspace ] GC(540) Metaspace: 43477K->43477K(1089536K)
[2022-04-22T19:38:07.142+0800][gc           ] GC(540) Pause Young (Normal) (G1 Evacuation Pause) 320M->272M(1024M) 18.666ms
[2022-04-22T19:38:07.142+0800][gc,cpu       ] GC(540) User=0.03s Sys=0.01s Real=0.02s
[2022-04-22T19:38:24.375+0800][gc,start     ] GC(541) Pause Young (Normal) (G1 Evacuation Pause)
[2022-04-22T19:38:24.376+0800][gc,task      ] GC(541) Using 8 workers of 8 for evacuation
[2022-04-22T19:38:24.386+0800][gc,phases    ] GC(541)   Pre Evacuate Collection Set: 0.4ms
[2022-04-22T19:38:24.386+0800][gc,phases    ] GC(541)   Evacuate Collection Set: 8.7ms
[2022-04-22T19:38:24.386+0800][gc,phases    ] GC(541)   Post Evacuate Collection Set: 0.6ms
[2022-04-22T19:38:24.386+0800][gc,phases    ] GC(541)   Other: 1.3ms
[2022-04-22T19:38:24.386+0800][gc,heap      ] GC(541) Eden regions: 48->0(50)
[2022-04-22T19:38:24.386+0800][gc,heap      ] GC(541) Survivor regions: 3->3(7)
[2022-04-22T19:38:24.387+0800][gc,heap      ] GC(541) Old regions: 141->141
[2022-04-22T19:38:24.387+0800][gc,heap      ] GC(541) Archive regions: 2->2
[2022-04-22T19:38:24.387+0800][gc,heap      ] GC(541) Humongous regions: 129->129
[2022-04-22T19:38:24.387+0800][gc,metaspace ] GC(541) Metaspace: 43477K->43477K(1089536K)
[2022-04-22T19:38:24.387+0800][gc           ] GC(541) Pause Young (Normal) (G1 Evacuation Pause) 320M->273M(1024M) 11.254ms
[2022-04-22T19:38:24.387+0800][gc,cpu       ] GC(541) User=0.03s Sys=0.01s Real=0.01s
[2022-04-22T19:38:43.632+0800][gc,start     ] GC(542) Pause Young (Normal) (G1 Evacuation Pause)
[2022-04-22T19:38:43.633+0800][gc,task      ] GC(542) Using 8 workers of 8 for evacuation
[2022-04-22T19:38:43.653+0800][gc,phases    ] GC(542)   Pre Evacuate Collection Set: 0.2ms
[2022-04-22T19:38:43.653+0800][gc,phases    ] GC(542)   Evacuate Collection Set: 17.6ms
[2022-04-22T19:38:43.653+0800][gc,phases    ] GC(542)   Post Evacuate Collection Set: 1.0ms
[2022-04-22T19:38:43.653+0800][gc,phases    ] GC(542)   Other: 1.6ms
[2022-04-22T19:38:43.653+0800][gc,heap      ] GC(542) Eden regions: 50->0(49)
[2022-04-22T19:38:43.653+0800][gc,heap      ] GC(542) Survivor regions: 3->4(7)
[2022-04-22T19:38:43.653+0800][gc,heap      ] GC(542) Old regions: 141->141
[2022-04-22T19:38:43.653+0800][gc,heap      ] GC(542) Archive regions: 2->2
[2022-04-22T19:38:43.653+0800][gc,heap      ] GC(542) Humongous regions: 129->129
[2022-04-22T19:38:43.653+0800][gc,metaspace ] GC(542) Metaspace: 43477K->43477K(1089536K)
[2022-04-22T19:38:43.653+0800][gc           ] GC(542) Pause Young (Normal) (G1 Evacuation Pause) 323M->273M(1024M) 20.661ms
[2022-04-22T19:38:43.653+0800][gc,cpu       ] GC(542) User=0.03s Sys=0.01s Real=0.02s
[2022-04-22T19:39:01.504+0800][gc,start     ] GC(543) Pause Young (Normal) (G1 Evacuation Pause)
[2022-04-22T19:39:01.505+0800][gc,task      ] GC(543) Using 8 workers of 8 for evacuation
[2022-04-22T19:39:01.518+0800][gc,phases    ] GC(543)   Pre Evacuate Collection Set: 0.4ms
[2022-04-22T19:39:01.518+0800][gc,phases    ] GC(543)   Evacuate Collection Set: 11.4ms
[2022-04-22T19:39:01.518+0800][gc,phases    ] GC(543)   Post Evacuate Collection Set: 0.5ms
[2022-04-22T19:39:01.518+0800][gc,phases    ] GC(543)   Other: 2.0ms
[2022-04-22T19:39:01.518+0800][gc,heap      ] GC(543) Eden regions: 49->0(56)
[2022-04-22T19:39:01.518+0800][gc,heap      ] GC(543) Survivor regions: 4->5(7)
[2022-04-22T19:39:01.518+0800][gc,heap      ] GC(543) Old regions: 141->141
[2022-04-22T19:39:01.518+0800][gc,heap      ] GC(543) Archive regions: 2->2
[2022-04-22T19:39:01.518+0800][gc,heap      ] GC(543) Humongous regions: 129->129
[2022-04-22T19:39:01.518+0800][gc,metaspace ] GC(543) Metaspace: 43477K->43477K(1089536K)
[2022-04-22T19:39:01.518+0800][gc           ] GC(543) Pause Young (Normal) (G1 Evacuation Pause) 322M->274M(1024M) 14.580ms
[2022-04-22T19:39:01.519+0800][gc,cpu       ] GC(543) User=0.04s Sys=0.00s Real=0.01s
[2022-04-22T19:39:21.510+0800][gc,start     ] GC(544) Pause Young (Normal) (G1 Evacuation Pause)
[2022-04-22T19:39:21.514+0800][gc,task      ] GC(544) Using 8 workers of 8 for evacuation
[2022-04-22T19:39:21.535+0800][gc,mmu       ] GC(544) MMU target violated: 21.0ms (20.0ms/21.0ms)
[2022-04-22T19:39:21.535+0800][gc,phases    ] GC(544)   Pre Evacuate Collection Set: 0.2ms
[2022-04-22T19:39:21.535+0800][gc,phases    ] GC(544)   Evacuate Collection Set: 20.0ms
[2022-04-22T19:39:21.535+0800][gc,phases    ] GC(544)   Post Evacuate Collection Set: 0.4ms
[2022-04-22T19:39:21.535+0800][gc,phases    ] GC(544)   Other: 4.5ms
[2022-04-22T19:39:21.535+0800][gc,heap      ] GC(544) Eden regions: 56->0(56)
[2022-04-22T19:39:21.535+0800][gc,heap      ] GC(544) Survivor regions: 5->5(8)
[2022-04-22T19:39:21.535+0800][gc,heap      ] GC(544) Old regions: 141->141
[2022-04-22T19:39:21.535+0800][gc,heap      ] GC(544) Archive regions: 2->2
[2022-04-22T19:39:21.535+0800][gc,heap      ] GC(544) Humongous regions: 129->129
[2022-04-22T19:39:21.535+0800][gc,metaspace ] GC(544) Metaspace: 43477K->43477K(1089536K)
[2022-04-22T19:39:21.536+0800][gc           ] GC(544) Pause Young (Normal) (G1 Evacuation Pause) 330M->274M(1024M) 25.110ms
[2022-04-22T19:39:21.536+0800][gc,cpu       ] GC(544) User=0.03s Sys=0.02s Real=0.02s
[2022-04-22T19:39:42.142+0800][gc,start     ] GC(545) Pause Young (Normal) (G1 Evacuation Pause)
[2022-04-22T19:39:42.143+0800][gc,task      ] GC(545) Using 8 workers of 8 for evacuation
[2022-04-22T19:39:42.185+0800][gc,mmu       ] GC(545) MMU target violated: 21.0ms (20.0ms/21.0ms)
[2022-04-22T19:39:42.185+0800][gc,phases    ] GC(545)   Pre Evacuate Collection Set: 0.2ms
[2022-04-22T19:39:42.185+0800][gc,phases    ] GC(545)   Evacuate Collection Set: 40.4ms
[2022-04-22T19:39:42.185+0800][gc,phases    ] GC(545)   Post Evacuate Collection Set: 1.2ms
[2022-04-22T19:39:42.185+0800][gc,phases    ] GC(545)   Other: 1.2ms
[2022-04-22T19:39:42.185+0800][gc,heap      ] GC(545) Eden regions: 56->0(47)
[2022-04-22T19:39:42.185+0800][gc,heap      ] GC(545) Survivor regions: 5->6(8)
[2022-04-22T19:39:42.185+0800][gc,heap      ] GC(545) Old regions: 141->141
[2022-04-22T19:39:42.185+0800][gc,heap      ] GC(545) Archive regions: 2->2
[2022-04-22T19:39:42.185+0800][gc,heap      ] GC(545) Humongous regions: 129->129
[2022-04-22T19:39:42.185+0800][gc,metaspace ] GC(545) Metaspace: 43477K->43477K(1089536K)
[2022-04-22T19:39:42.185+0800][gc           ] GC(545) Pause Young (Normal) (G1 Evacuation Pause) 330M->275M(1024M) 42.914ms
[2022-04-22T19:39:42.185+0800][gc,cpu       ] GC(545) User=0.06s Sys=0.03s Real=0.04s
[2022-04-22T19:39:59.012+0800][gc,start     ] GC(546) Pause Young (Normal) (G1 Evacuation Pause)
[2022-04-22T19:39:59.012+0800][gc,task      ] GC(546) Using 8 workers of 8 for evacuation
[2022-04-22T19:39:59.049+0800][gc,mmu       ] GC(546) MMU target violated: 21.0ms (20.0ms/21.0ms)
[2022-04-22T19:39:59.049+0800][gc,phases    ] GC(546)   Pre Evacuate Collection Set: 0.4ms
[2022-04-22T19:39:59.049+0800][gc,phases    ] GC(546)   Evacuate Collection Set: 34.4ms
[2022-04-22T19:39:59.049+0800][gc,phases    ] GC(546)   Post Evacuate Collection Set: 0.9ms
[2022-04-22T19:39:59.049+0800][gc,phases    ] GC(546)   Other: 1.7ms
[2022-04-22T19:39:59.049+0800][gc,heap      ] GC(546) Eden regions: 47->0(47)
[2022-04-22T19:39:59.049+0800][gc,heap      ] GC(546) Survivor regions: 6->4(7)
[2022-04-22T19:39:59.049+0800][gc,heap      ] GC(546) Old regions: 141->143
[2022-04-22T19:39:59.049+0800][gc,heap      ] GC(546) Archive regions: 2->2
[2022-04-22T19:39:59.049+0800][gc,heap      ] GC(546) Humongous regions: 129->129
[2022-04-22T19:39:59.049+0800][gc,metaspace ] GC(546) Metaspace: 43477K->43477K(1089536K)
[2022-04-22T19:39:59.049+0800][gc           ] GC(546) Pause Young (Normal) (G1 Evacuation Pause) 322M->275M(1024M) 37.397ms
[2022-04-22T19:39:59.049+0800][gc,cpu       ] GC(546) User=0.04s Sys=0.02s Real=0.03s
[2022-04-22T19:40:15.896+0800][gc,start     ] GC(547) Pause Young (Normal) (G1 Evacuation Pause)
[2022-04-22T19:40:15.896+0800][gc,task      ] GC(547) Using 8 workers of 8 for evacuation
[2022-04-22T19:40:15.911+0800][gc,phases    ] GC(547)   Pre Evacuate Collection Set: 0.3ms
[2022-04-22T19:40:15.911+0800][gc,phases    ] GC(547)   Evacuate Collection Set: 12.8ms
[2022-04-22T19:40:15.911+0800][gc,phases    ] GC(547)   Post Evacuate Collection Set: 0.7ms
[2022-04-22T19:40:15.911+0800][gc,phases    ] GC(547)   Other: 1.5ms
[2022-04-22T19:40:15.911+0800][gc,heap      ] GC(547) Eden regions: 47->0(47)
[2022-04-22T19:40:15.911+0800][gc,heap      ] GC(547) Survivor regions: 4->4(7)
[2022-04-22T19:40:15.911+0800][gc,heap      ] GC(547) Old regions: 143->143
[2022-04-22T19:40:15.911+0800][gc,heap      ] GC(547) Archive regions: 2->2
[2022-04-22T19:40:15.911+0800][gc,heap      ] GC(547) Humongous regions: 129->129
[2022-04-22T19:40:15.911+0800][gc,metaspace ] GC(547) Metaspace: 43477K->43477K(1089536K)
[2022-04-22T19:40:15.911+0800][gc           ] GC(547) Pause Young (Normal) (G1 Evacuation Pause) 322M->276M(1024M) 15.575ms
[2022-04-22T19:40:15.911+0800][gc,cpu       ] GC(547) User=0.05s Sys=0.00s Real=0.02s
[2022-04-22T19:40:33.203+0800][gc,start     ] GC(548) Pause Young (Normal) (G1 Evacuation Pause)
[2022-04-22T19:40:33.204+0800][gc,task      ] GC(548) Using 8 workers of 8 for evacuation
[2022-04-22T19:40:33.212+0800][gc,phases    ] GC(548)   Pre Evacuate Collection Set: 0.4ms
[2022-04-22T19:40:33.212+0800][gc,phases    ] GC(548)   Evacuate Collection Set: 6.3ms
[2022-04-22T19:40:33.212+0800][gc,phases    ] GC(548)   Post Evacuate Collection Set: 0.6ms
[2022-04-22T19:40:33.212+0800][gc,phases    ] GC(548)   Other: 2.4ms
[2022-04-22T19:40:33.212+0800][gc,heap      ] GC(548) Eden regions: 47->0(51)
[2022-04-22T19:40:33.212+0800][gc,heap      ] GC(548) Survivor regions: 4->4(7)
[2022-04-22T19:40:33.212+0800][gc,heap      ] GC(548) Old regions: 143->143
[2022-04-22T19:40:33.212+0800][gc,heap      ] GC(548) Archive regions: 2->2
[2022-04-22T19:40:33.212+0800][gc,heap      ] GC(548) Humongous regions: 129->129
[2022-04-22T19:40:33.212+0800][gc,metaspace ] GC(548) Metaspace: 43477K->43477K(1089536K)
[2022-04-22T19:40:33.212+0800][gc           ] GC(548) Pause Young (Normal) (G1 Evacuation Pause) 323M->276M(1024M) 9.323ms
[2022-04-22T19:40:33.212+0800][gc,cpu       ] GC(548) User=0.03s Sys=0.01s Real=0.01s
[2022-04-22T19:40:51.545+0800][gc,start     ] GC(549) Pause Young (Normal) (G1 Evacuation Pause)
[2022-04-22T19:40:51.546+0800][gc,task      ] GC(549) Using 8 workers of 8 for evacuation
[2022-04-22T19:40:51.571+0800][gc,mmu       ] GC(549) MMU target violated: 21.0ms (20.0ms/21.0ms)
[2022-04-22T19:40:51.571+0800][gc,phases    ] GC(549)   Pre Evacuate Collection Set: 0.2ms
[2022-04-22T19:40:51.572+0800][gc,phases    ] GC(549)   Evacuate Collection Set: 24.0ms
[2022-04-22T19:40:51.572+0800][gc,phases    ] GC(549)   Post Evacuate Collection Set: 0.8ms
[2022-04-22T19:40:51.572+0800][gc,phases    ] GC(549)   Other: 1.2ms
[2022-04-22T19:40:51.572+0800][gc,heap      ] GC(549) Eden regions: 51->0(49)
[2022-04-22T19:40:51.572+0800][gc,heap      ] GC(549) Survivor regions: 4->5(7)
[2022-04-22T19:40:51.572+0800][gc,heap      ] GC(549) Old regions: 143->144
[2022-04-22T19:40:51.572+0800][gc,heap      ] GC(549) Archive regions: 2->2
[2022-04-22T19:40:51.572+0800][gc,heap      ] GC(549) Humongous regions: 129->129
[2022-04-22T19:40:51.572+0800][gc,metaspace ] GC(549) Metaspace: 43477K->43477K(1089536K)
[2022-04-22T19:40:51.572+0800][gc           ] GC(549) Pause Young (Normal) (G1 Evacuation Pause) 327M->277M(1024M) 26.341ms
[2022-04-22T19:40:51.572+0800][gc,cpu       ] GC(549) User=0.03s Sys=0.02s Real=0.03s
[2022-04-22T19:41:08.042+0800][gc,start     ] GC(550) Pause Young (Normal) (G1 Evacuation Pause)
[2022-04-22T19:41:08.043+0800][gc,task      ] GC(550) Using 8 workers of 8 for evacuation
[2022-04-22T19:41:08.057+0800][gc,phases    ] GC(550)   Pre Evacuate Collection Set: 0.1ms
[2022-04-22T19:41:08.057+0800][gc,phases    ] GC(550)   Evacuate Collection Set: 12.9ms
[2022-04-22T19:41:08.057+0800][gc,phases    ] GC(550)   Post Evacuate Collection Set: 0.5ms
[2022-04-22T19:41:08.057+0800][gc,phases    ] GC(550)   Other: 1.2ms
[2022-04-22T19:41:08.057+0800][gc,heap      ] GC(550) Eden regions: 46->0(51)
[2022-04-22T19:41:08.057+0800][gc,heap      ] GC(550) Survivor regions: 5->4(7)
[2022-04-22T19:41:08.057+0800][gc,heap      ] GC(550) Old regions: 144->144
[2022-04-22T19:41:08.057+0800][gc,heap      ] GC(550) Archive regions: 2->2
[2022-04-22T19:41:08.057+0800][gc,heap      ] GC(550) Humongous regions: 129->129
[2022-04-22T19:41:08.057+0800][gc,metaspace ] GC(550) Metaspace: 43477K->43477K(1089536K)
[2022-04-22T19:41:08.057+0800][gc           ] GC(550) Pause Young (Normal) (G1 Evacuation Pause) 323M->277M(1024M) 14.939ms
[2022-04-22T19:41:08.057+0800][gc,cpu       ] GC(550) User=0.04s Sys=0.00s Real=0.01s
[2022-04-22T19:41:26.101+0800][gc,start     ] GC(551) Pause Young (Normal) (G1 Evacuation Pause)
[2022-04-22T19:41:26.102+0800][gc,task      ] GC(551) Using 8 workers of 8 for evacuation
[2022-04-22T19:41:26.131+0800][gc,mmu       ] GC(551) MMU target violated: 21.0ms (20.0ms/21.0ms)
[2022-04-22T19:41:26.131+0800][gc,phases    ] GC(551)   Pre Evacuate Collection Set: 0.4ms
[2022-04-22T19:41:26.131+0800][gc,phases    ] GC(551)   Evacuate Collection Set: 22.9ms
[2022-04-22T19:41:26.131+0800][gc,phases    ] GC(551)   Post Evacuate Collection Set: 4.3ms
[2022-04-22T19:41:26.131+0800][gc,phases    ] GC(551)   Other: 2.1ms
[2022-04-22T19:41:26.131+0800][gc,heap      ] GC(551) Eden regions: 49->0(47)
[2022-04-22T19:41:26.131+0800][gc,heap      ] GC(551) Survivor regions: 4->4(7)
[2022-04-22T19:41:26.131+0800][gc,heap      ] GC(551) Old regions: 144->145
[2022-04-22T19:41:26.131+0800][gc,heap      ] GC(551) Archive regions: 2->2
[2022-04-22T19:41:26.131+0800][gc,heap      ] GC(551) Humongous regions: 129->129
[2022-04-22T19:41:26.131+0800][gc,metaspace ] GC(551) Metaspace: 43479K->43479K(1089536K)
[2022-04-22T19:41:26.131+0800][gc           ] GC(551) Pause Young (Normal) (G1 Evacuation Pause) 326M->277M(1024M) 29.944ms
[2022-04-22T19:41:26.131+0800][gc,cpu       ] GC(551) User=0.04s Sys=0.03s Real=0.03s
[2022-04-22T19:41:43.119+0800][gc,start     ] GC(552) Pause Young (Normal) (G1 Evacuation Pause)
[2022-04-22T19:41:43.133+0800][gc,task      ] GC(552) Using 8 workers of 8 for evacuation
[2022-04-22T19:41:43.151+0800][gc,phases    ] GC(552)   Pre Evacuate Collection Set: 0.1ms
[2022-04-22T19:41:43.151+0800][gc,phases    ] GC(552)   Evacuate Collection Set: 15.6ms
[2022-04-22T19:41:43.151+0800][gc,phases    ] GC(552)   Post Evacuate Collection Set: 1.3ms
[2022-04-22T19:41:43.151+0800][gc,phases    ] GC(552)   Other: 14.9ms
[2022-04-22T19:41:43.151+0800][gc,heap      ] GC(552) Eden regions: 47->0(48)
[2022-04-22T19:41:43.151+0800][gc,heap      ] GC(552) Survivor regions: 4->4(7)
[2022-04-22T19:41:43.151+0800][gc,heap      ] GC(552) Old regions: 145->145
[2022-04-22T19:41:43.151+0800][gc,heap      ] GC(552) Archive regions: 2->2
[2022-04-22T19:41:43.151+0800][gc,heap      ] GC(552) Humongous regions: 129->129
[2022-04-22T19:41:43.151+0800][gc,metaspace ] GC(552) Metaspace: 43479K->43479K(1089536K)
[2022-04-22T19:41:43.151+0800][gc           ] GC(552) Pause Young (Normal) (G1 Evacuation Pause) 324M->278M(1024M) 32.247ms
[2022-04-22T19:41:43.151+0800][gc,cpu       ] GC(552) User=0.04s Sys=0.01s Real=0.04s
[2022-04-22T19:42:00.036+0800][gc,start     ] GC(553) Pause Young (Normal) (G1 Evacuation Pause)
[2022-04-22T19:42:00.036+0800][gc,task      ] GC(553) Using 8 workers of 8 for evacuation
[2022-04-22T19:42:00.051+0800][gc,phases    ] GC(553)   Pre Evacuate Collection Set: 0.2ms
[2022-04-22T19:42:00.052+0800][gc,phases    ] GC(553)   Evacuate Collection Set: 12.9ms
[2022-04-22T19:42:00.052+0800][gc,phases    ] GC(553)   Post Evacuate Collection Set: 1.3ms
[2022-04-22T19:42:00.052+0800][gc,phases    ] GC(553)   Other: 1.5ms
[2022-04-22T19:42:00.052+0800][gc,heap      ] GC(553) Eden regions: 47->0(50)
[2022-04-22T19:42:00.052+0800][gc,heap      ] GC(553) Survivor regions: 4->4(7)
[2022-04-22T19:42:00.052+0800][gc,heap      ] GC(553) Old regions: 145->145
[2022-04-22T19:42:00.052+0800][gc,heap      ] GC(553) Archive regions: 2->2
[2022-04-22T19:42:00.052+0800][gc,heap      ] GC(553) Humongous regions: 129->129
[2022-04-22T19:42:00.052+0800][gc,metaspace ] GC(553) Metaspace: 43479K->43479K(1089536K)
[2022-04-22T19:42:00.052+0800][gc           ] GC(553) Pause Young (Normal) (G1 Evacuation Pause) 325M->278M(1024M) 16.120ms
[2022-04-22T19:42:00.052+0800][gc,cpu       ] GC(553) User=0.04s Sys=0.02s Real=0.02s
[2022-04-22T19:42:18.295+0800][gc,start     ] GC(554) Pause Young (Normal) (G1 Evacuation Pause)
[2022-04-22T19:42:18.296+0800][gc,task      ] GC(554) Using 8 workers of 8 for evacuation
[2022-04-22T19:42:18.323+0800][gc,mmu       ] GC(554) MMU target violated: 21.0ms (20.0ms/21.0ms)
[2022-04-22T19:42:18.323+0800][gc,phases    ] GC(554)   Pre Evacuate Collection Set: 0.3ms
[2022-04-22T19:42:18.323+0800][gc,phases    ] GC(554)   Evacuate Collection Set: 24.6ms
[2022-04-22T19:42:18.323+0800][gc,phases    ] GC(554)   Post Evacuate Collection Set: 0.7ms
[2022-04-22T19:42:18.323+0800][gc,phases    ] GC(554)   Other: 1.9ms
[2022-04-22T19:42:18.323+0800][gc,heap      ] GC(554) Eden regions: 50->0(49)
[2022-04-22T19:42:18.323+0800][gc,heap      ] GC(554) Survivor regions: 4->5(7)
[2022-04-22T19:42:18.323+0800][gc,heap      ] GC(554) Old regions: 145->146
[2022-04-22T19:42:18.323+0800][gc,heap      ] GC(554) Archive regions: 2->2
[2022-04-22T19:42:18.323+0800][gc,heap      ] GC(554) Humongous regions: 129->129
[2022-04-22T19:42:18.323+0800][gc,metaspace ] GC(554) Metaspace: 43479K->43479K(1089536K)
[2022-04-22T19:42:18.323+0800][gc           ] GC(554) Pause Young (Normal) (G1 Evacuation Pause) 328M->279M(1024M) 27.623ms
[2022-04-22T19:42:18.323+0800][gc,cpu       ] GC(554) User=0.05s Sys=0.02s Real=0.03s
[2022-04-22T19:42:36.091+0800][gc,start     ] GC(555) Pause Young (Normal) (G1 Evacuation Pause)
[2022-04-22T19:42:36.092+0800][gc,task      ] GC(555) Using 8 workers of 8 for evacuation
[2022-04-22T19:42:36.109+0800][gc,phases    ] GC(555)   Pre Evacuate Collection Set: 0.4ms
[2022-04-22T19:42:36.109+0800][gc,phases    ] GC(555)   Evacuate Collection Set: 15.1ms
[2022-04-22T19:42:36.109+0800][gc,phases    ] GC(555)   Post Evacuate Collection Set: 0.8ms
[2022-04-22T19:42:36.109+0800][gc,phases    ] GC(555)   Other: 2.0ms
[2022-04-22T19:42:36.109+0800][gc,heap      ] GC(555) Eden regions: 49->0(50)
[2022-04-22T19:42:36.109+0800][gc,heap      ] GC(555) Survivor regions: 5->5(7)
[2022-04-22T19:42:36.109+0800][gc,heap      ] GC(555) Old regions: 146->146
[2022-04-22T19:42:36.109+0800][gc,heap      ] GC(555) Archive regions: 2->2
[2022-04-22T19:42:36.109+0800][gc,heap      ] GC(555) Humongous regions: 129->129
[2022-04-22T19:42:36.109+0800][gc,metaspace ] GC(555) Metaspace: 43479K->43479K(1089536K)
[2022-04-22T19:42:36.109+0800][gc           ] GC(555) Pause Young (Normal) (G1 Evacuation Pause) 328M->279M(1024M) 18.608ms
[2022-04-22T19:42:36.110+0800][gc,cpu       ] GC(555) User=0.04s Sys=0.01s Real=0.02s
[2022-04-22T19:42:54.177+0800][gc,start     ] GC(556) Pause Young (Normal) (G1 Evacuation Pause)
[2022-04-22T19:42:54.178+0800][gc,task      ] GC(556) Using 8 workers of 8 for evacuation
[2022-04-22T19:42:54.200+0800][gc,mmu       ] GC(556) MMU target violated: 21.0ms (20.0ms/21.0ms)
[2022-04-22T19:42:54.200+0800][gc,phases    ] GC(556)   Pre Evacuate Collection Set: 0.2ms
[2022-04-22T19:42:54.200+0800][gc,phases    ] GC(556)   Evacuate Collection Set: 21.0ms
[2022-04-22T19:42:54.200+0800][gc,phases    ] GC(556)   Post Evacuate Collection Set: 0.7ms
[2022-04-22T19:42:54.200+0800][gc,phases    ] GC(556)   Other: 1.3ms
[2022-04-22T19:42:54.200+0800][gc,heap      ] GC(556) Eden regions: 50->0(49)
[2022-04-22T19:42:54.200+0800][gc,heap      ] GC(556) Survivor regions: 5->5(7)
[2022-04-22T19:42:54.200+0800][gc,heap      ] GC(556) Old regions: 146->147
[2022-04-22T19:42:54.200+0800][gc,heap      ] GC(556) Archive regions: 2->2
[2022-04-22T19:42:54.200+0800][gc,heap      ] GC(556) Humongous regions: 129->129
[2022-04-22T19:42:54.200+0800][gc,metaspace ] GC(556) Metaspace: 43479K->43479K(1089536K)
[2022-04-22T19:42:54.200+0800][gc           ] GC(556) Pause Young (Normal) (G1 Evacuation Pause) 329M->280M(1024M) 23.253ms
[2022-04-22T19:42:54.200+0800][gc,cpu       ] GC(556) User=0.04s Sys=0.01s Real=0.03s
[2022-04-22T19:43:12.112+0800][gc,start     ] GC(557) Pause Young (Normal) (G1 Evacuation Pause)
[2022-04-22T19:43:12.113+0800][gc,task      ] GC(557) Using 8 workers of 8 for evacuation
[2022-04-22T19:43:12.133+0800][gc,mmu       ] GC(557) MMU target violated: 20.1ms (20.0ms/21.0ms)
[2022-04-22T19:43:12.133+0800][gc,phases    ] GC(557)   Pre Evacuate Collection Set: 0.2ms
[2022-04-22T19:43:12.133+0800][gc,phases    ] GC(557)   Evacuate Collection Set: 18.5ms
[2022-04-22T19:43:12.133+0800][gc,phases    ] GC(557)   Post Evacuate Collection Set: 0.6ms
[2022-04-22T19:43:12.133+0800][gc,phases    ] GC(557)   Other: 1.7ms
[2022-04-22T19:43:12.133+0800][gc,heap      ] GC(557) Eden regions: 49->0(51)
[2022-04-22T19:43:12.133+0800][gc,heap      ] GC(557) Survivor regions: 5->5(7)
[2022-04-22T19:43:12.133+0800][gc,heap      ] GC(557) Old regions: 147->148
[2022-04-22T19:43:12.133+0800][gc,heap      ] GC(557) Archive regions: 2->2
[2022-04-22T19:43:12.133+0800][gc,heap      ] GC(557) Humongous regions: 129->129
[2022-04-22T19:43:12.133+0800][gc,metaspace ] GC(557) Metaspace: 43479K->43479K(1089536K)
[2022-04-22T19:43:12.133+0800][gc           ] GC(557) Pause Young (Normal) (G1 Evacuation Pause) 329M->281M(1024M) 20.876ms
[2022-04-22T19:43:12.133+0800][gc,cpu       ] GC(557) User=0.04s Sys=0.02s Real=0.02s
[2022-04-22T19:43:30.838+0800][gc,start     ] GC(558) Pause Young (Normal) (G1 Evacuation Pause)
[2022-04-22T19:43:30.839+0800][gc,task      ] GC(558) Using 8 workers of 8 for evacuation
[2022-04-22T19:43:30.857+0800][gc,phases    ] GC(558)   Pre Evacuate Collection Set: 0.4ms
[2022-04-22T19:43:30.857+0800][gc,phases    ] GC(558)   Evacuate Collection Set: 16.2ms
[2022-04-22T19:43:30.857+0800][gc,phases    ] GC(558)   Post Evacuate Collection Set: 0.5ms
[2022-04-22T19:43:30.857+0800][gc,phases    ] GC(558)   Other: 1.8ms
[2022-04-22T19:43:30.857+0800][gc,heap      ] GC(558) Eden regions: 51->0(51)
[2022-04-22T19:43:30.857+0800][gc,heap      ] GC(558) Survivor regions: 5->5(7)
[2022-04-22T19:43:30.857+0800][gc,heap      ] GC(558) Old regions: 148->148
[2022-04-22T19:43:30.857+0800][gc,heap      ] GC(558) Archive regions: 2->2
[2022-04-22T19:43:30.857+0800][gc,heap      ] GC(558) Humongous regions: 129->129
[2022-04-22T19:43:30.857+0800][gc,metaspace ] GC(558) Metaspace: 43479K->43479K(1089536K)
[2022-04-22T19:43:30.857+0800][gc           ] GC(558) Pause Young (Normal) (G1 Evacuation Pause) 332M->281M(1024M) 19.129ms
[2022-04-22T19:43:30.857+0800][gc,cpu       ] GC(558) User=0.04s Sys=0.02s Real=0.02s
[2022-04-22T19:43:47.637+0800][gc,start     ] GC(559) Pause Young (Normal) (G1 Evacuation Pause)
[2022-04-22T19:43:47.638+0800][gc,task      ] GC(559) Using 8 workers of 8 for evacuation
[2022-04-22T19:43:47.649+0800][gc,phases    ] GC(559)   Pre Evacuate Collection Set: 0.1ms
[2022-04-22T19:43:47.649+0800][gc,phases    ] GC(559)   Evacuate Collection Set: 9.3ms
[2022-04-22T19:43:47.649+0800][gc,phases    ] GC(559)   Post Evacuate Collection Set: 0.5ms
[2022-04-22T19:43:47.649+0800][gc,phases    ] GC(559)   Other: 1.8ms
[2022-04-22T19:43:47.649+0800][gc,heap      ] GC(559) Eden regions: 47->0(57)
[2022-04-22T19:43:47.649+0800][gc,heap      ] GC(559) Survivor regions: 5->4(7)
[2022-04-22T19:43:47.649+0800][gc,heap      ] GC(559) Old regions: 148->149
[2022-04-22T19:43:47.649+0800][gc,heap      ] GC(559) Archive regions: 2->2
[2022-04-22T19:43:47.649+0800][gc,heap      ] GC(559) Humongous regions: 129->129
[2022-04-22T19:43:47.649+0800][gc,metaspace ] GC(559) Metaspace: 43479K->43479K(1089536K)
[2022-04-22T19:43:47.649+0800][gc           ] GC(559) Pause Young (Normal) (G1 Evacuation Pause) 328M->282M(1024M) 11.872ms
[2022-04-22T19:43:47.649+0800][gc,cpu       ] GC(559) User=0.04s Sys=0.01s Real=0.01s
[2022-04-22T19:44:06.428+0800][gc,start     ] GC(560) Pause Young (Normal) (G1 Evacuation Pause)
[2022-04-22T19:44:06.429+0800][gc,task      ] GC(560) Using 8 workers of 8 for evacuation
[2022-04-22T19:44:06.441+0800][gc,phases    ] GC(560)   Pre Evacuate Collection Set: 0.3ms
[2022-04-22T19:44:06.442+0800][gc,phases    ] GC(560)   Evacuate Collection Set: 11.0ms
[2022-04-22T19:44:06.442+0800][gc,phases    ] GC(560)   Post Evacuate Collection Set: 0.6ms
[2022-04-22T19:44:06.442+0800][gc,phases    ] GC(560)   Other: 1.7ms
[2022-04-22T19:44:06.442+0800][gc,heap      ] GC(560) Eden regions: 52->0(65)
[2022-04-22T19:44:06.442+0800][gc,heap      ] GC(560) Survivor regions: 4->4(7)
[2022-04-22T19:44:06.442+0800][gc,heap      ] GC(560) Old regions: 149->149
[2022-04-22T19:44:06.442+0800][gc,heap      ] GC(560) Archive regions: 2->2
[2022-04-22T19:44:06.442+0800][gc,heap      ] GC(560) Humongous regions: 129->129
[2022-04-22T19:44:06.442+0800][gc,metaspace ] GC(560) Metaspace: 43479K->43479K(1089536K)
[2022-04-22T19:44:06.442+0800][gc           ] GC(560) Pause Young (Normal) (G1 Evacuation Pause) 334M->281M(1024M) 13.791ms
[2022-04-22T19:44:06.442+0800][gc,cpu       ] GC(560) User=0.04s Sys=0.00s Real=0.02s
[2022-04-22T19:44:28.749+0800][gc,start     ] GC(561) Pause Young (Normal) (G1 Evacuation Pause)
[2022-04-22T19:44:28.749+0800][gc,task      ] GC(561) Using 8 workers of 8 for evacuation
[2022-04-22T19:44:28.774+0800][gc,mmu       ] GC(561) MMU target violated: 21.0ms (20.0ms/21.0ms)
[2022-04-22T19:44:28.774+0800][gc,phases    ] GC(561)   Pre Evacuate Collection Set: 0.1ms
[2022-04-22T19:44:28.774+0800][gc,phases    ] GC(561)   Evacuate Collection Set: 23.5ms
[2022-04-22T19:44:28.774+0800][gc,phases    ] GC(561)   Post Evacuate Collection Set: 0.4ms
[2022-04-22T19:44:28.774+0800][gc,phases    ] GC(561)   Other: 0.9ms
[2022-04-22T19:44:28.774+0800][gc,heap      ] GC(561) Eden regions: 62->0(51)
[2022-04-22T19:44:28.774+0800][gc,heap      ] GC(561) Survivor regions: 4->4(9)
[2022-04-22T19:44:28.774+0800][gc,heap      ] GC(561) Old regions: 149->149
[2022-04-22T19:44:28.774+0800][gc,heap      ] GC(561) Archive regions: 2->2
[2022-04-22T19:44:28.774+0800][gc,heap      ] GC(561) Humongous regions: 129->129
[2022-04-22T19:44:28.774+0800][gc,metaspace ] GC(561) Metaspace: 43479K->43479K(1089536K)
[2022-04-22T19:44:28.774+0800][gc           ] GC(561) Pause Young (Normal) (G1 Evacuation Pause) 343M->282M(1024M) 24.935ms
[2022-04-22T19:44:28.774+0800][gc,cpu       ] GC(561) User=0.03s Sys=0.02s Real=0.03s
[2022-04-22T19:44:45.628+0800][gc,start     ] GC(562) Pause Young (Normal) (G1 Evacuation Pause)
[2022-04-22T19:44:45.628+0800][gc,task      ] GC(562) Using 8 workers of 8 for evacuation
[2022-04-22T19:44:45.644+0800][gc,phases    ] GC(562)   Pre Evacuate Collection Set: 0.2ms
[2022-04-22T19:44:45.644+0800][gc,phases    ] GC(562)   Evacuate Collection Set: 14.1ms
[2022-04-22T19:44:45.644+0800][gc,phases    ] GC(562)   Post Evacuate Collection Set: 0.6ms
[2022-04-22T19:44:45.644+0800][gc,phases    ] GC(562)   Other: 1.1ms
[2022-04-22T19:44:45.644+0800][gc,heap      ] GC(562) Eden regions: 47->0(51)
[2022-04-22T19:44:45.644+0800][gc,heap      ] GC(562) Survivor regions: 4->4(7)
[2022-04-22T19:44:45.644+0800][gc,heap      ] GC(562) Old regions: 149->149
[2022-04-22T19:44:45.644+0800][gc,heap      ] GC(562) Archive regions: 2->2
[2022-04-22T19:44:45.644+0800][gc,heap      ] GC(562) Humongous regions: 129->129
[2022-04-22T19:44:45.644+0800][gc,metaspace ] GC(562) Metaspace: 43479K->43479K(1089536K)
[2022-04-22T19:44:45.644+0800][gc           ] GC(562) Pause Young (Normal) (G1 Evacuation Pause) 329M->282M(1024M) 16.156ms
[2022-04-22T19:44:45.644+0800][gc,cpu       ] GC(562) User=0.04s Sys=0.01s Real=0.02s
[2022-04-22T19:45:03.266+0800][gc,start     ] GC(563) Pause Young (Normal) (G1 Evacuation Pause)
[2022-04-22T19:45:03.267+0800][gc,task      ] GC(563) Using 8 workers of 8 for evacuation
[2022-04-22T19:45:03.293+0800][gc,mmu       ] GC(563) MMU target violated: 21.0ms (20.0ms/21.0ms)
[2022-04-22T19:45:03.293+0800][gc,phases    ] GC(563)   Pre Evacuate Collection Set: 0.2ms
[2022-04-22T19:45:03.293+0800][gc,phases    ] GC(563)   Evacuate Collection Set: 23.9ms
[2022-04-22T19:45:03.293+0800][gc,phases    ] GC(563)   Post Evacuate Collection Set: 0.4ms
[2022-04-22T19:45:03.293+0800][gc,phases    ] GC(563)   Other: 2.5ms
[2022-04-22T19:45:03.293+0800][gc,heap      ] GC(563) Eden regions: 49->0(48)
[2022-04-22T19:45:03.293+0800][gc,heap      ] GC(563) Survivor regions: 4->4(7)
[2022-04-22T19:45:03.293+0800][gc,heap      ] GC(563) Old regions: 149->149
[2022-04-22T19:45:03.293+0800][gc,heap      ] GC(563) Archive regions: 2->2
[2022-04-22T19:45:03.293+0800][gc,heap      ] GC(563) Humongous regions: 129->129
[2022-04-22T19:45:03.293+0800][gc,metaspace ] GC(563) Metaspace: 43479K->43479K(1089536K)
[2022-04-22T19:45:03.293+0800][gc           ] GC(563) Pause Young (Normal) (G1 Evacuation Pause) 331M->282M(1024M) 26.321ms
[2022-04-22T19:45:03.293+0800][gc,cpu       ] GC(563) User=0.04s Sys=0.01s Real=0.03s
[2022-04-22T19:45:21.426+0800][gc,start     ] GC(564) Pause Young (Normal) (G1 Evacuation Pause)
[2022-04-22T19:45:21.437+0800][gc,task      ] GC(564) Using 8 workers of 8 for evacuation
[2022-04-22T19:45:21.458+0800][gc,mmu       ] GC(564) MMU target violated: 20.9ms (20.0ms/21.0ms)
[2022-04-22T19:45:21.458+0800][gc,phases    ] GC(564)   Pre Evacuate Collection Set: 0.2ms
[2022-04-22T19:45:21.458+0800][gc,phases    ] GC(564)   Evacuate Collection Set: 19.5ms
[2022-04-22T19:45:21.458+0800][gc,phases    ] GC(564)   Post Evacuate Collection Set: 0.7ms
[2022-04-22T19:45:21.458+0800][gc,phases    ] GC(564)   Other: 12.0ms
[2022-04-22T19:45:21.458+0800][gc,heap      ] GC(564) Eden regions: 48->0(48)
[2022-04-22T19:45:21.458+0800][gc,heap      ] GC(564) Survivor regions: 4->4(7)
[2022-04-22T19:45:21.458+0800][gc,heap      ] GC(564) Old regions: 149->150
[2022-04-22T19:45:21.458+0800][gc,heap      ] GC(564) Archive regions: 2->2
[2022-04-22T19:45:21.458+0800][gc,heap      ] GC(564) Humongous regions: 129->129
[2022-04-22T19:45:21.458+0800][gc,metaspace ] GC(564) Metaspace: 43479K->43479K(1089536K)
[2022-04-22T19:45:21.458+0800][gc           ] GC(564) Pause Young (Normal) (G1 Evacuation Pause) 330M->283M(1024M) 32.640ms
[2022-04-22T19:45:21.458+0800][gc,cpu       ] GC(564) User=0.06s Sys=0.01s Real=0.03s
[2022-04-22T19:45:38.533+0800][gc,start     ] GC(565) Pause Young (Normal) (G1 Evacuation Pause)
[2022-04-22T19:45:38.542+0800][gc,task      ] GC(565) Using 8 workers of 8 for evacuation
[2022-04-22T19:45:38.571+0800][gc,mmu       ] GC(565) MMU target violated: 21.0ms (20.0ms/21.0ms)
[2022-04-22T19:45:38.572+0800][gc,phases    ] GC(565)   Pre Evacuate Collection Set: 0.2ms
[2022-04-22T19:45:38.572+0800][gc,phases    ] GC(565)   Evacuate Collection Set: 21.9ms
[2022-04-22T19:45:38.573+0800][gc,phases    ] GC(565)   Post Evacuate Collection Set: 6.0ms
[2022-04-22T19:45:38.573+0800][gc,phases    ] GC(565)   Other: 11.3ms
[2022-04-22T19:45:38.573+0800][gc,heap      ] GC(565) Eden regions: 47->0(47)
[2022-04-22T19:45:38.573+0800][gc,heap      ] GC(565) Survivor regions: 4->6(7)
[2022-04-22T19:45:38.573+0800][gc,heap      ] GC(565) Old regions: 150->150
[2022-04-22T19:45:38.573+0800][gc,heap      ] GC(565) Archive regions: 2->2
[2022-04-22T19:45:38.573+0800][gc,heap      ] GC(565) Humongous regions: 129->129
[2022-04-22T19:45:38.573+0800][gc,metaspace ] GC(565) Metaspace: 43479K->43479K(1089536K)
[2022-04-22T19:45:38.573+0800][gc           ] GC(565) Pause Young (Normal) (G1 Evacuation Pause) 330M->285M(1024M) 40.443ms
[2022-04-22T19:45:38.573+0800][gc,cpu       ] GC(565) User=0.05s Sys=0.02s Real=0.04s
[2022-04-22T19:45:54.895+0800][gc,start     ] GC(566) Pause Young (Normal) (G1 Evacuation Pause)
[2022-04-22T19:45:54.895+0800][gc,task      ] GC(566) Using 8 workers of 8 for evacuation
[2022-04-22T19:45:54.917+0800][gc,mmu       ] GC(566) MMU target violated: 21.0ms (20.0ms/21.0ms)
[2022-04-22T19:45:54.917+0800][gc,phases    ] GC(566)   Pre Evacuate Collection Set: 0.1ms
[2022-04-22T19:45:54.917+0800][gc,phases    ] GC(566)   Evacuate Collection Set: 21.2ms
[2022-04-22T19:45:54.917+0800][gc,phases    ] GC(566)   Post Evacuate Collection Set: 0.4ms
[2022-04-22T19:45:54.917+0800][gc,phases    ] GC(566)   Other: 1.0ms
[2022-04-22T19:45:54.917+0800][gc,heap      ] GC(566) Eden regions: 45->0(47)
[2022-04-22T19:45:54.917+0800][gc,heap      ] GC(566) Survivor regions: 6->4(7)
[2022-04-22T19:45:54.917+0800][gc,heap      ] GC(566) Old regions: 150->152
[2022-04-22T19:45:54.917+0800][gc,heap      ] GC(566) Archive regions: 2->2
[2022-04-22T19:45:54.917+0800][gc,heap      ] GC(566) Humongous regions: 129->129
[2022-04-22T19:45:54.917+0800][gc,metaspace ] GC(566) Metaspace: 43479K->43479K(1089536K)
[2022-04-22T19:45:54.917+0800][gc           ] GC(566) Pause Young (Normal) (G1 Evacuation Pause) 330M->285M(1024M) 22.739ms
[2022-04-22T19:45:54.917+0800][gc,cpu       ] GC(566) User=0.05s Sys=0.03s Real=0.02s
[2022-04-22T19:46:11.971+0800][gc,start     ] GC(567) Pause Young (Normal) (G1 Evacuation Pause)
[2022-04-22T19:46:11.971+0800][gc,task      ] GC(567) Using 8 workers of 8 for evacuation
[2022-04-22T19:46:11.987+0800][gc,phases    ] GC(567)   Pre Evacuate Collection Set: 0.2ms
[2022-04-22T19:46:11.987+0800][gc,phases    ] GC(567)   Evacuate Collection Set: 13.5ms
[2022-04-22T19:46:11.987+0800][gc,phases    ] GC(567)   Post Evacuate Collection Set: 1.2ms
[2022-04-22T19:46:11.987+0800][gc,phases    ] GC(567)   Other: 1.6ms
[2022-04-22T19:46:11.987+0800][gc,heap      ] GC(567) Eden regions: 47->0(48)
[2022-04-22T19:46:11.987+0800][gc,heap      ] GC(567) Survivor regions: 4->4(7)
[2022-04-22T19:46:11.987+0800][gc,heap      ] GC(567) Old regions: 152->152
[2022-04-22T19:46:11.987+0800][gc,heap      ] GC(567) Archive regions: 2->2
[2022-04-22T19:46:11.987+0800][gc,heap      ] GC(567) Humongous regions: 129->129
[2022-04-22T19:46:11.987+0800][gc,metaspace ] GC(567) Metaspace: 43479K->43479K(1089536K)
[2022-04-22T19:46:11.988+0800][gc           ] GC(567) Pause Young (Normal) (G1 Evacuation Pause) 332M->285M(1024M) 16.852ms
[2022-04-22T19:46:11.988+0800][gc,cpu       ] GC(567) User=0.03s Sys=0.02s Real=0.01s
[2022-04-22T19:46:29.106+0800][gc,start     ] GC(568) Pause Young (Normal) (G1 Evacuation Pause)
[2022-04-22T19:46:29.107+0800][gc,task      ] GC(568) Using 8 workers of 8 for evacuation
[2022-04-22T19:46:29.123+0800][gc,phases    ] GC(568)   Pre Evacuate Collection Set: 0.2ms
[2022-04-22T19:46:29.123+0800][gc,phases    ] GC(568)   Evacuate Collection Set: 14.6ms
[2022-04-22T19:46:29.123+0800][gc,phases    ] GC(568)   Post Evacuate Collection Set: 0.9ms
[2022-04-22T19:46:29.123+0800][gc,phases    ] GC(568)   Other: 1.7ms
[2022-04-22T19:46:29.123+0800][gc,heap      ] GC(568) Eden regions: 47->0(50)
[2022-04-22T19:46:29.123+0800][gc,heap      ] GC(568) Survivor regions: 4->5(7)
[2022-04-22T19:46:29.123+0800][gc,heap      ] GC(568) Old regions: 152->152
[2022-04-22T19:46:29.123+0800][gc,heap      ] GC(568) Archive regions: 2->2
[2022-04-22T19:46:29.123+0800][gc,heap      ] GC(568) Humongous regions: 129->129
[2022-04-22T19:46:29.123+0800][gc,metaspace ] GC(568) Metaspace: 43479K->43479K(1089536K)
[2022-04-22T19:46:29.124+0800][gc           ] GC(568) Pause Young (Normal) (G1 Evacuation Pause) 332M->285M(1024M) 17.032ms
[2022-04-22T19:46:29.124+0800][gc,cpu       ] GC(568) User=0.04s Sys=0.02s Real=0.02s
[2022-04-22T19:46:47.352+0800][gc,start     ] GC(569) Pause Young (Normal) (G1 Evacuation Pause)
[2022-04-22T19:46:47.352+0800][gc,task      ] GC(569) Using 8 workers of 8 for evacuation
[2022-04-22T19:46:47.372+0800][gc,phases    ] GC(569)   Pre Evacuate Collection Set: 0.2ms
[2022-04-22T19:46:47.372+0800][gc,phases    ] GC(569)   Evacuate Collection Set: 17.4ms
[2022-04-22T19:46:47.372+0800][gc,phases    ] GC(569)   Post Evacuate Collection Set: 1.4ms
[2022-04-22T19:46:47.372+0800][gc,phases    ] GC(569)   Other: 1.2ms
[2022-04-22T19:46:47.372+0800][gc,heap      ] GC(569) Eden regions: 48->0(50)
[2022-04-22T19:46:47.372+0800][gc,heap      ] GC(569) Survivor regions: 5->4(7)
[2022-04-22T19:46:47.372+0800][gc,heap      ] GC(569) Old regions: 152->153
[2022-04-22T19:46:47.372+0800][gc,heap      ] GC(569) Archive regions: 2->2
[2022-04-22T19:46:47.372+0800][gc,heap      ] GC(569) Humongous regions: 129->129
[2022-04-22T19:46:47.372+0800][gc,metaspace ] GC(569) Metaspace: 43479K->43479K(1089536K)
[2022-04-22T19:46:47.372+0800][gc           ] GC(569) Pause Young (Normal) (G1 Evacuation Pause) 333M->285M(1024M) 20.361ms
[2022-04-22T19:46:47.372+0800][gc,cpu       ] GC(569) User=0.05s Sys=0.05s Real=0.02s
[2022-04-22T19:47:04.573+0800][gc,start     ] GC(570) Pause Young (Normal) (G1 Evacuation Pause)
[2022-04-22T19:47:04.573+0800][gc,task      ] GC(570) Using 8 workers of 8 for evacuation
[2022-04-22T19:47:04.589+0800][gc,phases    ] GC(570)   Pre Evacuate Collection Set: 0.1ms
[2022-04-22T19:47:04.595+0800][gc,phases    ] GC(570)   Evacuate Collection Set: 14.5ms
[2022-04-22T19:47:04.595+0800][gc,phases    ] GC(570)   Post Evacuate Collection Set: 0.9ms
[2022-04-22T19:47:04.595+0800][gc,phases    ] GC(570)   Other: 0.8ms
[2022-04-22T19:47:04.595+0800][gc,heap      ] GC(570) Eden regions: 47->0(50)
[2022-04-22T19:47:04.595+0800][gc,heap      ] GC(570) Survivor regions: 4->4(7)
[2022-04-22T19:47:04.595+0800][gc,heap      ] GC(570) Old regions: 153->153
[2022-04-22T19:47:04.595+0800][gc,heap      ] GC(570) Archive regions: 2->2
[2022-04-22T19:47:04.595+0800][gc,heap      ] GC(570) Humongous regions: 129->129
[2022-04-22T19:47:04.595+0800][gc,metaspace ] GC(570) Metaspace: 43479K->43479K(1089536K)
[2022-04-22T19:47:04.595+0800][gc           ] GC(570) Pause Young (Normal) (G1 Evacuation Pause) 332M->286M(1024M) 22.083ms
[2022-04-22T19:47:04.595+0800][gc,cpu       ] GC(570) User=0.04s Sys=0.02s Real=0.02s
[2022-04-22T19:47:21.625+0800][gc,start     ] GC(571) Pause Young (Normal) (G1 Evacuation Pause)
[2022-04-22T19:47:21.641+0800][gc,task      ] GC(571) Using 8 workers of 8 for evacuation
[2022-04-22T19:47:21.667+0800][gc,mmu       ] GC(571) MMU target violated: 21.0ms (20.0ms/21.0ms)
[2022-04-22T19:47:21.667+0800][gc,phases    ] GC(571)   Pre Evacuate Collection Set: 0.2ms
[2022-04-22T19:47:21.667+0800][gc,phases    ] GC(571)   Evacuate Collection Set: 24.5ms
[2022-04-22T19:47:21.667+0800][gc,phases    ] GC(571)   Post Evacuate Collection Set: 1.3ms
[2022-04-22T19:47:21.667+0800][gc,phases    ] GC(571)   Other: 16.4ms
[2022-04-22T19:47:21.668+0800][gc,heap      ] GC(571) Eden regions: 47->0(47)
[2022-04-22T19:47:21.668+0800][gc,heap      ] GC(571) Survivor regions: 4->4(7)
[2022-04-22T19:47:21.668+0800][gc,heap      ] GC(571) Old regions: 153->153
[2022-04-22T19:47:21.668+0800][gc,heap      ] GC(571) Archive regions: 2->2
[2022-04-22T19:47:21.668+0800][gc,heap      ] GC(571) Humongous regions: 129->129
[2022-04-22T19:47:21.668+0800][gc,metaspace ] GC(571) Metaspace: 43479K->43479K(1089536K)
[2022-04-22T19:47:21.668+0800][gc           ] GC(571) Pause Young (Normal) (G1 Evacuation Pause) 333M->286M(1024M) 42.480ms
[2022-04-22T19:47:21.668+0800][gc,cpu       ] GC(571) User=0.04s Sys=0.02s Real=0.04s
[2022-04-22T19:47:38.634+0800][gc,start     ] GC(572) Pause Young (Normal) (G1 Evacuation Pause)
[2022-04-22T19:47:38.634+0800][gc,task      ] GC(572) Using 8 workers of 8 for evacuation
[2022-04-22T19:47:38.660+0800][gc,mmu       ] GC(572) MMU target violated: 21.0ms (20.0ms/21.0ms)
[2022-04-22T19:47:38.660+0800][gc,phases    ] GC(572)   Pre Evacuate Collection Set: 0.2ms
[2022-04-22T19:47:38.660+0800][gc,phases    ] GC(572)   Evacuate Collection Set: 24.1ms
[2022-04-22T19:47:38.660+0800][gc,phases    ] GC(572)   Post Evacuate Collection Set: 0.5ms
[2022-04-22T19:47:38.660+0800][gc,phases    ] GC(572)   Other: 1.2ms
[2022-04-22T19:47:38.660+0800][gc,heap      ] GC(572) Eden regions: 47->0(46)
[2022-04-22T19:47:38.660+0800][gc,heap      ] GC(572) Survivor regions: 4->6(7)
[2022-04-22T19:47:38.660+0800][gc,heap      ] GC(572) Old regions: 153->154
[2022-04-22T19:47:38.660+0800][gc,heap      ] GC(572) Archive regions: 2->2
[2022-04-22T19:47:38.660+0800][gc,heap      ] GC(572) Humongous regions: 129->129
[2022-04-22T19:47:38.660+0800][gc,metaspace ] GC(572) Metaspace: 43479K->43479K(1089536K)
[2022-04-22T19:47:38.660+0800][gc           ] GC(572) Pause Young (Normal) (G1 Evacuation Pause) 333M->288M(1024M) 26.064ms
[2022-04-22T19:47:38.660+0800][gc,cpu       ] GC(572) User=0.04s Sys=0.03s Real=0.03s
[2022-04-22T19:47:54.990+0800][gc,start     ] GC(573) Pause Young (Normal) (G1 Evacuation Pause)
[2022-04-22T19:47:54.991+0800][gc,task      ] GC(573) Using 8 workers of 8 for evacuation
[2022-04-22T19:47:55.014+0800][gc,mmu       ] GC(573) MMU target violated: 21.0ms (20.0ms/21.0ms)
[2022-04-22T19:47:55.015+0800][gc,phases    ] GC(573)   Pre Evacuate Collection Set: 0.2ms
[2022-04-22T19:47:55.015+0800][gc,phases    ] GC(573)   Evacuate Collection Set: 21.3ms
[2022-04-22T19:47:55.015+0800][gc,phases    ] GC(573)   Post Evacuate Collection Set: 1.5ms
[2022-04-22T19:47:55.015+0800][gc,phases    ] GC(573)   Other: 2.1ms
[2022-04-22T19:47:55.015+0800][gc,heap      ] GC(573) Eden regions: 45->0(47)
[2022-04-22T19:47:55.015+0800][gc,heap      ] GC(573) Survivor regions: 6->4(7)
[2022-04-22T19:47:55.015+0800][gc,heap      ] GC(573) Old regions: 154->155
[2022-04-22T19:47:55.015+0800][gc,heap      ] GC(573) Archive regions: 2->2
[2022-04-22T19:47:55.015+0800][gc,heap      ] GC(573) Humongous regions: 129->129
[2022-04-22T19:47:55.015+0800][gc,metaspace ] GC(573) Metaspace: 43479K->43479K(1089536K)
[2022-04-22T19:47:55.015+0800][gc           ] GC(573) Pause Young (Normal) (G1 Evacuation Pause) 333M->288M(1024M) 25.226ms
[2022-04-22T19:47:55.015+0800][gc,cpu       ] GC(573) User=0.05s Sys=0.03s Real=0.02s
[2022-04-22T19:48:11.782+0800][gc,start     ] GC(574) Pause Young (Normal) (G1 Evacuation Pause)
[2022-04-22T19:48:11.782+0800][gc,task      ] GC(574) Using 8 workers of 8 for evacuation
[2022-04-22T19:48:11.795+0800][gc,phases    ] GC(574)   Pre Evacuate Collection Set: 0.4ms
[2022-04-22T19:48:11.796+0800][gc,phases    ] GC(574)   Evacuate Collection Set: 10.9ms
[2022-04-22T19:48:11.796+0800][gc,phases    ] GC(574)   Post Evacuate Collection Set: 1.2ms
[2022-04-22T19:48:11.796+0800][gc,phases    ] GC(574)   Other: 1.4ms
[2022-04-22T19:48:11.796+0800][gc,heap      ] GC(574) Eden regions: 47->0(48)
[2022-04-22T19:48:11.796+0800][gc,heap      ] GC(574) Survivor regions: 4->4(7)
[2022-04-22T19:48:11.796+0800][gc,heap      ] GC(574) Old regions: 155->155
[2022-04-22T19:48:11.796+0800][gc,heap      ] GC(574) Archive regions: 2->2
[2022-04-22T19:48:11.796+0800][gc,heap      ] GC(574) Humongous regions: 129->129
[2022-04-22T19:48:11.796+0800][gc,metaspace ] GC(574) Metaspace: 43479K->43479K(1089536K)
[2022-04-22T19:48:11.796+0800][gc           ] GC(574) Pause Young (Normal) (G1 Evacuation Pause) 335M->288M(1024M) 13.948ms
[2022-04-22T19:48:11.796+0800][gc,cpu       ] GC(574) User=0.04s Sys=0.01s Real=0.01s
[2022-04-22T19:48:28.813+0800][gc,start     ] GC(575) Pause Young (Normal) (G1 Evacuation Pause)
[2022-04-22T19:48:28.814+0800][gc,task      ] GC(575) Using 8 workers of 8 for evacuation
[2022-04-22T19:48:28.839+0800][gc,mmu       ] GC(575) MMU target violated: 21.0ms (20.0ms/21.0ms)
[2022-04-22T19:48:28.840+0800][gc,phases    ] GC(575)   Pre Evacuate Collection Set: 0.2ms
[2022-04-22T19:48:28.840+0800][gc,phases    ] GC(575)   Evacuate Collection Set: 23.8ms
[2022-04-22T19:48:28.840+0800][gc,phases    ] GC(575)   Post Evacuate Collection Set: 0.9ms
[2022-04-22T19:48:28.840+0800][gc,phases    ] GC(575)   Other: 1.2ms
[2022-04-22T19:48:28.840+0800][gc,heap      ] GC(575) Eden regions: 48->0(48)
[2022-04-22T19:48:28.840+0800][gc,heap      ] GC(575) Survivor regions: 4->5(7)
[2022-04-22T19:48:28.840+0800][gc,heap      ] GC(575) Old regions: 155->155
[2022-04-22T19:48:28.840+0800][gc,heap      ] GC(575) Archive regions: 2->2
[2022-04-22T19:48:28.840+0800][gc,heap      ] GC(575) Humongous regions: 129->129
[2022-04-22T19:48:28.840+0800][gc,metaspace ] GC(575) Metaspace: 43479K->43479K(1089536K)
[2022-04-22T19:48:28.840+0800][gc           ] GC(575) Pause Young (Normal) (G1 Evacuation Pause) 336M->288M(1024M) 26.357ms
[2022-04-22T19:48:28.840+0800][gc,cpu       ] GC(575) User=0.04s Sys=0.01s Real=0.03s
[2022-04-22T19:48:45.430+0800][gc,start     ] GC(576) Pause Young (Normal) (G1 Evacuation Pause)
[2022-04-22T19:48:45.431+0800][gc,task      ] GC(576) Using 8 workers of 8 for evacuation
[2022-04-22T19:48:45.459+0800][gc,mmu       ] GC(576) MMU target violated: 21.0ms (20.0ms/21.0ms)
[2022-04-22T19:48:45.459+0800][gc,phases    ] GC(576)   Pre Evacuate Collection Set: 0.1ms
[2022-04-22T19:48:45.459+0800][gc,phases    ] GC(576)   Evacuate Collection Set: 27.2ms
[2022-04-22T19:48:45.460+0800][gc,phases    ] GC(576)   Post Evacuate Collection Set: 0.9ms
[2022-04-22T19:48:45.460+0800][gc,phases    ] GC(576)   Other: 0.9ms
[2022-04-22T19:48:45.460+0800][gc,heap      ] GC(576) Eden regions: 46->0(47)
[2022-04-22T19:48:45.460+0800][gc,heap      ] GC(576) Survivor regions: 5->4(7)
[2022-04-22T19:48:45.460+0800][gc,heap      ] GC(576) Old regions: 155->156
[2022-04-22T19:48:45.460+0800][gc,heap      ] GC(576) Archive regions: 2->2
[2022-04-22T19:48:45.460+0800][gc,heap      ] GC(576) Humongous regions: 129->129
[2022-04-22T19:48:45.460+0800][gc,metaspace ] GC(576) Metaspace: 43479K->43479K(1089536K)
[2022-04-22T19:48:45.460+0800][gc           ] GC(576) Pause Young (Normal) (G1 Evacuation Pause) 334M->288M(1024M) 29.256ms
[2022-04-22T19:48:45.460+0800][gc,cpu       ] GC(576) User=0.05s Sys=0.01s Real=0.03s
[2022-04-22T19:49:02.525+0800][gc,start     ] GC(577) Pause Young (Normal) (G1 Evacuation Pause)
[2022-04-22T19:49:02.531+0800][gc,task      ] GC(577) Using 8 workers of 8 for evacuation
[2022-04-22T19:49:02.561+0800][gc,mmu       ] GC(577) MMU target violated: 21.0ms (20.0ms/21.0ms)
[2022-04-22T19:49:02.561+0800][gc,phases    ] GC(577)   Pre Evacuate Collection Set: 0.3ms
[2022-04-22T19:49:02.561+0800][gc,phases    ] GC(577)   Evacuate Collection Set: 22.8ms
[2022-04-22T19:49:02.561+0800][gc,phases    ] GC(577)   Post Evacuate Collection Set: 4.9ms
[2022-04-22T19:49:02.561+0800][gc,phases    ] GC(577)   Other: 7.8ms
[2022-04-22T19:49:02.561+0800][gc,heap      ] GC(577) Eden regions: 47->0(47)
[2022-04-22T19:49:02.561+0800][gc,heap      ] GC(577) Survivor regions: 4->4(7)
[2022-04-22T19:49:02.561+0800][gc,heap      ] GC(577) Old regions: 156->156
[2022-04-22T19:49:02.561+0800][gc,heap      ] GC(577) Archive regions: 2->2
[2022-04-22T19:49:02.561+0800][gc,heap      ] GC(577) Humongous regions: 129->129
[2022-04-22T19:49:02.561+0800][gc,metaspace ] GC(577) Metaspace: 43479K->43479K(1089536K)
[2022-04-22T19:49:02.561+0800][gc           ] GC(577) Pause Young (Normal) (G1 Evacuation Pause) 335M->288M(1024M) 36.001ms
[2022-04-22T19:49:02.561+0800][gc,cpu       ] GC(577) User=0.04s Sys=0.02s Real=0.04s
[2022-04-22T19:49:19.484+0800][gc,start     ] GC(578) Pause Young (Normal) (G1 Evacuation Pause)
[2022-04-22T19:49:19.484+0800][gc,task      ] GC(578) Using 8 workers of 8 for evacuation
[2022-04-22T19:49:19.510+0800][gc,mmu       ] GC(578) MMU target violated: 21.0ms (20.0ms/21.0ms)
[2022-04-22T19:49:19.511+0800][gc,phases    ] GC(578)   Pre Evacuate Collection Set: 0.3ms
[2022-04-22T19:49:19.511+0800][gc,phases    ] GC(578)   Evacuate Collection Set: 23.4ms
[2022-04-22T19:49:19.511+0800][gc,phases    ] GC(578)   Post Evacuate Collection Set: 1.5ms
[2022-04-22T19:49:19.511+0800][gc,phases    ] GC(578)   Other: 2.1ms
[2022-04-22T19:49:19.511+0800][gc,heap      ] GC(578) Eden regions: 47->0(47)
[2022-04-22T19:49:19.511+0800][gc,heap      ] GC(578) Survivor regions: 4->4(7)
[2022-04-22T19:49:19.511+0800][gc,heap      ] GC(578) Old regions: 156->156
[2022-04-22T19:49:19.511+0800][gc,heap      ] GC(578) Archive regions: 2->2
[2022-04-22T19:49:19.511+0800][gc,heap      ] GC(578) Humongous regions: 129->129
[2022-04-22T19:49:19.511+0800][gc,metaspace ] GC(578) Metaspace: 43479K->43479K(1089536K)
[2022-04-22T19:49:19.511+0800][gc           ] GC(578) Pause Young (Normal) (G1 Evacuation Pause) 335M->289M(1024M) 27.408ms
[2022-04-22T19:49:19.511+0800][gc,cpu       ] GC(578) User=0.05s Sys=0.03s Real=0.03s
[2022-04-22T19:49:36.667+0800][gc,start     ] GC(579) Pause Young (Normal) (G1 Evacuation Pause)
[2022-04-22T19:49:36.668+0800][gc,task      ] GC(579) Using 8 workers of 8 for evacuation
[2022-04-22T19:49:36.688+0800][gc,phases    ] GC(579)   Pre Evacuate Collection Set: 0.3ms
[2022-04-22T19:49:36.688+0800][gc,phases    ] GC(579)   Evacuate Collection Set: 17.5ms
[2022-04-22T19:49:36.688+0800][gc,phases    ] GC(579)   Post Evacuate Collection Set: 1.0ms
[2022-04-22T19:49:36.688+0800][gc,phases    ] GC(579)   Other: 1.6ms
[2022-04-22T19:49:36.688+0800][gc,heap      ] GC(579) Eden regions: 47->0(45)
[2022-04-22T19:49:36.688+0800][gc,heap      ] GC(579) Survivor regions: 4->6(7)
[2022-04-22T19:49:36.688+0800][gc,heap      ] GC(579) Old regions: 156->156
[2022-04-22T19:49:36.688+0800][gc,heap      ] GC(579) Archive regions: 2->2
[2022-04-22T19:49:36.688+0800][gc,heap      ] GC(579) Humongous regions: 129->129
[2022-04-22T19:49:36.688+0800][gc,metaspace ] GC(579) Metaspace: 43479K->43479K(1089536K)
[2022-04-22T19:49:36.688+0800][gc           ] GC(579) Pause Young (Normal) (G1 Evacuation Pause) 336M->291M(1024M) 20.750ms
[2022-04-22T19:49:36.688+0800][gc,cpu       ] GC(579) User=0.05s Sys=0.01s Real=0.02s
[2022-04-22T19:49:52.953+0800][gc,start     ] GC(580) Pause Young (Normal) (G1 Evacuation Pause)
[2022-04-22T19:49:52.954+0800][gc,task      ] GC(580) Using 8 workers of 8 for evacuation
[2022-04-22T19:49:53.011+0800][gc,mmu       ] GC(580) MMU target violated: 21.0ms (20.0ms/21.0ms)
[2022-04-22T19:49:53.011+0800][gc,phases    ] GC(580)   Pre Evacuate Collection Set: 0.2ms
[2022-04-22T19:49:53.011+0800][gc,phases    ] GC(580)   Evacuate Collection Set: 55.2ms
[2022-04-22T19:49:53.011+0800][gc,phases    ] GC(580)   Post Evacuate Collection Set: 0.5ms
[2022-04-22T19:49:53.011+0800][gc,phases    ] GC(580)   Other: 2.6ms
[2022-04-22T19:49:53.011+0800][gc,heap      ] GC(580) Eden regions: 45->0(47)
[2022-04-22T19:49:53.011+0800][gc,heap      ] GC(580) Survivor regions: 6->4(7)
[2022-04-22T19:49:53.011+0800][gc,heap      ] GC(580) Old regions: 156->158
[2022-04-22T19:49:53.011+0800][gc,heap      ] GC(580) Archive regions: 2->2
[2022-04-22T19:49:53.011+0800][gc,heap      ] GC(580) Humongous regions: 129->129
[2022-04-22T19:49:53.011+0800][gc,metaspace ] GC(580) Metaspace: 43479K->43479K(1089536K)
[2022-04-22T19:49:53.011+0800][gc           ] GC(580) Pause Young (Normal) (G1 Evacuation Pause) 336M->290M(1024M) 58.517ms
[2022-04-22T19:49:53.011+0800][gc,cpu       ] GC(580) User=0.05s Sys=0.03s Real=0.06s
[2022-04-22T19:50:10.004+0800][gc,start     ] GC(581) Pause Young (Normal) (G1 Evacuation Pause)
[2022-04-22T19:50:10.005+0800][gc,task      ] GC(581) Using 8 workers of 8 for evacuation
[2022-04-22T19:50:10.023+0800][gc,phases    ] GC(581)   Pre Evacuate Collection Set: 0.4ms
[2022-04-22T19:50:10.024+0800][gc,phases    ] GC(581)   Evacuate Collection Set: 16.0ms
[2022-04-22T19:50:10.024+0800][gc,phases    ] GC(581)   Post Evacuate Collection Set: 0.8ms
[2022-04-22T19:50:10.024+0800][gc,phases    ] GC(581)   Other: 2.1ms
[2022-04-22T19:50:10.024+0800][gc,heap      ] GC(581) Eden regions: 47->0(47)
[2022-04-22T19:50:10.024+0800][gc,heap      ] GC(581) Survivor regions: 4->4(7)
[2022-04-22T19:50:10.024+0800][gc,heap      ] GC(581) Old regions: 158->158
[2022-04-22T19:50:10.024+0800][gc,heap      ] GC(581) Archive regions: 2->2
[2022-04-22T19:50:10.024+0800][gc,heap      ] GC(581) Humongous regions: 129->129
[2022-04-22T19:50:10.024+0800][gc,metaspace ] GC(581) Metaspace: 43479K->43479K(1089536K)
[2022-04-22T19:50:10.024+0800][gc           ] GC(581) Pause Young (Normal) (G1 Evacuation Pause) 337M->291M(1024M) 19.435ms
[2022-04-22T19:50:10.024+0800][gc,cpu       ] GC(581) User=0.06s Sys=0.01s Real=0.02s
[2022-04-22T19:50:26.908+0800][gc,start     ] GC(582) Pause Young (Normal) (G1 Evacuation Pause)
[2022-04-22T19:50:26.909+0800][gc,task      ] GC(582) Using 8 workers of 8 for evacuation
[2022-04-22T19:50:26.927+0800][gc,phases    ] GC(582)   Pre Evacuate Collection Set: 0.2ms
[2022-04-22T19:50:26.927+0800][gc,phases    ] GC(582)   Evacuate Collection Set: 15.7ms
[2022-04-22T19:50:26.927+0800][gc,phases    ] GC(582)   Post Evacuate Collection Set: 1.0ms
[2022-04-22T19:50:26.927+0800][gc,phases    ] GC(582)   Other: 1.8ms
[2022-04-22T19:50:26.927+0800][gc,heap      ] GC(582) Eden regions: 47->0(47)
[2022-04-22T19:50:26.927+0800][gc,heap      ] GC(582) Survivor regions: 4->4(7)
[2022-04-22T19:50:26.927+0800][gc,heap      ] GC(582) Old regions: 158->158
[2022-04-22T19:50:26.927+0800][gc,heap      ] GC(582) Archive regions: 2->2
[2022-04-22T19:50:26.927+0800][gc,heap      ] GC(582) Humongous regions: 129->129
[2022-04-22T19:50:26.927+0800][gc,metaspace ] GC(582) Metaspace: 43479K->43479K(1089536K)
[2022-04-22T19:50:26.927+0800][gc           ] GC(582) Pause Young (Normal) (G1 Evacuation Pause) 338M->291M(1024M) 18.977ms
[2022-04-22T19:50:26.927+0800][gc,cpu       ] GC(582) User=0.04s Sys=0.02s Real=0.02s
[2022-04-22T19:50:43.862+0800][gc,start     ] GC(583) Pause Young (Normal) (G1 Evacuation Pause)
[2022-04-22T19:50:43.863+0800][gc,task      ] GC(583) Using 8 workers of 8 for evacuation
[2022-04-22T19:50:43.893+0800][gc,mmu       ] GC(583) MMU target violated: 21.0ms (20.0ms/21.0ms)
[2022-04-22T19:50:43.893+0800][gc,phases    ] GC(583)   Pre Evacuate Collection Set: 0.2ms
[2022-04-22T19:50:43.893+0800][gc,phases    ] GC(583)   Evacuate Collection Set: 25.0ms
[2022-04-22T19:50:43.893+0800][gc,phases    ] GC(583)   Post Evacuate Collection Set: 1.7ms
[2022-04-22T19:50:43.893+0800][gc,phases    ] GC(583)   Other: 4.2ms
[2022-04-22T19:50:43.893+0800][gc,heap      ] GC(583) Eden regions: 47->0(47)
[2022-04-22T19:50:43.893+0800][gc,heap      ] GC(583) Survivor regions: 4->4(7)
[2022-04-22T19:50:43.893+0800][gc,heap      ] GC(583) Old regions: 158->159
[2022-04-22T19:50:43.893+0800][gc,heap      ] GC(583) Archive regions: 2->2
[2022-04-22T19:50:43.893+0800][gc,heap      ] GC(583) Humongous regions: 129->129
[2022-04-22T19:50:43.893+0800][gc,metaspace ] GC(583) Metaspace: 43479K->43479K(1089536K)
[2022-04-22T19:50:43.893+0800][gc           ] GC(583) Pause Young (Normal) (G1 Evacuation Pause) 338M->291M(1024M) 31.088ms
[2022-04-22T19:50:43.893+0800][gc,cpu       ] GC(583) User=0.04s Sys=0.03s Real=0.03s
[2022-04-22T19:51:00.796+0800][gc,start     ] GC(584) Pause Young (Normal) (G1 Evacuation Pause)
[2022-04-22T19:51:00.798+0800][gc,task      ] GC(584) Using 8 workers of 8 for evacuation
[2022-04-22T19:51:00.811+0800][gc,phases    ] GC(584)   Pre Evacuate Collection Set: 0.4ms
[2022-04-22T19:51:00.811+0800][gc,phases    ] GC(584)   Evacuate Collection Set: 11.6ms
[2022-04-22T19:51:00.811+0800][gc,phases    ] GC(584)   Post Evacuate Collection Set: 0.6ms
[2022-04-22T19:51:00.811+0800][gc,phases    ] GC(584)   Other: 2.6ms
[2022-04-22T19:51:00.811+0800][gc,heap      ] GC(584) Eden regions: 47->0(47)
[2022-04-22T19:51:00.811+0800][gc,heap      ] GC(584) Survivor regions: 4->4(7)
[2022-04-22T19:51:00.811+0800][gc,heap      ] GC(584) Old regions: 159->159
[2022-04-22T19:51:00.811+0800][gc,heap      ] GC(584) Archive regions: 2->2
[2022-04-22T19:51:00.811+0800][gc,heap      ] GC(584) Humongous regions: 129->129
[2022-04-22T19:51:00.811+0800][gc,metaspace ] GC(584) Metaspace: 43479K->43479K(1089536K)
[2022-04-22T19:51:00.811+0800][gc           ] GC(584) Pause Young (Normal) (G1 Evacuation Pause) 338M->291M(1024M) 15.279ms
[2022-04-22T19:51:00.811+0800][gc,cpu       ] GC(584) User=0.04s Sys=0.00s Real=0.02s
[2022-04-22T19:51:17.811+0800][gc,start     ] GC(585) Pause Young (Normal) (G1 Evacuation Pause)
[2022-04-22T19:51:17.812+0800][gc,task      ] GC(585) Using 8 workers of 8 for evacuation
[2022-04-22T19:51:17.829+0800][gc,phases    ] GC(585)   Pre Evacuate Collection Set: 0.2ms
[2022-04-22T19:51:17.829+0800][gc,phases    ] GC(585)   Evacuate Collection Set: 15.5ms
[2022-04-22T19:51:17.829+0800][gc,phases    ] GC(585)   Post Evacuate Collection Set: 0.6ms
[2022-04-22T19:51:17.829+0800][gc,phases    ] GC(585)   Other: 1.8ms
[2022-04-22T19:51:17.829+0800][gc,heap      ] GC(585) Eden regions: 47->0(47)
[2022-04-22T19:51:17.829+0800][gc,heap      ] GC(585) Survivor regions: 4->4(7)
[2022-04-22T19:51:17.829+0800][gc,heap      ] GC(585) Old regions: 159->159
[2022-04-22T19:51:17.829+0800][gc,heap      ] GC(585) Archive regions: 2->2
[2022-04-22T19:51:17.829+0800][gc,heap      ] GC(585) Humongous regions: 129->129
[2022-04-22T19:51:17.829+0800][gc,metaspace ] GC(585) Metaspace: 43479K->43479K(1089536K)
[2022-04-22T19:51:17.829+0800][gc           ] GC(585) Pause Young (Normal) (G1 Evacuation Pause) 338M->292M(1024M) 18.380ms
[2022-04-22T19:51:17.829+0800][gc,cpu       ] GC(585) User=0.05s Sys=0.01s Real=0.01s
[2022-04-22T19:51:34.869+0800][gc,start     ] GC(586) Pause Young (Normal) (G1 Evacuation Pause)
[2022-04-22T19:51:34.870+0800][gc,task      ] GC(586) Using 8 workers of 8 for evacuation
[2022-04-22T19:51:34.890+0800][gc,mmu       ] GC(586) MMU target violated: 20.1ms (20.0ms/21.0ms)
[2022-04-22T19:51:34.890+0800][gc,phases    ] GC(586)   Pre Evacuate Collection Set: 0.2ms
[2022-04-22T19:51:34.890+0800][gc,phases    ] GC(586)   Evacuate Collection Set: 19.2ms
[2022-04-22T19:51:34.890+0800][gc,phases    ] GC(586)   Post Evacuate Collection Set: 0.5ms
[2022-04-22T19:51:34.890+0800][gc,phases    ] GC(586)   Other: 1.1ms
[2022-04-22T19:51:34.890+0800][gc,heap      ] GC(586) Eden regions: 47->0(47)
[2022-04-22T19:51:34.890+0800][gc,heap      ] GC(586) Survivor regions: 4->6(7)
[2022-04-22T19:51:34.891+0800][gc,heap      ] GC(586) Old regions: 159->159
[2022-04-22T19:51:34.891+0800][gc,heap      ] GC(586) Archive regions: 2->2
[2022-04-22T19:51:34.891+0800][gc,heap      ] GC(586) Humongous regions: 129->129
[2022-04-22T19:51:34.891+0800][gc,metaspace ] GC(586) Metaspace: 43479K->43479K(1089536K)
[2022-04-22T19:51:34.891+0800][gc           ] GC(586) Pause Young (Normal) (G1 Evacuation Pause) 339M->294M(1024M) 21.193ms
[2022-04-22T19:51:34.891+0800][gc,cpu       ] GC(586) User=0.05s Sys=0.00s Real=0.03s
[2022-04-22T19:51:51.185+0800][gc,start     ] GC(587) Pause Young (Normal) (G1 Evacuation Pause)
[2022-04-22T19:51:51.186+0800][gc,task      ] GC(587) Using 8 workers of 8 for evacuation
[2022-04-22T19:51:51.287+0800][gc,mmu       ] GC(587) MMU target violated: 21.0ms (20.0ms/21.0ms)
[2022-04-22T19:51:51.287+0800][gc,phases    ] GC(587)   Pre Evacuate Collection Set: 0.2ms
[2022-04-22T19:51:51.287+0800][gc,phases    ] GC(587)   Evacuate Collection Set: 99.3ms
[2022-04-22T19:51:51.287+0800][gc,phases    ] GC(587)   Post Evacuate Collection Set: 0.5ms
[2022-04-22T19:51:51.287+0800][gc,phases    ] GC(587)   Other: 1.8ms
[2022-04-22T19:51:51.287+0800][gc,heap      ] GC(587) Eden regions: 45->0(47)
[2022-04-22T19:51:51.287+0800][gc,heap      ] GC(587) Survivor regions: 6->4(7)
[2022-04-22T19:51:51.287+0800][gc,heap      ] GC(587) Old regions: 159->161
[2022-04-22T19:51:51.287+0800][gc,heap      ] GC(587) Archive regions: 2->2
[2022-04-22T19:51:51.287+0800][gc,heap      ] GC(587) Humongous regions: 129->129
[2022-04-22T19:51:51.287+0800][gc,metaspace ] GC(587) Metaspace: 43479K->43479K(1089536K)
[2022-04-22T19:51:51.287+0800][gc           ] GC(587) Pause Young (Normal) (G1 Evacuation Pause) 339M->294M(1024M) 101.783ms
[2022-04-22T19:51:51.287+0800][gc,cpu       ] GC(587) User=0.04s Sys=0.03s Real=0.10s
[2022-04-22T19:52:08.424+0800][gc,start     ] GC(588) Pause Young (Normal) (G1 Evacuation Pause)
[2022-04-22T19:52:08.425+0800][gc,task      ] GC(588) Using 8 workers of 8 for evacuation
[2022-04-22T19:52:08.443+0800][gc,phases    ] GC(588)   Pre Evacuate Collection Set: 0.4ms
[2022-04-22T19:52:08.443+0800][gc,phases    ] GC(588)   Evacuate Collection Set: 15.3ms
[2022-04-22T19:52:08.443+0800][gc,phases    ] GC(588)   Post Evacuate Collection Set: 1.2ms
[2022-04-22T19:52:08.443+0800][gc,phases    ] GC(588)   Other: 1.9ms
[2022-04-22T19:52:08.443+0800][gc,heap      ] GC(588) Eden regions: 47->0(47)
[2022-04-22T19:52:08.443+0800][gc,heap      ] GC(588) Survivor regions: 4->4(7)
[2022-04-22T19:52:08.443+0800][gc,heap      ] GC(588) Old regions: 161->161
[2022-04-22T19:52:08.443+0800][gc,heap      ] GC(588) Archive regions: 2->2
[2022-04-22T19:52:08.443+0800][gc,heap      ] GC(588) Humongous regions: 129->129
[2022-04-22T19:52:08.443+0800][gc,metaspace ] GC(588) Metaspace: 43479K->43479K(1089536K)
[2022-04-22T19:52:08.443+0800][gc           ] GC(588) Pause Young (Normal) (G1 Evacuation Pause) 341M->294M(1024M) 19.042ms
[2022-04-22T19:52:08.444+0800][gc,cpu       ] GC(588) User=0.03s Sys=0.02s Real=0.02s
[2022-04-22T19:52:25.435+0800][gc,start     ] GC(589) Pause Young (Normal) (G1 Evacuation Pause)
[2022-04-22T19:52:25.436+0800][gc,task      ] GC(589) Using 8 workers of 8 for evacuation
[2022-04-22T19:52:25.449+0800][gc,phases    ] GC(589)   Pre Evacuate Collection Set: 0.2ms
[2022-04-22T19:52:25.449+0800][gc,phases    ] GC(589)   Evacuate Collection Set: 11.4ms
[2022-04-22T19:52:25.449+0800][gc,phases    ] GC(589)   Post Evacuate Collection Set: 0.9ms
[2022-04-22T19:52:25.449+0800][gc,phases    ] GC(589)   Other: 1.7ms
[2022-04-22T19:52:25.449+0800][gc,heap      ] GC(589) Eden regions: 47->0(47)
[2022-04-22T19:52:25.449+0800][gc,heap      ] GC(589) Survivor regions: 4->4(7)
[2022-04-22T19:52:25.449+0800][gc,heap      ] GC(589) Old regions: 161->161
[2022-04-22T19:52:25.449+0800][gc,heap      ] GC(589) Archive regions: 2->2
[2022-04-22T19:52:25.449+0800][gc,heap      ] GC(589) Humongous regions: 129->129
[2022-04-22T19:52:25.449+0800][gc,metaspace ] GC(589) Metaspace: 43479K->43479K(1089536K)
[2022-04-22T19:52:25.449+0800][gc           ] GC(589) Pause Young (Normal) (G1 Evacuation Pause) 341M->294M(1024M) 14.481ms
[2022-04-22T19:52:25.449+0800][gc,cpu       ] GC(589) User=0.03s Sys=0.01s Real=0.01s
[2022-04-22T19:52:42.433+0800][gc,start     ] GC(590) Pause Young (Normal) (G1 Evacuation Pause)
[2022-04-22T19:52:42.434+0800][gc,task      ] GC(590) Using 8 workers of 8 for evacuation
[2022-04-22T19:52:42.478+0800][gc,mmu       ] GC(590) MMU target violated: 21.0ms (20.0ms/21.0ms)
[2022-04-22T19:52:42.478+0800][gc,phases    ] GC(590)   Pre Evacuate Collection Set: 0.3ms
[2022-04-22T19:52:42.478+0800][gc,phases    ] GC(590)   Evacuate Collection Set: 39.5ms
[2022-04-22T19:52:42.478+0800][gc,phases    ] GC(590)   Post Evacuate Collection Set: 3.2ms
[2022-04-22T19:52:42.478+0800][gc,phases    ] GC(590)   Other: 2.5ms
[2022-04-22T19:52:42.478+0800][gc,heap      ] GC(590) Eden regions: 47->0(47)
[2022-04-22T19:52:42.478+0800][gc,heap      ] GC(590) Survivor regions: 4->4(7)
[2022-04-22T19:52:42.478+0800][gc,heap      ] GC(590) Old regions: 161->162
[2022-04-22T19:52:42.478+0800][gc,heap      ] GC(590) Archive regions: 2->2
[2022-04-22T19:52:42.478+0800][gc,heap      ] GC(590) Humongous regions: 129->129
[2022-04-22T19:52:42.478+0800][gc,metaspace ] GC(590) Metaspace: 43479K->43479K(1089536K)
[2022-04-22T19:52:42.478+0800][gc           ] GC(590) Pause Young (Normal) (G1 Evacuation Pause) 341M->294M(1024M) 45.435ms
[2022-04-22T19:52:42.478+0800][gc,cpu       ] GC(590) User=0.04s Sys=0.06s Real=0.04s
[2022-04-22T19:52:59.557+0800][gc,start     ] GC(591) Pause Young (Normal) (G1 Evacuation Pause)
[2022-04-22T19:52:59.557+0800][gc,task      ] GC(591) Using 8 workers of 8 for evacuation
[2022-04-22T19:52:59.567+0800][gc,phases    ] GC(591)   Pre Evacuate Collection Set: 0.1ms
[2022-04-22T19:52:59.567+0800][gc,phases    ] GC(591)   Evacuate Collection Set: 9.5ms
[2022-04-22T19:52:59.567+0800][gc,phases    ] GC(591)   Post Evacuate Collection Set: 0.4ms
[2022-04-22T19:52:59.567+0800][gc,phases    ] GC(591)   Other: 0.6ms
[2022-04-22T19:52:59.567+0800][gc,heap      ] GC(591) Eden regions: 47->0(47)
[2022-04-22T19:52:59.567+0800][gc,heap      ] GC(591) Survivor regions: 4->4(7)
[2022-04-22T19:52:59.567+0800][gc,heap      ] GC(591) Old regions: 162->162
[2022-04-22T19:52:59.567+0800][gc,heap      ] GC(591) Archive regions: 2->2
[2022-04-22T19:52:59.567+0800][gc,heap      ] GC(591) Humongous regions: 129->129
[2022-04-22T19:52:59.567+0800][gc,metaspace ] GC(591) Metaspace: 43479K->43479K(1089536K)
[2022-04-22T19:52:59.568+0800][gc           ] GC(591) Pause Young (Normal) (G1 Evacuation Pause) 341M->294M(1024M) 10.726ms
[2022-04-22T19:52:59.568+0800][gc,cpu       ] GC(591) User=0.02s Sys=0.02s Real=0.01s
[2022-04-22T19:53:16.568+0800][gc,start     ] GC(592) Pause Young (Normal) (G1 Evacuation Pause)
[2022-04-22T19:53:16.569+0800][gc,task      ] GC(592) Using 8 workers of 8 for evacuation
[2022-04-22T19:53:16.593+0800][gc,mmu       ] GC(592) MMU target violated: 21.0ms (20.0ms/21.0ms)
[2022-04-22T19:53:16.593+0800][gc,phases    ] GC(592)   Pre Evacuate Collection Set: 0.4ms
[2022-04-22T19:53:16.594+0800][gc,phases    ] GC(592)   Evacuate Collection Set: 22.1ms
[2022-04-22T19:53:16.594+0800][gc,phases    ] GC(592)   Post Evacuate Collection Set: 0.6ms
[2022-04-22T19:53:16.594+0800][gc,phases    ] GC(592)   Other: 2.3ms
[2022-04-22T19:53:16.594+0800][gc,heap      ] GC(592) Eden regions: 47->0(47)
[2022-04-22T19:53:16.594+0800][gc,heap      ] GC(592) Survivor regions: 4->4(7)
[2022-04-22T19:53:16.594+0800][gc,heap      ] GC(592) Old regions: 162->162
[2022-04-22T19:53:16.594+0800][gc,heap      ] GC(592) Archive regions: 2->2
[2022-04-22T19:53:16.594+0800][gc,heap      ] GC(592) Humongous regions: 129->129
[2022-04-22T19:53:16.594+0800][gc,metaspace ] GC(592) Metaspace: 43479K->43479K(1089536K)
[2022-04-22T19:53:16.594+0800][gc           ] GC(592) Pause Young (Normal) (G1 Evacuation Pause) 341M->295M(1024M) 25.412ms
[2022-04-22T19:53:16.594+0800][gc,cpu       ] GC(592) User=0.04s Sys=0.01s Real=0.03s
[2022-04-22T19:53:33.595+0800][gc,start     ] GC(593) Pause Young (Normal) (G1 Evacuation Pause)
[2022-04-22T19:53:33.595+0800][gc,task      ] GC(593) Using 8 workers of 8 for evacuation
[2022-04-22T19:53:33.608+0800][gc,phases    ] GC(593)   Pre Evacuate Collection Set: 0.1ms
[2022-04-22T19:53:33.609+0800][gc,phases    ] GC(593)   Evacuate Collection Set: 12.4ms
[2022-04-22T19:53:33.609+0800][gc,phases    ] GC(593)   Post Evacuate Collection Set: 0.3ms
[2022-04-22T19:53:33.609+0800][gc,phases    ] GC(593)   Other: 0.7ms
[2022-04-22T19:53:33.609+0800][gc,heap      ] GC(593) Eden regions: 47->0(45)
[2022-04-22T19:53:33.609+0800][gc,heap      ] GC(593) Survivor regions: 4->6(7)
[2022-04-22T19:53:33.609+0800][gc,heap      ] GC(593) Old regions: 162->162
[2022-04-22T19:53:33.609+0800][gc,heap      ] GC(593) Archive regions: 2->2
[2022-04-22T19:53:33.609+0800][gc,heap      ] GC(593) Humongous regions: 129->129
[2022-04-22T19:53:33.609+0800][gc,metaspace ] GC(593) Metaspace: 43479K->43479K(1089536K)
[2022-04-22T19:53:33.609+0800][gc           ] GC(593) Pause Young (Normal) (G1 Evacuation Pause) 342M->296M(1024M) 13.630ms
[2022-04-22T19:53:33.609+0800][gc,cpu       ] GC(593) User=0.05s Sys=0.00s Real=0.01s
[2022-04-22T19:53:49.850+0800][gc,start     ] GC(594) Pause Young (Normal) (G1 Evacuation Pause)
[2022-04-22T19:53:49.851+0800][gc,task      ] GC(594) Using 8 workers of 8 for evacuation
[2022-04-22T19:53:49.900+0800][gc,mmu       ] GC(594) MMU target violated: 21.0ms (20.0ms/21.0ms)
[2022-04-22T19:53:49.901+0800][gc,phases    ] GC(594)   Pre Evacuate Collection Set: 0.2ms
[2022-04-22T19:53:49.901+0800][gc,phases    ] GC(594)   Evacuate Collection Set: 48.3ms
[2022-04-22T19:53:49.901+0800][gc,phases    ] GC(594)   Post Evacuate Collection Set: 0.7ms
[2022-04-22T19:53:49.901+0800][gc,phases    ] GC(594)   Other: 1.5ms
[2022-04-22T19:53:49.901+0800][gc,heap      ] GC(594) Eden regions: 45->0(47)
[2022-04-22T19:53:49.901+0800][gc,heap      ] GC(594) Survivor regions: 6->4(7)
[2022-04-22T19:53:49.901+0800][gc,heap      ] GC(594) Old regions: 162->164
[2022-04-22T19:53:49.901+0800][gc,heap      ] GC(594) Archive regions: 2->2
[2022-04-22T19:53:49.901+0800][gc,heap      ] GC(594) Humongous regions: 129->129
[2022-04-22T19:53:49.901+0800][gc,metaspace ] GC(594) Metaspace: 43479K->43479K(1089536K)
[2022-04-22T19:53:49.901+0800][gc           ] GC(594) Pause Young (Normal) (G1 Evacuation Pause) 341M->296M(1024M) 50.813ms
[2022-04-22T19:53:49.901+0800][gc,cpu       ] GC(594) User=0.04s Sys=0.05s Real=0.05s
[2022-04-22T19:54:06.981+0800][gc,start     ] GC(595) Pause Young (Normal) (G1 Evacuation Pause)
[2022-04-22T19:54:06.992+0800][gc,task      ] GC(595) Using 8 workers of 8 for evacuation
[2022-04-22T19:54:07.006+0800][gc,phases    ] GC(595)   Pre Evacuate Collection Set: 0.1ms
[2022-04-22T19:54:07.006+0800][gc,phases    ] GC(595)   Evacuate Collection Set: 12.0ms
[2022-04-22T19:54:07.006+0800][gc,phases    ] GC(595)   Post Evacuate Collection Set: 0.8ms
[2022-04-22T19:54:07.006+0800][gc,phases    ] GC(595)   Other: 11.7ms
[2022-04-22T19:54:07.006+0800][gc,heap      ] GC(595) Eden regions: 47->0(47)
[2022-04-22T19:54:07.006+0800][gc,heap      ] GC(595) Survivor regions: 4->4(7)
[2022-04-22T19:54:07.006+0800][gc,heap      ] GC(595) Old regions: 164->164
[2022-04-22T19:54:07.006+0800][gc,heap      ] GC(595) Archive regions: 2->2
[2022-04-22T19:54:07.006+0800][gc,heap      ] GC(595) Humongous regions: 129->129
[2022-04-22T19:54:07.006+0800][gc,metaspace ] GC(595) Metaspace: 43479K->43479K(1089536K)
[2022-04-22T19:54:07.006+0800][gc           ] GC(595) Pause Young (Normal) (G1 Evacuation Pause) 343M->297M(1024M) 24.873ms
[2022-04-22T19:54:07.006+0800][gc,cpu       ] GC(595) User=0.03s Sys=0.00s Real=0.02s
[2022-04-22T19:54:23.924+0800][gc,start     ] GC(596) Pause Young (Normal) (G1 Evacuation Pause)
[2022-04-22T19:54:23.925+0800][gc,task      ] GC(596) Using 8 workers of 8 for evacuation
[2022-04-22T19:54:23.945+0800][gc,phases    ] GC(596)   Pre Evacuate Collection Set: 0.1ms
[2022-04-22T19:54:23.945+0800][gc,phases    ] GC(596)   Evacuate Collection Set: 18.0ms
[2022-04-22T19:54:23.945+0800][gc,phases    ] GC(596)   Post Evacuate Collection Set: 1.0ms
[2022-04-22T19:54:23.945+0800][gc,phases    ] GC(596)   Other: 2.2ms
[2022-04-22T19:54:23.945+0800][gc,heap      ] GC(596) Eden regions: 47->0(47)
[2022-04-22T19:54:23.945+0800][gc,heap      ] GC(596) Survivor regions: 4->4(7)
[2022-04-22T19:54:23.945+0800][gc,heap      ] GC(596) Old regions: 164->164
[2022-04-22T19:54:23.945+0800][gc,heap      ] GC(596) Archive regions: 2->2
[2022-04-22T19:54:23.945+0800][gc,heap      ] GC(596) Humongous regions: 129->129
[2022-04-22T19:54:23.945+0800][gc,metaspace ] GC(596) Metaspace: 43479K->43479K(1089536K)
[2022-04-22T19:54:23.945+0800][gc           ] GC(596) Pause Young (Normal) (G1 Evacuation Pause) 344M->297M(1024M) 21.387ms
[2022-04-22T19:54:23.945+0800][gc,cpu       ] GC(596) User=0.04s Sys=0.01s Real=0.02s
[2022-04-22T19:54:40.857+0800][gc,start     ] GC(597) Pause Young (Normal) (G1 Evacuation Pause)
[2022-04-22T19:54:40.857+0800][gc,task      ] GC(597) Using 8 workers of 8 for evacuation
[2022-04-22T19:54:40.892+0800][gc,mmu       ] GC(597) MMU target violated: 21.0ms (20.0ms/21.0ms)
[2022-04-22T19:54:40.892+0800][gc,phases    ] GC(597)   Pre Evacuate Collection Set: 0.2ms
[2022-04-22T19:54:40.892+0800][gc,phases    ] GC(597)   Evacuate Collection Set: 32.4ms
[2022-04-22T19:54:40.892+0800][gc,phases    ] GC(597)   Post Evacuate Collection Set: 1.0ms
[2022-04-22T19:54:40.892+0800][gc,phases    ] GC(597)   Other: 1.4ms
[2022-04-22T19:54:40.892+0800][gc,heap      ] GC(597) Eden regions: 47->0(46)
[2022-04-22T19:54:40.892+0800][gc,heap      ] GC(597) Survivor regions: 4->5(7)
[2022-04-22T19:54:40.892+0800][gc,heap      ] GC(597) Old regions: 164->164
[2022-04-22T19:54:40.892+0800][gc,heap      ] GC(597) Archive regions: 2->2
[2022-04-22T19:54:40.892+0800][gc,heap      ] GC(597) Humongous regions: 129->129
[2022-04-22T19:54:40.892+0800][gc,metaspace ] GC(597) Metaspace: 43479K->43479K(1089536K)
[2022-04-22T19:54:40.892+0800][gc           ] GC(597) Pause Young (Normal) (G1 Evacuation Pause) 344M->297M(1024M) 35.121ms
[2022-04-22T19:54:40.892+0800][gc,cpu       ] GC(597) User=0.04s Sys=0.04s Real=0.04s
[2022-04-22T19:54:57.463+0800][gc,start     ] GC(598) Pause Young (Normal) (G1 Evacuation Pause)
[2022-04-22T19:54:57.464+0800][gc,task      ] GC(598) Using 8 workers of 8 for evacuation
[2022-04-22T19:54:57.494+0800][gc,mmu       ] GC(598) MMU target violated: 21.0ms (20.0ms/21.0ms)
[2022-04-22T19:54:57.494+0800][gc,phases    ] GC(598)   Pre Evacuate Collection Set: 1.7ms
[2022-04-22T19:54:57.494+0800][gc,phases    ] GC(598)   Evacuate Collection Set: 15.6ms
[2022-04-22T19:54:57.494+0800][gc,phases    ] GC(598)   Post Evacuate Collection Set: 1.6ms
[2022-04-22T19:54:57.494+0800][gc,phases    ] GC(598)   Other: 12.3ms
[2022-04-22T19:54:57.494+0800][gc,heap      ] GC(598) Eden regions: 46->0(47)
[2022-04-22T19:54:57.494+0800][gc,heap      ] GC(598) Survivor regions: 5->4(7)
[2022-04-22T19:54:57.494+0800][gc,heap      ] GC(598) Old regions: 164->165
[2022-04-22T19:54:57.494+0800][gc,heap      ] GC(598) Archive regions: 2->2
[2022-04-22T19:54:57.494+0800][gc,heap      ] GC(598) Humongous regions: 129->129
[2022-04-22T19:54:57.494+0800][gc,metaspace ] GC(598) Metaspace: 43479K->43479K(1089536K)
[2022-04-22T19:54:57.494+0800][gc           ] GC(598) Pause Young (Normal) (G1 Evacuation Pause) 343M->297M(1024M) 31.101ms
[2022-04-22T19:54:57.494+0800][gc,cpu       ] GC(598) User=0.03s Sys=0.01s Real=0.03s
[2022-04-22T19:55:14.525+0800][gc,start     ] GC(599) Pause Young (Normal) (G1 Evacuation Pause)
[2022-04-22T19:55:14.526+0800][gc,task      ] GC(599) Using 8 workers of 8 for evacuation
[2022-04-22T19:55:14.551+0800][gc,mmu       ] GC(599) MMU target violated: 21.0ms (20.0ms/21.0ms)
[2022-04-22T19:55:14.551+0800][gc,phases    ] GC(599)   Pre Evacuate Collection Set: 0.4ms
[2022-04-22T19:55:14.551+0800][gc,phases    ] GC(599)   Evacuate Collection Set: 22.6ms
[2022-04-22T19:55:14.551+0800][gc,phases    ] GC(599)   Post Evacuate Collection Set: 1.7ms
[2022-04-22T19:55:14.551+0800][gc,phases    ] GC(599)   Other: 1.8ms
[2022-04-22T19:55:14.551+0800][gc,heap      ] GC(599) Eden regions: 47->0(45)
[2022-04-22T19:55:14.551+0800][gc,heap      ] GC(599) Survivor regions: 4->6(7)
[2022-04-22T19:55:14.551+0800][gc,heap      ] GC(599) Old regions: 165->165
[2022-04-22T19:55:14.551+0800][gc,heap      ] GC(599) Archive regions: 2->2
[2022-04-22T19:55:14.551+0800][gc,heap      ] GC(599) Humongous regions: 129->129
[2022-04-22T19:55:14.551+0800][gc,metaspace ] GC(599) Metaspace: 43479K->43479K(1089536K)
[2022-04-22T19:55:14.551+0800][gc           ] GC(599) Pause Young (Normal) (G1 Evacuation Pause) 344M->299M(1024M) 26.550ms
[2022-04-22T19:55:14.552+0800][gc,cpu       ] GC(599) User=0.05s Sys=0.04s Real=0.03s
[2022-04-22T19:55:30.901+0800][gc,start     ] GC(600) Pause Young (Normal) (G1 Evacuation Pause)
[2022-04-22T19:55:30.902+0800][gc,task      ] GC(600) Using 8 workers of 8 for evacuation
[2022-04-22T19:55:30.954+0800][gc,mmu       ] GC(600) MMU target violated: 21.0ms (20.0ms/21.0ms)
[2022-04-22T19:55:30.954+0800][gc,phases    ] GC(600)   Pre Evacuate Collection Set: 0.3ms
[2022-04-22T19:55:30.954+0800][gc,phases    ] GC(600)   Evacuate Collection Set: 50.7ms
[2022-04-22T19:55:30.954+0800][gc,phases    ] GC(600)   Post Evacuate Collection Set: 0.5ms
[2022-04-22T19:55:30.954+0800][gc,phases    ] GC(600)   Other: 1.2ms
[2022-04-22T19:55:30.954+0800][gc,heap      ] GC(600) Eden regions: 45->0(47)
[2022-04-22T19:55:30.954+0800][gc,heap      ] GC(600) Survivor regions: 6->4(7)
[2022-04-22T19:55:30.954+0800][gc,heap      ] GC(600) Old regions: 165->167
[2022-04-22T19:55:30.954+0800][gc,heap      ] GC(600) Archive regions: 2->2
[2022-04-22T19:55:30.954+0800][gc,heap      ] GC(600) Humongous regions: 129->129
[2022-04-22T19:55:30.954+0800][gc,metaspace ] GC(600) Metaspace: 43479K->43479K(1089536K)
[2022-04-22T19:55:30.954+0800][gc           ] GC(600) Pause Young (Normal) (G1 Evacuation Pause) 344M->299M(1024M) 52.654ms
[2022-04-22T19:55:30.954+0800][gc,cpu       ] GC(600) User=0.04s Sys=0.04s Real=0.05s
[2022-04-22T19:55:47.865+0800][gc,start     ] GC(601) Pause Young (Normal) (G1 Evacuation Pause)
[2022-04-22T19:55:47.865+0800][gc,task      ] GC(601) Using 8 workers of 8 for evacuation
[2022-04-22T19:55:47.882+0800][gc,phases    ] GC(601)   Pre Evacuate Collection Set: 0.2ms
[2022-04-22T19:55:47.882+0800][gc,phases    ] GC(601)   Evacuate Collection Set: 14.4ms
[2022-04-22T19:55:47.882+0800][gc,phases    ] GC(601)   Post Evacuate Collection Set: 1.3ms
[2022-04-22T19:55:47.882+0800][gc,phases    ] GC(601)   Other: 1.4ms
[2022-04-22T19:55:47.882+0800][gc,heap      ] GC(601) Eden regions: 47->0(47)
[2022-04-22T19:55:47.882+0800][gc,heap      ] GC(601) Survivor regions: 4->4(7)
[2022-04-22T19:55:47.882+0800][gc,heap      ] GC(601) Old regions: 167->167
[2022-04-22T19:55:47.882+0800][gc,heap      ] GC(601) Archive regions: 2->2
[2022-04-22T19:55:47.882+0800][gc,heap      ] GC(601) Humongous regions: 129->129
[2022-04-22T19:55:47.882+0800][gc,metaspace ] GC(601) Metaspace: 43479K->43479K(1089536K)
[2022-04-22T19:55:47.882+0800][gc           ] GC(601) Pause Young (Normal) (G1 Evacuation Pause) 346M->299M(1024M) 17.660ms
[2022-04-22T19:55:47.882+0800][gc,cpu       ] GC(601) User=0.04s Sys=0.01s Real=0.02s
[2022-04-22T19:56:04.775+0800][gc,start     ] GC(602) Pause Young (Normal) (G1 Evacuation Pause)
[2022-04-22T19:56:04.777+0800][gc,task      ] GC(602) Using 8 workers of 8 for evacuation
[2022-04-22T19:56:04.790+0800][gc,phases    ] GC(602)   Pre Evacuate Collection Set: 0.2ms
[2022-04-22T19:56:04.790+0800][gc,phases    ] GC(602)   Evacuate Collection Set: 11.1ms
[2022-04-22T19:56:04.790+0800][gc,phases    ] GC(602)   Post Evacuate Collection Set: 0.7ms
[2022-04-22T19:56:04.790+0800][gc,phases    ] GC(602)   Other: 2.8ms
[2022-04-22T19:56:04.790+0800][gc,heap      ] GC(602) Eden regions: 47->0(47)
[2022-04-22T19:56:04.790+0800][gc,heap      ] GC(602) Survivor regions: 4->4(7)
[2022-04-22T19:56:04.790+0800][gc,heap      ] GC(602) Old regions: 167->167
[2022-04-22T19:56:04.790+0800][gc,heap      ] GC(602) Archive regions: 2->2
[2022-04-22T19:56:04.790+0800][gc,heap      ] GC(602) Humongous regions: 129->129
[2022-04-22T19:56:04.790+0800][gc,metaspace ] GC(602) Metaspace: 43479K->43479K(1089536K)
[2022-04-22T19:56:04.790+0800][gc           ] GC(602) Pause Young (Normal) (G1 Evacuation Pause) 346M->299M(1024M) 14.988ms
[2022-04-22T19:56:04.790+0800][gc,cpu       ] GC(602) User=0.04s Sys=0.01s Real=0.02s
[2022-04-22T19:56:21.736+0800][gc,start     ] GC(603) Pause Young (Normal) (G1 Evacuation Pause)
[2022-04-22T19:56:21.736+0800][gc,task      ] GC(603) Using 8 workers of 8 for evacuation
[2022-04-22T19:56:21.756+0800][gc,phases    ] GC(603)   Pre Evacuate Collection Set: 0.1ms
[2022-04-22T19:56:21.756+0800][gc,phases    ] GC(603)   Evacuate Collection Set: 18.8ms
[2022-04-22T19:56:21.756+0800][gc,phases    ] GC(603)   Post Evacuate Collection Set: 0.5ms
[2022-04-22T19:56:21.756+0800][gc,phases    ] GC(603)   Other: 1.0ms
[2022-04-22T19:56:21.756+0800][gc,heap      ] GC(603) Eden regions: 47->0(47)
[2022-04-22T19:56:21.756+0800][gc,heap      ] GC(603) Survivor regions: 4->4(7)
[2022-04-22T19:56:21.756+0800][gc,heap      ] GC(603) Old regions: 167->167
[2022-04-22T19:56:21.756+0800][gc,heap      ] GC(603) Archive regions: 2->2
[2022-04-22T19:56:21.756+0800][gc,heap      ] GC(603) Humongous regions: 129->129
[2022-04-22T19:56:21.756+0800][gc,metaspace ] GC(603) Metaspace: 43479K->43479K(1089536K)
[2022-04-22T19:56:21.756+0800][gc           ] GC(603) Pause Young (Normal) (G1 Evacuation Pause) 346M->300M(1024M) 20.651ms
[2022-04-22T19:56:21.756+0800][gc,cpu       ] GC(603) User=0.05s Sys=0.02s Real=0.02s
[2022-04-22T20:01:26.718+0800][gc,start     ] GC(604) Pause Young (Normal) (G1 Evacuation Pause)
[2022-04-22T20:01:26.718+0800][gc,task      ] GC(604) Using 8 workers of 8 for evacuation
[2022-04-22T20:01:26.755+0800][gc,mmu       ] GC(604) MMU target violated: 21.0ms (20.0ms/21.0ms)
[2022-04-22T20:01:26.756+0800][gc,phases    ] GC(604)   Pre Evacuate Collection Set: 0.1ms
[2022-04-22T20:01:26.756+0800][gc,phases    ] GC(604)   Evacuate Collection Set: 32.1ms
[2022-04-22T20:01:26.756+0800][gc,phases    ] GC(604)   Post Evacuate Collection Set: 3.5ms
[2022-04-22T20:01:26.756+0800][gc,phases    ] GC(604)   Other: 2.0ms
[2022-04-22T20:01:26.756+0800][gc,heap      ] GC(604) Eden regions: 47->0(44)
[2022-04-22T20:01:26.756+0800][gc,heap      ] GC(604) Survivor regions: 4->7(7)
[2022-04-22T20:01:26.756+0800][gc,heap      ] GC(604) Old regions: 167->167
[2022-04-22T20:01:26.756+0800][gc,heap      ] GC(604) Archive regions: 2->2
[2022-04-22T20:01:26.756+0800][gc,heap      ] GC(604) Humongous regions: 129->129
[2022-04-22T20:01:26.756+0800][gc,metaspace ] GC(604) Metaspace: 43479K->43479K(1089536K)
[2022-04-22T20:01:26.756+0800][gc           ] GC(604) Pause Young (Normal) (G1 Evacuation Pause) 347M->302M(1024M) 37.765ms
[2022-04-22T20:01:26.756+0800][gc,cpu       ] GC(604) User=0.05s Sys=0.05s Real=0.04s
[2022-04-22T20:06:24.496+0800][gc,start     ] GC(605) Pause Young (Normal) (G1 Evacuation Pause)
[2022-04-22T20:06:24.498+0800][gc,task      ] GC(605) Using 8 workers of 8 for evacuation
[2022-04-22T20:06:24.594+0800][gc,mmu       ] GC(605) MMU target violated: 21.0ms (20.0ms/21.0ms)
[2022-04-22T20:06:24.594+0800][gc,phases    ] GC(605)   Pre Evacuate Collection Set: 0.2ms
[2022-04-22T20:06:24.594+0800][gc,phases    ] GC(605)   Evacuate Collection Set: 90.7ms
[2022-04-22T20:06:24.594+0800][gc,phases    ] GC(605)   Post Evacuate Collection Set: 1.5ms
[2022-04-22T20:06:24.594+0800][gc,phases    ] GC(605)   Other: 6.8ms
[2022-04-22T20:06:24.594+0800][gc,heap      ] GC(605) Eden regions: 44->0(44)
[2022-04-22T20:06:24.594+0800][gc,heap      ] GC(605) Survivor regions: 7->7(7)
[2022-04-22T20:06:24.594+0800][gc,heap      ] GC(605) Old regions: 167->170
[2022-04-22T20:06:24.594+0800][gc,heap      ] GC(605) Archive regions: 2->2
[2022-04-22T20:06:24.594+0800][gc,heap      ] GC(605) Humongous regions: 129->129
[2022-04-22T20:06:24.594+0800][gc,metaspace ] GC(605) Metaspace: 43479K->43479K(1089536K)
[2022-04-22T20:06:24.594+0800][gc           ] GC(605) Pause Young (Normal) (G1 Evacuation Pause) 346M->306M(1024M) 98.399ms
[2022-04-22T20:06:24.594+0800][gc,cpu       ] GC(605) User=0.06s Sys=0.09s Real=0.10s
[2022-04-22T20:11:22.573+0800][gc,start     ] GC(606) Pause Young (Normal) (G1 Evacuation Pause)
[2022-04-22T20:11:22.575+0800][gc,task      ] GC(606) Using 8 workers of 8 for evacuation
[2022-04-22T20:11:22.647+0800][gc,mmu       ] GC(606) MMU target violated: 21.0ms (20.0ms/21.0ms)
[2022-04-22T20:11:22.647+0800][gc,phases    ] GC(606)   Pre Evacuate Collection Set: 0.3ms
[2022-04-22T20:11:22.647+0800][gc,phases    ] GC(606)   Evacuate Collection Set: 68.0ms
[2022-04-22T20:11:22.647+0800][gc,phases    ] GC(606)   Post Evacuate Collection Set: 3.1ms
[2022-04-22T20:11:22.647+0800][gc,phases    ] GC(606)   Other: 3.3ms
[2022-04-22T20:11:22.647+0800][gc,heap      ] GC(606) Eden regions: 44->0(45)
[2022-04-22T20:11:22.647+0800][gc,heap      ] GC(606) Survivor regions: 7->6(7)
[2022-04-22T20:11:22.647+0800][gc,heap      ] GC(606) Old regions: 170->176
[2022-04-22T20:11:22.647+0800][gc,heap      ] GC(606) Archive regions: 2->2
[2022-04-22T20:11:22.647+0800][gc,heap      ] GC(606) Humongous regions: 129->129
[2022-04-22T20:11:22.647+0800][gc,metaspace ] GC(606) Metaspace: 43479K->43479K(1089536K)
[2022-04-22T20:11:22.647+0800][gc           ] GC(606) Pause Young (Normal) (G1 Evacuation Pause) 350M->311M(1024M) 74.611ms
[2022-04-22T20:11:22.647+0800][gc,cpu       ] GC(606) User=0.07s Sys=0.09s Real=0.07s
[2022-04-22T20:16:28.183+0800][gc,start     ] GC(607) Pause Young (Normal) (G1 Evacuation Pause)
[2022-04-22T20:16:28.184+0800][gc,task      ] GC(607) Using 8 workers of 8 for evacuation
[2022-04-22T20:16:28.334+0800][gc,mmu       ] GC(607) MMU target violated: 21.0ms (20.0ms/21.0ms)
[2022-04-22T20:16:28.334+0800][gc,phases    ] GC(607)   Pre Evacuate Collection Set: 0.3ms
[2022-04-22T20:16:28.334+0800][gc,phases    ] GC(607)   Evacuate Collection Set: 128.1ms
[2022-04-22T20:16:28.334+0800][gc,phases    ] GC(607)   Post Evacuate Collection Set: 14.4ms
[2022-04-22T20:16:28.334+0800][gc,phases    ] GC(607)   Other: 7.7ms
[2022-04-22T20:16:28.334+0800][gc,heap      ] GC(607) Eden regions: 45->0(45)
[2022-04-22T20:16:28.334+0800][gc,heap      ] GC(607) Survivor regions: 6->6(7)
[2022-04-22T20:16:28.334+0800][gc,heap      ] GC(607) Old regions: 176->181
[2022-04-22T20:16:28.334+0800][gc,heap      ] GC(607) Archive regions: 2->2
[2022-04-22T20:16:28.334+0800][gc,heap      ] GC(607) Humongous regions: 129->129
[2022-04-22T20:16:28.334+0800][gc,metaspace ] GC(607) Metaspace: 43479K->43479K(1089536K)
[2022-04-22T20:16:28.334+0800][gc           ] GC(607) Pause Young (Normal) (G1 Evacuation Pause) 356M->315M(1024M) 150.453ms
[2022-04-22T20:16:28.334+0800][gc,cpu       ] GC(607) User=0.04s Sys=0.05s Real=0.15s
[2022-04-22T20:21:35.068+0800][gc,start     ] GC(608) Pause Young (Normal) (G1 Evacuation Pause)
[2022-04-22T20:21:35.070+0800][gc,task      ] GC(608) Using 8 workers of 8 for evacuation
[2022-04-22T20:21:35.183+0800][gc,mmu       ] GC(608) MMU target violated: 21.0ms (20.0ms/21.0ms)
[2022-04-22T20:21:35.183+0800][gc,phases    ] GC(608)   Pre Evacuate Collection Set: 0.3ms
[2022-04-22T20:21:35.183+0800][gc,phases    ] GC(608)   Evacuate Collection Set: 103.6ms
[2022-04-22T20:21:35.183+0800][gc,phases    ] GC(608)   Post Evacuate Collection Set: 5.1ms
[2022-04-22T20:21:35.183+0800][gc,phases    ] GC(608)   Other: 8.1ms
[2022-04-22T20:21:35.183+0800][gc,heap      ] GC(608) Eden regions: 45->0(45)
[2022-04-22T20:21:35.183+0800][gc,heap      ] GC(608) Survivor regions: 6->6(7)
[2022-04-22T20:21:35.183+0800][gc,heap      ] GC(608) Old regions: 181->186
[2022-04-22T20:21:35.183+0800][gc,heap      ] GC(608) Archive regions: 2->2
[2022-04-22T20:21:35.183+0800][gc,heap      ] GC(608) Humongous regions: 129->129
[2022-04-22T20:21:35.183+0800][gc,metaspace ] GC(608) Metaspace: 43479K->43479K(1089536K)
[2022-04-22T20:21:35.183+0800][gc           ] GC(608) Pause Young (Normal) (G1 Evacuation Pause) 360M->320M(1024M) 115.216ms
[2022-04-22T20:21:35.183+0800][gc,cpu       ] GC(608) User=0.05s Sys=0.07s Real=0.12s
[2022-04-22T20:24:08.235+0800][gc,start     ] GC(609) Pause Young (Normal) (G1 Evacuation Pause)
[2022-04-22T20:24:08.237+0800][gc,task      ] GC(609) Using 8 workers of 8 for evacuation
[2022-04-22T20:24:08.319+0800][gc,mmu       ] GC(609) MMU target violated: 21.0ms (20.0ms/21.0ms)
[2022-04-22T20:24:08.319+0800][gc,phases    ] GC(609)   Pre Evacuate Collection Set: 0.4ms
[2022-04-22T20:24:08.319+0800][gc,phases    ] GC(609)   Evacuate Collection Set: 79.5ms
[2022-04-22T20:24:08.319+0800][gc,phases    ] GC(609)   Post Evacuate Collection Set: 0.8ms
[2022-04-22T20:24:08.319+0800][gc,phases    ] GC(609)   Other: 3.6ms
[2022-04-22T20:24:08.319+0800][gc,heap      ] GC(609) Eden regions: 45->0(46)
[2022-04-22T20:24:08.319+0800][gc,heap      ] GC(609) Survivor regions: 6->5(7)
[2022-04-22T20:24:08.319+0800][gc,heap      ] GC(609) Old regions: 186->190
[2022-04-22T20:24:08.319+0800][gc,heap      ] GC(609) Archive regions: 2->2
[2022-04-22T20:24:08.319+0800][gc,heap      ] GC(609) Humongous regions: 129->129
[2022-04-22T20:24:08.319+0800][gc,metaspace ] GC(609) Metaspace: 43492K->43492K(1089536K)
[2022-04-22T20:24:08.319+0800][gc           ] GC(609) Pause Young (Normal) (G1 Evacuation Pause) 365M->324M(1024M) 84.254ms
[2022-04-22T20:24:08.319+0800][gc,cpu       ] GC(609) User=0.06s Sys=0.07s Real=0.08s
[2022-04-22T20:24:24.478+0800][gc,start     ] GC(610) Pause Young (Normal) (G1 Evacuation Pause)
[2022-04-22T20:24:24.478+0800][gc,task      ] GC(610) Using 8 workers of 8 for evacuation
[2022-04-22T20:24:24.515+0800][gc,mmu       ] GC(610) MMU target violated: 21.0ms (20.0ms/21.0ms)
[2022-04-22T20:24:24.515+0800][gc,phases    ] GC(610)   Pre Evacuate Collection Set: 0.2ms
[2022-04-22T20:24:24.515+0800][gc,phases    ] GC(610)   Evacuate Collection Set: 35.2ms
[2022-04-22T20:24:24.515+0800][gc,phases    ] GC(610)   Post Evacuate Collection Set: 0.5ms
[2022-04-22T20:24:24.515+0800][gc,phases    ] GC(610)   Other: 1.2ms
[2022-04-22T20:24:24.515+0800][gc,heap      ] GC(610) Eden regions: 46->0(47)
[2022-04-22T20:24:24.515+0800][gc,heap      ] GC(610) Survivor regions: 5->4(7)
[2022-04-22T20:24:24.515+0800][gc,heap      ] GC(610) Old regions: 190->195
[2022-04-22T20:24:24.515+0800][gc,heap      ] GC(610) Archive regions: 2->2
[2022-04-22T20:24:24.515+0800][gc,heap      ] GC(610) Humongous regions: 129->129
[2022-04-22T20:24:24.515+0800][gc,metaspace ] GC(610) Metaspace: 43492K->43492K(1089536K)
[2022-04-22T20:24:24.515+0800][gc           ] GC(610) Pause Young (Normal) (G1 Evacuation Pause) 370M->327M(1024M) 37.104ms
[2022-04-22T20:24:24.515+0800][gc,cpu       ] GC(610) User=0.05s Sys=0.04s Real=0.04s
[2022-04-22T20:24:41.258+0800][gc,start     ] GC(611) Pause Young (Normal) (G1 Evacuation Pause)
[2022-04-22T20:24:41.259+0800][gc,task      ] GC(611) Using 8 workers of 8 for evacuation
[2022-04-22T20:24:41.281+0800][gc,mmu       ] GC(611) MMU target violated: 21.0ms (20.0ms/21.0ms)
[2022-04-22T20:24:41.281+0800][gc,phases    ] GC(611)   Pre Evacuate Collection Set: 0.1ms
[2022-04-22T20:24:41.281+0800][gc,phases    ] GC(611)   Evacuate Collection Set: 21.8ms
[2022-04-22T20:24:41.281+0800][gc,phases    ] GC(611)   Post Evacuate Collection Set: 0.4ms
[2022-04-22T20:24:41.281+0800][gc,phases    ] GC(611)   Other: 0.8ms
[2022-04-22T20:24:41.281+0800][gc,heap      ] GC(611) Eden regions: 47->0(46)
[2022-04-22T20:24:41.281+0800][gc,heap      ] GC(611) Survivor regions: 4->5(7)
[2022-04-22T20:24:41.281+0800][gc,heap      ] GC(611) Old regions: 195->195
[2022-04-22T20:24:41.281+0800][gc,heap      ] GC(611) Archive regions: 2->2
[2022-04-22T20:24:41.282+0800][gc,heap      ] GC(611) Humongous regions: 129->129
[2022-04-22T20:24:41.282+0800][gc,metaspace ] GC(611) Metaspace: 43492K->43492K(1089536K)
[2022-04-22T20:24:41.282+0800][gc           ] GC(611) Pause Young (Normal) (G1 Evacuation Pause) 374M->328M(1024M) 23.252ms
[2022-04-22T20:24:41.282+0800][gc,cpu       ] GC(611) User=0.04s Sys=0.02s Real=0.03s
[2022-04-22T20:25:01.446+0800][gc,start     ] GC(612) Pause Young (Normal) (G1 Evacuation Pause)
[2022-04-22T20:25:01.447+0800][gc,task      ] GC(612) Using 8 workers of 8 for evacuation
[2022-04-22T20:25:01.494+0800][gc,mmu       ] GC(612) MMU target violated: 21.0ms (20.0ms/21.0ms)
[2022-04-22T20:25:01.494+0800][gc,phases    ] GC(612)   Pre Evacuate Collection Set: 0.3ms
[2022-04-22T20:25:01.494+0800][gc,phases    ] GC(612)   Evacuate Collection Set: 41.8ms
[2022-04-22T20:25:01.494+0800][gc,phases    ] GC(612)   Post Evacuate Collection Set: 0.8ms
[2022-04-22T20:25:01.494+0800][gc,phases    ] GC(612)   Other: 5.3ms
[2022-04-22T20:25:01.494+0800][gc,heap      ] GC(612) Eden regions: 46->0(48)
[2022-04-22T20:25:01.494+0800][gc,heap      ] GC(612) Survivor regions: 5->3(7)
[2022-04-22T20:25:01.494+0800][gc,heap      ] GC(612) Old regions: 195->197
[2022-04-22T20:25:01.494+0800][gc,heap      ] GC(612) Archive regions: 2->2
[2022-04-22T20:25:01.494+0800][gc,heap      ] GC(612) Humongous regions: 129->129
[2022-04-22T20:25:01.494+0800][gc,metaspace ] GC(612) Metaspace: 43492K->43492K(1089536K)
[2022-04-22T20:25:01.494+0800][gc           ] GC(612) Pause Young (Normal) (G1 Evacuation Pause) 374M->328M(1024M) 48.253ms
[2022-04-22T20:25:01.494+0800][gc,cpu       ] GC(612) User=0.04s Sys=0.03s Real=0.05s
[2022-04-22T20:25:20.346+0800][gc,start     ] GC(613) Pause Young (Normal) (G1 Evacuation Pause)
[2022-04-22T20:25:20.347+0800][gc,task      ] GC(613) Using 8 workers of 8 for evacuation
[2022-04-22T20:25:20.363+0800][gc,phases    ] GC(613)   Pre Evacuate Collection Set: 0.3ms
[2022-04-22T20:25:20.363+0800][gc,phases    ] GC(613)   Evacuate Collection Set: 13.1ms
[2022-04-22T20:25:20.363+0800][gc,phases    ] GC(613)   Post Evacuate Collection Set: 1.1ms
[2022-04-22T20:25:20.363+0800][gc,phases    ] GC(613)   Other: 1.9ms
[2022-04-22T20:25:20.363+0800][gc,heap      ] GC(613) Eden regions: 48->0(47)
[2022-04-22T20:25:20.363+0800][gc,heap      ] GC(613) Survivor regions: 3->4(7)
[2022-04-22T20:25:20.363+0800][gc,heap      ] GC(613) Old regions: 197->197
[2022-04-22T20:25:20.363+0800][gc,heap      ] GC(613) Archive regions: 2->2
[2022-04-22T20:25:20.363+0800][gc,heap      ] GC(613) Humongous regions: 129->129
[2022-04-22T20:25:20.363+0800][gc,metaspace ] GC(613) Metaspace: 43492K->43492K(1089536K)
[2022-04-22T20:25:20.363+0800][gc           ] GC(613) Pause Young (Normal) (G1 Evacuation Pause) 376M->329M(1024M) 16.642ms
[2022-04-22T20:25:20.363+0800][gc,cpu       ] GC(613) User=0.04s Sys=0.02s Real=0.02s
[2022-04-22T20:25:37.288+0800][gc,start     ] GC(614) Pause Young (Normal) (G1 Evacuation Pause)
[2022-04-22T20:25:37.289+0800][gc,task      ] GC(614) Using 8 workers of 8 for evacuation
[2022-04-22T20:25:37.302+0800][gc,phases    ] GC(614)   Pre Evacuate Collection Set: 0.2ms
[2022-04-22T20:25:37.302+0800][gc,phases    ] GC(614)   Evacuate Collection Set: 11.4ms
[2022-04-22T20:25:37.302+0800][gc,phases    ] GC(614)   Post Evacuate Collection Set: 0.7ms
[2022-04-22T20:25:37.302+0800][gc,phases    ] GC(614)   Other: 1.2ms
[2022-04-22T20:25:37.302+0800][gc,heap      ] GC(614) Eden regions: 47->0(47)
[2022-04-22T20:25:37.302+0800][gc,heap      ] GC(614) Survivor regions: 4->4(7)
[2022-04-22T20:25:37.302+0800][gc,heap      ] GC(614) Old regions: 197->197
[2022-04-22T20:25:37.302+0800][gc,heap      ] GC(614) Archive regions: 2->2
[2022-04-22T20:25:37.302+0800][gc,heap      ] GC(614) Humongous regions: 129->129
[2022-04-22T20:25:37.302+0800][gc,metaspace ] GC(614) Metaspace: 43492K->43492K(1089536K)
[2022-04-22T20:25:37.302+0800][gc           ] GC(614) Pause Young (Normal) (G1 Evacuation Pause) 376M->329M(1024M) 13.811ms
[2022-04-22T20:25:37.302+0800][gc,cpu       ] GC(614) User=0.04s Sys=0.01s Real=0.02s
[2022-04-22T20:25:54.404+0800][gc,start     ] GC(615) Pause Young (Normal) (G1 Evacuation Pause)
[2022-04-22T20:25:54.404+0800][gc,task      ] GC(615) Using 8 workers of 8 for evacuation
[2022-04-22T20:25:54.421+0800][gc,phases    ] GC(615)   Pre Evacuate Collection Set: 0.3ms
[2022-04-22T20:25:54.421+0800][gc,phases    ] GC(615)   Evacuate Collection Set: 14.8ms
[2022-04-22T20:25:54.421+0800][gc,phases    ] GC(615)   Post Evacuate Collection Set: 0.7ms
[2022-04-22T20:25:54.421+0800][gc,phases    ] GC(615)   Other: 1.2ms
[2022-04-22T20:25:54.421+0800][gc,heap      ] GC(615) Eden regions: 47->0(45)
[2022-04-22T20:25:54.421+0800][gc,heap      ] GC(615) Survivor regions: 4->6(7)
[2022-04-22T20:25:54.421+0800][gc,heap      ] GC(615) Old regions: 197->197
[2022-04-22T20:25:54.421+0800][gc,heap      ] GC(615) Archive regions: 2->2
[2022-04-22T20:25:54.421+0800][gc,heap      ] GC(615) Humongous regions: 129->129
[2022-04-22T20:25:54.421+0800][gc,metaspace ] GC(615) Metaspace: 43492K->43492K(1089536K)
[2022-04-22T20:25:54.421+0800][gc           ] GC(615) Pause Young (Normal) (G1 Evacuation Pause) 376M->331M(1024M) 17.154ms
[2022-04-22T20:25:54.421+0800][gc,cpu       ] GC(615) User=0.04s Sys=0.01s Real=0.02s
[2022-04-22T20:26:10.478+0800][gc,start     ] GC(616) Pause Young (Normal) (G1 Evacuation Pause)
[2022-04-22T20:26:10.479+0800][gc,task      ] GC(616) Using 8 workers of 8 for evacuation
[2022-04-22T20:26:10.716+0800][gc,mmu       ] GC(616) MMU target violated: 21.0ms (20.0ms/21.0ms)
[2022-04-22T20:26:10.716+0800][gc,phases    ] GC(616)   Pre Evacuate Collection Set: 0.3ms
[2022-04-22T20:26:10.716+0800][gc,phases    ] GC(616)   Evacuate Collection Set: 233.8ms
[2022-04-22T20:26:10.716+0800][gc,phases    ] GC(616)   Post Evacuate Collection Set: 2.0ms
[2022-04-22T20:26:10.716+0800][gc,phases    ] GC(616)   Other: 1.9ms
[2022-04-22T20:26:10.716+0800][gc,heap      ] GC(616) Eden regions: 45->0(47)
[2022-04-22T20:26:10.716+0800][gc,heap      ] GC(616) Survivor regions: 6->4(7)
[2022-04-22T20:26:10.716+0800][gc,heap      ] GC(616) Old regions: 197->199
[2022-04-22T20:26:10.716+0800][gc,heap      ] GC(616) Archive regions: 2->2
[2022-04-22T20:26:10.716+0800][gc,heap      ] GC(616) Humongous regions: 129->129
[2022-04-22T20:26:10.716+0800][gc,metaspace ] GC(616) Metaspace: 43492K->43492K(1089536K)
[2022-04-22T20:26:10.716+0800][gc           ] GC(616) Pause Young (Normal) (G1 Evacuation Pause) 376M->331M(1024M) 237.927ms
[2022-04-22T20:26:10.716+0800][gc,cpu       ] GC(616) User=0.03s Sys=0.03s Real=0.24s
[2022-04-22T20:26:27.440+0800][gc,start     ] GC(617) Pause Young (Normal) (G1 Evacuation Pause)
[2022-04-22T20:26:27.447+0800][gc,task      ] GC(617) Using 8 workers of 8 for evacuation
[2022-04-22T20:26:27.457+0800][gc,phases    ] GC(617)   Pre Evacuate Collection Set: 0.1ms
[2022-04-22T20:26:27.457+0800][gc,phases    ] GC(617)   Evacuate Collection Set: 8.0ms
[2022-04-22T20:26:27.457+0800][gc,phases    ] GC(617)   Post Evacuate Collection Set: 0.5ms
[2022-04-22T20:26:27.457+0800][gc,phases    ] GC(617)   Other: 7.6ms
[2022-04-22T20:26:27.457+0800][gc,heap      ] GC(617) Eden regions: 47->0(46)
[2022-04-22T20:26:27.457+0800][gc,heap      ] GC(617) Survivor regions: 4->5(7)
[2022-04-22T20:26:27.457+0800][gc,heap      ] GC(617) Old regions: 199->199
[2022-04-22T20:26:27.457+0800][gc,heap      ] GC(617) Archive regions: 2->2
[2022-04-22T20:26:27.457+0800][gc,heap      ] GC(617) Humongous regions: 129->129
[2022-04-22T20:26:27.457+0800][gc,metaspace ] GC(617) Metaspace: 43492K->43492K(1089536K)
[2022-04-22T20:26:27.457+0800][gc           ] GC(617) Pause Young (Normal) (G1 Evacuation Pause) 378M->332M(1024M) 16.513ms
[2022-04-22T20:26:27.457+0800][gc,cpu       ] GC(617) User=0.03s Sys=0.01s Real=0.01s
[2022-04-22T20:26:43.950+0800][gc,start     ] GC(618) Pause Young (Normal) (G1 Evacuation Pause)
[2022-04-22T20:26:43.951+0800][gc,task      ] GC(618) Using 8 workers of 8 for evacuation
[2022-04-22T20:26:43.967+0800][gc,phases    ] GC(618)   Pre Evacuate Collection Set: 0.2ms
[2022-04-22T20:26:43.967+0800][gc,phases    ] GC(618)   Evacuate Collection Set: 14.3ms
[2022-04-22T20:26:43.967+0800][gc,phases    ] GC(618)   Post Evacuate Collection Set: 0.7ms
[2022-04-22T20:26:43.967+0800][gc,phases    ] GC(618)   Other: 1.3ms
[2022-04-22T20:26:43.967+0800][gc,heap      ] GC(618) Eden regions: 46->0(47)
[2022-04-22T20:26:43.967+0800][gc,heap      ] GC(618) Survivor regions: 5->4(7)
[2022-04-22T20:26:43.967+0800][gc,heap      ] GC(618) Old regions: 199->199
[2022-04-22T20:26:43.967+0800][gc,heap      ] GC(618) Archive regions: 2->2
[2022-04-22T20:26:43.967+0800][gc,heap      ] GC(618) Humongous regions: 129->129
[2022-04-22T20:26:43.967+0800][gc,metaspace ] GC(618) Metaspace: 43492K->43492K(1089536K)
[2022-04-22T20:26:43.967+0800][gc           ] GC(618) Pause Young (Normal) (G1 Evacuation Pause) 378M->332M(1024M) 16.718ms
[2022-04-22T20:26:43.967+0800][gc,cpu       ] GC(618) User=0.04s Sys=0.01s Real=0.01s
[2022-04-22T20:27:01.039+0800][gc,start     ] GC(619) Pause Young (Normal) (G1 Evacuation Pause)
[2022-04-22T20:27:01.039+0800][gc,task      ] GC(619) Using 8 workers of 8 for evacuation
[2022-04-22T20:27:01.052+0800][gc,phases    ] GC(619)   Pre Evacuate Collection Set: 0.3ms
[2022-04-22T20:27:01.052+0800][gc,phases    ] GC(619)   Evacuate Collection Set: 11.3ms
[2022-04-22T20:27:01.052+0800][gc,phases    ] GC(619)   Post Evacuate Collection Set: 0.7ms
[2022-04-22T20:27:01.052+0800][gc,phases    ] GC(619)   Other: 1.3ms
[2022-04-22T20:27:01.052+0800][gc,heap      ] GC(619) Eden regions: 47->0(47)
[2022-04-22T20:27:01.052+0800][gc,heap      ] GC(619) Survivor regions: 4->4(7)
[2022-04-22T20:27:01.052+0800][gc,heap      ] GC(619) Old regions: 199->199
[2022-04-22T20:27:01.052+0800][gc,heap      ] GC(619) Archive regions: 2->2
[2022-04-22T20:27:01.052+0800][gc,heap      ] GC(619) Humongous regions: 129->129
[2022-04-22T20:27:01.052+0800][gc,metaspace ] GC(619) Metaspace: 43492K->43492K(1089536K)
[2022-04-22T20:27:01.052+0800][gc           ] GC(619) Pause Young (Normal) (G1 Evacuation Pause) 379M->332M(1024M) 13.939ms
[2022-04-22T20:27:01.053+0800][gc,cpu       ] GC(619) User=0.04s Sys=0.01s Real=0.02s
[2022-04-22T20:27:18.030+0800][gc,start     ] GC(620) Pause Young (Normal) (G1 Evacuation Pause)
[2022-04-22T20:27:18.032+0800][gc,task      ] GC(620) Using 8 workers of 8 for evacuation
[2022-04-22T20:27:18.049+0800][gc,phases    ] GC(620)   Pre Evacuate Collection Set: 0.2ms
[2022-04-22T20:27:18.049+0800][gc,phases    ] GC(620)   Evacuate Collection Set: 14.6ms
[2022-04-22T20:27:18.049+0800][gc,phases    ] GC(620)   Post Evacuate Collection Set: 1.5ms
[2022-04-22T20:27:18.049+0800][gc,phases    ] GC(620)   Other: 2.4ms
[2022-04-22T20:27:18.049+0800][gc,heap      ] GC(620) Eden regions: 47->0(47)
[2022-04-22T20:27:18.049+0800][gc,heap      ] GC(620) Survivor regions: 4->4(7)
[2022-04-22T20:27:18.049+0800][gc,heap      ] GC(620) Old regions: 199->199
[2022-04-22T20:27:18.049+0800][gc,heap      ] GC(620) Archive regions: 2->2
[2022-04-22T20:27:18.049+0800][gc,heap      ] GC(620) Humongous regions: 129->129
[2022-04-22T20:27:18.049+0800][gc,metaspace ] GC(620) Metaspace: 43492K->43492K(1089536K)
[2022-04-22T20:27:18.050+0800][gc           ] GC(620) Pause Young (Normal) (G1 Evacuation Pause) 379M->332M(1024M) 19.068ms
[2022-04-22T20:27:18.050+0800][gc,cpu       ] GC(620) User=0.04s Sys=0.02s Real=0.02s
[2022-04-22T20:27:35.143+0800][gc,start     ] GC(621) Pause Young (Normal) (G1 Evacuation Pause)
[2022-04-22T20:27:35.143+0800][gc,task      ] GC(621) Using 8 workers of 8 for evacuation
[2022-04-22T20:27:35.165+0800][gc,mmu       ] GC(621) MMU target violated: 21.0ms (20.0ms/21.0ms)
[2022-04-22T20:27:35.165+0800][gc,phases    ] GC(621)   Pre Evacuate Collection Set: 0.1ms
[2022-04-22T20:27:35.165+0800][gc,phases    ] GC(621)   Evacuate Collection Set: 20.6ms
[2022-04-22T20:27:35.165+0800][gc,phases    ] GC(621)   Post Evacuate Collection Set: 0.4ms
[2022-04-22T20:27:35.165+0800][gc,phases    ] GC(621)   Other: 1.2ms
[2022-04-22T20:27:35.165+0800][gc,heap      ] GC(621) Eden regions: 47->0(47)
[2022-04-22T20:27:35.165+0800][gc,heap      ] GC(621) Survivor regions: 4->4(7)
[2022-04-22T20:27:35.165+0800][gc,heap      ] GC(621) Old regions: 199->200
[2022-04-22T20:27:35.165+0800][gc,heap      ] GC(621) Archive regions: 2->2
[2022-04-22T20:27:35.165+0800][gc,heap      ] GC(621) Humongous regions: 129->129
[2022-04-22T20:27:35.165+0800][gc,metaspace ] GC(621) Metaspace: 43492K->43492K(1089536K)
[2022-04-22T20:27:35.165+0800][gc           ] GC(621) Pause Young (Normal) (G1 Evacuation Pause) 379M->333M(1024M) 22.404ms
[2022-04-22T20:27:35.165+0800][gc,cpu       ] GC(621) User=0.04s Sys=0.02s Real=0.02s
[2022-04-22T20:27:52.309+0800][gc,start     ] GC(622) Pause Young (Normal) (G1 Evacuation Pause)
[2022-04-22T20:27:52.311+0800][gc,task      ] GC(622) Using 8 workers of 8 for evacuation
[2022-04-22T20:27:52.352+0800][gc,mmu       ] GC(622) MMU target violated: 21.0ms (20.0ms/21.0ms)
[2022-04-22T20:27:52.352+0800][gc,phases    ] GC(622)   Pre Evacuate Collection Set: 0.2ms
[2022-04-22T20:27:52.352+0800][gc,phases    ] GC(622)   Evacuate Collection Set: 30.5ms
[2022-04-22T20:27:52.352+0800][gc,phases    ] GC(622)   Post Evacuate Collection Set: 3.9ms
[2022-04-22T20:27:52.352+0800][gc,phases    ] GC(622)   Other: 8.7ms
[2022-04-22T20:27:52.352+0800][gc,heap      ] GC(622) Eden regions: 47->0(46)
[2022-04-22T20:27:52.352+0800][gc,heap      ] GC(622) Survivor regions: 4->5(7)
[2022-04-22T20:27:52.352+0800][gc,heap      ] GC(622) Old regions: 200->201
[2022-04-22T20:27:52.352+0800][gc,heap      ] GC(622) Archive regions: 2->2
[2022-04-22T20:27:52.352+0800][gc,heap      ] GC(622) Humongous regions: 129->129
[2022-04-22T20:27:52.352+0800][gc,metaspace ] GC(622) Metaspace: 43492K->43492K(1089536K)
[2022-04-22T20:27:52.352+0800][gc           ] GC(622) Pause Young (Normal) (G1 Evacuation Pause) 380M->334M(1024M) 43.257ms
[2022-04-22T20:27:52.352+0800][gc,cpu       ] GC(622) User=0.04s Sys=0.03s Real=0.05s
[2022-04-22T20:28:09.022+0800][gc,start     ] GC(623) Pause Young (Normal) (G1 Evacuation Pause)
[2022-04-22T20:28:09.023+0800][gc,task      ] GC(623) Using 8 workers of 8 for evacuation
[2022-04-22T20:28:09.047+0800][gc,mmu       ] GC(623) MMU target violated: 21.0ms (20.0ms/21.0ms)
[2022-04-22T20:28:09.047+0800][gc,phases    ] GC(623)   Pre Evacuate Collection Set: 0.2ms
[2022-04-22T20:28:09.047+0800][gc,phases    ] GC(623)   Evacuate Collection Set: 22.7ms
[2022-04-22T20:28:09.047+0800][gc,phases    ] GC(623)   Post Evacuate Collection Set: 0.5ms
[2022-04-22T20:28:09.047+0800][gc,phases    ] GC(623)   Other: 2.0ms
[2022-04-22T20:28:09.047+0800][gc,heap      ] GC(623) Eden regions: 46->0(47)
[2022-04-22T20:28:09.047+0800][gc,heap      ] GC(623) Survivor regions: 5->4(7)
[2022-04-22T20:28:09.047+0800][gc,heap      ] GC(623) Old regions: 201->202
[2022-04-22T20:28:09.047+0800][gc,heap      ] GC(623) Archive regions: 2->2
[2022-04-22T20:28:09.047+0800][gc,heap      ] GC(623) Humongous regions: 129->129
[2022-04-22T20:28:09.047+0800][gc,metaspace ] GC(623) Metaspace: 43492K->43492K(1089536K)
[2022-04-22T20:28:09.047+0800][gc           ] GC(623) Pause Young (Normal) (G1 Evacuation Pause) 380M->335M(1024M) 25.464ms
[2022-04-22T20:28:09.047+0800][gc,cpu       ] GC(623) User=0.04s Sys=0.02s Real=0.02s
[2022-04-22T20:28:26.229+0800][gc,start     ] GC(624) Pause Young (Normal) (G1 Evacuation Pause)
[2022-04-22T20:28:26.229+0800][gc,task      ] GC(624) Using 8 workers of 8 for evacuation
[2022-04-22T20:28:26.241+0800][gc,phases    ] GC(624)   Pre Evacuate Collection Set: 0.4ms
[2022-04-22T20:28:26.241+0800][gc,phases    ] GC(624)   Evacuate Collection Set: 9.7ms
[2022-04-22T20:28:26.241+0800][gc,phases    ] GC(624)   Post Evacuate Collection Set: 0.6ms
[2022-04-22T20:28:26.241+0800][gc,phases    ] GC(624)   Other: 1.6ms
[2022-04-22T20:28:26.241+0800][gc,heap      ] GC(624) Eden regions: 47->0(47)
[2022-04-22T20:28:26.241+0800][gc,heap      ] GC(624) Survivor regions: 4->4(7)
[2022-04-22T20:28:26.241+0800][gc,heap      ] GC(624) Old regions: 202->202
[2022-04-22T20:28:26.241+0800][gc,heap      ] GC(624) Archive regions: 2->2
[2022-04-22T20:28:26.241+0800][gc,heap      ] GC(624) Humongous regions: 129->129
[2022-04-22T20:28:26.241+0800][gc,metaspace ] GC(624) Metaspace: 43492K->43492K(1089536K)
[2022-04-22T20:28:26.242+0800][gc           ] GC(624) Pause Young (Normal) (G1 Evacuation Pause) 382M->335M(1024M) 12.565ms
[2022-04-22T20:28:26.242+0800][gc,cpu       ] GC(624) User=0.04s Sys=0.01s Real=0.02s
[2022-04-22T20:28:43.104+0800][gc,start     ] GC(625) Pause Young (Normal) (G1 Evacuation Pause)
[2022-04-22T20:28:43.105+0800][gc,task      ] GC(625) Using 8 workers of 8 for evacuation
[2022-04-22T20:28:43.122+0800][gc,phases    ] GC(625)   Pre Evacuate Collection Set: 0.4ms
[2022-04-22T20:28:43.122+0800][gc,phases    ] GC(625)   Evacuate Collection Set: 15.3ms
[2022-04-22T20:28:43.122+0800][gc,phases    ] GC(625)   Post Evacuate Collection Set: 0.7ms
[2022-04-22T20:28:43.122+0800][gc,phases    ] GC(625)   Other: 1.7ms
[2022-04-22T20:28:43.122+0800][gc,heap      ] GC(625) Eden regions: 47->0(47)
[2022-04-22T20:28:43.122+0800][gc,heap      ] GC(625) Survivor regions: 4->4(7)
[2022-04-22T20:28:43.122+0800][gc,heap      ] GC(625) Old regions: 202->203
[2022-04-22T20:28:43.122+0800][gc,heap      ] GC(625) Archive regions: 2->2
[2022-04-22T20:28:43.122+0800][gc,heap      ] GC(625) Humongous regions: 129->129
[2022-04-22T20:28:43.122+0800][gc,metaspace ] GC(625) Metaspace: 43492K->43492K(1089536K)
[2022-04-22T20:28:43.122+0800][gc           ] GC(625) Pause Young (Normal) (G1 Evacuation Pause) 382M->335M(1024M) 18.400ms
[2022-04-22T20:28:43.122+0800][gc,cpu       ] GC(625) User=0.06s Sys=0.01s Real=0.02s
[2022-04-22T20:29:00.210+0800][gc,start     ] GC(626) Pause Young (Normal) (G1 Evacuation Pause)
[2022-04-22T20:29:00.211+0800][gc,task      ] GC(626) Using 8 workers of 8 for evacuation
[2022-04-22T20:29:00.226+0800][gc,phases    ] GC(626)   Pre Evacuate Collection Set: 0.3ms
[2022-04-22T20:29:00.226+0800][gc,phases    ] GC(626)   Evacuate Collection Set: 13.1ms
[2022-04-22T20:29:00.226+0800][gc,phases    ] GC(626)   Post Evacuate Collection Set: 0.5ms
[2022-04-22T20:29:00.226+0800][gc,phases    ] GC(626)   Other: 1.8ms
[2022-04-22T20:29:00.226+0800][gc,heap      ] GC(626) Eden regions: 47->0(47)
[2022-04-22T20:29:00.226+0800][gc,heap      ] GC(626) Survivor regions: 4->4(7)
[2022-04-22T20:29:00.226+0800][gc,heap      ] GC(626) Old regions: 203->203
[2022-04-22T20:29:00.226+0800][gc,heap      ] GC(626) Archive regions: 2->2
[2022-04-22T20:29:00.226+0800][gc,heap      ] GC(626) Humongous regions: 129->129
[2022-04-22T20:29:00.226+0800][gc,metaspace ] GC(626) Metaspace: 43492K->43492K(1089536K)
[2022-04-22T20:29:00.226+0800][gc           ] GC(626) Pause Young (Normal) (G1 Evacuation Pause) 382M->335M(1024M) 15.851ms
[2022-04-22T20:29:00.226+0800][gc,cpu       ] GC(626) User=0.04s Sys=0.00s Real=0.01s
[2022-04-22T20:29:17.349+0800][gc,start     ] GC(627) Pause Young (Normal) (G1 Evacuation Pause)
[2022-04-22T20:29:17.350+0800][gc,task      ] GC(627) Using 8 workers of 8 for evacuation
[2022-04-22T20:29:17.367+0800][gc,phases    ] GC(627)   Pre Evacuate Collection Set: 0.1ms
[2022-04-22T20:29:17.367+0800][gc,phases    ] GC(627)   Evacuate Collection Set: 15.9ms
[2022-04-22T20:29:17.367+0800][gc,phases    ] GC(627)   Post Evacuate Collection Set: 0.6ms
[2022-04-22T20:29:17.367+0800][gc,phases    ] GC(627)   Other: 1.2ms
[2022-04-22T20:29:17.367+0800][gc,heap      ] GC(627) Eden regions: 47->0(47)
[2022-04-22T20:29:17.367+0800][gc,heap      ] GC(627) Survivor regions: 4->4(7)
[2022-04-22T20:29:17.367+0800][gc,heap      ] GC(627) Old regions: 203->203
[2022-04-22T20:29:17.367+0800][gc,heap      ] GC(627) Archive regions: 2->2
[2022-04-22T20:29:17.367+0800][gc,heap      ] GC(627) Humongous regions: 129->129
[2022-04-22T20:29:17.367+0800][gc,metaspace ] GC(627) Metaspace: 43492K->43492K(1089536K)
[2022-04-22T20:29:17.367+0800][gc           ] GC(627) Pause Young (Normal) (G1 Evacuation Pause) 382M->336M(1024M) 18.112ms
[2022-04-22T20:29:17.368+0800][gc,cpu       ] GC(627) User=0.04s Sys=0.01s Real=0.02s
[2022-04-22T20:29:34.341+0800][gc,start     ] GC(628) Pause Young (Normal) (G1 Evacuation Pause)
[2022-04-22T20:29:34.342+0800][gc,task      ] GC(628) Using 8 workers of 8 for evacuation
[2022-04-22T20:29:34.355+0800][gc,phases    ] GC(628)   Pre Evacuate Collection Set: 0.2ms
[2022-04-22T20:29:34.355+0800][gc,phases    ] GC(628)   Evacuate Collection Set: 12.2ms
[2022-04-22T20:29:34.355+0800][gc,phases    ] GC(628)   Post Evacuate Collection Set: 0.6ms
[2022-04-22T20:29:34.355+0800][gc,phases    ] GC(628)   Other: 1.1ms
[2022-04-22T20:29:34.355+0800][gc,heap      ] GC(628) Eden regions: 47->0(49)
[2022-04-22T20:29:34.355+0800][gc,heap      ] GC(628) Survivor regions: 4->5(7)
[2022-04-22T20:29:34.355+0800][gc,heap      ] GC(628) Old regions: 203->203
[2022-04-22T20:29:34.355+0800][gc,heap      ] GC(628) Archive regions: 2->2
[2022-04-22T20:29:34.355+0800][gc,heap      ] GC(628) Humongous regions: 129->129
[2022-04-22T20:29:34.355+0800][gc,metaspace ] GC(628) Metaspace: 43492K->43492K(1089536K)
[2022-04-22T20:29:34.355+0800][gc           ] GC(628) Pause Young (Normal) (G1 Evacuation Pause) 383M->336M(1024M) 14.347ms
[2022-04-22T20:29:34.355+0800][gc,cpu       ] GC(628) User=0.05s Sys=0.00s Real=0.01s
[2022-04-22T20:29:51.613+0800][gc,start     ] GC(629) Pause Young (Normal) (G1 Evacuation Pause)
[2022-04-22T20:29:51.621+0800][gc,task      ] GC(629) Using 8 workers of 8 for evacuation
[2022-04-22T20:29:51.643+0800][gc,mmu       ] GC(629) MMU target violated: 21.0ms (20.0ms/21.0ms)
[2022-04-22T20:29:51.643+0800][gc,phases    ] GC(629)   Pre Evacuate Collection Set: 0.1ms
[2022-04-22T20:29:51.643+0800][gc,phases    ] GC(629)   Evacuate Collection Set: 20.2ms
[2022-04-22T20:29:51.643+0800][gc,phases    ] GC(629)   Post Evacuate Collection Set: 0.9ms
[2022-04-22T20:29:51.643+0800][gc,phases    ] GC(629)   Other: 9.1ms
[2022-04-22T20:29:51.643+0800][gc,heap      ] GC(629) Eden regions: 48->0(47)
[2022-04-22T20:29:51.643+0800][gc,heap      ] GC(629) Survivor regions: 5->4(7)
[2022-04-22T20:29:51.643+0800][gc,heap      ] GC(629) Old regions: 203->204
[2022-04-22T20:29:51.643+0800][gc,heap      ] GC(629) Archive regions: 2->2
[2022-04-22T20:29:51.643+0800][gc,heap      ] GC(629) Humongous regions: 129->129
[2022-04-22T20:29:51.643+0800][gc,metaspace ] GC(629) Metaspace: 43492K->43492K(1089536K)
[2022-04-22T20:29:51.643+0800][gc           ] GC(629) Pause Young (Normal) (G1 Evacuation Pause) 384M->336M(1024M) 30.550ms
[2022-04-22T20:29:51.643+0800][gc,cpu       ] GC(629) User=0.06s Sys=0.02s Real=0.03s
[2022-04-22T20:30:08.622+0800][gc,start     ] GC(630) Pause Young (Normal) (G1 Evacuation Pause)
[2022-04-22T20:30:08.623+0800][gc,task      ] GC(630) Using 8 workers of 8 for evacuation
[2022-04-22T20:30:08.642+0800][gc,phases    ] GC(630)   Pre Evacuate Collection Set: 0.3ms
[2022-04-22T20:30:08.642+0800][gc,phases    ] GC(630)   Evacuate Collection Set: 16.6ms
[2022-04-22T20:30:08.642+0800][gc,phases    ] GC(630)   Post Evacuate Collection Set: 1.2ms
[2022-04-22T20:30:08.642+0800][gc,phases    ] GC(630)   Other: 1.6ms
[2022-04-22T20:30:08.642+0800][gc,heap      ] GC(630) Eden regions: 47->0(46)
[2022-04-22T20:30:08.642+0800][gc,heap      ] GC(630) Survivor regions: 4->6(7)
[2022-04-22T20:30:08.642+0800][gc,heap      ] GC(630) Old regions: 204->204
[2022-04-22T20:30:08.642+0800][gc,heap      ] GC(630) Archive regions: 2->2
[2022-04-22T20:30:08.642+0800][gc,heap      ] GC(630) Humongous regions: 129->129
[2022-04-22T20:30:08.642+0800][gc,metaspace ] GC(630) Metaspace: 43492K->43492K(1089536K)
[2022-04-22T20:30:08.642+0800][gc           ] GC(630) Pause Young (Normal) (G1 Evacuation Pause) 383M->338M(1024M) 19.823ms
[2022-04-22T20:30:08.642+0800][gc,cpu       ] GC(630) User=0.05s Sys=0.03s Real=0.02s
[2022-04-22T20:30:24.969+0800][gc,start     ] GC(631) Pause Young (Normal) (G1 Evacuation Pause)
[2022-04-22T20:30:24.969+0800][gc,task      ] GC(631) Using 8 workers of 8 for evacuation
[2022-04-22T20:30:25.021+0800][gc,mmu       ] GC(631) MMU target violated: 21.0ms (20.0ms/21.0ms)
[2022-04-22T20:30:25.021+0800][gc,phases    ] GC(631)   Pre Evacuate Collection Set: 0.2ms
[2022-04-22T20:30:25.021+0800][gc,phases    ] GC(631)   Evacuate Collection Set: 50.2ms
[2022-04-22T20:30:25.021+0800][gc,phases    ] GC(631)   Post Evacuate Collection Set: 0.6ms
[2022-04-22T20:30:25.021+0800][gc,phases    ] GC(631)   Other: 1.3ms
[2022-04-22T20:30:25.021+0800][gc,heap      ] GC(631) Eden regions: 45->0(47)
[2022-04-22T20:30:25.021+0800][gc,heap      ] GC(631) Survivor regions: 6->4(7)
[2022-04-22T20:30:25.021+0800][gc,heap      ] GC(631) Old regions: 204->206
[2022-04-22T20:30:25.021+0800][gc,heap      ] GC(631) Archive regions: 2->2
[2022-04-22T20:30:25.021+0800][gc,heap      ] GC(631) Humongous regions: 129->129
[2022-04-22T20:30:25.021+0800][gc,metaspace ] GC(631) Metaspace: 43492K->43492K(1089536K)
[2022-04-22T20:30:25.021+0800][gc           ] GC(631) Pause Young (Normal) (G1 Evacuation Pause) 383M->338M(1024M) 52.290ms
[2022-04-22T20:30:25.021+0800][gc,cpu       ] GC(631) User=0.03s Sys=0.03s Real=0.06s
[2022-04-22T20:30:42.340+0800][gc,start     ] GC(632) Pause Young (Normal) (G1 Evacuation Pause)
[2022-04-22T20:30:42.340+0800][gc,task      ] GC(632) Using 8 workers of 8 for evacuation
[2022-04-22T20:30:42.352+0800][gc,phases    ] GC(632)   Pre Evacuate Collection Set: 0.1ms
[2022-04-22T20:30:42.352+0800][gc,phases    ] GC(632)   Evacuate Collection Set: 10.8ms
[2022-04-22T20:30:42.352+0800][gc,phases    ] GC(632)   Post Evacuate Collection Set: 0.5ms
[2022-04-22T20:30:42.353+0800][gc,phases    ] GC(632)   Other: 1.1ms
[2022-04-22T20:30:42.353+0800][gc,heap      ] GC(632) Eden regions: 47->0(47)
[2022-04-22T20:30:42.353+0800][gc,heap      ] GC(632) Survivor regions: 4->4(7)
[2022-04-22T20:30:42.353+0800][gc,heap      ] GC(632) Old regions: 206->206
[2022-04-22T20:30:42.353+0800][gc,heap      ] GC(632) Archive regions: 2->2
[2022-04-22T20:30:42.353+0800][gc,heap      ] GC(632) Humongous regions: 129->129
[2022-04-22T20:30:42.353+0800][gc,metaspace ] GC(632) Metaspace: 43492K->43492K(1089536K)
[2022-04-22T20:30:42.353+0800][gc           ] GC(632) Pause Young (Normal) (G1 Evacuation Pause) 385M->338M(1024M) 12.854ms
[2022-04-22T20:30:42.353+0800][gc,cpu       ] GC(632) User=0.04s Sys=0.00s Real=0.01s
[2022-04-22T20:30:59.360+0800][gc,start     ] GC(633) Pause Young (Normal) (G1 Evacuation Pause)
[2022-04-22T20:30:59.361+0800][gc,task      ] GC(633) Using 8 workers of 8 for evacuation
[2022-04-22T20:30:59.387+0800][gc,mmu       ] GC(633) MMU target violated: 21.0ms (20.0ms/21.0ms)
[2022-04-22T20:30:59.387+0800][gc,phases    ] GC(633)   Pre Evacuate Collection Set: 0.3ms
[2022-04-22T20:30:59.387+0800][gc,phases    ] GC(633)   Evacuate Collection Set: 23.2ms
[2022-04-22T20:30:59.387+0800][gc,phases    ] GC(633)   Post Evacuate Collection Set: 1.3ms
[2022-04-22T20:30:59.387+0800][gc,phases    ] GC(633)   Other: 2.5ms
[2022-04-22T20:30:59.387+0800][gc,heap      ] GC(633) Eden regions: 47->0(46)
[2022-04-22T20:30:59.387+0800][gc,heap      ] GC(633) Survivor regions: 4->5(7)
[2022-04-22T20:30:59.387+0800][gc,heap      ] GC(633) Old regions: 206->206
[2022-04-22T20:30:59.387+0800][gc,heap      ] GC(633) Archive regions: 2->2
[2022-04-22T20:30:59.387+0800][gc,heap      ] GC(633) Humongous regions: 129->129
[2022-04-22T20:30:59.387+0800][gc,metaspace ] GC(633) Metaspace: 43492K->43492K(1089536K)
[2022-04-22T20:30:59.387+0800][gc           ] GC(633) Pause Young (Normal) (G1 Evacuation Pause) 385M->339M(1024M) 27.484ms
[2022-04-22T20:30:59.387+0800][gc,cpu       ] GC(633) User=0.04s Sys=0.02s Real=0.02s
[2022-04-22T20:31:16.010+0800][gc,start     ] GC(634) Pause Young (Normal) (G1 Evacuation Pause)
[2022-04-22T20:31:16.011+0800][gc,task      ] GC(634) Using 8 workers of 8 for evacuation
[2022-04-22T20:31:16.030+0800][gc,phases    ] GC(634)   Pre Evacuate Collection Set: 0.3ms
[2022-04-22T20:31:16.030+0800][gc,phases    ] GC(634)   Evacuate Collection Set: 16.1ms
[2022-04-22T20:31:16.030+0800][gc,phases    ] GC(634)   Post Evacuate Collection Set: 1.6ms
[2022-04-22T20:31:16.030+0800][gc,phases    ] GC(634)   Other: 2.5ms
[2022-04-22T20:31:16.030+0800][gc,heap      ] GC(634) Eden regions: 46->0(47)
[2022-04-22T20:31:16.031+0800][gc,heap      ] GC(634) Survivor regions: 5->4(7)
[2022-04-22T20:31:16.031+0800][gc,heap      ] GC(634) Old regions: 206->206
[2022-04-22T20:31:16.031+0800][gc,heap      ] GC(634) Archive regions: 2->2
[2022-04-22T20:31:16.031+0800][gc,heap      ] GC(634) Humongous regions: 129->129
[2022-04-22T20:31:16.031+0800][gc,metaspace ] GC(634) Metaspace: 43492K->43492K(1089536K)
[2022-04-22T20:31:16.031+0800][gc           ] GC(634) Pause Young (Normal) (G1 Evacuation Pause) 385M->338M(1024M) 20.990ms
[2022-04-22T20:31:16.031+0800][gc,cpu       ] GC(634) User=0.04s Sys=0.01s Real=0.02s
[2022-04-22T20:31:32.925+0800][gc,start     ] GC(635) Pause Young (Normal) (G1 Evacuation Pause)
[2022-04-22T20:31:32.926+0800][gc,task      ] GC(635) Using 8 workers of 8 for evacuation
[2022-04-22T20:31:32.942+0800][gc,phases    ] GC(635)   Pre Evacuate Collection Set: 0.2ms
[2022-04-22T20:31:32.942+0800][gc,phases    ] GC(635)   Evacuate Collection Set: 12.6ms
[2022-04-22T20:31:32.942+0800][gc,phases    ] GC(635)   Post Evacuate Collection Set: 3.1ms
[2022-04-22T20:31:32.942+0800][gc,phases    ] GC(635)   Other: 1.4ms
[2022-04-22T20:31:32.942+0800][gc,heap      ] GC(635) Eden regions: 47->0(47)
[2022-04-22T20:31:32.942+0800][gc,heap      ] GC(635) Survivor regions: 4->4(7)
[2022-04-22T20:31:32.942+0800][gc,heap      ] GC(635) Old regions: 206->206
[2022-04-22T20:31:32.942+0800][gc,heap      ] GC(635) Archive regions: 2->2
[2022-04-22T20:31:32.942+0800][gc,heap      ] GC(635) Humongous regions: 129->129
[2022-04-22T20:31:32.942+0800][gc,metaspace ] GC(635) Metaspace: 43492K->43492K(1089536K)
[2022-04-22T20:31:32.942+0800][gc           ] GC(635) Pause Young (Normal) (G1 Evacuation Pause) 385M->339M(1024M) 17.565ms
[2022-04-22T20:31:32.943+0800][gc,cpu       ] GC(635) User=0.03s Sys=0.01s Real=0.02s
[2022-04-22T20:31:49.884+0800][gc,start     ] GC(636) Pause Young (Normal) (G1 Evacuation Pause)
[2022-04-22T20:31:49.886+0800][gc,task      ] GC(636) Using 8 workers of 8 for evacuation
[2022-04-22T20:31:49.916+0800][gc,mmu       ] GC(636) MMU target violated: 21.0ms (20.0ms/21.0ms)
[2022-04-22T20:31:49.916+0800][gc,phases    ] GC(636)   Pre Evacuate Collection Set: 0.3ms
[2022-04-22T20:31:49.916+0800][gc,phases    ] GC(636)   Evacuate Collection Set: 26.9ms
[2022-04-22T20:31:49.916+0800][gc,phases    ] GC(636)   Post Evacuate Collection Set: 1.2ms
[2022-04-22T20:31:49.916+0800][gc,phases    ] GC(636)   Other: 3.8ms
[2022-04-22T20:31:49.916+0800][gc,heap      ] GC(636) Eden regions: 47->0(47)
[2022-04-22T20:31:49.917+0800][gc,heap      ] GC(636) Survivor regions: 4->4(7)
[2022-04-22T20:31:49.917+0800][gc,heap      ] GC(636) Old regions: 206->207
[2022-04-22T20:31:49.917+0800][gc,heap      ] GC(636) Archive regions: 2->2
[2022-04-22T20:31:49.917+0800][gc,heap      ] GC(636) Humongous regions: 129->129
[2022-04-22T20:31:49.917+0800][gc,metaspace ] GC(636) Metaspace: 43492K->43492K(1089536K)
[2022-04-22T20:31:49.917+0800][gc           ] GC(636) Pause Young (Normal) (G1 Evacuation Pause) 386M->339M(1024M) 32.184ms
[2022-04-22T20:31:49.917+0800][gc,cpu       ] GC(636) User=0.04s Sys=0.03s Real=0.03s
[2022-04-22T20:32:06.801+0800][gc,start     ] GC(637) Pause Young (Normal) (G1 Evacuation Pause)
[2022-04-22T20:32:06.802+0800][gc,task      ] GC(637) Using 8 workers of 8 for evacuation
[2022-04-22T20:32:06.816+0800][gc,phases    ] GC(637)   Pre Evacuate Collection Set: 0.4ms
[2022-04-22T20:32:06.816+0800][gc,phases    ] GC(637)   Evacuate Collection Set: 12.9ms
[2022-04-22T20:32:06.816+0800][gc,phases    ] GC(637)   Post Evacuate Collection Set: 0.4ms
[2022-04-22T20:32:06.816+0800][gc,phases    ] GC(637)   Other: 1.4ms
[2022-04-22T20:32:06.816+0800][gc,heap      ] GC(637) Eden regions: 47->0(46)
[2022-04-22T20:32:06.816+0800][gc,heap      ] GC(637) Survivor regions: 4->6(7)
[2022-04-22T20:32:06.816+0800][gc,heap      ] GC(637) Old regions: 207->207
[2022-04-22T20:32:06.816+0800][gc,heap      ] GC(637) Archive regions: 2->2
[2022-04-22T20:32:06.816+0800][gc,heap      ] GC(637) Humongous regions: 129->129
[2022-04-22T20:32:06.816+0800][gc,metaspace ] GC(637) Metaspace: 43492K->43492K(1089536K)
[2022-04-22T20:32:06.817+0800][gc           ] GC(637) Pause Young (Normal) (G1 Evacuation Pause) 386M->341M(1024M) 15.226ms
[2022-04-22T20:32:06.817+0800][gc,cpu       ] GC(637) User=0.04s Sys=0.01s Real=0.01s
[2022-04-22T20:32:23.143+0800][gc,start     ] GC(638) Pause Young (Normal) (G1 Evacuation Pause)
[2022-04-22T20:32:23.144+0800][gc,task      ] GC(638) Using 8 workers of 8 for evacuation
[2022-04-22T20:32:23.190+0800][gc,mmu       ] GC(638) MMU target violated: 21.0ms (20.0ms/21.0ms)
[2022-04-22T20:32:23.190+0800][gc,phases    ] GC(638)   Pre Evacuate Collection Set: 0.3ms
[2022-04-22T20:32:23.190+0800][gc,phases    ] GC(638)   Evacuate Collection Set: 44.1ms
[2022-04-22T20:32:23.190+0800][gc,phases    ] GC(638)   Post Evacuate Collection Set: 1.2ms
[2022-04-22T20:32:23.190+0800][gc,phases    ] GC(638)   Other: 2.1ms
[2022-04-22T20:32:23.190+0800][gc,heap      ] GC(638) Eden regions: 45->0(47)
[2022-04-22T20:32:23.190+0800][gc,heap      ] GC(638) Survivor regions: 6->4(7)
[2022-04-22T20:32:23.190+0800][gc,heap      ] GC(638) Old regions: 207->209
[2022-04-22T20:32:23.190+0800][gc,heap      ] GC(638) Archive regions: 2->2
[2022-04-22T20:32:23.190+0800][gc,heap      ] GC(638) Humongous regions: 129->129
[2022-04-22T20:32:23.190+0800][gc,metaspace ] GC(638) Metaspace: 43492K->43492K(1089536K)
[2022-04-22T20:32:23.190+0800][gc           ] GC(638) Pause Young (Normal) (G1 Evacuation Pause) 386M->341M(1024M) 47.712ms
[2022-04-22T20:32:23.190+0800][gc,cpu       ] GC(638) User=0.05s Sys=0.03s Real=0.05s
[2022-04-22T20:32:40.197+0800][gc,start     ] GC(639) Pause Young (Normal) (G1 Evacuation Pause)
[2022-04-22T20:32:40.197+0800][gc,task      ] GC(639) Using 8 workers of 8 for evacuation
[2022-04-22T20:32:40.212+0800][gc,phases    ] GC(639)   Pre Evacuate Collection Set: 0.3ms
[2022-04-22T20:32:40.212+0800][gc,phases    ] GC(639)   Evacuate Collection Set: 13.3ms
[2022-04-22T20:32:40.212+0800][gc,phases    ] GC(639)   Post Evacuate Collection Set: 0.4ms
[2022-04-22T20:32:40.212+0800][gc,phases    ] GC(639)   Other: 1.1ms
[2022-04-22T20:32:40.212+0800][gc,heap      ] GC(639) Eden regions: 47->0(47)
[2022-04-22T20:32:40.212+0800][gc,heap      ] GC(639) Survivor regions: 4->4(7)
[2022-04-22T20:32:40.212+0800][gc,heap      ] GC(639) Old regions: 209->209
[2022-04-22T20:32:40.212+0800][gc,heap      ] GC(639) Archive regions: 2->2
[2022-04-22T20:32:40.212+0800][gc,heap      ] GC(639) Humongous regions: 129->129
[2022-04-22T20:32:40.212+0800][gc,metaspace ] GC(639) Metaspace: 43492K->43492K(1089536K)
[2022-04-22T20:32:40.212+0800][gc           ] GC(639) Pause Young (Normal) (G1 Evacuation Pause) 388M->341M(1024M) 15.249ms
[2022-04-22T20:32:40.212+0800][gc,cpu       ] GC(639) User=0.03s Sys=0.01s Real=0.02s
[2022-04-22T20:32:57.233+0800][gc,start     ] GC(640) Pause Young (Normal) (G1 Evacuation Pause)
[2022-04-22T20:32:57.234+0800][gc,task      ] GC(640) Using 8 workers of 8 for evacuation
[2022-04-22T20:32:57.263+0800][gc,mmu       ] GC(640) MMU target violated: 21.0ms (20.0ms/21.0ms)
[2022-04-22T20:32:57.263+0800][gc,phases    ] GC(640)   Pre Evacuate Collection Set: 0.4ms
[2022-04-22T20:32:57.263+0800][gc,phases    ] GC(640)   Evacuate Collection Set: 24.5ms
[2022-04-22T20:32:57.263+0800][gc,phases    ] GC(640)   Post Evacuate Collection Set: 2.4ms
[2022-04-22T20:32:57.263+0800][gc,phases    ] GC(640)   Other: 3.3ms
[2022-04-22T20:32:57.263+0800][gc,heap      ] GC(640) Eden regions: 47->0(47)
[2022-04-22T20:32:57.263+0800][gc,heap      ] GC(640) Survivor regions: 4->4(7)
[2022-04-22T20:32:57.263+0800][gc,heap      ] GC(640) Old regions: 209->209
[2022-04-22T20:32:57.263+0800][gc,heap      ] GC(640) Archive regions: 2->2
[2022-04-22T20:32:57.263+0800][gc,heap      ] GC(640) Humongous regions: 129->129
[2022-04-22T20:32:57.263+0800][gc,metaspace ] GC(640) Metaspace: 43492K->43492K(1089536K)
[2022-04-22T20:32:57.263+0800][gc           ] GC(640) Pause Young (Normal) (G1 Evacuation Pause) 388M->341M(1024M) 30.544ms
[2022-04-22T20:32:57.263+0800][gc,cpu       ] GC(640) User=0.04s Sys=0.01s Real=0.03s
[2022-04-22T20:33:14.317+0800][gc,start     ] GC(641) Pause Young (Normal) (G1 Evacuation Pause)
[2022-04-22T20:33:14.318+0800][gc,task      ] GC(641) Using 8 workers of 8 for evacuation
[2022-04-22T20:33:14.334+0800][gc,phases    ] GC(641)   Pre Evacuate Collection Set: 0.4ms
[2022-04-22T20:33:14.334+0800][gc,phases    ] GC(641)   Evacuate Collection Set: 14.1ms
[2022-04-22T20:33:14.334+0800][gc,phases    ] GC(641)   Post Evacuate Collection Set: 0.5ms
[2022-04-22T20:33:14.334+0800][gc,phases    ] GC(641)   Other: 1.5ms
[2022-04-22T20:33:14.334+0800][gc,heap      ] GC(641) Eden regions: 47->0(46)
[2022-04-22T20:33:14.334+0800][gc,heap      ] GC(641) Survivor regions: 4->5(7)
[2022-04-22T20:33:14.334+0800][gc,heap      ] GC(641) Old regions: 209->209
[2022-04-22T20:33:14.334+0800][gc,heap      ] GC(641) Archive regions: 2->2
[2022-04-22T20:33:14.334+0800][gc,heap      ] GC(641) Humongous regions: 129->129
[2022-04-22T20:33:14.334+0800][gc,metaspace ] GC(641) Metaspace: 43492K->43492K(1089536K)
[2022-04-22T20:33:14.334+0800][gc           ] GC(641) Pause Young (Normal) (G1 Evacuation Pause) 388M->341M(1024M) 16.666ms
[2022-04-22T20:33:14.334+0800][gc,cpu       ] GC(641) User=0.04s Sys=0.00s Real=0.02s
[2022-04-22T20:33:31.011+0800][gc,start     ] GC(642) Pause Young (Normal) (G1 Evacuation Pause)
[2022-04-22T20:33:31.011+0800][gc,task      ] GC(642) Using 8 workers of 8 for evacuation
[2022-04-22T20:33:31.039+0800][gc,mmu       ] GC(642) MMU target violated: 21.0ms (20.0ms/21.0ms)
[2022-04-22T20:33:31.039+0800][gc,phases    ] GC(642)   Pre Evacuate Collection Set: 0.4ms
[2022-04-22T20:33:31.039+0800][gc,phases    ] GC(642)   Evacuate Collection Set: 25.0ms
[2022-04-22T20:33:31.039+0800][gc,phases    ] GC(642)   Post Evacuate Collection Set: 1.2ms
[2022-04-22T20:33:31.039+0800][gc,phases    ] GC(642)   Other: 1.5ms
[2022-04-22T20:33:31.039+0800][gc,heap      ] GC(642) Eden regions: 46->0(47)
[2022-04-22T20:33:31.039+0800][gc,heap      ] GC(642) Survivor regions: 5->4(7)
[2022-04-22T20:33:31.039+0800][gc,heap      ] GC(642) Old regions: 209->209
[2022-04-22T20:33:31.039+0800][gc,heap      ] GC(642) Archive regions: 2->2
[2022-04-22T20:33:31.039+0800][gc,heap      ] GC(642) Humongous regions: 129->129
[2022-04-22T20:33:31.039+0800][gc,metaspace ] GC(642) Metaspace: 43492K->43492K(1089536K)
[2022-04-22T20:33:31.039+0800][gc           ] GC(642) Pause Young (Normal) (G1 Evacuation Pause) 387M->342M(1024M) 28.204ms
[2022-04-22T20:33:31.039+0800][gc,cpu       ] GC(642) User=0.04s Sys=0.01s Real=0.02s
[2022-04-22T20:33:48.091+0800][gc,start     ] GC(643) Pause Young (Normal) (G1 Evacuation Pause)
[2022-04-22T20:33:48.093+0800][gc,task      ] GC(643) Using 8 workers of 8 for evacuation
[2022-04-22T20:33:48.121+0800][gc,mmu       ] GC(643) MMU target violated: 21.0ms (20.0ms/21.0ms)
[2022-04-22T20:33:48.121+0800][gc,phases    ] GC(643)   Pre Evacuate Collection Set: 0.2ms
[2022-04-22T20:33:48.121+0800][gc,phases    ] GC(643)   Evacuate Collection Set: 26.1ms
[2022-04-22T20:33:48.121+0800][gc,phases    ] GC(643)   Post Evacuate Collection Set: 1.0ms
[2022-04-22T20:33:48.121+0800][gc,phases    ] GC(643)   Other: 2.8ms
[2022-04-22T20:33:48.121+0800][gc,heap      ] GC(643) Eden regions: 47->0(45)
[2022-04-22T20:33:48.121+0800][gc,heap      ] GC(643) Survivor regions: 4->6(7)
[2022-04-22T20:33:48.121+0800][gc,heap      ] GC(643) Old regions: 209->209
[2022-04-22T20:33:48.121+0800][gc,heap      ] GC(643) Archive regions: 2->2
[2022-04-22T20:33:48.121+0800][gc,heap      ] GC(643) Humongous regions: 129->129
[2022-04-22T20:33:48.122+0800][gc,metaspace ] GC(643) Metaspace: 43493K->43493K(1089536K)
[2022-04-22T20:33:48.122+0800][gc           ] GC(643) Pause Young (Normal) (G1 Evacuation Pause) 389M->343M(1024M) 30.178ms
[2022-04-22T20:33:48.122+0800][gc,cpu       ] GC(643) User=0.04s Sys=0.03s Real=0.03s
[2022-04-22T20:34:04.146+0800][gc,start     ] GC(644) Pause Young (Normal) (G1 Evacuation Pause)
[2022-04-22T20:34:04.148+0800][gc,task      ] GC(644) Using 8 workers of 8 for evacuation
[2022-04-22T20:34:04.259+0800][gc,mmu       ] GC(644) MMU target violated: 21.0ms (20.0ms/21.0ms)
[2022-04-22T20:34:04.261+0800][gc,phases    ] GC(644)   Pre Evacuate Collection Set: 0.2ms
[2022-04-22T20:34:04.261+0800][gc,phases    ] GC(644)   Evacuate Collection Set: 109.0ms
[2022-04-22T20:34:04.261+0800][gc,phases    ] GC(644)   Post Evacuate Collection Set: 0.6ms
[2022-04-22T20:34:04.261+0800][gc,phases    ] GC(644)   Other: 4.8ms
[2022-04-22T20:34:04.261+0800][gc,heap      ] GC(644) Eden regions: 45->0(47)
[2022-04-22T20:34:04.261+0800][gc,heap      ] GC(644) Survivor regions: 6->4(7)
[2022-04-22T20:34:04.261+0800][gc,heap      ] GC(644) Old regions: 209->211
[2022-04-22T20:34:04.261+0800][gc,heap      ] GC(644) Archive regions: 2->2
[2022-04-22T20:34:04.261+0800][gc,heap      ] GC(644) Humongous regions: 129->129
[2022-04-22T20:34:04.261+0800][gc,metaspace ] GC(644) Metaspace: 43493K->43493K(1089536K)
[2022-04-22T20:34:04.261+0800][gc           ] GC(644) Pause Young (Normal) (G1 Evacuation Pause) 388M->343M(1024M) 114.598ms
[2022-04-22T20:34:04.261+0800][gc,cpu       ] GC(644) User=0.03s Sys=0.03s Real=0.12s
[2022-04-22T20:34:21.076+0800][gc,start     ] GC(645) Pause Young (Normal) (G1 Evacuation Pause)
[2022-04-22T20:34:21.091+0800][gc,task      ] GC(645) Using 8 workers of 8 for evacuation
[2022-04-22T20:34:21.110+0800][gc,phases    ] GC(645)   Pre Evacuate Collection Set: 0.3ms
[2022-04-22T20:34:21.110+0800][gc,phases    ] GC(645)   Evacuate Collection Set: 17.4ms
[2022-04-22T20:34:21.110+0800][gc,phases    ] GC(645)   Post Evacuate Collection Set: 0.5ms
[2022-04-22T20:34:21.110+0800][gc,phases    ] GC(645)   Other: 15.6ms
[2022-04-22T20:34:21.110+0800][gc,heap      ] GC(645) Eden regions: 47->0(47)
[2022-04-22T20:34:21.110+0800][gc,heap      ] GC(645) Survivor regions: 4->4(7)
[2022-04-22T20:34:21.110+0800][gc,heap      ] GC(645) Old regions: 211->211
[2022-04-22T20:34:21.110+0800][gc,heap      ] GC(645) Archive regions: 2->2
[2022-04-22T20:34:21.110+0800][gc,heap      ] GC(645) Humongous regions: 129->129
[2022-04-22T20:34:21.110+0800][gc,metaspace ] GC(645) Metaspace: 43493K->43493K(1089536K)
[2022-04-22T20:34:21.110+0800][gc           ] GC(645) Pause Young (Normal) (G1 Evacuation Pause) 390M->344M(1024M) 33.863ms
[2022-04-22T20:34:21.110+0800][gc,cpu       ] GC(645) User=0.06s Sys=0.01s Real=0.04s
[2022-04-22T20:34:37.925+0800][gc,start     ] GC(646) Pause Young (Normal) (G1 Evacuation Pause)
[2022-04-22T20:34:37.925+0800][gc,task      ] GC(646) Using 8 workers of 8 for evacuation
[2022-04-22T20:34:37.953+0800][gc,mmu       ] GC(646) MMU target violated: 21.0ms (20.0ms/21.0ms)
[2022-04-22T20:34:37.953+0800][gc,phases    ] GC(646)   Pre Evacuate Collection Set: 0.3ms
[2022-04-22T20:34:37.953+0800][gc,phases    ] GC(646)   Evacuate Collection Set: 25.2ms
[2022-04-22T20:34:37.953+0800][gc,phases    ] GC(646)   Post Evacuate Collection Set: 0.9ms
[2022-04-22T20:34:37.953+0800][gc,phases    ] GC(646)   Other: 1.6ms
[2022-04-22T20:34:37.953+0800][gc,heap      ] GC(646) Eden regions: 47->0(47)
[2022-04-22T20:34:37.953+0800][gc,heap      ] GC(646) Survivor regions: 4->4(7)
[2022-04-22T20:34:37.953+0800][gc,heap      ] GC(646) Old regions: 211->211
[2022-04-22T20:34:37.953+0800][gc,heap      ] GC(646) Archive regions: 2->2
[2022-04-22T20:34:37.953+0800][gc,heap      ] GC(646) Humongous regions: 129->129
[2022-04-22T20:34:37.953+0800][gc,metaspace ] GC(646) Metaspace: 43496K->43496K(1089536K)
[2022-04-22T20:34:37.953+0800][gc           ] GC(646) Pause Young (Normal) (G1 Evacuation Pause) 391M->344M(1024M) 28.125ms
[2022-04-22T20:34:37.953+0800][gc,cpu       ] GC(646) User=0.04s Sys=0.01s Real=0.03s
[2022-04-22T20:34:54.784+0800][gc,start     ] GC(647) Pause Young (Normal) (G1 Evacuation Pause)
[2022-04-22T20:34:54.794+0800][gc,task      ] GC(647) Using 8 workers of 8 for evacuation
[2022-04-22T20:34:54.827+0800][gc,mmu       ] GC(647) MMU target violated: 21.0ms (20.0ms/21.0ms)
[2022-04-22T20:34:54.827+0800][gc,phases    ] GC(647)   Pre Evacuate Collection Set: 0.2ms
[2022-04-22T20:34:54.827+0800][gc,phases    ] GC(647)   Evacuate Collection Set: 29.2ms
[2022-04-22T20:34:54.827+0800][gc,phases    ] GC(647)   Post Evacuate Collection Set: 3.0ms
[2022-04-22T20:34:54.827+0800][gc,phases    ] GC(647)   Other: 10.3ms
[2022-04-22T20:34:54.827+0800][gc,heap      ] GC(647) Eden regions: 47->0(47)
[2022-04-22T20:34:54.827+0800][gc,heap      ] GC(647) Survivor regions: 4->4(7)
[2022-04-22T20:34:54.827+0800][gc,heap      ] GC(647) Old regions: 211->212
[2022-04-22T20:34:54.827+0800][gc,heap      ] GC(647) Archive regions: 2->2
[2022-04-22T20:34:54.827+0800][gc,heap      ] GC(647) Humongous regions: 129->129
[2022-04-22T20:34:54.827+0800][gc,metaspace ] GC(647) Metaspace: 43496K->43496K(1089536K)
[2022-04-22T20:34:54.827+0800][gc           ] GC(647) Pause Young (Normal) (G1 Evacuation Pause) 391M->344M(1024M) 42.810ms
[2022-04-22T20:34:54.827+0800][gc,cpu       ] GC(647) User=0.05s Sys=0.03s Real=0.04s
[2022-04-22T20:35:11.725+0800][gc,start     ] GC(648) Pause Young (Normal) (G1 Evacuation Pause)
[2022-04-22T20:35:11.740+0800][gc,task      ] GC(648) Using 8 workers of 8 for evacuation
[2022-04-22T20:35:11.757+0800][gc,phases    ] GC(648)   Pre Evacuate Collection Set: 0.3ms
[2022-04-22T20:35:11.759+0800][gc,phases    ] GC(648)   Evacuate Collection Set: 15.5ms
[2022-04-22T20:35:11.759+0800][gc,phases    ] GC(648)   Post Evacuate Collection Set: 0.4ms
[2022-04-22T20:35:11.759+0800][gc,phases    ] GC(648)   Other: 16.2ms
[2022-04-22T20:35:11.759+0800][gc,heap      ] GC(648) Eden regions: 47->0(47)
[2022-04-22T20:35:11.759+0800][gc,heap      ] GC(648) Survivor regions: 4->4(7)
[2022-04-22T20:35:11.759+0800][gc,heap      ] GC(648) Old regions: 212->212
[2022-04-22T20:35:11.759+0800][gc,heap      ] GC(648) Archive regions: 2->2
[2022-04-22T20:35:11.759+0800][gc,heap      ] GC(648) Humongous regions: 129->129
[2022-04-22T20:35:11.759+0800][gc,metaspace ] GC(648) Metaspace: 43496K->43496K(1089536K)
[2022-04-22T20:35:11.759+0800][gc           ] GC(648) Pause Young (Normal) (G1 Evacuation Pause) 391M->344M(1024M) 34.160ms
[2022-04-22T20:35:11.759+0800][gc,cpu       ] GC(648) User=0.04s Sys=0.00s Real=0.03s
[2022-04-22T20:35:28.662+0800][gc,start     ] GC(649) Pause Young (Normal) (G1 Evacuation Pause)
[2022-04-22T20:35:28.663+0800][gc,task      ] GC(649) Using 8 workers of 8 for evacuation
[2022-04-22T20:35:28.681+0800][gc,phases    ] GC(649)   Pre Evacuate Collection Set: 0.2ms
[2022-04-22T20:35:28.682+0800][gc,phases    ] GC(649)   Evacuate Collection Set: 16.6ms
[2022-04-22T20:35:28.682+0800][gc,phases    ] GC(649)   Post Evacuate Collection Set: 0.7ms
[2022-04-22T20:35:28.682+0800][gc,phases    ] GC(649)   Other: 2.4ms
[2022-04-22T20:35:28.682+0800][gc,heap      ] GC(649) Eden regions: 47->0(47)
[2022-04-22T20:35:28.682+0800][gc,heap      ] GC(649) Survivor regions: 4->4(7)
[2022-04-22T20:35:28.682+0800][gc,heap      ] GC(649) Old regions: 212->212
[2022-04-22T20:35:28.682+0800][gc,heap      ] GC(649) Archive regions: 2->2
[2022-04-22T20:35:28.682+0800][gc,heap      ] GC(649) Humongous regions: 129->129
[2022-04-22T20:35:28.682+0800][gc,metaspace ] GC(649) Metaspace: 43496K->43496K(1089536K)
[2022-04-22T20:35:28.682+0800][gc           ] GC(649) Pause Young (Normal) (G1 Evacuation Pause) 391M->345M(1024M) 20.170ms
[2022-04-22T20:35:28.682+0800][gc,cpu       ] GC(649) User=0.04s Sys=0.01s Real=0.02s
[2022-04-22T20:35:45.711+0800][gc,start     ] GC(650) Pause Young (Normal) (G1 Evacuation Pause)
[2022-04-22T20:35:45.711+0800][gc,task      ] GC(650) Using 8 workers of 8 for evacuation
[2022-04-22T20:35:45.737+0800][gc,mmu       ] GC(650) MMU target violated: 21.0ms (20.0ms/21.0ms)
[2022-04-22T20:35:45.737+0800][gc,phases    ] GC(650)   Pre Evacuate Collection Set: 0.2ms
[2022-04-22T20:35:45.737+0800][gc,phases    ] GC(650)   Evacuate Collection Set: 23.7ms
[2022-04-22T20:35:45.738+0800][gc,phases    ] GC(650)   Post Evacuate Collection Set: 1.6ms
[2022-04-22T20:35:45.738+0800][gc,phases    ] GC(650)   Other: 1.5ms
[2022-04-22T20:35:45.738+0800][gc,heap      ] GC(650) Eden regions: 47->0(45)
[2022-04-22T20:35:45.738+0800][gc,heap      ] GC(650) Survivor regions: 4->6(7)
[2022-04-22T20:35:45.738+0800][gc,heap      ] GC(650) Old regions: 212->212
[2022-04-22T20:35:45.738+0800][gc,heap      ] GC(650) Archive regions: 2->2
[2022-04-22T20:35:45.738+0800][gc,heap      ] GC(650) Humongous regions: 129->129
[2022-04-22T20:35:45.738+0800][gc,metaspace ] GC(650) Metaspace: 43496K->43496K(1089536K)
[2022-04-22T20:35:45.738+0800][gc           ] GC(650) Pause Young (Normal) (G1 Evacuation Pause) 392M->346M(1024M) 27.166ms
[2022-04-22T20:35:45.738+0800][gc,cpu       ] GC(650) User=0.04s Sys=0.02s Real=0.02s
[2022-04-22T20:36:01.850+0800][gc,start     ] GC(651) Pause Young (Normal) (G1 Evacuation Pause)
[2022-04-22T20:36:01.851+0800][gc,task      ] GC(651) Using 8 workers of 8 for evacuation
[2022-04-22T20:36:01.896+0800][gc,mmu       ] GC(651) MMU target violated: 21.0ms (20.0ms/21.0ms)
[2022-04-22T20:36:01.896+0800][gc,phases    ] GC(651)   Pre Evacuate Collection Set: 0.2ms
[2022-04-22T20:36:01.896+0800][gc,phases    ] GC(651)   Evacuate Collection Set: 44.1ms
[2022-04-22T20:36:01.896+0800][gc,phases    ] GC(651)   Post Evacuate Collection Set: 0.7ms
[2022-04-22T20:36:01.896+0800][gc,phases    ] GC(651)   Other: 1.3ms
[2022-04-22T20:36:01.896+0800][gc,heap      ] GC(651) Eden regions: 45->0(47)
[2022-04-22T20:36:01.896+0800][gc,heap      ] GC(651) Survivor regions: 6->4(7)
[2022-04-22T20:36:01.896+0800][gc,heap      ] GC(651) Old regions: 212->214
[2022-04-22T20:36:01.896+0800][gc,heap      ] GC(651) Archive regions: 2->2
[2022-04-22T20:36:01.896+0800][gc,heap      ] GC(651) Humongous regions: 129->129
[2022-04-22T20:36:01.896+0800][gc,metaspace ] GC(651) Metaspace: 43496K->43496K(1089536K)
[2022-04-22T20:36:01.896+0800][gc           ] GC(651) Pause Young (Normal) (G1 Evacuation Pause) 391M->346M(1024M) 46.383ms
[2022-04-22T20:36:01.896+0800][gc,cpu       ] GC(651) User=0.03s Sys=0.03s Real=0.04s
[2022-04-22T20:36:18.788+0800][gc,start     ] GC(652) Pause Young (Normal) (G1 Evacuation Pause)
[2022-04-22T20:36:18.788+0800][gc,task      ] GC(652) Using 8 workers of 8 for evacuation
[2022-04-22T20:36:18.798+0800][gc,phases    ] GC(652)   Pre Evacuate Collection Set: 0.2ms
[2022-04-22T20:36:18.799+0800][gc,phases    ] GC(652)   Evacuate Collection Set: 9.1ms
[2022-04-22T20:36:18.799+0800][gc,phases    ] GC(652)   Post Evacuate Collection Set: 0.6ms
[2022-04-22T20:36:18.799+0800][gc,phases    ] GC(652)   Other: 0.9ms
[2022-04-22T20:36:18.799+0800][gc,heap      ] GC(652) Eden regions: 47->0(47)
[2022-04-22T20:36:18.799+0800][gc,heap      ] GC(652) Survivor regions: 4->4(7)
[2022-04-22T20:36:18.799+0800][gc,heap      ] GC(652) Old regions: 214->214
[2022-04-22T20:36:18.799+0800][gc,heap      ] GC(652) Archive regions: 2->2
[2022-04-22T20:36:18.799+0800][gc,heap      ] GC(652) Humongous regions: 129->129
[2022-04-22T20:36:18.799+0800][gc,metaspace ] GC(652) Metaspace: 43496K->43496K(1089536K)
[2022-04-22T20:36:18.799+0800][gc           ] GC(652) Pause Young (Normal) (G1 Evacuation Pause) 393M->347M(1024M) 10.955ms
[2022-04-22T20:36:18.799+0800][gc,cpu       ] GC(652) User=0.03s Sys=0.00s Real=0.01s
[2022-04-22T20:36:35.715+0800][gc,start     ] GC(653) Pause Young (Normal) (G1 Evacuation Pause)
[2022-04-22T20:36:35.715+0800][gc,task      ] GC(653) Using 8 workers of 8 for evacuation
[2022-04-22T20:36:35.724+0800][gc,phases    ] GC(653)   Pre Evacuate Collection Set: 0.2ms
[2022-04-22T20:36:35.725+0800][gc,phases    ] GC(653)   Evacuate Collection Set: 7.8ms
[2022-04-22T20:36:35.725+0800][gc,phases    ] GC(653)   Post Evacuate Collection Set: 0.6ms
[2022-04-22T20:36:35.725+0800][gc,phases    ] GC(653)   Other: 1.3ms
[2022-04-22T20:36:35.725+0800][gc,heap      ] GC(653) Eden regions: 47->0(47)
[2022-04-22T20:36:35.725+0800][gc,heap      ] GC(653) Survivor regions: 4->4(7)
[2022-04-22T20:36:35.725+0800][gc,heap      ] GC(653) Old regions: 214->214
[2022-04-22T20:36:35.725+0800][gc,heap      ] GC(653) Archive regions: 2->2
[2022-04-22T20:36:35.725+0800][gc,heap      ] GC(653) Humongous regions: 129->129
[2022-04-22T20:36:35.725+0800][gc,metaspace ] GC(653) Metaspace: 43496K->43496K(1089536K)
[2022-04-22T20:36:35.725+0800][gc           ] GC(653) Pause Young (Normal) (G1 Evacuation Pause) 394M->347M(1024M) 10.053ms
[2022-04-22T20:36:35.725+0800][gc,cpu       ] GC(653) User=0.03s Sys=0.00s Real=0.01s
[2022-04-22T20:36:52.642+0800][gc,start     ] GC(654) Pause Young (Normal) (G1 Evacuation Pause)
[2022-04-22T20:36:52.642+0800][gc,task      ] GC(654) Using 8 workers of 8 for evacuation
[2022-04-22T20:36:52.672+0800][gc,mmu       ] GC(654) MMU target violated: 21.0ms (20.0ms/21.0ms)
[2022-04-22T20:36:52.672+0800][gc,phases    ] GC(654)   Pre Evacuate Collection Set: 0.2ms
[2022-04-22T20:36:52.672+0800][gc,phases    ] GC(654)   Evacuate Collection Set: 27.7ms
[2022-04-22T20:36:52.672+0800][gc,phases    ] GC(654)   Post Evacuate Collection Set: 0.7ms
[2022-04-22T20:36:52.672+0800][gc,phases    ] GC(654)   Other: 1.5ms
[2022-04-22T20:36:52.672+0800][gc,heap      ] GC(654) Eden regions: 47->0(47)
[2022-04-22T20:36:52.672+0800][gc,heap      ] GC(654) Survivor regions: 4->4(7)
[2022-04-22T20:36:52.672+0800][gc,heap      ] GC(654) Old regions: 214->214
[2022-04-22T20:36:52.672+0800][gc,heap      ] GC(654) Archive regions: 2->2
[2022-04-22T20:36:52.672+0800][gc,heap      ] GC(654) Humongous regions: 129->129
[2022-04-22T20:36:52.672+0800][gc,metaspace ] GC(654) Metaspace: 43496K->43496K(1089536K)
[2022-04-22T20:36:52.672+0800][gc           ] GC(654) Pause Young (Normal) (G1 Evacuation Pause) 394M->347M(1024M) 30.096ms
[2022-04-22T20:36:52.672+0800][gc,cpu       ] GC(654) User=0.03s Sys=0.03s Real=0.03s
[2022-04-22T20:37:09.553+0800][gc,start     ] GC(655) Pause Young (Normal) (G1 Evacuation Pause)
[2022-04-22T20:37:09.553+0800][gc,task      ] GC(655) Using 8 workers of 8 for evacuation
[2022-04-22T20:37:09.574+0800][gc,mmu       ] GC(655) MMU target violated: 20.9ms (20.0ms/21.0ms)
[2022-04-22T20:37:09.575+0800][gc,phases    ] GC(655)   Pre Evacuate Collection Set: 0.3ms
[2022-04-22T20:37:09.575+0800][gc,phases    ] GC(655)   Evacuate Collection Set: 19.8ms
[2022-04-22T20:37:09.575+0800][gc,phases    ] GC(655)   Post Evacuate Collection Set: 0.4ms
[2022-04-22T20:37:09.575+0800][gc,phases    ] GC(655)   Other: 1.3ms
[2022-04-22T20:37:09.575+0800][gc,heap      ] GC(655) Eden regions: 47->0(47)
[2022-04-22T20:37:09.575+0800][gc,heap      ] GC(655) Survivor regions: 4->4(7)
[2022-04-22T20:37:09.575+0800][gc,heap      ] GC(655) Old regions: 214->214
[2022-04-22T20:37:09.575+0800][gc,heap      ] GC(655) Archive regions: 2->2
[2022-04-22T20:37:09.575+0800][gc,heap      ] GC(655) Humongous regions: 129->129
[2022-04-22T20:37:09.575+0800][gc,metaspace ] GC(655) Metaspace: 43496K->43496K(1089536K)
[2022-04-22T20:37:09.575+0800][gc           ] GC(655) Pause Young (Normal) (G1 Evacuation Pause) 394M->347M(1024M) 21.776ms
[2022-04-22T20:37:09.575+0800][gc,cpu       ] GC(655) User=0.04s Sys=0.00s Real=0.02s
[2022-04-22T20:37:26.419+0800][gc,start     ] GC(656) Pause Young (Normal) (G1 Evacuation Pause)
[2022-04-22T20:37:26.420+0800][gc,task      ] GC(656) Using 8 workers of 8 for evacuation
[2022-04-22T20:37:26.445+0800][gc,mmu       ] GC(656) MMU target violated: 21.0ms (20.0ms/21.0ms)
[2022-04-22T20:37:26.446+0800][gc,phases    ] GC(656)   Pre Evacuate Collection Set: 0.1ms
[2022-04-22T20:37:26.446+0800][gc,phases    ] GC(656)   Evacuate Collection Set: 25.0ms
[2022-04-22T20:37:26.446+0800][gc,phases    ] GC(656)   Post Evacuate Collection Set: 0.4ms
[2022-04-22T20:37:26.446+0800][gc,phases    ] GC(656)   Other: 1.1ms
[2022-04-22T20:37:26.446+0800][gc,heap      ] GC(656) Eden regions: 47->0(47)
[2022-04-22T20:37:26.446+0800][gc,heap      ] GC(656) Survivor regions: 4->4(7)
[2022-04-22T20:37:26.446+0800][gc,heap      ] GC(656) Old regions: 214->215
[2022-04-22T20:37:26.446+0800][gc,heap      ] GC(656) Archive regions: 2->2
[2022-04-22T20:37:26.446+0800][gc,heap      ] GC(656) Humongous regions: 129->129
[2022-04-22T20:37:26.446+0800][gc,metaspace ] GC(656) Metaspace: 43496K->43496K(1089536K)
[2022-04-22T20:37:26.446+0800][gc           ] GC(656) Pause Young (Normal) (G1 Evacuation Pause) 394M->348M(1024M) 26.729ms
[2022-04-22T20:37:26.446+0800][gc,cpu       ] GC(656) User=0.04s Sys=0.00s Real=0.03s
[2022-04-22T20:37:43.272+0800][gc,start     ] GC(657) Pause Young (Normal) (G1 Evacuation Pause)
[2022-04-22T20:37:43.272+0800][gc,task      ] GC(657) Using 8 workers of 8 for evacuation
[2022-04-22T20:37:43.302+0800][gc,mmu       ] GC(657) MMU target violated: 21.0ms (20.0ms/21.0ms)
[2022-04-22T20:37:43.303+0800][gc,phases    ] GC(657)   Pre Evacuate Collection Set: 0.2ms
[2022-04-22T20:37:43.303+0800][gc,phases    ] GC(657)   Evacuate Collection Set: 26.4ms
[2022-04-22T20:37:43.303+0800][gc,phases    ] GC(657)   Post Evacuate Collection Set: 2.9ms
[2022-04-22T20:37:43.303+0800][gc,phases    ] GC(657)   Other: 1.6ms
[2022-04-22T20:37:43.303+0800][gc,heap      ] GC(657) Eden regions: 47->0(46)
[2022-04-22T20:37:43.303+0800][gc,heap      ] GC(657) Survivor regions: 4->5(7)
[2022-04-22T20:37:43.303+0800][gc,heap      ] GC(657) Old regions: 215->215
[2022-04-22T20:37:43.303+0800][gc,heap      ] GC(657) Archive regions: 2->2
[2022-04-22T20:37:43.303+0800][gc,heap      ] GC(657) Humongous regions: 129->129
[2022-04-22T20:37:43.303+0800][gc,metaspace ] GC(657) Metaspace: 43496K->43496K(1089536K)
[2022-04-22T20:37:43.303+0800][gc           ] GC(657) Pause Young (Normal) (G1 Evacuation Pause) 395M->348M(1024M) 31.289ms
[2022-04-22T20:37:43.303+0800][gc,cpu       ] GC(657) User=0.04s Sys=0.03s Real=0.03s
[2022-04-22T20:37:59.697+0800][gc,start     ] GC(658) Pause Young (Normal) (G1 Evacuation Pause)
[2022-04-22T20:37:59.698+0800][gc,task      ] GC(658) Using 8 workers of 8 for evacuation
[2022-04-22T20:37:59.726+0800][gc,mmu       ] GC(658) MMU target violated: 21.0ms (20.0ms/21.0ms)
[2022-04-22T20:37:59.726+0800][gc,phases    ] GC(658)   Pre Evacuate Collection Set: 0.3ms
[2022-04-22T20:37:59.726+0800][gc,phases    ] GC(658)   Evacuate Collection Set: 25.7ms
[2022-04-22T20:37:59.726+0800][gc,phases    ] GC(658)   Post Evacuate Collection Set: 0.7ms
[2022-04-22T20:37:59.726+0800][gc,phases    ] GC(658)   Other: 1.8ms
[2022-04-22T20:37:59.726+0800][gc,heap      ] GC(658) Eden regions: 46->0(45)
[2022-04-22T20:37:59.726+0800][gc,heap      ] GC(658) Survivor regions: 5->6(7)
[2022-04-22T20:37:59.726+0800][gc,heap      ] GC(658) Old regions: 215->216
[2022-04-22T20:37:59.726+0800][gc,heap      ] GC(658) Archive regions: 2->2
[2022-04-22T20:37:59.726+0800][gc,heap      ] GC(658) Humongous regions: 129->129
[2022-04-22T20:37:59.726+0800][gc,metaspace ] GC(658) Metaspace: 43496K->43496K(1089536K)
[2022-04-22T20:37:59.726+0800][gc           ] GC(658) Pause Young (Normal) (G1 Evacuation Pause) 394M->350M(1024M) 28.668ms
[2022-04-22T20:37:59.726+0800][gc,cpu       ] GC(658) User=0.05s Sys=0.01s Real=0.03s
[2022-04-22T20:38:15.931+0800][gc,start     ] GC(659) Pause Young (Normal) (G1 Evacuation Pause)
[2022-04-22T20:38:15.931+0800][gc,task      ] GC(659) Using 8 workers of 8 for evacuation
[2022-04-22T20:38:15.950+0800][gc,phases    ] GC(659)   Pre Evacuate Collection Set: 0.4ms
[2022-04-22T20:38:15.950+0800][gc,phases    ] GC(659)   Evacuate Collection Set: 16.8ms
[2022-04-22T20:38:15.950+0800][gc,phases    ] GC(659)   Post Evacuate Collection Set: 0.5ms
[2022-04-22T20:38:15.950+0800][gc,phases    ] GC(659)   Other: 1.1ms
[2022-04-22T20:38:15.950+0800][gc,heap      ] GC(659) Eden regions: 45->0(47)
[2022-04-22T20:38:15.950+0800][gc,heap      ] GC(659) Survivor regions: 6->4(7)
[2022-04-22T20:38:15.950+0800][gc,heap      ] GC(659) Old regions: 216->217
[2022-04-22T20:38:15.950+0800][gc,heap      ] GC(659) Archive regions: 2->2
[2022-04-22T20:38:15.950+0800][gc,heap      ] GC(659) Humongous regions: 129->129
[2022-04-22T20:38:15.950+0800][gc,metaspace ] GC(659) Metaspace: 43496K->43496K(1089536K)
[2022-04-22T20:38:15.950+0800][gc           ] GC(659) Pause Young (Normal) (G1 Evacuation Pause) 395M->350M(1024M) 19.066ms
[2022-04-22T20:38:15.950+0800][gc,cpu       ] GC(659) User=0.04s Sys=0.02s Real=0.02s
[2022-04-22T20:38:32.919+0800][gc,start     ] GC(660) Pause Young (Normal) (G1 Evacuation Pause)
[2022-04-22T20:38:32.920+0800][gc,task      ] GC(660) Using 8 workers of 8 for evacuation
[2022-04-22T20:38:32.935+0800][gc,phases    ] GC(660)   Pre Evacuate Collection Set: 0.2ms
[2022-04-22T20:38:32.935+0800][gc,phases    ] GC(660)   Evacuate Collection Set: 13.7ms
[2022-04-22T20:38:32.935+0800][gc,phases    ] GC(660)   Post Evacuate Collection Set: 0.4ms
[2022-04-22T20:38:32.935+0800][gc,phases    ] GC(660)   Other: 0.8ms
[2022-04-22T20:38:32.935+0800][gc,heap      ] GC(660) Eden regions: 47->0(47)
[2022-04-22T20:38:32.935+0800][gc,heap      ] GC(660) Survivor regions: 4->4(7)
[2022-04-22T20:38:32.935+0800][gc,heap      ] GC(660) Old regions: 217->217
[2022-04-22T20:38:32.935+0800][gc,heap      ] GC(660) Archive regions: 2->2
[2022-04-22T20:38:32.935+0800][gc,heap      ] GC(660) Humongous regions: 129->129
[2022-04-22T20:38:32.935+0800][gc,metaspace ] GC(660) Metaspace: 43496K->43496K(1089536K)
[2022-04-22T20:38:32.935+0800][gc           ] GC(660) Pause Young (Normal) (G1 Evacuation Pause) 397M->350M(1024M) 15.201ms
[2022-04-22T20:38:32.935+0800][gc,cpu       ] GC(660) User=0.04s Sys=0.00s Real=0.02s
[2022-04-22T20:38:48.857+0800][gc,start     ] GC(661) Pause Young (Normal) (G1 Evacuation Pause)
[2022-04-22T20:38:48.859+0800][gc,task      ] GC(661) Using 8 workers of 8 for evacuation
[2022-04-22T20:38:48.880+0800][gc,mmu       ] GC(661) MMU target violated: 21.0ms (20.0ms/21.0ms)
[2022-04-22T20:38:48.880+0800][gc,phases    ] GC(661)   Pre Evacuate Collection Set: 0.3ms
[2022-04-22T20:38:48.880+0800][gc,phases    ] GC(661)   Evacuate Collection Set: 19.6ms
[2022-04-22T20:38:48.880+0800][gc,phases    ] GC(661)   Post Evacuate Collection Set: 0.7ms
[2022-04-22T20:38:48.880+0800][gc,phases    ] GC(661)   Other: 2.2ms
[2022-04-22T20:38:48.880+0800][gc,heap      ] GC(661) Eden regions: 47->0(46)
[2022-04-22T20:38:48.880+0800][gc,heap      ] GC(661) Survivor regions: 4->6(7)
[2022-04-22T20:38:48.880+0800][gc,heap      ] GC(661) Old regions: 217->218
[2022-04-22T20:38:48.880+0800][gc,heap      ] GC(661) Archive regions: 2->2
[2022-04-22T20:38:48.880+0800][gc,heap      ] GC(661) Humongous regions: 129->129
[2022-04-22T20:38:48.880+0800][gc,metaspace ] GC(661) Metaspace: 43496K->43496K(1089536K)
[2022-04-22T20:38:48.880+0800][gc           ] GC(661) Pause Young (Normal) (G1 Evacuation Pause) 397M->352M(1024M) 22.980ms
[2022-04-22T20:38:48.880+0800][gc,cpu       ] GC(661) User=0.06s Sys=0.01s Real=0.03s
[2022-04-22T20:39:05.012+0800][gc,start     ] GC(662) Pause Young (Normal) (G1 Evacuation Pause)
[2022-04-22T20:39:05.013+0800][gc,task      ] GC(662) Using 8 workers of 8 for evacuation
[2022-04-22T20:39:05.036+0800][gc,mmu       ] GC(662) MMU target violated: 21.0ms (20.0ms/21.0ms)
[2022-04-22T20:39:05.036+0800][gc,phases    ] GC(662)   Pre Evacuate Collection Set: 0.4ms
[2022-04-22T20:39:05.036+0800][gc,phases    ] GC(662)   Evacuate Collection Set: 20.9ms
[2022-04-22T20:39:05.036+0800][gc,phases    ] GC(662)   Post Evacuate Collection Set: 0.7ms
[2022-04-22T20:39:05.036+0800][gc,phases    ] GC(662)   Other: 2.3ms
[2022-04-22T20:39:05.036+0800][gc,heap      ] GC(662) Eden regions: 45->0(45)
[2022-04-22T20:39:05.036+0800][gc,heap      ] GC(662) Survivor regions: 6->6(7)
[2022-04-22T20:39:05.036+0800][gc,heap      ] GC(662) Old regions: 218->219
[2022-04-22T20:39:05.036+0800][gc,heap      ] GC(662) Archive regions: 2->2
[2022-04-22T20:39:05.036+0800][gc,heap      ] GC(662) Humongous regions: 129->129
[2022-04-22T20:39:05.036+0800][gc,metaspace ] GC(662) Metaspace: 43496K->43496K(1089536K)
[2022-04-22T20:39:05.036+0800][gc           ] GC(662) Pause Young (Normal) (G1 Evacuation Pause) 397M->353M(1024M) 24.295ms
[2022-04-22T20:39:05.036+0800][gc,cpu       ] GC(662) User=0.06s Sys=0.02s Real=0.02s
[2022-04-22T20:39:21.226+0800][gc,start     ] GC(663) Pause Young (Normal) (G1 Evacuation Pause)
[2022-04-22T20:39:21.227+0800][gc,task      ] GC(663) Using 8 workers of 8 for evacuation
[2022-04-22T20:39:21.255+0800][gc,mmu       ] GC(663) MMU target violated: 21.0ms (20.0ms/21.0ms)
[2022-04-22T20:39:21.255+0800][gc,phases    ] GC(663)   Pre Evacuate Collection Set: 0.4ms
[2022-04-22T20:39:21.255+0800][gc,phases    ] GC(663)   Evacuate Collection Set: 26.0ms
[2022-04-22T20:39:21.255+0800][gc,phases    ] GC(663)   Post Evacuate Collection Set: 0.6ms
[2022-04-22T20:39:21.255+0800][gc,phases    ] GC(663)   Other: 2.3ms
[2022-04-22T20:39:21.255+0800][gc,heap      ] GC(663) Eden regions: 45->0(49)
[2022-04-22T20:39:21.255+0800][gc,heap      ] GC(663) Survivor regions: 6->2(7)
[2022-04-22T20:39:21.255+0800][gc,heap      ] GC(663) Old regions: 219->222
[2022-04-22T20:39:21.255+0800][gc,heap      ] GC(663) Archive regions: 2->2
[2022-04-22T20:39:21.255+0800][gc,heap      ] GC(663) Humongous regions: 129->129
[2022-04-22T20:39:21.255+0800][gc,metaspace ] GC(663) Metaspace: 43496K->43496K(1089536K)
[2022-04-22T20:39:21.255+0800][gc           ] GC(663) Pause Young (Normal) (G1 Evacuation Pause) 398M->353M(1024M) 29.407ms
[2022-04-22T20:39:21.255+0800][gc,cpu       ] GC(663) User=0.05s Sys=0.03s Real=0.03s
[2022-04-22T20:39:38.927+0800][gc,start     ] GC(664) Pause Young (Normal) (G1 Evacuation Pause)
[2022-04-22T20:39:38.927+0800][gc,task      ] GC(664) Using 8 workers of 8 for evacuation
[2022-04-22T20:39:38.934+0800][gc,phases    ] GC(664)   Pre Evacuate Collection Set: 0.2ms
[2022-04-22T20:39:38.934+0800][gc,phases    ] GC(664)   Evacuate Collection Set: 5.8ms
[2022-04-22T20:39:38.934+0800][gc,phases    ] GC(664)   Post Evacuate Collection Set: 0.5ms
[2022-04-22T20:39:38.934+0800][gc,phases    ] GC(664)   Other: 1.2ms
[2022-04-22T20:39:38.934+0800][gc,heap      ] GC(664) Eden regions: 49->0(52)
[2022-04-22T20:39:38.934+0800][gc,heap      ] GC(664) Survivor regions: 2->3(7)
[2022-04-22T20:39:38.934+0800][gc,heap      ] GC(664) Old regions: 222->222
[2022-04-22T20:39:38.934+0800][gc,heap      ] GC(664) Archive regions: 2->2
[2022-04-22T20:39:38.935+0800][gc,heap      ] GC(664) Humongous regions: 129->129
[2022-04-22T20:39:38.935+0800][gc,metaspace ] GC(664) Metaspace: 43496K->43496K(1089536K)
[2022-04-22T20:39:38.935+0800][gc           ] GC(664) Pause Young (Normal) (G1 Evacuation Pause) 402M->353M(1024M) 7.954ms
[2022-04-22T20:39:38.935+0800][gc,cpu       ] GC(664) User=0.02s Sys=0.00s Real=0.01s
[2022-04-22T20:39:57.763+0800][gc,start     ] GC(665) Pause Young (Normal) (G1 Evacuation Pause)
[2022-04-22T20:39:57.765+0800][gc,task      ] GC(665) Using 8 workers of 8 for evacuation
[2022-04-22T20:39:57.787+0800][gc,mmu       ] GC(665) MMU target violated: 21.0ms (20.0ms/21.0ms)
[2022-04-22T20:39:57.787+0800][gc,phases    ] GC(665)   Pre Evacuate Collection Set: 0.4ms
[2022-04-22T20:39:57.787+0800][gc,phases    ] GC(665)   Evacuate Collection Set: 20.4ms
[2022-04-22T20:39:57.787+0800][gc,phases    ] GC(665)   Post Evacuate Collection Set: 1.0ms
[2022-04-22T20:39:57.787+0800][gc,phases    ] GC(665)   Other: 2.4ms
[2022-04-22T20:39:57.787+0800][gc,heap      ] GC(665) Eden regions: 52->0(48)
[2022-04-22T20:39:57.787+0800][gc,heap      ] GC(665) Survivor regions: 3->3(7)
[2022-04-22T20:39:57.787+0800][gc,heap      ] GC(665) Old regions: 222->222
[2022-04-22T20:39:57.787+0800][gc,heap      ] GC(665) Archive regions: 2->2
[2022-04-22T20:39:57.787+0800][gc,heap      ] GC(665) Humongous regions: 129->129
[2022-04-22T20:39:57.787+0800][gc,metaspace ] GC(665) Metaspace: 43496K->43496K(1089536K)
[2022-04-22T20:39:57.787+0800][gc           ] GC(665) Pause Young (Normal) (G1 Evacuation Pause) 405M->354M(1024M) 24.401ms
[2022-04-22T20:39:57.787+0800][gc,cpu       ] GC(665) User=0.02s Sys=0.02s Real=0.02s
[2022-04-22T20:40:15.330+0800][gc,start     ] GC(666) Pause Young (Normal) (G1 Evacuation Pause)
[2022-04-22T20:40:15.346+0800][gc,task      ] GC(666) Using 8 workers of 8 for evacuation
[2022-04-22T20:40:15.359+0800][gc,phases    ] GC(666)   Pre Evacuate Collection Set: 0.2ms
[2022-04-22T20:40:15.359+0800][gc,phases    ] GC(666)   Evacuate Collection Set: 12.2ms
[2022-04-22T20:40:15.359+0800][gc,phases    ] GC(666)   Post Evacuate Collection Set: 0.4ms
[2022-04-22T20:40:15.359+0800][gc,phases    ] GC(666)   Other: 16.3ms
[2022-04-22T20:40:15.359+0800][gc,heap      ] GC(666) Eden regions: 48->0(52)
[2022-04-22T20:40:15.359+0800][gc,heap      ] GC(666) Survivor regions: 3->4(7)
[2022-04-22T20:40:15.359+0800][gc,heap      ] GC(666) Old regions: 222->222
[2022-04-22T20:40:15.359+0800][gc,heap      ] GC(666) Archive regions: 2->2
[2022-04-22T20:40:15.359+0800][gc,heap      ] GC(666) Humongous regions: 129->129
[2022-04-22T20:40:15.359+0800][gc,metaspace ] GC(666) Metaspace: 43496K->43496K(1089536K)
[2022-04-22T20:40:15.359+0800][gc           ] GC(666) Pause Young (Normal) (G1 Evacuation Pause) 402M->354M(1024M) 29.262ms
[2022-04-22T20:40:15.359+0800][gc,cpu       ] GC(666) User=0.04s Sys=0.00s Real=0.02s
[2022-04-22T20:40:34.204+0800][gc,start     ] GC(667) Pause Young (Normal) (G1 Evacuation Pause)
[2022-04-22T20:40:34.205+0800][gc,task      ] GC(667) Using 8 workers of 8 for evacuation
[2022-04-22T20:40:34.233+0800][gc,mmu       ] GC(667) MMU target violated: 21.0ms (20.0ms/21.0ms)
[2022-04-22T20:40:34.233+0800][gc,phases    ] GC(667)   Pre Evacuate Collection Set: 0.4ms
[2022-04-22T20:40:34.233+0800][gc,phases    ] GC(667)   Evacuate Collection Set: 15.3ms
[2022-04-22T20:40:34.233+0800][gc,phases    ] GC(667)   Post Evacuate Collection Set: 1.1ms
[2022-04-22T20:40:34.233+0800][gc,phases    ] GC(667)   Other: 11.9ms
[2022-04-22T20:40:34.233+0800][gc,heap      ] GC(667) Eden regions: 52->0(48)
[2022-04-22T20:40:34.233+0800][gc,heap      ] GC(667) Survivor regions: 4->3(7)
[2022-04-22T20:40:34.233+0800][gc,heap      ] GC(667) Old regions: 222->222
[2022-04-22T20:40:34.233+0800][gc,heap      ] GC(667) Archive regions: 2->2
[2022-04-22T20:40:34.233+0800][gc,heap      ] GC(667) Humongous regions: 129->129
[2022-04-22T20:40:34.233+0800][gc,metaspace ] GC(667) Metaspace: 43496K->43496K(1089536K)
[2022-04-22T20:40:34.233+0800][gc           ] GC(667) Pause Young (Normal) (G1 Evacuation Pause) 406M->354M(1024M) 28.744ms
[2022-04-22T20:40:34.233+0800][gc,cpu       ] GC(667) User=0.02s Sys=0.02s Real=0.03s
[2022-04-22T20:40:51.586+0800][gc,start     ] GC(668) Pause Young (Normal) (G1 Evacuation Pause)
[2022-04-22T20:40:51.586+0800][gc,task      ] GC(668) Using 8 workers of 8 for evacuation
[2022-04-22T20:40:51.597+0800][gc,phases    ] GC(668)   Pre Evacuate Collection Set: 0.4ms
[2022-04-22T20:40:51.598+0800][gc,phases    ] GC(668)   Evacuate Collection Set: 9.0ms
[2022-04-22T20:40:51.598+0800][gc,phases    ] GC(668)   Post Evacuate Collection Set: 1.0ms
[2022-04-22T20:40:51.598+0800][gc,phases    ] GC(668)   Other: 1.3ms
[2022-04-22T20:40:51.598+0800][gc,heap      ] GC(668) Eden regions: 48->0(52)
[2022-04-22T20:40:51.598+0800][gc,heap      ] GC(668) Survivor regions: 3->3(7)
[2022-04-22T20:40:51.598+0800][gc,heap      ] GC(668) Old regions: 222->222
[2022-04-22T20:40:51.598+0800][gc,heap      ] GC(668) Archive regions: 2->2
[2022-04-22T20:40:51.598+0800][gc,heap      ] GC(668) Humongous regions: 129->129
[2022-04-22T20:40:51.598+0800][gc,metaspace ] GC(668) Metaspace: 43496K->43496K(1089536K)
[2022-04-22T20:40:51.598+0800][gc           ] GC(668) Pause Young (Normal) (G1 Evacuation Pause) 402M->354M(1024M) 12.036ms
[2022-04-22T20:40:51.598+0800][gc,cpu       ] GC(668) User=0.04s Sys=0.01s Real=0.01s
[2022-04-22T20:41:10.781+0800][gc,start     ] GC(669) Pause Young (Normal) (G1 Evacuation Pause)
[2022-04-22T20:41:10.783+0800][gc,task      ] GC(669) Using 8 workers of 8 for evacuation
[2022-04-22T20:41:10.814+0800][gc,mmu       ] GC(669) MMU target violated: 21.0ms (20.0ms/21.0ms)
[2022-04-22T20:41:10.814+0800][gc,phases    ] GC(669)   Pre Evacuate Collection Set: 0.2ms
[2022-04-22T20:41:10.814+0800][gc,phases    ] GC(669)   Evacuate Collection Set: 25.3ms
[2022-04-22T20:41:10.814+0800][gc,phases    ] GC(669)   Post Evacuate Collection Set: 4.2ms
[2022-04-22T20:41:10.816+0800][gc,phases    ] GC(669)   Other: 3.3ms
[2022-04-22T20:41:10.816+0800][gc,heap      ] GC(669) Eden regions: 52->0(52)
[2022-04-22T20:41:10.816+0800][gc,heap      ] GC(669) Survivor regions: 3->4(7)
[2022-04-22T20:41:10.816+0800][gc,heap      ] GC(669) Old regions: 222->222
[2022-04-22T20:41:10.816+0800][gc,heap      ] GC(669) Archive regions: 2->2
[2022-04-22T20:41:10.816+0800][gc,heap      ] GC(669) Humongous regions: 129->129
[2022-04-22T20:41:10.816+0800][gc,metaspace ] GC(669) Metaspace: 43496K->43496K(1089536K)
[2022-04-22T20:41:10.816+0800][gc           ] GC(669) Pause Young (Normal) (G1 Evacuation Pause) 406M->355M(1024M) 35.140ms
[2022-04-22T20:41:10.816+0800][gc,cpu       ] GC(669) User=0.03s Sys=0.02s Real=0.03s
[2022-04-22T20:41:29.599+0800][gc,start     ] GC(670) Pause Young (Normal) (G1 Evacuation Pause)
[2022-04-22T20:41:29.601+0800][gc,task      ] GC(670) Using 8 workers of 8 for evacuation
[2022-04-22T20:41:29.621+0800][gc,mmu       ] GC(670) MMU target violated: 20.2ms (20.0ms/21.0ms)
[2022-04-22T20:41:29.621+0800][gc,phases    ] GC(670)   Pre Evacuate Collection Set: 0.3ms
[2022-04-22T20:41:29.621+0800][gc,phases    ] GC(670)   Evacuate Collection Set: 18.3ms
[2022-04-22T20:41:29.621+0800][gc,phases    ] GC(670)   Post Evacuate Collection Set: 1.2ms
[2022-04-22T20:41:29.621+0800][gc,phases    ] GC(670)   Other: 2.2ms
[2022-04-22T20:41:29.621+0800][gc,heap      ] GC(670) Eden regions: 52->0(51)
[2022-04-22T20:41:29.621+0800][gc,heap      ] GC(670) Survivor regions: 4->5(7)
[2022-04-22T20:41:29.621+0800][gc,heap      ] GC(670) Old regions: 222->222
[2022-04-22T20:41:29.621+0800][gc,heap      ] GC(670) Archive regions: 2->2
[2022-04-22T20:41:29.621+0800][gc,heap      ] GC(670) Humongous regions: 129->129
[2022-04-22T20:41:29.621+0800][gc,metaspace ] GC(670) Metaspace: 43496K->43496K(1089536K)
[2022-04-22T20:41:29.621+0800][gc           ] GC(670) Pause Young (Normal) (G1 Evacuation Pause) 407M->356M(1024M) 22.068ms
[2022-04-22T20:41:29.621+0800][gc,cpu       ] GC(670) User=0.05s Sys=0.02s Real=0.03s
[2022-04-22T20:41:48.063+0800][gc,start     ] GC(671) Pause Young (Normal) (G1 Evacuation Pause)
[2022-04-22T20:41:48.064+0800][gc,task      ] GC(671) Using 8 workers of 8 for evacuation
[2022-04-22T20:41:48.092+0800][gc,mmu       ] GC(671) MMU target violated: 21.0ms (20.0ms/21.0ms)
[2022-04-22T20:41:48.093+0800][gc,phases    ] GC(671)   Pre Evacuate Collection Set: 0.2ms
[2022-04-22T20:41:48.093+0800][gc,phases    ] GC(671)   Evacuate Collection Set: 26.8ms
[2022-04-22T20:41:48.093+0800][gc,phases    ] GC(671)   Post Evacuate Collection Set: 1.0ms
[2022-04-22T20:41:48.093+0800][gc,phases    ] GC(671)   Other: 1.7ms
[2022-04-22T20:41:48.093+0800][gc,heap      ] GC(671) Eden regions: 51->0(47)
[2022-04-22T20:41:48.093+0800][gc,heap      ] GC(671) Survivor regions: 5->5(7)
[2022-04-22T20:41:48.093+0800][gc,heap      ] GC(671) Old regions: 222->224
[2022-04-22T20:41:48.093+0800][gc,heap      ] GC(671) Archive regions: 2->2
[2022-04-22T20:41:48.093+0800][gc,heap      ] GC(671) Humongous regions: 129->129
[2022-04-22T20:41:48.093+0800][gc,metaspace ] GC(671) Metaspace: 43496K->43496K(1089536K)
[2022-04-22T20:41:48.093+0800][gc           ] GC(671) Pause Young (Normal) (G1 Evacuation Pause) 407M->357M(1024M) 29.810ms
[2022-04-22T20:41:48.093+0800][gc,cpu       ] GC(671) User=0.03s Sys=0.03s Real=0.03s
[2022-04-22T20:42:04.701+0800][gc,start     ] GC(672) Pause Young (Normal) (G1 Evacuation Pause)
[2022-04-22T20:42:04.701+0800][gc,task      ] GC(672) Using 8 workers of 8 for evacuation
[2022-04-22T20:42:04.724+0800][gc,mmu       ] GC(672) MMU target violated: 21.0ms (20.0ms/21.0ms)
[2022-04-22T20:42:04.724+0800][gc,phases    ] GC(672)   Pre Evacuate Collection Set: 0.2ms
[2022-04-22T20:42:04.724+0800][gc,phases    ] GC(672)   Evacuate Collection Set: 21.0ms
[2022-04-22T20:42:04.724+0800][gc,phases    ] GC(672)   Post Evacuate Collection Set: 0.7ms
[2022-04-22T20:42:04.724+0800][gc,phases    ] GC(672)   Other: 1.0ms
[2022-04-22T20:42:04.724+0800][gc,heap      ] GC(672) Eden regions: 46->0(47)
[2022-04-22T20:42:04.724+0800][gc,heap      ] GC(672) Survivor regions: 5->4(7)
[2022-04-22T20:42:04.724+0800][gc,heap      ] GC(672) Old regions: 224->225
[2022-04-22T20:42:04.724+0800][gc,heap      ] GC(672) Archive regions: 2->2
[2022-04-22T20:42:04.724+0800][gc,heap      ] GC(672) Humongous regions: 129->129
[2022-04-22T20:42:04.724+0800][gc,metaspace ] GC(672) Metaspace: 43496K->43496K(1089536K)
[2022-04-22T20:42:04.724+0800][gc           ] GC(672) Pause Young (Normal) (G1 Evacuation Pause) 403M->357M(1024M) 22.991ms
[2022-04-22T20:42:04.724+0800][gc,cpu       ] GC(672) User=0.05s Sys=0.02s Real=0.02s
[2022-04-22T20:42:21.612+0800][gc,start     ] GC(673) Pause Young (Normal) (G1 Evacuation Pause)
[2022-04-22T20:42:21.613+0800][gc,task      ] GC(673) Using 8 workers of 8 for evacuation
[2022-04-22T20:42:21.626+0800][gc,phases    ] GC(673)   Pre Evacuate Collection Set: 0.2ms
[2022-04-22T20:42:21.626+0800][gc,phases    ] GC(673)   Evacuate Collection Set: 11.8ms
[2022-04-22T20:42:21.626+0800][gc,phases    ] GC(673)   Post Evacuate Collection Set: 0.8ms
[2022-04-22T20:42:21.626+0800][gc,phases    ] GC(673)   Other: 1.4ms
[2022-04-22T20:42:21.626+0800][gc,heap      ] GC(673) Eden regions: 47->0(51)
[2022-04-22T20:42:21.626+0800][gc,heap      ] GC(673) Survivor regions: 4->4(7)
[2022-04-22T20:42:21.626+0800][gc,heap      ] GC(673) Old regions: 225->225
[2022-04-22T20:42:21.626+0800][gc,heap      ] GC(673) Archive regions: 2->2
[2022-04-22T20:42:21.626+0800][gc,heap      ] GC(673) Humongous regions: 129->129
[2022-04-22T20:42:21.626+0800][gc,metaspace ] GC(673) Metaspace: 43496K->43496K(1089536K)
[2022-04-22T20:42:21.626+0800][gc           ] GC(673) Pause Young (Normal) (G1 Evacuation Pause) 404M->357M(1024M) 14.669ms
[2022-04-22T20:42:21.627+0800][gc,cpu       ] GC(673) User=0.05s Sys=0.00s Real=0.01s
[2022-04-22T20:42:40.392+0800][gc,start     ] GC(674) Pause Young (Normal) (G1 Evacuation Pause)
[2022-04-22T20:42:40.393+0800][gc,task      ] GC(674) Using 8 workers of 8 for evacuation
[2022-04-22T20:42:40.409+0800][gc,phases    ] GC(674)   Pre Evacuate Collection Set: 0.3ms
[2022-04-22T20:42:40.409+0800][gc,phases    ] GC(674)   Evacuate Collection Set: 14.2ms
[2022-04-22T20:42:40.409+0800][gc,phases    ] GC(674)   Post Evacuate Collection Set: 0.6ms
[2022-04-22T20:42:40.409+0800][gc,phases    ] GC(674)   Other: 1.8ms
[2022-04-22T20:42:40.409+0800][gc,heap      ] GC(674) Eden regions: 51->0(56)
[2022-04-22T20:42:40.409+0800][gc,heap      ] GC(674) Survivor regions: 4->5(7)
[2022-04-22T20:42:40.409+0800][gc,heap      ] GC(674) Old regions: 225->225
[2022-04-22T20:42:40.409+0800][gc,heap      ] GC(674) Archive regions: 2->2
[2022-04-22T20:42:40.409+0800][gc,heap      ] GC(674) Humongous regions: 129->129
[2022-04-22T20:42:40.409+0800][gc,metaspace ] GC(674) Metaspace: 43496K->43496K(1089536K)
[2022-04-22T20:42:40.409+0800][gc           ] GC(674) Pause Young (Normal) (G1 Evacuation Pause) 408M->358M(1024M) 17.249ms
[2022-04-22T20:42:40.409+0800][gc,cpu       ] GC(674) User=0.03s Sys=0.00s Real=0.01s
[2022-04-22T20:43:00.918+0800][gc,start     ] GC(675) Pause Young (Normal) (G1 Evacuation Pause)
[2022-04-22T20:43:00.919+0800][gc,task      ] GC(675) Using 8 workers of 8 for evacuation
[2022-04-22T20:43:00.958+0800][gc,mmu       ] GC(675) MMU target violated: 21.0ms (20.0ms/21.0ms)
[2022-04-22T20:43:00.960+0800][gc,phases    ] GC(675)   Pre Evacuate Collection Set: 0.3ms
[2022-04-22T20:43:00.960+0800][gc,phases    ] GC(675)   Evacuate Collection Set: 35.0ms
[2022-04-22T20:43:00.960+0800][gc,phases    ] GC(675)   Post Evacuate Collection Set: 2.8ms
[2022-04-22T20:43:00.960+0800][gc,phases    ] GC(675)   Other: 3.9ms
[2022-04-22T20:43:00.960+0800][gc,heap      ] GC(675) Eden regions: 56->0(47)
[2022-04-22T20:43:00.960+0800][gc,heap      ] GC(675) Survivor regions: 5->4(8)
[2022-04-22T20:43:00.960+0800][gc,heap      ] GC(675) Old regions: 225->225
[2022-04-22T20:43:00.960+0800][gc,heap      ] GC(675) Archive regions: 2->2
[2022-04-22T20:43:00.960+0800][gc,heap      ] GC(675) Humongous regions: 129->129
[2022-04-22T20:43:00.960+0800][gc,metaspace ] GC(675) Metaspace: 43496K->43496K(1089536K)
[2022-04-22T20:43:00.960+0800][gc           ] GC(675) Pause Young (Normal) (G1 Evacuation Pause) 414M->358M(1024M) 42.193ms
[2022-04-22T20:43:00.960+0800][gc,cpu       ] GC(675) User=0.04s Sys=0.04s Real=0.05s
[2022-04-22T20:43:18.181+0800][gc,start     ] GC(676) Pause Young (Normal) (G1 Evacuation Pause)
[2022-04-22T20:43:18.181+0800][gc,task      ] GC(676) Using 8 workers of 8 for evacuation
[2022-04-22T20:43:18.192+0800][gc,phases    ] GC(676)   Pre Evacuate Collection Set: 0.4ms
[2022-04-22T20:43:18.192+0800][gc,phases    ] GC(676)   Evacuate Collection Set: 9.1ms
[2022-04-22T20:43:18.192+0800][gc,phases    ] GC(676)   Post Evacuate Collection Set: 0.5ms
[2022-04-22T20:43:18.192+0800][gc,phases    ] GC(676)   Other: 1.1ms
[2022-04-22T20:43:18.192+0800][gc,heap      ] GC(676) Eden regions: 47->0(47)
[2022-04-22T20:43:18.192+0800][gc,heap      ] GC(676) Survivor regions: 4->4(7)
[2022-04-22T20:43:18.192+0800][gc,heap      ] GC(676) Old regions: 225->226
[2022-04-22T20:43:18.192+0800][gc,heap      ] GC(676) Archive regions: 2->2
[2022-04-22T20:43:18.192+0800][gc,heap      ] GC(676) Humongous regions: 129->129
[2022-04-22T20:43:18.192+0800][gc,metaspace ] GC(676) Metaspace: 43496K->43496K(1089536K)
[2022-04-22T20:43:18.192+0800][gc           ] GC(676) Pause Young (Normal) (G1 Evacuation Pause) 405M->358M(1024M) 11.224ms
[2022-04-22T20:43:18.192+0800][gc,cpu       ] GC(676) User=0.03s Sys=0.01s Real=0.01s
[2022-04-22T20:43:35.617+0800][gc,start     ] GC(677) Pause Young (Normal) (G1 Evacuation Pause)
[2022-04-22T20:43:35.618+0800][gc,task      ] GC(677) Using 8 workers of 8 for evacuation
[2022-04-22T20:43:35.634+0800][gc,phases    ] GC(677)   Pre Evacuate Collection Set: 0.2ms
[2022-04-22T20:43:35.634+0800][gc,phases    ] GC(677)   Evacuate Collection Set: 14.7ms
[2022-04-22T20:43:35.634+0800][gc,phases    ] GC(677)   Post Evacuate Collection Set: 0.3ms
[2022-04-22T20:43:35.634+0800][gc,phases    ] GC(677)   Other: 1.4ms
[2022-04-22T20:43:35.634+0800][gc,heap      ] GC(677) Eden regions: 47->0(49)
[2022-04-22T20:43:35.634+0800][gc,heap      ] GC(677) Survivor regions: 4->6(7)
[2022-04-22T20:43:35.634+0800][gc,heap      ] GC(677) Old regions: 226->226
[2022-04-22T20:43:35.634+0800][gc,heap      ] GC(677) Archive regions: 2->2
[2022-04-22T20:43:35.634+0800][gc,heap      ] GC(677) Humongous regions: 129->129
[2022-04-22T20:43:35.634+0800][gc,metaspace ] GC(677) Metaspace: 43496K->43496K(1089536K)
[2022-04-22T20:43:35.634+0800][gc           ] GC(677) Pause Young (Normal) (G1 Evacuation Pause) 405M->360M(1024M) 16.746ms
[2022-04-22T20:43:35.634+0800][gc,cpu       ] GC(677) User=0.05s Sys=0.01s Real=0.02s
[2022-04-22T20:43:53.442+0800][gc,start     ] GC(678) Pause Young (Normal) (G1 Evacuation Pause)
[2022-04-22T20:43:53.443+0800][gc,task      ] GC(678) Using 8 workers of 8 for evacuation
[2022-04-22T20:43:53.512+0800][gc,mmu       ] GC(678) MMU target violated: 21.0ms (20.0ms/21.0ms)
[2022-04-22T20:43:53.512+0800][gc,phases    ] GC(678)   Pre Evacuate Collection Set: 0.4ms
[2022-04-22T20:43:53.512+0800][gc,phases    ] GC(678)   Evacuate Collection Set: 64.7ms
[2022-04-22T20:43:53.512+0800][gc,phases    ] GC(678)   Post Evacuate Collection Set: 1.9ms
[2022-04-22T20:43:53.512+0800][gc,phases    ] GC(678)   Other: 3.3ms
[2022-04-22T20:43:53.512+0800][gc,heap      ] GC(678) Eden regions: 49->0(48)
[2022-04-22T20:43:53.512+0800][gc,heap      ] GC(678) Survivor regions: 6->3(7)
[2022-04-22T20:43:53.512+0800][gc,heap      ] GC(678) Old regions: 226->227
[2022-04-22T20:43:53.512+0800][gc,heap      ] GC(678) Archive regions: 2->2
[2022-04-22T20:43:53.512+0800][gc,heap      ] GC(678) Humongous regions: 129->129
[2022-04-22T20:43:53.512+0800][gc,metaspace ] GC(678) Metaspace: 43496K->43496K(1089536K)
[2022-04-22T20:43:53.512+0800][gc           ] GC(678) Pause Young (Normal) (G1 Evacuation Pause) 409M->359M(1024M) 70.271ms
[2022-04-22T20:43:53.512+0800][gc,cpu       ] GC(678) User=0.04s Sys=0.07s Real=0.07s
[2022-04-22T20:44:11.316+0800][gc,start     ] GC(679) Pause Young (Normal) (G1 Evacuation Pause)
[2022-04-22T20:44:11.316+0800][gc,task      ] GC(679) Using 8 workers of 8 for evacuation
[2022-04-22T20:44:11.329+0800][gc,phases    ] GC(679)   Pre Evacuate Collection Set: 0.3ms
[2022-04-22T20:44:11.330+0800][gc,phases    ] GC(679)   Evacuate Collection Set: 11.8ms
[2022-04-22T20:44:11.330+0800][gc,phases    ] GC(679)   Post Evacuate Collection Set: 0.6ms
[2022-04-22T20:44:11.330+0800][gc,phases    ] GC(679)   Other: 1.2ms
[2022-04-22T20:44:11.330+0800][gc,heap      ] GC(679) Eden regions: 48->0(47)
[2022-04-22T20:44:11.330+0800][gc,heap      ] GC(679) Survivor regions: 3->4(7)
[2022-04-22T20:44:11.330+0800][gc,heap      ] GC(679) Old regions: 227->227
[2022-04-22T20:44:11.330+0800][gc,heap      ] GC(679) Archive regions: 2->2
[2022-04-22T20:44:11.330+0800][gc,heap      ] GC(679) Humongous regions: 129->129
[2022-04-22T20:44:11.330+0800][gc,metaspace ] GC(679) Metaspace: 43496K->43496K(1089536K)
[2022-04-22T20:44:11.330+0800][gc           ] GC(679) Pause Young (Normal) (G1 Evacuation Pause) 407M->360M(1024M) 14.236ms
[2022-04-22T20:44:11.330+0800][gc,cpu       ] GC(679) User=0.04s Sys=0.01s Real=0.02s
[2022-04-22T20:44:28.577+0800][gc,start     ] GC(680) Pause Young (Normal) (G1 Evacuation Pause)
[2022-04-22T20:44:28.577+0800][gc,task      ] GC(680) Using 8 workers of 8 for evacuation
[2022-04-22T20:44:28.594+0800][gc,phases    ] GC(680)   Pre Evacuate Collection Set: 0.2ms
[2022-04-22T20:44:28.594+0800][gc,phases    ] GC(680)   Evacuate Collection Set: 15.2ms
[2022-04-22T20:44:28.594+0800][gc,phases    ] GC(680)   Post Evacuate Collection Set: 1.4ms
[2022-04-22T20:44:28.594+0800][gc,phases    ] GC(680)   Other: 0.9ms
[2022-04-22T20:44:28.594+0800][gc,heap      ] GC(680) Eden regions: 47->0(46)
[2022-04-22T20:44:28.594+0800][gc,heap      ] GC(680) Survivor regions: 4->5(7)
[2022-04-22T20:44:28.594+0800][gc,heap      ] GC(680) Old regions: 227->227
[2022-04-22T20:44:28.594+0800][gc,heap      ] GC(680) Archive regions: 2->2
[2022-04-22T20:44:28.594+0800][gc,heap      ] GC(680) Humongous regions: 129->129
[2022-04-22T20:44:28.594+0800][gc,metaspace ] GC(680) Metaspace: 43496K->43496K(1089536K)
[2022-04-22T20:44:28.594+0800][gc           ] GC(680) Pause Young (Normal) (G1 Evacuation Pause) 407M->361M(1024M) 17.630ms
[2022-04-22T20:44:28.594+0800][gc,cpu       ] GC(680) User=0.03s Sys=0.00s Real=0.02s
[2022-04-22T20:44:45.395+0800][gc,start     ] GC(681) Pause Young (Normal) (G1 Evacuation Pause)
[2022-04-22T20:44:45.396+0800][gc,task      ] GC(681) Using 8 workers of 8 for evacuation
[2022-04-22T20:44:45.438+0800][gc,mmu       ] GC(681) MMU target violated: 21.0ms (20.0ms/21.0ms)
[2022-04-22T20:44:45.438+0800][gc,phases    ] GC(681)   Pre Evacuate Collection Set: 0.2ms
[2022-04-22T20:44:45.438+0800][gc,phases    ] GC(681)   Evacuate Collection Set: 39.6ms
[2022-04-22T20:44:45.438+0800][gc,phases    ] GC(681)   Post Evacuate Collection Set: 0.7ms
[2022-04-22T20:44:45.438+0800][gc,phases    ] GC(681)   Other: 2.1ms
[2022-04-22T20:44:45.438+0800][gc,heap      ] GC(681) Eden regions: 46->0(47)
[2022-04-22T20:44:45.438+0800][gc,heap      ] GC(681) Survivor regions: 5->4(7)
[2022-04-22T20:44:45.438+0800][gc,heap      ] GC(681) Old regions: 227->229
[2022-04-22T20:44:45.438+0800][gc,heap      ] GC(681) Archive regions: 2->2
[2022-04-22T20:44:45.438+0800][gc,heap      ] GC(681) Humongous regions: 129->129
[2022-04-22T20:44:45.438+0800][gc,metaspace ] GC(681) Metaspace: 43496K->43496K(1089536K)
[2022-04-22T20:44:45.438+0800][gc           ] GC(681) Pause Young (Normal) (G1 Evacuation Pause) 407M->361M(1024M) 42.626ms
[2022-04-22T20:44:45.438+0800][gc,cpu       ] GC(681) User=0.03s Sys=0.03s Real=0.04s
[2022-04-22T20:45:02.770+0800][gc,start     ] GC(682) Pause Young (Concurrent Start) (G1 Evacuation Pause)
[2022-04-22T20:45:02.771+0800][gc,task      ] GC(682) Using 8 workers of 8 for evacuation
[2022-04-22T20:45:02.821+0800][gc,mmu       ] GC(682) MMU target violated: 21.0ms (20.0ms/21.0ms)
[2022-04-22T20:45:02.821+0800][gc,phases    ] GC(682)   Pre Evacuate Collection Set: 0.6ms
[2022-04-22T20:45:02.821+0800][gc,phases    ] GC(682)   Evacuate Collection Set: 45.3ms
[2022-04-22T20:45:02.821+0800][gc,phases    ] GC(682)   Post Evacuate Collection Set: 3.1ms
[2022-04-22T20:45:02.821+0800][gc,phases    ] GC(682)   Other: 2.0ms
[2022-04-22T20:45:02.821+0800][gc,heap      ] GC(682) Eden regions: 47->0(47)
[2022-04-22T20:45:02.821+0800][gc,heap      ] GC(682) Survivor regions: 4->4(7)
[2022-04-22T20:45:02.821+0800][gc,heap      ] GC(682) Old regions: 229->229
[2022-04-22T20:45:02.822+0800][gc,heap      ] GC(682) Archive regions: 2->2
[2022-04-22T20:45:02.822+0800][gc,heap      ] GC(682) Humongous regions: 129->129
[2022-04-22T20:45:02.822+0800][gc,metaspace ] GC(682) Metaspace: 43496K->43496K(1089536K)
[2022-04-22T20:45:02.822+0800][gc           ] GC(682) Pause Young (Concurrent Start) (G1 Evacuation Pause) 408M->361M(1024M) 51.120ms
[2022-04-22T20:45:02.822+0800][gc,cpu       ] GC(682) User=0.04s Sys=0.04s Real=0.05s
[2022-04-22T20:45:02.823+0800][gc           ] GC(683) Concurrent Cycle
[2022-04-22T20:45:02.823+0800][gc,marking   ] GC(683) Concurrent Clear Claimed Marks
[2022-04-22T20:45:02.823+0800][gc,marking   ] GC(683) Concurrent Clear Claimed Marks 0.073ms
[2022-04-22T20:45:02.823+0800][gc,marking   ] GC(683) Concurrent Scan Root Regions
[2022-04-22T20:45:02.847+0800][gc,marking   ] GC(683) Concurrent Scan Root Regions 23.781ms
[2022-04-22T20:45:02.847+0800][gc,marking   ] GC(683) Concurrent Mark (49913.878s)
[2022-04-22T20:45:02.847+0800][gc,marking   ] GC(683) Concurrent Mark From Roots
[2022-04-22T20:45:02.847+0800][gc,task      ] GC(683) Using 2 workers of 2 for marking
[2022-04-22T20:45:03.019+0800][gc,marking   ] GC(683) Concurrent Mark From Roots 172.169ms
[2022-04-22T20:45:03.041+0800][gc,marking   ] GC(683) Concurrent Preclean
[2022-04-22T20:45:03.041+0800][gc,marking   ] GC(683) Concurrent Preclean 0.124ms
[2022-04-22T20:45:03.041+0800][gc,marking   ] GC(683) Concurrent Mark (49913.878s, 49914.072s) 194.250ms
[2022-04-22T20:45:03.042+0800][gc,start     ] GC(683) Pause Remark
[2022-04-22T20:45:03.125+0800][gc,mmu       ] GC(683) MMU target violated: 21.0ms (20.0ms/21.0ms)
[2022-04-22T20:45:03.125+0800][gc           ] GC(683) Pause Remark 362M->278M(1024M) 82.678ms
[2022-04-22T20:45:03.125+0800][gc,cpu       ] GC(683) User=0.03s Sys=0.07s Real=0.08s
[2022-04-22T20:45:03.125+0800][gc,marking   ] GC(683) Concurrent Rebuild Remembered Sets
[2022-04-22T20:45:03.245+0800][gc,marking   ] GC(683) Concurrent Rebuild Remembered Sets 119.931ms
[2022-04-22T20:45:03.246+0800][gc,start     ] GC(683) Pause Cleanup
[2022-04-22T20:45:03.247+0800][gc           ] GC(683) Pause Cleanup 278M->278M(1024M) 0.228ms
[2022-04-22T20:45:03.247+0800][gc,cpu       ] GC(683) User=0.00s Sys=0.00s Real=0.00s
[2022-04-22T20:45:03.247+0800][gc,marking   ] GC(683) Concurrent Cleanup for Next Mark
[2022-04-22T20:45:03.261+0800][gc,marking   ] GC(683) Concurrent Cleanup for Next Mark 14.281ms
[2022-04-22T20:45:03.261+0800][gc           ] GC(683) Concurrent Cycle 438.164ms
[2022-04-22T20:45:20.212+0800][gc,start     ] GC(684) Pause Young (Prepare Mixed) (G1 Evacuation Pause)
[2022-04-22T20:45:20.213+0800][gc,task      ] GC(684) Using 8 workers of 8 for evacuation
[2022-04-22T20:45:20.241+0800][gc,mmu       ] GC(684) MMU target violated: 21.0ms (20.0ms/21.0ms)
[2022-04-22T20:45:20.241+0800][gc,phases    ] GC(684)   Pre Evacuate Collection Set: 0.2ms
[2022-04-22T20:45:20.241+0800][gc,phases    ] GC(684)   Evacuate Collection Set: 26.3ms
[2022-04-22T20:45:20.241+0800][gc,phases    ] GC(684)   Post Evacuate Collection Set: 0.4ms
[2022-04-22T20:45:20.241+0800][gc,phases    ] GC(684)   Other: 1.9ms
[2022-04-22T20:45:20.241+0800][gc,heap      ] GC(684) Eden regions: 47->0(47)
[2022-04-22T20:45:20.241+0800][gc,heap      ] GC(684) Survivor regions: 4->4(7)
[2022-04-22T20:45:20.241+0800][gc,heap      ] GC(684) Old regions: 145->145
[2022-04-22T20:45:20.241+0800][gc,heap      ] GC(684) Archive regions: 2->2
[2022-04-22T20:45:20.241+0800][gc,heap      ] GC(684) Humongous regions: 129->129
[2022-04-22T20:45:20.241+0800][gc,metaspace ] GC(684) Metaspace: 43496K->43496K(1089536K)
[2022-04-22T20:45:20.241+0800][gc           ] GC(684) Pause Young (Prepare Mixed) (G1 Evacuation Pause) 324M->278M(1024M) 28.792ms
[2022-04-22T20:45:20.241+0800][gc,cpu       ] GC(684) User=0.04s Sys=0.00s Real=0.03s
[2022-04-22T20:45:37.590+0800][gc,start     ] GC(685) Pause Young (Mixed) (G1 Evacuation Pause)
[2022-04-22T20:45:37.591+0800][gc,task      ] GC(685) Using 8 workers of 8 for evacuation
[2022-04-22T20:45:37.606+0800][gc,phases    ] GC(685)   Pre Evacuate Collection Set: 0.4ms
[2022-04-22T20:45:37.606+0800][gc,phases    ] GC(685)   Evacuate Collection Set: 12.1ms
[2022-04-22T20:45:37.606+0800][gc,phases    ] GC(685)   Post Evacuate Collection Set: 1.3ms
[2022-04-22T20:45:37.606+0800][gc,phases    ] GC(685)   Other: 1.5ms
[2022-04-22T20:45:37.606+0800][gc,heap      ] GC(685) Eden regions: 47->0(46)
[2022-04-22T20:45:37.606+0800][gc,heap      ] GC(685) Survivor regions: 4->5(7)
[2022-04-22T20:45:37.606+0800][gc,heap      ] GC(685) Old regions: 145->128
[2022-04-22T20:45:37.606+0800][gc,heap      ] GC(685) Archive regions: 2->2
[2022-04-22T20:45:37.606+0800][gc,heap      ] GC(685) Humongous regions: 129->129
[2022-04-22T20:45:37.606+0800][gc,metaspace ] GC(685) Metaspace: 43496K->43496K(1089536K)
[2022-04-22T20:45:37.606+0800][gc           ] GC(685) Pause Young (Mixed) (G1 Evacuation Pause) 325M->261M(1024M) 15.451ms
[2022-04-22T20:45:37.606+0800][gc,cpu       ] GC(685) User=0.04s Sys=0.01s Real=0.01s
[2022-04-22T20:45:54.382+0800][gc,start     ] GC(686) Pause Young (Mixed) (G1 Evacuation Pause)
[2022-04-22T20:45:54.383+0800][gc,task      ] GC(686) Using 8 workers of 8 for evacuation
[2022-04-22T20:45:54.402+0800][gc,phases    ] GC(686)   Pre Evacuate Collection Set: 0.3ms
[2022-04-22T20:45:54.402+0800][gc,phases    ] GC(686)   Evacuate Collection Set: 16.7ms
[2022-04-22T20:45:54.402+0800][gc,phases    ] GC(686)   Post Evacuate Collection Set: 1.6ms
[2022-04-22T20:45:54.402+0800][gc,phases    ] GC(686)   Other: 1.5ms
[2022-04-22T20:45:54.402+0800][gc,heap      ] GC(686) Eden regions: 46->0(47)
[2022-04-22T20:45:54.402+0800][gc,heap      ] GC(686) Survivor regions: 5->4(7)
[2022-04-22T20:45:54.402+0800][gc,heap      ] GC(686) Old regions: 128->112
[2022-04-22T20:45:54.403+0800][gc,heap      ] GC(686) Archive regions: 2->2
[2022-04-22T20:45:54.403+0800][gc,heap      ] GC(686) Humongous regions: 129->129
[2022-04-22T20:45:54.403+0800][gc,metaspace ] GC(686) Metaspace: 43496K->43496K(1089536K)
[2022-04-22T20:45:54.403+0800][gc           ] GC(686) Pause Young (Mixed) (G1 Evacuation Pause) 307M->244M(1024M) 20.193ms
[2022-04-22T20:45:54.403+0800][gc,cpu       ] GC(686) User=0.04s Sys=0.02s Real=0.02s
[2022-04-22T20:46:11.774+0800][gc,start     ] GC(687) Pause Young (Mixed) (G1 Evacuation Pause)
[2022-04-22T20:46:11.774+0800][gc,task      ] GC(687) Using 8 workers of 8 for evacuation
[2022-04-22T20:46:11.793+0800][gc,phases    ] GC(687)   Pre Evacuate Collection Set: 0.1ms
[2022-04-22T20:46:11.793+0800][gc,phases    ] GC(687)   Evacuate Collection Set: 15.6ms
[2022-04-22T20:46:11.793+0800][gc,phases    ] GC(687)   Post Evacuate Collection Set: 2.2ms
[2022-04-22T20:46:11.793+0800][gc,phases    ] GC(687)   Other: 1.0ms
[2022-04-22T20:46:11.793+0800][gc,heap      ] GC(687) Eden regions: 47->0(46)
[2022-04-22T20:46:11.793+0800][gc,heap      ] GC(687) Survivor regions: 4->5(7)
[2022-04-22T20:46:11.793+0800][gc,heap      ] GC(687) Old regions: 112->95
[2022-04-22T20:46:11.793+0800][gc,heap      ] GC(687) Archive regions: 2->2
[2022-04-22T20:46:11.793+0800][gc,heap      ] GC(687) Humongous regions: 129->129
[2022-04-22T20:46:11.793+0800][gc,metaspace ] GC(687) Metaspace: 43496K->43496K(1089536K)
[2022-04-22T20:46:11.793+0800][gc           ] GC(687) Pause Young (Mixed) (G1 Evacuation Pause) 291M->228M(1024M) 19.117ms
[2022-04-22T20:46:11.793+0800][gc,cpu       ] GC(687) User=0.04s Sys=0.01s Real=0.02s
[2022-04-22T20:46:28.596+0800][gc,start     ] GC(688) Pause Young (Mixed) (G1 Evacuation Pause)
[2022-04-22T20:46:28.596+0800][gc,task      ] GC(688) Using 8 workers of 8 for evacuation
[2022-04-22T20:46:28.639+0800][gc,mmu       ] GC(688) MMU target violated: 21.0ms (20.0ms/21.0ms)
[2022-04-22T20:46:28.639+0800][gc,phases    ] GC(688)   Pre Evacuate Collection Set: 0.2ms
[2022-04-22T20:46:28.639+0800][gc,phases    ] GC(688)   Evacuate Collection Set: 37.1ms
[2022-04-22T20:46:28.639+0800][gc,phases    ] GC(688)   Post Evacuate Collection Set: 1.2ms
[2022-04-22T20:46:28.639+0800][gc,phases    ] GC(688)   Other: 5.1ms
[2022-04-22T20:46:28.639+0800][gc,heap      ] GC(688) Eden regions: 46->0(46)
[2022-04-22T20:46:28.639+0800][gc,heap      ] GC(688) Survivor regions: 5->5(7)
[2022-04-22T20:46:28.639+0800][gc,heap      ] GC(688) Old regions: 95->79
[2022-04-22T20:46:28.639+0800][gc,heap      ] GC(688) Archive regions: 2->2
[2022-04-22T20:46:28.639+0800][gc,heap      ] GC(688) Humongous regions: 129->129
[2022-04-22T20:46:28.639+0800][gc,metaspace ] GC(688) Metaspace: 43496K->43496K(1089536K)
[2022-04-22T20:46:28.639+0800][gc           ] GC(688) Pause Young (Mixed) (G1 Evacuation Pause) 274M->212M(1024M) 43.732ms
[2022-04-22T20:46:28.639+0800][gc,cpu       ] GC(688) User=0.04s Sys=0.02s Real=0.04s
[2022-04-22T20:46:45.285+0800][gc,start     ] GC(689) Pause Young (Mixed) (G1 Evacuation Pause)
[2022-04-22T20:46:45.285+0800][gc,task      ] GC(689) Using 8 workers of 8 for evacuation
[2022-04-22T20:46:45.394+0800][gc,mmu       ] GC(689) MMU target violated: 21.0ms (20.0ms/21.0ms)
[2022-04-22T20:46:45.395+0800][gc,phases    ] GC(689)   Pre Evacuate Collection Set: 0.4ms
[2022-04-22T20:46:45.395+0800][gc,phases    ] GC(689)   Evacuate Collection Set: 105.7ms
[2022-04-22T20:46:45.395+0800][gc,phases    ] GC(689)   Post Evacuate Collection Set: 1.5ms
[2022-04-22T20:46:45.395+0800][gc,phases    ] GC(689)   Other: 2.8ms
[2022-04-22T20:46:45.395+0800][gc,heap      ] GC(689) Eden regions: 46->0(47)
[2022-04-22T20:46:45.395+0800][gc,heap      ] GC(689) Survivor regions: 5->4(7)
[2022-04-22T20:46:45.395+0800][gc,heap      ] GC(689) Old regions: 79->63
[2022-04-22T20:46:45.395+0800][gc,heap      ] GC(689) Archive regions: 2->2
[2022-04-22T20:46:45.395+0800][gc,heap      ] GC(689) Humongous regions: 129->129
[2022-04-22T20:46:45.395+0800][gc,metaspace ] GC(689) Metaspace: 43496K->43496K(1089536K)
[2022-04-22T20:46:45.395+0800][gc           ] GC(689) Pause Young (Mixed) (G1 Evacuation Pause) 258M->195M(1024M) 109.870ms
[2022-04-22T20:46:45.395+0800][gc,cpu       ] GC(689) User=0.09s Sys=0.07s Real=0.11s
[2022-04-22T20:47:02.619+0800][gc,start     ] GC(690) Pause Young (Normal) (G1 Evacuation Pause)
[2022-04-22T20:47:02.619+0800][gc,task      ] GC(690) Using 8 workers of 8 for evacuation
[2022-04-22T20:47:02.634+0800][gc,phases    ] GC(690)   Pre Evacuate Collection Set: 0.2ms
[2022-04-22T20:47:02.634+0800][gc,phases    ] GC(690)   Evacuate Collection Set: 13.7ms
[2022-04-22T20:47:02.634+0800][gc,phases    ] GC(690)   Post Evacuate Collection Set: 0.7ms
[2022-04-22T20:47:02.634+0800][gc,phases    ] GC(690)   Other: 1.0ms
[2022-04-22T20:47:02.634+0800][gc,heap      ] GC(690) Eden regions: 47->0(46)
[2022-04-22T20:47:02.634+0800][gc,heap      ] GC(690) Survivor regions: 4->5(7)
[2022-04-22T20:47:02.634+0800][gc,heap      ] GC(690) Old regions: 63->63
[2022-04-22T20:47:02.634+0800][gc,heap      ] GC(690) Archive regions: 2->2
[2022-04-22T20:47:02.634+0800][gc,heap      ] GC(690) Humongous regions: 129->129
[2022-04-22T20:47:02.634+0800][gc,metaspace ] GC(690) Metaspace: 43496K->43496K(1089536K)
[2022-04-22T20:47:02.634+0800][gc           ] GC(690) Pause Young (Normal) (G1 Evacuation Pause) 242M->196M(1024M) 15.619ms
[2022-04-22T20:47:02.635+0800][gc,cpu       ] GC(690) User=0.04s Sys=0.00s Real=0.02s
[2022-04-22T20:47:19.667+0800][gc,start     ] GC(691) Pause Young (Normal) (G1 Evacuation Pause)
[2022-04-22T20:47:19.668+0800][gc,task      ] GC(691) Using 8 workers of 8 for evacuation
[2022-04-22T20:47:19.684+0800][gc,phases    ] GC(691)   Pre Evacuate Collection Set: 0.2ms
[2022-04-22T20:47:19.684+0800][gc,phases    ] GC(691)   Evacuate Collection Set: 14.5ms
[2022-04-22T20:47:19.684+0800][gc,phases    ] GC(691)   Post Evacuate Collection Set: 0.6ms
[2022-04-22T20:47:19.684+0800][gc,phases    ] GC(691)   Other: 1.3ms
[2022-04-22T20:47:19.684+0800][gc,heap      ] GC(691) Eden regions: 46->0(47)
[2022-04-22T20:47:19.684+0800][gc,heap      ] GC(691) Survivor regions: 5->4(7)
[2022-04-22T20:47:19.684+0800][gc,heap      ] GC(691) Old regions: 63->63
[2022-04-22T20:47:19.684+0800][gc,heap      ] GC(691) Archive regions: 2->2
[2022-04-22T20:47:19.684+0800][gc,heap      ] GC(691) Humongous regions: 129->129
[2022-04-22T20:47:19.684+0800][gc,metaspace ] GC(691) Metaspace: 43496K->43496K(1089536K)
[2022-04-22T20:47:19.684+0800][gc           ] GC(691) Pause Young (Normal) (G1 Evacuation Pause) 242M->196M(1024M) 16.806ms
[2022-04-22T20:47:19.684+0800][gc,cpu       ] GC(691) User=0.05s Sys=0.01s Real=0.02s
[2022-04-22T20:47:36.978+0800][gc,start     ] GC(692) Pause Young (Normal) (G1 Evacuation Pause)
[2022-04-22T20:47:36.978+0800][gc,task      ] GC(692) Using 8 workers of 8 for evacuation
[2022-04-22T20:47:36.992+0800][gc,phases    ] GC(692)   Pre Evacuate Collection Set: 0.2ms
[2022-04-22T20:47:36.992+0800][gc,phases    ] GC(692)   Evacuate Collection Set: 12.7ms
[2022-04-22T20:47:36.992+0800][gc,phases    ] GC(692)   Post Evacuate Collection Set: 0.6ms
[2022-04-22T20:47:36.992+0800][gc,phases    ] GC(692)   Other: 1.0ms
[2022-04-22T20:47:36.992+0800][gc,heap      ] GC(692) Eden regions: 47->0(47)
[2022-04-22T20:47:36.992+0800][gc,heap      ] GC(692) Survivor regions: 4->4(7)
[2022-04-22T20:47:36.992+0800][gc,heap      ] GC(692) Old regions: 63->63
[2022-04-22T20:47:36.992+0800][gc,heap      ] GC(692) Archive regions: 2->2
[2022-04-22T20:47:36.992+0800][gc,heap      ] GC(692) Humongous regions: 129->129
[2022-04-22T20:47:36.992+0800][gc,metaspace ] GC(692) Metaspace: 43496K->43496K(1089536K)
[2022-04-22T20:47:36.992+0800][gc           ] GC(692) Pause Young (Normal) (G1 Evacuation Pause) 243M->196M(1024M) 14.568ms
[2022-04-22T20:47:36.992+0800][gc,cpu       ] GC(692) User=0.04s Sys=0.00s Real=0.02s
[2022-04-22T20:47:54.086+0800][gc,start     ] GC(693) Pause Young (Normal) (G1 Evacuation Pause)
[2022-04-22T20:47:54.086+0800][gc,task      ] GC(693) Using 8 workers of 8 for evacuation
[2022-04-22T20:47:54.113+0800][gc,mmu       ] GC(693) MMU target violated: 21.0ms (20.0ms/21.0ms)
[2022-04-22T20:47:54.113+0800][gc,phases    ] GC(693)   Pre Evacuate Collection Set: 0.2ms
[2022-04-22T20:47:54.113+0800][gc,phases    ] GC(693)   Evacuate Collection Set: 25.1ms
[2022-04-22T20:47:54.114+0800][gc,phases    ] GC(693)   Post Evacuate Collection Set: 0.9ms
[2022-04-22T20:47:54.114+0800][gc,phases    ] GC(693)   Other: 1.5ms
[2022-04-22T20:47:54.114+0800][gc,heap      ] GC(693) Eden regions: 47->0(47)
[2022-04-22T20:47:54.114+0800][gc,heap      ] GC(693) Survivor regions: 4->4(7)
[2022-04-22T20:47:54.114+0800][gc,heap      ] GC(693) Old regions: 63->64
[2022-04-22T20:47:54.114+0800][gc,heap      ] GC(693) Archive regions: 2->2
[2022-04-22T20:47:54.114+0800][gc,heap      ] GC(693) Humongous regions: 129->129
[2022-04-22T20:47:54.114+0800][gc,metaspace ] GC(693) Metaspace: 43496K->43496K(1089536K)
[2022-04-22T20:47:54.114+0800][gc           ] GC(693) Pause Young (Normal) (G1 Evacuation Pause) 243M->196M(1024M) 27.794ms
[2022-04-22T20:47:54.114+0800][gc,cpu       ] GC(693) User=0.04s Sys=0.03s Real=0.03s
[2022-04-22T20:48:11.349+0800][gc,start     ] GC(694) Pause Young (Normal) (G1 Evacuation Pause)
[2022-04-22T20:48:11.349+0800][gc,task      ] GC(694) Using 8 workers of 8 for evacuation
[2022-04-22T20:48:11.361+0800][gc,phases    ] GC(694)   Pre Evacuate Collection Set: 0.1ms
[2022-04-22T20:48:11.361+0800][gc,phases    ] GC(694)   Evacuate Collection Set: 10.4ms
[2022-04-22T20:48:11.361+0800][gc,phases    ] GC(694)   Post Evacuate Collection Set: 0.6ms
[2022-04-22T20:48:11.361+0800][gc,phases    ] GC(694)   Other: 1.0ms
[2022-04-22T20:48:11.361+0800][gc,heap      ] GC(694) Eden regions: 47->0(46)
[2022-04-22T20:48:11.361+0800][gc,heap      ] GC(694) Survivor regions: 4->6(7)
[2022-04-22T20:48:11.361+0800][gc,heap      ] GC(694) Old regions: 64->64
[2022-04-22T20:48:11.361+0800][gc,heap      ] GC(694) Archive regions: 2->2
[2022-04-22T20:48:11.361+0800][gc,heap      ] GC(694) Humongous regions: 129->129
[2022-04-22T20:48:11.361+0800][gc,metaspace ] GC(694) Metaspace: 43496K->43496K(1089536K)
[2022-04-22T20:48:11.361+0800][gc           ] GC(694) Pause Young (Normal) (G1 Evacuation Pause) 243M->198M(1024M) 12.372ms
[2022-04-22T20:48:11.361+0800][gc,cpu       ] GC(694) User=0.03s Sys=0.00s Real=0.02s
[2022-04-22T20:48:28.400+0800][gc,start     ] GC(695) Pause Young (Normal) (G1 Evacuation Pause)
[2022-04-22T20:48:28.402+0800][gc,task      ] GC(695) Using 8 workers of 8 for evacuation
[2022-04-22T20:48:28.458+0800][gc,mmu       ] GC(695) MMU target violated: 21.0ms (20.0ms/21.0ms)
[2022-04-22T20:48:28.458+0800][gc,phases    ] GC(695)   Pre Evacuate Collection Set: 0.3ms
[2022-04-22T20:48:28.458+0800][gc,phases    ] GC(695)   Evacuate Collection Set: 54.0ms
[2022-04-22T20:48:28.458+0800][gc,phases    ] GC(695)   Post Evacuate Collection Set: 1.0ms
[2022-04-22T20:48:28.458+0800][gc,phases    ] GC(695)   Other: 2.8ms
[2022-04-22T20:48:28.458+0800][gc,heap      ] GC(695) Eden regions: 46->0(47)
[2022-04-22T20:48:28.458+0800][gc,heap      ] GC(695) Survivor regions: 6->4(7)
[2022-04-22T20:48:28.458+0800][gc,heap      ] GC(695) Old regions: 64->66
[2022-04-22T20:48:28.458+0800][gc,heap      ] GC(695) Archive regions: 2->2
[2022-04-22T20:48:28.458+0800][gc,heap      ] GC(695) Humongous regions: 129->129
[2022-04-22T20:48:28.458+0800][gc,metaspace ] GC(695) Metaspace: 43496K->43496K(1089536K)
[2022-04-22T20:48:28.458+0800][gc           ] GC(695) Pause Young (Normal) (G1 Evacuation Pause) 244M->198M(1024M) 58.178ms
[2022-04-22T20:48:28.459+0800][gc,cpu       ] GC(695) User=0.05s Sys=0.04s Real=0.05s
[2022-04-22T20:48:45.770+0800][gc,start     ] GC(696) Pause Young (Normal) (G1 Evacuation Pause)
[2022-04-22T20:48:45.771+0800][gc,task      ] GC(696) Using 8 workers of 8 for evacuation
[2022-04-22T20:48:45.790+0800][gc,phases    ] GC(696)   Pre Evacuate Collection Set: 0.1ms
[2022-04-22T20:48:45.790+0800][gc,phases    ] GC(696)   Evacuate Collection Set: 17.9ms
[2022-04-22T20:48:45.790+0800][gc,phases    ] GC(696)   Post Evacuate Collection Set: 0.6ms
[2022-04-22T20:48:45.790+0800][gc,phases    ] GC(696)   Other: 0.9ms
[2022-04-22T20:48:45.790+0800][gc,heap      ] GC(696) Eden regions: 47->0(47)
[2022-04-22T20:48:45.790+0800][gc,heap      ] GC(696) Survivor regions: 4->4(7)
[2022-04-22T20:48:45.790+0800][gc,heap      ] GC(696) Old regions: 66->66
[2022-04-22T20:48:45.790+0800][gc,heap      ] GC(696) Archive regions: 2->2
[2022-04-22T20:48:45.790+0800][gc,heap      ] GC(696) Humongous regions: 129->129
[2022-04-22T20:48:45.790+0800][gc,metaspace ] GC(696) Metaspace: 43496K->43496K(1089536K)
[2022-04-22T20:48:45.790+0800][gc           ] GC(696) Pause Young (Normal) (G1 Evacuation Pause) 245M->198M(1024M) 19.689ms
[2022-04-22T20:48:45.790+0800][gc,cpu       ] GC(696) User=0.04s Sys=0.01s Real=0.02s
[2022-04-22T20:49:03.158+0800][gc,start     ] GC(697) Pause Young (Normal) (G1 Evacuation Pause)
[2022-04-22T20:49:03.159+0800][gc,task      ] GC(697) Using 8 workers of 8 for evacuation
[2022-04-22T20:49:03.176+0800][gc,phases    ] GC(697)   Pre Evacuate Collection Set: 0.3ms
[2022-04-22T20:49:03.176+0800][gc,phases    ] GC(697)   Evacuate Collection Set: 15.4ms
[2022-04-22T20:49:03.176+0800][gc,phases    ] GC(697)   Post Evacuate Collection Set: 0.7ms
[2022-04-22T20:49:03.176+0800][gc,phases    ] GC(697)   Other: 1.5ms
[2022-04-22T20:49:03.176+0800][gc,heap      ] GC(697) Eden regions: 47->0(47)
[2022-04-22T20:49:03.176+0800][gc,heap      ] GC(697) Survivor regions: 4->4(7)
[2022-04-22T20:49:03.176+0800][gc,heap      ] GC(697) Old regions: 66->66
[2022-04-22T20:49:03.176+0800][gc,heap      ] GC(697) Archive regions: 2->2
[2022-04-22T20:49:03.176+0800][gc,heap      ] GC(697) Humongous regions: 129->129
[2022-04-22T20:49:03.176+0800][gc,metaspace ] GC(697) Metaspace: 43496K->43496K(1089536K)
[2022-04-22T20:49:03.176+0800][gc           ] GC(697) Pause Young (Normal) (G1 Evacuation Pause) 245M->199M(1024M) 18.180ms
[2022-04-22T20:49:03.176+0800][gc,cpu       ] GC(697) User=0.05s Sys=0.01s Real=0.02s
[2022-04-22T20:49:20.319+0800][gc,start     ] GC(698) Pause Young (Normal) (G1 Evacuation Pause)
[2022-04-22T20:49:20.320+0800][gc,task      ] GC(698) Using 8 workers of 8 for evacuation
[2022-04-22T20:49:20.332+0800][gc,phases    ] GC(698)   Pre Evacuate Collection Set: 0.3ms
[2022-04-22T20:49:20.332+0800][gc,phases    ] GC(698)   Evacuate Collection Set: 9.9ms
[2022-04-22T20:49:20.332+0800][gc,phases    ] GC(698)   Post Evacuate Collection Set: 0.7ms
[2022-04-22T20:49:20.332+0800][gc,phases    ] GC(698)   Other: 1.4ms
[2022-04-22T20:49:20.332+0800][gc,heap      ] GC(698) Eden regions: 47->0(47)
[2022-04-22T20:49:20.332+0800][gc,heap      ] GC(698) Survivor regions: 4->4(7)
[2022-04-22T20:49:20.332+0800][gc,heap      ] GC(698) Old regions: 66->66
[2022-04-22T20:49:20.332+0800][gc,heap      ] GC(698) Archive regions: 2->2
[2022-04-22T20:49:20.332+0800][gc,heap      ] GC(698) Humongous regions: 129->129
[2022-04-22T20:49:20.332+0800][gc,metaspace ] GC(698) Metaspace: 43496K->43496K(1089536K)
[2022-04-22T20:49:20.332+0800][gc           ] GC(698) Pause Young (Normal) (G1 Evacuation Pause) 246M->199M(1024M) 12.674ms
[2022-04-22T20:49:20.332+0800][gc,cpu       ] GC(698) User=0.04s Sys=0.00s Real=0.02s
[2022-04-22T20:49:37.616+0800][gc,start     ] GC(699) Pause Young (Normal) (G1 Evacuation Pause)
[2022-04-22T20:49:37.617+0800][gc,task      ] GC(699) Using 8 workers of 8 for evacuation
[2022-04-22T20:49:37.637+0800][gc,phases    ] GC(699)   Pre Evacuate Collection Set: 0.4ms
[2022-04-22T20:49:37.637+0800][gc,phases    ] GC(699)   Evacuate Collection Set: 17.8ms
[2022-04-22T20:49:37.637+0800][gc,phases    ] GC(699)   Post Evacuate Collection Set: 0.7ms
[2022-04-22T20:49:37.637+0800][gc,phases    ] GC(699)   Other: 1.9ms
[2022-04-22T20:49:37.637+0800][gc,heap      ] GC(699) Eden regions: 47->0(47)
[2022-04-22T20:49:37.637+0800][gc,heap      ] GC(699) Survivor regions: 4->4(7)
[2022-04-22T20:49:37.637+0800][gc,heap      ] GC(699) Old regions: 66->67
[2022-04-22T20:49:37.637+0800][gc,heap      ] GC(699) Archive regions: 2->2
[2022-04-22T20:49:37.637+0800][gc,heap      ] GC(699) Humongous regions: 129->129
[2022-04-22T20:49:37.637+0800][gc,metaspace ] GC(699) Metaspace: 43496K->43496K(1089536K)
[2022-04-22T20:49:37.638+0800][gc           ] GC(699) Pause Young (Normal) (G1 Evacuation Pause) 246M->199M(1024M) 21.145ms
[2022-04-22T20:49:37.638+0800][gc,cpu       ] GC(699) User=0.05s Sys=0.01s Real=0.02s
[2022-04-22T20:49:54.900+0800][gc,start     ] GC(700) Pause Young (Normal) (G1 Evacuation Pause)
[2022-04-22T20:49:54.901+0800][gc,task      ] GC(700) Using 8 workers of 8 for evacuation
[2022-04-22T20:49:54.936+0800][gc,mmu       ] GC(700) MMU target violated: 21.0ms (20.0ms/21.0ms)
[2022-04-22T20:49:54.936+0800][gc,phases    ] GC(700)   Pre Evacuate Collection Set: 0.3ms
[2022-04-22T20:49:54.936+0800][gc,phases    ] GC(700)   Evacuate Collection Set: 31.8ms
[2022-04-22T20:49:54.936+0800][gc,phases    ] GC(700)   Post Evacuate Collection Set: 1.7ms
[2022-04-22T20:49:54.936+0800][gc,phases    ] GC(700)   Other: 2.1ms
[2022-04-22T20:49:54.936+0800][gc,heap      ] GC(700) Eden regions: 47->0(46)
[2022-04-22T20:49:54.936+0800][gc,heap      ] GC(700) Survivor regions: 4->5(7)
[2022-04-22T20:49:54.936+0800][gc,heap      ] GC(700) Old regions: 67->67
[2022-04-22T20:49:54.936+0800][gc,heap      ] GC(700) Archive regions: 2->2
[2022-04-22T20:49:54.936+0800][gc,heap      ] GC(700) Humongous regions: 129->129
[2022-04-22T20:49:54.936+0800][gc,metaspace ] GC(700) Metaspace: 43496K->43496K(1089536K)
[2022-04-22T20:49:54.936+0800][gc           ] GC(700) Pause Young (Normal) (G1 Evacuation Pause) 246M->199M(1024M) 35.951ms
[2022-04-22T20:49:54.936+0800][gc,cpu       ] GC(700) User=0.04s Sys=0.03s Real=0.03s
[2022-04-22T20:50:11.862+0800][gc,start     ] GC(701) Pause Young (Normal) (G1 Evacuation Pause)
[2022-04-22T20:50:11.863+0800][gc,task      ] GC(701) Using 8 workers of 8 for evacuation
[2022-04-22T20:50:11.883+0800][gc,mmu       ] GC(701) MMU target violated: 20.2ms (20.0ms/21.0ms)
[2022-04-22T20:50:11.883+0800][gc,phases    ] GC(701)   Pre Evacuate Collection Set: 0.3ms
[2022-04-22T20:50:11.883+0800][gc,phases    ] GC(701)   Evacuate Collection Set: 18.9ms
[2022-04-22T20:50:11.883+0800][gc,phases    ] GC(701)   Post Evacuate Collection Set: 0.6ms
[2022-04-22T20:50:11.883+0800][gc,phases    ] GC(701)   Other: 1.6ms
[2022-04-22T20:50:11.883+0800][gc,heap      ] GC(701) Eden regions: 46->0(46)
[2022-04-22T20:50:11.883+0800][gc,heap      ] GC(701) Survivor regions: 5->5(7)
[2022-04-22T20:50:11.883+0800][gc,heap      ] GC(701) Old regions: 67->67
[2022-04-22T20:50:11.883+0800][gc,heap      ] GC(701) Archive regions: 2->2
[2022-04-22T20:50:11.883+0800][gc,heap      ] GC(701) Humongous regions: 129->129
[2022-04-22T20:50:11.883+0800][gc,metaspace ] GC(701) Metaspace: 43496K->43496K(1089536K)
[2022-04-22T20:50:11.883+0800][gc           ] GC(701) Pause Young (Normal) (G1 Evacuation Pause) 245M->200M(1024M) 21.489ms
[2022-04-22T20:50:11.884+0800][gc,cpu       ] GC(701) User=0.05s Sys=0.01s Real=0.02s
[2022-04-22T20:50:28.668+0800][gc,start     ] GC(702) Pause Young (Normal) (G1 Evacuation Pause)
[2022-04-22T20:50:28.670+0800][gc,task      ] GC(702) Using 8 workers of 8 for evacuation
[2022-04-22T20:50:28.696+0800][gc,mmu       ] GC(702) MMU target violated: 21.0ms (20.0ms/21.0ms)
[2022-04-22T20:50:28.696+0800][gc,phases    ] GC(702)   Pre Evacuate Collection Set: 0.3ms
[2022-04-22T20:50:28.696+0800][gc,phases    ] GC(702)   Evacuate Collection Set: 22.4ms
[2022-04-22T20:50:28.696+0800][gc,phases    ] GC(702)   Post Evacuate Collection Set: 2.4ms
[2022-04-22T20:50:28.696+0800][gc,phases    ] GC(702)   Other: 2.3ms
[2022-04-22T20:50:28.696+0800][gc,heap      ] GC(702) Eden regions: 46->0(46)
[2022-04-22T20:50:28.696+0800][gc,heap      ] GC(702) Survivor regions: 5->5(7)
[2022-04-22T20:50:28.696+0800][gc,heap      ] GC(702) Old regions: 67->68
[2022-04-22T20:50:28.696+0800][gc,heap      ] GC(702) Archive regions: 2->2
[2022-04-22T20:50:28.696+0800][gc,heap      ] GC(702) Humongous regions: 129->129
[2022-04-22T20:50:28.696+0800][gc,metaspace ] GC(702) Metaspace: 43496K->43496K(1089536K)
[2022-04-22T20:50:28.696+0800][gc           ] GC(702) Pause Young (Normal) (G1 Evacuation Pause) 246M->201M(1024M) 27.638ms
[2022-04-22T20:50:28.696+0800][gc,cpu       ] GC(702) User=0.05s Sys=0.01s Real=0.03s
[2022-04-22T20:50:45.545+0800][gc,start     ] GC(703) Pause Young (Normal) (G1 Evacuation Pause)
[2022-04-22T20:50:45.545+0800][gc,task      ] GC(703) Using 8 workers of 8 for evacuation
[2022-04-22T20:50:45.571+0800][gc,mmu       ] GC(703) MMU target violated: 21.0ms (20.0ms/21.0ms)
[2022-04-22T20:50:45.571+0800][gc,phases    ] GC(703)   Pre Evacuate Collection Set: 0.2ms
[2022-04-22T20:50:45.572+0800][gc,phases    ] GC(703)   Evacuate Collection Set: 24.5ms
[2022-04-22T20:50:45.572+0800][gc,phases    ] GC(703)   Post Evacuate Collection Set: 1.0ms
[2022-04-22T20:50:45.572+0800][gc,phases    ] GC(703)   Other: 1.3ms
[2022-04-22T20:50:45.572+0800][gc,heap      ] GC(703) Eden regions: 46->0(47)
[2022-04-22T20:50:45.572+0800][gc,heap      ] GC(703) Survivor regions: 5->4(7)
[2022-04-22T20:50:45.572+0800][gc,heap      ] GC(703) Old regions: 68->69
[2022-04-22T20:50:45.572+0800][gc,heap      ] GC(703) Archive regions: 2->2
[2022-04-22T20:50:45.572+0800][gc,heap      ] GC(703) Humongous regions: 129->129
[2022-04-22T20:50:45.572+0800][gc,metaspace ] GC(703) Metaspace: 43496K->43496K(1089536K)
[2022-04-22T20:50:45.572+0800][gc           ] GC(703) Pause Young (Normal) (G1 Evacuation Pause) 247M->201M(1024M) 27.120ms
[2022-04-22T20:50:45.572+0800][gc,cpu       ] GC(703) User=0.04s Sys=0.03s Real=0.03s
[2022-04-22T20:51:02.906+0800][gc,start     ] GC(704) Pause Young (Normal) (G1 Evacuation Pause)
[2022-04-22T20:51:02.907+0800][gc,task      ] GC(704) Using 8 workers of 8 for evacuation
[2022-04-22T20:51:02.915+0800][gc,phases    ] GC(704)   Pre Evacuate Collection Set: 0.1ms
[2022-04-22T20:51:02.915+0800][gc,phases    ] GC(704)   Evacuate Collection Set: 7.4ms
[2022-04-22T20:51:02.915+0800][gc,phases    ] GC(704)   Post Evacuate Collection Set: 0.4ms
[2022-04-22T20:51:02.915+0800][gc,phases    ] GC(704)   Other: 1.0ms
[2022-04-22T20:51:02.915+0800][gc,heap      ] GC(704) Eden regions: 47->0(47)
[2022-04-22T20:51:02.915+0800][gc,heap      ] GC(704) Survivor regions: 4->4(7)
[2022-04-22T20:51:02.915+0800][gc,heap      ] GC(704) Old regions: 69->69
[2022-04-22T20:51:02.915+0800][gc,heap      ] GC(704) Archive regions: 2->2
[2022-04-22T20:51:02.915+0800][gc,heap      ] GC(704) Humongous regions: 129->129
[2022-04-22T20:51:02.915+0800][gc,metaspace ] GC(704) Metaspace: 43496K->43496K(1089536K)
[2022-04-22T20:51:02.915+0800][gc           ] GC(704) Pause Young (Normal) (G1 Evacuation Pause) 248M->202M(1024M) 9.039ms
[2022-04-22T20:51:02.915+0800][gc,cpu       ] GC(704) User=0.04s Sys=0.01s Real=0.01s
[2022-04-22T20:51:20.220+0800][gc,start     ] GC(705) Pause Young (Normal) (G1 Evacuation Pause)
[2022-04-22T20:51:20.221+0800][gc,task      ] GC(705) Using 8 workers of 8 for evacuation
[2022-04-22T20:51:20.243+0800][gc,mmu       ] GC(705) MMU target violated: 21.0ms (20.0ms/21.0ms)
[2022-04-22T20:51:20.243+0800][gc,phases    ] GC(705)   Pre Evacuate Collection Set: 0.3ms
[2022-04-22T20:51:20.243+0800][gc,phases    ] GC(705)   Evacuate Collection Set: 18.6ms
[2022-04-22T20:51:20.243+0800][gc,phases    ] GC(705)   Post Evacuate Collection Set: 1.9ms
[2022-04-22T20:51:20.243+0800][gc,phases    ] GC(705)   Other: 2.2ms
[2022-04-22T20:51:20.243+0800][gc,heap      ] GC(705) Eden regions: 47->0(47)
[2022-04-22T20:51:20.243+0800][gc,heap      ] GC(705) Survivor regions: 4->4(7)
[2022-04-22T20:51:20.243+0800][gc,heap      ] GC(705) Old regions: 69->69
[2022-04-22T20:51:20.243+0800][gc,heap      ] GC(705) Archive regions: 2->2
[2022-04-22T20:51:20.243+0800][gc,heap      ] GC(705) Humongous regions: 129->129
[2022-04-22T20:51:20.243+0800][gc,metaspace ] GC(705) Metaspace: 43496K->43496K(1089536K)
[2022-04-22T20:51:20.243+0800][gc           ] GC(705) Pause Young (Normal) (G1 Evacuation Pause) 249M->202M(1024M) 23.072ms
[2022-04-22T20:51:20.243+0800][gc,cpu       ] GC(705) User=0.05s Sys=0.02s Real=0.02s
[2022-04-22T20:51:37.320+0800][gc,start     ] GC(706) Pause Young (Normal) (G1 Evacuation Pause)
[2022-04-22T20:51:37.321+0800][gc,task      ] GC(706) Using 8 workers of 8 for evacuation
[2022-04-22T20:51:37.336+0800][gc,phases    ] GC(706)   Pre Evacuate Collection Set: 0.3ms
[2022-04-22T20:51:37.336+0800][gc,phases    ] GC(706)   Evacuate Collection Set: 14.2ms
[2022-04-22T20:51:37.336+0800][gc,phases    ] GC(706)   Post Evacuate Collection Set: 0.4ms
[2022-04-22T20:51:37.336+0800][gc,phases    ] GC(706)   Other: 1.2ms
[2022-04-22T20:51:37.336+0800][gc,heap      ] GC(706) Eden regions: 47->0(50)
[2022-04-22T20:51:37.336+0800][gc,heap      ] GC(706) Survivor regions: 4->5(7)
[2022-04-22T20:51:37.336+0800][gc,heap      ] GC(706) Old regions: 69->69
[2022-04-22T20:51:37.336+0800][gc,heap      ] GC(706) Archive regions: 2->2
[2022-04-22T20:51:37.337+0800][gc,heap      ] GC(706) Humongous regions: 129->129
[2022-04-22T20:51:37.337+0800][gc,metaspace ] GC(706) Metaspace: 43496K->43496K(1089536K)
[2022-04-22T20:51:37.337+0800][gc           ] GC(706) Pause Young (Normal) (G1 Evacuation Pause) 249M->202M(1024M) 16.106ms
[2022-04-22T20:51:37.337+0800][gc,cpu       ] GC(706) User=0.05s Sys=0.00s Real=0.01s
[2022-04-22T20:51:55.056+0800][gc,start     ] GC(707) Pause Young (Normal) (G1 Evacuation Pause)
[2022-04-22T20:51:55.057+0800][gc,task      ] GC(707) Using 8 workers of 8 for evacuation
[2022-04-22T20:51:55.089+0800][gc,mmu       ] GC(707) MMU target violated: 21.0ms (20.0ms/21.0ms)
[2022-04-22T20:51:55.089+0800][gc,phases    ] GC(707)   Pre Evacuate Collection Set: 0.2ms
[2022-04-22T20:51:55.089+0800][gc,phases    ] GC(707)   Evacuate Collection Set: 29.5ms
[2022-04-22T20:51:55.090+0800][gc,phases    ] GC(707)   Post Evacuate Collection Set: 1.4ms
[2022-04-22T20:51:55.090+0800][gc,phases    ] GC(707)   Other: 2.6ms
[2022-04-22T20:51:55.090+0800][gc,heap      ] GC(707) Eden regions: 49->0(46)
[2022-04-22T20:51:55.090+0800][gc,heap      ] GC(707) Survivor regions: 5->5(7)
[2022-04-22T20:51:55.090+0800][gc,heap      ] GC(707) Old regions: 69->70
[2022-04-22T20:51:55.090+0800][gc,heap      ] GC(707) Archive regions: 2->2
[2022-04-22T20:51:55.090+0800][gc,heap      ] GC(707) Humongous regions: 129->129
[2022-04-22T20:51:55.090+0800][gc,metaspace ] GC(707) Metaspace: 43496K->43496K(1089536K)
[2022-04-22T20:51:55.090+0800][gc           ] GC(707) Pause Young (Normal) (G1 Evacuation Pause) 251M->202M(1024M) 33.880ms
[2022-04-22T20:51:55.090+0800][gc,cpu       ] GC(707) User=0.05s Sys=0.03s Real=0.04s
[2022-04-22T20:52:11.762+0800][gc,start     ] GC(708) Pause Young (Normal) (G1 Evacuation Pause)
[2022-04-22T20:52:11.763+0800][gc,task      ] GC(708) Using 8 workers of 8 for evacuation
[2022-04-22T20:52:11.780+0800][gc,phases    ] GC(708)   Pre Evacuate Collection Set: 0.1ms
[2022-04-22T20:52:11.780+0800][gc,phases    ] GC(708)   Evacuate Collection Set: 15.7ms
[2022-04-22T20:52:11.780+0800][gc,phases    ] GC(708)   Post Evacuate Collection Set: 0.7ms
[2022-04-22T20:52:11.780+0800][gc,phases    ] GC(708)   Other: 1.3ms
[2022-04-22T20:52:11.780+0800][gc,heap      ] GC(708) Eden regions: 46->0(47)
[2022-04-22T20:52:11.780+0800][gc,heap      ] GC(708) Survivor regions: 5->4(7)
[2022-04-22T20:52:11.780+0800][gc,heap      ] GC(708) Old regions: 70->70
[2022-04-22T20:52:11.780+0800][gc,heap      ] GC(708) Archive regions: 2->2
[2022-04-22T20:52:11.780+0800][gc,heap      ] GC(708) Humongous regions: 129->129
[2022-04-22T20:52:11.780+0800][gc,metaspace ] GC(708) Metaspace: 43496K->43496K(1089536K)
[2022-04-22T20:52:11.780+0800][gc           ] GC(708) Pause Young (Normal) (G1 Evacuation Pause) 248M->203M(1024M) 18.101ms
[2022-04-22T20:52:11.780+0800][gc,cpu       ] GC(708) User=0.04s Sys=0.00s Real=0.02s
[2022-04-22T20:52:28.995+0800][gc,start     ] GC(709) Pause Young (Normal) (G1 Evacuation Pause)
[2022-04-22T20:52:28.996+0800][gc,task      ] GC(709) Using 8 workers of 8 for evacuation
[2022-04-22T20:52:29.024+0800][gc,mmu       ] GC(709) MMU target violated: 21.0ms (20.0ms/21.0ms)
[2022-04-22T20:52:29.024+0800][gc,phases    ] GC(709)   Pre Evacuate Collection Set: 0.3ms
[2022-04-22T20:52:29.024+0800][gc,phases    ] GC(709)   Evacuate Collection Set: 25.4ms
[2022-04-22T20:52:29.024+0800][gc,phases    ] GC(709)   Post Evacuate Collection Set: 1.3ms
[2022-04-22T20:52:29.024+0800][gc,phases    ] GC(709)   Other: 2.0ms
[2022-04-22T20:52:29.025+0800][gc,heap      ] GC(709) Eden regions: 47->0(45)
[2022-04-22T20:52:29.025+0800][gc,heap      ] GC(709) Survivor regions: 4->6(7)
[2022-04-22T20:52:29.025+0800][gc,heap      ] GC(709) Old regions: 70->70
[2022-04-22T20:52:29.025+0800][gc,heap      ] GC(709) Archive regions: 2->2
[2022-04-22T20:52:29.025+0800][gc,heap      ] GC(709) Humongous regions: 129->129
[2022-04-22T20:52:29.025+0800][gc,metaspace ] GC(709) Metaspace: 43496K->43496K(1089536K)
[2022-04-22T20:52:29.025+0800][gc           ] GC(709) Pause Young (Normal) (G1 Evacuation Pause) 250M->205M(1024M) 29.291ms
[2022-04-22T20:52:29.025+0800][gc,cpu       ] GC(709) User=0.05s Sys=0.03s Real=0.03s
[2022-04-22T20:52:45.359+0800][gc,start     ] GC(710) Pause Young (Normal) (G1 Evacuation Pause)
[2022-04-22T20:52:45.360+0800][gc,task      ] GC(710) Using 8 workers of 8 for evacuation
[2022-04-22T20:52:45.406+0800][gc,mmu       ] GC(710) MMU target violated: 21.0ms (20.0ms/21.0ms)
[2022-04-22T20:52:45.406+0800][gc,phases    ] GC(710)   Pre Evacuate Collection Set: 0.7ms
[2022-04-22T20:52:45.406+0800][gc,phases    ] GC(710)   Evacuate Collection Set: 41.7ms
[2022-04-22T20:52:45.406+0800][gc,phases    ] GC(710)   Post Evacuate Collection Set: 0.6ms
[2022-04-22T20:52:45.406+0800][gc,phases    ] GC(710)   Other: 10.0ms
[2022-04-22T20:52:45.406+0800][gc,heap      ] GC(710) Eden regions: 45->0(47)
[2022-04-22T20:52:45.406+0800][gc,heap      ] GC(710) Survivor regions: 6->4(7)
[2022-04-22T20:52:45.406+0800][gc,heap      ] GC(710) Old regions: 70->72
[2022-04-22T20:52:45.406+0800][gc,heap      ] GC(710) Archive regions: 2->2
[2022-04-22T20:52:45.406+0800][gc,heap      ] GC(710) Humongous regions: 129->129
[2022-04-22T20:52:45.406+0800][gc,metaspace ] GC(710) Metaspace: 43496K->43496K(1089536K)
[2022-04-22T20:52:45.406+0800][gc           ] GC(710) Pause Young (Normal) (G1 Evacuation Pause) 250M->205M(1024M) 47.427ms
[2022-04-22T20:52:45.406+0800][gc,cpu       ] GC(710) User=0.06s Sys=0.03s Real=0.05s
[2022-04-22T20:53:02.587+0800][gc,start     ] GC(711) Pause Young (Normal) (G1 Evacuation Pause)
[2022-04-22T20:53:02.587+0800][gc,task      ] GC(711) Using 8 workers of 8 for evacuation
[2022-04-22T20:53:02.599+0800][gc,phases    ] GC(711)   Pre Evacuate Collection Set: 0.1ms
[2022-04-22T20:53:02.599+0800][gc,phases    ] GC(711)   Evacuate Collection Set: 11.0ms
[2022-04-22T20:53:02.599+0800][gc,phases    ] GC(711)   Post Evacuate Collection Set: 0.4ms
[2022-04-22T20:53:02.599+0800][gc,phases    ] GC(711)   Other: 0.8ms
[2022-04-22T20:53:02.599+0800][gc,heap      ] GC(711) Eden regions: 47->0(47)
[2022-04-22T20:53:02.599+0800][gc,heap      ] GC(711) Survivor regions: 4->4(7)
[2022-04-22T20:53:02.599+0800][gc,heap      ] GC(711) Old regions: 72->72
[2022-04-22T20:53:02.599+0800][gc,heap      ] GC(711) Archive regions: 2->2
[2022-04-22T20:53:02.599+0800][gc,heap      ] GC(711) Humongous regions: 129->129
[2022-04-22T20:53:02.599+0800][gc,metaspace ] GC(711) Metaspace: 43496K->43496K(1089536K)
[2022-04-22T20:53:02.599+0800][gc           ] GC(711) Pause Young (Normal) (G1 Evacuation Pause) 252M->205M(1024M) 12.476ms
[2022-04-22T20:53:02.599+0800][gc,cpu       ] GC(711) User=0.03s Sys=0.00s Real=0.01s
[2022-04-22T20:53:19.916+0800][gc,start     ] GC(712) Pause Young (Normal) (G1 Evacuation Pause)
[2022-04-22T20:53:19.918+0800][gc,task      ] GC(712) Using 8 workers of 8 for evacuation
[2022-04-22T20:53:19.929+0800][gc,phases    ] GC(712)   Pre Evacuate Collection Set: 0.1ms
[2022-04-22T20:53:19.929+0800][gc,phases    ] GC(712)   Evacuate Collection Set: 9.5ms
[2022-04-22T20:53:19.929+0800][gc,phases    ] GC(712)   Post Evacuate Collection Set: 0.6ms
[2022-04-22T20:53:19.929+0800][gc,phases    ] GC(712)   Other: 2.2ms
[2022-04-22T20:53:19.929+0800][gc,heap      ] GC(712) Eden regions: 47->0(47)
[2022-04-22T20:53:19.929+0800][gc,heap      ] GC(712) Survivor regions: 4->5(7)
[2022-04-22T20:53:19.929+0800][gc,heap      ] GC(712) Old regions: 72->72
[2022-04-22T20:53:19.929+0800][gc,heap      ] GC(712) Archive regions: 2->2
[2022-04-22T20:53:19.929+0800][gc,heap      ] GC(712) Humongous regions: 129->129
[2022-04-22T20:53:19.929+0800][gc,metaspace ] GC(712) Metaspace: 43496K->43496K(1089536K)
[2022-04-22T20:53:19.929+0800][gc           ] GC(712) Pause Young (Normal) (G1 Evacuation Pause) 252M->205M(1024M) 12.750ms
[2022-04-22T20:53:19.929+0800][gc,cpu       ] GC(712) User=0.03s Sys=0.01s Real=0.01s
[2022-04-22T20:53:37.319+0800][gc,start     ] GC(713) Pause Young (Normal) (G1 Evacuation Pause)
[2022-04-22T20:53:37.320+0800][gc,task      ] GC(713) Using 8 workers of 8 for evacuation
[2022-04-22T20:53:37.334+0800][gc,phases    ] GC(713)   Pre Evacuate Collection Set: 0.1ms
[2022-04-22T20:53:37.334+0800][gc,phases    ] GC(713)   Evacuate Collection Set: 13.3ms
[2022-04-22T20:53:37.334+0800][gc,phases    ] GC(713)   Post Evacuate Collection Set: 0.5ms
[2022-04-22T20:53:37.334+0800][gc,phases    ] GC(713)   Other: 1.4ms
[2022-04-22T20:53:37.334+0800][gc,heap      ] GC(713) Eden regions: 46->0(48)
[2022-04-22T20:53:37.334+0800][gc,heap      ] GC(713) Survivor regions: 5->4(7)
[2022-04-22T20:53:37.334+0800][gc,heap      ] GC(713) Old regions: 72->73
[2022-04-22T20:53:37.334+0800][gc,heap      ] GC(713) Archive regions: 2->2
[2022-04-22T20:53:37.334+0800][gc,heap      ] GC(713) Humongous regions: 129->129
[2022-04-22T20:53:37.334+0800][gc,metaspace ] GC(713) Metaspace: 43496K->43496K(1089536K)
[2022-04-22T20:53:37.335+0800][gc           ] GC(713) Pause Young (Normal) (G1 Evacuation Pause) 251M->205M(1024M) 15.526ms
[2022-04-22T20:53:37.335+0800][gc,cpu       ] GC(713) User=0.04s Sys=0.01s Real=0.02s
[2022-04-22T20:53:54.737+0800][gc,start     ] GC(714) Pause Young (Normal) (G1 Evacuation Pause)
[2022-04-22T20:53:54.739+0800][gc,task      ] GC(714) Using 8 workers of 8 for evacuation
[2022-04-22T20:53:54.767+0800][gc,mmu       ] GC(714) MMU target violated: 21.0ms (20.0ms/21.0ms)
[2022-04-22T20:53:54.767+0800][gc,phases    ] GC(714)   Pre Evacuate Collection Set: 0.3ms
[2022-04-22T20:53:54.767+0800][gc,phases    ] GC(714)   Evacuate Collection Set: 25.7ms
[2022-04-22T20:53:54.767+0800][gc,phases    ] GC(714)   Post Evacuate Collection Set: 0.8ms
[2022-04-22T20:53:54.767+0800][gc,phases    ] GC(714)   Other: 2.9ms
[2022-04-22T20:53:54.767+0800][gc,heap      ] GC(714) Eden regions: 48->0(47)
[2022-04-22T20:53:54.767+0800][gc,heap      ] GC(714) Survivor regions: 4->4(7)
[2022-04-22T20:53:54.767+0800][gc,heap      ] GC(714) Old regions: 73->73
[2022-04-22T20:53:54.767+0800][gc,heap      ] GC(714) Archive regions: 2->2
[2022-04-22T20:53:54.767+0800][gc,heap      ] GC(714) Humongous regions: 129->129
[2022-04-22T20:53:54.767+0800][gc,metaspace ] GC(714) Metaspace: 43496K->43496K(1089536K)
[2022-04-22T20:53:54.767+0800][gc           ] GC(714) Pause Young (Normal) (G1 Evacuation Pause) 253M->205M(1024M) 29.705ms
[2022-04-22T20:53:54.767+0800][gc,cpu       ] GC(714) User=0.03s Sys=0.02s Real=0.03s
[2022-04-22T20:54:11.817+0800][gc,start     ] GC(715) Pause Young (Normal) (G1 Evacuation Pause)
[2022-04-22T20:54:11.818+0800][gc,task      ] GC(715) Using 8 workers of 8 for evacuation
[2022-04-22T20:54:11.837+0800][gc,phases    ] GC(715)   Pre Evacuate Collection Set: 0.3ms
[2022-04-22T20:54:11.837+0800][gc,phases    ] GC(715)   Evacuate Collection Set: 17.1ms
[2022-04-22T20:54:11.837+0800][gc,phases    ] GC(715)   Post Evacuate Collection Set: 0.6ms
[2022-04-22T20:54:11.837+0800][gc,phases    ] GC(715)   Other: 1.2ms
[2022-04-22T20:54:11.837+0800][gc,heap      ] GC(715) Eden regions: 47->0(47)
[2022-04-22T20:54:11.837+0800][gc,heap      ] GC(715) Survivor regions: 4->4(7)
[2022-04-22T20:54:11.837+0800][gc,heap      ] GC(715) Old regions: 73->73
[2022-04-22T20:54:11.837+0800][gc,heap      ] GC(715) Archive regions: 2->2
[2022-04-22T20:54:11.837+0800][gc,heap      ] GC(715) Humongous regions: 129->129
[2022-04-22T20:54:11.837+0800][gc,metaspace ] GC(715) Metaspace: 43496K->43496K(1089536K)
[2022-04-22T20:54:11.837+0800][gc           ] GC(715) Pause Young (Normal) (G1 Evacuation Pause) 252M->206M(1024M) 19.415ms
[2022-04-22T20:54:11.837+0800][gc,cpu       ] GC(715) User=0.04s Sys=0.01s Real=0.02s
[2022-04-22T20:54:28.915+0800][gc,start     ] GC(716) Pause Young (Normal) (G1 Evacuation Pause)
[2022-04-22T20:54:28.929+0800][gc,task      ] GC(716) Using 8 workers of 8 for evacuation
[2022-04-22T20:54:28.948+0800][gc,phases    ] GC(716)   Pre Evacuate Collection Set: 0.2ms
[2022-04-22T20:54:28.948+0800][gc,phases    ] GC(716)   Evacuate Collection Set: 17.7ms
[2022-04-22T20:54:28.948+0800][gc,phases    ] GC(716)   Post Evacuate Collection Set: 0.6ms
[2022-04-22T20:54:28.948+0800][gc,phases    ] GC(716)   Other: 14.9ms
[2022-04-22T20:54:28.948+0800][gc,heap      ] GC(716) Eden regions: 47->0(47)
[2022-04-22T20:54:28.948+0800][gc,heap      ] GC(716) Survivor regions: 4->4(7)
[2022-04-22T20:54:28.948+0800][gc,heap      ] GC(716) Old regions: 73->73
[2022-04-22T20:54:28.948+0800][gc,heap      ] GC(716) Archive regions: 2->2
[2022-04-22T20:54:28.948+0800][gc,heap      ] GC(716) Humongous regions: 129->129
[2022-04-22T20:54:28.948+0800][gc,metaspace ] GC(716) Metaspace: 43496K->43496K(1089536K)
[2022-04-22T20:54:28.948+0800][gc           ] GC(716) Pause Young (Normal) (G1 Evacuation Pause) 253M->206M(1024M) 33.751ms
[2022-04-22T20:54:28.948+0800][gc,cpu       ] GC(716) User=0.06s Sys=0.02s Real=0.03s
[2022-04-22T20:54:46.372+0800][gc,start     ] GC(717) Pause Young (Normal) (G1 Evacuation Pause)
[2022-04-22T20:54:46.372+0800][gc,task      ] GC(717) Using 8 workers of 8 for evacuation
[2022-04-22T20:54:46.396+0800][gc,mmu       ] GC(717) MMU target violated: 21.0ms (20.0ms/21.0ms)
[2022-04-22T20:54:46.396+0800][gc,phases    ] GC(717)   Pre Evacuate Collection Set: 0.2ms
[2022-04-22T20:54:46.396+0800][gc,phases    ] GC(717)   Evacuate Collection Set: 22.5ms
[2022-04-22T20:54:46.396+0800][gc,phases    ] GC(717)   Post Evacuate Collection Set: 0.9ms
[2022-04-22T20:54:46.396+0800][gc,phases    ] GC(717)   Other: 1.2ms
[2022-04-22T20:54:46.396+0800][gc,heap      ] GC(717) Eden regions: 47->0(46)
[2022-04-22T20:54:46.396+0800][gc,heap      ] GC(717) Survivor regions: 4->6(7)
[2022-04-22T20:54:46.396+0800][gc,heap      ] GC(717) Old regions: 73->73
[2022-04-22T20:54:46.396+0800][gc,heap      ] GC(717) Archive regions: 2->2
[2022-04-22T20:54:46.396+0800][gc,heap      ] GC(717) Humongous regions: 129->129
[2022-04-22T20:54:46.396+0800][gc,metaspace ] GC(717) Metaspace: 43496K->43496K(1089536K)
[2022-04-22T20:54:46.397+0800][gc           ] GC(717) Pause Young (Normal) (G1 Evacuation Pause) 253M->208M(1024M) 24.811ms
[2022-04-22T20:54:46.397+0800][gc,cpu       ] GC(717) User=0.04s Sys=0.02s Real=0.02s
[2022-04-22T20:55:02.816+0800][gc,start     ] GC(718) Pause Young (Normal) (G1 Evacuation Pause)
[2022-04-22T20:55:02.817+0800][gc,task      ] GC(718) Using 8 workers of 8 for evacuation
[2022-04-22T20:55:02.855+0800][gc,mmu       ] GC(718) MMU target violated: 21.0ms (20.0ms/21.0ms)
[2022-04-22T20:55:02.855+0800][gc,phases    ] GC(718)   Pre Evacuate Collection Set: 0.3ms
[2022-04-22T20:55:02.855+0800][gc,phases    ] GC(718)   Evacuate Collection Set: 37.2ms
[2022-04-22T20:55:02.855+0800][gc,phases    ] GC(718)   Post Evacuate Collection Set: 0.5ms
[2022-04-22T20:55:02.855+0800][gc,phases    ] GC(718)   Other: 1.5ms
[2022-04-22T20:55:02.855+0800][gc,heap      ] GC(718) Eden regions: 45->0(47)
[2022-04-22T20:55:02.855+0800][gc,heap      ] GC(718) Survivor regions: 6->4(7)
[2022-04-22T20:55:02.855+0800][gc,heap      ] GC(718) Old regions: 73->76
[2022-04-22T20:55:02.855+0800][gc,heap      ] GC(718) Archive regions: 2->2
[2022-04-22T20:55:02.856+0800][gc,heap      ] GC(718) Humongous regions: 129->129
[2022-04-22T20:55:02.856+0800][gc,metaspace ] GC(718) Metaspace: 43496K->43496K(1089536K)
[2022-04-22T20:55:02.856+0800][gc           ] GC(718) Pause Young (Normal) (G1 Evacuation Pause) 253M->208M(1024M) 39.505ms
[2022-04-22T20:55:02.856+0800][gc,cpu       ] GC(718) User=0.05s Sys=0.03s Real=0.04s
[2022-04-22T20:55:20.180+0800][gc,start     ] GC(719) Pause Young (Normal) (G1 Evacuation Pause)
[2022-04-22T20:55:20.181+0800][gc,task      ] GC(719) Using 8 workers of 8 for evacuation
[2022-04-22T20:55:20.195+0800][gc,phases    ] GC(719)   Pre Evacuate Collection Set: 0.4ms
[2022-04-22T20:55:20.195+0800][gc,phases    ] GC(719)   Evacuate Collection Set: 12.9ms
[2022-04-22T20:55:20.195+0800][gc,phases    ] GC(719)   Post Evacuate Collection Set: 0.4ms
[2022-04-22T20:55:20.195+0800][gc,phases    ] GC(719)   Other: 1.3ms
[2022-04-22T20:55:20.195+0800][gc,heap      ] GC(719) Eden regions: 47->0(47)
[2022-04-22T20:55:20.195+0800][gc,heap      ] GC(719) Survivor regions: 4->4(7)
[2022-04-22T20:55:20.195+0800][gc,heap      ] GC(719) Old regions: 76->76
[2022-04-22T20:55:20.195+0800][gc,heap      ] GC(719) Archive regions: 2->2
[2022-04-22T20:55:20.195+0800][gc,heap      ] GC(719) Humongous regions: 129->129
[2022-04-22T20:55:20.195+0800][gc,metaspace ] GC(719) Metaspace: 43496K->43496K(1089536K)
[2022-04-22T20:55:20.195+0800][gc           ] GC(719) Pause Young (Normal) (G1 Evacuation Pause) 255M->208M(1024M) 15.102ms
[2022-04-22T20:55:20.195+0800][gc,cpu       ] GC(719) User=0.04s Sys=0.01s Real=0.01s
[2022-04-22T20:55:37.313+0800][gc,start     ] GC(720) Pause Young (Normal) (G1 Evacuation Pause)
[2022-04-22T20:55:37.314+0800][gc,task      ] GC(720) Using 8 workers of 8 for evacuation
[2022-04-22T20:55:37.337+0800][gc,mmu       ] GC(720) MMU target violated: 21.0ms (20.0ms/21.0ms)
[2022-04-22T20:55:37.337+0800][gc,phases    ] GC(720)   Pre Evacuate Collection Set: 0.2ms
[2022-04-22T20:55:37.337+0800][gc,phases    ] GC(720)   Evacuate Collection Set: 20.8ms
[2022-04-22T20:55:37.337+0800][gc,phases    ] GC(720)   Post Evacuate Collection Set: 0.9ms
[2022-04-22T20:55:37.337+0800][gc,phases    ] GC(720)   Other: 1.9ms
[2022-04-22T20:55:37.337+0800][gc,heap      ] GC(720) Eden regions: 47->0(47)
[2022-04-22T20:55:37.337+0800][gc,heap      ] GC(720) Survivor regions: 4->4(7)
[2022-04-22T20:55:37.337+0800][gc,heap      ] GC(720) Old regions: 76->76
[2022-04-22T20:55:37.337+0800][gc,heap      ] GC(720) Archive regions: 2->2
[2022-04-22T20:55:37.337+0800][gc,heap      ] GC(720) Humongous regions: 129->129
[2022-04-22T20:55:37.337+0800][gc,metaspace ] GC(720) Metaspace: 43496K->43496K(1089536K)
[2022-04-22T20:55:37.337+0800][gc           ] GC(720) Pause Young (Normal) (G1 Evacuation Pause) 255M->208M(1024M) 23.900ms
[2022-04-22T20:55:37.337+0800][gc,cpu       ] GC(720) User=0.03s Sys=0.02s Real=0.02s
[2022-04-22T20:55:54.520+0800][gc,start     ] GC(721) Pause Young (Normal) (G1 Evacuation Pause)
[2022-04-22T20:55:54.521+0800][gc,task      ] GC(721) Using 8 workers of 8 for evacuation
[2022-04-22T20:55:54.535+0800][gc,phases    ] GC(721)   Pre Evacuate Collection Set: 0.2ms
[2022-04-22T20:55:54.535+0800][gc,phases    ] GC(721)   Evacuate Collection Set: 11.7ms
[2022-04-22T20:55:54.535+0800][gc,phases    ] GC(721)   Post Evacuate Collection Set: 0.7ms
[2022-04-22T20:55:54.535+0800][gc,phases    ] GC(721)   Other: 1.8ms
[2022-04-22T20:55:54.535+0800][gc,heap      ] GC(721) Eden regions: 47->0(47)
[2022-04-22T20:55:54.535+0800][gc,heap      ] GC(721) Survivor regions: 4->4(7)
[2022-04-22T20:55:54.535+0800][gc,heap      ] GC(721) Old regions: 76->76
[2022-04-22T20:55:54.535+0800][gc,heap      ] GC(721) Archive regions: 2->2
[2022-04-22T20:55:54.535+0800][gc,heap      ] GC(721) Humongous regions: 129->129
[2022-04-22T20:55:54.535+0800][gc,metaspace ] GC(721) Metaspace: 43496K->43496K(1089536K)
[2022-04-22T20:55:54.535+0800][gc           ] GC(721) Pause Young (Normal) (G1 Evacuation Pause) 255M->209M(1024M) 14.440ms
[2022-04-22T20:55:54.535+0800][gc,cpu       ] GC(721) User=0.03s Sys=0.02s Real=0.01s
[2022-04-22T20:56:11.630+0800][gc,start     ] GC(722) Pause Young (Normal) (G1 Evacuation Pause)
[2022-04-22T20:56:11.632+0800][gc,task      ] GC(722) Using 8 workers of 8 for evacuation
[2022-04-22T20:56:11.648+0800][gc,phases    ] GC(722)   Pre Evacuate Collection Set: 0.4ms
[2022-04-22T20:56:11.648+0800][gc,phases    ] GC(722)   Evacuate Collection Set: 14.1ms
[2022-04-22T20:56:11.648+0800][gc,phases    ] GC(722)   Post Evacuate Collection Set: 0.8ms
[2022-04-22T20:56:11.649+0800][gc,phases    ] GC(722)   Other: 3.3ms
[2022-04-22T20:56:11.649+0800][gc,heap      ] GC(722) Eden regions: 47->0(49)
[2022-04-22T20:56:11.649+0800][gc,heap      ] GC(722) Survivor regions: 4->4(7)
[2022-04-22T20:56:11.649+0800][gc,heap      ] GC(722) Old regions: 76->76
[2022-04-22T20:56:11.649+0800][gc,heap      ] GC(722) Archive regions: 2->2
[2022-04-22T20:56:11.649+0800][gc,heap      ] GC(722) Humongous regions: 129->129
[2022-04-22T20:56:11.649+0800][gc,metaspace ] GC(722) Metaspace: 43496K->43496K(1089536K)
[2022-04-22T20:56:11.649+0800][gc           ] GC(722) Pause Young (Normal) (G1 Evacuation Pause) 256M->209M(1024M) 18.827ms
[2022-04-22T20:56:11.649+0800][gc,cpu       ] GC(722) User=0.05s Sys=0.01s Real=0.01s
[2022-04-22T20:56:29.757+0800][gc,start     ] GC(723) Pause Young (Normal) (G1 Evacuation Pause)
[2022-04-22T20:56:29.757+0800][gc,task      ] GC(723) Using 8 workers of 8 for evacuation
[2022-04-22T20:56:29.780+0800][gc,mmu       ] GC(723) MMU target violated: 21.0ms (20.0ms/21.0ms)
[2022-04-22T20:56:29.780+0800][gc,phases    ] GC(723)   Pre Evacuate Collection Set: 0.3ms
[2022-04-22T20:56:29.780+0800][gc,phases    ] GC(723)   Evacuate Collection Set: 21.5ms
[2022-04-22T20:56:29.780+0800][gc,phases    ] GC(723)   Post Evacuate Collection Set: 0.8ms
[2022-04-22T20:56:29.781+0800][gc,phases    ] GC(723)   Other: 1.3ms
[2022-04-22T20:56:29.781+0800][gc,heap      ] GC(723) Eden regions: 49->0(47)
[2022-04-22T20:56:29.781+0800][gc,heap      ] GC(723) Survivor regions: 4->4(7)
[2022-04-22T20:56:29.781+0800][gc,heap      ] GC(723) Old regions: 76->76
[2022-04-22T20:56:29.781+0800][gc,heap      ] GC(723) Archive regions: 2->2
[2022-04-22T20:56:29.781+0800][gc,heap      ] GC(723) Humongous regions: 129->129
[2022-04-22T20:56:29.781+0800][gc,metaspace ] GC(723) Metaspace: 43496K->43496K(1089536K)
[2022-04-22T20:56:29.781+0800][gc           ] GC(723) Pause Young (Normal) (G1 Evacuation Pause) 258M->209M(1024M) 23.975ms
[2022-04-22T20:56:29.781+0800][gc,cpu       ] GC(723) User=0.05s Sys=0.02s Real=0.03s
[2022-04-22T20:56:46.957+0800][gc,start     ] GC(724) Pause Young (Normal) (G1 Evacuation Pause)
[2022-04-22T20:56:46.957+0800][gc,task      ] GC(724) Using 8 workers of 8 for evacuation
[2022-04-22T20:56:46.984+0800][gc,mmu       ] GC(724) MMU target violated: 21.0ms (20.0ms/21.0ms)
[2022-04-22T20:56:46.984+0800][gc,phases    ] GC(724)   Pre Evacuate Collection Set: 0.2ms
[2022-04-22T20:56:46.984+0800][gc,phases    ] GC(724)   Evacuate Collection Set: 24.2ms
[2022-04-22T20:56:46.984+0800][gc,phases    ] GC(724)   Post Evacuate Collection Set: 1.2ms
[2022-04-22T20:56:46.984+0800][gc,phases    ] GC(724)   Other: 1.3ms
[2022-04-22T20:56:46.984+0800][gc,heap      ] GC(724) Eden regions: 47->0(47)
[2022-04-22T20:56:46.984+0800][gc,heap      ] GC(724) Survivor regions: 4->4(7)
[2022-04-22T20:56:46.984+0800][gc,heap      ] GC(724) Old regions: 76->77
[2022-04-22T20:56:46.984+0800][gc,heap      ] GC(724) Archive regions: 2->2
[2022-04-22T20:56:46.984+0800][gc,heap      ] GC(724) Humongous regions: 129->129
[2022-04-22T20:56:46.984+0800][gc,metaspace ] GC(724) Metaspace: 43496K->43496K(1089536K)
[2022-04-22T20:56:46.984+0800][gc           ] GC(724) Pause Young (Normal) (G1 Evacuation Pause) 256M->209M(1024M) 27.026ms
[2022-04-22T20:56:46.984+0800][gc,cpu       ] GC(724) User=0.04s Sys=0.03s Real=0.03s
[2022-04-22T20:57:04.322+0800][gc,start     ] GC(725) Pause Young (Normal) (G1 Evacuation Pause)
[2022-04-22T20:57:04.323+0800][gc,task      ] GC(725) Using 8 workers of 8 for evacuation
[2022-04-22T20:57:04.349+0800][gc,mmu       ] GC(725) MMU target violated: 21.0ms (20.0ms/21.0ms)
[2022-04-22T20:57:04.349+0800][gc,phases    ] GC(725)   Pre Evacuate Collection Set: 0.2ms
[2022-04-22T20:57:04.349+0800][gc,phases    ] GC(725)   Evacuate Collection Set: 23.7ms
[2022-04-22T20:57:04.349+0800][gc,phases    ] GC(725)   Post Evacuate Collection Set: 1.3ms
[2022-04-22T20:57:04.349+0800][gc,phases    ] GC(725)   Other: 1.3ms
[2022-04-22T20:57:04.349+0800][gc,heap      ] GC(725) Eden regions: 47->0(46)
[2022-04-22T20:57:04.349+0800][gc,heap      ] GC(725) Survivor regions: 4->6(7)
[2022-04-22T20:57:04.349+0800][gc,heap      ] GC(725) Old regions: 77->77
[2022-04-22T20:57:04.349+0800][gc,heap      ] GC(725) Archive regions: 2->2
[2022-04-22T20:57:04.349+0800][gc,heap      ] GC(725) Humongous regions: 129->129
[2022-04-22T20:57:04.349+0800][gc,metaspace ] GC(725) Metaspace: 43496K->43496K(1089536K)
[2022-04-22T20:57:04.349+0800][gc           ] GC(725) Pause Young (Normal) (G1 Evacuation Pause) 256M->211M(1024M) 26.840ms
[2022-04-22T20:57:04.349+0800][gc,cpu       ] GC(725) User=0.05s Sys=0.01s Real=0.02s
[2022-04-22T20:57:20.872+0800][gc,start     ] GC(726) Pause Young (Normal) (G1 Evacuation Pause)
[2022-04-22T20:57:20.873+0800][gc,task      ] GC(726) Using 8 workers of 8 for evacuation
[2022-04-22T20:57:20.934+0800][gc,mmu       ] GC(726) MMU target violated: 21.0ms (20.0ms/21.0ms)
[2022-04-22T20:57:20.935+0800][gc,phases    ] GC(726)   Pre Evacuate Collection Set: 0.3ms
[2022-04-22T20:57:20.935+0800][gc,phases    ] GC(726)   Evacuate Collection Set: 60.3ms
[2022-04-22T20:57:20.935+0800][gc,phases    ] GC(726)   Post Evacuate Collection Set: 0.4ms
[2022-04-22T20:57:20.935+0800][gc,phases    ] GC(726)   Other: 1.1ms
[2022-04-22T20:57:20.935+0800][gc,heap      ] GC(726) Eden regions: 45->0(47)
[2022-04-22T20:57:20.935+0800][gc,heap      ] GC(726) Survivor regions: 6->4(7)
[2022-04-22T20:57:20.935+0800][gc,heap      ] GC(726) Old regions: 77->79
[2022-04-22T20:57:20.935+0800][gc,heap      ] GC(726) Archive regions: 2->2
[2022-04-22T20:57:20.935+0800][gc,heap      ] GC(726) Humongous regions: 129->129
[2022-04-22T20:57:20.935+0800][gc,metaspace ] GC(726) Metaspace: 43496K->43496K(1089536K)
[2022-04-22T20:57:20.935+0800][gc           ] GC(726) Pause Young (Normal) (G1 Evacuation Pause) 256M->211M(1024M) 62.265ms
[2022-04-22T20:57:20.935+0800][gc,cpu       ] GC(726) User=0.05s Sys=0.03s Real=0.06s
[2022-04-22T20:57:38.033+0800][gc,start     ] GC(727) Pause Young (Normal) (G1 Evacuation Pause)
[2022-04-22T20:57:38.034+0800][gc,task      ] GC(727) Using 8 workers of 8 for evacuation
[2022-04-22T20:57:38.046+0800][gc,phases    ] GC(727)   Pre Evacuate Collection Set: 0.4ms
[2022-04-22T20:57:38.047+0800][gc,phases    ] GC(727)   Evacuate Collection Set: 11.3ms
[2022-04-22T20:57:38.047+0800][gc,phases    ] GC(727)   Post Evacuate Collection Set: 0.6ms
[2022-04-22T20:57:38.047+0800][gc,phases    ] GC(727)   Other: 1.2ms
[2022-04-22T20:57:38.047+0800][gc,heap      ] GC(727) Eden regions: 47->0(47)
[2022-04-22T20:57:38.047+0800][gc,heap      ] GC(727) Survivor regions: 4->4(7)
[2022-04-22T20:57:38.047+0800][gc,heap      ] GC(727) Old regions: 79->79
[2022-04-22T20:57:38.047+0800][gc,heap      ] GC(727) Archive regions: 2->2
[2022-04-22T20:57:38.047+0800][gc,heap      ] GC(727) Humongous regions: 129->129
[2022-04-22T20:57:38.047+0800][gc,metaspace ] GC(727) Metaspace: 43496K->43496K(1089536K)
[2022-04-22T20:57:38.047+0800][gc           ] GC(727) Pause Young (Normal) (G1 Evacuation Pause) 258M->212M(1024M) 13.588ms
[2022-04-22T20:57:38.047+0800][gc,cpu       ] GC(727) User=0.05s Sys=0.00s Real=0.01s
[2022-04-22T20:57:55.158+0800][gc,start     ] GC(728) Pause Young (Normal) (G1 Evacuation Pause)
[2022-04-22T20:57:55.159+0800][gc,task      ] GC(728) Using 8 workers of 8 for evacuation
[2022-04-22T20:57:55.184+0800][gc,mmu       ] GC(728) MMU target violated: 21.0ms (20.0ms/21.0ms)
[2022-04-22T20:57:55.185+0800][gc,phases    ] GC(728)   Pre Evacuate Collection Set: 0.4ms
[2022-04-22T20:57:55.185+0800][gc,phases    ] GC(728)   Evacuate Collection Set: 15.3ms
[2022-04-22T20:57:55.185+0800][gc,phases    ] GC(728)   Post Evacuate Collection Set: 8.6ms
[2022-04-22T20:57:55.185+0800][gc,phases    ] GC(728)   Other: 3.2ms
[2022-04-22T20:57:55.185+0800][gc,heap      ] GC(728) Eden regions: 47->0(47)
[2022-04-22T20:57:55.185+0800][gc,heap      ] GC(728) Survivor regions: 4->4(7)
[2022-04-22T20:57:55.185+0800][gc,heap      ] GC(728) Old regions: 79->79
[2022-04-22T20:57:55.185+0800][gc,heap      ] GC(728) Archive regions: 2->2
[2022-04-22T20:57:55.185+0800][gc,heap      ] GC(728) Humongous regions: 129->129
[2022-04-22T20:57:55.185+0800][gc,metaspace ] GC(728) Metaspace: 43496K->43496K(1089536K)
[2022-04-22T20:57:55.185+0800][gc           ] GC(728) Pause Young (Normal) (G1 Evacuation Pause) 259M->212M(1024M) 27.664ms
[2022-04-22T20:57:55.185+0800][gc,cpu       ] GC(728) User=0.04s Sys=0.03s Real=0.03s
[2022-04-22T20:58:12.274+0800][gc,start     ] GC(729) Pause Young (Normal) (G1 Evacuation Pause)
[2022-04-22T20:58:12.274+0800][gc,task      ] GC(729) Using 8 workers of 8 for evacuation
[2022-04-22T20:58:12.296+0800][gc,mmu       ] GC(729) MMU target violated: 21.0ms (20.0ms/21.0ms)
[2022-04-22T20:58:12.297+0800][gc,phases    ] GC(729)   Pre Evacuate Collection Set: 0.1ms
[2022-04-22T20:58:12.297+0800][gc,phases    ] GC(729)   Evacuate Collection Set: 21.2ms
[2022-04-22T20:58:12.297+0800][gc,phases    ] GC(729)   Post Evacuate Collection Set: 0.4ms
[2022-04-22T20:58:12.297+0800][gc,phases    ] GC(729)   Other: 1.4ms
[2022-04-22T20:58:12.297+0800][gc,heap      ] GC(729) Eden regions: 47->0(47)
[2022-04-22T20:58:12.297+0800][gc,heap      ] GC(729) Survivor regions: 4->4(7)
[2022-04-22T20:58:12.297+0800][gc,heap      ] GC(729) Old regions: 79->79
[2022-04-22T20:58:12.297+0800][gc,heap      ] GC(729) Archive regions: 2->2
[2022-04-22T20:58:12.297+0800][gc,heap      ] GC(729) Humongous regions: 129->129
[2022-04-22T20:58:12.297+0800][gc,metaspace ] GC(729) Metaspace: 43496K->43496K(1089536K)
[2022-04-22T20:58:12.297+0800][gc           ] GC(729) Pause Young (Normal) (G1 Evacuation Pause) 259M->212M(1024M) 23.157ms
[2022-04-22T20:58:12.297+0800][gc,cpu       ] GC(729) User=0.04s Sys=0.01s Real=0.02s
[2022-04-22T20:58:29.501+0800][gc,start     ] GC(730) Pause Young (Normal) (G1 Evacuation Pause)
[2022-04-22T20:58:29.502+0800][gc,task      ] GC(730) Using 8 workers of 8 for evacuation
[2022-04-22T20:58:29.515+0800][gc,phases    ] GC(730)   Pre Evacuate Collection Set: 0.1ms
[2022-04-22T20:58:29.515+0800][gc,phases    ] GC(730)   Evacuate Collection Set: 12.1ms
[2022-04-22T20:58:29.515+0800][gc,phases    ] GC(730)   Post Evacuate Collection Set: 0.6ms
[2022-04-22T20:58:29.515+0800][gc,phases    ] GC(730)   Other: 1.1ms
[2022-04-22T20:58:29.515+0800][gc,heap      ] GC(730) Eden regions: 47->0(47)
[2022-04-22T20:58:29.515+0800][gc,heap      ] GC(730) Survivor regions: 4->5(7)
[2022-04-22T20:58:29.515+0800][gc,heap      ] GC(730) Old regions: 79->79
[2022-04-22T20:58:29.515+0800][gc,heap      ] GC(730) Archive regions: 2->2
[2022-04-22T20:58:29.515+0800][gc,heap      ] GC(730) Humongous regions: 129->129
[2022-04-22T20:58:29.515+0800][gc,metaspace ] GC(730) Metaspace: 43496K->43496K(1089536K)
[2022-04-22T20:58:29.515+0800][gc           ] GC(730) Pause Young (Normal) (G1 Evacuation Pause) 259M->212M(1024M) 14.032ms
[2022-04-22T20:58:29.515+0800][gc,cpu       ] GC(730) User=0.04s Sys=0.00s Real=0.01s
[2022-04-22T20:58:46.768+0800][gc,start     ] GC(731) Pause Young (Normal) (G1 Evacuation Pause)
[2022-04-22T20:58:46.769+0800][gc,task      ] GC(731) Using 8 workers of 8 for evacuation
[2022-04-22T20:58:46.796+0800][gc,mmu       ] GC(731) MMU target violated: 21.0ms (20.0ms/21.0ms)
[2022-04-22T20:58:46.796+0800][gc,phases    ] GC(731)   Pre Evacuate Collection Set: 0.4ms
[2022-04-22T20:58:46.796+0800][gc,phases    ] GC(731)   Evacuate Collection Set: 24.0ms
[2022-04-22T20:58:46.796+0800][gc,phases    ] GC(731)   Post Evacuate Collection Set: 1.4ms
[2022-04-22T20:58:46.796+0800][gc,phases    ] GC(731)   Other: 2.7ms
[2022-04-22T20:58:46.796+0800][gc,heap      ] GC(731) Eden regions: 47->0(47)
[2022-04-22T20:58:46.796+0800][gc,heap      ] GC(731) Survivor regions: 5->4(7)
[2022-04-22T20:58:46.796+0800][gc,heap      ] GC(731) Old regions: 79->80
[2022-04-22T20:58:46.796+0800][gc,heap      ] GC(731) Archive regions: 2->2
[2022-04-22T20:58:46.796+0800][gc,heap      ] GC(731) Humongous regions: 129->129
[2022-04-22T20:58:46.796+0800][gc,metaspace ] GC(731) Metaspace: 43496K->43496K(1089536K)
[2022-04-22T20:58:46.796+0800][gc           ] GC(731) Pause Young (Normal) (G1 Evacuation Pause) 259M->213M(1024M) 28.544ms
[2022-04-22T20:58:46.796+0800][gc,cpu       ] GC(731) User=0.04s Sys=0.02s Real=0.03s
[2022-04-22T20:59:04.155+0800][gc,start     ] GC(732) Pause Young (Normal) (G1 Evacuation Pause)
[2022-04-22T20:59:04.157+0800][gc,task      ] GC(732) Using 8 workers of 8 for evacuation
[2022-04-22T20:59:04.175+0800][gc,phases    ] GC(732)   Pre Evacuate Collection Set: 0.2ms
[2022-04-22T20:59:04.175+0800][gc,phases    ] GC(732)   Evacuate Collection Set: 16.8ms
[2022-04-22T20:59:04.175+0800][gc,phases    ] GC(732)   Post Evacuate Collection Set: 0.7ms
[2022-04-22T20:59:04.176+0800][gc,phases    ] GC(732)   Other: 2.4ms
[2022-04-22T20:59:04.176+0800][gc,heap      ] GC(732) Eden regions: 47->0(46)
[2022-04-22T20:59:04.176+0800][gc,heap      ] GC(732) Survivor regions: 4->5(7)
[2022-04-22T20:59:04.176+0800][gc,heap      ] GC(732) Old regions: 80->80
[2022-04-22T20:59:04.176+0800][gc,heap      ] GC(732) Archive regions: 2->2
[2022-04-22T20:59:04.176+0800][gc,heap      ] GC(732) Humongous regions: 129->129
[2022-04-22T20:59:04.176+0800][gc,metaspace ] GC(732) Metaspace: 43496K->43496K(1089536K)
[2022-04-22T20:59:04.176+0800][gc           ] GC(732) Pause Young (Normal) (G1 Evacuation Pause) 260M->214M(1024M) 20.297ms
[2022-04-22T20:59:04.176+0800][gc,cpu       ] GC(732) User=0.06s Sys=0.01s Real=0.02s
[2022-04-22T20:59:21.394+0800][gc,start     ] GC(733) Pause Young (Normal) (G1 Evacuation Pause)
[2022-04-22T20:59:21.394+0800][gc,task      ] GC(733) Using 8 workers of 8 for evacuation
[2022-04-22T20:59:21.421+0800][gc,mmu       ] GC(733) MMU target violated: 21.0ms (20.0ms/21.0ms)
[2022-04-22T20:59:21.421+0800][gc,phases    ] GC(733)   Pre Evacuate Collection Set: 0.4ms
[2022-04-22T20:59:21.421+0800][gc,phases    ] GC(733)   Evacuate Collection Set: 25.4ms
[2022-04-22T20:59:21.421+0800][gc,phases    ] GC(733)   Post Evacuate Collection Set: 0.4ms
[2022-04-22T20:59:21.421+0800][gc,phases    ] GC(733)   Other: 1.6ms
[2022-04-22T20:59:21.421+0800][gc,heap      ] GC(733) Eden regions: 46->0(46)
[2022-04-22T20:59:21.421+0800][gc,heap      ] GC(733) Survivor regions: 5->5(7)
[2022-04-22T20:59:21.421+0800][gc,heap      ] GC(733) Old regions: 80->81
[2022-04-22T20:59:21.421+0800][gc,heap      ] GC(733) Archive regions: 2->2
[2022-04-22T20:59:21.421+0800][gc,heap      ] GC(733) Humongous regions: 129->129
[2022-04-22T20:59:21.421+0800][gc,metaspace ] GC(733) Metaspace: 43496K->43496K(1089536K)
[2022-04-22T20:59:21.421+0800][gc           ] GC(733) Pause Young (Normal) (G1 Evacuation Pause) 260M->215M(1024M) 27.763ms
[2022-04-22T20:59:21.421+0800][gc,cpu       ] GC(733) User=0.04s Sys=0.04s Real=0.03s
[2022-04-22T20:59:38.100+0800][gc,start     ] GC(734) Pause Young (Normal) (G1 Evacuation Pause)
[2022-04-22T20:59:38.102+0800][gc,task      ] GC(734) Using 8 workers of 8 for evacuation
[2022-04-22T20:59:38.129+0800][gc,mmu       ] GC(734) MMU target violated: 21.0ms (20.0ms/21.0ms)
[2022-04-22T20:59:38.129+0800][gc,phases    ] GC(734)   Pre Evacuate Collection Set: 0.4ms
[2022-04-22T20:59:38.129+0800][gc,phases    ] GC(734)   Evacuate Collection Set: 25.3ms
[2022-04-22T20:59:38.129+0800][gc,phases    ] GC(734)   Post Evacuate Collection Set: 0.8ms
[2022-04-22T20:59:38.129+0800][gc,phases    ] GC(734)   Other: 2.2ms
[2022-04-22T20:59:38.129+0800][gc,heap      ] GC(734) Eden regions: 46->0(47)
[2022-04-22T20:59:38.129+0800][gc,heap      ] GC(734) Survivor regions: 5->4(7)
[2022-04-22T20:59:38.129+0800][gc,heap      ] GC(734) Old regions: 81->82
[2022-04-22T20:59:38.129+0800][gc,heap      ] GC(734) Archive regions: 2->2
[2022-04-22T20:59:38.129+0800][gc,heap      ] GC(734) Humongous regions: 129->129
[2022-04-22T20:59:38.129+0800][gc,metaspace ] GC(734) Metaspace: 43496K->43496K(1089536K)
[2022-04-22T20:59:38.129+0800][gc           ] GC(734) Pause Young (Normal) (G1 Evacuation Pause) 261M->215M(1024M) 28.792ms
[2022-04-22T20:59:38.129+0800][gc,cpu       ] GC(734) User=0.05s Sys=0.02s Real=0.02s
[2022-04-22T20:59:55.232+0800][gc,start     ] GC(735) Pause Young (Normal) (G1 Evacuation Pause)
[2022-04-22T20:59:55.233+0800][gc,task      ] GC(735) Using 8 workers of 8 for evacuation
[2022-04-22T20:59:55.254+0800][gc,mmu       ] GC(735) MMU target violated: 20.3ms (20.0ms/21.0ms)
[2022-04-22T20:59:55.254+0800][gc,phases    ] GC(735)   Pre Evacuate Collection Set: 1.3ms
[2022-04-22T20:59:55.254+0800][gc,phases    ] GC(735)   Evacuate Collection Set: 16.4ms
[2022-04-22T20:59:55.254+0800][gc,phases    ] GC(735)   Post Evacuate Collection Set: 1.7ms
[2022-04-22T20:59:55.254+0800][gc,phases    ] GC(735)   Other: 2.5ms
[2022-04-22T20:59:55.254+0800][gc,heap      ] GC(735) Eden regions: 47->0(46)
[2022-04-22T20:59:55.254+0800][gc,heap      ] GC(735) Survivor regions: 4->5(7)
[2022-04-22T20:59:55.254+0800][gc,heap      ] GC(735) Old regions: 82->82
[2022-04-22T20:59:55.254+0800][gc,heap      ] GC(735) Archive regions: 2->2
[2022-04-22T20:59:55.254+0800][gc,heap      ] GC(735) Humongous regions: 129->129
[2022-04-22T20:59:55.254+0800][gc,metaspace ] GC(735) Metaspace: 43496K->43496K(1089536K)
[2022-04-22T20:59:55.254+0800][gc           ] GC(735) Pause Young (Normal) (G1 Evacuation Pause) 262M->215M(1024M) 22.071ms
[2022-04-22T20:59:55.255+0800][gc,cpu       ] GC(735) User=0.04s Sys=0.02s Real=0.02s
[2022-04-22T21:00:12.207+0800][gc,start     ] GC(736) Pause Young (Normal) (G1 Evacuation Pause)
[2022-04-22T21:00:12.208+0800][gc,task      ] GC(736) Using 8 workers of 8 for evacuation
[2022-04-22T21:00:12.226+0800][gc,phases    ] GC(736)   Pre Evacuate Collection Set: 0.3ms
[2022-04-22T21:00:12.226+0800][gc,phases    ] GC(736)   Evacuate Collection Set: 16.1ms
[2022-04-22T21:00:12.226+0800][gc,phases    ] GC(736)   Post Evacuate Collection Set: 0.6ms
[2022-04-22T21:00:12.226+0800][gc,phases    ] GC(736)   Other: 1.4ms
[2022-04-22T21:00:12.226+0800][gc,heap      ] GC(736) Eden regions: 46->0(47)
[2022-04-22T21:00:12.226+0800][gc,heap      ] GC(736) Survivor regions: 5->4(7)
[2022-04-22T21:00:12.226+0800][gc,heap      ] GC(736) Old regions: 82->83
[2022-04-22T21:00:12.226+0800][gc,heap      ] GC(736) Archive regions: 2->2
[2022-04-22T21:00:12.226+0800][gc,heap      ] GC(736) Humongous regions: 129->129
[2022-04-22T21:00:12.226+0800][gc,metaspace ] GC(736) Metaspace: 43496K->43496K(1089536K)
[2022-04-22T21:00:12.226+0800][gc           ] GC(736) Pause Young (Normal) (G1 Evacuation Pause) 261M->215M(1024M) 18.513ms
[2022-04-22T21:00:12.226+0800][gc,cpu       ] GC(736) User=0.05s Sys=0.01s Real=0.02s
[2022-04-22T21:00:29.505+0800][gc,start     ] GC(737) Pause Young (Normal) (G1 Evacuation Pause)
[2022-04-22T21:00:29.506+0800][gc,task      ] GC(737) Using 8 workers of 8 for evacuation
[2022-04-22T21:00:29.525+0800][gc,phases    ] GC(737)   Pre Evacuate Collection Set: 0.2ms
[2022-04-22T21:00:29.525+0800][gc,phases    ] GC(737)   Evacuate Collection Set: 18.0ms
[2022-04-22T21:00:29.525+0800][gc,phases    ] GC(737)   Post Evacuate Collection Set: 0.7ms
[2022-04-22T21:00:29.525+0800][gc,phases    ] GC(737)   Other: 1.3ms
[2022-04-22T21:00:29.525+0800][gc,heap      ] GC(737) Eden regions: 47->0(47)
[2022-04-22T21:00:29.526+0800][gc,heap      ] GC(737) Survivor regions: 4->4(7)
[2022-04-22T21:00:29.526+0800][gc,heap      ] GC(737) Old regions: 83->83
[2022-04-22T21:00:29.526+0800][gc,heap      ] GC(737) Archive regions: 2->2
[2022-04-22T21:00:29.526+0800][gc,heap      ] GC(737) Humongous regions: 129->129
[2022-04-22T21:00:29.526+0800][gc,metaspace ] GC(737) Metaspace: 43496K->43496K(1089536K)
[2022-04-22T21:00:29.526+0800][gc           ] GC(737) Pause Young (Normal) (G1 Evacuation Pause) 262M->215M(1024M) 20.264ms
[2022-04-22T21:00:29.526+0800][gc,cpu       ] GC(737) User=0.04s Sys=0.02s Real=0.02s
[2022-04-22T21:00:46.716+0800][gc,start     ] GC(738) Pause Young (Normal) (G1 Evacuation Pause)
[2022-04-22T21:00:46.717+0800][gc,task      ] GC(738) Using 8 workers of 8 for evacuation
[2022-04-22T21:00:46.740+0800][gc,mmu       ] GC(738) MMU target violated: 21.0ms (20.0ms/21.0ms)
[2022-04-22T21:00:46.740+0800][gc,phases    ] GC(738)   Pre Evacuate Collection Set: 0.4ms
[2022-04-22T21:00:46.740+0800][gc,phases    ] GC(738)   Evacuate Collection Set: 21.3ms
[2022-04-22T21:00:46.740+0800][gc,phases    ] GC(738)   Post Evacuate Collection Set: 0.6ms
[2022-04-22T21:00:46.740+0800][gc,phases    ] GC(738)   Other: 1.4ms
[2022-04-22T21:00:46.740+0800][gc,heap      ] GC(738) Eden regions: 47->0(47)
[2022-04-22T21:00:46.740+0800][gc,heap      ] GC(738) Survivor regions: 4->4(7)
[2022-04-22T21:00:46.740+0800][gc,heap      ] GC(738) Old regions: 83->83
[2022-04-22T21:00:46.740+0800][gc,heap      ] GC(738) Archive regions: 2->2
[2022-04-22T21:00:46.740+0800][gc,heap      ] GC(738) Humongous regions: 129->129
[2022-04-22T21:00:46.740+0800][gc,metaspace ] GC(738) Metaspace: 43496K->43496K(1089536K)
[2022-04-22T21:00:46.740+0800][gc           ] GC(738) Pause Young (Normal) (G1 Evacuation Pause) 262M->215M(1024M) 23.821ms
[2022-04-22T21:00:46.740+0800][gc,cpu       ] GC(738) User=0.05s Sys=0.02s Real=0.03s
[2022-04-22T21:01:04.198+0800][gc,start     ] GC(739) Pause Young (Normal) (G1 Evacuation Pause)
[2022-04-22T21:01:04.200+0800][gc,task      ] GC(739) Using 8 workers of 8 for evacuation
[2022-04-22T21:01:04.217+0800][gc,phases    ] GC(739)   Pre Evacuate Collection Set: 0.2ms
[2022-04-22T21:01:04.217+0800][gc,phases    ] GC(739)   Evacuate Collection Set: 16.1ms
[2022-04-22T21:01:04.217+0800][gc,phases    ] GC(739)   Post Evacuate Collection Set: 0.4ms
[2022-04-22T21:01:04.217+0800][gc,phases    ] GC(739)   Other: 2.1ms
[2022-04-22T21:01:04.217+0800][gc,heap      ] GC(739) Eden regions: 47->0(47)
[2022-04-22T21:01:04.217+0800][gc,heap      ] GC(739) Survivor regions: 4->6(7)
[2022-04-22T21:01:04.217+0800][gc,heap      ] GC(739) Old regions: 83->83
[2022-04-22T21:01:04.217+0800][gc,heap      ] GC(739) Archive regions: 2->2
[2022-04-22T21:01:04.217+0800][gc,heap      ] GC(739) Humongous regions: 129->129
[2022-04-22T21:01:04.217+0800][gc,metaspace ] GC(739) Metaspace: 43496K->43496K(1089536K)
[2022-04-22T21:01:04.217+0800][gc           ] GC(739) Pause Young (Normal) (G1 Evacuation Pause) 262M->217M(1024M) 18.872ms
[2022-04-22T21:01:04.217+0800][gc,cpu       ] GC(739) User=0.05s Sys=0.01s Real=0.02s
[2022-04-22T21:01:21.574+0800][gc,start     ] GC(740) Pause Young (Normal) (G1 Evacuation Pause)
[2022-04-22T21:01:21.575+0800][gc,task      ] GC(740) Using 8 workers of 8 for evacuation
[2022-04-22T21:01:21.624+0800][gc,mmu       ] GC(740) MMU target violated: 21.0ms (20.0ms/21.0ms)
[2022-04-22T21:01:21.624+0800][gc,phases    ] GC(740)   Pre Evacuate Collection Set: 0.2ms
[2022-04-22T21:01:21.624+0800][gc,phases    ] GC(740)   Evacuate Collection Set: 49.0ms
[2022-04-22T21:01:21.625+0800][gc,phases    ] GC(740)   Post Evacuate Collection Set: 0.4ms
[2022-04-22T21:01:21.625+0800][gc,phases    ] GC(740)   Other: 1.5ms
[2022-04-22T21:01:21.625+0800][gc,heap      ] GC(740) Eden regions: 47->0(47)
[2022-04-22T21:01:21.625+0800][gc,heap      ] GC(740) Survivor regions: 6->4(7)
[2022-04-22T21:01:21.625+0800][gc,heap      ] GC(740) Old regions: 83->85
[2022-04-22T21:01:21.625+0800][gc,heap      ] GC(740) Archive regions: 2->2
[2022-04-22T21:01:21.625+0800][gc,heap      ] GC(740) Humongous regions: 129->129
[2022-04-22T21:01:21.625+0800][gc,metaspace ] GC(740) Metaspace: 43496K->43496K(1089536K)
[2022-04-22T21:01:21.625+0800][gc           ] GC(740) Pause Young (Normal) (G1 Evacuation Pause) 264M->217M(1024M) 51.111ms
[2022-04-22T21:01:21.625+0800][gc,cpu       ] GC(740) User=0.05s Sys=0.03s Real=0.05s
[2022-04-22T21:01:38.827+0800][gc,start     ] GC(741) Pause Young (Normal) (G1 Evacuation Pause)
[2022-04-22T21:01:38.828+0800][gc,task      ] GC(741) Using 8 workers of 8 for evacuation
[2022-04-22T21:01:38.849+0800][gc,mmu       ] GC(741) MMU target violated: 20.6ms (20.0ms/21.0ms)
[2022-04-22T21:01:38.849+0800][gc,phases    ] GC(741)   Pre Evacuate Collection Set: 0.3ms
[2022-04-22T21:01:38.849+0800][gc,phases    ] GC(741)   Evacuate Collection Set: 18.1ms
[2022-04-22T21:01:38.849+0800][gc,phases    ] GC(741)   Post Evacuate Collection Set: 1.4ms
[2022-04-22T21:01:38.849+0800][gc,phases    ] GC(741)   Other: 2.0ms
[2022-04-22T21:01:38.849+0800][gc,heap      ] GC(741) Eden regions: 47->0(46)
[2022-04-22T21:01:38.849+0800][gc,heap      ] GC(741) Survivor regions: 4->5(7)
[2022-04-22T21:01:38.849+0800][gc,heap      ] GC(741) Old regions: 85->85
[2022-04-22T21:01:38.849+0800][gc,heap      ] GC(741) Archive regions: 2->2
[2022-04-22T21:01:38.849+0800][gc,heap      ] GC(741) Humongous regions: 129->129
[2022-04-22T21:01:38.849+0800][gc,metaspace ] GC(741) Metaspace: 43496K->43496K(1089536K)
[2022-04-22T21:01:38.849+0800][gc           ] GC(741) Pause Young (Normal) (G1 Evacuation Pause) 264M->218M(1024M) 21.848ms
[2022-04-22T21:01:38.849+0800][gc,cpu       ] GC(741) User=0.05s Sys=0.03s Real=0.02s
[2022-04-22T21:01:55.721+0800][gc,start     ] GC(742) Pause Young (Normal) (G1 Evacuation Pause)
[2022-04-22T21:01:55.722+0800][gc,task      ] GC(742) Using 8 workers of 8 for evacuation
[2022-04-22T21:01:55.737+0800][gc,phases    ] GC(742)   Pre Evacuate Collection Set: 0.4ms
[2022-04-22T21:01:55.737+0800][gc,phases    ] GC(742)   Evacuate Collection Set: 13.8ms
[2022-04-22T21:01:55.737+0800][gc,phases    ] GC(742)   Post Evacuate Collection Set: 0.8ms
[2022-04-22T21:01:55.737+0800][gc,phases    ] GC(742)   Other: 1.4ms
[2022-04-22T21:01:55.737+0800][gc,heap      ] GC(742) Eden regions: 46->0(47)
[2022-04-22T21:01:55.737+0800][gc,heap      ] GC(742) Survivor regions: 5->4(7)
[2022-04-22T21:01:55.737+0800][gc,heap      ] GC(742) Old regions: 85->86
[2022-04-22T21:01:55.737+0800][gc,heap      ] GC(742) Archive regions: 2->2
[2022-04-22T21:01:55.737+0800][gc,heap      ] GC(742) Humongous regions: 129->129
[2022-04-22T21:01:55.738+0800][gc,metaspace ] GC(742) Metaspace: 43496K->43496K(1089536K)
[2022-04-22T21:01:55.738+0800][gc           ] GC(742) Pause Young (Normal) (G1 Evacuation Pause) 264M->218M(1024M) 16.587ms
[2022-04-22T21:01:55.738+0800][gc,cpu       ] GC(742) User=0.05s Sys=0.01s Real=0.01s
[2022-04-22T21:02:13.069+0800][gc,start     ] GC(743) Pause Young (Normal) (G1 Evacuation Pause)
[2022-04-22T21:02:13.070+0800][gc,task      ] GC(743) Using 8 workers of 8 for evacuation
[2022-04-22T21:02:13.085+0800][gc,phases    ] GC(743)   Pre Evacuate Collection Set: 0.3ms
[2022-04-22T21:02:13.085+0800][gc,phases    ] GC(743)   Evacuate Collection Set: 13.6ms
[2022-04-22T21:02:13.085+0800][gc,phases    ] GC(743)   Post Evacuate Collection Set: 0.6ms
[2022-04-22T21:02:13.085+0800][gc,phases    ] GC(743)   Other: 1.8ms
[2022-04-22T21:02:13.085+0800][gc,heap      ] GC(743) Eden regions: 47->0(48)
[2022-04-22T21:02:13.085+0800][gc,heap      ] GC(743) Survivor regions: 4->5(7)
[2022-04-22T21:02:13.085+0800][gc,heap      ] GC(743) Old regions: 86->86
[2022-04-22T21:02:13.085+0800][gc,heap      ] GC(743) Archive regions: 2->2
[2022-04-22T21:02:13.085+0800][gc,heap      ] GC(743) Humongous regions: 129->129
[2022-04-22T21:02:13.086+0800][gc,metaspace ] GC(743) Metaspace: 43496K->43496K(1089536K)
[2022-04-22T21:02:13.086+0800][gc           ] GC(743) Pause Young (Normal) (G1 Evacuation Pause) 265M->218M(1024M) 16.558ms
[2022-04-22T21:02:13.086+0800][gc,cpu       ] GC(743) User=0.04s Sys=0.01s Real=0.02s
[2022-04-22T21:02:30.814+0800][gc,start     ] GC(744) Pause Young (Normal) (G1 Evacuation Pause)
[2022-04-22T21:02:30.815+0800][gc,task      ] GC(744) Using 8 workers of 8 for evacuation
[2022-04-22T21:02:30.834+0800][gc,phases    ] GC(744)   Pre Evacuate Collection Set: 0.2ms
[2022-04-22T21:02:30.834+0800][gc,phases    ] GC(744)   Evacuate Collection Set: 17.4ms
[2022-04-22T21:02:30.834+0800][gc,phases    ] GC(744)   Post Evacuate Collection Set: 0.6ms
[2022-04-22T21:02:30.834+0800][gc,phases    ] GC(744)   Other: 1.4ms
[2022-04-22T21:02:30.834+0800][gc,heap      ] GC(744) Eden regions: 48->0(47)
[2022-04-22T21:02:30.834+0800][gc,heap      ] GC(744) Survivor regions: 5->4(7)
[2022-04-22T21:02:30.834+0800][gc,heap      ] GC(744) Old regions: 86->86
[2022-04-22T21:02:30.834+0800][gc,heap      ] GC(744) Archive regions: 2->2
[2022-04-22T21:02:30.834+0800][gc,heap      ] GC(744) Humongous regions: 129->129
[2022-04-22T21:02:30.834+0800][gc,metaspace ] GC(744) Metaspace: 43496K->43496K(1089536K)
[2022-04-22T21:02:30.834+0800][gc           ] GC(744) Pause Young (Normal) (G1 Evacuation Pause) 266M->219M(1024M) 19.706ms
[2022-04-22T21:02:30.834+0800][gc,cpu       ] GC(744) User=0.05s Sys=0.01s Real=0.02s
[2022-04-22T21:02:48.132+0800][gc,start     ] GC(745) Pause Young (Normal) (G1 Evacuation Pause)
[2022-04-22T21:02:48.134+0800][gc,task      ] GC(745) Using 8 workers of 8 for evacuation
[2022-04-22T21:02:48.162+0800][gc,mmu       ] GC(745) MMU target violated: 21.0ms (20.0ms/21.0ms)
[2022-04-22T21:02:48.162+0800][gc,phases    ] GC(745)   Pre Evacuate Collection Set: 0.3ms
[2022-04-22T21:02:48.162+0800][gc,phases    ] GC(745)   Evacuate Collection Set: 26.2ms
[2022-04-22T21:02:48.162+0800][gc,phases    ] GC(745)   Post Evacuate Collection Set: 0.7ms
[2022-04-22T21:02:48.162+0800][gc,phases    ] GC(745)   Other: 3.5ms
[2022-04-22T21:02:48.162+0800][gc,heap      ] GC(745) Eden regions: 47->0(47)
[2022-04-22T21:02:48.162+0800][gc,heap      ] GC(745) Survivor regions: 4->4(7)
[2022-04-22T21:02:48.162+0800][gc,heap      ] GC(745) Old regions: 86->86
[2022-04-22T21:02:48.163+0800][gc,heap      ] GC(745) Archive regions: 2->2
[2022-04-22T21:02:48.163+0800][gc,heap      ] GC(745) Humongous regions: 129->129
[2022-04-22T21:02:48.163+0800][gc,metaspace ] GC(745) Metaspace: 43496K->43496K(1089536K)
[2022-04-22T21:02:48.163+0800][gc           ] GC(745) Pause Young (Normal) (G1 Evacuation Pause) 266M->219M(1024M) 30.697ms
[2022-04-22T21:02:48.163+0800][gc,cpu       ] GC(745) User=0.04s Sys=0.03s Real=0.03s
[2022-04-22T21:03:05.354+0800][gc,start     ] GC(746) Pause Young (Normal) (G1 Evacuation Pause)
[2022-04-22T21:03:05.354+0800][gc,task      ] GC(746) Using 8 workers of 8 for evacuation
[2022-04-22T21:03:05.369+0800][gc,phases    ] GC(746)   Pre Evacuate Collection Set: 0.3ms
[2022-04-22T21:03:05.369+0800][gc,phases    ] GC(746)   Evacuate Collection Set: 13.0ms
[2022-04-22T21:03:05.369+0800][gc,phases    ] GC(746)   Post Evacuate Collection Set: 0.7ms
[2022-04-22T21:03:05.369+0800][gc,phases    ] GC(746)   Other: 1.5ms
[2022-04-22T21:03:05.369+0800][gc,heap      ] GC(746) Eden regions: 47->0(48)
[2022-04-22T21:03:05.369+0800][gc,heap      ] GC(746) Survivor regions: 4->5(7)
[2022-04-22T21:03:05.369+0800][gc,heap      ] GC(746) Old regions: 86->86
[2022-04-22T21:03:05.369+0800][gc,heap      ] GC(746) Archive regions: 2->2
[2022-04-22T21:03:05.369+0800][gc,heap      ] GC(746) Humongous regions: 129->129
[2022-04-22T21:03:05.369+0800][gc,metaspace ] GC(746) Metaspace: 43496K->43496K(1089536K)
[2022-04-22T21:03:05.369+0800][gc           ] GC(746) Pause Young (Normal) (G1 Evacuation Pause) 266M->219M(1024M) 15.854ms
[2022-04-22T21:03:05.370+0800][gc,cpu       ] GC(746) User=0.05s Sys=0.01s Real=0.02s
[2022-04-22T21:03:22.391+0800][gc,start     ] GC(747) Pause Young (Normal) (G1 Evacuation Pause)
[2022-04-22T21:03:22.391+0800][gc,task      ] GC(747) Using 8 workers of 8 for evacuation
[2022-04-22T21:03:22.421+0800][gc,mmu       ] GC(747) MMU target violated: 21.0ms (20.0ms/21.0ms)
[2022-04-22T21:03:22.421+0800][gc,phases    ] GC(747)   Pre Evacuate Collection Set: 0.4ms
[2022-04-22T21:03:22.421+0800][gc,phases    ] GC(747)   Evacuate Collection Set: 27.7ms
[2022-04-22T21:03:22.421+0800][gc,phases    ] GC(747)   Post Evacuate Collection Set: 0.7ms
[2022-04-22T21:03:22.421+0800][gc,phases    ] GC(747)   Other: 1.9ms
[2022-04-22T21:03:22.421+0800][gc,heap      ] GC(747) Eden regions: 47->0(47)
[2022-04-22T21:03:22.421+0800][gc,heap      ] GC(747) Survivor regions: 5->4(7)
[2022-04-22T21:03:22.421+0800][gc,heap      ] GC(747) Old regions: 86->87
[2022-04-22T21:03:22.421+0800][gc,heap      ] GC(747) Archive regions: 2->2
[2022-04-22T21:03:22.421+0800][gc,heap      ] GC(747) Humongous regions: 129->129
[2022-04-22T21:03:22.421+0800][gc,metaspace ] GC(747) Metaspace: 43496K->43496K(1089536K)
[2022-04-22T21:03:22.421+0800][gc           ] GC(747) Pause Young (Normal) (G1 Evacuation Pause) 266M->219M(1024M) 30.843ms
[2022-04-22T21:03:22.421+0800][gc,cpu       ] GC(747) User=0.04s Sys=0.01s Real=0.03s
[2022-04-22T21:03:39.429+0800][gc,start     ] GC(748) Pause Young (Normal) (G1 Evacuation Pause)
[2022-04-22T21:03:39.430+0800][gc,task      ] GC(748) Using 8 workers of 8 for evacuation
[2022-04-22T21:03:39.456+0800][gc,mmu       ] GC(748) MMU target violated: 21.0ms (20.0ms/21.0ms)
[2022-04-22T21:03:39.456+0800][gc,phases    ] GC(748)   Pre Evacuate Collection Set: 0.2ms
[2022-04-22T21:03:39.456+0800][gc,phases    ] GC(748)   Evacuate Collection Set: 22.6ms
[2022-04-22T21:03:39.456+0800][gc,phases    ] GC(748)   Post Evacuate Collection Set: 2.7ms
[2022-04-22T21:03:39.456+0800][gc,phases    ] GC(748)   Other: 1.9ms
[2022-04-22T21:03:39.456+0800][gc,heap      ] GC(748) Eden regions: 47->0(45)
[2022-04-22T21:03:39.456+0800][gc,heap      ] GC(748) Survivor regions: 4->6(7)
[2022-04-22T21:03:39.456+0800][gc,heap      ] GC(748) Old regions: 87->87
[2022-04-22T21:03:39.456+0800][gc,heap      ] GC(748) Archive regions: 2->2
[2022-04-22T21:03:39.456+0800][gc,heap      ] GC(748) Humongous regions: 129->129
[2022-04-22T21:03:39.456+0800][gc,metaspace ] GC(748) Metaspace: 43497K->43497K(1089536K)
[2022-04-22T21:03:39.456+0800][gc           ] GC(748) Pause Young (Normal) (G1 Evacuation Pause) 266M->221M(1024M) 27.577ms
[2022-04-22T21:03:39.456+0800][gc,cpu       ] GC(748) User=0.06s Sys=0.02s Real=0.03s
[2022-04-22T21:03:55.757+0800][gc,start     ] GC(749) Pause Young (Normal) (G1 Evacuation Pause)
[2022-04-22T21:03:55.759+0800][gc,task      ] GC(749) Using 8 workers of 8 for evacuation
[2022-04-22T21:03:55.803+0800][gc,mmu       ] GC(749) MMU target violated: 21.0ms (20.0ms/21.0ms)
[2022-04-22T21:03:55.803+0800][gc,phases    ] GC(749)   Pre Evacuate Collection Set: 0.2ms
[2022-04-22T21:03:55.803+0800][gc,phases    ] GC(749)   Evacuate Collection Set: 43.1ms
[2022-04-22T21:03:55.803+0800][gc,phases    ] GC(749)   Post Evacuate Collection Set: 0.5ms
[2022-04-22T21:03:55.803+0800][gc,phases    ] GC(749)   Other: 1.9ms
[2022-04-22T21:03:55.803+0800][gc,heap      ] GC(749) Eden regions: 45->0(47)
[2022-04-22T21:03:55.803+0800][gc,heap      ] GC(749) Survivor regions: 6->4(7)
[2022-04-22T21:03:55.803+0800][gc,heap      ] GC(749) Old regions: 87->89
[2022-04-22T21:03:55.803+0800][gc,heap      ] GC(749) Archive regions: 2->2
[2022-04-22T21:03:55.803+0800][gc,heap      ] GC(749) Humongous regions: 129->129
[2022-04-22T21:03:55.803+0800][gc,metaspace ] GC(749) Metaspace: 43497K->43497K(1089536K)
[2022-04-22T21:03:55.803+0800][gc           ] GC(749) Pause Young (Normal) (G1 Evacuation Pause) 266M->221M(1024M) 45.799ms
[2022-04-22T21:03:55.803+0800][gc,cpu       ] GC(749) User=0.04s Sys=0.02s Real=0.05s
[2022-04-22T21:04:12.748+0800][gc,start     ] GC(750) Pause Young (Normal) (G1 Evacuation Pause)
[2022-04-22T21:04:12.749+0800][gc,task      ] GC(750) Using 8 workers of 8 for evacuation
[2022-04-22T21:04:12.764+0800][gc,phases    ] GC(750)   Pre Evacuate Collection Set: 0.4ms
[2022-04-22T21:04:12.764+0800][gc,phases    ] GC(750)   Evacuate Collection Set: 13.1ms
[2022-04-22T21:04:12.764+0800][gc,phases    ] GC(750)   Post Evacuate Collection Set: 0.8ms
[2022-04-22T21:04:12.765+0800][gc,phases    ] GC(750)   Other: 2.5ms
[2022-04-22T21:04:12.765+0800][gc,heap      ] GC(750) Eden regions: 47->0(47)
[2022-04-22T21:04:12.765+0800][gc,heap      ] GC(750) Survivor regions: 4->4(7)
[2022-04-22T21:04:12.765+0800][gc,heap      ] GC(750) Old regions: 89->89
[2022-04-22T21:04:12.765+0800][gc,heap      ] GC(750) Archive regions: 2->2
[2022-04-22T21:04:12.765+0800][gc,heap      ] GC(750) Humongous regions: 129->129
[2022-04-22T21:04:12.765+0800][gc,metaspace ] GC(750) Metaspace: 43497K->43497K(1089536K)
[2022-04-22T21:04:12.765+0800][gc           ] GC(750) Pause Young (Normal) (G1 Evacuation Pause) 268M->221M(1024M) 17.079ms
[2022-04-22T21:04:12.765+0800][gc,cpu       ] GC(750) User=0.05s Sys=0.00s Real=0.02s
[2022-04-22T21:04:29.956+0800][gc,start     ] GC(751) Pause Young (Normal) (G1 Evacuation Pause)
[2022-04-22T21:04:29.956+0800][gc,task      ] GC(751) Using 8 workers of 8 for evacuation
[2022-04-22T21:04:29.971+0800][gc,phases    ] GC(751)   Pre Evacuate Collection Set: 0.2ms
[2022-04-22T21:04:29.971+0800][gc,phases    ] GC(751)   Evacuate Collection Set: 13.8ms
[2022-04-22T21:04:29.971+0800][gc,phases    ] GC(751)   Post Evacuate Collection Set: 0.3ms
[2022-04-22T21:04:29.971+0800][gc,phases    ] GC(751)   Other: 0.9ms
[2022-04-22T21:04:29.971+0800][gc,heap      ] GC(751) Eden regions: 47->0(46)
[2022-04-22T21:04:29.971+0800][gc,heap      ] GC(751) Survivor regions: 4->5(7)
[2022-04-22T21:04:29.971+0800][gc,heap      ] GC(751) Old regions: 89->89
[2022-04-22T21:04:29.971+0800][gc,heap      ] GC(751) Archive regions: 2->2
[2022-04-22T21:04:29.971+0800][gc,heap      ] GC(751) Humongous regions: 129->129
[2022-04-22T21:04:29.971+0800][gc,metaspace ] GC(751) Metaspace: 43497K->43497K(1089536K)
[2022-04-22T21:04:29.971+0800][gc           ] GC(751) Pause Young (Normal) (G1 Evacuation Pause) 268M->222M(1024M) 15.364ms
[2022-04-22T21:04:29.971+0800][gc,cpu       ] GC(751) User=0.04s Sys=0.00s Real=0.02s
[2022-04-22T21:04:46.756+0800][gc,start     ] GC(752) Pause Young (Normal) (G1 Evacuation Pause)
[2022-04-22T21:04:46.757+0800][gc,task      ] GC(752) Using 8 workers of 8 for evacuation
[2022-04-22T21:04:46.783+0800][gc,mmu       ] GC(752) MMU target violated: 21.0ms (20.0ms/21.0ms)
[2022-04-22T21:04:46.784+0800][gc,phases    ] GC(752)   Pre Evacuate Collection Set: 0.2ms
[2022-04-22T21:04:46.784+0800][gc,phases    ] GC(752)   Evacuate Collection Set: 25.0ms
[2022-04-22T21:04:46.784+0800][gc,phases    ] GC(752)   Post Evacuate Collection Set: 0.9ms
[2022-04-22T21:04:46.784+0800][gc,phases    ] GC(752)   Other: 1.4ms
[2022-04-22T21:04:46.784+0800][gc,heap      ] GC(752) Eden regions: 46->0(47)
[2022-04-22T21:04:46.784+0800][gc,heap      ] GC(752) Survivor regions: 5->4(7)
[2022-04-22T21:04:46.784+0800][gc,heap      ] GC(752) Old regions: 89->89
[2022-04-22T21:04:46.784+0800][gc,heap      ] GC(752) Archive regions: 2->2
[2022-04-22T21:04:46.784+0800][gc,heap      ] GC(752) Humongous regions: 129->129
[2022-04-22T21:04:46.784+0800][gc,metaspace ] GC(752) Metaspace: 43497K->43497K(1089536K)
[2022-04-22T21:04:46.784+0800][gc           ] GC(752) Pause Young (Normal) (G1 Evacuation Pause) 268M->222M(1024M) 27.828ms
[2022-04-22T21:04:46.784+0800][gc,cpu       ] GC(752) User=0.03s Sys=0.02s Real=0.03s
[2022-04-22T21:05:04.230+0800][gc,start     ] GC(753) Pause Young (Normal) (G1 Evacuation Pause)
[2022-04-22T21:05:04.234+0800][gc,task      ] GC(753) Using 8 workers of 8 for evacuation
[2022-04-22T21:05:04.249+0800][gc,phases    ] GC(753)   Pre Evacuate Collection Set: 0.2ms
[2022-04-22T21:05:04.249+0800][gc,phases    ] GC(753)   Evacuate Collection Set: 14.2ms
[2022-04-22T21:05:04.249+0800][gc,phases    ] GC(753)   Post Evacuate Collection Set: 0.4ms
[2022-04-22T21:05:04.249+0800][gc,phases    ] GC(753)   Other: 4.1ms
[2022-04-22T21:05:04.249+0800][gc,heap      ] GC(753) Eden regions: 47->0(47)
[2022-04-22T21:05:04.249+0800][gc,heap      ] GC(753) Survivor regions: 4->4(7)
[2022-04-22T21:05:04.249+0800][gc,heap      ] GC(753) Old regions: 89->89
[2022-04-22T21:05:04.249+0800][gc,heap      ] GC(753) Archive regions: 2->2
[2022-04-22T21:05:04.249+0800][gc,heap      ] GC(753) Humongous regions: 129->129
[2022-04-22T21:05:04.249+0800][gc,metaspace ] GC(753) Metaspace: 43497K->43497K(1089536K)
[2022-04-22T21:05:04.249+0800][gc           ] GC(753) Pause Young (Normal) (G1 Evacuation Pause) 269M->222M(1024M) 18.995ms
[2022-04-22T21:05:04.249+0800][gc,cpu       ] GC(753) User=0.03s Sys=0.01s Real=0.01s
[2022-04-22T21:05:21.339+0800][gc,start     ] GC(754) Pause Young (Normal) (G1 Evacuation Pause)
[2022-04-22T21:05:21.340+0800][gc,task      ] GC(754) Using 8 workers of 8 for evacuation
[2022-04-22T21:05:21.363+0800][gc,mmu       ] GC(754) MMU target violated: 21.0ms (20.0ms/21.0ms)
[2022-04-22T21:05:21.363+0800][gc,phases    ] GC(754)   Pre Evacuate Collection Set: 0.3ms
[2022-04-22T21:05:21.363+0800][gc,phases    ] GC(754)   Evacuate Collection Set: 20.8ms
[2022-04-22T21:05:21.363+0800][gc,phases    ] GC(754)   Post Evacuate Collection Set: 0.6ms
[2022-04-22T21:05:21.363+0800][gc,phases    ] GC(754)   Other: 1.8ms
[2022-04-22T21:05:21.363+0800][gc,heap      ] GC(754) Eden regions: 47->0(47)
[2022-04-22T21:05:21.363+0800][gc,heap      ] GC(754) Survivor regions: 4->6(7)
[2022-04-22T21:05:21.363+0800][gc,heap      ] GC(754) Old regions: 89->90
[2022-04-22T21:05:21.363+0800][gc,heap      ] GC(754) Archive regions: 2->2
[2022-04-22T21:05:21.363+0800][gc,heap      ] GC(754) Humongous regions: 129->129
[2022-04-22T21:05:21.363+0800][gc,metaspace ] GC(754) Metaspace: 43497K->43497K(1089536K)
[2022-04-22T21:05:21.363+0800][gc           ] GC(754) Pause Young (Normal) (G1 Evacuation Pause) 269M->224M(1024M) 23.704ms
[2022-04-22T21:05:21.363+0800][gc,cpu       ] GC(754) User=0.06s Sys=0.01s Real=0.03s
[2022-04-22T21:05:38.623+0800][gc,start     ] GC(755) Pause Young (Normal) (G1 Evacuation Pause)
[2022-04-22T21:05:38.624+0800][gc,task      ] GC(755) Using 8 workers of 8 for evacuation
[2022-04-22T21:05:38.649+0800][gc,mmu       ] GC(755) MMU target violated: 21.0ms (20.0ms/21.0ms)
[2022-04-22T21:05:38.649+0800][gc,phases    ] GC(755)   Pre Evacuate Collection Set: 0.2ms
[2022-04-22T21:05:38.649+0800][gc,phases    ] GC(755)   Evacuate Collection Set: 23.6ms
[2022-04-22T21:05:38.649+0800][gc,phases    ] GC(755)   Post Evacuate Collection Set: 0.4ms
[2022-04-22T21:05:38.649+0800][gc,phases    ] GC(755)   Other: 1.8ms
[2022-04-22T21:05:38.649+0800][gc,heap      ] GC(755) Eden regions: 47->0(47)
[2022-04-22T21:05:38.649+0800][gc,heap      ] GC(755) Survivor regions: 6->4(7)
[2022-04-22T21:05:38.649+0800][gc,heap      ] GC(755) Old regions: 90->92
[2022-04-22T21:05:38.649+0800][gc,heap      ] GC(755) Archive regions: 2->2
[2022-04-22T21:05:38.649+0800][gc,heap      ] GC(755) Humongous regions: 129->129
[2022-04-22T21:05:38.649+0800][gc,metaspace ] GC(755) Metaspace: 43497K->43497K(1089536K)
[2022-04-22T21:05:38.649+0800][gc           ] GC(755) Pause Young (Normal) (G1 Evacuation Pause) 271M->224M(1024M) 26.044ms
[2022-04-22T21:05:38.649+0800][gc,cpu       ] GC(755) User=0.06s Sys=0.03s Real=0.02s
[2022-04-22T21:05:55.885+0800][gc,start     ] GC(756) Pause Young (Normal) (G1 Evacuation Pause)
[2022-04-22T21:05:55.885+0800][gc,task      ] GC(756) Using 8 workers of 8 for evacuation
[2022-04-22T21:05:55.905+0800][gc,phases    ] GC(756)   Pre Evacuate Collection Set: 0.2ms
[2022-04-22T21:05:55.905+0800][gc,phases    ] GC(756)   Evacuate Collection Set: 17.8ms
[2022-04-22T21:05:55.905+0800][gc,phases    ] GC(756)   Post Evacuate Collection Set: 1.0ms
[2022-04-22T21:05:55.905+0800][gc,phases    ] GC(756)   Other: 1.2ms
[2022-04-22T21:05:55.905+0800][gc,heap      ] GC(756) Eden regions: 47->0(47)
[2022-04-22T21:05:55.905+0800][gc,heap      ] GC(756) Survivor regions: 4->5(7)
[2022-04-22T21:05:55.905+0800][gc,heap      ] GC(756) Old regions: 92->92
[2022-04-22T21:05:55.905+0800][gc,heap      ] GC(756) Archive regions: 2->2
[2022-04-22T21:05:55.905+0800][gc,heap      ] GC(756) Humongous regions: 129->129
[2022-04-22T21:05:55.905+0800][gc,metaspace ] GC(756) Metaspace: 43497K->43497K(1089536K)
[2022-04-22T21:05:55.905+0800][gc           ] GC(756) Pause Young (Normal) (G1 Evacuation Pause) 271M->224M(1024M) 20.264ms
[2022-04-22T21:05:55.905+0800][gc,cpu       ] GC(756) User=0.04s Sys=0.02s Real=0.02s
[2022-04-22T21:06:12.567+0800][gc,start     ] GC(757) Pause Young (Normal) (G1 Evacuation Pause)
[2022-04-22T21:06:12.568+0800][gc,task      ] GC(757) Using 8 workers of 8 for evacuation
[2022-04-22T21:06:12.593+0800][gc,mmu       ] GC(757) MMU target violated: 21.0ms (20.0ms/21.0ms)
[2022-04-22T21:06:12.593+0800][gc,phases    ] GC(757)   Pre Evacuate Collection Set: 0.2ms
[2022-04-22T21:06:12.593+0800][gc,phases    ] GC(757)   Evacuate Collection Set: 22.3ms
[2022-04-22T21:06:12.593+0800][gc,phases    ] GC(757)   Post Evacuate Collection Set: 0.5ms
[2022-04-22T21:06:12.593+0800][gc,phases    ] GC(757)   Other: 2.5ms
[2022-04-22T21:06:12.593+0800][gc,heap      ] GC(757) Eden regions: 46->0(47)
[2022-04-22T21:06:12.593+0800][gc,heap      ] GC(757) Survivor regions: 5->4(7)
[2022-04-22T21:06:12.593+0800][gc,heap      ] GC(757) Old regions: 92->92
[2022-04-22T21:06:12.593+0800][gc,heap      ] GC(757) Archive regions: 2->2
[2022-04-22T21:06:12.593+0800][gc,heap      ] GC(757) Humongous regions: 129->129
[2022-04-22T21:06:12.593+0800][gc,metaspace ] GC(757) Metaspace: 43497K->43497K(1089536K)
[2022-04-22T21:06:12.593+0800][gc           ] GC(757) Pause Young (Normal) (G1 Evacuation Pause) 270M->224M(1024M) 25.490ms
[2022-04-22T21:06:12.593+0800][gc,cpu       ] GC(757) User=0.04s Sys=0.01s Real=0.03s
[2022-04-22T21:06:29.756+0800][gc,start     ] GC(758) Pause Young (Normal) (G1 Evacuation Pause)
[2022-04-22T21:06:29.757+0800][gc,task      ] GC(758) Using 8 workers of 8 for evacuation
[2022-04-22T21:06:29.771+0800][gc,phases    ] GC(758)   Pre Evacuate Collection Set: 0.3ms
[2022-04-22T21:06:29.771+0800][gc,phases    ] GC(758)   Evacuate Collection Set: 12.3ms
[2022-04-22T21:06:29.771+0800][gc,phases    ] GC(758)   Post Evacuate Collection Set: 1.1ms
[2022-04-22T21:06:29.771+0800][gc,phases    ] GC(758)   Other: 1.8ms
[2022-04-22T21:06:29.771+0800][gc,heap      ] GC(758) Eden regions: 47->0(47)
[2022-04-22T21:06:29.771+0800][gc,heap      ] GC(758) Survivor regions: 4->4(7)
[2022-04-22T21:06:29.771+0800][gc,heap      ] GC(758) Old regions: 92->92
[2022-04-22T21:06:29.771+0800][gc,heap      ] GC(758) Archive regions: 2->2
[2022-04-22T21:06:29.771+0800][gc,heap      ] GC(758) Humongous regions: 129->129
[2022-04-22T21:06:29.771+0800][gc,metaspace ] GC(758) Metaspace: 43497K->43497K(1089536K)
[2022-04-22T21:06:29.771+0800][gc           ] GC(758) Pause Young (Normal) (G1 Evacuation Pause) 271M->225M(1024M) 15.684ms
[2022-04-22T21:06:29.772+0800][gc,cpu       ] GC(758) User=0.04s Sys=0.02s Real=0.02s
[2022-04-22T21:06:46.977+0800][gc,start     ] GC(759) Pause Young (Normal) (G1 Evacuation Pause)
[2022-04-22T21:06:46.977+0800][gc,task      ] GC(759) Using 8 workers of 8 for evacuation
[2022-04-22T21:06:46.994+0800][gc,phases    ] GC(759)   Pre Evacuate Collection Set: 0.2ms
[2022-04-22T21:06:46.994+0800][gc,phases    ] GC(759)   Evacuate Collection Set: 14.8ms
[2022-04-22T21:06:46.994+0800][gc,phases    ] GC(759)   Post Evacuate Collection Set: 0.6ms
[2022-04-22T21:06:46.994+0800][gc,phases    ] GC(759)   Other: 1.8ms
[2022-04-22T21:06:46.994+0800][gc,heap      ] GC(759) Eden regions: 47->0(48)
[2022-04-22T21:06:46.994+0800][gc,heap      ] GC(759) Survivor regions: 4->4(7)
[2022-04-22T21:06:46.994+0800][gc,heap      ] GC(759) Old regions: 92->92
[2022-04-22T21:06:46.994+0800][gc,heap      ] GC(759) Archive regions: 2->2
[2022-04-22T21:06:46.994+0800][gc,heap      ] GC(759) Humongous regions: 129->129
[2022-04-22T21:06:46.994+0800][gc,metaspace ] GC(759) Metaspace: 43497K->43497K(1089536K)
[2022-04-22T21:06:46.994+0800][gc           ] GC(759) Pause Young (Normal) (G1 Evacuation Pause) 272M->225M(1024M) 17.534ms
[2022-04-22T21:06:46.994+0800][gc,cpu       ] GC(759) User=0.05s Sys=0.02s Real=0.02s
[2022-04-22T21:07:04.099+0800][gc,start     ] GC(760) Pause Young (Normal) (G1 Evacuation Pause)
[2022-04-22T21:07:04.100+0800][gc,task      ] GC(760) Using 8 workers of 8 for evacuation
[2022-04-22T21:07:04.114+0800][gc,phases    ] GC(760)   Pre Evacuate Collection Set: 0.4ms
[2022-04-22T21:07:04.114+0800][gc,phases    ] GC(760)   Evacuate Collection Set: 12.3ms
[2022-04-22T21:07:04.114+0800][gc,phases    ] GC(760)   Post Evacuate Collection Set: 0.4ms
[2022-04-22T21:07:04.114+0800][gc,phases    ] GC(760)   Other: 1.9ms
[2022-04-22T21:07:04.114+0800][gc,heap      ] GC(760) Eden regions: 47->0(51)
[2022-04-22T21:07:04.114+0800][gc,heap      ] GC(760) Survivor regions: 4->4(7)
[2022-04-22T21:07:04.114+0800][gc,heap      ] GC(760) Old regions: 92->92
[2022-04-22T21:07:04.114+0800][gc,heap      ] GC(760) Archive regions: 2->2
[2022-04-22T21:07:04.114+0800][gc,heap      ] GC(760) Humongous regions: 129->129
[2022-04-22T21:07:04.114+0800][gc,metaspace ] GC(760) Metaspace: 43497K->43497K(1089536K)
[2022-04-22T21:07:04.114+0800][gc           ] GC(760) Pause Young (Normal) (G1 Evacuation Pause) 272M->225M(1024M) 15.202ms
[2022-04-22T21:07:04.114+0800][gc,cpu       ] GC(760) User=0.05s Sys=0.00s Real=0.02s
[2022-04-22T21:07:22.731+0800][gc,start     ] GC(761) Pause Young (Normal) (G1 Evacuation Pause)
[2022-04-22T21:07:22.732+0800][gc,task      ] GC(761) Using 8 workers of 8 for evacuation
[2022-04-22T21:07:22.753+0800][gc,mmu       ] GC(761) MMU target violated: 20.8ms (20.0ms/21.0ms)
[2022-04-22T21:07:22.753+0800][gc,phases    ] GC(761)   Pre Evacuate Collection Set: 0.2ms
[2022-04-22T21:07:22.753+0800][gc,phases    ] GC(761)   Evacuate Collection Set: 19.9ms
[2022-04-22T21:07:22.753+0800][gc,phases    ] GC(761)   Post Evacuate Collection Set: 0.5ms
[2022-04-22T21:07:22.753+0800][gc,phases    ] GC(761)   Other: 2.2ms
[2022-04-22T21:07:22.753+0800][gc,heap      ] GC(761) Eden regions: 51->0(51)
[2022-04-22T21:07:22.753+0800][gc,heap      ] GC(761) Survivor regions: 4->5(7)
[2022-04-22T21:07:22.753+0800][gc,heap      ] GC(761) Old regions: 92->93
[2022-04-22T21:07:22.753+0800][gc,heap      ] GC(761) Archive regions: 2->2
[2022-04-22T21:07:22.753+0800][gc,heap      ] GC(761) Humongous regions: 129->129
[2022-04-22T21:07:22.753+0800][gc,metaspace ] GC(761) Metaspace: 43497K->43497K(1089536K)
[2022-04-22T21:07:22.754+0800][gc           ] GC(761) Pause Young (Normal) (G1 Evacuation Pause) 276M->226M(1024M) 22.990ms
[2022-04-22T21:07:22.754+0800][gc,cpu       ] GC(761) User=0.05s Sys=0.02s Real=0.02s
[2022-04-22T21:07:41.479+0800][gc,start     ] GC(762) Pause Young (Normal) (G1 Evacuation Pause)
[2022-04-22T21:07:41.480+0800][gc,task      ] GC(762) Using 8 workers of 8 for evacuation
[2022-04-22T21:07:41.506+0800][gc,mmu       ] GC(762) MMU target violated: 21.0ms (20.0ms/21.0ms)
[2022-04-22T21:07:41.506+0800][gc,phases    ] GC(762)   Pre Evacuate Collection Set: 0.2ms
[2022-04-22T21:07:41.506+0800][gc,phases    ] GC(762)   Evacuate Collection Set: 24.2ms
[2022-04-22T21:07:41.506+0800][gc,phases    ] GC(762)   Post Evacuate Collection Set: 0.7ms
[2022-04-22T21:07:41.506+0800][gc,phases    ] GC(762)   Other: 2.1ms
[2022-04-22T21:07:41.506+0800][gc,heap      ] GC(762) Eden regions: 51->0(49)
[2022-04-22T21:07:41.506+0800][gc,heap      ] GC(762) Survivor regions: 5->5(7)
[2022-04-22T21:07:41.506+0800][gc,heap      ] GC(762) Old regions: 93->94
[2022-04-22T21:07:41.506+0800][gc,heap      ] GC(762) Archive regions: 2->2
[2022-04-22T21:07:41.506+0800][gc,heap      ] GC(762) Humongous regions: 129->129
[2022-04-22T21:07:41.506+0800][gc,metaspace ] GC(762) Metaspace: 43497K->43497K(1089536K)
[2022-04-22T21:07:41.506+0800][gc           ] GC(762) Pause Young (Normal) (G1 Evacuation Pause) 277M->227M(1024M) 27.131ms
[2022-04-22T21:07:41.507+0800][gc,cpu       ] GC(762) User=0.04s Sys=0.04s Real=0.03s
[2022-04-22T21:07:58.419+0800][gc,start     ] GC(763) Pause Young (Normal) (G1 Evacuation Pause)
[2022-04-22T21:07:58.421+0800][gc,task      ] GC(763) Using 8 workers of 8 for evacuation
[2022-04-22T21:07:58.438+0800][gc,phases    ] GC(763)   Pre Evacuate Collection Set: 0.2ms
[2022-04-22T21:07:58.438+0800][gc,phases    ] GC(763)   Evacuate Collection Set: 16.0ms
[2022-04-22T21:07:58.438+0800][gc,phases    ] GC(763)   Post Evacuate Collection Set: 0.6ms
[2022-04-22T21:07:58.438+0800][gc,phases    ] GC(763)   Other: 2.2ms
[2022-04-22T21:07:58.438+0800][gc,heap      ] GC(763) Eden regions: 46->0(49)
[2022-04-22T21:07:58.438+0800][gc,heap      ] GC(763) Survivor regions: 5->4(7)
[2022-04-22T21:07:58.438+0800][gc,heap      ] GC(763) Old regions: 94->94
[2022-04-22T21:07:58.438+0800][gc,heap      ] GC(763) Archive regions: 2->2
[2022-04-22T21:07:58.438+0800][gc,heap      ] GC(763) Humongous regions: 129->129
[2022-04-22T21:07:58.438+0800][gc,metaspace ] GC(763) Metaspace: 43497K->43497K(1089536K)
[2022-04-22T21:07:58.438+0800][gc           ] GC(763) Pause Young (Normal) (G1 Evacuation Pause) 273M->227M(1024M) 19.226ms
[2022-04-22T21:07:58.438+0800][gc,cpu       ] GC(763) User=0.05s Sys=0.01s Real=0.02s
[2022-04-22T21:08:16.317+0800][gc,start     ] GC(764) Pause Young (Normal) (G1 Evacuation Pause)
[2022-04-22T21:08:16.318+0800][gc,task      ] GC(764) Using 8 workers of 8 for evacuation
[2022-04-22T21:08:16.340+0800][gc,mmu       ] GC(764) MMU target violated: 21.0ms (20.0ms/21.0ms)
[2022-04-22T21:08:16.340+0800][gc,phases    ] GC(764)   Pre Evacuate Collection Set: 0.5ms
[2022-04-22T21:08:16.340+0800][gc,phases    ] GC(764)   Evacuate Collection Set: 18.4ms
[2022-04-22T21:08:16.340+0800][gc,phases    ] GC(764)   Post Evacuate Collection Set: 0.8ms
[2022-04-22T21:08:16.340+0800][gc,phases    ] GC(764)   Other: 3.5ms
[2022-04-22T21:08:16.340+0800][gc,heap      ] GC(764) Eden regions: 49->0(50)
[2022-04-22T21:08:16.340+0800][gc,heap      ] GC(764) Survivor regions: 4->5(7)
[2022-04-22T21:08:16.340+0800][gc,heap      ] GC(764) Old regions: 94->95
[2022-04-22T21:08:16.340+0800][gc,heap      ] GC(764) Archive regions: 2->2
[2022-04-22T21:08:16.340+0800][gc,heap      ] GC(764) Humongous regions: 129->129
[2022-04-22T21:08:16.340+0800][gc,metaspace ] GC(764) Metaspace: 43497K->43497K(1089536K)
[2022-04-22T21:08:16.340+0800][gc           ] GC(764) Pause Young (Normal) (G1 Evacuation Pause) 276M->228M(1024M) 23.437ms
[2022-04-22T21:08:16.340+0800][gc,cpu       ] GC(764) User=0.06s Sys=0.02s Real=0.03s
[2022-04-22T21:08:33.869+0800][gc,start     ] GC(765) Pause Young (Normal) (G1 Evacuation Pause)
[2022-04-22T21:08:33.870+0800][gc,task      ] GC(765) Using 8 workers of 8 for evacuation
[2022-04-22T21:08:33.886+0800][gc,phases    ] GC(765)   Pre Evacuate Collection Set: 0.3ms
[2022-04-22T21:08:33.886+0800][gc,phases    ] GC(765)   Evacuate Collection Set: 14.1ms
[2022-04-22T21:08:33.886+0800][gc,phases    ] GC(765)   Post Evacuate Collection Set: 0.7ms
[2022-04-22T21:08:33.887+0800][gc,phases    ] GC(765)   Other: 1.8ms
[2022-04-22T21:08:33.887+0800][gc,heap      ] GC(765) Eden regions: 48->0(53)
[2022-04-22T21:08:33.887+0800][gc,heap      ] GC(765) Survivor regions: 5->5(7)
[2022-04-22T21:08:33.887+0800][gc,heap      ] GC(765) Old regions: 95->95
[2022-04-22T21:08:33.887+0800][gc,heap      ] GC(765) Archive regions: 2->2
[2022-04-22T21:08:33.887+0800][gc,heap      ] GC(765) Humongous regions: 129->129
[2022-04-22T21:08:33.887+0800][gc,metaspace ] GC(765) Metaspace: 43497K->43497K(1089536K)
[2022-04-22T21:08:33.887+0800][gc           ] GC(765) Pause Young (Normal) (G1 Evacuation Pause) 276M->228M(1024M) 17.341ms
[2022-04-22T21:08:33.887+0800][gc,cpu       ] GC(765) User=0.04s Sys=0.01s Real=0.02s
[2022-04-22T21:08:53.059+0800][gc,start     ] GC(766) Pause Young (Normal) (G1 Evacuation Pause)
[2022-04-22T21:08:53.060+0800][gc,task      ] GC(766) Using 8 workers of 8 for evacuation
[2022-04-22T21:08:53.085+0800][gc,mmu       ] GC(766) MMU target violated: 21.0ms (20.0ms/21.0ms)
[2022-04-22T21:08:53.085+0800][gc,phases    ] GC(766)   Pre Evacuate Collection Set: 0.2ms
[2022-04-22T21:08:53.085+0800][gc,phases    ] GC(766)   Evacuate Collection Set: 23.9ms
[2022-04-22T21:08:53.085+0800][gc,phases    ] GC(766)   Post Evacuate Collection Set: 0.6ms
[2022-04-22T21:08:53.085+0800][gc,phases    ] GC(766)   Other: 1.4ms
[2022-04-22T21:08:53.085+0800][gc,heap      ] GC(766) Eden regions: 53->0(52)
[2022-04-22T21:08:53.085+0800][gc,heap      ] GC(766) Survivor regions: 5->6(8)
[2022-04-22T21:08:53.085+0800][gc,heap      ] GC(766) Old regions: 95->95
[2022-04-22T21:08:53.085+0800][gc,heap      ] GC(766) Archive regions: 2->2
[2022-04-22T21:08:53.085+0800][gc,heap      ] GC(766) Humongous regions: 129->129
[2022-04-22T21:08:53.085+0800][gc,metaspace ] GC(766) Metaspace: 43497K->43497K(1089536K)
[2022-04-22T21:08:53.085+0800][gc           ] GC(766) Pause Young (Normal) (G1 Evacuation Pause) 281M->229M(1024M) 26.356ms
[2022-04-22T21:08:53.086+0800][gc,cpu       ] GC(766) User=0.05s Sys=0.03s Real=0.03s
[2022-04-22T21:09:10.785+0800][gc,start     ] GC(767) Pause Young (Normal) (G1 Evacuation Pause)
[2022-04-22T21:09:10.786+0800][gc,task      ] GC(767) Using 8 workers of 8 for evacuation
[2022-04-22T21:09:10.816+0800][gc,mmu       ] GC(767) MMU target violated: 21.0ms (20.0ms/21.0ms)
[2022-04-22T21:09:10.816+0800][gc,phases    ] GC(767)   Pre Evacuate Collection Set: 0.2ms
[2022-04-22T21:09:10.816+0800][gc,phases    ] GC(767)   Evacuate Collection Set: 28.6ms
[2022-04-22T21:09:10.816+0800][gc,phases    ] GC(767)   Post Evacuate Collection Set: 0.5ms
[2022-04-22T21:09:10.816+0800][gc,phases    ] GC(767)   Other: 1.7ms
[2022-04-22T21:09:10.816+0800][gc,heap      ] GC(767) Eden regions: 49->0(46)
[2022-04-22T21:09:10.816+0800][gc,heap      ] GC(767) Survivor regions: 6->5(7)
[2022-04-22T21:09:10.816+0800][gc,heap      ] GC(767) Old regions: 95->96
[2022-04-22T21:09:10.816+0800][gc,heap      ] GC(767) Archive regions: 2->2
[2022-04-22T21:09:10.816+0800][gc,heap      ] GC(767) Humongous regions: 129->129
[2022-04-22T21:09:10.816+0800][gc,metaspace ] GC(767) Metaspace: 43497K->43497K(1089536K)
[2022-04-22T21:09:10.816+0800][gc           ] GC(767) Pause Young (Normal) (G1 Evacuation Pause) 278M->230M(1024M) 31.202ms
[2022-04-22T21:09:10.816+0800][gc,cpu       ] GC(767) User=0.05s Sys=0.02s Real=0.03s
[2022-04-22T21:09:27.678+0800][gc,start     ] GC(768) Pause Young (Normal) (G1 Evacuation Pause)
[2022-04-22T21:09:27.679+0800][gc,task      ] GC(768) Using 8 workers of 8 for evacuation
[2022-04-22T21:09:27.711+0800][gc,mmu       ] GC(768) MMU target violated: 21.0ms (20.0ms/21.0ms)
[2022-04-22T21:09:27.711+0800][gc,phases    ] GC(768)   Pre Evacuate Collection Set: 0.3ms
[2022-04-22T21:09:27.712+0800][gc,phases    ] GC(768)   Evacuate Collection Set: 29.6ms
[2022-04-22T21:09:27.712+0800][gc,phases    ] GC(768)   Post Evacuate Collection Set: 1.5ms
[2022-04-22T21:09:27.712+0800][gc,phases    ] GC(768)   Other: 2.1ms
[2022-04-22T21:09:27.712+0800][gc,heap      ] GC(768) Eden regions: 46->0(47)
[2022-04-22T21:09:27.712+0800][gc,heap      ] GC(768) Survivor regions: 5->4(7)
[2022-04-22T21:09:27.712+0800][gc,heap      ] GC(768) Old regions: 96->97
[2022-04-22T21:09:27.712+0800][gc,heap      ] GC(768) Archive regions: 2->2
[2022-04-22T21:09:27.712+0800][gc,heap      ] GC(768) Humongous regions: 129->129
[2022-04-22T21:09:27.712+0800][gc,metaspace ] GC(768) Metaspace: 43497K->43497K(1089536K)
[2022-04-22T21:09:27.712+0800][gc           ] GC(768) Pause Young (Normal) (G1 Evacuation Pause) 276M->230M(1024M) 33.611ms
[2022-04-22T21:09:27.712+0800][gc,cpu       ] GC(768) User=0.04s Sys=0.03s Real=0.04s
[2022-04-22T21:09:45.020+0800][gc,start     ] GC(769) Pause Young (Normal) (G1 Evacuation Pause)
[2022-04-22T21:09:45.020+0800][gc,task      ] GC(769) Using 8 workers of 8 for evacuation
[2022-04-22T21:09:45.043+0800][gc,mmu       ] GC(769) MMU target violated: 21.0ms (20.0ms/21.0ms)
[2022-04-22T21:09:45.043+0800][gc,phases    ] GC(769)   Pre Evacuate Collection Set: 0.3ms
[2022-04-22T21:09:45.043+0800][gc,phases    ] GC(769)   Evacuate Collection Set: 20.7ms
[2022-04-22T21:09:45.043+0800][gc,phases    ] GC(769)   Post Evacuate Collection Set: 0.8ms
[2022-04-22T21:09:45.043+0800][gc,phases    ] GC(769)   Other: 1.7ms
[2022-04-22T21:09:45.043+0800][gc,heap      ] GC(769) Eden regions: 47->0(47)
[2022-04-22T21:09:45.043+0800][gc,heap      ] GC(769) Survivor regions: 4->4(7)
[2022-04-22T21:09:45.043+0800][gc,heap      ] GC(769) Old regions: 97->97
[2022-04-22T21:09:45.043+0800][gc,heap      ] GC(769) Archive regions: 2->2
[2022-04-22T21:09:45.043+0800][gc,heap      ] GC(769) Humongous regions: 129->129
[2022-04-22T21:09:45.043+0800][gc,metaspace ] GC(769) Metaspace: 43497K->43497K(1089536K)
[2022-04-22T21:09:45.043+0800][gc           ] GC(769) Pause Young (Normal) (G1 Evacuation Pause) 277M->230M(1024M) 23.632ms
[2022-04-22T21:09:45.043+0800][gc,cpu       ] GC(769) User=0.06s Sys=0.02s Real=0.02s
[2022-04-22T21:10:02.294+0800][gc,start     ] GC(770) Pause Young (Normal) (G1 Evacuation Pause)
[2022-04-22T21:10:02.295+0800][gc,task      ] GC(770) Using 8 workers of 8 for evacuation
[2022-04-22T21:10:02.308+0800][gc,phases    ] GC(770)   Pre Evacuate Collection Set: 0.3ms
[2022-04-22T21:10:02.309+0800][gc,phases    ] GC(770)   Evacuate Collection Set: 12.3ms
[2022-04-22T21:10:02.309+0800][gc,phases    ] GC(770)   Post Evacuate Collection Set: 0.4ms
[2022-04-22T21:10:02.309+0800][gc,phases    ] GC(770)   Other: 1.3ms
[2022-04-22T21:10:02.309+0800][gc,heap      ] GC(770) Eden regions: 47->0(47)
[2022-04-22T21:10:02.309+0800][gc,heap      ] GC(770) Survivor regions: 4->4(7)
[2022-04-22T21:10:02.309+0800][gc,heap      ] GC(770) Old regions: 97->97
[2022-04-22T21:10:02.309+0800][gc,heap      ] GC(770) Archive regions: 2->2
[2022-04-22T21:10:02.309+0800][gc,heap      ] GC(770) Humongous regions: 129->129
[2022-04-22T21:10:02.309+0800][gc,metaspace ] GC(770) Metaspace: 43497K->43497K(1089536K)
[2022-04-22T21:10:02.309+0800][gc           ] GC(770) Pause Young (Normal) (G1 Evacuation Pause) 277M->230M(1024M) 14.388ms
[2022-04-22T21:10:02.309+0800][gc,cpu       ] GC(770) User=0.05s Sys=0.01s Real=0.01s
[2022-04-22T21:10:19.400+0800][gc,start     ] GC(771) Pause Young (Normal) (G1 Evacuation Pause)
[2022-04-22T21:10:19.401+0800][gc,task      ] GC(771) Using 8 workers of 8 for evacuation
[2022-04-22T21:10:19.419+0800][gc,phases    ] GC(771)   Pre Evacuate Collection Set: 0.4ms
[2022-04-22T21:10:19.419+0800][gc,phases    ] GC(771)   Evacuate Collection Set: 16.2ms
[2022-04-22T21:10:19.419+0800][gc,phases    ] GC(771)   Post Evacuate Collection Set: 0.6ms
[2022-04-22T21:10:19.419+0800][gc,phases    ] GC(771)   Other: 2.2ms
[2022-04-22T21:10:19.419+0800][gc,heap      ] GC(771) Eden regions: 47->0(48)
[2022-04-22T21:10:19.419+0800][gc,heap      ] GC(771) Survivor regions: 4->4(7)
[2022-04-22T21:10:19.419+0800][gc,heap      ] GC(771) Old regions: 97->98
[2022-04-22T21:10:19.420+0800][gc,heap      ] GC(771) Archive regions: 2->2
[2022-04-22T21:10:19.420+0800][gc,heap      ] GC(771) Humongous regions: 129->129
[2022-04-22T21:10:19.420+0800][gc,metaspace ] GC(771) Metaspace: 43497K->43497K(1089536K)
[2022-04-22T21:10:19.420+0800][gc           ] GC(771) Pause Young (Normal) (G1 Evacuation Pause) 277M->230M(1024M) 19.673ms
[2022-04-22T21:10:19.420+0800][gc,cpu       ] GC(771) User=0.05s Sys=0.02s Real=0.02s
[2022-04-22T21:10:36.889+0800][gc,start     ] GC(772) Pause Young (Normal) (G1 Evacuation Pause)
[2022-04-22T21:10:36.889+0800][gc,task      ] GC(772) Using 8 workers of 8 for evacuation
[2022-04-22T21:10:36.903+0800][gc,phases    ] GC(772)   Pre Evacuate Collection Set: 0.1ms
[2022-04-22T21:10:36.903+0800][gc,phases    ] GC(772)   Evacuate Collection Set: 12.2ms
[2022-04-22T21:10:36.903+0800][gc,phases    ] GC(772)   Post Evacuate Collection Set: 0.7ms
[2022-04-22T21:10:36.903+0800][gc,phases    ] GC(772)   Other: 1.2ms
[2022-04-22T21:10:36.903+0800][gc,heap      ] GC(772) Eden regions: 48->0(52)
[2022-04-22T21:10:36.903+0800][gc,heap      ] GC(772) Survivor regions: 4->5(7)
[2022-04-22T21:10:36.903+0800][gc,heap      ] GC(772) Old regions: 98->98
[2022-04-22T21:10:36.903+0800][gc,heap      ] GC(772) Archive regions: 2->2
[2022-04-22T21:10:36.903+0800][gc,heap      ] GC(772) Humongous regions: 129->129
[2022-04-22T21:10:36.903+0800][gc,metaspace ] GC(772) Metaspace: 43497K->43497K(1089536K)
[2022-04-22T21:10:36.903+0800][gc           ] GC(772) Pause Young (Normal) (G1 Evacuation Pause) 278M->231M(1024M) 14.492ms
[2022-04-22T21:10:36.903+0800][gc,cpu       ] GC(772) User=0.04s Sys=0.00s Real=0.02s
[2022-04-22T21:10:55.678+0800][gc,start     ] GC(773) Pause Young (Normal) (G1 Evacuation Pause)
[2022-04-22T21:10:55.679+0800][gc,task      ] GC(773) Using 8 workers of 8 for evacuation
[2022-04-22T21:10:55.702+0800][gc,mmu       ] GC(773) MMU target violated: 21.0ms (20.0ms/21.0ms)
[2022-04-22T21:10:55.703+0800][gc,phases    ] GC(773)   Pre Evacuate Collection Set: 0.3ms
[2022-04-22T21:10:55.703+0800][gc,phases    ] GC(773)   Evacuate Collection Set: 20.8ms
[2022-04-22T21:10:55.703+0800][gc,phases    ] GC(773)   Post Evacuate Collection Set: 1.2ms
[2022-04-22T21:10:55.703+0800][gc,phases    ] GC(773)   Other: 2.9ms
[2022-04-22T21:10:55.703+0800][gc,heap      ] GC(773) Eden regions: 52->0(51)
[2022-04-22T21:10:55.703+0800][gc,heap      ] GC(773) Survivor regions: 5->6(8)
[2022-04-22T21:10:55.703+0800][gc,heap      ] GC(773) Old regions: 98->98
[2022-04-22T21:10:55.703+0800][gc,heap      ] GC(773) Archive regions: 2->2
[2022-04-22T21:10:55.703+0800][gc,heap      ] GC(773) Humongous regions: 129->129
[2022-04-22T21:10:55.703+0800][gc,metaspace ] GC(773) Metaspace: 43497K->43497K(1089536K)
[2022-04-22T21:10:55.703+0800][gc           ] GC(773) Pause Young (Normal) (G1 Evacuation Pause) 283M->232M(1024M) 25.482ms
[2022-04-22T21:10:55.703+0800][gc,cpu       ] GC(773) User=0.05s Sys=0.02s Real=0.03s
[2022-04-22T21:11:14.242+0800][gc,start     ] GC(774) Pause Young (Normal) (G1 Evacuation Pause)
[2022-04-22T21:11:14.242+0800][gc,task      ] GC(774) Using 8 workers of 8 for evacuation
[2022-04-22T21:11:14.270+0800][gc,mmu       ] GC(774) MMU target violated: 21.0ms (20.0ms/21.0ms)
[2022-04-22T21:11:14.270+0800][gc,phases    ] GC(774)   Pre Evacuate Collection Set: 0.2ms
[2022-04-22T21:11:14.270+0800][gc,phases    ] GC(774)   Evacuate Collection Set: 26.9ms
[2022-04-22T21:11:14.270+0800][gc,phases    ] GC(774)   Post Evacuate Collection Set: 0.3ms
[2022-04-22T21:11:14.270+0800][gc,phases    ] GC(774)   Other: 1.1ms
[2022-04-22T21:11:14.270+0800][gc,heap      ] GC(774) Eden regions: 51->0(46)
[2022-04-22T21:11:14.270+0800][gc,heap      ] GC(774) Survivor regions: 6->5(8)
[2022-04-22T21:11:14.270+0800][gc,heap      ] GC(774) Old regions: 98->99
[2022-04-22T21:11:14.270+0800][gc,heap      ] GC(774) Archive regions: 2->2
[2022-04-22T21:11:14.270+0800][gc,heap      ] GC(774) Humongous regions: 129->129
[2022-04-22T21:11:14.270+0800][gc,metaspace ] GC(774) Metaspace: 43497K->43497K(1089536K)
[2022-04-22T21:11:14.270+0800][gc           ] GC(774) Pause Young (Normal) (G1 Evacuation Pause) 283M->233M(1024M) 28.572ms
[2022-04-22T21:11:14.270+0800][gc,cpu       ] GC(774) User=0.05s Sys=0.01s Real=0.03s
[2022-04-22T21:11:30.962+0800][gc,start     ] GC(775) Pause Young (Normal) (G1 Evacuation Pause)
[2022-04-22T21:11:30.964+0800][gc,task      ] GC(775) Using 8 workers of 8 for evacuation
[2022-04-22T21:11:31.001+0800][gc,mmu       ] GC(775) MMU target violated: 21.0ms (20.0ms/21.0ms)
[2022-04-22T21:11:31.001+0800][gc,phases    ] GC(775)   Pre Evacuate Collection Set: 0.4ms
[2022-04-22T21:11:31.001+0800][gc,phases    ] GC(775)   Evacuate Collection Set: 33.8ms
[2022-04-22T21:11:31.001+0800][gc,phases    ] GC(775)   Post Evacuate Collection Set: 1.3ms
[2022-04-22T21:11:31.001+0800][gc,phases    ] GC(775)   Other: 4.1ms
[2022-04-22T21:11:31.001+0800][gc,heap      ] GC(775) Eden regions: 46->0(47)
[2022-04-22T21:11:31.001+0800][gc,heap      ] GC(775) Survivor regions: 5->4(7)
[2022-04-22T21:11:31.001+0800][gc,heap      ] GC(775) Old regions: 99->100
[2022-04-22T21:11:31.001+0800][gc,heap      ] GC(775) Archive regions: 2->2
[2022-04-22T21:11:31.001+0800][gc,heap      ] GC(775) Humongous regions: 129->129
[2022-04-22T21:11:31.001+0800][gc,metaspace ] GC(775) Metaspace: 43497K->43497K(1089536K)
[2022-04-22T21:11:31.001+0800][gc           ] GC(775) Pause Young (Normal) (G1 Evacuation Pause) 279M->233M(1024M) 39.584ms
[2022-04-22T21:11:31.001+0800][gc,cpu       ] GC(775) User=0.05s Sys=0.04s Real=0.04s
[2022-04-22T21:11:48.022+0800][gc,start     ] GC(776) Pause Young (Normal) (G1 Evacuation Pause)
[2022-04-22T21:11:48.022+0800][gc,task      ] GC(776) Using 8 workers of 8 for evacuation
[2022-04-22T21:11:48.039+0800][gc,phases    ] GC(776)   Pre Evacuate Collection Set: 0.2ms
[2022-04-22T21:11:48.039+0800][gc,phases    ] GC(776)   Evacuate Collection Set: 14.9ms
[2022-04-22T21:11:48.039+0800][gc,phases    ] GC(776)   Post Evacuate Collection Set: 0.9ms
[2022-04-22T21:11:48.039+0800][gc,phases    ] GC(776)   Other: 1.2ms
[2022-04-22T21:11:48.039+0800][gc,heap      ] GC(776) Eden regions: 47->0(47)
[2022-04-22T21:11:48.039+0800][gc,heap      ] GC(776) Survivor regions: 4->4(7)
[2022-04-22T21:11:48.039+0800][gc,heap      ] GC(776) Old regions: 100->100
[2022-04-22T21:11:48.039+0800][gc,heap      ] GC(776) Archive regions: 2->2
[2022-04-22T21:11:48.039+0800][gc,heap      ] GC(776) Humongous regions: 129->129
[2022-04-22T21:11:48.039+0800][gc,metaspace ] GC(776) Metaspace: 43497K->43497K(1089536K)
[2022-04-22T21:11:48.039+0800][gc           ] GC(776) Pause Young (Normal) (G1 Evacuation Pause) 280M->233M(1024M) 17.394ms
[2022-04-22T21:11:48.039+0800][gc,cpu       ] GC(776) User=0.04s Sys=0.01s Real=0.01s
[2022-04-22T21:12:05.186+0800][gc,start     ] GC(777) Pause Young (Normal) (G1 Evacuation Pause)
[2022-04-22T21:12:05.187+0800][gc,task      ] GC(777) Using 8 workers of 8 for evacuation
[2022-04-22T21:12:05.205+0800][gc,phases    ] GC(777)   Pre Evacuate Collection Set: 0.2ms
[2022-04-22T21:12:05.205+0800][gc,phases    ] GC(777)   Evacuate Collection Set: 16.5ms
[2022-04-22T21:12:05.205+0800][gc,phases    ] GC(777)   Post Evacuate Collection Set: 0.6ms
[2022-04-22T21:12:05.205+0800][gc,phases    ] GC(777)   Other: 0.9ms
[2022-04-22T21:12:05.205+0800][gc,heap      ] GC(777) Eden regions: 47->0(47)
[2022-04-22T21:12:05.205+0800][gc,heap      ] GC(777) Survivor regions: 4->4(7)
[2022-04-22T21:12:05.205+0800][gc,heap      ] GC(777) Old regions: 100->101
[2022-04-22T21:12:05.205+0800][gc,heap      ] GC(777) Archive regions: 2->2
[2022-04-22T21:12:05.205+0800][gc,heap      ] GC(777) Humongous regions: 129->129
[2022-04-22T21:12:05.205+0800][gc,metaspace ] GC(777) Metaspace: 43497K->43497K(1089536K)
[2022-04-22T21:12:05.205+0800][gc           ] GC(777) Pause Young (Normal) (G1 Evacuation Pause) 280M->233M(1024M) 18.461ms
[2022-04-22T21:12:05.205+0800][gc,cpu       ] GC(777) User=0.05s Sys=0.01s Real=0.02s
[2022-04-22T21:12:22.231+0800][gc,start     ] GC(778) Pause Young (Normal) (G1 Evacuation Pause)
[2022-04-22T21:12:22.231+0800][gc,task      ] GC(778) Using 8 workers of 8 for evacuation
[2022-04-22T21:12:22.247+0800][gc,phases    ] GC(778)   Pre Evacuate Collection Set: 0.2ms
[2022-04-22T21:12:22.247+0800][gc,phases    ] GC(778)   Evacuate Collection Set: 14.5ms
[2022-04-22T21:12:22.247+0800][gc,phases    ] GC(778)   Post Evacuate Collection Set: 0.3ms
[2022-04-22T21:12:22.247+0800][gc,phases    ] GC(778)   Other: 1.0ms
[2022-04-22T21:12:22.247+0800][gc,heap      ] GC(778) Eden regions: 47->0(49)
[2022-04-22T21:12:22.247+0800][gc,heap      ] GC(778) Survivor regions: 4->5(7)
[2022-04-22T21:12:22.247+0800][gc,heap      ] GC(778) Old regions: 101->101
[2022-04-22T21:12:22.247+0800][gc,heap      ] GC(778) Archive regions: 2->2
[2022-04-22T21:12:22.247+0800][gc,heap      ] GC(778) Humongous regions: 129->129
[2022-04-22T21:12:22.247+0800][gc,metaspace ] GC(778) Metaspace: 43497K->43497K(1089536K)
[2022-04-22T21:12:22.247+0800][gc           ] GC(778) Pause Young (Normal) (G1 Evacuation Pause) 280M->233M(1024M) 16.188ms
[2022-04-22T21:12:22.247+0800][gc,cpu       ] GC(778) User=0.05s Sys=0.01s Real=0.01s
[2022-04-22T21:12:40.313+0800][gc,start     ] GC(779) Pause Young (Normal) (G1 Evacuation Pause)
[2022-04-22T21:12:40.315+0800][gc,task      ] GC(779) Using 8 workers of 8 for evacuation
[2022-04-22T21:12:40.344+0800][gc,mmu       ] GC(779) MMU target violated: 21.0ms (20.0ms/21.0ms)
[2022-04-22T21:12:40.344+0800][gc,phases    ] GC(779)   Pre Evacuate Collection Set: 0.5ms
[2022-04-22T21:12:40.344+0800][gc,phases    ] GC(779)   Evacuate Collection Set: 26.4ms
[2022-04-22T21:12:40.344+0800][gc,phases    ] GC(779)   Post Evacuate Collection Set: 1.4ms
[2022-04-22T21:12:40.344+0800][gc,phases    ] GC(779)   Other: 3.0ms
[2022-04-22T21:12:40.344+0800][gc,heap      ] GC(779) Eden regions: 49->0(46)
[2022-04-22T21:12:40.344+0800][gc,heap      ] GC(779) Survivor regions: 5->5(7)
[2022-04-22T21:12:40.344+0800][gc,heap      ] GC(779) Old regions: 101->101
[2022-04-22T21:12:40.344+0800][gc,heap      ] GC(779) Archive regions: 2->2
[2022-04-22T21:12:40.344+0800][gc,heap      ] GC(779) Humongous regions: 129->129
[2022-04-22T21:12:40.344+0800][gc,metaspace ] GC(779) Metaspace: 43497K->43497K(1089536K)
[2022-04-22T21:12:40.344+0800][gc           ] GC(779) Pause Young (Normal) (G1 Evacuation Pause) 282M->234M(1024M) 31.307ms
[2022-04-22T21:12:40.344+0800][gc,cpu       ] GC(779) User=0.05s Sys=0.03s Real=0.03s
[2022-04-22T21:12:57.329+0800][gc,start     ] GC(780) Pause Young (Normal) (G1 Evacuation Pause)
[2022-04-22T21:12:57.329+0800][gc,task      ] GC(780) Using 8 workers of 8 for evacuation
[2022-04-22T21:12:57.348+0800][gc,phases    ] GC(780)   Pre Evacuate Collection Set: 0.1ms
[2022-04-22T21:12:57.348+0800][gc,phases    ] GC(780)   Evacuate Collection Set: 17.6ms
[2022-04-22T21:12:57.348+0800][gc,phases    ] GC(780)   Post Evacuate Collection Set: 0.7ms
[2022-04-22T21:12:57.348+0800][gc,phases    ] GC(780)   Other: 1.0ms
[2022-04-22T21:12:57.348+0800][gc,heap      ] GC(780) Eden regions: 46->0(47)
[2022-04-22T21:12:57.348+0800][gc,heap      ] GC(780) Survivor regions: 5->6(7)
[2022-04-22T21:12:57.348+0800][gc,heap      ] GC(780) Old regions: 101->102
[2022-04-22T21:12:57.348+0800][gc,heap      ] GC(780) Archive regions: 2->2
[2022-04-22T21:12:57.349+0800][gc,heap      ] GC(780) Humongous regions: 129->129
[2022-04-22T21:12:57.349+0800][gc,metaspace ] GC(780) Metaspace: 43497K->43497K(1089536K)
[2022-04-22T21:12:57.349+0800][gc           ] GC(780) Pause Young (Normal) (G1 Evacuation Pause) 280M->235M(1024M) 19.856ms
[2022-04-22T21:12:57.349+0800][gc,cpu       ] GC(780) User=0.05s Sys=0.00s Real=0.02s
[2022-04-22T21:13:13.936+0800][gc,start     ] GC(781) Pause Young (Normal) (G1 Evacuation Pause)
[2022-04-22T21:13:13.937+0800][gc,task      ] GC(781) Using 8 workers of 8 for evacuation
[2022-04-22T21:13:13.967+0800][gc,mmu       ] GC(781) MMU target violated: 21.0ms (20.0ms/21.0ms)
[2022-04-22T21:13:13.967+0800][gc,phases    ] GC(781)   Pre Evacuate Collection Set: 0.5ms
[2022-04-22T21:13:13.967+0800][gc,phases    ] GC(781)   Evacuate Collection Set: 28.9ms
[2022-04-22T21:13:13.967+0800][gc,phases    ] GC(781)   Post Evacuate Collection Set: 0.5ms
[2022-04-22T21:13:13.967+0800][gc,phases    ] GC(781)   Other: 2.3ms
[2022-04-22T21:13:13.967+0800][gc,heap      ] GC(781) Eden regions: 45->0(47)
[2022-04-22T21:13:13.968+0800][gc,heap      ] GC(781) Survivor regions: 6->4(7)
[2022-04-22T21:13:13.968+0800][gc,heap      ] GC(781) Old regions: 102->103
[2022-04-22T21:13:13.968+0800][gc,heap      ] GC(781) Archive regions: 2->2
[2022-04-22T21:13:13.968+0800][gc,heap      ] GC(781) Humongous regions: 129->129
[2022-04-22T21:13:13.968+0800][gc,metaspace ] GC(781) Metaspace: 43497K->43497K(1089536K)
[2022-04-22T21:13:13.968+0800][gc           ] GC(781) Pause Young (Normal) (G1 Evacuation Pause) 280M->236M(1024M) 32.050ms
[2022-04-22T21:13:13.968+0800][gc,cpu       ] GC(781) User=0.05s Sys=0.03s Real=0.03s
[2022-04-22T21:13:31.237+0800][gc,start     ] GC(782) Pause Young (Normal) (G1 Evacuation Pause)
[2022-04-22T21:13:31.238+0800][gc,task      ] GC(782) Using 8 workers of 8 for evacuation
[2022-04-22T21:13:31.252+0800][gc,phases    ] GC(782)   Pre Evacuate Collection Set: 0.2ms
[2022-04-22T21:13:31.252+0800][gc,phases    ] GC(782)   Evacuate Collection Set: 12.9ms
[2022-04-22T21:13:31.252+0800][gc,phases    ] GC(782)   Post Evacuate Collection Set: 0.5ms
[2022-04-22T21:13:31.252+0800][gc,phases    ] GC(782)   Other: 1.3ms
[2022-04-22T21:13:31.252+0800][gc,heap      ] GC(782) Eden regions: 47->0(47)
[2022-04-22T21:13:31.252+0800][gc,heap      ] GC(782) Survivor regions: 4->4(7)
[2022-04-22T21:13:31.252+0800][gc,heap      ] GC(782) Old regions: 103->103
[2022-04-22T21:13:31.252+0800][gc,heap      ] GC(782) Archive regions: 2->2
[2022-04-22T21:13:31.252+0800][gc,heap      ] GC(782) Humongous regions: 129->129
[2022-04-22T21:13:31.252+0800][gc,metaspace ] GC(782) Metaspace: 43497K->43497K(1089536K)
[2022-04-22T21:13:31.252+0800][gc           ] GC(782) Pause Young (Normal) (G1 Evacuation Pause) 283M->236M(1024M) 15.080ms
[2022-04-22T21:13:31.253+0800][gc,cpu       ] GC(782) User=0.04s Sys=0.01s Real=0.02s
[2022-04-22T21:13:48.545+0800][gc,start     ] GC(783) Pause Young (Normal) (G1 Evacuation Pause)
[2022-04-22T21:13:48.547+0800][gc,task      ] GC(783) Using 8 workers of 8 for evacuation
[2022-04-22T21:13:48.566+0800][gc,phases    ] GC(783)   Pre Evacuate Collection Set: 0.4ms
[2022-04-22T21:13:48.566+0800][gc,phases    ] GC(783)   Evacuate Collection Set: 16.8ms
[2022-04-22T21:13:48.567+0800][gc,phases    ] GC(783)   Post Evacuate Collection Set: 1.2ms
[2022-04-22T21:13:48.567+0800][gc,phases    ] GC(783)   Other: 2.8ms
[2022-04-22T21:13:48.567+0800][gc,heap      ] GC(783) Eden regions: 47->0(47)
[2022-04-22T21:13:48.567+0800][gc,heap      ] GC(783) Survivor regions: 4->5(7)
[2022-04-22T21:13:48.567+0800][gc,heap      ] GC(783) Old regions: 103->103
[2022-04-22T21:13:48.567+0800][gc,heap      ] GC(783) Archive regions: 2->2
[2022-04-22T21:13:48.567+0800][gc,heap      ] GC(783) Humongous regions: 129->129
[2022-04-22T21:13:48.567+0800][gc,metaspace ] GC(783) Metaspace: 43497K->43497K(1089536K)
[2022-04-22T21:13:48.567+0800][gc           ] GC(783) Pause Young (Normal) (G1 Evacuation Pause) 283M->236M(1024M) 21.362ms
[2022-04-22T21:13:48.567+0800][gc,cpu       ] GC(783) User=0.05s Sys=0.03s Real=0.02s
[2022-04-22T21:14:05.469+0800][gc,start     ] GC(784) Pause Young (Normal) (G1 Evacuation Pause)
[2022-04-22T21:14:05.470+0800][gc,task      ] GC(784) Using 8 workers of 8 for evacuation
[2022-04-22T21:14:05.504+0800][gc,mmu       ] GC(784) MMU target violated: 21.0ms (20.0ms/21.0ms)
[2022-04-22T21:14:05.504+0800][gc,phases    ] GC(784)   Pre Evacuate Collection Set: 0.2ms
[2022-04-22T21:14:05.504+0800][gc,phases    ] GC(784)   Evacuate Collection Set: 31.3ms
[2022-04-22T21:14:05.504+0800][gc,phases    ] GC(784)   Post Evacuate Collection Set: 0.4ms
[2022-04-22T21:14:05.504+0800][gc,phases    ] GC(784)   Other: 2.7ms
[2022-04-22T21:14:05.504+0800][gc,heap      ] GC(784) Eden regions: 46->0(47)
[2022-04-22T21:14:05.504+0800][gc,heap      ] GC(784) Survivor regions: 5->4(7)
[2022-04-22T21:14:05.504+0800][gc,heap      ] GC(784) Old regions: 103->104
[2022-04-22T21:14:05.504+0800][gc,heap      ] GC(784) Archive regions: 2->2
[2022-04-22T21:14:05.504+0800][gc,heap      ] GC(784) Humongous regions: 129->129
[2022-04-22T21:14:05.504+0800][gc,metaspace ] GC(784) Metaspace: 43497K->43497K(1089536K)
[2022-04-22T21:14:05.504+0800][gc           ] GC(784) Pause Young (Normal) (G1 Evacuation Pause) 282M->236M(1024M) 34.679ms
[2022-04-22T21:14:05.504+0800][gc,cpu       ] GC(784) User=0.05s Sys=0.01s Real=0.04s
[2022-04-22T21:14:22.702+0800][gc,start     ] GC(785) Pause Young (Normal) (G1 Evacuation Pause)
[2022-04-22T21:14:22.703+0800][gc,task      ] GC(785) Using 8 workers of 8 for evacuation
[2022-04-22T21:14:22.715+0800][gc,phases    ] GC(785)   Pre Evacuate Collection Set: 0.2ms
[2022-04-22T21:14:22.715+0800][gc,phases    ] GC(785)   Evacuate Collection Set: 11.0ms
[2022-04-22T21:14:22.715+0800][gc,phases    ] GC(785)   Post Evacuate Collection Set: 0.4ms
[2022-04-22T21:14:22.715+0800][gc,phases    ] GC(785)   Other: 1.8ms
[2022-04-22T21:14:22.715+0800][gc,heap      ] GC(785) Eden regions: 47->0(47)
[2022-04-22T21:14:22.715+0800][gc,heap      ] GC(785) Survivor regions: 4->4(7)
[2022-04-22T21:14:22.715+0800][gc,heap      ] GC(785) Old regions: 104->104
[2022-04-22T21:14:22.715+0800][gc,heap      ] GC(785) Archive regions: 2->2
[2022-04-22T21:14:22.715+0800][gc,heap      ] GC(785) Humongous regions: 129->129
[2022-04-22T21:14:22.715+0800][gc,metaspace ] GC(785) Metaspace: 43497K->43497K(1089536K)
[2022-04-22T21:14:22.715+0800][gc           ] GC(785) Pause Young (Normal) (G1 Evacuation Pause) 283M->237M(1024M) 13.515ms
[2022-04-22T21:14:22.715+0800][gc,cpu       ] GC(785) User=0.04s Sys=0.00s Real=0.01s
[2022-04-22T21:14:39.770+0800][gc,start     ] GC(786) Pause Young (Normal) (G1 Evacuation Pause)
[2022-04-22T21:14:39.771+0800][gc,task      ] GC(786) Using 8 workers of 8 for evacuation
[2022-04-22T21:14:39.803+0800][gc,mmu       ] GC(786) MMU target violated: 21.0ms (20.0ms/21.0ms)
[2022-04-22T21:14:39.803+0800][gc,phases    ] GC(786)   Pre Evacuate Collection Set: 0.2ms
[2022-04-22T21:14:39.803+0800][gc,phases    ] GC(786)   Evacuate Collection Set: 31.3ms
[2022-04-22T21:14:39.803+0800][gc,phases    ] GC(786)   Post Evacuate Collection Set: 0.4ms
[2022-04-22T21:14:39.803+0800][gc,phases    ] GC(786)   Other: 1.5ms
[2022-04-22T21:14:39.803+0800][gc,heap      ] GC(786) Eden regions: 47->0(47)
[2022-04-22T21:14:39.803+0800][gc,heap      ] GC(786) Survivor regions: 4->4(7)
[2022-04-22T21:14:39.803+0800][gc,heap      ] GC(786) Old regions: 104->104
[2022-04-22T21:14:39.803+0800][gc,heap      ] GC(786) Archive regions: 2->2
[2022-04-22T21:14:39.803+0800][gc,heap      ] GC(786) Humongous regions: 129->129
[2022-04-22T21:14:39.803+0800][gc,metaspace ] GC(786) Metaspace: 43497K->43497K(1089536K)
[2022-04-22T21:14:39.803+0800][gc           ] GC(786) Pause Young (Normal) (G1 Evacuation Pause) 284M->237M(1024M) 33.405ms
[2022-04-22T21:14:39.803+0800][gc,cpu       ] GC(786) User=0.04s Sys=0.02s Real=0.03s
[2022-04-22T21:14:56.884+0800][gc,start     ] GC(787) Pause Young (Normal) (G1 Evacuation Pause)
[2022-04-22T21:14:56.904+0800][gc,task      ] GC(787) Using 8 workers of 8 for evacuation
[2022-04-22T21:14:56.927+0800][gc,mmu       ] GC(787) MMU target violated: 21.0ms (20.0ms/21.0ms)
[2022-04-22T21:14:56.927+0800][gc,phases    ] GC(787)   Pre Evacuate Collection Set: 0.2ms
[2022-04-22T21:14:56.927+0800][gc,phases    ] GC(787)   Evacuate Collection Set: 19.9ms
[2022-04-22T21:14:56.927+0800][gc,phases    ] GC(787)   Post Evacuate Collection Set: 1.8ms
[2022-04-22T21:14:56.927+0800][gc,phases    ] GC(787)   Other: 21.2ms
[2022-04-22T21:14:56.927+0800][gc,heap      ] GC(787) Eden regions: 47->0(45)
[2022-04-22T21:14:56.927+0800][gc,heap      ] GC(787) Survivor regions: 4->6(7)
[2022-04-22T21:14:56.927+0800][gc,heap      ] GC(787) Old regions: 104->104
[2022-04-22T21:14:56.927+0800][gc,heap      ] GC(787) Archive regions: 2->2
[2022-04-22T21:14:56.927+0800][gc,heap      ] GC(787) Humongous regions: 129->129
[2022-04-22T21:14:56.927+0800][gc,metaspace ] GC(787) Metaspace: 43497K->43497K(1089536K)
[2022-04-22T21:14:56.927+0800][gc           ] GC(787) Pause Young (Normal) (G1 Evacuation Pause) 284M->239M(1024M) 43.260ms
[2022-04-22T21:14:56.927+0800][gc,cpu       ] GC(787) User=0.05s Sys=0.03s Real=0.04s
[2022-04-22T21:15:13.314+0800][gc,start     ] GC(788) Pause Young (Normal) (G1 Evacuation Pause)
[2022-04-22T21:15:13.314+0800][gc,task      ] GC(788) Using 8 workers of 8 for evacuation
[2022-04-22T21:15:13.365+0800][gc,mmu       ] GC(788) MMU target violated: 21.0ms (20.0ms/21.0ms)
[2022-04-22T21:15:13.365+0800][gc,phases    ] GC(788)   Pre Evacuate Collection Set: 0.2ms
[2022-04-22T21:15:13.366+0800][gc,phases    ] GC(788)   Evacuate Collection Set: 50.3ms
[2022-04-22T21:15:13.366+0800][gc,phases    ] GC(788)   Post Evacuate Collection Set: 0.4ms
[2022-04-22T21:15:13.366+0800][gc,phases    ] GC(788)   Other: 0.9ms
[2022-04-22T21:15:13.366+0800][gc,heap      ] GC(788) Eden regions: 45->0(47)
[2022-04-22T21:15:13.366+0800][gc,heap      ] GC(788) Survivor regions: 6->4(7)
[2022-04-22T21:15:13.366+0800][gc,heap      ] GC(788) Old regions: 104->106
[2022-04-22T21:15:13.366+0800][gc,heap      ] GC(788) Archive regions: 2->2
[2022-04-22T21:15:13.366+0800][gc,heap      ] GC(788) Humongous regions: 129->129
[2022-04-22T21:15:13.366+0800][gc,metaspace ] GC(788) Metaspace: 43497K->43497K(1089536K)
[2022-04-22T21:15:13.366+0800][gc           ] GC(788) Pause Young (Normal) (G1 Evacuation Pause) 284M->239M(1024M) 51.879ms
[2022-04-22T21:15:13.366+0800][gc,cpu       ] GC(788) User=0.05s Sys=0.03s Real=0.05s
[2022-04-22T21:15:30.451+0800][gc,start     ] GC(789) Pause Young (Normal) (G1 Evacuation Pause)
[2022-04-22T21:15:30.451+0800][gc,task      ] GC(789) Using 8 workers of 8 for evacuation
[2022-04-22T21:15:30.462+0800][gc,phases    ] GC(789)   Pre Evacuate Collection Set: 0.1ms
[2022-04-22T21:15:30.463+0800][gc,phases    ] GC(789)   Evacuate Collection Set: 9.5ms
[2022-04-22T21:15:30.463+0800][gc,phases    ] GC(789)   Post Evacuate Collection Set: 1.2ms
[2022-04-22T21:15:30.463+0800][gc,phases    ] GC(789)   Other: 1.0ms
[2022-04-22T21:15:30.463+0800][gc,heap      ] GC(789) Eden regions: 47->0(47)
[2022-04-22T21:15:30.463+0800][gc,heap      ] GC(789) Survivor regions: 4->4(7)
[2022-04-22T21:15:30.463+0800][gc,heap      ] GC(789) Old regions: 106->106
[2022-04-22T21:15:30.463+0800][gc,heap      ] GC(789) Archive regions: 2->2
[2022-04-22T21:15:30.463+0800][gc,heap      ] GC(789) Humongous regions: 129->129
[2022-04-22T21:15:30.463+0800][gc,metaspace ] GC(789) Metaspace: 43497K->43497K(1089536K)
[2022-04-22T21:15:30.463+0800][gc           ] GC(789) Pause Young (Normal) (G1 Evacuation Pause) 286M->239M(1024M) 12.122ms
[2022-04-22T21:15:30.463+0800][gc,cpu       ] GC(789) User=0.04s Sys=0.01s Real=0.01s
[2022-04-22T21:15:47.690+0800][gc,start     ] GC(790) Pause Young (Normal) (G1 Evacuation Pause)
[2022-04-22T21:15:47.690+0800][gc,task      ] GC(790) Using 8 workers of 8 for evacuation
[2022-04-22T21:15:47.715+0800][gc,mmu       ] GC(790) MMU target violated: 21.0ms (20.0ms/21.0ms)
[2022-04-22T21:15:47.715+0800][gc,phases    ] GC(790)   Pre Evacuate Collection Set: 0.2ms
[2022-04-22T21:15:47.715+0800][gc,phases    ] GC(790)   Evacuate Collection Set: 21.9ms
[2022-04-22T21:15:47.715+0800][gc,phases    ] GC(790)   Post Evacuate Collection Set: 1.7ms
[2022-04-22T21:15:47.715+0800][gc,phases    ] GC(790)   Other: 1.4ms
[2022-04-22T21:15:47.715+0800][gc,heap      ] GC(790) Eden regions: 47->0(47)
[2022-04-22T21:15:47.715+0800][gc,heap      ] GC(790) Survivor regions: 4->4(7)
[2022-04-22T21:15:47.715+0800][gc,heap      ] GC(790) Old regions: 106->106
[2022-04-22T21:15:47.715+0800][gc,heap      ] GC(790) Archive regions: 2->2
[2022-04-22T21:15:47.715+0800][gc,heap      ] GC(790) Humongous regions: 129->129
[2022-04-22T21:15:47.715+0800][gc,metaspace ] GC(790) Metaspace: 43497K->43497K(1089536K)
[2022-04-22T21:15:47.715+0800][gc           ] GC(790) Pause Young (Normal) (G1 Evacuation Pause) 286M->239M(1024M) 25.352ms
[2022-04-22T21:15:47.715+0800][gc,cpu       ] GC(790) User=0.04s Sys=0.02s Real=0.02s
[2022-04-22T21:16:05.100+0800][gc,start     ] GC(791) Pause Young (Normal) (G1 Evacuation Pause)
[2022-04-22T21:16:05.101+0800][gc,task      ] GC(791) Using 8 workers of 8 for evacuation
[2022-04-22T21:16:05.119+0800][gc,phases    ] GC(791)   Pre Evacuate Collection Set: 0.1ms
[2022-04-22T21:16:05.119+0800][gc,phases    ] GC(791)   Evacuate Collection Set: 16.2ms
[2022-04-22T21:16:05.119+0800][gc,phases    ] GC(791)   Post Evacuate Collection Set: 0.7ms
[2022-04-22T21:16:05.119+0800][gc,phases    ] GC(791)   Other: 1.6ms
[2022-04-22T21:16:05.119+0800][gc,heap      ] GC(791) Eden regions: 47->0(47)
[2022-04-22T21:16:05.119+0800][gc,heap      ] GC(791) Survivor regions: 4->4(7)
[2022-04-22T21:16:05.119+0800][gc,heap      ] GC(791) Old regions: 106->107
[2022-04-22T21:16:05.119+0800][gc,heap      ] GC(791) Archive regions: 2->2
[2022-04-22T21:16:05.119+0800][gc,heap      ] GC(791) Humongous regions: 129->129
[2022-04-22T21:16:05.119+0800][gc,metaspace ] GC(791) Metaspace: 43497K->43497K(1089536K)
[2022-04-22T21:16:05.119+0800][gc           ] GC(791) Pause Young (Normal) (G1 Evacuation Pause) 286M->239M(1024M) 18.947ms
[2022-04-22T21:16:05.119+0800][gc,cpu       ] GC(791) User=0.05s Sys=0.01s Real=0.01s
[2022-04-22T21:16:22.515+0800][gc,start     ] GC(792) Pause Young (Normal) (G1 Evacuation Pause)
[2022-04-22T21:16:22.516+0800][gc,task      ] GC(792) Using 8 workers of 8 for evacuation
[2022-04-22T21:16:22.551+0800][gc,mmu       ] GC(792) MMU target violated: 21.0ms (20.0ms/21.0ms)
[2022-04-22T21:16:22.551+0800][gc,phases    ] GC(792)   Pre Evacuate Collection Set: 0.3ms
[2022-04-22T21:16:22.551+0800][gc,phases    ] GC(792)   Evacuate Collection Set: 32.5ms
[2022-04-22T21:16:22.551+0800][gc,phases    ] GC(792)   Post Evacuate Collection Set: 0.8ms
[2022-04-22T21:16:22.551+0800][gc,phases    ] GC(792)   Other: 2.1ms
[2022-04-22T21:16:22.551+0800][gc,heap      ] GC(792) Eden regions: 47->0(47)
[2022-04-22T21:16:22.551+0800][gc,heap      ] GC(792) Survivor regions: 4->4(7)
[2022-04-22T21:16:22.551+0800][gc,heap      ] GC(792) Old regions: 107->107
[2022-04-22T21:16:22.551+0800][gc,heap      ] GC(792) Archive regions: 2->2
[2022-04-22T21:16:22.551+0800][gc,heap      ] GC(792) Humongous regions: 129->129
[2022-04-22T21:16:22.551+0800][gc,metaspace ] GC(792) Metaspace: 43497K->43497K(1089536K)
[2022-04-22T21:16:22.551+0800][gc           ] GC(792) Pause Young (Normal) (G1 Evacuation Pause) 286M->240M(1024M) 35.657ms
[2022-04-22T21:16:22.551+0800][gc,cpu       ] GC(792) User=0.03s Sys=0.02s Real=0.04s
[2022-04-22T21:16:39.961+0800][gc,start     ] GC(793) Pause Young (Normal) (G1 Evacuation Pause)
[2022-04-22T21:16:39.962+0800][gc,task      ] GC(793) Using 8 workers of 8 for evacuation
[2022-04-22T21:16:39.984+0800][gc,mmu       ] GC(793) MMU target violated: 21.0ms (20.0ms/21.0ms)
[2022-04-22T21:16:39.984+0800][gc,phases    ] GC(793)   Pre Evacuate Collection Set: 0.1ms
[2022-04-22T21:16:39.984+0800][gc,phases    ] GC(793)   Evacuate Collection Set: 20.6ms
[2022-04-22T21:16:39.984+0800][gc,phases    ] GC(793)   Post Evacuate Collection Set: 0.6ms
[2022-04-22T21:16:39.984+0800][gc,phases    ] GC(793)   Other: 1.8ms
[2022-04-22T21:16:39.984+0800][gc,heap      ] GC(793) Eden regions: 47->0(47)
[2022-04-22T21:16:39.984+0800][gc,heap      ] GC(793) Survivor regions: 4->4(7)
[2022-04-22T21:16:39.984+0800][gc,heap      ] GC(793) Old regions: 107->107
[2022-04-22T21:16:39.984+0800][gc,heap      ] GC(793) Archive regions: 2->2
[2022-04-22T21:16:39.984+0800][gc,heap      ] GC(793) Humongous regions: 129->129
[2022-04-22T21:16:39.984+0800][gc,metaspace ] GC(793) Metaspace: 43497K->43497K(1089536K)
[2022-04-22T21:16:39.984+0800][gc           ] GC(793) Pause Young (Normal) (G1 Evacuation Pause) 287M->240M(1024M) 23.294ms
[2022-04-22T21:16:39.984+0800][gc,cpu       ] GC(793) User=0.06s Sys=0.01s Real=0.02s
[2022-04-22T21:16:57.257+0800][gc,start     ] GC(794) Pause Young (Normal) (G1 Evacuation Pause)
[2022-04-22T21:16:57.260+0800][gc,task      ] GC(794) Using 8 workers of 8 for evacuation
[2022-04-22T21:16:57.286+0800][gc,mmu       ] GC(794) MMU target violated: 21.0ms (20.0ms/21.0ms)
[2022-04-22T21:16:57.286+0800][gc,phases    ] GC(794)   Pre Evacuate Collection Set: 0.4ms
[2022-04-22T21:16:57.286+0800][gc,phases    ] GC(794)   Evacuate Collection Set: 23.5ms
[2022-04-22T21:16:57.286+0800][gc,phases    ] GC(794)   Post Evacuate Collection Set: 1.1ms
[2022-04-22T21:16:57.286+0800][gc,phases    ] GC(794)   Other: 3.4ms
[2022-04-22T21:16:57.286+0800][gc,heap      ] GC(794) Eden regions: 47->0(46)
[2022-04-22T21:16:57.286+0800][gc,heap      ] GC(794) Survivor regions: 4->6(7)
[2022-04-22T21:16:57.286+0800][gc,heap      ] GC(794) Old regions: 107->107
[2022-04-22T21:16:57.286+0800][gc,heap      ] GC(794) Archive regions: 2->2
[2022-04-22T21:16:57.286+0800][gc,heap      ] GC(794) Humongous regions: 129->129
[2022-04-22T21:16:57.286+0800][gc,metaspace ] GC(794) Metaspace: 43497K->43497K(1089536K)
[2022-04-22T21:16:57.286+0800][gc           ] GC(794) Pause Young (Normal) (G1 Evacuation Pause) 287M->242M(1024M) 28.604ms
[2022-04-22T21:16:57.286+0800][gc,cpu       ] GC(794) User=0.04s Sys=0.03s Real=0.03s
[2022-04-22T21:17:14.196+0800][gc,start     ] GC(795) Pause Young (Normal) (G1 Evacuation Pause)
[2022-04-22T21:17:14.197+0800][gc,task      ] GC(795) Using 8 workers of 8 for evacuation
[2022-04-22T21:17:14.278+0800][gc,mmu       ] GC(795) MMU target violated: 21.0ms (20.0ms/21.0ms)
[2022-04-22T21:17:14.278+0800][gc,phases    ] GC(795)   Pre Evacuate Collection Set: 0.3ms
[2022-04-22T21:17:14.278+0800][gc,phases    ] GC(795)   Evacuate Collection Set: 79.4ms
[2022-04-22T21:17:14.278+0800][gc,phases    ] GC(795)   Post Evacuate Collection Set: 0.4ms
[2022-04-22T21:17:14.278+0800][gc,phases    ] GC(795)   Other: 1.9ms
[2022-04-22T21:17:14.278+0800][gc,heap      ] GC(795) Eden regions: 46->0(47)
[2022-04-22T21:17:14.278+0800][gc,heap      ] GC(795) Survivor regions: 6->4(7)
[2022-04-22T21:17:14.278+0800][gc,heap      ] GC(795) Old regions: 107->109
[2022-04-22T21:17:14.278+0800][gc,heap      ] GC(795) Archive regions: 2->2
[2022-04-22T21:17:14.278+0800][gc,heap      ] GC(795) Humongous regions: 129->129
[2022-04-22T21:17:14.278+0800][gc,metaspace ] GC(795) Metaspace: 43497K->43497K(1089536K)
[2022-04-22T21:17:14.278+0800][gc           ] GC(795) Pause Young (Normal) (G1 Evacuation Pause) 288M->242M(1024M) 81.981ms
[2022-04-22T21:17:14.278+0800][gc,cpu       ] GC(795) User=0.05s Sys=0.05s Real=0.08s
[2022-04-22T21:17:31.675+0800][gc,start     ] GC(796) Pause Young (Normal) (G1 Evacuation Pause)
[2022-04-22T21:17:31.675+0800][gc,task      ] GC(796) Using 8 workers of 8 for evacuation
[2022-04-22T21:17:31.703+0800][gc,mmu       ] GC(796) MMU target violated: 21.0ms (20.0ms/21.0ms)
[2022-04-22T21:17:31.703+0800][gc,phases    ] GC(796)   Pre Evacuate Collection Set: 0.2ms
[2022-04-22T21:17:31.703+0800][gc,phases    ] GC(796)   Evacuate Collection Set: 16.4ms
[2022-04-22T21:17:31.703+0800][gc,phases    ] GC(796)   Post Evacuate Collection Set: 10.5ms
[2022-04-22T21:17:31.704+0800][gc,phases    ] GC(796)   Other: 1.5ms
[2022-04-22T21:17:31.704+0800][gc,heap      ] GC(796) Eden regions: 47->0(47)
[2022-04-22T21:17:31.704+0800][gc,heap      ] GC(796) Survivor regions: 4->4(7)
[2022-04-22T21:17:31.704+0800][gc,heap      ] GC(796) Old regions: 109->109
[2022-04-22T21:17:31.704+0800][gc,heap      ] GC(796) Archive regions: 2->2
[2022-04-22T21:17:31.704+0800][gc,heap      ] GC(796) Humongous regions: 129->129
[2022-04-22T21:17:31.704+0800][gc,metaspace ] GC(796) Metaspace: 43497K->43497K(1089536K)
[2022-04-22T21:17:31.704+0800][gc           ] GC(796) Pause Young (Normal) (G1 Evacuation Pause) 289M->242M(1024M) 29.530ms
[2022-04-22T21:17:31.704+0800][gc,cpu       ] GC(796) User=0.04s Sys=0.03s Real=0.03s
[2022-04-22T21:17:48.920+0800][gc,start     ] GC(797) Pause Young (Normal) (G1 Evacuation Pause)
[2022-04-22T21:17:48.920+0800][gc,task      ] GC(797) Using 8 workers of 8 for evacuation
[2022-04-22T21:17:48.938+0800][gc,phases    ] GC(797)   Pre Evacuate Collection Set: 0.2ms
[2022-04-22T21:17:48.938+0800][gc,phases    ] GC(797)   Evacuate Collection Set: 14.7ms
[2022-04-22T21:17:48.938+0800][gc,phases    ] GC(797)   Post Evacuate Collection Set: 1.0ms
[2022-04-22T21:17:48.938+0800][gc,phases    ] GC(797)   Other: 1.8ms
[2022-04-22T21:17:48.938+0800][gc,heap      ] GC(797) Eden regions: 47->0(47)
[2022-04-22T21:17:48.938+0800][gc,heap      ] GC(797) Survivor regions: 4->4(7)
[2022-04-22T21:17:48.938+0800][gc,heap      ] GC(797) Old regions: 109->110
[2022-04-22T21:17:48.938+0800][gc,heap      ] GC(797) Archive regions: 2->2
[2022-04-22T21:17:48.938+0800][gc,heap      ] GC(797) Humongous regions: 129->129
[2022-04-22T21:17:48.938+0800][gc,metaspace ] GC(797) Metaspace: 43497K->43497K(1089536K)
[2022-04-22T21:17:48.938+0800][gc           ] GC(797) Pause Young (Normal) (G1 Evacuation Pause) 289M->242M(1024M) 17.887ms
[2022-04-22T21:17:48.938+0800][gc,cpu       ] GC(797) User=0.05s Sys=0.01s Real=0.01s
[2022-04-22T21:18:06.258+0800][gc,start     ] GC(798) Pause Young (Normal) (G1 Evacuation Pause)
[2022-04-22T21:18:06.259+0800][gc,task      ] GC(798) Using 8 workers of 8 for evacuation
[2022-04-22T21:18:06.274+0800][gc,phases    ] GC(798)   Pre Evacuate Collection Set: 0.4ms
[2022-04-22T21:18:06.274+0800][gc,phases    ] GC(798)   Evacuate Collection Set: 13.0ms
[2022-04-22T21:18:06.274+0800][gc,phases    ] GC(798)   Post Evacuate Collection Set: 0.5ms
[2022-04-22T21:18:06.274+0800][gc,phases    ] GC(798)   Other: 1.6ms
[2022-04-22T21:18:06.274+0800][gc,heap      ] GC(798) Eden regions: 47->0(46)
[2022-04-22T21:18:06.274+0800][gc,heap      ] GC(798) Survivor regions: 4->5(7)
[2022-04-22T21:18:06.274+0800][gc,heap      ] GC(798) Old regions: 110->110
[2022-04-22T21:18:06.274+0800][gc,heap      ] GC(798) Archive regions: 2->2
[2022-04-22T21:18:06.274+0800][gc,heap      ] GC(798) Humongous regions: 129->129
[2022-04-22T21:18:06.274+0800][gc,metaspace ] GC(798) Metaspace: 43497K->43497K(1089536K)
[2022-04-22T21:18:06.274+0800][gc           ] GC(798) Pause Young (Normal) (G1 Evacuation Pause) 289M->243M(1024M) 15.554ms
[2022-04-22T21:18:06.274+0800][gc,cpu       ] GC(798) User=0.04s Sys=0.01s Real=0.02s
[2022-04-22T21:18:23.240+0800][gc,start     ] GC(799) Pause Young (Normal) (G1 Evacuation Pause)
[2022-04-22T21:18:23.241+0800][gc,task      ] GC(799) Using 8 workers of 8 for evacuation
[2022-04-22T21:18:23.258+0800][gc,phases    ] GC(799)   Pre Evacuate Collection Set: 0.2ms
[2022-04-22T21:18:23.258+0800][gc,phases    ] GC(799)   Evacuate Collection Set: 16.4ms
[2022-04-22T21:18:23.258+0800][gc,phases    ] GC(799)   Post Evacuate Collection Set: 0.7ms
[2022-04-22T21:18:23.259+0800][gc,phases    ] GC(799)   Other: 1.5ms
[2022-04-22T21:18:23.259+0800][gc,heap      ] GC(799) Eden regions: 46->0(47)
[2022-04-22T21:18:23.259+0800][gc,heap      ] GC(799) Survivor regions: 5->4(7)
[2022-04-22T21:18:23.259+0800][gc,heap      ] GC(799) Old regions: 110->110
[2022-04-22T21:18:23.259+0800][gc,heap      ] GC(799) Archive regions: 2->2
[2022-04-22T21:18:23.259+0800][gc,heap      ] GC(799) Humongous regions: 129->129
[2022-04-22T21:18:23.259+0800][gc,metaspace ] GC(799) Metaspace: 43497K->43497K(1089536K)
[2022-04-22T21:18:23.259+0800][gc           ] GC(799) Pause Young (Normal) (G1 Evacuation Pause) 289M->243M(1024M) 19.095ms
[2022-04-22T21:18:23.259+0800][gc,cpu       ] GC(799) User=0.05s Sys=0.00s Real=0.01s
[2022-04-22T21:18:40.407+0800][gc,start     ] GC(800) Pause Young (Normal) (G1 Evacuation Pause)
[2022-04-22T21:18:40.411+0800][gc,task      ] GC(800) Using 8 workers of 8 for evacuation
[2022-04-22T21:18:40.428+0800][gc,phases    ] GC(800)   Pre Evacuate Collection Set: 0.2ms
[2022-04-22T21:18:40.428+0800][gc,phases    ] GC(800)   Evacuate Collection Set: 17.0ms
[2022-04-22T21:18:40.429+0800][gc,phases    ] GC(800)   Post Evacuate Collection Set: 0.3ms
[2022-04-22T21:18:40.429+0800][gc,phases    ] GC(800)   Other: 3.8ms
[2022-04-22T21:18:40.429+0800][gc,heap      ] GC(800) Eden regions: 47->0(47)
[2022-04-22T21:18:40.429+0800][gc,heap      ] GC(800) Survivor regions: 4->4(7)
[2022-04-22T21:18:40.429+0800][gc,heap      ] GC(800) Old regions: 110->110
[2022-04-22T21:18:40.429+0800][gc,heap      ] GC(800) Archive regions: 2->2
[2022-04-22T21:18:40.429+0800][gc,heap      ] GC(800) Humongous regions: 129->129
[2022-04-22T21:18:40.429+0800][gc,metaspace ] GC(800) Metaspace: 43497K->43497K(1089536K)
[2022-04-22T21:18:40.429+0800][gc           ] GC(800) Pause Young (Normal) (G1 Evacuation Pause) 290M->243M(1024M) 21.332ms
[2022-04-22T21:18:40.429+0800][gc,cpu       ] GC(800) User=0.04s Sys=0.00s Real=0.02s
[2022-04-22T21:18:57.464+0800][gc,start     ] GC(801) Pause Young (Normal) (G1 Evacuation Pause)
[2022-04-22T21:18:57.465+0800][gc,task      ] GC(801) Using 8 workers of 8 for evacuation
[2022-04-22T21:18:57.489+0800][gc,mmu       ] GC(801) MMU target violated: 21.0ms (20.0ms/21.0ms)
[2022-04-22T21:18:57.489+0800][gc,phases    ] GC(801)   Pre Evacuate Collection Set: 0.3ms
[2022-04-22T21:18:57.489+0800][gc,phases    ] GC(801)   Evacuate Collection Set: 21.3ms
[2022-04-22T21:18:57.489+0800][gc,phases    ] GC(801)   Post Evacuate Collection Set: 1.3ms
[2022-04-22T21:18:57.489+0800][gc,phases    ] GC(801)   Other: 2.0ms
[2022-04-22T21:18:57.489+0800][gc,heap      ] GC(801) Eden regions: 47->0(47)
[2022-04-22T21:18:57.489+0800][gc,heap      ] GC(801) Survivor regions: 4->4(7)
[2022-04-22T21:18:57.489+0800][gc,heap      ] GC(801) Old regions: 110->111
[2022-04-22T21:18:57.489+0800][gc,heap      ] GC(801) Archive regions: 2->2
[2022-04-22T21:18:57.489+0800][gc,heap      ] GC(801) Humongous regions: 129->129
[2022-04-22T21:18:57.489+0800][gc,metaspace ] GC(801) Metaspace: 43497K->43497K(1089536K)
[2022-04-22T21:18:57.489+0800][gc           ] GC(801) Pause Young (Normal) (G1 Evacuation Pause) 290M->243M(1024M) 24.957ms
[2022-04-22T21:18:57.489+0800][gc,cpu       ] GC(801) User=0.04s Sys=0.03s Real=0.02s
[2022-04-22T21:19:14.858+0800][gc,start     ] GC(802) Pause Young (Normal) (G1 Evacuation Pause)
[2022-04-22T21:19:14.860+0800][gc,task      ] GC(802) Using 8 workers of 8 for evacuation
[2022-04-22T21:19:14.879+0800][gc,phases    ] GC(802)   Pre Evacuate Collection Set: 0.3ms
[2022-04-22T21:19:14.879+0800][gc,phases    ] GC(802)   Evacuate Collection Set: 16.6ms
[2022-04-22T21:19:14.879+0800][gc,phases    ] GC(802)   Post Evacuate Collection Set: 0.6ms
[2022-04-22T21:19:14.879+0800][gc,phases    ] GC(802)   Other: 3.4ms
[2022-04-22T21:19:14.879+0800][gc,heap      ] GC(802) Eden regions: 47->0(46)
[2022-04-22T21:19:14.879+0800][gc,heap      ] GC(802) Survivor regions: 4->6(7)
[2022-04-22T21:19:14.879+0800][gc,heap      ] GC(802) Old regions: 111->111
[2022-04-22T21:19:14.879+0800][gc,heap      ] GC(802) Archive regions: 2->2
[2022-04-22T21:19:14.879+0800][gc,heap      ] GC(802) Humongous regions: 129->129
[2022-04-22T21:19:14.879+0800][gc,metaspace ] GC(802) Metaspace: 43497K->43497K(1089536K)
[2022-04-22T21:19:14.879+0800][gc           ] GC(802) Pause Young (Normal) (G1 Evacuation Pause) 290M->245M(1024M) 21.115ms
[2022-04-22T21:19:14.879+0800][gc,cpu       ] GC(802) User=0.05s Sys=0.01s Real=0.02s
[2022-04-22T21:19:31.328+0800][gc,start     ] GC(803) Pause Young (Normal) (G1 Evacuation Pause)
[2022-04-22T21:19:31.329+0800][gc,task      ] GC(803) Using 8 workers of 8 for evacuation
[2022-04-22T21:19:31.369+0800][gc,mmu       ] GC(803) MMU target violated: 21.0ms (20.0ms/21.0ms)
[2022-04-22T21:19:31.369+0800][gc,phases    ] GC(803)   Pre Evacuate Collection Set: 5.5ms
[2022-04-22T21:19:31.369+0800][gc,phases    ] GC(803)   Evacuate Collection Set: 30.2ms
[2022-04-22T21:19:31.369+0800][gc,phases    ] GC(803)   Post Evacuate Collection Set: 1.4ms
[2022-04-22T21:19:31.369+0800][gc,phases    ] GC(803)   Other: 4.8ms
[2022-04-22T21:19:31.369+0800][gc,heap      ] GC(803) Eden regions: 45->0(47)
[2022-04-22T21:19:31.369+0800][gc,heap      ] GC(803) Survivor regions: 6->4(7)
[2022-04-22T21:19:31.370+0800][gc,heap      ] GC(803) Old regions: 111->113
[2022-04-22T21:19:31.370+0800][gc,heap      ] GC(803) Archive regions: 2->2
[2022-04-22T21:19:31.370+0800][gc,heap      ] GC(803) Humongous regions: 129->129
[2022-04-22T21:19:31.370+0800][gc,metaspace ] GC(803) Metaspace: 43497K->43497K(1089536K)
[2022-04-22T21:19:31.370+0800][gc           ] GC(803) Pause Young (Normal) (G1 Evacuation Pause) 290M->245M(1024M) 41.973ms
[2022-04-22T21:19:31.370+0800][gc,cpu       ] GC(803) User=0.06s Sys=0.04s Real=0.05s
[2022-04-22T21:19:48.598+0800][gc,start     ] GC(804) Pause Young (Normal) (G1 Evacuation Pause)
[2022-04-22T21:19:48.608+0800][gc,task      ] GC(804) Using 8 workers of 8 for evacuation
[2022-04-22T21:19:48.629+0800][gc,mmu       ] GC(804) MMU target violated: 20.6ms (20.0ms/21.0ms)
[2022-04-22T21:19:48.637+0800][gc,phases    ] GC(804)   Pre Evacuate Collection Set: 0.2ms
[2022-04-22T21:19:48.639+0800][gc,phases    ] GC(804)   Evacuate Collection Set: 18.8ms
[2022-04-22T21:19:48.644+0800][gc,phases    ] GC(804)   Post Evacuate Collection Set: 1.1ms
[2022-04-22T21:19:48.644+0800][gc,phases    ] GC(804)   Other: 19.2ms
[2022-04-22T21:19:48.644+0800][gc,heap      ] GC(804) Eden regions: 47->0(47)
[2022-04-22T21:19:48.644+0800][gc,heap      ] GC(804) Survivor regions: 4->4(7)
[2022-04-22T21:19:48.644+0800][gc,heap      ] GC(804) Old regions: 113->113
[2022-04-22T21:19:48.644+0800][gc,heap      ] GC(804) Archive regions: 2->2
[2022-04-22T21:19:48.644+0800][gc,heap      ] GC(804) Humongous regions: 129->129
[2022-04-22T21:19:48.644+0800][gc,metaspace ] GC(804) Metaspace: 43497K->43497K(1089536K)
[2022-04-22T21:19:48.644+0800][gc           ] GC(804) Pause Young (Normal) (G1 Evacuation Pause) 292M->245M(1024M) 45.861ms
[2022-04-22T21:19:48.644+0800][gc,cpu       ] GC(804) User=0.05s Sys=0.02s Real=0.05s
[2022-04-22T22:24:09.144+0800][gc,start     ] GC(805) Pause Young (Normal) (G1 Evacuation Pause)
[2022-04-22T22:24:09.147+0800][gc,task      ] GC(805) Using 8 workers of 8 for evacuation
[2022-04-22T22:24:09.178+0800][gc,mmu       ] GC(805) MMU target violated: 21.0ms (20.0ms/21.0ms)
[2022-04-22T22:24:09.178+0800][gc,phases    ] GC(805)   Pre Evacuate Collection Set: 0.2ms
[2022-04-22T22:24:09.178+0800][gc,phases    ] GC(805)   Evacuate Collection Set: 28.7ms
[2022-04-22T22:24:09.178+0800][gc,phases    ] GC(805)   Post Evacuate Collection Set: 1.4ms
[2022-04-22T22:24:09.179+0800][gc,phases    ] GC(805)   Other: 3.7ms
[2022-04-22T22:24:09.179+0800][gc,heap      ] GC(805) Eden regions: 47->0(44)
[2022-04-22T22:24:09.179+0800][gc,heap      ] GC(805) Survivor regions: 4->7(7)
[2022-04-22T22:24:09.179+0800][gc,heap      ] GC(805) Old regions: 113->113
[2022-04-22T22:24:09.179+0800][gc,heap      ] GC(805) Archive regions: 2->2
[2022-04-22T22:24:09.179+0800][gc,heap      ] GC(805) Humongous regions: 129->129
[2022-04-22T22:24:09.179+0800][gc,metaspace ] GC(805) Metaspace: 43504K->43504K(1089536K)
[2022-04-22T22:24:09.179+0800][gc           ] GC(805) Pause Young (Normal) (G1 Evacuation Pause) 292M->248M(1024M) 34.488ms
[2022-04-22T22:24:09.179+0800][gc,cpu       ] GC(805) User=0.04s Sys=0.04s Real=0.03s
[2022-04-22T22:24:24.920+0800][gc,start     ] GC(806) Pause Young (Normal) (G1 Evacuation Pause)
[2022-04-22T22:24:24.921+0800][gc,task      ] GC(806) Using 8 workers of 8 for evacuation
[2022-04-22T22:24:25.061+0800][gc,mmu       ] GC(806) MMU target violated: 21.0ms (20.0ms/21.0ms)
[2022-04-22T22:24:25.061+0800][gc,phases    ] GC(806)   Pre Evacuate Collection Set: 0.3ms
[2022-04-22T22:24:25.061+0800][gc,phases    ] GC(806)   Evacuate Collection Set: 130.2ms
[2022-04-22T22:24:25.061+0800][gc,phases    ] GC(806)   Post Evacuate Collection Set: 6.2ms
[2022-04-22T22:24:25.062+0800][gc,phases    ] GC(806)   Other: 4.6ms
[2022-04-22T22:24:25.062+0800][gc,heap      ] GC(806) Eden regions: 44->0(48)
[2022-04-22T22:24:25.062+0800][gc,heap      ] GC(806) Survivor regions: 7->3(7)
[2022-04-22T22:24:25.062+0800][gc,heap      ] GC(806) Old regions: 113->117
[2022-04-22T22:24:25.062+0800][gc,heap      ] GC(806) Archive regions: 2->2
[2022-04-22T22:24:25.062+0800][gc,heap      ] GC(806) Humongous regions: 129->129
[2022-04-22T22:24:25.062+0800][gc,metaspace ] GC(806) Metaspace: 43504K->43504K(1089536K)
[2022-04-22T22:24:25.062+0800][gc           ] GC(806) Pause Young (Normal) (G1 Evacuation Pause) 292M->249M(1024M) 141.923ms
[2022-04-22T22:24:25.062+0800][gc,cpu       ] GC(806) User=0.04s Sys=0.07s Real=0.14s
[2022-04-22T22:24:43.028+0800][gc,start     ] GC(807) Pause Young (Normal) (G1 Evacuation Pause)
[2022-04-22T22:24:43.034+0800][gc,task      ] GC(807) Using 8 workers of 8 for evacuation
[2022-04-22T22:24:43.060+0800][gc,mmu       ] GC(807) MMU target violated: 21.0ms (20.0ms/21.0ms)
[2022-04-22T22:24:43.060+0800][gc,phases    ] GC(807)   Pre Evacuate Collection Set: 0.2ms
[2022-04-22T22:24:43.061+0800][gc,phases    ] GC(807)   Evacuate Collection Set: 24.9ms
[2022-04-22T22:24:43.061+0800][gc,phases    ] GC(807)   Post Evacuate Collection Set: 0.8ms
[2022-04-22T22:24:43.061+0800][gc,phases    ] GC(807)   Other: 6.7ms
[2022-04-22T22:24:43.061+0800][gc,heap      ] GC(807) Eden regions: 48->0(47)
[2022-04-22T22:24:43.061+0800][gc,heap      ] GC(807) Survivor regions: 3->4(7)
[2022-04-22T22:24:43.061+0800][gc,heap      ] GC(807) Old regions: 117->117
[2022-04-22T22:24:43.061+0800][gc,heap      ] GC(807) Archive regions: 2->2
[2022-04-22T22:24:43.061+0800][gc,heap      ] GC(807) Humongous regions: 129->129
[2022-04-22T22:24:43.061+0800][gc,metaspace ] GC(807) Metaspace: 43504K->43504K(1089536K)
[2022-04-22T22:24:43.061+0800][gc           ] GC(807) Pause Young (Normal) (G1 Evacuation Pause) 297M->250M(1024M) 32.800ms
[2022-04-22T22:24:43.061+0800][gc,cpu       ] GC(807) User=0.03s Sys=0.02s Real=0.04s
[2022-04-22T22:25:01.230+0800][gc,start     ] GC(808) Pause Young (Normal) (G1 Evacuation Pause)
[2022-04-22T22:25:01.230+0800][gc,task      ] GC(808) Using 8 workers of 8 for evacuation
[2022-04-22T22:25:01.240+0800][gc,phases    ] GC(808)   Pre Evacuate Collection Set: 0.2ms
[2022-04-22T22:25:01.240+0800][gc,phases    ] GC(808)   Evacuate Collection Set: 8.0ms
[2022-04-22T22:25:01.240+0800][gc,phases    ] GC(808)   Post Evacuate Collection Set: 1.0ms
[2022-04-22T22:25:01.241+0800][gc,phases    ] GC(808)   Other: 1.6ms
[2022-04-22T22:25:01.241+0800][gc,heap      ] GC(808) Eden regions: 47->0(46)
[2022-04-22T22:25:01.241+0800][gc,heap      ] GC(808) Survivor regions: 4->5(7)
[2022-04-22T22:25:01.241+0800][gc,heap      ] GC(808) Old regions: 117->117
[2022-04-22T22:25:01.241+0800][gc,heap      ] GC(808) Archive regions: 2->2
[2022-04-22T22:25:01.241+0800][gc,heap      ] GC(808) Humongous regions: 129->129
[2022-04-22T22:25:01.241+0800][gc,metaspace ] GC(808) Metaspace: 43504K->43504K(1089536K)
[2022-04-22T22:25:01.241+0800][gc           ] GC(808) Pause Young (Normal) (G1 Evacuation Pause) 297M->251M(1024M) 10.939ms
[2022-04-22T22:25:01.241+0800][gc,cpu       ] GC(808) User=0.03s Sys=0.02s Real=0.01s
[2022-04-22T22:25:18.475+0800][gc,start     ] GC(809) Pause Young (Normal) (G1 Evacuation Pause)
[2022-04-22T22:25:18.476+0800][gc,task      ] GC(809) Using 8 workers of 8 for evacuation
[2022-04-22T22:25:18.497+0800][gc,mmu       ] GC(809) MMU target violated: 20.8ms (20.0ms/21.0ms)
[2022-04-22T22:25:18.497+0800][gc,phases    ] GC(809)   Pre Evacuate Collection Set: 0.3ms
[2022-04-22T22:25:18.497+0800][gc,phases    ] GC(809)   Evacuate Collection Set: 18.9ms
[2022-04-22T22:25:18.497+0800][gc,phases    ] GC(809)   Post Evacuate Collection Set: 1.0ms
[2022-04-22T22:25:18.497+0800][gc,phases    ] GC(809)   Other: 1.7ms
[2022-04-22T22:25:18.497+0800][gc,heap      ] GC(809) Eden regions: 46->0(47)
[2022-04-22T22:25:18.497+0800][gc,heap      ] GC(809) Survivor regions: 5->4(7)
[2022-04-22T22:25:18.497+0800][gc,heap      ] GC(809) Old regions: 117->118
[2022-04-22T22:25:18.497+0800][gc,heap      ] GC(809) Archive regions: 2->2
[2022-04-22T22:25:18.497+0800][gc,heap      ] GC(809) Humongous regions: 129->129
[2022-04-22T22:25:18.497+0800][gc,metaspace ] GC(809) Metaspace: 43504K->43504K(1089536K)
[2022-04-22T22:25:18.497+0800][gc           ] GC(809) Pause Young (Normal) (G1 Evacuation Pause) 297M->251M(1024M) 22.027ms
[2022-04-22T22:25:18.497+0800][gc,cpu       ] GC(809) User=0.03s Sys=0.02s Real=0.02s
[2022-04-22T22:25:36.202+0800][gc,start     ] GC(810) Pause Young (Normal) (G1 Evacuation Pause)
[2022-04-22T22:25:36.207+0800][gc,task      ] GC(810) Using 8 workers of 8 for evacuation
[2022-04-22T22:25:36.223+0800][gc,phases    ] GC(810)   Pre Evacuate Collection Set: 0.1ms
[2022-04-22T22:25:36.223+0800][gc,phases    ] GC(810)   Evacuate Collection Set: 15.2ms
[2022-04-22T22:25:36.223+0800][gc,phases    ] GC(810)   Post Evacuate Collection Set: 0.6ms
[2022-04-22T22:25:36.223+0800][gc,phases    ] GC(810)   Other: 5.1ms
[2022-04-22T22:25:36.224+0800][gc,heap      ] GC(810) Eden regions: 47->0(46)
[2022-04-22T22:25:36.224+0800][gc,heap      ] GC(810) Survivor regions: 4->5(7)
[2022-04-22T22:25:36.224+0800][gc,heap      ] GC(810) Old regions: 118->118
[2022-04-22T22:25:36.224+0800][gc,heap      ] GC(810) Archive regions: 2->2
[2022-04-22T22:25:36.224+0800][gc,heap      ] GC(810) Humongous regions: 129->129
[2022-04-22T22:25:36.224+0800][gc,metaspace ] GC(810) Metaspace: 43504K->43504K(1089536K)
[2022-04-22T22:25:36.224+0800][gc           ] GC(810) Pause Young (Normal) (G1 Evacuation Pause) 298M->251M(1024M) 21.266ms
[2022-04-22T22:25:36.224+0800][gc,cpu       ] GC(810) User=0.02s Sys=0.00s Real=0.02s
[2022-04-22T22:25:53.604+0800][gc,start     ] GC(811) Pause Young (Normal) (G1 Evacuation Pause)
[2022-04-22T22:25:53.605+0800][gc,task      ] GC(811) Using 8 workers of 8 for evacuation
[2022-04-22T22:25:53.633+0800][gc,mmu       ] GC(811) MMU target violated: 21.0ms (20.0ms/21.0ms)
[2022-04-22T22:25:53.633+0800][gc,phases    ] GC(811)   Pre Evacuate Collection Set: 0.4ms
[2022-04-22T22:25:53.633+0800][gc,phases    ] GC(811)   Evacuate Collection Set: 25.5ms
[2022-04-22T22:25:53.633+0800][gc,phases    ] GC(811)   Post Evacuate Collection Set: 1.1ms
[2022-04-22T22:25:53.633+0800][gc,phases    ] GC(811)   Other: 2.7ms
[2022-04-22T22:25:53.633+0800][gc,heap      ] GC(811) Eden regions: 46->0(47)
[2022-04-22T22:25:53.633+0800][gc,heap      ] GC(811) Survivor regions: 5->4(7)
[2022-04-22T22:25:53.633+0800][gc,heap      ] GC(811) Old regions: 118->120
[2022-04-22T22:25:53.633+0800][gc,heap      ] GC(811) Archive regions: 2->2
[2022-04-22T22:25:53.633+0800][gc,heap      ] GC(811) Humongous regions: 129->129
[2022-04-22T22:25:53.633+0800][gc,metaspace ] GC(811) Metaspace: 43504K->43504K(1089536K)
[2022-04-22T22:25:53.634+0800][gc           ] GC(811) Pause Young (Normal) (G1 Evacuation Pause) 297M->252M(1024M) 29.866ms
[2022-04-22T22:25:53.634+0800][gc,cpu       ] GC(811) User=0.04s Sys=0.02s Real=0.03s
[2022-04-22T22:26:11.193+0800][gc,start     ] GC(812) Pause Young (Normal) (G1 Evacuation Pause)
[2022-04-22T22:26:11.193+0800][gc,task      ] GC(812) Using 8 workers of 8 for evacuation
[2022-04-22T22:26:11.207+0800][gc,phases    ] GC(812)   Pre Evacuate Collection Set: 0.2ms
[2022-04-22T22:26:11.207+0800][gc,phases    ] GC(812)   Evacuate Collection Set: 12.3ms
[2022-04-22T22:26:11.207+0800][gc,phases    ] GC(812)   Post Evacuate Collection Set: 0.8ms
[2022-04-22T22:26:11.207+0800][gc,phases    ] GC(812)   Other: 1.0ms
[2022-04-22T22:26:11.207+0800][gc,heap      ] GC(812) Eden regions: 47->0(46)
[2022-04-22T22:26:11.207+0800][gc,heap      ] GC(812) Survivor regions: 4->5(7)
[2022-04-22T22:26:11.207+0800][gc,heap      ] GC(812) Old regions: 120->120
[2022-04-22T22:26:11.207+0800][gc,heap      ] GC(812) Archive regions: 2->2
[2022-04-22T22:26:11.207+0800][gc,heap      ] GC(812) Humongous regions: 129->129
[2022-04-22T22:26:11.207+0800][gc,metaspace ] GC(812) Metaspace: 43504K->43504K(1089536K)
[2022-04-22T22:26:11.207+0800][gc           ] GC(812) Pause Young (Normal) (G1 Evacuation Pause) 299M->253M(1024M) 14.660ms
[2022-04-22T22:26:11.208+0800][gc,cpu       ] GC(812) User=0.05s Sys=0.01s Real=0.01s
[2022-04-22T22:26:28.314+0800][gc,start     ] GC(813) Pause Young (Normal) (G1 Evacuation Pause)
[2022-04-22T22:26:28.330+0800][gc,task      ] GC(813) Using 8 workers of 8 for evacuation
[2022-04-22T22:26:28.355+0800][gc,mmu       ] GC(813) MMU target violated: 21.0ms (20.0ms/21.0ms)
[2022-04-22T22:26:28.355+0800][gc,phases    ] GC(813)   Pre Evacuate Collection Set: 0.2ms
[2022-04-22T22:26:28.355+0800][gc,phases    ] GC(813)   Evacuate Collection Set: 24.7ms
[2022-04-22T22:26:28.355+0800][gc,phases    ] GC(813)   Post Evacuate Collection Set: 0.5ms
[2022-04-22T22:26:28.355+0800][gc,phases    ] GC(813)   Other: 16.0ms
[2022-04-22T22:26:28.355+0800][gc,heap      ] GC(813) Eden regions: 46->0(47)
[2022-04-22T22:26:28.355+0800][gc,heap      ] GC(813) Survivor regions: 5->4(7)
[2022-04-22T22:26:28.355+0800][gc,heap      ] GC(813) Old regions: 120->121
[2022-04-22T22:26:28.355+0800][gc,heap      ] GC(813) Archive regions: 2->2
[2022-04-22T22:26:28.355+0800][gc,heap      ] GC(813) Humongous regions: 129->129
[2022-04-22T22:26:28.355+0800][gc,metaspace ] GC(813) Metaspace: 43504K->43504K(1089536K)
[2022-04-22T22:26:28.355+0800][gc           ] GC(813) Pause Young (Normal) (G1 Evacuation Pause) 299M->254M(1024M) 41.351ms
[2022-04-22T22:26:28.356+0800][gc,cpu       ] GC(813) User=0.05s Sys=0.02s Real=0.04s
[2022-04-22T22:26:46.000+0800][gc,start     ] GC(814) Pause Young (Normal) (G1 Evacuation Pause)
[2022-04-22T22:26:46.001+0800][gc,task      ] GC(814) Using 8 workers of 8 for evacuation
[2022-04-22T22:26:46.016+0800][gc,phases    ] GC(814)   Pre Evacuate Collection Set: 0.3ms
[2022-04-22T22:26:46.016+0800][gc,phases    ] GC(814)   Evacuate Collection Set: 11.5ms
[2022-04-22T22:26:46.016+0800][gc,phases    ] GC(814)   Post Evacuate Collection Set: 1.1ms
[2022-04-22T22:26:46.016+0800][gc,phases    ] GC(814)   Other: 2.5ms
[2022-04-22T22:26:46.016+0800][gc,heap      ] GC(814) Eden regions: 47->0(47)
[2022-04-22T22:26:46.016+0800][gc,heap      ] GC(814) Survivor regions: 4->4(7)
[2022-04-22T22:26:46.016+0800][gc,heap      ] GC(814) Old regions: 121->121
[2022-04-22T22:26:46.016+0800][gc,heap      ] GC(814) Archive regions: 2->2
[2022-04-22T22:26:46.016+0800][gc,heap      ] GC(814) Humongous regions: 129->129
[2022-04-22T22:26:46.016+0800][gc,metaspace ] GC(814) Metaspace: 43504K->43504K(1089536K)
[2022-04-22T22:26:46.016+0800][gc           ] GC(814) Pause Young (Normal) (G1 Evacuation Pause) 301M->254M(1024M) 15.807ms
[2022-04-22T22:26:46.016+0800][gc,cpu       ] GC(814) User=0.04s Sys=0.01s Real=0.01s
[2022-04-22T22:27:03.847+0800][gc,start     ] GC(815) Pause Young (Normal) (G1 Evacuation Pause)
[2022-04-22T22:27:03.848+0800][gc,task      ] GC(815) Using 8 workers of 8 for evacuation
[2022-04-22T22:27:03.861+0800][gc,phases    ] GC(815)   Pre Evacuate Collection Set: 0.2ms
[2022-04-22T22:27:03.861+0800][gc,phases    ] GC(815)   Evacuate Collection Set: 10.8ms
[2022-04-22T22:27:03.861+0800][gc,phases    ] GC(815)   Post Evacuate Collection Set: 0.7ms
[2022-04-22T22:27:03.861+0800][gc,phases    ] GC(815)   Other: 1.9ms
[2022-04-22T22:27:03.861+0800][gc,heap      ] GC(815) Eden regions: 47->0(48)
[2022-04-22T22:27:03.861+0800][gc,heap      ] GC(815) Survivor regions: 4->4(7)
[2022-04-22T22:27:03.861+0800][gc,heap      ] GC(815) Old regions: 121->122
[2022-04-22T22:27:03.861+0800][gc,heap      ] GC(815) Archive regions: 2->2
[2022-04-22T22:27:03.861+0800][gc,heap      ] GC(815) Humongous regions: 129->129
[2022-04-22T22:27:03.861+0800][gc,metaspace ] GC(815) Metaspace: 43504K->43504K(1089536K)
[2022-04-22T22:27:03.861+0800][gc           ] GC(815) Pause Young (Normal) (G1 Evacuation Pause) 301M->254M(1024M) 13.839ms
[2022-04-22T22:27:03.861+0800][gc,cpu       ] GC(815) User=0.03s Sys=0.01s Real=0.02s
[2022-04-22T22:27:22.028+0800][gc,start     ] GC(816) Pause Young (Normal) (G1 Evacuation Pause)
[2022-04-22T22:27:22.028+0800][gc,task      ] GC(816) Using 8 workers of 8 for evacuation
[2022-04-22T22:27:22.038+0800][gc,phases    ] GC(816)   Pre Evacuate Collection Set: 0.2ms
[2022-04-22T22:27:22.038+0800][gc,phases    ] GC(816)   Evacuate Collection Set: 9.2ms
[2022-04-22T22:27:22.038+0800][gc,phases    ] GC(816)   Post Evacuate Collection Set: 0.4ms
[2022-04-22T22:27:22.038+0800][gc,phases    ] GC(816)   Other: 0.7ms
[2022-04-22T22:27:22.038+0800][gc,heap      ] GC(816) Eden regions: 48->0(55)
[2022-04-22T22:27:22.038+0800][gc,heap      ] GC(816) Survivor regions: 4->5(7)
[2022-04-22T22:27:22.038+0800][gc,heap      ] GC(816) Old regions: 122->122
[2022-04-22T22:27:22.038+0800][gc,heap      ] GC(816) Archive regions: 2->2
[2022-04-22T22:27:22.038+0800][gc,heap      ] GC(816) Humongous regions: 129->129
[2022-04-22T22:27:22.038+0800][gc,metaspace ] GC(816) Metaspace: 43504K->43504K(1089536K)
[2022-04-22T22:27:22.039+0800][gc           ] GC(816) Pause Young (Normal) (G1 Evacuation Pause) 302M->255M(1024M) 10.709ms
[2022-04-22T22:27:22.039+0800][gc,cpu       ] GC(816) User=0.03s Sys=0.01s Real=0.01s
[2022-04-22T22:27:42.741+0800][gc,start     ] GC(817) Pause Young (Normal) (G1 Evacuation Pause)
[2022-04-22T22:27:42.743+0800][gc,task      ] GC(817) Using 8 workers of 8 for evacuation
[2022-04-22T22:27:42.789+0800][gc,mmu       ] GC(817) MMU target violated: 21.0ms (20.0ms/21.0ms)
[2022-04-22T22:27:42.789+0800][gc,phases    ] GC(817)   Pre Evacuate Collection Set: 0.3ms
[2022-04-22T22:27:42.789+0800][gc,phases    ] GC(817)   Evacuate Collection Set: 42.7ms
[2022-04-22T22:27:42.789+0800][gc,phases    ] GC(817)   Post Evacuate Collection Set: 1.0ms
[2022-04-22T22:27:42.789+0800][gc,phases    ] GC(817)   Other: 4.7ms
[2022-04-22T22:27:42.789+0800][gc,heap      ] GC(817) Eden regions: 55->0(45)
[2022-04-22T22:27:42.789+0800][gc,heap      ] GC(817) Survivor regions: 5->6(8)
[2022-04-22T22:27:42.789+0800][gc,heap      ] GC(817) Old regions: 122->122
[2022-04-22T22:27:42.789+0800][gc,heap      ] GC(817) Archive regions: 2->2
[2022-04-22T22:27:42.789+0800][gc,heap      ] GC(817) Humongous regions: 129->129
[2022-04-22T22:27:42.789+0800][gc,metaspace ] GC(817) Metaspace: 43504K->43504K(1089536K)
[2022-04-22T22:27:42.789+0800][gc           ] GC(817) Pause Young (Normal) (G1 Evacuation Pause) 310M->256M(1024M) 48.682ms
[2022-04-22T22:27:42.789+0800][gc,cpu       ] GC(817) User=0.02s Sys=0.04s Real=0.04s
[2022-04-22T22:27:59.513+0800][gc,start     ] GC(818) Pause Young (Normal) (G1 Evacuation Pause)
[2022-04-22T22:27:59.513+0800][gc,task      ] GC(818) Using 8 workers of 8 for evacuation
[2022-04-22T22:27:59.563+0800][gc,mmu       ] GC(818) MMU target violated: 21.0ms (20.0ms/21.0ms)
[2022-04-22T22:27:59.563+0800][gc,phases    ] GC(818)   Pre Evacuate Collection Set: 0.2ms
[2022-04-22T22:27:59.563+0800][gc,phases    ] GC(818)   Evacuate Collection Set: 48.5ms
[2022-04-22T22:27:59.564+0800][gc,phases    ] GC(818)   Post Evacuate Collection Set: 1.1ms
[2022-04-22T22:27:59.564+0800][gc,phases    ] GC(818)   Other: 1.2ms
[2022-04-22T22:27:59.564+0800][gc,heap      ] GC(818) Eden regions: 45->0(47)
[2022-04-22T22:27:59.564+0800][gc,heap      ] GC(818) Survivor regions: 6->4(7)
[2022-04-22T22:27:59.564+0800][gc,heap      ] GC(818) Old regions: 122->123
[2022-04-22T22:27:59.564+0800][gc,heap      ] GC(818) Archive regions: 2->2
[2022-04-22T22:27:59.564+0800][gc,heap      ] GC(818) Humongous regions: 129->129
[2022-04-22T22:27:59.564+0800][gc,metaspace ] GC(818) Metaspace: 43504K->43504K(1089536K)
[2022-04-22T22:27:59.564+0800][gc           ] GC(818) Pause Young (Normal) (G1 Evacuation Pause) 301M->256M(1024M) 51.104ms
[2022-04-22T22:27:59.564+0800][gc,cpu       ] GC(818) User=0.05s Sys=0.03s Real=0.05s
[2022-04-22T22:28:17.089+0800][gc,start     ] GC(819) Pause Young (Normal) (G1 Evacuation Pause)
[2022-04-22T22:28:17.089+0800][gc,task      ] GC(819) Using 8 workers of 8 for evacuation
[2022-04-22T22:28:17.105+0800][gc,phases    ] GC(819)   Pre Evacuate Collection Set: 0.1ms
[2022-04-22T22:28:17.105+0800][gc,phases    ] GC(819)   Evacuate Collection Set: 14.0ms
[2022-04-22T22:28:17.105+0800][gc,phases    ] GC(819)   Post Evacuate Collection Set: 1.1ms
[2022-04-22T22:28:17.105+0800][gc,phases    ] GC(819)   Other: 1.6ms
[2022-04-22T22:28:17.105+0800][gc,heap      ] GC(819) Eden regions: 47->0(47)
[2022-04-22T22:28:17.105+0800][gc,heap      ] GC(819) Survivor regions: 4->4(7)
[2022-04-22T22:28:17.105+0800][gc,heap      ] GC(819) Old regions: 123->123
[2022-04-22T22:28:17.105+0800][gc,heap      ] GC(819) Archive regions: 2->2
[2022-04-22T22:28:17.105+0800][gc,heap      ] GC(819) Humongous regions: 129->129
[2022-04-22T22:28:17.105+0800][gc,metaspace ] GC(819) Metaspace: 43504K->43504K(1089536K)
[2022-04-22T22:28:17.105+0800][gc           ] GC(819) Pause Young (Normal) (G1 Evacuation Pause) 303M->256M(1024M) 16.508ms
[2022-04-22T22:28:17.105+0800][gc,cpu       ] GC(819) User=0.03s Sys=0.01s Real=0.02s
[2022-04-22T22:28:34.515+0800][gc,start     ] GC(820) Pause Young (Normal) (G1 Evacuation Pause)
[2022-04-22T22:28:34.515+0800][gc,task      ] GC(820) Using 8 workers of 8 for evacuation
[2022-04-22T22:28:34.531+0800][gc,phases    ] GC(820)   Pre Evacuate Collection Set: 0.1ms
[2022-04-22T22:28:34.531+0800][gc,phases    ] GC(820)   Evacuate Collection Set: 14.5ms
[2022-04-22T22:28:34.531+0800][gc,phases    ] GC(820)   Post Evacuate Collection Set: 0.6ms
[2022-04-22T22:28:34.532+0800][gc,phases    ] GC(820)   Other: 1.3ms
[2022-04-22T22:28:34.532+0800][gc,heap      ] GC(820) Eden regions: 47->0(47)
[2022-04-22T22:28:34.532+0800][gc,heap      ] GC(820) Survivor regions: 4->4(7)
[2022-04-22T22:28:34.532+0800][gc,heap      ] GC(820) Old regions: 123->124
[2022-04-22T22:28:34.532+0800][gc,heap      ] GC(820) Archive regions: 2->2
[2022-04-22T22:28:34.532+0800][gc,heap      ] GC(820) Humongous regions: 129->129
[2022-04-22T22:28:34.532+0800][gc,metaspace ] GC(820) Metaspace: 43504K->43504K(1089536K)
[2022-04-22T22:28:34.532+0800][gc           ] GC(820) Pause Young (Normal) (G1 Evacuation Pause) 303M->256M(1024M) 17.147ms
[2022-04-22T22:28:34.532+0800][gc,cpu       ] GC(820) User=0.04s Sys=0.01s Real=0.02s
[2022-04-22T22:28:52.362+0800][gc,start     ] GC(821) Pause Young (Normal) (G1 Evacuation Pause)
[2022-04-22T22:28:52.363+0800][gc,task      ] GC(821) Using 8 workers of 8 for evacuation
[2022-04-22T22:28:52.381+0800][gc,phases    ] GC(821)   Pre Evacuate Collection Set: 0.3ms
[2022-04-22T22:28:52.381+0800][gc,phases    ] GC(821)   Evacuate Collection Set: 14.6ms
[2022-04-22T22:28:52.381+0800][gc,phases    ] GC(821)   Post Evacuate Collection Set: 1.2ms
[2022-04-22T22:28:52.381+0800][gc,phases    ] GC(821)   Other: 2.3ms
[2022-04-22T22:28:52.381+0800][gc,heap      ] GC(821) Eden regions: 47->0(47)
[2022-04-22T22:28:52.381+0800][gc,heap      ] GC(821) Survivor regions: 4->4(7)
[2022-04-22T22:28:52.381+0800][gc,heap      ] GC(821) Old regions: 124->124
[2022-04-22T22:28:52.381+0800][gc,heap      ] GC(821) Archive regions: 2->2
[2022-04-22T22:28:52.381+0800][gc,heap      ] GC(821) Humongous regions: 129->129
[2022-04-22T22:28:52.381+0800][gc,metaspace ] GC(821) Metaspace: 43504K->43504K(1089536K)
[2022-04-22T22:28:52.381+0800][gc           ] GC(821) Pause Young (Normal) (G1 Evacuation Pause) 303M->257M(1024M) 18.655ms
[2022-04-22T22:28:52.381+0800][gc,cpu       ] GC(821) User=0.04s Sys=0.02s Real=0.02s
[2022-04-22T22:29:10.290+0800][gc,start     ] GC(822) Pause Young (Normal) (G1 Evacuation Pause)
[2022-04-22T22:29:10.290+0800][gc,task      ] GC(822) Using 8 workers of 8 for evacuation
[2022-04-22T22:29:10.308+0800][gc,phases    ] GC(822)   Pre Evacuate Collection Set: 0.1ms
[2022-04-22T22:29:10.308+0800][gc,phases    ] GC(822)   Evacuate Collection Set: 16.3ms
[2022-04-22T22:29:10.308+0800][gc,phases    ] GC(822)   Post Evacuate Collection Set: 0.6ms
[2022-04-22T22:29:10.308+0800][gc,phases    ] GC(822)   Other: 0.8ms
[2022-04-22T22:29:10.308+0800][gc,heap      ] GC(822) Eden regions: 47->0(47)
[2022-04-22T22:29:10.308+0800][gc,heap      ] GC(822) Survivor regions: 4->4(7)
[2022-04-22T22:29:10.308+0800][gc,heap      ] GC(822) Old regions: 124->124
[2022-04-22T22:29:10.308+0800][gc,heap      ] GC(822) Archive regions: 2->2
[2022-04-22T22:29:10.308+0800][gc,heap      ] GC(822) Humongous regions: 129->129
[2022-04-22T22:29:10.308+0800][gc,metaspace ] GC(822) Metaspace: 43504K->43504K(1089536K)
[2022-04-22T22:29:10.308+0800][gc           ] GC(822) Pause Young (Normal) (G1 Evacuation Pause) 304M->257M(1024M) 18.128ms
[2022-04-22T22:29:10.308+0800][gc,cpu       ] GC(822) User=0.03s Sys=0.01s Real=0.01s
[2022-04-22T22:29:28.085+0800][gc,start     ] GC(823) Pause Young (Normal) (G1 Evacuation Pause)
[2022-04-22T22:29:28.086+0800][gc,task      ] GC(823) Using 8 workers of 8 for evacuation
[2022-04-22T22:29:28.100+0800][gc,phases    ] GC(823)   Pre Evacuate Collection Set: 0.4ms
[2022-04-22T22:29:28.100+0800][gc,phases    ] GC(823)   Evacuate Collection Set: 11.8ms
[2022-04-22T22:29:28.100+0800][gc,phases    ] GC(823)   Post Evacuate Collection Set: 0.7ms
[2022-04-22T22:29:28.100+0800][gc,phases    ] GC(823)   Other: 2.2ms
[2022-04-22T22:29:28.100+0800][gc,heap      ] GC(823) Eden regions: 47->0(49)
[2022-04-22T22:29:28.100+0800][gc,heap      ] GC(823) Survivor regions: 4->5(7)
[2022-04-22T22:29:28.100+0800][gc,heap      ] GC(823) Old regions: 124->124
[2022-04-22T22:29:28.100+0800][gc,heap      ] GC(823) Archive regions: 2->2
[2022-04-22T22:29:28.100+0800][gc,heap      ] GC(823) Humongous regions: 129->129
[2022-04-22T22:29:28.100+0800][gc,metaspace ] GC(823) Metaspace: 43504K->43504K(1089536K)
[2022-04-22T22:29:28.100+0800][gc           ] GC(823) Pause Young (Normal) (G1 Evacuation Pause) 304M->257M(1024M) 15.207ms
[2022-04-22T22:29:28.100+0800][gc,cpu       ] GC(823) User=0.05s Sys=0.01s Real=0.02s
[2022-04-22T22:29:46.524+0800][gc,start     ] GC(824) Pause Young (Normal) (G1 Evacuation Pause)
[2022-04-22T22:29:46.525+0800][gc,task      ] GC(824) Using 8 workers of 8 for evacuation
[2022-04-22T22:29:46.567+0800][gc,mmu       ] GC(824) MMU target violated: 21.0ms (20.0ms/21.0ms)
[2022-04-22T22:29:46.567+0800][gc,phases    ] GC(824)   Pre Evacuate Collection Set: 0.2ms
[2022-04-22T22:29:46.567+0800][gc,phases    ] GC(824)   Evacuate Collection Set: 38.6ms
[2022-04-22T22:29:46.567+0800][gc,phases    ] GC(824)   Post Evacuate Collection Set: 2.6ms
[2022-04-22T22:29:46.567+0800][gc,phases    ] GC(824)   Other: 1.5ms
[2022-04-22T22:29:46.567+0800][gc,heap      ] GC(824) Eden regions: 49->0(47)
[2022-04-22T22:29:46.567+0800][gc,heap      ] GC(824) Survivor regions: 5->4(7)
[2022-04-22T22:29:46.567+0800][gc,heap      ] GC(824) Old regions: 124->125
[2022-04-22T22:29:46.567+0800][gc,heap      ] GC(824) Archive regions: 2->2
[2022-04-22T22:29:46.567+0800][gc,heap      ] GC(824) Humongous regions: 129->129
[2022-04-22T22:29:46.567+0800][gc,metaspace ] GC(824) Metaspace: 43504K->43504K(1089536K)
[2022-04-22T22:29:46.567+0800][gc           ] GC(824) Pause Young (Normal) (G1 Evacuation Pause) 306M->258M(1024M) 42.947ms
[2022-04-22T22:29:46.567+0800][gc,cpu       ] GC(824) User=0.04s Sys=0.03s Real=0.04s
[2022-04-22T22:30:04.406+0800][gc,start     ] GC(825) Pause Young (Normal) (G1 Evacuation Pause)
[2022-04-22T22:30:04.408+0800][gc,task      ] GC(825) Using 8 workers of 8 for evacuation
[2022-04-22T22:30:04.428+0800][gc,mmu       ] GC(825) MMU target violated: 20.0ms (20.0ms/21.0ms)
[2022-04-22T22:30:04.428+0800][gc,phases    ] GC(825)   Pre Evacuate Collection Set: 0.2ms
[2022-04-22T22:30:04.428+0800][gc,phases    ] GC(825)   Evacuate Collection Set: 18.3ms
[2022-04-22T22:30:04.428+0800][gc,phases    ] GC(825)   Post Evacuate Collection Set: 1.2ms
[2022-04-22T22:30:04.428+0800][gc,phases    ] GC(825)   Other: 2.2ms
[2022-04-22T22:30:04.428+0800][gc,heap      ] GC(825) Eden regions: 47->0(45)
[2022-04-22T22:30:04.428+0800][gc,heap      ] GC(825) Survivor regions: 4->6(7)
[2022-04-22T22:30:04.428+0800][gc,heap      ] GC(825) Old regions: 125->125
[2022-04-22T22:30:04.428+0800][gc,heap      ] GC(825) Archive regions: 2->2
[2022-04-22T22:30:04.428+0800][gc,heap      ] GC(825) Humongous regions: 129->129
[2022-04-22T22:30:04.428+0800][gc,metaspace ] GC(825) Metaspace: 43504K->43504K(1089536K)
[2022-04-22T22:30:04.428+0800][gc           ] GC(825) Pause Young (Normal) (G1 Evacuation Pause) 305M->260M(1024M) 22.102ms
[2022-04-22T22:30:04.428+0800][gc,cpu       ] GC(825) User=0.04s Sys=0.01s Real=0.02s
[2022-04-22T22:30:21.346+0800][gc,start     ] GC(826) Pause Young (Normal) (G1 Evacuation Pause)
[2022-04-22T22:30:21.346+0800][gc,task      ] GC(826) Using 8 workers of 8 for evacuation
[2022-04-22T22:30:21.365+0800][gc,phases    ] GC(826)   Pre Evacuate Collection Set: 0.1ms
[2022-04-22T22:30:21.365+0800][gc,phases    ] GC(826)   Evacuate Collection Set: 17.6ms
[2022-04-22T22:30:21.365+0800][gc,phases    ] GC(826)   Post Evacuate Collection Set: 0.7ms
[2022-04-22T22:30:21.365+0800][gc,phases    ] GC(826)   Other: 0.8ms
[2022-04-22T22:30:21.365+0800][gc,heap      ] GC(826) Eden regions: 45->0(47)
[2022-04-22T22:30:21.365+0800][gc,heap      ] GC(826) Survivor regions: 6->4(7)
[2022-04-22T22:30:21.365+0800][gc,heap      ] GC(826) Old regions: 125->127
[2022-04-22T22:30:21.365+0800][gc,heap      ] GC(826) Archive regions: 2->2
[2022-04-22T22:30:21.365+0800][gc,heap      ] GC(826) Humongous regions: 129->129
[2022-04-22T22:30:21.365+0800][gc,metaspace ] GC(826) Metaspace: 43504K->43504K(1089536K)
[2022-04-22T22:30:21.365+0800][gc           ] GC(826) Pause Young (Normal) (G1 Evacuation Pause) 305M->260M(1024M) 19.256ms
[2022-04-22T22:30:21.365+0800][gc,cpu       ] GC(826) User=0.04s Sys=0.02s Real=0.02s
[2022-04-22T22:30:39.031+0800][gc,start     ] GC(827) Pause Young (Normal) (G1 Evacuation Pause)
[2022-04-22T22:30:39.033+0800][gc,task      ] GC(827) Using 8 workers of 8 for evacuation
[2022-04-22T22:30:39.049+0800][gc,phases    ] GC(827)   Pre Evacuate Collection Set: 0.2ms
[2022-04-22T22:30:39.049+0800][gc,phases    ] GC(827)   Evacuate Collection Set: 13.9ms
[2022-04-22T22:30:39.049+0800][gc,phases    ] GC(827)   Post Evacuate Collection Set: 1.4ms
[2022-04-22T22:30:39.049+0800][gc,phases    ] GC(827)   Other: 2.1ms
[2022-04-22T22:30:39.049+0800][gc,heap      ] GC(827) Eden regions: 47->0(47)
[2022-04-22T22:30:39.049+0800][gc,heap      ] GC(827) Survivor regions: 4->4(7)
[2022-04-22T22:30:39.049+0800][gc,heap      ] GC(827) Old regions: 127->127
[2022-04-22T22:30:39.049+0800][gc,heap      ] GC(827) Archive regions: 2->2
[2022-04-22T22:30:39.049+0800][gc,heap      ] GC(827) Humongous regions: 129->129
[2022-04-22T22:30:39.049+0800][gc,metaspace ] GC(827) Metaspace: 43504K->43504K(1089536K)
[2022-04-22T22:30:39.049+0800][gc           ] GC(827) Pause Young (Normal) (G1 Evacuation Pause) 307M->260M(1024M) 17.900ms
[2022-04-22T22:30:39.049+0800][gc,cpu       ] GC(827) User=0.04s Sys=0.01s Real=0.01s
[2022-04-22T22:30:56.879+0800][gc,start     ] GC(828) Pause Young (Normal) (G1 Evacuation Pause)
[2022-04-22T22:30:56.879+0800][gc,task      ] GC(828) Using 8 workers of 8 for evacuation
[2022-04-22T22:30:56.897+0800][gc,phases    ] GC(828)   Pre Evacuate Collection Set: 0.1ms
[2022-04-22T22:30:56.897+0800][gc,phases    ] GC(828)   Evacuate Collection Set: 16.0ms
[2022-04-22T22:30:56.897+0800][gc,phases    ] GC(828)   Post Evacuate Collection Set: 0.6ms
[2022-04-22T22:30:56.897+0800][gc,phases    ] GC(828)   Other: 1.4ms
[2022-04-22T22:30:56.897+0800][gc,heap      ] GC(828) Eden regions: 47->0(47)
[2022-04-22T22:30:56.897+0800][gc,heap      ] GC(828) Survivor regions: 4->4(7)
[2022-04-22T22:30:56.897+0800][gc,heap      ] GC(828) Old regions: 127->128
[2022-04-22T22:30:56.897+0800][gc,heap      ] GC(828) Archive regions: 2->2
[2022-04-22T22:30:56.897+0800][gc,heap      ] GC(828) Humongous regions: 129->129
[2022-04-22T22:30:56.897+0800][gc,metaspace ] GC(828) Metaspace: 43504K->43504K(1089536K)
[2022-04-22T22:30:56.897+0800][gc           ] GC(828) Pause Young (Normal) (G1 Evacuation Pause) 307M->260M(1024M) 18.538ms
[2022-04-22T22:30:56.897+0800][gc,cpu       ] GC(828) User=0.04s Sys=0.01s Real=0.02s
[2022-04-22T22:31:14.753+0800][gc,start     ] GC(829) Pause Young (Normal) (G1 Evacuation Pause)
[2022-04-22T22:31:14.753+0800][gc,task      ] GC(829) Using 8 workers of 8 for evacuation
[2022-04-22T22:31:14.768+0800][gc,phases    ] GC(829)   Pre Evacuate Collection Set: 0.2ms
[2022-04-22T22:31:14.768+0800][gc,phases    ] GC(829)   Evacuate Collection Set: 13.0ms
[2022-04-22T22:31:14.768+0800][gc,phases    ] GC(829)   Post Evacuate Collection Set: 0.4ms
[2022-04-22T22:31:14.768+0800][gc,phases    ] GC(829)   Other: 1.3ms
[2022-04-22T22:31:14.768+0800][gc,heap      ] GC(829) Eden regions: 47->0(49)
[2022-04-22T22:31:14.768+0800][gc,heap      ] GC(829) Survivor regions: 4->4(7)
[2022-04-22T22:31:14.768+0800][gc,heap      ] GC(829) Old regions: 128->128
[2022-04-22T22:31:14.768+0800][gc,heap      ] GC(829) Archive regions: 2->2
[2022-04-22T22:31:14.768+0800][gc,heap      ] GC(829) Humongous regions: 129->129
[2022-04-22T22:31:14.768+0800][gc,metaspace ] GC(829) Metaspace: 43504K->43504K(1089536K)
[2022-04-22T22:31:14.768+0800][gc           ] GC(829) Pause Young (Normal) (G1 Evacuation Pause) 307M->260M(1024M) 14.889ms
[2022-04-22T22:31:14.768+0800][gc,cpu       ] GC(829) User=0.03s Sys=0.01s Real=0.01s
[2022-04-22T22:31:33.294+0800][gc,start     ] GC(830) Pause Young (Normal) (G1 Evacuation Pause)
[2022-04-22T22:31:33.295+0800][gc,task      ] GC(830) Using 8 workers of 8 for evacuation
[2022-04-22T22:31:33.311+0800][gc,phases    ] GC(830)   Pre Evacuate Collection Set: 0.1ms
[2022-04-22T22:31:33.311+0800][gc,phases    ] GC(830)   Evacuate Collection Set: 15.0ms
[2022-04-22T22:31:33.311+0800][gc,phases    ] GC(830)   Post Evacuate Collection Set: 0.6ms
[2022-04-22T22:31:33.311+0800][gc,phases    ] GC(830)   Other: 0.8ms
[2022-04-22T22:31:33.311+0800][gc,heap      ] GC(830) Eden regions: 49->0(49)
[2022-04-22T22:31:33.311+0800][gc,heap      ] GC(830) Survivor regions: 4->4(7)
[2022-04-22T22:31:33.311+0800][gc,heap      ] GC(830) Old regions: 128->128
[2022-04-22T22:31:33.311+0800][gc,heap      ] GC(830) Archive regions: 2->2
[2022-04-22T22:31:33.311+0800][gc,heap      ] GC(830) Humongous regions: 129->129
[2022-04-22T22:31:33.311+0800][gc,metaspace ] GC(830) Metaspace: 43504K->43504K(1089536K)
[2022-04-22T22:31:33.311+0800][gc           ] GC(830) Pause Young (Normal) (G1 Evacuation Pause) 309M->261M(1024M) 16.868ms
[2022-04-22T22:31:33.311+0800][gc,cpu       ] GC(830) User=0.03s Sys=0.01s Real=0.02s
[2022-04-22T22:31:51.432+0800][gc,start     ] GC(831) Pause Young (Normal) (G1 Evacuation Pause)
[2022-04-22T22:31:51.432+0800][gc,task      ] GC(831) Using 8 workers of 8 for evacuation
[2022-04-22T22:31:51.454+0800][gc,mmu       ] GC(831) MMU target violated: 21.0ms (20.0ms/21.0ms)
[2022-04-22T22:31:51.455+0800][gc,phases    ] GC(831)   Pre Evacuate Collection Set: 0.2ms
[2022-04-22T22:31:51.455+0800][gc,phases    ] GC(831)   Evacuate Collection Set: 20.4ms
[2022-04-22T22:31:51.455+0800][gc,phases    ] GC(831)   Post Evacuate Collection Set: 1.2ms
[2022-04-22T22:31:51.455+0800][gc,phases    ] GC(831)   Other: 1.4ms
[2022-04-22T22:31:51.455+0800][gc,heap      ] GC(831) Eden regions: 48->0(50)
[2022-04-22T22:31:51.455+0800][gc,heap      ] GC(831) Survivor regions: 4->4(7)
[2022-04-22T22:31:51.455+0800][gc,heap      ] GC(831) Old regions: 128->129
[2022-04-22T22:31:51.455+0800][gc,heap      ] GC(831) Archive regions: 2->2
[2022-04-22T22:31:51.455+0800][gc,heap      ] GC(831) Humongous regions: 129->129
[2022-04-22T22:31:51.455+0800][gc,metaspace ] GC(831) Metaspace: 43504K->43504K(1089536K)
[2022-04-22T22:31:51.455+0800][gc           ] GC(831) Pause Young (Normal) (G1 Evacuation Pause) 309M->261M(1024M) 23.067ms
[2022-04-22T22:31:51.455+0800][gc,cpu       ] GC(831) User=0.04s Sys=0.03s Real=0.02s
[2022-04-22T22:32:09.818+0800][gc,start     ] GC(832) Pause Young (Normal) (G1 Evacuation Pause)
[2022-04-22T22:32:09.820+0800][gc,task      ] GC(832) Using 8 workers of 8 for evacuation
[2022-04-22T22:32:09.842+0800][gc,mmu       ] GC(832) MMU target violated: 21.0ms (20.0ms/21.0ms)
[2022-04-22T22:32:09.842+0800][gc,phases    ] GC(832)   Pre Evacuate Collection Set: 0.2ms
[2022-04-22T22:32:09.842+0800][gc,phases    ] GC(832)   Evacuate Collection Set: 18.2ms
[2022-04-22T22:32:09.842+0800][gc,phases    ] GC(832)   Post Evacuate Collection Set: 1.5ms
[2022-04-22T22:32:09.842+0800][gc,phases    ] GC(832)   Other: 4.2ms
[2022-04-22T22:32:09.842+0800][gc,heap      ] GC(832) Eden regions: 49->0(49)
[2022-04-22T22:32:09.842+0800][gc,heap      ] GC(832) Survivor regions: 4->4(7)
[2022-04-22T22:32:09.842+0800][gc,heap      ] GC(832) Old regions: 129->129
[2022-04-22T22:32:09.842+0800][gc,heap      ] GC(832) Archive regions: 2->2
[2022-04-22T22:32:09.842+0800][gc,heap      ] GC(832) Humongous regions: 129->129
[2022-04-22T22:32:09.842+0800][gc,metaspace ] GC(832) Metaspace: 43504K->43504K(1089536K)
[2022-04-22T22:32:09.842+0800][gc           ] GC(832) Pause Young (Normal) (G1 Evacuation Pause) 310M->262M(1024M) 24.119ms
[2022-04-22T22:32:09.842+0800][gc,cpu       ] GC(832) User=0.04s Sys=0.02s Real=0.03s
[2022-04-22T22:32:27.250+0800][gc,start     ] GC(833) Pause Young (Normal) (G1 Evacuation Pause)
[2022-04-22T22:32:27.262+0800][gc,task      ] GC(833) Using 8 workers of 8 for evacuation
[2022-04-22T22:32:27.291+0800][gc,mmu       ] GC(833) MMU target violated: 21.0ms (20.0ms/21.0ms)
[2022-04-22T22:32:27.291+0800][gc,phases    ] GC(833)   Pre Evacuate Collection Set: 0.4ms
[2022-04-22T22:32:27.291+0800][gc,phases    ] GC(833)   Evacuate Collection Set: 25.3ms
[2022-04-22T22:32:27.291+0800][gc,phases    ] GC(833)   Post Evacuate Collection Set: 1.5ms
[2022-04-22T22:32:27.291+0800][gc,phases    ] GC(833)   Other: 14.2ms
[2022-04-22T22:32:27.291+0800][gc,heap      ] GC(833) Eden regions: 47->0(47)
[2022-04-22T22:32:27.291+0800][gc,heap      ] GC(833) Survivor regions: 4->4(7)
[2022-04-22T22:32:27.291+0800][gc,heap      ] GC(833) Old regions: 129->130
[2022-04-22T22:32:27.291+0800][gc,heap      ] GC(833) Archive regions: 2->2
[2022-04-22T22:32:27.291+0800][gc,heap      ] GC(833) Humongous regions: 129->129
[2022-04-22T22:32:27.291+0800][gc,metaspace ] GC(833) Metaspace: 43504K->43504K(1089536K)
[2022-04-22T22:32:27.291+0800][gc           ] GC(833) Pause Young (Normal) (G1 Evacuation Pause) 309M->262M(1024M) 41.502ms
[2022-04-22T22:32:27.291+0800][gc,cpu       ] GC(833) User=0.05s Sys=0.04s Real=0.04s
[2022-04-22T22:32:44.835+0800][gc,start     ] GC(834) Pause Young (Normal) (G1 Evacuation Pause)
[2022-04-22T22:32:44.835+0800][gc,task      ] GC(834) Using 8 workers of 8 for evacuation
[2022-04-22T22:32:44.851+0800][gc,phases    ] GC(834)   Pre Evacuate Collection Set: 0.4ms
[2022-04-22T22:32:44.851+0800][gc,phases    ] GC(834)   Evacuate Collection Set: 13.5ms
[2022-04-22T22:32:44.851+0800][gc,phases    ] GC(834)   Post Evacuate Collection Set: 0.6ms
[2022-04-22T22:32:44.851+0800][gc,phases    ] GC(834)   Other: 2.8ms
[2022-04-22T22:32:44.851+0800][gc,heap      ] GC(834) Eden regions: 47->0(48)
[2022-04-22T22:32:44.851+0800][gc,heap      ] GC(834) Survivor regions: 4->4(7)
[2022-04-22T22:32:44.851+0800][gc,heap      ] GC(834) Old regions: 130->130
[2022-04-22T22:32:44.851+0800][gc,heap      ] GC(834) Archive regions: 2->2
[2022-04-22T22:32:44.851+0800][gc,heap      ] GC(834) Humongous regions: 129->129
[2022-04-22T22:32:44.851+0800][gc,metaspace ] GC(834) Metaspace: 43504K->43504K(1089536K)
[2022-04-22T22:32:44.851+0800][gc           ] GC(834) Pause Young (Normal) (G1 Evacuation Pause) 309M->262M(1024M) 16.102ms
[2022-04-22T22:32:44.851+0800][gc,cpu       ] GC(834) User=0.04s Sys=0.01s Real=0.02s
[2022-04-22T22:33:02.474+0800][gc,start     ] GC(835) Pause Young (Normal) (G1 Evacuation Pause)
[2022-04-22T22:33:02.475+0800][gc,task      ] GC(835) Using 8 workers of 8 for evacuation
[2022-04-22T22:33:02.493+0800][gc,phases    ] GC(835)   Pre Evacuate Collection Set: 0.2ms
[2022-04-22T22:33:02.493+0800][gc,phases    ] GC(835)   Evacuate Collection Set: 16.2ms
[2022-04-22T22:33:02.493+0800][gc,phases    ] GC(835)   Post Evacuate Collection Set: 0.8ms
[2022-04-22T22:33:02.493+0800][gc,phases    ] GC(835)   Other: 1.5ms
[2022-04-22T22:33:02.493+0800][gc,heap      ] GC(835) Eden regions: 47->0(48)
[2022-04-22T22:33:02.493+0800][gc,heap      ] GC(835) Survivor regions: 4->4(7)
[2022-04-22T22:33:02.493+0800][gc,heap      ] GC(835) Old regions: 130->130
[2022-04-22T22:33:02.493+0800][gc,heap      ] GC(835) Archive regions: 2->2
[2022-04-22T22:33:02.493+0800][gc,heap      ] GC(835) Humongous regions: 129->129
[2022-04-22T22:33:02.493+0800][gc,metaspace ] GC(835) Metaspace: 43504K->43504K(1089536K)
[2022-04-22T22:33:02.493+0800][gc           ] GC(835) Pause Young (Normal) (G1 Evacuation Pause) 309M->263M(1024M) 18.929ms
[2022-04-22T22:33:02.493+0800][gc,cpu       ] GC(835) User=0.04s Sys=0.01s Real=0.02s
[2022-04-22T22:33:20.100+0800][gc,start     ] GC(836) Pause Young (Normal) (G1 Evacuation Pause)
[2022-04-22T22:33:20.100+0800][gc,task      ] GC(836) Using 8 workers of 8 for evacuation
[2022-04-22T22:33:20.132+0800][gc,mmu       ] GC(836) MMU target violated: 21.0ms (20.0ms/21.0ms)
[2022-04-22T22:33:20.132+0800][gc,phases    ] GC(836)   Pre Evacuate Collection Set: 0.2ms
[2022-04-22T22:33:20.132+0800][gc,phases    ] GC(836)   Evacuate Collection Set: 28.0ms
[2022-04-22T22:33:20.132+0800][gc,phases    ] GC(836)   Post Evacuate Collection Set: 3.4ms
[2022-04-22T22:33:20.132+0800][gc,phases    ] GC(836)   Other: 1.3ms
[2022-04-22T22:33:20.132+0800][gc,heap      ] GC(836) Eden regions: 47->0(47)
[2022-04-22T22:33:20.132+0800][gc,heap      ] GC(836) Survivor regions: 4->6(7)
[2022-04-22T22:33:20.132+0800][gc,heap      ] GC(836) Old regions: 130->130
[2022-04-22T22:33:20.132+0800][gc,heap      ] GC(836) Archive regions: 2->2
[2022-04-22T22:33:20.132+0800][gc,heap      ] GC(836) Humongous regions: 129->129
[2022-04-22T22:33:20.132+0800][gc,metaspace ] GC(836) Metaspace: 43504K->43504K(1089536K)
[2022-04-22T22:33:20.132+0800][gc           ] GC(836) Pause Young (Normal) (G1 Evacuation Pause) 310M->265M(1024M) 32.761ms
[2022-04-22T22:33:20.132+0800][gc,cpu       ] GC(836) User=0.05s Sys=0.04s Real=0.03s
[2022-04-22T22:33:37.726+0800][gc,start     ] GC(837) Pause Young (Normal) (G1 Evacuation Pause)
[2022-04-22T22:33:37.726+0800][gc,task      ] GC(837) Using 8 workers of 8 for evacuation
[2022-04-22T22:33:37.777+0800][gc,mmu       ] GC(837) MMU target violated: 21.0ms (20.0ms/21.0ms)
[2022-04-22T22:33:37.778+0800][gc,phases    ] GC(837)   Pre Evacuate Collection Set: 0.2ms
[2022-04-22T22:33:37.778+0800][gc,phases    ] GC(837)   Evacuate Collection Set: 50.0ms
[2022-04-22T22:33:37.778+0800][gc,phases    ] GC(837)   Post Evacuate Collection Set: 0.4ms
[2022-04-22T22:33:37.778+0800][gc,phases    ] GC(837)   Other: 1.3ms
[2022-04-22T22:33:37.778+0800][gc,heap      ] GC(837) Eden regions: 45->0(47)
[2022-04-22T22:33:37.778+0800][gc,heap      ] GC(837) Survivor regions: 6->4(7)
[2022-04-22T22:33:37.778+0800][gc,heap      ] GC(837) Old regions: 130->132
[2022-04-22T22:33:37.778+0800][gc,heap      ] GC(837) Archive regions: 2->2
[2022-04-22T22:33:37.778+0800][gc,heap      ] GC(837) Humongous regions: 129->129
[2022-04-22T22:33:37.778+0800][gc,metaspace ] GC(837) Metaspace: 43504K->43504K(1089536K)
[2022-04-22T22:33:37.778+0800][gc           ] GC(837) Pause Young (Normal) (G1 Evacuation Pause) 310M->265M(1024M) 52.016ms
[2022-04-22T22:33:37.778+0800][gc,cpu       ] GC(837) User=0.04s Sys=0.04s Real=0.05s
[2022-04-22T22:33:55.181+0800][gc,start     ] GC(838) Pause Young (Normal) (G1 Evacuation Pause)
[2022-04-22T22:33:55.182+0800][gc,task      ] GC(838) Using 8 workers of 8 for evacuation
[2022-04-22T22:33:55.196+0800][gc,phases    ] GC(838)   Pre Evacuate Collection Set: 0.1ms
[2022-04-22T22:33:55.196+0800][gc,phases    ] GC(838)   Evacuate Collection Set: 13.2ms
[2022-04-22T22:33:55.196+0800][gc,phases    ] GC(838)   Post Evacuate Collection Set: 0.8ms
[2022-04-22T22:33:55.196+0800][gc,phases    ] GC(838)   Other: 1.5ms
[2022-04-22T22:33:55.196+0800][gc,heap      ] GC(838) Eden regions: 47->0(47)
[2022-04-22T22:33:55.196+0800][gc,heap      ] GC(838) Survivor regions: 4->4(7)
[2022-04-22T22:33:55.196+0800][gc,heap      ] GC(838) Old regions: 132->132
[2022-04-22T22:33:55.196+0800][gc,heap      ] GC(838) Archive regions: 2->2
[2022-04-22T22:33:55.197+0800][gc,heap      ] GC(838) Humongous regions: 129->129
[2022-04-22T22:33:55.197+0800][gc,metaspace ] GC(838) Metaspace: 43504K->43504K(1089536K)
[2022-04-22T22:33:55.197+0800][gc           ] GC(838) Pause Young (Normal) (G1 Evacuation Pause) 312M->265M(1024M) 15.759ms
[2022-04-22T22:33:55.197+0800][gc,cpu       ] GC(838) User=0.03s Sys=0.02s Real=0.01s
[2022-04-22T22:34:12.698+0800][gc,start     ] GC(839) Pause Young (Normal) (G1 Evacuation Pause)
[2022-04-22T22:34:12.698+0800][gc,task      ] GC(839) Using 8 workers of 8 for evacuation
[2022-04-22T22:34:12.712+0800][gc,phases    ] GC(839)   Pre Evacuate Collection Set: 0.1ms
[2022-04-22T22:34:12.712+0800][gc,phases    ] GC(839)   Evacuate Collection Set: 11.7ms
[2022-04-22T22:34:12.712+0800][gc,phases    ] GC(839)   Post Evacuate Collection Set: 0.7ms
[2022-04-22T22:34:12.712+0800][gc,phases    ] GC(839)   Other: 1.0ms
[2022-04-22T22:34:12.712+0800][gc,heap      ] GC(839) Eden regions: 47->0(47)
[2022-04-22T22:34:12.712+0800][gc,heap      ] GC(839) Survivor regions: 4->4(7)
[2022-04-22T22:34:12.712+0800][gc,heap      ] GC(839) Old regions: 132->132
[2022-04-22T22:34:12.712+0800][gc,heap      ] GC(839) Archive regions: 2->2
[2022-04-22T22:34:12.712+0800][gc,heap      ] GC(839) Humongous regions: 129->129
[2022-04-22T22:34:12.712+0800][gc,metaspace ] GC(839) Metaspace: 43504K->43504K(1089536K)
[2022-04-22T22:34:12.712+0800][gc           ] GC(839) Pause Young (Normal) (G1 Evacuation Pause) 312M->265M(1024M) 13.891ms
[2022-04-22T22:34:12.712+0800][gc,cpu       ] GC(839) User=0.04s Sys=0.01s Real=0.02s
[2022-04-22T22:34:30.262+0800][gc,start     ] GC(840) Pause Young (Normal) (G1 Evacuation Pause)
[2022-04-22T22:34:30.262+0800][gc,task      ] GC(840) Using 8 workers of 8 for evacuation
[2022-04-22T22:34:30.289+0800][gc,mmu       ] GC(840) MMU target violated: 21.0ms (20.0ms/21.0ms)
[2022-04-22T22:34:30.289+0800][gc,phases    ] GC(840)   Pre Evacuate Collection Set: 0.2ms
[2022-04-22T22:34:30.289+0800][gc,phases    ] GC(840)   Evacuate Collection Set: 25.4ms
[2022-04-22T22:34:30.289+0800][gc,phases    ] GC(840)   Post Evacuate Collection Set: 0.3ms
[2022-04-22T22:34:30.289+0800][gc,phases    ] GC(840)   Other: 1.3ms
[2022-04-22T22:34:30.289+0800][gc,heap      ] GC(840) Eden regions: 47->0(47)
[2022-04-22T22:34:30.289+0800][gc,heap      ] GC(840) Survivor regions: 4->4(7)
[2022-04-22T22:34:30.289+0800][gc,heap      ] GC(840) Old regions: 132->133
[2022-04-22T22:34:30.289+0800][gc,heap      ] GC(840) Archive regions: 2->2
[2022-04-22T22:34:30.289+0800][gc,heap      ] GC(840) Humongous regions: 129->129
[2022-04-22T22:34:30.289+0800][gc,metaspace ] GC(840) Metaspace: 43504K->43504K(1089536K)
[2022-04-22T22:34:30.289+0800][gc           ] GC(840) Pause Young (Normal) (G1 Evacuation Pause) 312M->265M(1024M) 27.256ms
[2022-04-22T22:34:30.289+0800][gc,cpu       ] GC(840) User=0.03s Sys=0.01s Real=0.02s
[2022-04-22T22:34:48.238+0800][gc,start     ] GC(841) Pause Young (Normal) (G1 Evacuation Pause)
[2022-04-22T22:34:48.239+0800][gc,task      ] GC(841) Using 8 workers of 8 for evacuation
[2022-04-22T22:34:48.266+0800][gc,mmu       ] GC(841) MMU target violated: 21.0ms (20.0ms/21.0ms)
[2022-04-22T22:34:48.266+0800][gc,phases    ] GC(841)   Pre Evacuate Collection Set: 0.2ms
[2022-04-22T22:34:48.266+0800][gc,phases    ] GC(841)   Evacuate Collection Set: 21.0ms
[2022-04-22T22:34:48.266+0800][gc,phases    ] GC(841)   Post Evacuate Collection Set: 5.0ms
[2022-04-22T22:34:48.266+0800][gc,phases    ] GC(841)   Other: 1.8ms
[2022-04-22T22:34:48.266+0800][gc,heap      ] GC(841) Eden regions: 47->0(46)
[2022-04-22T22:34:48.266+0800][gc,heap      ] GC(841) Survivor regions: 4->5(7)
[2022-04-22T22:34:48.266+0800][gc,heap      ] GC(841) Old regions: 133->133
[2022-04-22T22:34:48.266+0800][gc,heap      ] GC(841) Archive regions: 2->2
[2022-04-22T22:34:48.266+0800][gc,heap      ] GC(841) Humongous regions: 129->129
[2022-04-22T22:34:48.266+0800][gc,metaspace ] GC(841) Metaspace: 43504K->43504K(1089536K)
[2022-04-22T22:34:48.266+0800][gc           ] GC(841) Pause Young (Normal) (G1 Evacuation Pause) 312M->265M(1024M) 27.986ms
[2022-04-22T22:34:48.266+0800][gc,cpu       ] GC(841) User=0.04s Sys=0.03s Real=0.03s
[2022-04-22T22:35:05.736+0800][gc,start     ] GC(842) Pause Young (Normal) (G1 Evacuation Pause)
[2022-04-22T22:35:05.737+0800][gc,task      ] GC(842) Using 8 workers of 8 for evacuation
[2022-04-22T22:35:05.760+0800][gc,mmu       ] GC(842) MMU target violated: 21.0ms (20.0ms/21.0ms)
[2022-04-22T22:35:05.760+0800][gc,phases    ] GC(842)   Pre Evacuate Collection Set: 0.2ms
[2022-04-22T22:35:05.760+0800][gc,phases    ] GC(842)   Evacuate Collection Set: 21.7ms
[2022-04-22T22:35:05.760+0800][gc,phases    ] GC(842)   Post Evacuate Collection Set: 0.6ms
[2022-04-22T22:35:05.760+0800][gc,phases    ] GC(842)   Other: 1.9ms
[2022-04-22T22:35:05.760+0800][gc,heap      ] GC(842) Eden regions: 46->0(45)
[2022-04-22T22:35:05.760+0800][gc,heap      ] GC(842) Survivor regions: 5->6(7)
[2022-04-22T22:35:05.760+0800][gc,heap      ] GC(842) Old regions: 133->133
[2022-04-22T22:35:05.760+0800][gc,heap      ] GC(842) Archive regions: 2->2
[2022-04-22T22:35:05.760+0800][gc,heap      ] GC(842) Humongous regions: 129->129
[2022-04-22T22:35:05.760+0800][gc,metaspace ] GC(842) Metaspace: 43504K->43504K(1089536K)
[2022-04-22T22:35:05.761+0800][gc           ] GC(842) Pause Young (Normal) (G1 Evacuation Pause) 311M->267M(1024M) 24.708ms
[2022-04-22T22:35:05.761+0800][gc,cpu       ] GC(842) User=0.05s Sys=0.02s Real=0.03s
[2022-04-22T22:35:22.710+0800][gc,start     ] GC(843) Pause Young (Normal) (G1 Evacuation Pause)
[2022-04-22T22:35:22.711+0800][gc,task      ] GC(843) Using 8 workers of 8 for evacuation
[2022-04-22T22:35:22.732+0800][gc,mmu       ] GC(843) MMU target violated: 20.9ms (20.0ms/21.0ms)
[2022-04-22T22:35:22.732+0800][gc,phases    ] GC(843)   Pre Evacuate Collection Set: 0.2ms
[2022-04-22T22:35:22.732+0800][gc,phases    ] GC(843)   Evacuate Collection Set: 19.9ms
[2022-04-22T22:35:22.732+0800][gc,phases    ] GC(843)   Post Evacuate Collection Set: 0.6ms
[2022-04-22T22:35:22.732+0800][gc,phases    ] GC(843)   Other: 1.1ms
[2022-04-22T22:35:22.732+0800][gc,heap      ] GC(843) Eden regions: 45->0(47)
[2022-04-22T22:35:22.732+0800][gc,heap      ] GC(843) Survivor regions: 6->4(7)
[2022-04-22T22:35:22.732+0800][gc,heap      ] GC(843) Old regions: 133->135
[2022-04-22T22:35:22.732+0800][gc,heap      ] GC(843) Archive regions: 2->2
[2022-04-22T22:35:22.732+0800][gc,heap      ] GC(843) Humongous regions: 129->129
[2022-04-22T22:35:22.732+0800][gc,metaspace ] GC(843) Metaspace: 43504K->43504K(1089536K)
[2022-04-22T22:35:22.732+0800][gc           ] GC(843) Pause Young (Normal) (G1 Evacuation Pause) 312M->267M(1024M) 21.865ms
[2022-04-22T22:35:22.732+0800][gc,cpu       ] GC(843) User=0.04s Sys=0.02s Real=0.02s
[2022-04-22T22:35:40.259+0800][gc,start     ] GC(844) Pause Young (Normal) (G1 Evacuation Pause)
[2022-04-22T22:35:40.259+0800][gc,task      ] GC(844) Using 8 workers of 8 for evacuation
[2022-04-22T22:35:40.271+0800][gc,phases    ] GC(844)   Pre Evacuate Collection Set: 0.1ms
[2022-04-22T22:35:40.271+0800][gc,phases    ] GC(844)   Evacuate Collection Set: 10.4ms
[2022-04-22T22:35:40.271+0800][gc,phases    ] GC(844)   Post Evacuate Collection Set: 0.5ms
[2022-04-22T22:35:40.271+0800][gc,phases    ] GC(844)   Other: 1.0ms
[2022-04-22T22:35:40.271+0800][gc,heap      ] GC(844) Eden regions: 47->0(48)
[2022-04-22T22:35:40.271+0800][gc,heap      ] GC(844) Survivor regions: 4->4(7)
[2022-04-22T22:35:40.271+0800][gc,heap      ] GC(844) Old regions: 135->135
[2022-04-22T22:35:40.271+0800][gc,heap      ] GC(844) Archive regions: 2->2
[2022-04-22T22:35:40.271+0800][gc,heap      ] GC(844) Humongous regions: 129->129
[2022-04-22T22:35:40.271+0800][gc,metaspace ] GC(844) Metaspace: 43504K->43504K(1089536K)
[2022-04-22T22:35:40.271+0800][gc           ] GC(844) Pause Young (Normal) (G1 Evacuation Pause) 314M->267M(1024M) 12.360ms
[2022-04-22T22:35:40.271+0800][gc,cpu       ] GC(844) User=0.04s Sys=0.00s Real=0.02s
[2022-04-22T22:36:06.364+0800][gc,start     ] GC(845) Pause Young (Normal) (G1 Evacuation Pause)
[2022-04-22T22:36:06.366+0800][gc,task      ] GC(845) Using 8 workers of 8 for evacuation
[2022-04-22T22:36:06.390+0800][gc,mmu       ] GC(845) MMU target violated: 21.0ms (20.0ms/21.0ms)
[2022-04-22T22:36:06.390+0800][gc,phases    ] GC(845)   Pre Evacuate Collection Set: 0.2ms
[2022-04-22T22:36:06.390+0800][gc,phases    ] GC(845)   Evacuate Collection Set: 22.2ms
[2022-04-22T22:36:06.390+0800][gc,phases    ] GC(845)   Post Evacuate Collection Set: 1.2ms
[2022-04-22T22:36:06.390+0800][gc,phases    ] GC(845)   Other: 2.1ms
[2022-04-22T22:36:06.390+0800][gc,heap      ] GC(845) Eden regions: 48->0(47)
[2022-04-22T22:36:06.390+0800][gc,heap      ] GC(845) Survivor regions: 4->4(7)
[2022-04-22T22:36:06.390+0800][gc,heap      ] GC(845) Old regions: 135->135
[2022-04-22T22:36:06.390+0800][gc,heap      ] GC(845) Archive regions: 2->2
[2022-04-22T22:36:06.390+0800][gc,heap      ] GC(845) Humongous regions: 129->129
[2022-04-22T22:36:06.390+0800][gc,metaspace ] GC(845) Metaspace: 43504K->43504K(1089536K)
[2022-04-22T22:36:06.390+0800][gc           ] GC(845) Pause Young (Normal) (G1 Evacuation Pause) 315M->267M(1024M) 25.870ms
[2022-04-22T22:36:06.390+0800][gc,cpu       ] GC(845) User=0.04s Sys=0.03s Real=0.03s
[2022-04-22T22:36:27.927+0800][gc,start     ] GC(846) Pause Young (Normal) (G1 Evacuation Pause)
[2022-04-22T22:36:27.927+0800][gc,task      ] GC(846) Using 8 workers of 8 for evacuation
[2022-04-22T22:36:27.952+0800][gc,mmu       ] GC(846) MMU target violated: 21.0ms (20.0ms/21.0ms)
[2022-04-22T22:36:27.952+0800][gc,phases    ] GC(846)   Pre Evacuate Collection Set: 0.1ms
[2022-04-22T22:36:27.952+0800][gc,phases    ] GC(846)   Evacuate Collection Set: 23.4ms
[2022-04-22T22:36:27.952+0800][gc,phases    ] GC(846)   Post Evacuate Collection Set: 0.8ms
[2022-04-22T22:36:27.952+0800][gc,phases    ] GC(846)   Other: 0.9ms
[2022-04-22T22:36:27.952+0800][gc,heap      ] GC(846) Eden regions: 47->0(47)
[2022-04-22T22:36:27.952+0800][gc,heap      ] GC(846) Survivor regions: 4->6(7)
[2022-04-22T22:36:27.952+0800][gc,heap      ] GC(846) Old regions: 135->135
[2022-04-22T22:36:27.952+0800][gc,heap      ] GC(846) Archive regions: 2->2
[2022-04-22T22:36:27.952+0800][gc,heap      ] GC(846) Humongous regions: 129->129
[2022-04-22T22:36:27.953+0800][gc,metaspace ] GC(846) Metaspace: 43533K->43533K(1089536K)
[2022-04-22T22:36:27.953+0800][gc           ] GC(846) Pause Young (Normal) (G1 Evacuation Pause) 314M->269M(1024M) 25.531ms
[2022-04-22T22:36:27.953+0800][gc,cpu       ] GC(846) User=0.04s Sys=0.01s Real=0.03s
[2022-04-22T22:36:44.775+0800][gc,start     ] GC(847) Pause Young (Normal) (G1 Evacuation Pause)
[2022-04-22T22:36:44.775+0800][gc,task      ] GC(847) Using 8 workers of 8 for evacuation
[2022-04-22T22:36:44.814+0800][gc,mmu       ] GC(847) MMU target violated: 21.0ms (20.0ms/21.0ms)
[2022-04-22T22:36:44.814+0800][gc,phases    ] GC(847)   Pre Evacuate Collection Set: 0.1ms
[2022-04-22T22:36:44.814+0800][gc,phases    ] GC(847)   Evacuate Collection Set: 37.3ms
[2022-04-22T22:36:44.814+0800][gc,phases    ] GC(847)   Post Evacuate Collection Set: 0.4ms
[2022-04-22T22:36:44.814+0800][gc,phases    ] GC(847)   Other: 1.3ms
[2022-04-22T22:36:44.814+0800][gc,heap      ] GC(847) Eden regions: 45->0(47)
[2022-04-22T22:36:44.814+0800][gc,heap      ] GC(847) Survivor regions: 6->4(7)
[2022-04-22T22:36:44.814+0800][gc,heap      ] GC(847) Old regions: 135->136
[2022-04-22T22:36:44.814+0800][gc,heap      ] GC(847) Archive regions: 2->2
[2022-04-22T22:36:44.814+0800][gc,heap      ] GC(847) Humongous regions: 129->129
[2022-04-22T22:36:44.814+0800][gc,metaspace ] GC(847) Metaspace: 43533K->43533K(1089536K)
[2022-04-22T22:36:44.814+0800][gc           ] GC(847) Pause Young (Normal) (G1 Evacuation Pause) 314M->269M(1024M) 39.290ms
[2022-04-22T22:36:44.814+0800][gc,cpu       ] GC(847) User=0.05s Sys=0.02s Real=0.04s
[2022-04-22T22:37:02.378+0800][gc,start     ] GC(848) Pause Young (Normal) (G1 Evacuation Pause)
[2022-04-22T22:37:02.379+0800][gc,task      ] GC(848) Using 8 workers of 8 for evacuation
[2022-04-22T22:37:02.412+0800][gc,mmu       ] GC(848) MMU target violated: 21.0ms (20.0ms/21.0ms)
[2022-04-22T22:37:02.412+0800][gc,phases    ] GC(848)   Pre Evacuate Collection Set: 0.4ms
[2022-04-22T22:37:02.412+0800][gc,phases    ] GC(848)   Evacuate Collection Set: 23.1ms
[2022-04-22T22:37:02.412+0800][gc,phases    ] GC(848)   Post Evacuate Collection Set: 2.3ms
[2022-04-22T22:37:02.412+0800][gc,phases    ] GC(848)   Other: 8.7ms
[2022-04-22T22:37:02.412+0800][gc,heap      ] GC(848) Eden regions: 47->0(46)
[2022-04-22T22:37:02.412+0800][gc,heap      ] GC(848) Survivor regions: 4->5(7)
[2022-04-22T22:37:02.412+0800][gc,heap      ] GC(848) Old regions: 136->136
[2022-04-22T22:37:02.412+0800][gc,heap      ] GC(848) Archive regions: 2->2
[2022-04-22T22:37:02.412+0800][gc,heap      ] GC(848) Humongous regions: 129->129
[2022-04-22T22:37:02.412+0800][gc,metaspace ] GC(848) Metaspace: 43533K->43533K(1089536K)
[2022-04-22T22:37:02.412+0800][gc           ] GC(848) Pause Young (Normal) (G1 Evacuation Pause) 316M->269M(1024M) 34.521ms
[2022-04-22T22:37:02.412+0800][gc,cpu       ] GC(848) User=0.04s Sys=0.02s Real=0.04s
[2022-04-22T22:37:19.764+0800][gc,start     ] GC(849) Pause Young (Normal) (G1 Evacuation Pause)
[2022-04-22T22:37:19.765+0800][gc,task      ] GC(849) Using 8 workers of 8 for evacuation
[2022-04-22T22:37:19.782+0800][gc,phases    ] GC(849)   Pre Evacuate Collection Set: 0.2ms
[2022-04-22T22:37:19.782+0800][gc,phases    ] GC(849)   Evacuate Collection Set: 15.5ms
[2022-04-22T22:37:19.782+0800][gc,phases    ] GC(849)   Post Evacuate Collection Set: 0.5ms
[2022-04-22T22:37:19.782+0800][gc,phases    ] GC(849)   Other: 1.6ms
[2022-04-22T22:37:19.782+0800][gc,heap      ] GC(849) Eden regions: 46->0(47)
[2022-04-22T22:37:19.782+0800][gc,heap      ] GC(849) Survivor regions: 5->4(7)
[2022-04-22T22:37:19.782+0800][gc,heap      ] GC(849) Old regions: 136->137
[2022-04-22T22:37:19.782+0800][gc,heap      ] GC(849) Archive regions: 2->2
[2022-04-22T22:37:19.782+0800][gc,heap      ] GC(849) Humongous regions: 129->129
[2022-04-22T22:37:19.782+0800][gc,metaspace ] GC(849) Metaspace: 43533K->43533K(1089536K)
[2022-04-22T22:37:19.782+0800][gc           ] GC(849) Pause Young (Normal) (G1 Evacuation Pause) 315M->269M(1024M) 18.137ms
[2022-04-22T22:37:19.782+0800][gc,cpu       ] GC(849) User=0.03s Sys=0.00s Real=0.02s
[2022-04-22T22:37:37.651+0800][gc,start     ] GC(850) Pause Young (Normal) (G1 Evacuation Pause)
[2022-04-22T22:37:37.652+0800][gc,task      ] GC(850) Using 8 workers of 8 for evacuation
[2022-04-22T22:37:37.672+0800][gc,phases    ] GC(850)   Pre Evacuate Collection Set: 0.2ms
[2022-04-22T22:37:37.672+0800][gc,phases    ] GC(850)   Evacuate Collection Set: 17.7ms
[2022-04-22T22:37:37.672+0800][gc,phases    ] GC(850)   Post Evacuate Collection Set: 1.5ms
[2022-04-22T22:37:37.672+0800][gc,phases    ] GC(850)   Other: 1.2ms
[2022-04-22T22:37:37.672+0800][gc,heap      ] GC(850) Eden regions: 47->0(45)
[2022-04-22T22:37:37.672+0800][gc,heap      ] GC(850) Survivor regions: 4->6(7)
[2022-04-22T22:37:37.672+0800][gc,heap      ] GC(850) Old regions: 137->137
[2022-04-22T22:37:37.672+0800][gc,heap      ] GC(850) Archive regions: 2->2
[2022-04-22T22:37:37.672+0800][gc,heap      ] GC(850) Humongous regions: 129->129
[2022-04-22T22:37:37.672+0800][gc,metaspace ] GC(850) Metaspace: 43533K->43533K(1089536K)
[2022-04-22T22:37:37.672+0800][gc           ] GC(850) Pause Young (Normal) (G1 Evacuation Pause) 316M->271M(1024M) 20.692ms
[2022-04-22T22:37:37.672+0800][gc,cpu       ] GC(850) User=0.05s Sys=0.03s Real=0.02s
[2022-04-22T22:37:54.469+0800][gc,start     ] GC(851) Pause Young (Normal) (G1 Evacuation Pause)
[2022-04-22T22:37:54.469+0800][gc,task      ] GC(851) Using 8 workers of 8 for evacuation
[2022-04-22T22:37:54.508+0800][gc,mmu       ] GC(851) MMU target violated: 21.0ms (20.0ms/21.0ms)
[2022-04-22T22:37:54.508+0800][gc,phases    ] GC(851)   Pre Evacuate Collection Set: 0.2ms
[2022-04-22T22:37:54.508+0800][gc,phases    ] GC(851)   Evacuate Collection Set: 37.5ms
[2022-04-22T22:37:54.508+0800][gc,phases    ] GC(851)   Post Evacuate Collection Set: 0.5ms
[2022-04-22T22:37:54.508+0800][gc,phases    ] GC(851)   Other: 1.3ms
[2022-04-22T22:37:54.508+0800][gc,heap      ] GC(851) Eden regions: 45->0(47)
[2022-04-22T22:37:54.508+0800][gc,heap      ] GC(851) Survivor regions: 6->4(7)
[2022-04-22T22:37:54.508+0800][gc,heap      ] GC(851) Old regions: 137->139
[2022-04-22T22:37:54.508+0800][gc,heap      ] GC(851) Archive regions: 2->2
[2022-04-22T22:37:54.508+0800][gc,heap      ] GC(851) Humongous regions: 129->129
[2022-04-22T22:37:54.508+0800][gc,metaspace ] GC(851) Metaspace: 43533K->43533K(1089536K)
[2022-04-22T22:37:54.508+0800][gc           ] GC(851) Pause Young (Normal) (G1 Evacuation Pause) 316M->271M(1024M) 39.478ms
[2022-04-22T22:37:54.508+0800][gc,cpu       ] GC(851) User=0.03s Sys=0.03s Real=0.04s
[2022-04-22T22:38:15.776+0800][gc,start     ] GC(852) Pause Young (Normal) (G1 Evacuation Pause)
[2022-04-22T22:38:15.777+0800][gc,task      ] GC(852) Using 8 workers of 8 for evacuation
[2022-04-22T22:38:15.797+0800][gc,phases    ] GC(852)   Pre Evacuate Collection Set: 0.3ms
[2022-04-22T22:38:15.797+0800][gc,phases    ] GC(852)   Evacuate Collection Set: 16.9ms
[2022-04-22T22:38:15.797+0800][gc,phases    ] GC(852)   Post Evacuate Collection Set: 1.2ms
[2022-04-22T22:38:15.797+0800][gc,phases    ] GC(852)   Other: 2.0ms
[2022-04-22T22:38:15.797+0800][gc,heap      ] GC(852) Eden regions: 47->0(47)
[2022-04-22T22:38:15.797+0800][gc,heap      ] GC(852) Survivor regions: 4->4(7)
[2022-04-22T22:38:15.797+0800][gc,heap      ] GC(852) Old regions: 139->139
[2022-04-22T22:38:15.797+0800][gc,heap      ] GC(852) Archive regions: 2->2
[2022-04-22T22:38:15.797+0800][gc,heap      ] GC(852) Humongous regions: 129->129
[2022-04-22T22:38:15.797+0800][gc,metaspace ] GC(852) Metaspace: 43536K->43536K(1089536K)
[2022-04-22T22:38:15.797+0800][gc           ] GC(852) Pause Young (Normal) (G1 Evacuation Pause) 318M->271M(1024M) 20.639ms
[2022-04-22T22:38:15.797+0800][gc,cpu       ] GC(852) User=0.04s Sys=0.02s Real=0.02s
[2022-04-22T22:38:33.457+0800][gc,start     ] GC(853) Pause Young (Normal) (G1 Evacuation Pause)
[2022-04-22T22:38:33.460+0800][gc,task      ] GC(853) Using 8 workers of 8 for evacuation
[2022-04-22T22:38:33.473+0800][gc,phases    ] GC(853)   Pre Evacuate Collection Set: 0.1ms
[2022-04-22T22:38:33.473+0800][gc,phases    ] GC(853)   Evacuate Collection Set: 12.0ms
[2022-04-22T22:38:33.473+0800][gc,phases    ] GC(853)   Post Evacuate Collection Set: 0.6ms
[2022-04-22T22:38:33.473+0800][gc,phases    ] GC(853)   Other: 3.0ms
[2022-04-22T22:38:33.473+0800][gc,heap      ] GC(853) Eden regions: 47->0(47)
[2022-04-22T22:38:33.473+0800][gc,heap      ] GC(853) Survivor regions: 4->4(7)
[2022-04-22T22:38:33.473+0800][gc,heap      ] GC(853) Old regions: 139->139
[2022-04-22T22:38:33.473+0800][gc,heap      ] GC(853) Archive regions: 2->2
[2022-04-22T22:38:33.473+0800][gc,heap      ] GC(853) Humongous regions: 129->129
[2022-04-22T22:38:33.473+0800][gc,metaspace ] GC(853) Metaspace: 43536K->43536K(1089536K)
[2022-04-22T22:38:33.473+0800][gc           ] GC(853) Pause Young (Normal) (G1 Evacuation Pause) 318M->271M(1024M) 15.820ms
[2022-04-22T22:38:33.473+0800][gc,cpu       ] GC(853) User=0.05s Sys=0.00s Real=0.02s
[2022-04-22T22:56:22.905+0800][gc,start     ] GC(854) Pause Young (Normal) (G1 Evacuation Pause)
[2022-04-22T22:56:22.907+0800][gc,task      ] GC(854) Using 8 workers of 8 for evacuation
[2022-04-22T22:56:23.002+0800][gc,mmu       ] GC(854) MMU target violated: 21.0ms (20.0ms/21.0ms)
[2022-04-22T22:56:23.003+0800][gc,phases    ] GC(854)   Pre Evacuate Collection Set: 2.2ms
[2022-04-22T22:56:23.003+0800][gc,phases    ] GC(854)   Evacuate Collection Set: 77.0ms
[2022-04-22T22:56:23.003+0800][gc,phases    ] GC(854)   Post Evacuate Collection Set: 7.0ms
[2022-04-22T22:56:23.003+0800][gc,phases    ] GC(854)   Other: 11.6ms
[2022-04-22T22:56:23.003+0800][gc,heap      ] GC(854) Eden regions: 47->0(45)
[2022-04-22T22:56:23.003+0800][gc,heap      ] GC(854) Survivor regions: 4->6(7)
[2022-04-22T22:56:23.003+0800][gc,heap      ] GC(854) Old regions: 139->139
[2022-04-22T22:56:23.003+0800][gc,heap      ] GC(854) Archive regions: 2->2
[2022-04-22T22:56:23.003+0800][gc,heap      ] GC(854) Humongous regions: 129->129
[2022-04-22T22:56:23.003+0800][gc,metaspace ] GC(854) Metaspace: 43598K->43598K(1089536K)
[2022-04-22T22:56:23.003+0800][gc           ] GC(854) Pause Young (Normal) (G1 Evacuation Pause) 318M->273M(1024M) 97.879ms
[2022-04-22T22:56:23.003+0800][gc,cpu       ] GC(854) User=0.03s Sys=0.06s Real=0.10s
[2022-04-22T22:56:37.609+0800][gc,start     ] GC(855) Pause Young (Normal) (G1 Evacuation Pause)
[2022-04-22T22:56:37.609+0800][gc,task      ] GC(855) Using 8 workers of 8 for evacuation
[2022-04-22T22:56:37.644+0800][gc,mmu       ] GC(855) MMU target violated: 21.0ms (20.0ms/21.0ms)
[2022-04-22T22:56:37.644+0800][gc,phases    ] GC(855)   Pre Evacuate Collection Set: 0.2ms
[2022-04-22T22:56:37.644+0800][gc,phases    ] GC(855)   Evacuate Collection Set: 33.8ms
[2022-04-22T22:56:37.644+0800][gc,phases    ] GC(855)   Post Evacuate Collection Set: 0.7ms
[2022-04-22T22:56:37.644+0800][gc,phases    ] GC(855)   Other: 0.9ms
[2022-04-22T22:56:37.644+0800][gc,heap      ] GC(855) Eden regions: 45->0(44)
[2022-04-22T22:56:37.644+0800][gc,heap      ] GC(855) Survivor regions: 6->7(7)
[2022-04-22T22:56:37.644+0800][gc,heap      ] GC(855) Old regions: 139->141
[2022-04-22T22:56:37.644+0800][gc,heap      ] GC(855) Archive regions: 2->2
[2022-04-22T22:56:37.644+0800][gc,heap      ] GC(855) Humongous regions: 129->129
[2022-04-22T22:56:37.644+0800][gc,metaspace ] GC(855) Metaspace: 43598K->43598K(1089536K)
[2022-04-22T22:56:37.644+0800][gc           ] GC(855) Pause Young (Normal) (G1 Evacuation Pause) 318M->276M(1024M) 35.629ms
[2022-04-22T22:56:37.644+0800][gc,cpu       ] GC(855) User=0.04s Sys=0.02s Real=0.04s
[2022-04-22T22:56:52.723+0800][gc,start     ] GC(856) Pause Young (Normal) (G1 Evacuation Pause)
[2022-04-22T22:56:52.725+0800][gc,task      ] GC(856) Using 8 workers of 8 for evacuation
[2022-04-22T22:56:52.799+0800][gc,mmu       ] GC(856) MMU target violated: 21.0ms (20.0ms/21.0ms)
[2022-04-22T22:56:52.799+0800][gc,phases    ] GC(856)   Pre Evacuate Collection Set: 0.3ms
[2022-04-22T22:56:52.800+0800][gc,phases    ] GC(856)   Evacuate Collection Set: 72.4ms
[2022-04-22T22:56:52.800+0800][gc,phases    ] GC(856)   Post Evacuate Collection Set: 0.8ms
[2022-04-22T22:56:52.800+0800][gc,phases    ] GC(856)   Other: 3.1ms
[2022-04-22T22:56:52.800+0800][gc,heap      ] GC(856) Eden regions: 44->0(49)
[2022-04-22T22:56:52.800+0800][gc,heap      ] GC(856) Survivor regions: 7->2(7)
[2022-04-22T22:56:52.800+0800][gc,heap      ] GC(856) Old regions: 141->146
[2022-04-22T22:56:52.800+0800][gc,heap      ] GC(856) Archive regions: 2->2
[2022-04-22T22:56:52.800+0800][gc,heap      ] GC(856) Humongous regions: 129->129
[2022-04-22T22:56:52.800+0800][gc,metaspace ] GC(856) Metaspace: 43598K->43598K(1089536K)
[2022-04-22T22:56:52.800+0800][gc           ] GC(856) Pause Young (Normal) (G1 Evacuation Pause) 320M->277M(1024M) 76.663ms
[2022-04-22T22:56:52.800+0800][gc,cpu       ] GC(856) User=0.05s Sys=0.09s Real=0.08s
[2022-04-22T22:57:09.503+0800][gc,start     ] GC(857) Pause Young (Normal) (G1 Evacuation Pause)
[2022-04-22T22:57:09.504+0800][gc,task      ] GC(857) Using 8 workers of 8 for evacuation
[2022-04-22T22:57:09.517+0800][gc,phases    ] GC(857)   Pre Evacuate Collection Set: 0.3ms
[2022-04-22T22:57:09.517+0800][gc,phases    ] GC(857)   Evacuate Collection Set: 12.0ms
[2022-04-22T22:57:09.517+0800][gc,phases    ] GC(857)   Post Evacuate Collection Set: 0.8ms
[2022-04-22T22:57:09.517+0800][gc,phases    ] GC(857)   Other: 1.1ms
[2022-04-22T22:57:09.517+0800][gc,heap      ] GC(857) Eden regions: 49->0(48)
[2022-04-22T22:57:09.517+0800][gc,heap      ] GC(857) Survivor regions: 2->3(7)
[2022-04-22T22:57:09.517+0800][gc,heap      ] GC(857) Old regions: 146->146
[2022-04-22T22:57:09.517+0800][gc,heap      ] GC(857) Archive regions: 2->2
[2022-04-22T22:57:09.517+0800][gc,heap      ] GC(857) Humongous regions: 129->129
[2022-04-22T22:57:09.517+0800][gc,metaspace ] GC(857) Metaspace: 43598K->43598K(1089536K)
[2022-04-22T22:57:09.517+0800][gc           ] GC(857) Pause Young (Normal) (G1 Evacuation Pause) 326M->277M(1024M) 14.373ms
[2022-04-22T22:57:09.518+0800][gc,cpu       ] GC(857) User=0.03s Sys=0.01s Real=0.01s
[2022-04-22T22:57:30.126+0800][gc,start     ] GC(858) Pause Young (Normal) (G1 Evacuation Pause)
[2022-04-22T22:57:30.126+0800][gc,task      ] GC(858) Using 8 workers of 8 for evacuation
[2022-04-22T22:57:30.154+0800][gc,mmu       ] GC(858) MMU target violated: 21.0ms (20.0ms/21.0ms)
[2022-04-22T22:57:30.154+0800][gc,phases    ] GC(858)   Pre Evacuate Collection Set: 0.2ms
[2022-04-22T22:57:30.154+0800][gc,phases    ] GC(858)   Evacuate Collection Set: 26.5ms
[2022-04-22T22:57:30.154+0800][gc,phases    ] GC(858)   Post Evacuate Collection Set: 0.6ms
[2022-04-22T22:57:30.154+0800][gc,phases    ] GC(858)   Other: 1.4ms
[2022-04-22T22:57:30.154+0800][gc,heap      ] GC(858) Eden regions: 48->0(46)
[2022-04-22T22:57:30.154+0800][gc,heap      ] GC(858) Survivor regions: 3->5(7)
[2022-04-22T22:57:30.154+0800][gc,heap      ] GC(858) Old regions: 146->146
[2022-04-22T22:57:30.154+0800][gc,heap      ] GC(858) Archive regions: 2->2
[2022-04-22T22:57:30.154+0800][gc,heap      ] GC(858) Humongous regions: 129->129
[2022-04-22T22:57:30.154+0800][gc,metaspace ] GC(858) Metaspace: 43598K->43598K(1089536K)
[2022-04-22T22:57:30.154+0800][gc           ] GC(858) Pause Young (Normal) (G1 Evacuation Pause) 325M->279M(1024M) 28.684ms
[2022-04-22T22:57:30.154+0800][gc,cpu       ] GC(858) User=0.04s Sys=0.02s Real=0.03s
[2022-04-22T22:57:45.931+0800][gc,start     ] GC(859) Pause Young (Normal) (G1 Evacuation Pause)
[2022-04-22T22:57:45.932+0800][gc,task      ] GC(859) Using 8 workers of 8 for evacuation
[2022-04-22T22:57:45.954+0800][gc,mmu       ] GC(859) MMU target violated: 21.0ms (20.0ms/21.0ms)
[2022-04-22T22:57:45.954+0800][gc,phases    ] GC(859)   Pre Evacuate Collection Set: 0.3ms
[2022-04-22T22:57:45.954+0800][gc,phases    ] GC(859)   Evacuate Collection Set: 19.4ms
[2022-04-22T22:57:45.954+0800][gc,phases    ] GC(859)   Post Evacuate Collection Set: 0.8ms
[2022-04-22T22:57:45.954+0800][gc,phases    ] GC(859)   Other: 2.7ms
[2022-04-22T22:57:45.954+0800][gc,heap      ] GC(859) Eden regions: 46->0(47)
[2022-04-22T22:57:45.954+0800][gc,heap      ] GC(859) Survivor regions: 5->4(7)
[2022-04-22T22:57:45.954+0800][gc,heap      ] GC(859) Old regions: 146->147
[2022-04-22T22:57:45.954+0800][gc,heap      ] GC(859) Archive regions: 2->2
[2022-04-22T22:57:45.954+0800][gc,heap      ] GC(859) Humongous regions: 129->129
[2022-04-22T22:57:45.954+0800][gc,metaspace ] GC(859) Metaspace: 43599K->43599K(1089536K)
[2022-04-22T22:57:45.954+0800][gc           ] GC(859) Pause Young (Normal) (G1 Evacuation Pause) 325M->280M(1024M) 22.691ms
[2022-04-22T22:57:45.954+0800][gc,cpu       ] GC(859) User=0.04s Sys=0.03s Real=0.02s
[2022-04-22T22:58:06.207+0800][gc,start     ] GC(860) Pause Young (Normal) (G1 Evacuation Pause)
[2022-04-22T22:58:06.209+0800][gc,task      ] GC(860) Using 8 workers of 8 for evacuation
[2022-04-22T22:58:06.231+0800][gc,mmu       ] GC(860) MMU target violated: 21.0ms (20.0ms/21.0ms)
[2022-04-22T22:58:06.231+0800][gc,phases    ] GC(860)   Pre Evacuate Collection Set: 0.2ms
[2022-04-22T22:58:06.231+0800][gc,phases    ] GC(860)   Evacuate Collection Set: 20.1ms
[2022-04-22T22:58:06.231+0800][gc,phases    ] GC(860)   Post Evacuate Collection Set: 1.3ms
[2022-04-22T22:58:06.231+0800][gc,phases    ] GC(860)   Other: 2.6ms
[2022-04-22T22:58:06.231+0800][gc,heap      ] GC(860) Eden regions: 47->0(47)
[2022-04-22T22:58:06.232+0800][gc,heap      ] GC(860) Survivor regions: 4->4(7)
[2022-04-22T22:58:06.232+0800][gc,heap      ] GC(860) Old regions: 147->147
[2022-04-22T22:58:06.232+0800][gc,heap      ] GC(860) Archive regions: 2->2
[2022-04-22T22:58:06.232+0800][gc,heap      ] GC(860) Humongous regions: 129->129
[2022-04-22T22:58:06.232+0800][gc,metaspace ] GC(860) Metaspace: 43599K->43599K(1089536K)
[2022-04-22T22:58:06.232+0800][gc           ] GC(860) Pause Young (Normal) (G1 Evacuation Pause) 327M->280M(1024M) 24.204ms
[2022-04-22T22:58:06.232+0800][gc,cpu       ] GC(860) User=0.03s Sys=0.03s Real=0.03s
[2022-04-22T22:58:22.665+0800][gc,start     ] GC(861) Pause Young (Normal) (G1 Evacuation Pause)
[2022-04-22T22:58:22.666+0800][gc,task      ] GC(861) Using 8 workers of 8 for evacuation
[2022-04-22T22:58:22.682+0800][gc,phases    ] GC(861)   Pre Evacuate Collection Set: 0.1ms
[2022-04-22T22:58:22.682+0800][gc,phases    ] GC(861)   Evacuate Collection Set: 15.2ms
[2022-04-22T22:58:22.682+0800][gc,phases    ] GC(861)   Post Evacuate Collection Set: 0.3ms
[2022-04-22T22:58:22.682+0800][gc,phases    ] GC(861)   Other: 1.4ms
[2022-04-22T22:58:22.682+0800][gc,heap      ] GC(861) Eden regions: 47->0(45)
[2022-04-22T22:58:22.682+0800][gc,heap      ] GC(861) Survivor regions: 4->6(7)
[2022-04-22T22:58:22.682+0800][gc,heap      ] GC(861) Old regions: 147->147
[2022-04-22T22:58:22.682+0800][gc,heap      ] GC(861) Archive regions: 2->2
[2022-04-22T22:58:22.682+0800][gc,heap      ] GC(861) Humongous regions: 129->129
[2022-04-22T22:58:22.682+0800][gc,metaspace ] GC(861) Metaspace: 43599K->43599K(1089536K)
[2022-04-22T22:58:22.682+0800][gc           ] GC(861) Pause Young (Normal) (G1 Evacuation Pause) 327M->281M(1024M) 17.093ms
[2022-04-22T22:58:22.682+0800][gc,cpu       ] GC(861) User=0.05s Sys=0.01s Real=0.02s
[2022-04-22T22:58:38.247+0800][gc,start     ] GC(862) Pause Young (Normal) (G1 Evacuation Pause)
[2022-04-22T22:58:38.248+0800][gc,task      ] GC(862) Using 8 workers of 8 for evacuation
[2022-04-22T22:58:38.292+0800][gc,mmu       ] GC(862) MMU target violated: 21.0ms (20.0ms/21.0ms)
[2022-04-22T22:58:38.292+0800][gc,phases    ] GC(862)   Pre Evacuate Collection Set: 0.4ms
[2022-04-22T22:58:38.292+0800][gc,phases    ] GC(862)   Evacuate Collection Set: 41.4ms
[2022-04-22T22:58:38.292+0800][gc,phases    ] GC(862)   Post Evacuate Collection Set: 0.7ms
[2022-04-22T22:58:38.292+0800][gc,phases    ] GC(862)   Other: 2.6ms
[2022-04-22T22:58:38.292+0800][gc,heap      ] GC(862) Eden regions: 45->0(47)
[2022-04-22T22:58:38.292+0800][gc,heap      ] GC(862) Survivor regions: 6->4(7)
[2022-04-22T22:58:38.292+0800][gc,heap      ] GC(862) Old regions: 147->149
[2022-04-22T22:58:38.292+0800][gc,heap      ] GC(862) Archive regions: 2->2
[2022-04-22T22:58:38.292+0800][gc,heap      ] GC(862) Humongous regions: 129->129
[2022-04-22T22:58:38.292+0800][gc,metaspace ] GC(862) Metaspace: 43599K->43599K(1089536K)
[2022-04-22T22:58:38.292+0800][gc           ] GC(862) Pause Young (Normal) (G1 Evacuation Pause) 326M->282M(1024M) 45.067ms
[2022-04-22T22:58:38.292+0800][gc,cpu       ] GC(862) User=0.03s Sys=0.04s Real=0.05s
[2022-04-22T22:58:54.434+0800][gc,start     ] GC(863) Pause Young (Normal) (G1 Evacuation Pause)
[2022-04-22T22:58:54.435+0800][gc,task      ] GC(863) Using 8 workers of 8 for evacuation
[2022-04-22T22:58:54.455+0800][gc,phases    ] GC(863)   Pre Evacuate Collection Set: 0.2ms
[2022-04-22T22:58:54.455+0800][gc,phases    ] GC(863)   Evacuate Collection Set: 17.8ms
[2022-04-22T22:58:54.455+0800][gc,phases    ] GC(863)   Post Evacuate Collection Set: 0.9ms
[2022-04-22T22:58:54.455+0800][gc,phases    ] GC(863)   Other: 2.0ms
[2022-04-22T22:58:54.455+0800][gc,heap      ] GC(863) Eden regions: 47->0(47)
[2022-04-22T22:58:54.455+0800][gc,heap      ] GC(863) Survivor regions: 4->4(7)
[2022-04-22T22:58:54.455+0800][gc,heap      ] GC(863) Old regions: 149->149
[2022-04-22T22:58:54.455+0800][gc,heap      ] GC(863) Archive regions: 2->2
[2022-04-22T22:58:54.455+0800][gc,heap      ] GC(863) Humongous regions: 129->129
[2022-04-22T22:58:54.455+0800][gc,metaspace ] GC(863) Metaspace: 43599K->43599K(1089536K)
[2022-04-22T22:58:54.455+0800][gc           ] GC(863) Pause Young (Normal) (G1 Evacuation Pause) 329M->282M(1024M) 20.995ms
[2022-04-22T22:58:54.455+0800][gc,cpu       ] GC(863) User=0.03s Sys=0.02s Real=0.02s
[2022-04-22T22:59:10.804+0800][gc,start     ] GC(864) Pause Young (Normal) (G1 Evacuation Pause)
[2022-04-22T22:59:10.806+0800][gc,task      ] GC(864) Using 8 workers of 8 for evacuation
[2022-04-22T22:59:10.832+0800][gc,mmu       ] GC(864) MMU target violated: 21.0ms (20.0ms/21.0ms)
[2022-04-22T22:59:10.833+0800][gc,phases    ] GC(864)   Pre Evacuate Collection Set: 0.3ms
[2022-04-22T22:59:10.833+0800][gc,phases    ] GC(864)   Evacuate Collection Set: 24.9ms
[2022-04-22T22:59:10.833+0800][gc,phases    ] GC(864)   Post Evacuate Collection Set: 0.7ms
[2022-04-22T22:59:10.833+0800][gc,phases    ] GC(864)   Other: 2.3ms
[2022-04-22T22:59:10.833+0800][gc,heap      ] GC(864) Eden regions: 47->0(47)
[2022-04-22T22:59:10.833+0800][gc,heap      ] GC(864) Survivor regions: 4->4(7)
[2022-04-22T22:59:10.833+0800][gc,heap      ] GC(864) Old regions: 149->150
[2022-04-22T22:59:10.833+0800][gc,heap      ] GC(864) Archive regions: 2->2
[2022-04-22T22:59:10.833+0800][gc,heap      ] GC(864) Humongous regions: 129->129
[2022-04-22T22:59:10.833+0800][gc,metaspace ] GC(864) Metaspace: 43599K->43599K(1089536K)
[2022-04-22T22:59:10.833+0800][gc           ] GC(864) Pause Young (Normal) (G1 Evacuation Pause) 329M->282M(1024M) 28.375ms
[2022-04-22T22:59:10.833+0800][gc,cpu       ] GC(864) User=0.04s Sys=0.02s Real=0.03s
[2022-04-22T22:59:27.142+0800][gc,start     ] GC(865) Pause Young (Normal) (G1 Evacuation Pause)
[2022-04-22T22:59:27.143+0800][gc,task      ] GC(865) Using 8 workers of 8 for evacuation
[2022-04-22T22:59:27.158+0800][gc,phases    ] GC(865)   Pre Evacuate Collection Set: 0.3ms
[2022-04-22T22:59:27.158+0800][gc,phases    ] GC(865)   Evacuate Collection Set: 14.0ms
[2022-04-22T22:59:27.158+0800][gc,phases    ] GC(865)   Post Evacuate Collection Set: 0.4ms
[2022-04-22T22:59:27.158+0800][gc,phases    ] GC(865)   Other: 1.5ms
[2022-04-22T22:59:27.158+0800][gc,heap      ] GC(865) Eden regions: 47->0(47)
[2022-04-22T22:59:27.158+0800][gc,heap      ] GC(865) Survivor regions: 4->4(7)
[2022-04-22T22:59:27.158+0800][gc,heap      ] GC(865) Old regions: 150->150
[2022-04-22T22:59:27.158+0800][gc,heap      ] GC(865) Archive regions: 2->2
[2022-04-22T22:59:27.158+0800][gc,heap      ] GC(865) Humongous regions: 129->129
[2022-04-22T22:59:27.158+0800][gc,metaspace ] GC(865) Metaspace: 43599K->43599K(1089536K)
[2022-04-22T22:59:27.158+0800][gc           ] GC(865) Pause Young (Normal) (G1 Evacuation Pause) 329M->282M(1024M) 16.277ms
[2022-04-22T22:59:27.158+0800][gc,cpu       ] GC(865) User=0.04s Sys=0.00s Real=0.01s
[2022-04-22T22:59:43.436+0800][gc,start     ] GC(866) Pause Young (Normal) (G1 Evacuation Pause)
[2022-04-22T22:59:43.436+0800][gc,task      ] GC(866) Using 8 workers of 8 for evacuation
[2022-04-22T22:59:43.478+0800][gc,mmu       ] GC(866) MMU target violated: 21.0ms (20.0ms/21.0ms)
[2022-04-22T22:59:43.478+0800][gc,phases    ] GC(866)   Pre Evacuate Collection Set: 0.3ms
[2022-04-22T22:59:43.478+0800][gc,phases    ] GC(866)   Evacuate Collection Set: 39.1ms
[2022-04-22T22:59:43.478+0800][gc,phases    ] GC(866)   Post Evacuate Collection Set: 0.8ms
[2022-04-22T22:59:43.478+0800][gc,phases    ] GC(866)   Other: 1.7ms
[2022-04-22T22:59:43.478+0800][gc,heap      ] GC(866) Eden regions: 47->0(47)
[2022-04-22T22:59:43.478+0800][gc,heap      ] GC(866) Survivor regions: 4->4(7)
[2022-04-22T22:59:43.478+0800][gc,heap      ] GC(866) Old regions: 150->150
[2022-04-22T22:59:43.478+0800][gc,heap      ] GC(866) Archive regions: 2->2
[2022-04-22T22:59:43.478+0800][gc,heap      ] GC(866) Humongous regions: 129->129
[2022-04-22T22:59:43.478+0800][gc,metaspace ] GC(866) Metaspace: 43599K->43599K(1089536K)
[2022-04-22T22:59:43.478+0800][gc           ] GC(866) Pause Young (Normal) (G1 Evacuation Pause) 329M->282M(1024M) 42.115ms
[2022-04-22T22:59:43.478+0800][gc,cpu       ] GC(866) User=0.04s Sys=0.01s Real=0.04s
[2022-04-22T22:59:59.512+0800][gc,start     ] GC(867) Pause Young (Normal) (G1 Evacuation Pause)
[2022-04-22T22:59:59.513+0800][gc,task      ] GC(867) Using 8 workers of 8 for evacuation
[2022-04-22T22:59:59.527+0800][gc,phases    ] GC(867)   Pre Evacuate Collection Set: 0.3ms
[2022-04-22T22:59:59.527+0800][gc,phases    ] GC(867)   Evacuate Collection Set: 10.9ms
[2022-04-22T22:59:59.527+0800][gc,phases    ] GC(867)   Post Evacuate Collection Set: 1.7ms
[2022-04-22T22:59:59.527+0800][gc,phases    ] GC(867)   Other: 1.9ms
[2022-04-22T22:59:59.527+0800][gc,heap      ] GC(867) Eden regions: 47->0(47)
[2022-04-22T22:59:59.527+0800][gc,heap      ] GC(867) Survivor regions: 4->4(7)
[2022-04-22T22:59:59.527+0800][gc,heap      ] GC(867) Old regions: 150->150
[2022-04-22T22:59:59.527+0800][gc,heap      ] GC(867) Archive regions: 2->2
[2022-04-22T22:59:59.527+0800][gc,heap      ] GC(867) Humongous regions: 129->129
[2022-04-22T22:59:59.527+0800][gc,metaspace ] GC(867) Metaspace: 43599K->43599K(1089536K)
[2022-04-22T22:59:59.527+0800][gc           ] GC(867) Pause Young (Normal) (G1 Evacuation Pause) 329M->283M(1024M) 14.994ms
[2022-04-22T22:59:59.527+0800][gc,cpu       ] GC(867) User=0.03s Sys=0.01s Real=0.01s
[2022-04-22T23:00:15.684+0800][gc,start     ] GC(868) Pause Young (Normal) (G1 Evacuation Pause)
[2022-04-22T23:00:15.685+0800][gc,task      ] GC(868) Using 8 workers of 8 for evacuation
[2022-04-22T23:00:15.701+0800][gc,phases    ] GC(868)   Pre Evacuate Collection Set: 0.2ms
[2022-04-22T23:00:15.701+0800][gc,phases    ] GC(868)   Evacuate Collection Set: 15.3ms
[2022-04-22T23:00:15.701+0800][gc,phases    ] GC(868)   Post Evacuate Collection Set: 0.5ms
[2022-04-22T23:00:15.701+0800][gc,phases    ] GC(868)   Other: 1.6ms
[2022-04-22T23:00:15.701+0800][gc,heap      ] GC(868) Eden regions: 47->0(45)
[2022-04-22T23:00:15.701+0800][gc,heap      ] GC(868) Survivor regions: 4->6(7)
[2022-04-22T23:00:15.701+0800][gc,heap      ] GC(868) Old regions: 150->150
[2022-04-22T23:00:15.701+0800][gc,heap      ] GC(868) Archive regions: 2->2
[2022-04-22T23:00:15.701+0800][gc,heap      ] GC(868) Humongous regions: 129->129
[2022-04-22T23:00:15.701+0800][gc,metaspace ] GC(868) Metaspace: 43599K->43599K(1089536K)
[2022-04-22T23:00:15.701+0800][gc           ] GC(868) Pause Young (Normal) (G1 Evacuation Pause) 330M->285M(1024M) 17.712ms
[2022-04-22T23:00:15.719+0800][gc,cpu       ] GC(868) User=0.05s Sys=0.01s Real=0.03s
[2022-04-22T23:00:31.200+0800][gc,start     ] GC(869) Pause Young (Normal) (G1 Evacuation Pause)
[2022-04-22T23:00:31.201+0800][gc,task      ] GC(869) Using 8 workers of 8 for evacuation
[2022-04-22T23:00:31.264+0800][gc,mmu       ] GC(869) MMU target violated: 21.0ms (20.0ms/21.0ms)
[2022-04-22T23:00:31.264+0800][gc,phases    ] GC(869)   Pre Evacuate Collection Set: 0.2ms
[2022-04-22T23:00:31.264+0800][gc,phases    ] GC(869)   Evacuate Collection Set: 62.5ms
[2022-04-22T23:00:31.264+0800][gc,phases    ] GC(869)   Post Evacuate Collection Set: 0.4ms
[2022-04-22T23:00:31.264+0800][gc,phases    ] GC(869)   Other: 0.9ms
[2022-04-22T23:00:31.264+0800][gc,heap      ] GC(869) Eden regions: 45->0(47)
[2022-04-22T23:00:31.264+0800][gc,heap      ] GC(869) Survivor regions: 6->4(7)
[2022-04-22T23:00:31.265+0800][gc,heap      ] GC(869) Old regions: 150->152
[2022-04-22T23:00:31.265+0800][gc,heap      ] GC(869) Archive regions: 2->2
[2022-04-22T23:00:31.265+0800][gc,heap      ] GC(869) Humongous regions: 129->129
[2022-04-22T23:00:31.265+0800][gc,metaspace ] GC(869) Metaspace: 43599K->43599K(1089536K)
[2022-04-22T23:00:31.265+0800][gc           ] GC(869) Pause Young (Normal) (G1 Evacuation Pause) 330M->285M(1024M) 64.088ms
[2022-04-22T23:00:31.265+0800][gc,cpu       ] GC(869) User=0.04s Sys=0.02s Real=0.06s
[2022-04-22T23:00:47.473+0800][gc,start     ] GC(870) Pause Young (Normal) (G1 Evacuation Pause)
[2022-04-22T23:00:47.475+0800][gc,task      ] GC(870) Using 8 workers of 8 for evacuation
[2022-04-22T23:00:47.493+0800][gc,phases    ] GC(870)   Pre Evacuate Collection Set: 0.3ms
[2022-04-22T23:00:47.493+0800][gc,phases    ] GC(870)   Evacuate Collection Set: 15.5ms
[2022-04-22T23:00:47.493+0800][gc,phases    ] GC(870)   Post Evacuate Collection Set: 0.9ms
[2022-04-22T23:00:47.493+0800][gc,phases    ] GC(870)   Other: 3.4ms
[2022-04-22T23:00:47.493+0800][gc,heap      ] GC(870) Eden regions: 47->0(47)
[2022-04-22T23:00:47.493+0800][gc,heap      ] GC(870) Survivor regions: 4->4(7)
[2022-04-22T23:00:47.493+0800][gc,heap      ] GC(870) Old regions: 152->152
[2022-04-22T23:00:47.493+0800][gc,heap      ] GC(870) Archive regions: 2->2
[2022-04-22T23:00:47.493+0800][gc,heap      ] GC(870) Humongous regions: 129->129
[2022-04-22T23:00:47.493+0800][gc,metaspace ] GC(870) Metaspace: 43599K->43599K(1089536K)
[2022-04-22T23:00:47.494+0800][gc           ] GC(870) Pause Young (Normal) (G1 Evacuation Pause) 332M->285M(1024M) 20.157ms
[2022-04-22T23:00:47.494+0800][gc,cpu       ] GC(870) User=0.03s Sys=0.02s Real=0.02s
[2022-04-22T23:01:03.647+0800][gc,start     ] GC(871) Pause Young (Normal) (G1 Evacuation Pause)
[2022-04-22T23:01:03.647+0800][gc,task      ] GC(871) Using 8 workers of 8 for evacuation
[2022-04-22T23:01:03.667+0800][gc,phases    ] GC(871)   Pre Evacuate Collection Set: 0.2ms
[2022-04-22T23:01:03.667+0800][gc,phases    ] GC(871)   Evacuate Collection Set: 17.3ms
[2022-04-22T23:01:03.667+0800][gc,phases    ] GC(871)   Post Evacuate Collection Set: 1.4ms
[2022-04-22T23:01:03.667+0800][gc,phases    ] GC(871)   Other: 1.7ms
[2022-04-22T23:01:03.667+0800][gc,heap      ] GC(871) Eden regions: 47->0(47)
[2022-04-22T23:01:03.667+0800][gc,heap      ] GC(871) Survivor regions: 4->4(7)
[2022-04-22T23:01:03.667+0800][gc,heap      ] GC(871) Old regions: 152->152
[2022-04-22T23:01:03.667+0800][gc,heap      ] GC(871) Archive regions: 2->2
[2022-04-22T23:01:03.667+0800][gc,heap      ] GC(871) Humongous regions: 129->129
[2022-04-22T23:01:03.667+0800][gc,metaspace ] GC(871) Metaspace: 43599K->43599K(1089536K)
[2022-04-22T23:01:03.667+0800][gc           ] GC(871) Pause Young (Normal) (G1 Evacuation Pause) 332M->285M(1024M) 20.639ms
[2022-04-22T23:01:03.667+0800][gc,cpu       ] GC(871) User=0.04s Sys=0.02s Real=0.02s
[2022-04-22T23:01:19.923+0800][gc,start     ] GC(872) Pause Young (Normal) (G1 Evacuation Pause)
[2022-04-22T23:01:19.924+0800][gc,task      ] GC(872) Using 8 workers of 8 for evacuation
[2022-04-22T23:01:19.941+0800][gc,phases    ] GC(872)   Pre Evacuate Collection Set: 0.3ms
[2022-04-22T23:01:19.941+0800][gc,phases    ] GC(872)   Evacuate Collection Set: 15.4ms
[2022-04-22T23:01:19.941+0800][gc,phases    ] GC(872)   Post Evacuate Collection Set: 0.6ms
[2022-04-22T23:01:19.941+0800][gc,phases    ] GC(872)   Other: 1.3ms
[2022-04-22T23:01:19.941+0800][gc,heap      ] GC(872) Eden regions: 47->0(47)
[2022-04-22T23:01:19.941+0800][gc,heap      ] GC(872) Survivor regions: 4->4(7)
[2022-04-22T23:01:19.941+0800][gc,heap      ] GC(872) Old regions: 152->153
[2022-04-22T23:01:19.941+0800][gc,heap      ] GC(872) Archive regions: 2->2
[2022-04-22T23:01:19.941+0800][gc,heap      ] GC(872) Humongous regions: 129->129
[2022-04-22T23:01:19.941+0800][gc,metaspace ] GC(872) Metaspace: 43599K->43599K(1089536K)
[2022-04-22T23:01:19.941+0800][gc           ] GC(872) Pause Young (Normal) (G1 Evacuation Pause) 332M->285M(1024M) 17.761ms
[2022-04-22T23:01:19.941+0800][gc,cpu       ] GC(872) User=0.05s Sys=0.01s Real=0.02s
[2022-04-22T23:01:36.377+0800][gc,start     ] GC(873) Pause Young (Normal) (G1 Evacuation Pause)
[2022-04-22T23:01:36.377+0800][gc,task      ] GC(873) Using 8 workers of 8 for evacuation
[2022-04-22T23:01:36.391+0800][gc,phases    ] GC(873)   Pre Evacuate Collection Set: 0.4ms
[2022-04-22T23:01:36.391+0800][gc,phases    ] GC(873)   Evacuate Collection Set: 12.3ms
[2022-04-22T23:01:36.391+0800][gc,phases    ] GC(873)   Post Evacuate Collection Set: 0.7ms
[2022-04-22T23:01:36.391+0800][gc,phases    ] GC(873)   Other: 1.3ms
[2022-04-22T23:01:36.391+0800][gc,heap      ] GC(873) Eden regions: 47->0(47)
[2022-04-22T23:01:36.391+0800][gc,heap      ] GC(873) Survivor regions: 4->4(7)
[2022-04-22T23:01:36.391+0800][gc,heap      ] GC(873) Old regions: 153->153
[2022-04-22T23:01:36.391+0800][gc,heap      ] GC(873) Archive regions: 2->2
[2022-04-22T23:01:36.391+0800][gc,heap      ] GC(873) Humongous regions: 129->129
[2022-04-22T23:01:36.391+0800][gc,metaspace ] GC(873) Metaspace: 43599K->43599K(1089536K)
[2022-04-22T23:01:36.392+0800][gc           ] GC(873) Pause Young (Normal) (G1 Evacuation Pause) 332M->285M(1024M) 14.869ms
[2022-04-22T23:01:36.392+0800][gc,cpu       ] GC(873) User=0.05s Sys=0.01s Real=0.02s
[2022-04-22T23:01:52.793+0800][gc,start     ] GC(874) Pause Young (Normal) (G1 Evacuation Pause)
[2022-04-22T23:01:52.794+0800][gc,task      ] GC(874) Using 8 workers of 8 for evacuation
[2022-04-22T23:01:52.830+0800][gc,mmu       ] GC(874) MMU target violated: 21.0ms (20.0ms/21.0ms)
[2022-04-22T23:01:52.830+0800][gc,phases    ] GC(874)   Pre Evacuate Collection Set: 0.4ms
[2022-04-22T23:01:52.830+0800][gc,phases    ] GC(874)   Evacuate Collection Set: 34.2ms
[2022-04-22T23:01:52.830+0800][gc,phases    ] GC(874)   Post Evacuate Collection Set: 0.7ms
[2022-04-22T23:01:52.830+0800][gc,phases    ] GC(874)   Other: 2.3ms
[2022-04-22T23:01:52.830+0800][gc,heap      ] GC(874) Eden regions: 47->0(47)
[2022-04-22T23:01:52.830+0800][gc,heap      ] GC(874) Survivor regions: 4->4(7)
[2022-04-22T23:01:52.830+0800][gc,heap      ] GC(874) Old regions: 153->153
[2022-04-22T23:01:52.830+0800][gc,heap      ] GC(874) Archive regions: 2->2
[2022-04-22T23:01:52.830+0800][gc,heap      ] GC(874) Humongous regions: 129->129
[2022-04-22T23:01:52.830+0800][gc,metaspace ] GC(874) Metaspace: 43599K->43599K(1089536K)
[2022-04-22T23:01:52.830+0800][gc           ] GC(874) Pause Young (Normal) (G1 Evacuation Pause) 332M->286M(1024M) 37.484ms
[2022-04-22T23:01:52.830+0800][gc,cpu       ] GC(874) User=0.03s Sys=0.04s Real=0.04s
[2022-04-22T23:02:09.448+0800][gc,start     ] GC(875) Pause Young (Normal) (G1 Evacuation Pause)
[2022-04-22T23:02:09.449+0800][gc,task      ] GC(875) Using 8 workers of 8 for evacuation
[2022-04-22T23:02:09.474+0800][gc,mmu       ] GC(875) MMU target violated: 21.0ms (20.0ms/21.0ms)
[2022-04-22T23:02:09.474+0800][gc,phases    ] GC(875)   Pre Evacuate Collection Set: 0.2ms
[2022-04-22T23:02:09.474+0800][gc,phases    ] GC(875)   Evacuate Collection Set: 23.4ms
[2022-04-22T23:02:09.474+0800][gc,phases    ] GC(875)   Post Evacuate Collection Set: 1.0ms
[2022-04-22T23:02:09.474+0800][gc,phases    ] GC(875)   Other: 1.2ms
[2022-04-22T23:02:09.474+0800][gc,heap      ] GC(875) Eden regions: 47->0(45)
[2022-04-22T23:02:09.474+0800][gc,heap      ] GC(875) Survivor regions: 4->6(7)
[2022-04-22T23:02:09.474+0800][gc,heap      ] GC(875) Old regions: 153->153
[2022-04-22T23:02:09.474+0800][gc,heap      ] GC(875) Archive regions: 2->2
[2022-04-22T23:02:09.474+0800][gc,heap      ] GC(875) Humongous regions: 129->129
[2022-04-22T23:02:09.474+0800][gc,metaspace ] GC(875) Metaspace: 43599K->43599K(1089536K)
[2022-04-22T23:02:09.474+0800][gc           ] GC(875) Pause Young (Normal) (G1 Evacuation Pause) 333M->288M(1024M) 25.816ms
[2022-04-22T23:02:09.474+0800][gc,cpu       ] GC(875) User=0.04s Sys=0.03s Real=0.03s
[2022-04-22T23:02:24.916+0800][gc,start     ] GC(876) Pause Young (Normal) (G1 Evacuation Pause)
[2022-04-22T23:02:24.917+0800][gc,task      ] GC(876) Using 8 workers of 8 for evacuation
[2022-04-22T23:02:25.004+0800][gc,mmu       ] GC(876) MMU target violated: 21.0ms (20.0ms/21.0ms)
[2022-04-22T23:02:25.004+0800][gc,phases    ] GC(876)   Pre Evacuate Collection Set: 0.1ms
[2022-04-22T23:02:25.004+0800][gc,phases    ] GC(876)   Evacuate Collection Set: 86.2ms
[2022-04-22T23:02:25.004+0800][gc,phases    ] GC(876)   Post Evacuate Collection Set: 0.4ms
[2022-04-22T23:02:25.004+0800][gc,phases    ] GC(876)   Other: 1.3ms
[2022-04-22T23:02:25.004+0800][gc,heap      ] GC(876) Eden regions: 45->0(47)
[2022-04-22T23:02:25.004+0800][gc,heap      ] GC(876) Survivor regions: 6->4(7)
[2022-04-22T23:02:25.004+0800][gc,heap      ] GC(876) Old regions: 153->155
[2022-04-22T23:02:25.004+0800][gc,heap      ] GC(876) Archive regions: 2->2
[2022-04-22T23:02:25.004+0800][gc,heap      ] GC(876) Humongous regions: 129->129
[2022-04-22T23:02:25.004+0800][gc,metaspace ] GC(876) Metaspace: 43599K->43599K(1089536K)
[2022-04-22T23:02:25.004+0800][gc           ] GC(876) Pause Young (Normal) (G1 Evacuation Pause) 333M->288M(1024M) 88.100ms
[2022-04-22T23:02:25.004+0800][gc,cpu       ] GC(876) User=0.04s Sys=0.02s Real=0.09s
[2022-04-22T23:02:41.232+0800][gc,start     ] GC(877) Pause Young (Normal) (G1 Evacuation Pause)
[2022-04-22T23:02:41.233+0800][gc,task      ] GC(877) Using 8 workers of 8 for evacuation
[2022-04-22T23:02:41.246+0800][gc,phases    ] GC(877)   Pre Evacuate Collection Set: 0.2ms
[2022-04-22T23:02:41.247+0800][gc,phases    ] GC(877)   Evacuate Collection Set: 11.9ms
[2022-04-22T23:02:41.247+0800][gc,phases    ] GC(877)   Post Evacuate Collection Set: 0.9ms
[2022-04-22T23:02:41.247+0800][gc,phases    ] GC(877)   Other: 1.5ms
[2022-04-22T23:02:41.247+0800][gc,heap      ] GC(877) Eden regions: 47->0(47)
[2022-04-22T23:02:41.247+0800][gc,heap      ] GC(877) Survivor regions: 4->4(7)
[2022-04-22T23:02:41.247+0800][gc,heap      ] GC(877) Old regions: 155->155
[2022-04-22T23:02:41.247+0800][gc,heap      ] GC(877) Archive regions: 2->2
[2022-04-22T23:02:41.247+0800][gc,heap      ] GC(877) Humongous regions: 129->129
[2022-04-22T23:02:41.247+0800][gc,metaspace ] GC(877) Metaspace: 43599K->43599K(1089536K)
[2022-04-22T23:02:41.247+0800][gc           ] GC(877) Pause Young (Normal) (G1 Evacuation Pause) 335M->288M(1024M) 14.803ms
[2022-04-22T23:02:41.247+0800][gc,cpu       ] GC(877) User=0.04s Sys=0.01s Real=0.01s
[2022-04-22T23:02:58.187+0800][gc,start     ] GC(878) Pause Young (Normal) (G1 Evacuation Pause)
[2022-04-22T23:02:58.209+0800][gc,task      ] GC(878) Using 8 workers of 8 for evacuation
[2022-04-22T23:02:58.259+0800][gc,mmu       ] GC(878) MMU target violated: 21.0ms (20.0ms/21.0ms)
[2022-04-22T23:02:58.259+0800][gc,phases    ] GC(878)   Pre Evacuate Collection Set: 7.8ms
[2022-04-22T23:02:58.259+0800][gc,phases    ] GC(878)   Evacuate Collection Set: 37.9ms
[2022-04-22T23:02:58.259+0800][gc,phases    ] GC(878)   Post Evacuate Collection Set: 3.8ms
[2022-04-22T23:02:58.260+0800][gc,phases    ] GC(878)   Other: 23.6ms
[2022-04-22T23:02:58.260+0800][gc,heap      ] GC(878) Eden regions: 47->0(47)
[2022-04-22T23:02:58.260+0800][gc,heap      ] GC(878) Survivor regions: 4->4(7)
[2022-04-22T23:02:58.260+0800][gc,heap      ] GC(878) Old regions: 155->155
[2022-04-22T23:02:58.260+0800][gc,heap      ] GC(878) Archive regions: 2->2
[2022-04-22T23:02:58.260+0800][gc,heap      ] GC(878) Humongous regions: 129->129
[2022-04-22T23:02:58.260+0800][gc,metaspace ] GC(878) Metaspace: 43600K->43600K(1089536K)
[2022-04-22T23:02:58.260+0800][gc           ] GC(878) Pause Young (Normal) (G1 Evacuation Pause) 335M->288M(1024M) 73.078ms
[2022-04-22T23:02:58.260+0800][gc,cpu       ] GC(878) User=0.03s Sys=0.03s Real=0.08s
[2022-04-22T23:03:14.576+0800][gc,start     ] GC(879) Pause Young (Normal) (G1 Evacuation Pause)
[2022-04-22T23:03:14.576+0800][gc,task      ] GC(879) Using 8 workers of 8 for evacuation
[2022-04-22T23:03:14.596+0800][gc,phases    ] GC(879)   Pre Evacuate Collection Set: 0.2ms
[2022-04-22T23:03:14.596+0800][gc,phases    ] GC(879)   Evacuate Collection Set: 18.2ms
[2022-04-22T23:03:14.596+0800][gc,phases    ] GC(879)   Post Evacuate Collection Set: 0.7ms
[2022-04-22T23:03:14.596+0800][gc,phases    ] GC(879)   Other: 1.1ms
[2022-04-22T23:03:14.596+0800][gc,heap      ] GC(879) Eden regions: 47->0(47)
[2022-04-22T23:03:14.596+0800][gc,heap      ] GC(879) Survivor regions: 4->4(7)
[2022-04-22T23:03:14.596+0800][gc,heap      ] GC(879) Old regions: 155->156
[2022-04-22T23:03:14.596+0800][gc,heap      ] GC(879) Archive regions: 2->2
[2022-04-22T23:03:14.596+0800][gc,heap      ] GC(879) Humongous regions: 129->129
[2022-04-22T23:03:14.596+0800][gc,metaspace ] GC(879) Metaspace: 43600K->43600K(1089536K)
[2022-04-22T23:03:14.596+0800][gc           ] GC(879) Pause Young (Normal) (G1 Evacuation Pause) 335M->288M(1024M) 20.399ms
[2022-04-22T23:03:14.596+0800][gc,cpu       ] GC(879) User=0.04s Sys=0.01s Real=0.02s
[2022-04-22T23:03:31.411+0800][gc,start     ] GC(880) Pause Young (Normal) (G1 Evacuation Pause)
[2022-04-22T23:03:31.411+0800][gc,task      ] GC(880) Using 8 workers of 8 for evacuation
[2022-04-22T23:03:31.425+0800][gc,phases    ] GC(880)   Pre Evacuate Collection Set: 0.3ms
[2022-04-22T23:03:31.425+0800][gc,phases    ] GC(880)   Evacuate Collection Set: 11.7ms
[2022-04-22T23:03:31.425+0800][gc,phases    ] GC(880)   Post Evacuate Collection Set: 0.7ms
[2022-04-22T23:03:31.425+0800][gc,phases    ] GC(880)   Other: 1.2ms
[2022-04-22T23:03:31.425+0800][gc,heap      ] GC(880) Eden regions: 47->0(47)
[2022-04-22T23:03:31.425+0800][gc,heap      ] GC(880) Survivor regions: 4->4(7)
[2022-04-22T23:03:31.425+0800][gc,heap      ] GC(880) Old regions: 156->156
[2022-04-22T23:03:31.425+0800][gc,heap      ] GC(880) Archive regions: 2->2
[2022-04-22T23:03:31.425+0800][gc,heap      ] GC(880) Humongous regions: 129->129
[2022-04-22T23:03:31.425+0800][gc,metaspace ] GC(880) Metaspace: 43600K->43600K(1089536K)
[2022-04-22T23:03:31.425+0800][gc           ] GC(880) Pause Young (Normal) (G1 Evacuation Pause) 335M->288M(1024M) 14.186ms
[2022-04-22T23:03:31.425+0800][gc,cpu       ] GC(880) User=0.04s Sys=0.00s Real=0.01s
[2022-04-22T23:03:47.758+0800][gc,start     ] GC(881) Pause Young (Normal) (G1 Evacuation Pause)
[2022-04-22T23:03:47.758+0800][gc,task      ] GC(881) Using 8 workers of 8 for evacuation
[2022-04-22T23:03:47.775+0800][gc,phases    ] GC(881)   Pre Evacuate Collection Set: 0.1ms
[2022-04-22T23:03:47.775+0800][gc,phases    ] GC(881)   Evacuate Collection Set: 16.2ms
[2022-04-22T23:03:47.776+0800][gc,phases    ] GC(881)   Post Evacuate Collection Set: 0.6ms
[2022-04-22T23:03:47.776+0800][gc,phases    ] GC(881)   Other: 1.0ms
[2022-04-22T23:03:47.776+0800][gc,heap      ] GC(881) Eden regions: 47->0(47)
[2022-04-22T23:03:47.776+0800][gc,heap      ] GC(881) Survivor regions: 4->4(7)
[2022-04-22T23:03:47.776+0800][gc,heap      ] GC(881) Old regions: 156->156
[2022-04-22T23:03:47.776+0800][gc,heap      ] GC(881) Archive regions: 2->2
[2022-04-22T23:03:47.776+0800][gc,heap      ] GC(881) Humongous regions: 129->129
[2022-04-22T23:03:47.776+0800][gc,metaspace ] GC(881) Metaspace: 43600K->43600K(1089536K)
[2022-04-22T23:03:47.776+0800][gc           ] GC(881) Pause Young (Normal) (G1 Evacuation Pause) 335M->289M(1024M) 18.260ms
[2022-04-22T23:03:47.776+0800][gc,cpu       ] GC(881) User=0.04s Sys=0.01s Real=0.02s
[2022-04-22T23:04:04.096+0800][gc,start     ] GC(882) Pause Young (Normal) (G1 Evacuation Pause)
[2022-04-22T23:04:04.098+0800][gc,task      ] GC(882) Using 8 workers of 8 for evacuation
[2022-04-22T23:04:04.119+0800][gc,mmu       ] GC(882) MMU target violated: 20.9ms (20.0ms/21.0ms)
[2022-04-22T23:04:04.119+0800][gc,phases    ] GC(882)   Pre Evacuate Collection Set: 0.4ms
[2022-04-22T23:04:04.119+0800][gc,phases    ] GC(882)   Evacuate Collection Set: 17.5ms
[2022-04-22T23:04:04.119+0800][gc,phases    ] GC(882)   Post Evacuate Collection Set: 1.8ms
[2022-04-22T23:04:04.119+0800][gc,phases    ] GC(882)   Other: 3.3ms
[2022-04-22T23:04:04.119+0800][gc,heap      ] GC(882) Eden regions: 47->0(46)
[2022-04-22T23:04:04.119+0800][gc,heap      ] GC(882) Survivor regions: 4->5(7)
[2022-04-22T23:04:04.119+0800][gc,heap      ] GC(882) Old regions: 156->156
[2022-04-22T23:04:04.119+0800][gc,heap      ] GC(882) Archive regions: 2->2
[2022-04-22T23:04:04.119+0800][gc,heap      ] GC(882) Humongous regions: 129->129
[2022-04-22T23:04:04.119+0800][gc,metaspace ] GC(882) Metaspace: 43600K->43600K(1089536K)
[2022-04-22T23:04:04.119+0800][gc           ] GC(882) Pause Young (Normal) (G1 Evacuation Pause) 336M->289M(1024M) 23.114ms
[2022-04-22T23:04:04.120+0800][gc,cpu       ] GC(882) User=0.04s Sys=0.02s Real=0.03s
[2022-04-22T23:04:20.008+0800][gc,start     ] GC(883) Pause Young (Normal) (G1 Evacuation Pause)
[2022-04-22T23:04:20.009+0800][gc,task      ] GC(883) Using 8 workers of 8 for evacuation
[2022-04-22T23:04:20.029+0800][gc,phases    ] GC(883)   Pre Evacuate Collection Set: 0.4ms
[2022-04-22T23:04:20.029+0800][gc,phases    ] GC(883)   Evacuate Collection Set: 18.3ms
[2022-04-22T23:04:20.029+0800][gc,phases    ] GC(883)   Post Evacuate Collection Set: 0.6ms
[2022-04-22T23:04:20.029+0800][gc,phases    ] GC(883)   Other: 2.6ms
[2022-04-22T23:04:20.029+0800][gc,heap      ] GC(883) Eden regions: 46->0(45)
[2022-04-22T23:04:20.029+0800][gc,heap      ] GC(883) Survivor regions: 5->6(7)
[2022-04-22T23:04:20.029+0800][gc,heap      ] GC(883) Old regions: 156->157
[2022-04-22T23:04:20.029+0800][gc,heap      ] GC(883) Archive regions: 2->2
[2022-04-22T23:04:20.030+0800][gc,heap      ] GC(883) Humongous regions: 129->129
[2022-04-22T23:04:20.030+0800][gc,metaspace ] GC(883) Metaspace: 43600K->43600K(1089536K)
[2022-04-22T23:04:20.030+0800][gc           ] GC(883) Pause Young (Normal) (G1 Evacuation Pause) 335M->291M(1024M) 22.108ms
[2022-04-22T23:04:20.030+0800][gc,cpu       ] GC(883) User=0.05s Sys=0.01s Real=0.03s
[2022-04-22T23:04:35.527+0800][gc,start     ] GC(884) Pause Young (Normal) (G1 Evacuation Pause)
[2022-04-22T23:04:35.528+0800][gc,task      ] GC(884) Using 8 workers of 8 for evacuation
[2022-04-22T23:04:35.548+0800][gc,mmu       ] GC(884) MMU target violated: 20.2ms (20.0ms/21.0ms)
[2022-04-22T23:04:35.548+0800][gc,phases    ] GC(884)   Pre Evacuate Collection Set: 0.2ms
[2022-04-22T23:04:35.548+0800][gc,phases    ] GC(884)   Evacuate Collection Set: 18.0ms
[2022-04-22T23:04:35.548+0800][gc,phases    ] GC(884)   Post Evacuate Collection Set: 1.6ms
[2022-04-22T23:04:35.548+0800][gc,phases    ] GC(884)   Other: 1.2ms
[2022-04-22T23:04:35.548+0800][gc,heap      ] GC(884) Eden regions: 45->0(47)
[2022-04-22T23:04:35.548+0800][gc,heap      ] GC(884) Survivor regions: 6->4(7)
[2022-04-22T23:04:35.548+0800][gc,heap      ] GC(884) Old regions: 157->158
[2022-04-22T23:04:35.548+0800][gc,heap      ] GC(884) Archive regions: 2->2
[2022-04-22T23:04:35.548+0800][gc,heap      ] GC(884) Humongous regions: 129->129
[2022-04-22T23:04:35.548+0800][gc,metaspace ] GC(884) Metaspace: 43600K->43600K(1089536K)
[2022-04-22T23:04:35.549+0800][gc           ] GC(884) Pause Young (Normal) (G1 Evacuation Pause) 336M->291M(1024M) 21.177ms
[2022-04-22T23:04:35.549+0800][gc,cpu       ] GC(884) User=0.04s Sys=0.02s Real=0.02s
[2022-04-22T23:04:51.887+0800][gc,start     ] GC(885) Pause Young (Normal) (G1 Evacuation Pause)
[2022-04-22T23:04:51.887+0800][gc,task      ] GC(885) Using 8 workers of 8 for evacuation
[2022-04-22T23:04:51.901+0800][gc,phases    ] GC(885)   Pre Evacuate Collection Set: 0.2ms
[2022-04-22T23:04:51.901+0800][gc,phases    ] GC(885)   Evacuate Collection Set: 11.8ms
[2022-04-22T23:04:51.901+0800][gc,phases    ] GC(885)   Post Evacuate Collection Set: 0.5ms
[2022-04-22T23:04:51.901+0800][gc,phases    ] GC(885)   Other: 1.5ms
[2022-04-22T23:04:51.901+0800][gc,heap      ] GC(885) Eden regions: 47->0(47)
[2022-04-22T23:04:51.901+0800][gc,heap      ] GC(885) Survivor regions: 4->4(7)
[2022-04-22T23:04:51.901+0800][gc,heap      ] GC(885) Old regions: 158->158
[2022-04-22T23:04:51.901+0800][gc,heap      ] GC(885) Archive regions: 2->2
[2022-04-22T23:04:51.901+0800][gc,heap      ] GC(885) Humongous regions: 129->129
[2022-04-22T23:04:51.901+0800][gc,metaspace ] GC(885) Metaspace: 43600K->43600K(1089536K)
[2022-04-22T23:04:51.901+0800][gc           ] GC(885) Pause Young (Normal) (G1 Evacuation Pause) 338M->291M(1024M) 14.306ms
[2022-04-22T23:04:51.901+0800][gc,cpu       ] GC(885) User=0.04s Sys=0.01s Real=0.02s
[2022-04-22T23:05:08.378+0800][gc,start     ] GC(886) Pause Young (Normal) (G1 Evacuation Pause)
[2022-04-22T23:05:08.379+0800][gc,task      ] GC(886) Using 8 workers of 8 for evacuation
[2022-04-22T23:05:08.393+0800][gc,phases    ] GC(886)   Pre Evacuate Collection Set: 0.3ms
[2022-04-22T23:05:08.393+0800][gc,phases    ] GC(886)   Evacuate Collection Set: 11.6ms
[2022-04-22T23:05:08.393+0800][gc,phases    ] GC(886)   Post Evacuate Collection Set: 0.6ms
[2022-04-22T23:05:08.393+0800][gc,phases    ] GC(886)   Other: 2.1ms
[2022-04-22T23:05:08.393+0800][gc,heap      ] GC(886) Eden regions: 47->0(51)
[2022-04-22T23:05:08.393+0800][gc,heap      ] GC(886) Survivor regions: 4->5(7)
[2022-04-22T23:05:08.393+0800][gc,heap      ] GC(886) Old regions: 158->158
[2022-04-22T23:05:08.393+0800][gc,heap      ] GC(886) Archive regions: 2->2
[2022-04-22T23:05:08.393+0800][gc,heap      ] GC(886) Humongous regions: 129->129
[2022-04-22T23:05:08.393+0800][gc,metaspace ] GC(886) Metaspace: 43600K->43600K(1089536K)
[2022-04-22T23:05:08.393+0800][gc           ] GC(886) Pause Young (Normal) (G1 Evacuation Pause) 338M->291M(1024M) 14.785ms
[2022-04-22T23:05:08.393+0800][gc,cpu       ] GC(886) User=0.04s Sys=0.01s Real=0.02s
[2022-04-22T23:05:26.029+0800][gc,start     ] GC(887) Pause Young (Normal) (G1 Evacuation Pause)
[2022-04-22T23:05:26.030+0800][gc,task      ] GC(887) Using 8 workers of 8 for evacuation
[2022-04-22T23:05:26.079+0800][gc,mmu       ] GC(887) MMU target violated: 21.0ms (20.0ms/21.0ms)
[2022-04-22T23:05:26.079+0800][gc,phases    ] GC(887)   Pre Evacuate Collection Set: 0.2ms
[2022-04-22T23:05:26.079+0800][gc,phases    ] GC(887)   Evacuate Collection Set: 47.5ms
[2022-04-22T23:05:26.079+0800][gc,phases    ] GC(887)   Post Evacuate Collection Set: 0.5ms
[2022-04-22T23:05:26.079+0800][gc,phases    ] GC(887)   Other: 1.8ms
[2022-04-22T23:05:26.079+0800][gc,heap      ] GC(887) Eden regions: 51->0(46)
[2022-04-22T23:05:26.079+0800][gc,heap      ] GC(887) Survivor regions: 5->5(7)
[2022-04-22T23:05:26.079+0800][gc,heap      ] GC(887) Old regions: 158->159
[2022-04-22T23:05:26.079+0800][gc,heap      ] GC(887) Archive regions: 2->2
[2022-04-22T23:05:26.079+0800][gc,heap      ] GC(887) Humongous regions: 129->129
[2022-04-22T23:05:26.079+0800][gc,metaspace ] GC(887) Metaspace: 43600K->43600K(1089536K)
[2022-04-22T23:05:26.079+0800][gc           ] GC(887) Pause Young (Normal) (G1 Evacuation Pause) 342M->292M(1024M) 50.086ms
[2022-04-22T23:05:26.079+0800][gc,cpu       ] GC(887) User=0.05s Sys=0.04s Real=0.05s
[2022-04-22T23:05:42.209+0800][gc,start     ] GC(888) Pause Young (Normal) (G1 Evacuation Pause)
[2022-04-22T23:05:42.210+0800][gc,task      ] GC(888) Using 8 workers of 8 for evacuation
[2022-04-22T23:05:42.224+0800][gc,phases    ] GC(888)   Pre Evacuate Collection Set: 0.1ms
[2022-04-22T23:05:42.224+0800][gc,phases    ] GC(888)   Evacuate Collection Set: 13.4ms
[2022-04-22T23:05:42.224+0800][gc,phases    ] GC(888)   Post Evacuate Collection Set: 0.3ms
[2022-04-22T23:05:42.224+0800][gc,phases    ] GC(888)   Other: 0.9ms
[2022-04-22T23:05:42.224+0800][gc,heap      ] GC(888) Eden regions: 46->0(47)
[2022-04-22T23:05:42.224+0800][gc,heap      ] GC(888) Survivor regions: 5->4(7)
[2022-04-22T23:05:42.224+0800][gc,heap      ] GC(888) Old regions: 159->159
[2022-04-22T23:05:42.224+0800][gc,heap      ] GC(888) Archive regions: 2->2
[2022-04-22T23:05:42.224+0800][gc,heap      ] GC(888) Humongous regions: 129->129
[2022-04-22T23:05:42.224+0800][gc,metaspace ] GC(888) Metaspace: 43600K->43600K(1089536K)
[2022-04-22T23:05:42.224+0800][gc           ] GC(888) Pause Young (Normal) (G1 Evacuation Pause) 338M->292M(1024M) 14.835ms
[2022-04-22T23:05:42.224+0800][gc,cpu       ] GC(888) User=0.04s Sys=0.01s Real=0.02s
[2022-04-22T23:05:58.753+0800][gc,start     ] GC(889) Pause Young (Normal) (G1 Evacuation Pause)
[2022-04-22T23:05:58.755+0800][gc,task      ] GC(889) Using 8 workers of 8 for evacuation
[2022-04-22T23:05:58.771+0800][gc,phases    ] GC(889)   Pre Evacuate Collection Set: 0.4ms
[2022-04-22T23:05:58.771+0800][gc,phases    ] GC(889)   Evacuate Collection Set: 13.8ms
[2022-04-22T23:05:58.771+0800][gc,phases    ] GC(889)   Post Evacuate Collection Set: 0.9ms
[2022-04-22T23:05:58.772+0800][gc,phases    ] GC(889)   Other: 3.4ms
[2022-04-22T23:05:58.772+0800][gc,heap      ] GC(889) Eden regions: 47->0(47)
[2022-04-22T23:05:58.772+0800][gc,heap      ] GC(889) Survivor regions: 4->4(7)
[2022-04-22T23:05:58.772+0800][gc,heap      ] GC(889) Old regions: 159->159
[2022-04-22T23:05:58.772+0800][gc,heap      ] GC(889) Archive regions: 2->2
[2022-04-22T23:05:58.772+0800][gc,heap      ] GC(889) Humongous regions: 129->129
[2022-04-22T23:05:58.772+0800][gc,metaspace ] GC(889) Metaspace: 43600K->43600K(1089536K)
[2022-04-22T23:05:58.772+0800][gc           ] GC(889) Pause Young (Normal) (G1 Evacuation Pause) 339M->292M(1024M) 18.813ms
[2022-04-22T23:05:58.772+0800][gc,cpu       ] GC(889) User=0.03s Sys=0.02s Real=0.02s
[2022-04-22T23:06:15.009+0800][gc,start     ] GC(890) Pause Young (Normal) (G1 Evacuation Pause)
[2022-04-22T23:06:15.022+0800][gc,task      ] GC(890) Using 8 workers of 8 for evacuation
[2022-04-22T23:06:15.035+0800][gc,phases    ] GC(890)   Pre Evacuate Collection Set: 0.3ms
[2022-04-22T23:06:15.035+0800][gc,phases    ] GC(890)   Evacuate Collection Set: 12.0ms
[2022-04-22T23:06:15.035+0800][gc,phases    ] GC(890)   Post Evacuate Collection Set: 0.5ms
[2022-04-22T23:06:15.035+0800][gc,phases    ] GC(890)   Other: 14.0ms
[2022-04-22T23:06:15.035+0800][gc,heap      ] GC(890) Eden regions: 47->0(47)
[2022-04-22T23:06:15.035+0800][gc,heap      ] GC(890) Survivor regions: 4->4(7)
[2022-04-22T23:06:15.035+0800][gc,heap      ] GC(890) Old regions: 159->159
[2022-04-22T23:06:15.036+0800][gc,heap      ] GC(890) Archive regions: 2->2
[2022-04-22T23:06:15.036+0800][gc,heap      ] GC(890) Humongous regions: 129->129
[2022-04-22T23:06:15.036+0800][gc,metaspace ] GC(890) Metaspace: 43600K->43600K(1089536K)
[2022-04-22T23:06:15.036+0800][gc           ] GC(890) Pause Young (Normal) (G1 Evacuation Pause) 339M->292M(1024M) 27.094ms
[2022-04-22T23:06:15.036+0800][gc,cpu       ] GC(890) User=0.05s Sys=0.01s Real=0.03s
[2022-04-22T23:06:31.380+0800][gc,start     ] GC(891) Pause Young (Normal) (G1 Evacuation Pause)
[2022-04-22T23:06:31.382+0800][gc,task      ] GC(891) Using 8 workers of 8 for evacuation
[2022-04-22T23:06:31.401+0800][gc,phases    ] GC(891)   Pre Evacuate Collection Set: 0.4ms
[2022-04-22T23:06:31.401+0800][gc,phases    ] GC(891)   Evacuate Collection Set: 17.5ms
[2022-04-22T23:06:31.402+0800][gc,phases    ] GC(891)   Post Evacuate Collection Set: 0.5ms
[2022-04-22T23:06:31.402+0800][gc,phases    ] GC(891)   Other: 3.3ms
[2022-04-22T23:06:31.402+0800][gc,heap      ] GC(891) Eden regions: 47->0(47)
[2022-04-22T23:06:31.402+0800][gc,heap      ] GC(891) Survivor regions: 4->6(7)
[2022-04-22T23:06:31.402+0800][gc,heap      ] GC(891) Old regions: 159->160
[2022-04-22T23:06:31.402+0800][gc,heap      ] GC(891) Archive regions: 2->2
[2022-04-22T23:06:31.402+0800][gc,heap      ] GC(891) Humongous regions: 129->129
[2022-04-22T23:06:31.402+0800][gc,metaspace ] GC(891) Metaspace: 43600K->43600K(1089536K)
[2022-04-22T23:06:31.402+0800][gc           ] GC(891) Pause Young (Normal) (G1 Evacuation Pause) 339M->294M(1024M) 21.991ms
[2022-04-22T23:06:31.402+0800][gc,cpu       ] GC(891) User=0.06s Sys=0.01s Real=0.02s
[2022-04-22T23:06:47.631+0800][gc,start     ] GC(892) Pause Young (Normal) (G1 Evacuation Pause)
[2022-04-22T23:06:47.631+0800][gc,task      ] GC(892) Using 8 workers of 8 for evacuation
[2022-04-22T23:06:47.658+0800][gc,mmu       ] GC(892) MMU target violated: 21.0ms (20.0ms/21.0ms)
[2022-04-22T23:06:47.658+0800][gc,phases    ] GC(892)   Pre Evacuate Collection Set: 0.3ms
[2022-04-22T23:06:47.658+0800][gc,phases    ] GC(892)   Evacuate Collection Set: 22.8ms
[2022-04-22T23:06:47.658+0800][gc,phases    ] GC(892)   Post Evacuate Collection Set: 1.4ms
[2022-04-22T23:06:47.658+0800][gc,phases    ] GC(892)   Other: 2.9ms
[2022-04-22T23:06:47.658+0800][gc,heap      ] GC(892) Eden regions: 47->0(46)
[2022-04-22T23:06:47.658+0800][gc,heap      ] GC(892) Survivor regions: 6->5(7)
[2022-04-22T23:06:47.658+0800][gc,heap      ] GC(892) Old regions: 160->161
[2022-04-22T23:06:47.658+0800][gc,heap      ] GC(892) Archive regions: 2->2
[2022-04-22T23:06:47.658+0800][gc,heap      ] GC(892) Humongous regions: 129->129
[2022-04-22T23:06:47.658+0800][gc,metaspace ] GC(892) Metaspace: 43600K->43600K(1089536K)
[2022-04-22T23:06:47.658+0800][gc           ] GC(892) Pause Young (Normal) (G1 Evacuation Pause) 341M->294M(1024M) 27.468ms
[2022-04-22T23:06:47.658+0800][gc,cpu       ] GC(892) User=0.05s Sys=0.04s Real=0.02s
[2022-04-22T23:07:03.716+0800][gc,start     ] GC(893) Pause Young (Normal) (G1 Evacuation Pause)
[2022-04-22T23:07:03.727+0800][gc,task      ] GC(893) Using 8 workers of 8 for evacuation
[2022-04-22T23:07:03.767+0800][gc,mmu       ] GC(893) MMU target violated: 21.0ms (20.0ms/21.0ms)
[2022-04-22T23:07:03.768+0800][gc,phases    ] GC(893)   Pre Evacuate Collection Set: 0.2ms
[2022-04-22T23:07:03.768+0800][gc,phases    ] GC(893)   Evacuate Collection Set: 38.5ms
[2022-04-22T23:07:03.768+0800][gc,phases    ] GC(893)   Post Evacuate Collection Set: 1.0ms
[2022-04-22T23:07:03.768+0800][gc,phases    ] GC(893)   Other: 12.1ms
[2022-04-22T23:07:03.768+0800][gc,heap      ] GC(893) Eden regions: 46->0(47)
[2022-04-22T23:07:03.768+0800][gc,heap      ] GC(893) Survivor regions: 5->4(7)
[2022-04-22T23:07:03.768+0800][gc,heap      ] GC(893) Old regions: 161->162
[2022-04-22T23:07:03.768+0800][gc,heap      ] GC(893) Archive regions: 2->2
[2022-04-22T23:07:03.768+0800][gc,heap      ] GC(893) Humongous regions: 129->129
[2022-04-22T23:07:03.768+0800][gc,metaspace ] GC(893) Metaspace: 43600K->43600K(1089536K)
[2022-04-22T23:07:03.768+0800][gc           ] GC(893) Pause Young (Normal) (G1 Evacuation Pause) 340M->294M(1024M) 51.719ms
[2022-04-22T23:07:03.768+0800][gc,cpu       ] GC(893) User=0.05s Sys=0.03s Real=0.05s
[2022-04-22T23:07:19.995+0800][gc,start     ] GC(894) Pause Young (Normal) (G1 Evacuation Pause)
[2022-04-22T23:07:20.016+0800][gc,task      ] GC(894) Using 8 workers of 8 for evacuation
[2022-04-22T23:07:20.029+0800][gc,phases    ] GC(894)   Pre Evacuate Collection Set: 0.2ms
[2022-04-22T23:07:20.029+0800][gc,phases    ] GC(894)   Evacuate Collection Set: 11.6ms
[2022-04-22T23:07:20.029+0800][gc,phases    ] GC(894)   Post Evacuate Collection Set: 0.6ms
[2022-04-22T23:07:20.029+0800][gc,phases    ] GC(894)   Other: 21.2ms
[2022-04-22T23:07:20.029+0800][gc,heap      ] GC(894) Eden regions: 47->0(47)
[2022-04-22T23:07:20.029+0800][gc,heap      ] GC(894) Survivor regions: 4->5(7)
[2022-04-22T23:07:20.029+0800][gc,heap      ] GC(894) Old regions: 162->162
[2022-04-22T23:07:20.029+0800][gc,heap      ] GC(894) Archive regions: 2->2
[2022-04-22T23:07:20.029+0800][gc,heap      ] GC(894) Humongous regions: 129->129
[2022-04-22T23:07:20.029+0800][gc,metaspace ] GC(894) Metaspace: 43600K->43600K(1089536K)
[2022-04-22T23:07:20.029+0800][gc           ] GC(894) Pause Young (Normal) (G1 Evacuation Pause) 341M->295M(1024M) 33.905ms
[2022-04-22T23:07:20.029+0800][gc,cpu       ] GC(894) User=0.03s Sys=0.01s Real=0.03s
[2022-04-22T23:07:36.158+0800][gc,start     ] GC(895) Pause Young (Normal) (G1 Evacuation Pause)
[2022-04-22T23:07:36.158+0800][gc,task      ] GC(895) Using 8 workers of 8 for evacuation
[2022-04-22T23:07:36.179+0800][gc,mmu       ] GC(895) MMU target violated: 20.2ms (20.0ms/21.0ms)
[2022-04-22T23:07:36.179+0800][gc,phases    ] GC(895)   Pre Evacuate Collection Set: 0.1ms
[2022-04-22T23:07:36.179+0800][gc,phases    ] GC(895)   Evacuate Collection Set: 19.3ms
[2022-04-22T23:07:36.179+0800][gc,phases    ] GC(895)   Post Evacuate Collection Set: 0.4ms
[2022-04-22T23:07:36.179+0800][gc,phases    ] GC(895)   Other: 1.2ms
[2022-04-22T23:07:36.179+0800][gc,heap      ] GC(895) Eden regions: 47->0(47)
[2022-04-22T23:07:36.179+0800][gc,heap      ] GC(895) Survivor regions: 5->4(7)
[2022-04-22T23:07:36.179+0800][gc,heap      ] GC(895) Old regions: 162->162
[2022-04-22T23:07:36.179+0800][gc,heap      ] GC(895) Archive regions: 2->2
[2022-04-22T23:07:36.179+0800][gc,heap      ] GC(895) Humongous regions: 129->129
[2022-04-22T23:07:36.179+0800][gc,metaspace ] GC(895) Metaspace: 43600K->43600K(1089536K)
[2022-04-22T23:07:36.179+0800][gc           ] GC(895) Pause Young (Normal) (G1 Evacuation Pause) 342M->295M(1024M) 21.141ms
[2022-04-22T23:07:36.179+0800][gc,cpu       ] GC(895) User=0.03s Sys=0.01s Real=0.02s
[2022-04-22T23:07:52.602+0800][gc,start     ] GC(896) Pause Young (Normal) (G1 Evacuation Pause)
[2022-04-22T23:07:52.603+0800][gc,task      ] GC(896) Using 8 workers of 8 for evacuation
[2022-04-22T23:07:52.614+0800][gc,phases    ] GC(896)   Pre Evacuate Collection Set: 0.1ms
[2022-04-22T23:07:52.614+0800][gc,phases    ] GC(896)   Evacuate Collection Set: 9.7ms
[2022-04-22T23:07:52.614+0800][gc,phases    ] GC(896)   Post Evacuate Collection Set: 0.6ms
[2022-04-22T23:07:52.614+0800][gc,phases    ] GC(896)   Other: 0.9ms
[2022-04-22T23:07:52.614+0800][gc,heap      ] GC(896) Eden regions: 47->0(49)
[2022-04-22T23:07:52.614+0800][gc,heap      ] GC(896) Survivor regions: 4->4(7)
[2022-04-22T23:07:52.614+0800][gc,heap      ] GC(896) Old regions: 162->162
[2022-04-22T23:07:52.614+0800][gc,heap      ] GC(896) Archive regions: 2->2
[2022-04-22T23:07:52.614+0800][gc,heap      ] GC(896) Humongous regions: 129->129
[2022-04-22T23:07:52.614+0800][gc,metaspace ] GC(896) Metaspace: 43600K->43600K(1089536K)
[2022-04-22T23:07:52.614+0800][gc           ] GC(896) Pause Young (Normal) (G1 Evacuation Pause) 342M->295M(1024M) 11.706ms
[2022-04-22T23:07:52.614+0800][gc,cpu       ] GC(896) User=0.03s Sys=0.01s Real=0.01s
[2022-04-22T23:08:09.383+0800][gc,start     ] GC(897) Pause Young (Normal) (G1 Evacuation Pause)
[2022-04-22T23:08:09.383+0800][gc,task      ] GC(897) Using 8 workers of 8 for evacuation
[2022-04-22T23:08:09.417+0800][gc,mmu       ] GC(897) MMU target violated: 21.0ms (20.0ms/21.0ms)
[2022-04-22T23:08:09.417+0800][gc,phases    ] GC(897)   Pre Evacuate Collection Set: 0.4ms
[2022-04-22T23:08:09.417+0800][gc,phases    ] GC(897)   Evacuate Collection Set: 32.6ms
[2022-04-22T23:08:09.417+0800][gc,phases    ] GC(897)   Post Evacuate Collection Set: 0.4ms
[2022-04-22T23:08:09.417+0800][gc,phases    ] GC(897)   Other: 1.1ms
[2022-04-22T23:08:09.417+0800][gc,heap      ] GC(897) Eden regions: 48->0(47)
[2022-04-22T23:08:09.417+0800][gc,heap      ] GC(897) Survivor regions: 4->4(7)
[2022-04-22T23:08:09.417+0800][gc,heap      ] GC(897) Old regions: 162->163
[2022-04-22T23:08:09.417+0800][gc,heap      ] GC(897) Archive regions: 2->2
[2022-04-22T23:08:09.417+0800][gc,heap      ] GC(897) Humongous regions: 129->129
[2022-04-22T23:08:09.417+0800][gc,metaspace ] GC(897) Metaspace: 43600K->43600K(1089536K)
[2022-04-22T23:08:09.417+0800][gc           ] GC(897) Pause Young (Normal) (G1 Evacuation Pause) 343M->295M(1024M) 34.421ms
[2022-04-22T23:08:09.417+0800][gc,cpu       ] GC(897) User=0.03s Sys=0.01s Real=0.03s
[2022-04-22T23:08:25.804+0800][gc,start     ] GC(898) Pause Young (Normal) (G1 Evacuation Pause)
[2022-04-22T23:08:25.804+0800][gc,task      ] GC(898) Using 8 workers of 8 for evacuation
[2022-04-22T23:08:25.824+0800][gc,phases    ] GC(898)   Pre Evacuate Collection Set: 0.2ms
[2022-04-22T23:08:25.824+0800][gc,phases    ] GC(898)   Evacuate Collection Set: 17.7ms
[2022-04-22T23:08:25.824+0800][gc,phases    ] GC(898)   Post Evacuate Collection Set: 0.9ms
[2022-04-22T23:08:25.824+0800][gc,phases    ] GC(898)   Other: 1.2ms
[2022-04-22T23:08:25.824+0800][gc,heap      ] GC(898) Eden regions: 47->0(47)
[2022-04-22T23:08:25.824+0800][gc,heap      ] GC(898) Survivor regions: 4->4(7)
[2022-04-22T23:08:25.824+0800][gc,heap      ] GC(898) Old regions: 163->163
[2022-04-22T23:08:25.824+0800][gc,heap      ] GC(898) Archive regions: 2->2
[2022-04-22T23:08:25.824+0800][gc,heap      ] GC(898) Humongous regions: 129->129
[2022-04-22T23:08:25.824+0800][gc,metaspace ] GC(898) Metaspace: 43600K->43600K(1089536K)
[2022-04-22T23:08:25.824+0800][gc           ] GC(898) Pause Young (Normal) (G1 Evacuation Pause) 342M->296M(1024M) 20.413ms
[2022-04-22T23:08:25.824+0800][gc,cpu       ] GC(898) User=0.05s Sys=0.02s Real=0.02s
[2022-04-22T23:08:41.989+0800][gc,start     ] GC(899) Pause Young (Normal) (G1 Evacuation Pause)
[2022-04-22T23:08:41.990+0800][gc,task      ] GC(899) Using 8 workers of 8 for evacuation
[2022-04-22T23:08:42.001+0800][gc,phases    ] GC(899)   Pre Evacuate Collection Set: 0.1ms
[2022-04-22T23:08:42.001+0800][gc,phases    ] GC(899)   Evacuate Collection Set: 9.2ms
[2022-04-22T23:08:42.001+0800][gc,phases    ] GC(899)   Post Evacuate Collection Set: 0.7ms
[2022-04-22T23:08:42.001+0800][gc,phases    ] GC(899)   Other: 1.4ms
[2022-04-22T23:08:42.001+0800][gc,heap      ] GC(899) Eden regions: 47->0(47)
[2022-04-22T23:08:42.001+0800][gc,heap      ] GC(899) Survivor regions: 4->4(7)
[2022-04-22T23:08:42.001+0800][gc,heap      ] GC(899) Old regions: 163->163
[2022-04-22T23:08:42.001+0800][gc,heap      ] GC(899) Archive regions: 2->2
[2022-04-22T23:08:42.001+0800][gc,heap      ] GC(899) Humongous regions: 129->129
[2022-04-22T23:08:42.001+0800][gc,metaspace ] GC(899) Metaspace: 43600K->43600K(1089536K)
[2022-04-22T23:08:42.001+0800][gc           ] GC(899) Pause Young (Normal) (G1 Evacuation Pause) 343M->296M(1024M) 11.689ms
[2022-04-22T23:08:42.001+0800][gc,cpu       ] GC(899) User=0.03s Sys=0.01s Real=0.02s
[2022-04-22T23:08:58.453+0800][gc,start     ] GC(900) Pause Young (Normal) (G1 Evacuation Pause)
[2022-04-22T23:08:58.454+0800][gc,task      ] GC(900) Using 8 workers of 8 for evacuation
[2022-04-22T23:08:58.476+0800][gc,mmu       ] GC(900) MMU target violated: 21.0ms (20.0ms/21.0ms)
[2022-04-22T23:08:58.476+0800][gc,phases    ] GC(900)   Pre Evacuate Collection Set: 0.3ms
[2022-04-22T23:08:58.476+0800][gc,phases    ] GC(900)   Evacuate Collection Set: 20.1ms
[2022-04-22T23:08:58.476+0800][gc,phases    ] GC(900)   Post Evacuate Collection Set: 0.7ms
[2022-04-22T23:08:58.476+0800][gc,phases    ] GC(900)   Other: 1.6ms
[2022-04-22T23:08:58.476+0800][gc,heap      ] GC(900) Eden regions: 47->0(47)
[2022-04-22T23:08:58.476+0800][gc,heap      ] GC(900) Survivor regions: 4->6(7)
[2022-04-22T23:08:58.476+0800][gc,heap      ] GC(900) Old regions: 163->164
[2022-04-22T23:08:58.476+0800][gc,heap      ] GC(900) Archive regions: 2->2
[2022-04-22T23:08:58.476+0800][gc,heap      ] GC(900) Humongous regions: 129->129
[2022-04-22T23:08:58.476+0800][gc,metaspace ] GC(900) Metaspace: 43600K->43600K(1089536K)
[2022-04-22T23:08:58.476+0800][gc           ] GC(900) Pause Young (Normal) (G1 Evacuation Pause) 343M->298M(1024M) 22.704ms
[2022-04-22T23:08:58.476+0800][gc,cpu       ] GC(900) User=0.04s Sys=0.03s Real=0.02s
[2022-04-22T23:09:14.346+0800][gc,start     ] GC(901) Pause Young (Normal) (G1 Evacuation Pause)
[2022-04-22T23:09:14.346+0800][gc,task      ] GC(901) Using 8 workers of 8 for evacuation
[2022-04-22T23:09:14.376+0800][gc,mmu       ] GC(901) MMU target violated: 21.0ms (20.0ms/21.0ms)
[2022-04-22T23:09:14.376+0800][gc,phases    ] GC(901)   Pre Evacuate Collection Set: 0.2ms
[2022-04-22T23:09:14.376+0800][gc,phases    ] GC(901)   Evacuate Collection Set: 27.7ms
[2022-04-22T23:09:14.376+0800][gc,phases    ] GC(901)   Post Evacuate Collection Set: 1.0ms
[2022-04-22T23:09:14.376+0800][gc,phases    ] GC(901)   Other: 1.4ms
[2022-04-22T23:09:14.376+0800][gc,heap      ] GC(901) Eden regions: 46->0(47)
[2022-04-22T23:09:14.376+0800][gc,heap      ] GC(901) Survivor regions: 6->4(7)
[2022-04-22T23:09:14.376+0800][gc,heap      ] GC(901) Old regions: 164->165
[2022-04-22T23:09:14.376+0800][gc,heap      ] GC(901) Archive regions: 2->2
[2022-04-22T23:09:14.376+0800][gc,heap      ] GC(901) Humongous regions: 129->129
[2022-04-22T23:09:14.376+0800][gc,metaspace ] GC(901) Metaspace: 43600K->43600K(1089536K)
[2022-04-22T23:09:14.376+0800][gc           ] GC(901) Pause Young (Normal) (G1 Evacuation Pause) 344M->298M(1024M) 30.367ms
[2022-04-22T23:09:14.376+0800][gc,cpu       ] GC(901) User=0.05s Sys=0.02s Real=0.03s
[2022-04-22T23:09:30.709+0800][gc,start     ] GC(902) Pause Young (Normal) (G1 Evacuation Pause)
[2022-04-22T23:09:30.710+0800][gc,task      ] GC(902) Using 8 workers of 8 for evacuation
[2022-04-22T23:09:30.739+0800][gc,mmu       ] GC(902) MMU target violated: 21.0ms (20.0ms/21.0ms)
[2022-04-22T23:09:30.739+0800][gc,phases    ] GC(902)   Pre Evacuate Collection Set: 0.3ms
[2022-04-22T23:09:30.739+0800][gc,phases    ] GC(902)   Evacuate Collection Set: 26.1ms
[2022-04-22T23:09:30.739+0800][gc,phases    ] GC(902)   Post Evacuate Collection Set: 1.4ms
[2022-04-22T23:09:30.739+0800][gc,phases    ] GC(902)   Other: 2.5ms
[2022-04-22T23:09:30.739+0800][gc,heap      ] GC(902) Eden regions: 47->0(47)
[2022-04-22T23:09:30.739+0800][gc,heap      ] GC(902) Survivor regions: 4->4(7)
[2022-04-22T23:09:30.739+0800][gc,heap      ] GC(902) Old regions: 165->166
[2022-04-22T23:09:30.739+0800][gc,heap      ] GC(902) Archive regions: 2->2
[2022-04-22T23:09:30.739+0800][gc,heap      ] GC(902) Humongous regions: 129->129
[2022-04-22T23:09:30.739+0800][gc,metaspace ] GC(902) Metaspace: 43600K->43600K(1089536K)
[2022-04-22T23:09:30.740+0800][gc           ] GC(902) Pause Young (Normal) (G1 Evacuation Pause) 345M->298M(1024M) 30.482ms
[2022-04-22T23:09:30.740+0800][gc,cpu       ] GC(902) User=0.04s Sys=0.03s Real=0.04s
[2022-04-22T23:09:47.088+0800][gc,start     ] GC(903) Pause Young (Normal) (G1 Evacuation Pause)
[2022-04-22T23:09:47.089+0800][gc,task      ] GC(903) Using 8 workers of 8 for evacuation
[2022-04-22T23:09:47.104+0800][gc,phases    ] GC(903)   Pre Evacuate Collection Set: 0.2ms
[2022-04-22T23:09:47.104+0800][gc,phases    ] GC(903)   Evacuate Collection Set: 13.7ms
[2022-04-22T23:09:47.104+0800][gc,phases    ] GC(903)   Post Evacuate Collection Set: 0.4ms
[2022-04-22T23:09:47.104+0800][gc,phases    ] GC(903)   Other: 0.9ms
[2022-04-22T23:09:47.104+0800][gc,heap      ] GC(903) Eden regions: 47->0(47)
[2022-04-22T23:09:47.104+0800][gc,heap      ] GC(903) Survivor regions: 4->5(7)
[2022-04-22T23:09:47.104+0800][gc,heap      ] GC(903) Old regions: 166->166
[2022-04-22T23:09:47.104+0800][gc,heap      ] GC(903) Archive regions: 2->2
[2022-04-22T23:09:47.104+0800][gc,heap      ] GC(903) Humongous regions: 129->129
[2022-04-22T23:09:47.104+0800][gc,metaspace ] GC(903) Metaspace: 43600K->43600K(1089536K)
[2022-04-22T23:09:47.104+0800][gc           ] GC(903) Pause Young (Normal) (G1 Evacuation Pause) 345M->299M(1024M) 15.271ms
[2022-04-22T23:09:47.104+0800][gc,cpu       ] GC(903) User=0.04s Sys=0.01s Real=0.02s
[2022-04-22T23:10:03.456+0800][gc,start     ] GC(904) Pause Young (Normal) (G1 Evacuation Pause)
[2022-04-22T23:10:03.457+0800][gc,task      ] GC(904) Using 8 workers of 8 for evacuation
[2022-04-22T23:10:03.496+0800][gc,mmu       ] GC(904) MMU target violated: 21.0ms (20.0ms/21.0ms)
[2022-04-22T23:10:03.496+0800][gc,phases    ] GC(904)   Pre Evacuate Collection Set: 0.3ms
[2022-04-22T23:10:03.496+0800][gc,phases    ] GC(904)   Evacuate Collection Set: 36.5ms
[2022-04-22T23:10:03.496+0800][gc,phases    ] GC(904)   Post Evacuate Collection Set: 1.3ms
[2022-04-22T23:10:03.496+0800][gc,phases    ] GC(904)   Other: 4.8ms
[2022-04-22T23:10:03.496+0800][gc,heap      ] GC(904) Eden regions: 47->0(47)
[2022-04-22T23:10:03.497+0800][gc,heap      ] GC(904) Survivor regions: 5->4(7)
[2022-04-22T23:10:03.497+0800][gc,heap      ] GC(904) Old regions: 166->166
[2022-04-22T23:10:03.497+0800][gc,heap      ] GC(904) Archive regions: 2->2
[2022-04-22T23:10:03.497+0800][gc,heap      ] GC(904) Humongous regions: 129->129
[2022-04-22T23:10:03.497+0800][gc,metaspace ] GC(904) Metaspace: 43600K->43600K(1089536K)
[2022-04-22T23:10:03.497+0800][gc           ] GC(904) Pause Young (Normal) (G1 Evacuation Pause) 346M->299M(1024M) 40.687ms
[2022-04-22T23:10:03.497+0800][gc,cpu       ] GC(904) User=0.04s Sys=0.04s Real=0.04s
[2022-04-22T23:10:19.814+0800][gc,start     ] GC(905) Pause Young (Normal) (G1 Evacuation Pause)
[2022-04-22T23:10:19.814+0800][gc,task      ] GC(905) Using 8 workers of 8 for evacuation
[2022-04-22T23:10:19.832+0800][gc,phases    ] GC(905)   Pre Evacuate Collection Set: 0.2ms
[2022-04-22T23:10:19.832+0800][gc,phases    ] GC(905)   Evacuate Collection Set: 16.0ms
[2022-04-22T23:10:19.832+0800][gc,phases    ] GC(905)   Post Evacuate Collection Set: 1.2ms
[2022-04-22T23:10:19.832+0800][gc,phases    ] GC(905)   Other: 1.5ms
[2022-04-22T23:10:19.832+0800][gc,heap      ] GC(905) Eden regions: 47->0(47)
[2022-04-22T23:10:19.832+0800][gc,heap      ] GC(905) Survivor regions: 4->4(7)
[2022-04-22T23:10:19.833+0800][gc,heap      ] GC(905) Old regions: 166->166
[2022-04-22T23:10:19.833+0800][gc,heap      ] GC(905) Archive regions: 2->2
[2022-04-22T23:10:19.833+0800][gc,heap      ] GC(905) Humongous regions: 129->129
[2022-04-22T23:10:19.833+0800][gc,metaspace ] GC(905) Metaspace: 43600K->43600K(1089536K)
[2022-04-22T23:10:19.833+0800][gc           ] GC(905) Pause Young (Normal) (G1 Evacuation Pause) 346M->299M(1024M) 18.949ms
[2022-04-22T23:10:19.833+0800][gc,cpu       ] GC(905) User=0.04s Sys=0.02s Real=0.02s
[2022-04-22T23:10:36.131+0800][gc,start     ] GC(906) Pause Young (Normal) (G1 Evacuation Pause)
[2022-04-22T23:10:36.131+0800][gc,task      ] GC(906) Using 8 workers of 8 for evacuation
[2022-04-22T23:10:36.150+0800][gc,phases    ] GC(906)   Pre Evacuate Collection Set: 0.2ms
[2022-04-22T23:10:36.150+0800][gc,phases    ] GC(906)   Evacuate Collection Set: 17.1ms
[2022-04-22T23:10:36.150+0800][gc,phases    ] GC(906)   Post Evacuate Collection Set: 0.7ms
[2022-04-22T23:10:36.150+0800][gc,phases    ] GC(906)   Other: 1.1ms
[2022-04-22T23:10:36.150+0800][gc,heap      ] GC(906) Eden regions: 47->0(47)
[2022-04-22T23:10:36.150+0800][gc,heap      ] GC(906) Survivor regions: 4->4(7)
[2022-04-22T23:10:36.150+0800][gc,heap      ] GC(906) Old regions: 166->167
[2022-04-22T23:10:36.150+0800][gc,heap      ] GC(906) Archive regions: 2->2
[2022-04-22T23:10:36.150+0800][gc,heap      ] GC(906) Humongous regions: 129->129
[2022-04-22T23:10:36.150+0800][gc,metaspace ] GC(906) Metaspace: 43600K->43600K(1089536K)
[2022-04-22T23:10:36.150+0800][gc           ] GC(906) Pause Young (Normal) (G1 Evacuation Pause) 346M->299M(1024M) 19.339ms
[2022-04-22T23:10:36.150+0800][gc,cpu       ] GC(906) User=0.05s Sys=0.01s Real=0.02s
[2022-04-22T23:10:52.445+0800][gc,start     ] GC(907) Pause Young (Normal) (G1 Evacuation Pause)
[2022-04-22T23:10:52.445+0800][gc,task      ] GC(907) Using 8 workers of 8 for evacuation
[2022-04-22T23:10:52.479+0800][gc,mmu       ] GC(907) MMU target violated: 21.0ms (20.0ms/21.0ms)
[2022-04-22T23:10:52.480+0800][gc,phases    ] GC(907)   Pre Evacuate Collection Set: 0.2ms
[2022-04-22T23:10:52.480+0800][gc,phases    ] GC(907)   Evacuate Collection Set: 32.0ms
[2022-04-22T23:10:52.480+0800][gc,phases    ] GC(907)   Post Evacuate Collection Set: 1.2ms
[2022-04-22T23:10:52.480+0800][gc,phases    ] GC(907)   Other: 1.5ms
[2022-04-22T23:10:52.480+0800][gc,heap      ] GC(907) Eden regions: 47->0(46)
[2022-04-22T23:10:52.480+0800][gc,heap      ] GC(907) Survivor regions: 4->5(7)
[2022-04-22T23:10:52.480+0800][gc,heap      ] GC(907) Old regions: 167->167
[2022-04-22T23:10:52.480+0800][gc,heap      ] GC(907) Archive regions: 2->2
[2022-04-22T23:10:52.480+0800][gc,heap      ] GC(907) Humongous regions: 129->129
[2022-04-22T23:10:52.480+0800][gc,metaspace ] GC(907) Metaspace: 43600K->43600K(1089536K)
[2022-04-22T23:10:52.480+0800][gc           ] GC(907) Pause Young (Normal) (G1 Evacuation Pause) 346M->299M(1024M) 34.910ms
[2022-04-22T23:10:52.480+0800][gc,cpu       ] GC(907) User=0.03s Sys=0.02s Real=0.04s
[2022-04-22T23:11:08.466+0800][gc,start     ] GC(908) Pause Young (Normal) (G1 Evacuation Pause)
[2022-04-22T23:11:08.467+0800][gc,task      ] GC(908) Using 8 workers of 8 for evacuation
[2022-04-22T23:11:08.495+0800][gc,mmu       ] GC(908) MMU target violated: 21.0ms (20.0ms/21.0ms)
[2022-04-22T23:11:08.495+0800][gc,phases    ] GC(908)   Pre Evacuate Collection Set: 0.2ms
[2022-04-22T23:11:08.495+0800][gc,phases    ] GC(908)   Evacuate Collection Set: 26.8ms
[2022-04-22T23:11:08.495+0800][gc,phases    ] GC(908)   Post Evacuate Collection Set: 0.6ms
[2022-04-22T23:11:08.495+0800][gc,phases    ] GC(908)   Other: 1.9ms
[2022-04-22T23:11:08.495+0800][gc,heap      ] GC(908) Eden regions: 46->0(45)
[2022-04-22T23:11:08.495+0800][gc,heap      ] GC(908) Survivor regions: 5->6(7)
[2022-04-22T23:11:08.496+0800][gc,heap      ] GC(908) Old regions: 167->167
[2022-04-22T23:11:08.496+0800][gc,heap      ] GC(908) Archive regions: 2->2
[2022-04-22T23:11:08.496+0800][gc,heap      ] GC(908) Humongous regions: 129->129
[2022-04-22T23:11:08.496+0800][gc,metaspace ] GC(908) Metaspace: 43600K->43600K(1089536K)
[2022-04-22T23:11:08.496+0800][gc           ] GC(908) Pause Young (Normal) (G1 Evacuation Pause) 345M->301M(1024M) 29.689ms
[2022-04-22T23:11:08.496+0800][gc,cpu       ] GC(908) User=0.05s Sys=0.02s Real=0.03s
[2022-04-22T23:11:24.067+0800][gc,start     ] GC(909) Pause Young (Normal) (G1 Evacuation Pause)
[2022-04-22T23:11:24.068+0800][gc,task      ] GC(909) Using 8 workers of 8 for evacuation
[2022-04-22T23:11:24.096+0800][gc,mmu       ] GC(909) MMU target violated: 21.0ms (20.0ms/21.0ms)
[2022-04-22T23:11:24.097+0800][gc,phases    ] GC(909)   Pre Evacuate Collection Set: 0.2ms
[2022-04-22T23:11:24.097+0800][gc,phases    ] GC(909)   Evacuate Collection Set: 27.5ms
[2022-04-22T23:11:24.097+0800][gc,phases    ] GC(909)   Post Evacuate Collection Set: 0.6ms
[2022-04-22T23:11:24.097+0800][gc,phases    ] GC(909)   Other: 1.4ms
[2022-04-22T23:11:24.097+0800][gc,heap      ] GC(909) Eden regions: 45->0(47)
[2022-04-22T23:11:24.097+0800][gc,heap      ] GC(909) Survivor regions: 6->4(7)
[2022-04-22T23:11:24.097+0800][gc,heap      ] GC(909) Old regions: 167->169
[2022-04-22T23:11:24.097+0800][gc,heap      ] GC(909) Archive regions: 2->2
[2022-04-22T23:11:24.097+0800][gc,heap      ] GC(909) Humongous regions: 129->129
[2022-04-22T23:11:24.097+0800][gc,metaspace ] GC(909) Metaspace: 43600K->43600K(1089536K)
[2022-04-22T23:11:24.097+0800][gc           ] GC(909) Pause Young (Normal) (G1 Evacuation Pause) 346M->301M(1024M) 29.857ms
[2022-04-22T23:11:24.097+0800][gc,cpu       ] GC(909) User=0.05s Sys=0.04s Real=0.03s
[2022-04-22T23:11:40.450+0800][gc,start     ] GC(910) Pause Young (Normal) (G1 Evacuation Pause)
[2022-04-22T23:11:40.450+0800][gc,task      ] GC(910) Using 8 workers of 8 for evacuation
[2022-04-22T23:11:40.469+0800][gc,phases    ] GC(910)   Pre Evacuate Collection Set: 0.3ms
[2022-04-22T23:11:40.469+0800][gc,phases    ] GC(910)   Evacuate Collection Set: 16.3ms
[2022-04-22T23:11:40.469+0800][gc,phases    ] GC(910)   Post Evacuate Collection Set: 1.2ms
[2022-04-22T23:11:40.469+0800][gc,phases    ] GC(910)   Other: 1.8ms
[2022-04-22T23:11:40.469+0800][gc,heap      ] GC(910) Eden regions: 47->0(47)
[2022-04-22T23:11:40.469+0800][gc,heap      ] GC(910) Survivor regions: 4->4(7)
[2022-04-22T23:11:40.469+0800][gc,heap      ] GC(910) Old regions: 169->169
[2022-04-22T23:11:40.469+0800][gc,heap      ] GC(910) Archive regions: 2->2
[2022-04-22T23:11:40.469+0800][gc,heap      ] GC(910) Humongous regions: 129->129
[2022-04-22T23:11:40.469+0800][gc,metaspace ] GC(910) Metaspace: 43600K->43600K(1089536K)
[2022-04-22T23:11:40.469+0800][gc           ] GC(910) Pause Young (Normal) (G1 Evacuation Pause) 348M->301M(1024M) 19.683ms
[2022-04-22T23:11:40.469+0800][gc,cpu       ] GC(910) User=0.05s Sys=0.02s Real=0.01s
[2022-04-22T23:11:56.704+0800][gc,start     ] GC(911) Pause Young (Normal) (G1 Evacuation Pause)
[2022-04-22T23:11:56.705+0800][gc,task      ] GC(911) Using 8 workers of 8 for evacuation
[2022-04-22T23:11:56.730+0800][gc,mmu       ] GC(911) MMU target violated: 21.0ms (20.0ms/21.0ms)
[2022-04-22T23:11:56.730+0800][gc,phases    ] GC(911)   Pre Evacuate Collection Set: 0.2ms
[2022-04-22T23:11:56.730+0800][gc,phases    ] GC(911)   Evacuate Collection Set: 23.0ms
[2022-04-22T23:11:56.730+0800][gc,phases    ] GC(911)   Post Evacuate Collection Set: 1.0ms
[2022-04-22T23:11:56.730+0800][gc,phases    ] GC(911)   Other: 2.4ms
[2022-04-22T23:11:56.730+0800][gc,heap      ] GC(911) Eden regions: 47->0(47)
[2022-04-22T23:11:56.730+0800][gc,heap      ] GC(911) Survivor regions: 4->4(7)
[2022-04-22T23:11:56.730+0800][gc,heap      ] GC(911) Old regions: 169->169
[2022-04-22T23:11:56.730+0800][gc,heap      ] GC(911) Archive regions: 2->2
[2022-04-22T23:11:56.730+0800][gc,heap      ] GC(911) Humongous regions: 129->129
[2022-04-22T23:11:56.730+0800][gc,metaspace ] GC(911) Metaspace: 43600K->43600K(1089536K)
[2022-04-22T23:11:56.730+0800][gc           ] GC(911) Pause Young (Normal) (G1 Evacuation Pause) 348M->302M(1024M) 26.599ms
[2022-04-22T23:11:56.730+0800][gc,cpu       ] GC(911) User=0.05s Sys=0.03s Real=0.03s
[2022-04-22T23:12:13.001+0800][gc,start     ] GC(912) Pause Young (Normal) (G1 Evacuation Pause)
[2022-04-22T23:12:13.001+0800][gc,task      ] GC(912) Using 8 workers of 8 for evacuation
[2022-04-22T23:12:13.013+0800][gc,phases    ] GC(912)   Pre Evacuate Collection Set: 0.1ms
[2022-04-22T23:12:13.013+0800][gc,phases    ] GC(912)   Evacuate Collection Set: 11.3ms
[2022-04-22T23:12:13.013+0800][gc,phases    ] GC(912)   Post Evacuate Collection Set: 0.5ms
[2022-04-22T23:12:13.013+0800][gc,phases    ] GC(912)   Other: 0.8ms
[2022-04-22T23:12:13.013+0800][gc,heap      ] GC(912) Eden regions: 47->0(47)
[2022-04-22T23:12:13.013+0800][gc,heap      ] GC(912) Survivor regions: 4->4(7)
[2022-04-22T23:12:13.013+0800][gc,heap      ] GC(912) Old regions: 169->169
[2022-04-22T23:12:13.014+0800][gc,heap      ] GC(912) Archive regions: 2->2
[2022-04-22T23:12:13.014+0800][gc,heap      ] GC(912) Humongous regions: 129->129
[2022-04-22T23:12:13.014+0800][gc,metaspace ] GC(912) Metaspace: 43600K->43600K(1089536K)
[2022-04-22T23:12:13.014+0800][gc           ] GC(912) Pause Young (Normal) (G1 Evacuation Pause) 349M->302M(1024M) 13.082ms
[2022-04-22T23:12:13.014+0800][gc,cpu       ] GC(912) User=0.03s Sys=0.01s Real=0.01s
[2022-04-22T23:12:29.378+0800][gc,start     ] GC(913) Pause Young (Normal) (G1 Evacuation Pause)
[2022-04-22T23:12:29.379+0800][gc,task      ] GC(913) Using 8 workers of 8 for evacuation
[2022-04-22T23:12:29.402+0800][gc,mmu       ] GC(913) MMU target violated: 21.0ms (20.0ms/21.0ms)
[2022-04-22T23:12:29.402+0800][gc,phases    ] GC(913)   Pre Evacuate Collection Set: 0.3ms
[2022-04-22T23:12:29.402+0800][gc,phases    ] GC(913)   Evacuate Collection Set: 20.2ms
[2022-04-22T23:12:29.402+0800][gc,phases    ] GC(913)   Post Evacuate Collection Set: 1.2ms
[2022-04-22T23:12:29.402+0800][gc,phases    ] GC(913)   Other: 2.8ms
[2022-04-22T23:12:29.402+0800][gc,heap      ] GC(913) Eden regions: 47->0(47)
[2022-04-22T23:12:29.402+0800][gc,heap      ] GC(913) Survivor regions: 4->4(7)
[2022-04-22T23:12:29.402+0800][gc,heap      ] GC(913) Old regions: 169->169
[2022-04-22T23:12:29.402+0800][gc,heap      ] GC(913) Archive regions: 2->2
[2022-04-22T23:12:29.402+0800][gc,heap      ] GC(913) Humongous regions: 129->129
[2022-04-22T23:12:29.402+0800][gc,metaspace ] GC(913) Metaspace: 43600K->43600K(1089536K)
[2022-04-22T23:12:29.402+0800][gc           ] GC(913) Pause Young (Normal) (G1 Evacuation Pause) 349M->302M(1024M) 24.681ms
[2022-04-22T23:12:29.402+0800][gc,cpu       ] GC(913) User=0.04s Sys=0.03s Real=0.03s
[2022-04-22T23:12:45.682+0800][gc,start     ] GC(914) Pause Young (Normal) (G1 Evacuation Pause)
[2022-04-22T23:12:45.683+0800][gc,task      ] GC(914) Using 8 workers of 8 for evacuation
[2022-04-22T23:12:45.714+0800][gc,mmu       ] GC(914) MMU target violated: 21.0ms (20.0ms/21.0ms)
[2022-04-22T23:12:45.714+0800][gc,phases    ] GC(914)   Pre Evacuate Collection Set: 0.3ms
[2022-04-22T23:12:45.714+0800][gc,phases    ] GC(914)   Evacuate Collection Set: 27.9ms
[2022-04-22T23:12:45.714+0800][gc,phases    ] GC(914)   Post Evacuate Collection Set: 1.6ms
[2022-04-22T23:12:45.714+0800][gc,phases    ] GC(914)   Other: 1.9ms
[2022-04-22T23:12:45.714+0800][gc,heap      ] GC(914) Eden regions: 47->0(47)
[2022-04-22T23:12:45.714+0800][gc,heap      ] GC(914) Survivor regions: 4->4(7)
[2022-04-22T23:12:45.714+0800][gc,heap      ] GC(914) Old regions: 169->169
[2022-04-22T23:12:45.714+0800][gc,heap      ] GC(914) Archive regions: 2->2
[2022-04-22T23:12:45.714+0800][gc,heap      ] GC(914) Humongous regions: 129->129
[2022-04-22T23:12:45.714+0800][gc,metaspace ] GC(914) Metaspace: 43600K->43600K(1089536K)
[2022-04-22T23:12:45.714+0800][gc           ] GC(914) Pause Young (Normal) (G1 Evacuation Pause) 349M->302M(1024M) 31.828ms
[2022-04-22T23:12:45.714+0800][gc,cpu       ] GC(914) User=0.05s Sys=0.03s Real=0.03s
[2022-04-22T23:13:02.007+0800][gc,start     ] GC(915) Pause Young (Normal) (G1 Evacuation Pause)
[2022-04-22T23:13:02.008+0800][gc,task      ] GC(915) Using 8 workers of 8 for evacuation
[2022-04-22T23:13:02.035+0800][gc,mmu       ] GC(915) MMU target violated: 21.0ms (20.0ms/21.0ms)
[2022-04-22T23:13:02.035+0800][gc,phases    ] GC(915)   Pre Evacuate Collection Set: 0.2ms
[2022-04-22T23:13:02.035+0800][gc,phases    ] GC(915)   Evacuate Collection Set: 25.5ms
[2022-04-22T23:13:02.035+0800][gc,phases    ] GC(915)   Post Evacuate Collection Set: 0.8ms
[2022-04-22T23:13:02.035+0800][gc,phases    ] GC(915)   Other: 2.3ms
[2022-04-22T23:13:02.035+0800][gc,heap      ] GC(915) Eden regions: 47->0(45)
[2022-04-22T23:13:02.035+0800][gc,heap      ] GC(915) Survivor regions: 4->6(7)
[2022-04-22T23:13:02.035+0800][gc,heap      ] GC(915) Old regions: 169->170
[2022-04-22T23:13:02.035+0800][gc,heap      ] GC(915) Archive regions: 2->2
[2022-04-22T23:13:02.035+0800][gc,heap      ] GC(915) Humongous regions: 129->129
[2022-04-22T23:13:02.035+0800][gc,metaspace ] GC(915) Metaspace: 43600K->43600K(1089536K)
[2022-04-22T23:13:02.036+0800][gc           ] GC(915) Pause Young (Normal) (G1 Evacuation Pause) 349M->304M(1024M) 28.939ms
[2022-04-22T23:13:02.036+0800][gc,cpu       ] GC(915) User=0.05s Sys=0.02s Real=0.03s
[2022-04-22T23:13:17.523+0800][gc,start     ] GC(916) Pause Young (Normal) (G1 Evacuation Pause)
[2022-04-22T23:13:17.525+0800][gc,task      ] GC(916) Using 8 workers of 8 for evacuation
[2022-04-22T23:13:17.585+0800][gc,mmu       ] GC(916) MMU target violated: 21.0ms (20.0ms/21.0ms)
[2022-04-22T23:13:17.585+0800][gc,phases    ] GC(916)   Pre Evacuate Collection Set: 0.2ms
[2022-04-22T23:13:17.585+0800][gc,phases    ] GC(916)   Evacuate Collection Set: 57.5ms
[2022-04-22T23:13:17.585+0800][gc,phases    ] GC(916)   Post Evacuate Collection Set: 1.1ms
[2022-04-22T23:13:17.585+0800][gc,phases    ] GC(916)   Other: 3.8ms
[2022-04-22T23:13:17.585+0800][gc,heap      ] GC(916) Eden regions: 45->0(47)
[2022-04-22T23:13:17.585+0800][gc,heap      ] GC(916) Survivor regions: 6->4(7)
[2022-04-22T23:13:17.585+0800][gc,heap      ] GC(916) Old regions: 170->171
[2022-04-22T23:13:17.585+0800][gc,heap      ] GC(916) Archive regions: 2->2
[2022-04-22T23:13:17.585+0800][gc,heap      ] GC(916) Humongous regions: 129->129
[2022-04-22T23:13:17.585+0800][gc,metaspace ] GC(916) Metaspace: 43600K->43600K(1089536K)
[2022-04-22T23:13:17.585+0800][gc           ] GC(916) Pause Young (Normal) (G1 Evacuation Pause) 349M->304M(1024M) 62.696ms
[2022-04-22T23:13:17.585+0800][gc,cpu       ] GC(916) User=0.03s Sys=0.03s Real=0.06s
[2022-04-22T23:13:33.906+0800][gc,start     ] GC(917) Pause Young (Normal) (G1 Evacuation Pause)
[2022-04-22T23:13:33.907+0800][gc,task      ] GC(917) Using 8 workers of 8 for evacuation
[2022-04-22T23:13:33.924+0800][gc,phases    ] GC(917)   Pre Evacuate Collection Set: 0.4ms
[2022-04-22T23:13:33.924+0800][gc,phases    ] GC(917)   Evacuate Collection Set: 14.1ms
[2022-04-22T23:13:33.924+0800][gc,phases    ] GC(917)   Post Evacuate Collection Set: 1.0ms
[2022-04-22T23:13:33.924+0800][gc,phases    ] GC(917)   Other: 2.1ms
[2022-04-22T23:13:33.924+0800][gc,heap      ] GC(917) Eden regions: 47->0(47)
[2022-04-22T23:13:33.924+0800][gc,heap      ] GC(917) Survivor regions: 4->4(7)
[2022-04-22T23:13:33.924+0800][gc,heap      ] GC(917) Old regions: 171->171
[2022-04-22T23:13:33.924+0800][gc,heap      ] GC(917) Archive regions: 2->2
[2022-04-22T23:13:33.924+0800][gc,heap      ] GC(917) Humongous regions: 129->129
[2022-04-22T23:13:33.924+0800][gc,metaspace ] GC(917) Metaspace: 43600K->43600K(1089536K)
[2022-04-22T23:13:33.924+0800][gc           ] GC(917) Pause Young (Normal) (G1 Evacuation Pause) 351M->304M(1024M) 17.903ms
[2022-04-22T23:13:33.924+0800][gc,cpu       ] GC(917) User=0.04s Sys=0.02s Real=0.02s
[2022-04-22T23:13:50.126+0800][gc,start     ] GC(918) Pause Young (Normal) (G1 Evacuation Pause)
[2022-04-22T23:13:50.140+0800][gc,task      ] GC(918) Using 8 workers of 8 for evacuation
[2022-04-22T23:13:50.174+0800][gc,mmu       ] GC(918) MMU target violated: 21.0ms (20.0ms/21.0ms)
[2022-04-22T23:13:50.174+0800][gc,phases    ] GC(918)   Pre Evacuate Collection Set: 0.3ms
[2022-04-22T23:13:50.174+0800][gc,phases    ] GC(918)   Evacuate Collection Set: 28.5ms
[2022-04-22T23:13:50.174+0800][gc,phases    ] GC(918)   Post Evacuate Collection Set: 0.9ms
[2022-04-22T23:13:50.174+0800][gc,phases    ] GC(918)   Other: 19.0ms
[2022-04-22T23:13:50.174+0800][gc,heap      ] GC(918) Eden regions: 47->0(47)
[2022-04-22T23:13:50.174+0800][gc,heap      ] GC(918) Survivor regions: 4->4(7)
[2022-04-22T23:13:50.174+0800][gc,heap      ] GC(918) Old regions: 171->172
[2022-04-22T23:13:50.174+0800][gc,heap      ] GC(918) Archive regions: 2->2
[2022-04-22T23:13:50.174+0800][gc,heap      ] GC(918) Humongous regions: 129->129
[2022-04-22T23:13:50.174+0800][gc,metaspace ] GC(918) Metaspace: 43600K->43600K(1089536K)
[2022-04-22T23:13:50.174+0800][gc           ] GC(918) Pause Young (Normal) (G1 Evacuation Pause) 351M->304M(1024M) 48.743ms
[2022-04-22T23:13:50.174+0800][gc,cpu       ] GC(918) User=0.05s Sys=0.04s Real=0.05s
[2022-04-22T23:14:06.530+0800][gc,start     ] GC(919) Pause Young (Normal) (G1 Evacuation Pause)
[2022-04-22T23:14:06.537+0800][gc,task      ] GC(919) Using 8 workers of 8 for evacuation
[2022-04-22T23:14:06.554+0800][gc,phases    ] GC(919)   Pre Evacuate Collection Set: 0.2ms
[2022-04-22T23:14:06.554+0800][gc,phases    ] GC(919)   Evacuate Collection Set: 14.3ms
[2022-04-22T23:14:06.554+0800][gc,phases    ] GC(919)   Post Evacuate Collection Set: 0.9ms
[2022-04-22T23:14:06.554+0800][gc,phases    ] GC(919)   Other: 9.4ms
[2022-04-22T23:14:06.554+0800][gc,heap      ] GC(919) Eden regions: 47->0(46)
[2022-04-22T23:14:06.554+0800][gc,heap      ] GC(919) Survivor regions: 4->5(7)
[2022-04-22T23:14:06.554+0800][gc,heap      ] GC(919) Old regions: 172->172
[2022-04-22T23:14:06.554+0800][gc,heap      ] GC(919) Archive regions: 2->2
[2022-04-22T23:14:06.554+0800][gc,heap      ] GC(919) Humongous regions: 129->129
[2022-04-22T23:14:06.554+0800][gc,metaspace ] GC(919) Metaspace: 43600K->43600K(1089536K)
[2022-04-22T23:14:06.554+0800][gc           ] GC(919) Pause Young (Normal) (G1 Evacuation Pause) 351M->305M(1024M) 24.223ms
[2022-04-22T23:14:06.554+0800][gc,cpu       ] GC(919) User=0.04s Sys=0.03s Real=0.02s
[2022-04-22T23:14:22.342+0800][gc,start     ] GC(920) Pause Young (Normal) (G1 Evacuation Pause)
[2022-04-22T23:14:22.344+0800][gc,task      ] GC(920) Using 8 workers of 8 for evacuation
[2022-04-22T23:14:22.381+0800][gc,mmu       ] GC(920) MMU target violated: 21.0ms (20.0ms/21.0ms)
[2022-04-22T23:14:22.381+0800][gc,phases    ] GC(920)   Pre Evacuate Collection Set: 0.3ms
[2022-04-22T23:14:22.381+0800][gc,phases    ] GC(920)   Evacuate Collection Set: 34.4ms
[2022-04-22T23:14:22.381+0800][gc,phases    ] GC(920)   Post Evacuate Collection Set: 0.8ms
[2022-04-22T23:14:22.381+0800][gc,phases    ] GC(920)   Other: 3.8ms
[2022-04-22T23:14:22.381+0800][gc,heap      ] GC(920) Eden regions: 46->0(47)
[2022-04-22T23:14:22.381+0800][gc,heap      ] GC(920) Survivor regions: 5->4(7)
[2022-04-22T23:14:22.381+0800][gc,heap      ] GC(920) Old regions: 172->172
[2022-04-22T23:14:22.381+0800][gc,heap      ] GC(920) Archive regions: 2->2
[2022-04-22T23:14:22.381+0800][gc,heap      ] GC(920) Humongous regions: 129->129
[2022-04-22T23:14:22.381+0800][gc,metaspace ] GC(920) Metaspace: 43600K->43600K(1089536K)
[2022-04-22T23:14:22.381+0800][gc           ] GC(920) Pause Young (Normal) (G1 Evacuation Pause) 351M->305M(1024M) 39.261ms
[2022-04-22T23:14:22.381+0800][gc,cpu       ] GC(920) User=0.04s Sys=0.04s Real=0.04s
[2022-04-22T23:14:38.578+0800][gc,start     ] GC(921) Pause Young (Normal) (G1 Evacuation Pause)
[2022-04-22T23:14:38.578+0800][gc,task      ] GC(921) Using 8 workers of 8 for evacuation
[2022-04-22T23:14:38.603+0800][gc,mmu       ] GC(921) MMU target violated: 21.0ms (20.0ms/21.0ms)
[2022-04-22T23:14:38.603+0800][gc,phases    ] GC(921)   Pre Evacuate Collection Set: 0.3ms
[2022-04-22T23:14:38.603+0800][gc,phases    ] GC(921)   Evacuate Collection Set: 22.3ms
[2022-04-22T23:14:38.603+0800][gc,phases    ] GC(921)   Post Evacuate Collection Set: 1.1ms
[2022-04-22T23:14:38.603+0800][gc,phases    ] GC(921)   Other: 1.8ms
[2022-04-22T23:14:38.603+0800][gc,heap      ] GC(921) Eden regions: 47->0(47)
[2022-04-22T23:14:38.603+0800][gc,heap      ] GC(921) Survivor regions: 4->4(7)
[2022-04-22T23:14:38.603+0800][gc,heap      ] GC(921) Old regions: 172->172
[2022-04-22T23:14:38.603+0800][gc,heap      ] GC(921) Archive regions: 2->2
[2022-04-22T23:14:38.603+0800][gc,heap      ] GC(921) Humongous regions: 129->129
[2022-04-22T23:14:38.603+0800][gc,metaspace ] GC(921) Metaspace: 43600K->43600K(1089536K)
[2022-04-22T23:14:38.603+0800][gc           ] GC(921) Pause Young (Normal) (G1 Evacuation Pause) 352M->305M(1024M) 25.471ms
[2022-04-22T23:14:38.603+0800][gc,cpu       ] GC(921) User=0.03s Sys=0.03s Real=0.03s
[2022-04-22T23:14:54.705+0800][gc,start     ] GC(922) Pause Young (Normal) (G1 Evacuation Pause)
[2022-04-22T23:14:54.706+0800][gc,task      ] GC(922) Using 8 workers of 8 for evacuation
[2022-04-22T23:14:54.746+0800][gc,mmu       ] GC(922) MMU target violated: 21.0ms (20.0ms/21.0ms)
[2022-04-22T23:14:54.746+0800][gc,phases    ] GC(922)   Pre Evacuate Collection Set: 0.4ms
[2022-04-22T23:14:54.746+0800][gc,phases    ] GC(922)   Evacuate Collection Set: 37.3ms
[2022-04-22T23:14:54.746+0800][gc,phases    ] GC(922)   Post Evacuate Collection Set: 1.3ms
[2022-04-22T23:14:54.746+0800][gc,phases    ] GC(922)   Other: 2.2ms
[2022-04-22T23:14:54.746+0800][gc,heap      ] GC(922) Eden regions: 47->0(45)
[2022-04-22T23:14:54.746+0800][gc,heap      ] GC(922) Survivor regions: 4->6(7)
[2022-04-22T23:14:54.746+0800][gc,heap      ] GC(922) Old regions: 172->173
[2022-04-22T23:14:54.746+0800][gc,heap      ] GC(922) Archive regions: 2->2
[2022-04-22T23:14:54.746+0800][gc,heap      ] GC(922) Humongous regions: 129->129
[2022-04-22T23:14:54.746+0800][gc,metaspace ] GC(922) Metaspace: 43600K->43600K(1089536K)
[2022-04-22T23:14:54.746+0800][gc           ] GC(922) Pause Young (Normal) (G1 Evacuation Pause) 352M->307M(1024M) 41.149ms
[2022-04-22T23:14:54.746+0800][gc,cpu       ] GC(922) User=0.05s Sys=0.05s Real=0.04s
[2022-04-22T23:15:10.100+0800][gc,start     ] GC(923) Pause Young (Normal) (G1 Evacuation Pause)
[2022-04-22T23:15:10.101+0800][gc,task      ] GC(923) Using 8 workers of 8 for evacuation
[2022-04-22T23:15:10.144+0800][gc,mmu       ] GC(923) MMU target violated: 21.0ms (20.0ms/21.0ms)
[2022-04-22T23:15:10.144+0800][gc,phases    ] GC(923)   Pre Evacuate Collection Set: 0.2ms
[2022-04-22T23:15:10.144+0800][gc,phases    ] GC(923)   Evacuate Collection Set: 41.3ms
[2022-04-22T23:15:10.144+0800][gc,phases    ] GC(923)   Post Evacuate Collection Set: 1.3ms
[2022-04-22T23:15:10.144+0800][gc,phases    ] GC(923)   Other: 1.3ms
[2022-04-22T23:15:10.144+0800][gc,heap      ] GC(923) Eden regions: 45->0(47)
[2022-04-22T23:15:10.144+0800][gc,heap      ] GC(923) Survivor regions: 6->4(7)
[2022-04-22T23:15:10.144+0800][gc,heap      ] GC(923) Old regions: 173->174
[2022-04-22T23:15:10.144+0800][gc,heap      ] GC(923) Archive regions: 2->2
[2022-04-22T23:15:10.144+0800][gc,heap      ] GC(923) Humongous regions: 129->129
[2022-04-22T23:15:10.144+0800][gc,metaspace ] GC(923) Metaspace: 43600K->43600K(1089536K)
[2022-04-22T23:15:10.144+0800][gc           ] GC(923) Pause Young (Normal) (G1 Evacuation Pause) 352M->307M(1024M) 44.208ms
[2022-04-22T23:15:10.144+0800][gc,cpu       ] GC(923) User=0.04s Sys=0.03s Real=0.04s
[2022-04-22T23:15:26.240+0800][gc,start     ] GC(924) Pause Young (Normal) (G1 Evacuation Pause)
[2022-04-22T23:15:26.240+0800][gc,task      ] GC(924) Using 8 workers of 8 for evacuation
[2022-04-22T23:15:26.254+0800][gc,phases    ] GC(924)   Pre Evacuate Collection Set: 0.2ms
[2022-04-22T23:15:26.254+0800][gc,phases    ] GC(924)   Evacuate Collection Set: 12.3ms
[2022-04-22T23:15:26.255+0800][gc,phases    ] GC(924)   Post Evacuate Collection Set: 1.3ms
[2022-04-22T23:15:26.255+0800][gc,phases    ] GC(924)   Other: 1.0ms
[2022-04-22T23:15:26.255+0800][gc,heap      ] GC(924) Eden regions: 47->0(47)
[2022-04-22T23:15:26.255+0800][gc,heap      ] GC(924) Survivor regions: 4->4(7)
[2022-04-22T23:15:26.255+0800][gc,heap      ] GC(924) Old regions: 174->174
[2022-04-22T23:15:26.255+0800][gc,heap      ] GC(924) Archive regions: 2->2
[2022-04-22T23:15:26.255+0800][gc,heap      ] GC(924) Humongous regions: 129->129
[2022-04-22T23:15:26.255+0800][gc,metaspace ] GC(924) Metaspace: 43600K->43600K(1089536K)
[2022-04-22T23:15:26.255+0800][gc           ] GC(924) Pause Young (Normal) (G1 Evacuation Pause) 354M->307M(1024M) 15.110ms
[2022-04-22T23:15:26.255+0800][gc,cpu       ] GC(924) User=0.04s Sys=0.00s Real=0.01s
[2022-04-22T23:15:42.469+0800][gc,start     ] GC(925) Pause Young (Normal) (G1 Evacuation Pause)
[2022-04-22T23:15:42.470+0800][gc,task      ] GC(925) Using 8 workers of 8 for evacuation
[2022-04-22T23:15:42.482+0800][gc,phases    ] GC(925)   Pre Evacuate Collection Set: 0.2ms
[2022-04-22T23:15:42.482+0800][gc,phases    ] GC(925)   Evacuate Collection Set: 11.0ms
[2022-04-22T23:15:42.482+0800][gc,phases    ] GC(925)   Post Evacuate Collection Set: 0.6ms
[2022-04-22T23:15:42.482+0800][gc,phases    ] GC(925)   Other: 1.1ms
[2022-04-22T23:15:42.482+0800][gc,heap      ] GC(925) Eden regions: 47->0(47)
[2022-04-22T23:15:42.482+0800][gc,heap      ] GC(925) Survivor regions: 4->4(7)
[2022-04-22T23:15:42.482+0800][gc,heap      ] GC(925) Old regions: 174->175
[2022-04-22T23:15:42.482+0800][gc,heap      ] GC(925) Archive regions: 2->2
[2022-04-22T23:15:42.482+0800][gc,heap      ] GC(925) Humongous regions: 129->129
[2022-04-22T23:15:42.482+0800][gc,metaspace ] GC(925) Metaspace: 43600K->43600K(1089536K)
[2022-04-22T23:15:42.482+0800][gc           ] GC(925) Pause Young (Normal) (G1 Evacuation Pause) 354M->307M(1024M) 13.046ms
[2022-04-22T23:15:42.482+0800][gc,cpu       ] GC(925) User=0.03s Sys=0.02s Real=0.02s
[2022-04-22T23:15:58.639+0800][gc,start     ] GC(926) Pause Young (Normal) (G1 Evacuation Pause)
[2022-04-22T23:15:58.640+0800][gc,task      ] GC(926) Using 8 workers of 8 for evacuation
[2022-04-22T23:15:58.656+0800][gc,phases    ] GC(926)   Pre Evacuate Collection Set: 0.2ms
[2022-04-22T23:15:58.656+0800][gc,phases    ] GC(926)   Evacuate Collection Set: 15.2ms
[2022-04-22T23:15:58.657+0800][gc,phases    ] GC(926)   Post Evacuate Collection Set: 0.6ms
[2022-04-22T23:15:58.657+0800][gc,phases    ] GC(926)   Other: 1.1ms
[2022-04-22T23:15:58.657+0800][gc,heap      ] GC(926) Eden regions: 47->0(47)
[2022-04-22T23:15:58.657+0800][gc,heap      ] GC(926) Survivor regions: 4->4(7)
[2022-04-22T23:15:58.657+0800][gc,heap      ] GC(926) Old regions: 175->175
[2022-04-22T23:15:58.657+0800][gc,heap      ] GC(926) Archive regions: 2->2
[2022-04-22T23:15:58.657+0800][gc,heap      ] GC(926) Humongous regions: 129->129
[2022-04-22T23:15:58.657+0800][gc,metaspace ] GC(926) Metaspace: 43600K->43600K(1089536K)
[2022-04-22T23:15:58.657+0800][gc           ] GC(926) Pause Young (Normal) (G1 Evacuation Pause) 354M->307M(1024M) 17.373ms
[2022-04-22T23:15:58.657+0800][gc,cpu       ] GC(926) User=0.04s Sys=0.01s Real=0.02s
[2022-04-22T23:16:14.810+0800][gc,start     ] GC(927) Pause Young (Normal) (G1 Evacuation Pause)
[2022-04-22T23:16:14.811+0800][gc,task      ] GC(927) Using 8 workers of 8 for evacuation
[2022-04-22T23:16:14.844+0800][gc,mmu       ] GC(927) MMU target violated: 21.0ms (20.0ms/21.0ms)
[2022-04-22T23:16:14.844+0800][gc,phases    ] GC(927)   Pre Evacuate Collection Set: 0.2ms
[2022-04-22T23:16:14.844+0800][gc,phases    ] GC(927)   Evacuate Collection Set: 30.6ms
[2022-04-22T23:16:14.844+0800][gc,phases    ] GC(927)   Post Evacuate Collection Set: 0.9ms
[2022-04-22T23:16:14.844+0800][gc,phases    ] GC(927)   Other: 2.5ms
[2022-04-22T23:16:14.844+0800][gc,heap      ] GC(927) Eden regions: 47->0(47)
[2022-04-22T23:16:14.844+0800][gc,heap      ] GC(927) Survivor regions: 4->4(7)
[2022-04-22T23:16:14.844+0800][gc,heap      ] GC(927) Old regions: 175->175
[2022-04-22T23:16:14.844+0800][gc,heap      ] GC(927) Archive regions: 2->2
[2022-04-22T23:16:14.844+0800][gc,heap      ] GC(927) Humongous regions: 129->129
[2022-04-22T23:16:14.844+0800][gc,metaspace ] GC(927) Metaspace: 43600K->43600K(1089536K)
[2022-04-22T23:16:14.844+0800][gc           ] GC(927) Pause Young (Normal) (G1 Evacuation Pause) 354M->308M(1024M) 34.325ms
[2022-04-22T23:16:14.844+0800][gc,cpu       ] GC(927) User=0.05s Sys=0.04s Real=0.03s
[2022-04-22T23:16:31.108+0800][gc,start     ] GC(928) Pause Young (Normal) (G1 Evacuation Pause)
[2022-04-22T23:16:31.110+0800][gc,task      ] GC(928) Using 8 workers of 8 for evacuation
[2022-04-22T23:16:31.124+0800][gc,phases    ] GC(928)   Pre Evacuate Collection Set: 0.2ms
[2022-04-22T23:16:31.125+0800][gc,phases    ] GC(928)   Evacuate Collection Set: 13.2ms
[2022-04-22T23:16:31.125+0800][gc,phases    ] GC(928)   Post Evacuate Collection Set: 0.7ms
[2022-04-22T23:16:31.125+0800][gc,phases    ] GC(928)   Other: 2.2ms
[2022-04-22T23:16:31.125+0800][gc,heap      ] GC(928) Eden regions: 47->0(47)
[2022-04-22T23:16:31.125+0800][gc,heap      ] GC(928) Survivor regions: 4->4(7)
[2022-04-22T23:16:31.125+0800][gc,heap      ] GC(928) Old regions: 175->175
[2022-04-22T23:16:31.125+0800][gc,heap      ] GC(928) Archive regions: 2->2
[2022-04-22T23:16:31.125+0800][gc,heap      ] GC(928) Humongous regions: 129->129
[2022-04-22T23:16:31.125+0800][gc,metaspace ] GC(928) Metaspace: 43600K->43600K(1089536K)
[2022-04-22T23:16:31.125+0800][gc           ] GC(928) Pause Young (Normal) (G1 Evacuation Pause) 355M->308M(1024M) 16.497ms
[2022-04-22T23:16:31.125+0800][gc,cpu       ] GC(928) User=0.05s Sys=0.01s Real=0.02s
[2022-04-22T23:16:47.455+0800][gc,start     ] GC(929) Pause Young (Normal) (G1 Evacuation Pause)
[2022-04-22T23:16:47.457+0800][gc,task      ] GC(929) Using 8 workers of 8 for evacuation
[2022-04-22T23:16:47.483+0800][gc,mmu       ] GC(929) MMU target violated: 21.0ms (20.0ms/21.0ms)
[2022-04-22T23:16:47.483+0800][gc,phases    ] GC(929)   Pre Evacuate Collection Set: 0.2ms
[2022-04-22T23:16:47.484+0800][gc,phases    ] GC(929)   Evacuate Collection Set: 24.0ms
[2022-04-22T23:16:47.484+0800][gc,phases    ] GC(929)   Post Evacuate Collection Set: 1.3ms
[2022-04-22T23:16:47.484+0800][gc,phases    ] GC(929)   Other: 2.7ms
[2022-04-22T23:16:47.484+0800][gc,heap      ] GC(929) Eden regions: 47->0(45)
[2022-04-22T23:16:47.484+0800][gc,heap      ] GC(929) Survivor regions: 4->6(7)
[2022-04-22T23:16:47.484+0800][gc,heap      ] GC(929) Old regions: 175->175
[2022-04-22T23:16:47.484+0800][gc,heap      ] GC(929) Archive regions: 2->2
[2022-04-22T23:16:47.484+0800][gc,heap      ] GC(929) Humongous regions: 129->129
[2022-04-22T23:16:47.484+0800][gc,metaspace ] GC(929) Metaspace: 43600K->43600K(1089536K)
[2022-04-22T23:16:47.484+0800][gc           ] GC(929) Pause Young (Normal) (G1 Evacuation Pause) 355M->309M(1024M) 28.407ms
[2022-04-22T23:16:47.484+0800][gc,cpu       ] GC(929) User=0.05s Sys=0.03s Real=0.03s
[2022-04-22T23:17:03.670+0800][gc,start     ] GC(930) Pause Young (Normal) (G1 Evacuation Pause)
[2022-04-22T23:17:03.671+0800][gc,task      ] GC(930) Using 8 workers of 8 for evacuation
[2022-04-22T23:17:03.703+0800][gc,mmu       ] GC(930) MMU target violated: 21.0ms (20.0ms/21.0ms)
[2022-04-22T23:17:03.703+0800][gc,phases    ] GC(930)   Pre Evacuate Collection Set: 0.3ms
[2022-04-22T23:17:03.703+0800][gc,phases    ] GC(930)   Evacuate Collection Set: 30.3ms
[2022-04-22T23:17:03.703+0800][gc,phases    ] GC(930)   Post Evacuate Collection Set: 0.7ms
[2022-04-22T23:17:03.703+0800][gc,phases    ] GC(930)   Other: 1.9ms
[2022-04-22T23:17:03.703+0800][gc,heap      ] GC(930) Eden regions: 45->0(47)
[2022-04-22T23:17:03.703+0800][gc,heap      ] GC(930) Survivor regions: 6->4(7)
[2022-04-22T23:17:03.703+0800][gc,heap      ] GC(930) Old regions: 175->177
[2022-04-22T23:17:03.703+0800][gc,heap      ] GC(930) Archive regions: 2->2
[2022-04-22T23:17:03.703+0800][gc,heap      ] GC(930) Humongous regions: 129->129
[2022-04-22T23:17:03.703+0800][gc,metaspace ] GC(930) Metaspace: 43600K->43600K(1089536K)
[2022-04-22T23:17:03.704+0800][gc           ] GC(930) Pause Young (Normal) (G1 Evacuation Pause) 354M->309M(1024M) 33.420ms
[2022-04-22T23:17:03.704+0800][gc,cpu       ] GC(930) User=0.05s Sys=0.03s Real=0.03s
[2022-04-22T23:17:19.923+0800][gc,start     ] GC(931) Pause Young (Normal) (G1 Evacuation Pause)
[2022-04-22T23:17:19.925+0800][gc,task      ] GC(931) Using 8 workers of 8 for evacuation
[2022-04-22T23:17:19.942+0800][gc,phases    ] GC(931)   Pre Evacuate Collection Set: 0.2ms
[2022-04-22T23:17:19.942+0800][gc,phases    ] GC(931)   Evacuate Collection Set: 14.5ms
[2022-04-22T23:17:19.942+0800][gc,phases    ] GC(931)   Post Evacuate Collection Set: 1.3ms
[2022-04-22T23:17:19.942+0800][gc,phases    ] GC(931)   Other: 2.4ms
[2022-04-22T23:17:19.942+0800][gc,heap      ] GC(931) Eden regions: 47->0(46)
[2022-04-22T23:17:19.942+0800][gc,heap      ] GC(931) Survivor regions: 4->5(7)
[2022-04-22T23:17:19.942+0800][gc,heap      ] GC(931) Old regions: 177->177
[2022-04-22T23:17:19.942+0800][gc,heap      ] GC(931) Archive regions: 2->2
[2022-04-22T23:17:19.942+0800][gc,heap      ] GC(931) Humongous regions: 129->129
[2022-04-22T23:17:19.942+0800][gc,metaspace ] GC(931) Metaspace: 43600K->43600K(1089536K)
[2022-04-22T23:17:19.942+0800][gc           ] GC(931) Pause Young (Normal) (G1 Evacuation Pause) 356M->310M(1024M) 18.555ms
[2022-04-22T23:17:19.942+0800][gc,cpu       ] GC(931) User=0.03s Sys=0.00s Real=0.02s
[2022-04-22T23:17:35.772+0800][gc,start     ] GC(932) Pause Young (Normal) (G1 Evacuation Pause)
[2022-04-22T23:17:35.772+0800][gc,task      ] GC(932) Using 8 workers of 8 for evacuation
[2022-04-22T23:17:35.791+0800][gc,phases    ] GC(932)   Pre Evacuate Collection Set: 0.2ms
[2022-04-22T23:17:35.791+0800][gc,phases    ] GC(932)   Evacuate Collection Set: 17.4ms
[2022-04-22T23:17:35.791+0800][gc,phases    ] GC(932)   Post Evacuate Collection Set: 0.7ms
[2022-04-22T23:17:35.791+0800][gc,phases    ] GC(932)   Other: 1.0ms
[2022-04-22T23:17:35.791+0800][gc,heap      ] GC(932) Eden regions: 46->0(47)
[2022-04-22T23:17:35.791+0800][gc,heap      ] GC(932) Survivor regions: 5->4(7)
[2022-04-22T23:17:35.791+0800][gc,heap      ] GC(932) Old regions: 177->177
[2022-04-22T23:17:35.791+0800][gc,heap      ] GC(932) Archive regions: 2->2
[2022-04-22T23:17:35.791+0800][gc,heap      ] GC(932) Humongous regions: 129->129
[2022-04-22T23:17:35.791+0800][gc,metaspace ] GC(932) Metaspace: 43600K->43600K(1089536K)
[2022-04-22T23:17:35.791+0800][gc           ] GC(932) Pause Young (Normal) (G1 Evacuation Pause) 356M->310M(1024M) 19.317ms
[2022-04-22T23:17:35.791+0800][gc,cpu       ] GC(932) User=0.03s Sys=0.03s Real=0.02s
[2022-04-22T23:17:52.153+0800][gc,start     ] GC(933) Pause Young (Normal) (G1 Evacuation Pause)
[2022-04-22T23:17:52.154+0800][gc,task      ] GC(933) Using 8 workers of 8 for evacuation
[2022-04-22T23:17:52.175+0800][gc,mmu       ] GC(933) MMU target violated: 21.0ms (20.0ms/21.0ms)
[2022-04-22T23:17:52.175+0800][gc,phases    ] GC(933)   Pre Evacuate Collection Set: 0.2ms
[2022-04-22T23:17:52.175+0800][gc,phases    ] GC(933)   Evacuate Collection Set: 19.9ms
[2022-04-22T23:17:52.175+0800][gc,phases    ] GC(933)   Post Evacuate Collection Set: 0.7ms
[2022-04-22T23:17:52.175+0800][gc,phases    ] GC(933)   Other: 1.4ms
[2022-04-22T23:17:52.175+0800][gc,heap      ] GC(933) Eden regions: 47->0(47)
[2022-04-22T23:17:52.175+0800][gc,heap      ] GC(933) Survivor regions: 4->4(7)
[2022-04-22T23:17:52.175+0800][gc,heap      ] GC(933) Old regions: 177->177
[2022-04-22T23:17:52.175+0800][gc,heap      ] GC(933) Archive regions: 2->2
[2022-04-22T23:17:52.175+0800][gc,heap      ] GC(933) Humongous regions: 129->129
[2022-04-22T23:17:52.176+0800][gc,metaspace ] GC(933) Metaspace: 43600K->43600K(1089536K)
[2022-04-22T23:17:52.176+0800][gc           ] GC(933) Pause Young (Normal) (G1 Evacuation Pause) 357M->310M(1024M) 22.242ms
[2022-04-22T23:17:52.176+0800][gc,cpu       ] GC(933) User=0.04s Sys=0.01s Real=0.02s
[2022-04-22T23:18:08.408+0800][gc,start     ] GC(934) Pause Young (Normal) (G1 Evacuation Pause)
[2022-04-22T23:18:08.409+0800][gc,task      ] GC(934) Using 8 workers of 8 for evacuation
[2022-04-22T23:18:08.423+0800][gc,phases    ] GC(934)   Pre Evacuate Collection Set: 0.2ms
[2022-04-22T23:18:08.423+0800][gc,phases    ] GC(934)   Evacuate Collection Set: 12.7ms
[2022-04-22T23:18:08.423+0800][gc,phases    ] GC(934)   Post Evacuate Collection Set: 0.9ms
[2022-04-22T23:18:08.423+0800][gc,phases    ] GC(934)   Other: 1.3ms
[2022-04-22T23:18:08.423+0800][gc,heap      ] GC(934) Eden regions: 47->0(47)
[2022-04-22T23:18:08.423+0800][gc,heap      ] GC(934) Survivor regions: 4->4(7)
[2022-04-22T23:18:08.423+0800][gc,heap      ] GC(934) Old regions: 177->177
[2022-04-22T23:18:08.423+0800][gc,heap      ] GC(934) Archive regions: 2->2
[2022-04-22T23:18:08.423+0800][gc,heap      ] GC(934) Humongous regions: 129->129
[2022-04-22T23:18:08.423+0800][gc,metaspace ] GC(934) Metaspace: 43600K->43600K(1089536K)
[2022-04-22T23:18:08.423+0800][gc           ] GC(934) Pause Young (Normal) (G1 Evacuation Pause) 357M->310M(1024M) 15.366ms
[2022-04-22T23:18:08.424+0800][gc,cpu       ] GC(934) User=0.03s Sys=0.01s Real=0.02s
[2022-04-22T23:18:24.747+0800][gc,start     ] GC(935) Pause Young (Normal) (G1 Evacuation Pause)
[2022-04-22T23:18:24.748+0800][gc,task      ] GC(935) Using 8 workers of 8 for evacuation
[2022-04-22T23:18:24.770+0800][gc,mmu       ] GC(935) MMU target violated: 21.0ms (20.0ms/21.0ms)
[2022-04-22T23:18:24.770+0800][gc,phases    ] GC(935)   Pre Evacuate Collection Set: 0.2ms
[2022-04-22T23:18:24.770+0800][gc,phases    ] GC(935)   Evacuate Collection Set: 20.2ms
[2022-04-22T23:18:24.770+0800][gc,phases    ] GC(935)   Post Evacuate Collection Set: 0.6ms
[2022-04-22T23:18:24.770+0800][gc,phases    ] GC(935)   Other: 2.3ms
[2022-04-22T23:18:24.770+0800][gc,heap      ] GC(935) Eden regions: 47->0(47)
[2022-04-22T23:18:24.770+0800][gc,heap      ] GC(935) Survivor regions: 4->6(7)
[2022-04-22T23:18:24.770+0800][gc,heap      ] GC(935) Old regions: 177->178
[2022-04-22T23:18:24.770+0800][gc,heap      ] GC(935) Archive regions: 2->2
[2022-04-22T23:18:24.770+0800][gc,heap      ] GC(935) Humongous regions: 129->129
[2022-04-22T23:18:24.770+0800][gc,metaspace ] GC(935) Metaspace: 43600K->43600K(1089536K)
[2022-04-22T23:18:24.770+0800][gc           ] GC(935) Pause Young (Normal) (G1 Evacuation Pause) 357M->312M(1024M) 23.577ms
[2022-04-22T23:18:24.770+0800][gc,cpu       ] GC(935) User=0.04s Sys=0.01s Real=0.03s
[2022-04-22T23:18:41.140+0800][gc,start     ] GC(936) Pause Young (Normal) (G1 Evacuation Pause)
[2022-04-22T23:18:41.141+0800][gc,task      ] GC(936) Using 8 workers of 8 for evacuation
[2022-04-22T23:18:41.176+0800][gc,mmu       ] GC(936) MMU target violated: 21.0ms (20.0ms/21.0ms)
[2022-04-22T23:18:41.176+0800][gc,phases    ] GC(936)   Pre Evacuate Collection Set: 4.4ms
[2022-04-22T23:18:41.176+0800][gc,phases    ] GC(936)   Evacuate Collection Set: 25.7ms
[2022-04-22T23:18:41.176+0800][gc,phases    ] GC(936)   Post Evacuate Collection Set: 1.8ms
[2022-04-22T23:18:41.176+0800][gc,phases    ] GC(936)   Other: 3.6ms
[2022-04-22T23:18:41.176+0800][gc,heap      ] GC(936) Eden regions: 47->0(46)
[2022-04-22T23:18:41.176+0800][gc,heap      ] GC(936) Survivor regions: 6->5(7)
[2022-04-22T23:18:41.176+0800][gc,heap      ] GC(936) Old regions: 178->179
[2022-04-22T23:18:41.176+0800][gc,heap      ] GC(936) Archive regions: 2->2
[2022-04-22T23:18:41.176+0800][gc,heap      ] GC(936) Humongous regions: 129->129
[2022-04-22T23:18:41.176+0800][gc,metaspace ] GC(936) Metaspace: 43600K->43600K(1089536K)
[2022-04-22T23:18:41.176+0800][gc           ] GC(936) Pause Young (Normal) (G1 Evacuation Pause) 359M->312M(1024M) 35.491ms
[2022-04-22T23:18:41.176+0800][gc,cpu       ] GC(936) User=0.04s Sys=0.04s Real=0.03s
[2022-04-22T23:18:57.035+0800][gc,start     ] GC(937) Pause Young (Normal) (G1 Evacuation Pause)
[2022-04-22T23:18:57.037+0800][gc,task      ] GC(937) Using 8 workers of 8 for evacuation
[2022-04-22T23:18:57.052+0800][gc,phases    ] GC(937)   Pre Evacuate Collection Set: 0.2ms
[2022-04-22T23:18:57.052+0800][gc,phases    ] GC(937)   Evacuate Collection Set: 13.6ms
[2022-04-22T23:18:57.052+0800][gc,phases    ] GC(937)   Post Evacuate Collection Set: 0.3ms
[2022-04-22T23:18:57.052+0800][gc,phases    ] GC(937)   Other: 2.6ms
[2022-04-22T23:18:57.052+0800][gc,heap      ] GC(937) Eden regions: 46->0(47)
[2022-04-22T23:18:57.052+0800][gc,heap      ] GC(937) Survivor regions: 5->4(7)
[2022-04-22T23:18:57.052+0800][gc,heap      ] GC(937) Old regions: 179->180
[2022-04-22T23:18:57.052+0800][gc,heap      ] GC(937) Archive regions: 2->2
[2022-04-22T23:18:57.052+0800][gc,heap      ] GC(937) Humongous regions: 129->129
[2022-04-22T23:18:57.052+0800][gc,metaspace ] GC(937) Metaspace: 43600K->43600K(1089536K)
[2022-04-22T23:18:57.052+0800][gc           ] GC(937) Pause Young (Normal) (G1 Evacuation Pause) 358M->313M(1024M) 16.732ms
[2022-04-22T23:18:57.052+0800][gc,cpu       ] GC(937) User=0.04s Sys=0.01s Real=0.02s
[2022-04-22T23:19:13.429+0800][gc,start     ] GC(938) Pause Young (Normal) (G1 Evacuation Pause)
[2022-04-22T23:19:13.438+0800][gc,task      ] GC(938) Using 8 workers of 8 for evacuation
[2022-04-22T23:19:13.462+0800][gc,mmu       ] GC(938) MMU target violated: 21.0ms (20.0ms/21.0ms)
[2022-04-22T23:19:13.462+0800][gc,phases    ] GC(938)   Pre Evacuate Collection Set: 0.4ms
[2022-04-22T23:19:13.462+0800][gc,phases    ] GC(938)   Evacuate Collection Set: 21.8ms
[2022-04-22T23:19:13.462+0800][gc,phases    ] GC(938)   Post Evacuate Collection Set: 1.4ms
[2022-04-22T23:19:13.462+0800][gc,phases    ] GC(938)   Other: 10.2ms
[2022-04-22T23:19:13.462+0800][gc,heap      ] GC(938) Eden regions: 47->0(47)
[2022-04-22T23:19:13.463+0800][gc,heap      ] GC(938) Survivor regions: 4->4(7)
[2022-04-22T23:19:13.463+0800][gc,heap      ] GC(938) Old regions: 180->180
[2022-04-22T23:19:13.463+0800][gc,heap      ] GC(938) Archive regions: 2->2
[2022-04-22T23:19:13.463+0800][gc,heap      ] GC(938) Humongous regions: 129->129
[2022-04-22T23:19:13.463+0800][gc,metaspace ] GC(938) Metaspace: 43600K->43600K(1089536K)
[2022-04-22T23:19:13.463+0800][gc           ] GC(938) Pause Young (Normal) (G1 Evacuation Pause) 360M->313M(1024M) 34.167ms
[2022-04-22T23:19:13.463+0800][gc,cpu       ] GC(938) User=0.05s Sys=0.03s Real=0.04s
[2022-04-22T23:19:29.595+0800][gc,start     ] GC(939) Pause Young (Normal) (G1 Evacuation Pause)
[2022-04-22T23:19:29.595+0800][gc,task      ] GC(939) Using 8 workers of 8 for evacuation
[2022-04-22T23:19:29.621+0800][gc,mmu       ] GC(939) MMU target violated: 21.0ms (20.0ms/21.0ms)
[2022-04-22T23:19:29.621+0800][gc,phases    ] GC(939)   Pre Evacuate Collection Set: 0.2ms
[2022-04-22T23:19:29.621+0800][gc,phases    ] GC(939)   Evacuate Collection Set: 23.6ms
[2022-04-22T23:19:29.621+0800][gc,phases    ] GC(939)   Post Evacuate Collection Set: 1.2ms
[2022-04-22T23:19:29.621+0800][gc,phases    ] GC(939)   Other: 1.2ms
[2022-04-22T23:19:29.621+0800][gc,heap      ] GC(939) Eden regions: 47->0(47)
[2022-04-22T23:19:29.621+0800][gc,heap      ] GC(939) Survivor regions: 4->4(7)
[2022-04-22T23:19:29.621+0800][gc,heap      ] GC(939) Old regions: 180->180
[2022-04-22T23:19:29.621+0800][gc,heap      ] GC(939) Archive regions: 2->2
[2022-04-22T23:19:29.621+0800][gc,heap      ] GC(939) Humongous regions: 129->129
[2022-04-22T23:19:29.621+0800][gc,metaspace ] GC(939) Metaspace: 43600K->43600K(1089536K)
[2022-04-22T23:19:29.621+0800][gc           ] GC(939) Pause Young (Normal) (G1 Evacuation Pause) 360M->313M(1024M) 26.310ms
[2022-04-22T23:19:29.621+0800][gc,cpu       ] GC(939) User=0.04s Sys=0.02s Real=0.03s
[2022-04-22T23:19:45.839+0800][gc,start     ] GC(940) Pause Young (Normal) (G1 Evacuation Pause)
[2022-04-22T23:19:45.840+0800][gc,task      ] GC(940) Using 8 workers of 8 for evacuation
[2022-04-22T23:19:45.855+0800][gc,phases    ] GC(940)   Pre Evacuate Collection Set: 0.2ms
[2022-04-22T23:19:45.855+0800][gc,phases    ] GC(940)   Evacuate Collection Set: 13.3ms
[2022-04-22T23:19:45.855+0800][gc,phases    ] GC(940)   Post Evacuate Collection Set: 0.6ms
[2022-04-22T23:19:45.856+0800][gc,phases    ] GC(940)   Other: 2.1ms
[2022-04-22T23:19:45.856+0800][gc,heap      ] GC(940) Eden regions: 47->0(47)
[2022-04-22T23:19:45.856+0800][gc,heap      ] GC(940) Survivor regions: 4->4(7)
[2022-04-22T23:19:45.856+0800][gc,heap      ] GC(940) Old regions: 180->180
[2022-04-22T23:19:45.856+0800][gc,heap      ] GC(940) Archive regions: 2->2
[2022-04-22T23:19:45.856+0800][gc,heap      ] GC(940) Humongous regions: 129->129
[2022-04-22T23:19:45.856+0800][gc,metaspace ] GC(940) Metaspace: 43600K->43600K(1089536K)
[2022-04-22T23:19:45.856+0800][gc           ] GC(940) Pause Young (Normal) (G1 Evacuation Pause) 360M->313M(1024M) 16.615ms
[2022-04-22T23:19:45.856+0800][gc,cpu       ] GC(940) User=0.04s Sys=0.01s Real=0.02s
[2022-04-22T23:20:02.007+0800][gc,start     ] GC(941) Pause Young (Normal) (G1 Evacuation Pause)
[2022-04-22T23:20:02.008+0800][gc,task      ] GC(941) Using 8 workers of 8 for evacuation
[2022-04-22T23:20:02.041+0800][gc,mmu       ] GC(941) MMU target violated: 21.0ms (20.0ms/21.0ms)
[2022-04-22T23:20:02.041+0800][gc,phases    ] GC(941)   Pre Evacuate Collection Set: 0.3ms
[2022-04-22T23:20:02.041+0800][gc,phases    ] GC(941)   Evacuate Collection Set: 30.3ms
[2022-04-22T23:20:02.042+0800][gc,phases    ] GC(941)   Post Evacuate Collection Set: 1.3ms
[2022-04-22T23:20:02.042+0800][gc,phases    ] GC(941)   Other: 2.1ms
[2022-04-22T23:20:02.042+0800][gc,heap      ] GC(941) Eden regions: 47->0(47)
[2022-04-22T23:20:02.042+0800][gc,heap      ] GC(941) Survivor regions: 4->4(7)
[2022-04-22T23:20:02.042+0800][gc,heap      ] GC(941) Old regions: 180->181
[2022-04-22T23:20:02.042+0800][gc,heap      ] GC(941) Archive regions: 2->2
[2022-04-22T23:20:02.042+0800][gc,heap      ] GC(941) Humongous regions: 129->129
[2022-04-22T23:20:02.042+0800][gc,metaspace ] GC(941) Metaspace: 43600K->43600K(1089536K)
[2022-04-22T23:20:02.042+0800][gc           ] GC(941) Pause Young (Normal) (G1 Evacuation Pause) 360M->313M(1024M) 34.249ms
[2022-04-22T23:20:02.042+0800][gc,cpu       ] GC(941) User=0.05s Sys=0.03s Real=0.04s
[2022-04-22T23:20:18.474+0800][gc,start     ] GC(942) Pause Young (Normal) (G1 Evacuation Pause)
[2022-04-22T23:20:18.474+0800][gc,task      ] GC(942) Using 8 workers of 8 for evacuation
[2022-04-22T23:20:18.490+0800][gc,phases    ] GC(942)   Pre Evacuate Collection Set: 0.3ms
[2022-04-22T23:20:18.490+0800][gc,phases    ] GC(942)   Evacuate Collection Set: 13.9ms
[2022-04-22T23:20:18.490+0800][gc,phases    ] GC(942)   Post Evacuate Collection Set: 0.7ms
[2022-04-22T23:20:18.490+0800][gc,phases    ] GC(942)   Other: 1.3ms
[2022-04-22T23:20:18.490+0800][gc,heap      ] GC(942) Eden regions: 47->0(46)
[2022-04-22T23:20:18.490+0800][gc,heap      ] GC(942) Survivor regions: 4->5(7)
[2022-04-22T23:20:18.490+0800][gc,heap      ] GC(942) Old regions: 181->181
[2022-04-22T23:20:18.490+0800][gc,heap      ] GC(942) Archive regions: 2->2
[2022-04-22T23:20:18.490+0800][gc,heap      ] GC(942) Humongous regions: 129->129
[2022-04-22T23:20:18.490+0800][gc,metaspace ] GC(942) Metaspace: 43600K->43600K(1089536K)
[2022-04-22T23:20:18.490+0800][gc           ] GC(942) Pause Young (Normal) (G1 Evacuation Pause) 360M->314M(1024M) 16.299ms
[2022-04-22T23:20:18.490+0800][gc,cpu       ] GC(942) User=0.05s Sys=0.01s Real=0.02s
[2022-04-22T23:20:34.501+0800][gc,start     ] GC(943) Pause Young (Normal) (G1 Evacuation Pause)
[2022-04-22T23:20:34.501+0800][gc,task      ] GC(943) Using 8 workers of 8 for evacuation
[2022-04-22T23:20:34.521+0800][gc,phases    ] GC(943)   Pre Evacuate Collection Set: 0.2ms
[2022-04-22T23:20:34.521+0800][gc,phases    ] GC(943)   Evacuate Collection Set: 18.8ms
[2022-04-22T23:20:34.521+0800][gc,phases    ] GC(943)   Post Evacuate Collection Set: 0.5ms
[2022-04-22T23:20:34.521+0800][gc,phases    ] GC(943)   Other: 0.9ms
[2022-04-22T23:20:34.521+0800][gc,heap      ] GC(943) Eden regions: 46->0(46)
[2022-04-22T23:20:34.521+0800][gc,heap      ] GC(943) Survivor regions: 5->6(7)
[2022-04-22T23:20:34.521+0800][gc,heap      ] GC(943) Old regions: 181->181
[2022-04-22T23:20:34.521+0800][gc,heap      ] GC(943) Archive regions: 2->2
[2022-04-22T23:20:34.521+0800][gc,heap      ] GC(943) Humongous regions: 129->129
[2022-04-22T23:20:34.521+0800][gc,metaspace ] GC(943) Metaspace: 43600K->43600K(1089536K)
[2022-04-22T23:20:34.521+0800][gc           ] GC(943) Pause Young (Normal) (G1 Evacuation Pause) 360M->315M(1024M) 20.518ms
[2022-04-22T23:20:34.521+0800][gc,cpu       ] GC(943) User=0.05s Sys=0.01s Real=0.02s
[2022-04-22T23:20:51.697+0800][gc,start     ] GC(944) Pause Young (Normal) (G1 Evacuation Pause)
[2022-04-22T23:20:51.698+0800][gc,task      ] GC(944) Using 8 workers of 8 for evacuation
[2022-04-22T23:20:51.723+0800][gc,mmu       ] GC(944) MMU target violated: 21.0ms (20.0ms/21.0ms)
[2022-04-22T23:20:51.723+0800][gc,phases    ] GC(944)   Pre Evacuate Collection Set: 0.2ms
[2022-04-22T23:20:51.723+0800][gc,phases    ] GC(944)   Evacuate Collection Set: 23.9ms
[2022-04-22T23:20:51.723+0800][gc,phases    ] GC(944)   Post Evacuate Collection Set: 0.5ms
[2022-04-22T23:20:51.723+0800][gc,phases    ] GC(944)   Other: 1.5ms
[2022-04-22T23:20:51.723+0800][gc,heap      ] GC(944) Eden regions: 45->0(47)
[2022-04-22T23:20:51.723+0800][gc,heap      ] GC(944) Survivor regions: 6->4(7)
[2022-04-22T23:20:51.723+0800][gc,heap      ] GC(944) Old regions: 181->183
[2022-04-22T23:20:51.723+0800][gc,heap      ] GC(944) Archive regions: 2->2
[2022-04-22T23:20:51.723+0800][gc,heap      ] GC(944) Humongous regions: 129->129
[2022-04-22T23:20:51.723+0800][gc,metaspace ] GC(944) Metaspace: 43600K->43600K(1089536K)
[2022-04-22T23:20:51.723+0800][gc           ] GC(944) Pause Young (Normal) (G1 Evacuation Pause) 360M->315M(1024M) 26.086ms
[2022-04-22T23:20:51.723+0800][gc,cpu       ] GC(944) User=0.03s Sys=0.01s Real=0.03s
[2022-04-22T23:21:08.326+0800][gc,start     ] GC(945) Pause Young (Normal) (G1 Evacuation Pause)
[2022-04-22T23:21:08.327+0800][gc,task      ] GC(945) Using 8 workers of 8 for evacuation
[2022-04-22T23:21:08.339+0800][gc,phases    ] GC(945)   Pre Evacuate Collection Set: 0.2ms
[2022-04-22T23:21:08.339+0800][gc,phases    ] GC(945)   Evacuate Collection Set: 11.7ms
[2022-04-22T23:21:08.339+0800][gc,phases    ] GC(945)   Post Evacuate Collection Set: 0.5ms
[2022-04-22T23:21:08.339+0800][gc,phases    ] GC(945)   Other: 0.9ms
[2022-04-22T23:21:08.339+0800][gc,heap      ] GC(945) Eden regions: 47->0(47)
[2022-04-22T23:21:08.339+0800][gc,heap      ] GC(945) Survivor regions: 4->4(7)
[2022-04-22T23:21:08.339+0800][gc,heap      ] GC(945) Old regions: 183->183
[2022-04-22T23:21:08.340+0800][gc,heap      ] GC(945) Archive regions: 2->2
[2022-04-22T23:21:08.340+0800][gc,heap      ] GC(945) Humongous regions: 129->129
[2022-04-22T23:21:08.340+0800][gc,metaspace ] GC(945) Metaspace: 43600K->43600K(1089536K)
[2022-04-22T23:21:08.340+0800][gc           ] GC(945) Pause Young (Normal) (G1 Evacuation Pause) 362M->315M(1024M) 13.416ms
[2022-04-22T23:21:08.340+0800][gc,cpu       ] GC(945) User=0.04s Sys=0.00s Real=0.02s
[2022-04-22T23:21:24.870+0800][gc,start     ] GC(946) Pause Young (Normal) (G1 Evacuation Pause)
[2022-04-22T23:21:24.871+0800][gc,task      ] GC(946) Using 8 workers of 8 for evacuation
[2022-04-22T23:21:24.897+0800][gc,mmu       ] GC(946) MMU target violated: 21.0ms (20.0ms/21.0ms)
[2022-04-22T23:21:24.897+0800][gc,phases    ] GC(946)   Pre Evacuate Collection Set: 0.4ms
[2022-04-22T23:21:24.897+0800][gc,phases    ] GC(946)   Evacuate Collection Set: 24.1ms
[2022-04-22T23:21:24.897+0800][gc,phases    ] GC(946)   Post Evacuate Collection Set: 0.7ms
[2022-04-22T23:21:24.897+0800][gc,phases    ] GC(946)   Other: 1.6ms
[2022-04-22T23:21:24.897+0800][gc,heap      ] GC(946) Eden regions: 47->0(47)
[2022-04-22T23:21:24.897+0800][gc,heap      ] GC(946) Survivor regions: 4->4(7)
[2022-04-22T23:21:24.897+0800][gc,heap      ] GC(946) Old regions: 183->183
[2022-04-22T23:21:24.897+0800][gc,heap      ] GC(946) Archive regions: 2->2
[2022-04-22T23:21:24.897+0800][gc,heap      ] GC(946) Humongous regions: 129->129
[2022-04-22T23:21:24.897+0800][gc,metaspace ] GC(946) Metaspace: 43600K->43600K(1089536K)
[2022-04-22T23:21:24.897+0800][gc           ] GC(946) Pause Young (Normal) (G1 Evacuation Pause) 362M->316M(1024M) 26.887ms
[2022-04-22T23:21:24.897+0800][gc,cpu       ] GC(946) User=0.06s Sys=0.03s Real=0.02s
[2022-04-22T23:21:41.257+0800][gc,start     ] GC(947) Pause Young (Normal) (G1 Evacuation Pause)
[2022-04-22T23:21:41.257+0800][gc,task      ] GC(947) Using 8 workers of 8 for evacuation
[2022-04-22T23:21:41.276+0800][gc,phases    ] GC(947)   Pre Evacuate Collection Set: 0.2ms
[2022-04-22T23:21:41.276+0800][gc,phases    ] GC(947)   Evacuate Collection Set: 17.5ms
[2022-04-22T23:21:41.276+0800][gc,phases    ] GC(947)   Post Evacuate Collection Set: 0.7ms
[2022-04-22T23:21:41.276+0800][gc,phases    ] GC(947)   Other: 1.2ms
[2022-04-22T23:21:41.276+0800][gc,heap      ] GC(947) Eden regions: 47->0(47)
[2022-04-22T23:21:41.276+0800][gc,heap      ] GC(947) Survivor regions: 4->5(7)
[2022-04-22T23:21:41.276+0800][gc,heap      ] GC(947) Old regions: 183->183
[2022-04-22T23:21:41.276+0800][gc,heap      ] GC(947) Archive regions: 2->2
[2022-04-22T23:21:41.276+0800][gc,heap      ] GC(947) Humongous regions: 129->129
[2022-04-22T23:21:41.276+0800][gc,metaspace ] GC(947) Metaspace: 43600K->43600K(1089536K)
[2022-04-22T23:21:41.276+0800][gc           ] GC(947) Pause Young (Normal) (G1 Evacuation Pause) 363M->316M(1024M) 19.635ms
[2022-04-22T23:21:41.276+0800][gc,cpu       ] GC(947) User=0.04s Sys=0.02s Real=0.02s
[2022-04-22T23:21:57.394+0800][gc,start     ] GC(948) Pause Young (Normal) (G1 Evacuation Pause)
[2022-04-22T23:21:57.395+0800][gc,task      ] GC(948) Using 8 workers of 8 for evacuation
[2022-04-22T23:21:57.414+0800][gc,phases    ] GC(948)   Pre Evacuate Collection Set: 0.3ms
[2022-04-22T23:21:57.414+0800][gc,phases    ] GC(948)   Evacuate Collection Set: 17.4ms
[2022-04-22T23:21:57.414+0800][gc,phases    ] GC(948)   Post Evacuate Collection Set: 1.2ms
[2022-04-22T23:21:57.414+0800][gc,phases    ] GC(948)   Other: 1.6ms
[2022-04-22T23:21:57.414+0800][gc,heap      ] GC(948) Eden regions: 46->0(47)
[2022-04-22T23:21:57.414+0800][gc,heap      ] GC(948) Survivor regions: 5->4(7)
[2022-04-22T23:21:57.414+0800][gc,heap      ] GC(948) Old regions: 183->184
[2022-04-22T23:21:57.414+0800][gc,heap      ] GC(948) Archive regions: 2->2
[2022-04-22T23:21:57.414+0800][gc,heap      ] GC(948) Humongous regions: 129->129
[2022-04-22T23:21:57.414+0800][gc,metaspace ] GC(948) Metaspace: 43600K->43600K(1089536K)
[2022-04-22T23:21:57.415+0800][gc           ] GC(948) Pause Young (Normal) (G1 Evacuation Pause) 362M->316M(1024M) 20.751ms
[2022-04-22T23:21:57.415+0800][gc,cpu       ] GC(948) User=0.03s Sys=0.03s Real=0.02s
[2022-04-22T23:22:13.908+0800][gc,start     ] GC(949) Pause Young (Normal) (G1 Evacuation Pause)
[2022-04-22T23:22:13.909+0800][gc,task      ] GC(949) Using 8 workers of 8 for evacuation
[2022-04-22T23:22:13.926+0800][gc,phases    ] GC(949)   Pre Evacuate Collection Set: 0.4ms
[2022-04-22T23:22:13.926+0800][gc,phases    ] GC(949)   Evacuate Collection Set: 15.9ms
[2022-04-22T23:22:13.926+0800][gc,phases    ] GC(949)   Post Evacuate Collection Set: 0.5ms
[2022-04-22T23:22:13.926+0800][gc,phases    ] GC(949)   Other: 1.3ms
[2022-04-22T23:22:13.926+0800][gc,heap      ] GC(949) Eden regions: 47->0(49)
[2022-04-22T23:22:13.926+0800][gc,heap      ] GC(949) Survivor regions: 4->5(7)
[2022-04-22T23:22:13.926+0800][gc,heap      ] GC(949) Old regions: 184->184
[2022-04-22T23:22:13.926+0800][gc,heap      ] GC(949) Archive regions: 2->2
[2022-04-22T23:22:13.926+0800][gc,heap      ] GC(949) Humongous regions: 129->129
[2022-04-22T23:22:13.926+0800][gc,metaspace ] GC(949) Metaspace: 43600K->43600K(1089536K)
[2022-04-22T23:22:13.926+0800][gc           ] GC(949) Pause Young (Normal) (G1 Evacuation Pause) 363M->316M(1024M) 18.150ms
[2022-04-22T23:22:13.926+0800][gc,cpu       ] GC(949) User=0.05s Sys=0.01s Real=0.02s
[2022-04-22T23:22:30.392+0800][gc,start     ] GC(950) Pause Young (Normal) (G1 Evacuation Pause)
[2022-04-22T23:22:30.403+0800][gc,task      ] GC(950) Using 8 workers of 8 for evacuation
[2022-04-22T23:22:30.429+0800][gc,mmu       ] GC(950) MMU target violated: 21.0ms (20.0ms/21.0ms)
[2022-04-22T23:22:30.429+0800][gc,phases    ] GC(950)   Pre Evacuate Collection Set: 0.3ms
[2022-04-22T23:22:30.429+0800][gc,phases    ] GC(950)   Evacuate Collection Set: 24.4ms
[2022-04-22T23:22:30.429+0800][gc,phases    ] GC(950)   Post Evacuate Collection Set: 0.8ms
[2022-04-22T23:22:30.429+0800][gc,phases    ] GC(950)   Other: 11.4ms
[2022-04-22T23:22:30.429+0800][gc,heap      ] GC(950) Eden regions: 47->0(46)
[2022-04-22T23:22:30.429+0800][gc,heap      ] GC(950) Survivor regions: 5->6(7)
[2022-04-22T23:22:30.429+0800][gc,heap      ] GC(950) Old regions: 184->184
[2022-04-22T23:22:30.429+0800][gc,heap      ] GC(950) Archive regions: 2->2
[2022-04-22T23:22:30.429+0800][gc,heap      ] GC(950) Humongous regions: 129->129
[2022-04-22T23:22:30.429+0800][gc,metaspace ] GC(950) Metaspace: 43600K->43600K(1089536K)
[2022-04-22T23:22:30.429+0800][gc           ] GC(950) Pause Young (Normal) (G1 Evacuation Pause) 363M->318M(1024M) 37.116ms
[2022-04-22T23:22:30.429+0800][gc,cpu       ] GC(950) User=0.06s Sys=0.01s Real=0.03s
[2022-04-22T23:22:46.122+0800][gc,start     ] GC(951) Pause Young (Normal) (G1 Evacuation Pause)
[2022-04-22T23:22:46.123+0800][gc,task      ] GC(951) Using 8 workers of 8 for evacuation
[2022-04-22T23:22:46.153+0800][gc,mmu       ] GC(951) MMU target violated: 21.0ms (20.0ms/21.0ms)
[2022-04-22T23:22:46.153+0800][gc,phases    ] GC(951)   Pre Evacuate Collection Set: 0.4ms
[2022-04-22T23:22:46.153+0800][gc,phases    ] GC(951)   Evacuate Collection Set: 27.8ms
[2022-04-22T23:22:46.153+0800][gc,phases    ] GC(951)   Post Evacuate Collection Set: 0.6ms
[2022-04-22T23:22:46.153+0800][gc,phases    ] GC(951)   Other: 1.6ms
[2022-04-22T23:22:46.153+0800][gc,heap      ] GC(951) Eden regions: 45->0(47)
[2022-04-22T23:22:46.153+0800][gc,heap      ] GC(951) Survivor regions: 6->4(7)
[2022-04-22T23:22:46.153+0800][gc,heap      ] GC(951) Old regions: 184->186
[2022-04-22T23:22:46.153+0800][gc,heap      ] GC(951) Archive regions: 2->2
[2022-04-22T23:22:46.153+0800][gc,heap      ] GC(951) Humongous regions: 129->129
[2022-04-22T23:22:46.153+0800][gc,metaspace ] GC(951) Metaspace: 43600K->43600K(1089536K)
[2022-04-22T23:22:46.153+0800][gc           ] GC(951) Pause Young (Normal) (G1 Evacuation Pause) 363M->318M(1024M) 30.497ms
[2022-04-22T23:22:46.153+0800][gc,cpu       ] GC(951) User=0.06s Sys=0.02s Real=0.03s
[2022-04-22T23:23:02.607+0800][gc,start     ] GC(952) Pause Young (Normal) (G1 Evacuation Pause)
[2022-04-22T23:23:02.607+0800][gc,task      ] GC(952) Using 8 workers of 8 for evacuation
[2022-04-22T23:23:02.619+0800][gc,phases    ] GC(952)   Pre Evacuate Collection Set: 0.1ms
[2022-04-22T23:23:02.619+0800][gc,phases    ] GC(952)   Evacuate Collection Set: 11.2ms
[2022-04-22T23:23:02.619+0800][gc,phases    ] GC(952)   Post Evacuate Collection Set: 0.4ms
[2022-04-22T23:23:02.619+0800][gc,phases    ] GC(952)   Other: 0.8ms
[2022-04-22T23:23:02.619+0800][gc,heap      ] GC(952) Eden regions: 47->0(48)
[2022-04-22T23:23:02.619+0800][gc,heap      ] GC(952) Survivor regions: 4->4(7)
[2022-04-22T23:23:02.619+0800][gc,heap      ] GC(952) Old regions: 186->186
[2022-04-22T23:23:02.619+0800][gc,heap      ] GC(952) Archive regions: 2->2
[2022-04-22T23:23:02.619+0800][gc,heap      ] GC(952) Humongous regions: 129->129
[2022-04-22T23:23:02.619+0800][gc,metaspace ] GC(952) Metaspace: 43600K->43600K(1089536K)
[2022-04-22T23:23:02.619+0800][gc           ] GC(952) Pause Young (Normal) (G1 Evacuation Pause) 365M->318M(1024M) 12.618ms
[2022-04-22T23:23:02.619+0800][gc,cpu       ] GC(952) User=0.04s Sys=0.01s Real=0.01s
[2022-04-22T23:23:23.675+0800][gc,start     ] GC(953) Pause Young (Normal) (G1 Evacuation Pause)
[2022-04-22T23:23:23.676+0800][gc,task      ] GC(953) Using 8 workers of 8 for evacuation
[2022-04-22T23:23:23.694+0800][gc,phases    ] GC(953)   Pre Evacuate Collection Set: 0.3ms
[2022-04-22T23:23:23.694+0800][gc,phases    ] GC(953)   Evacuate Collection Set: 15.4ms
[2022-04-22T23:23:23.694+0800][gc,phases    ] GC(953)   Post Evacuate Collection Set: 1.4ms
[2022-04-22T23:23:23.694+0800][gc,phases    ] GC(953)   Other: 2.8ms
[2022-04-22T23:23:23.695+0800][gc,heap      ] GC(953) Eden regions: 48->0(51)
[2022-04-22T23:23:23.695+0800][gc,heap      ] GC(953) Survivor regions: 4->5(7)
[2022-04-22T23:23:23.695+0800][gc,heap      ] GC(953) Old regions: 186->186
[2022-04-22T23:23:23.695+0800][gc,heap      ] GC(953) Archive regions: 2->2
[2022-04-22T23:23:23.695+0800][gc,heap      ] GC(953) Humongous regions: 129->129
[2022-04-22T23:23:23.695+0800][gc,metaspace ] GC(953) Metaspace: 43600K->43600K(1089536K)
[2022-04-22T23:23:23.695+0800][gc           ] GC(953) Pause Young (Normal) (G1 Evacuation Pause) 366M->319M(1024M) 19.916ms
[2022-04-22T23:23:23.695+0800][gc,cpu       ] GC(953) User=0.04s Sys=0.02s Real=0.02s
[2022-04-22T23:23:41.334+0800][gc,start     ] GC(954) Pause Young (Normal) (G1 Evacuation Pause)
[2022-04-22T23:23:41.335+0800][gc,task      ] GC(954) Using 8 workers of 8 for evacuation
[2022-04-22T23:23:41.369+0800][gc,mmu       ] GC(954) MMU target violated: 21.0ms (20.0ms/21.0ms)
[2022-04-22T23:23:41.369+0800][gc,phases    ] GC(954)   Pre Evacuate Collection Set: 0.2ms
[2022-04-22T23:23:41.369+0800][gc,phases    ] GC(954)   Evacuate Collection Set: 27.9ms
[2022-04-22T23:23:41.369+0800][gc,phases    ] GC(954)   Post Evacuate Collection Set: 5.1ms
[2022-04-22T23:23:41.369+0800][gc,phases    ] GC(954)   Other: 1.3ms
[2022-04-22T23:23:41.369+0800][gc,heap      ] GC(954) Eden regions: 51->0(46)
[2022-04-22T23:23:41.369+0800][gc,heap      ] GC(954) Survivor regions: 5->5(7)
[2022-04-22T23:23:41.369+0800][gc,heap      ] GC(954) Old regions: 186->186
[2022-04-22T23:23:41.369+0800][gc,heap      ] GC(954) Archive regions: 2->2
[2022-04-22T23:23:41.369+0800][gc,heap      ] GC(954) Humongous regions: 129->129
[2022-04-22T23:23:41.369+0800][gc,metaspace ] GC(954) Metaspace: 43600K->43600K(1089536K)
[2022-04-22T23:23:41.369+0800][gc           ] GC(954) Pause Young (Normal) (G1 Evacuation Pause) 370M->320M(1024M) 34.607ms
[2022-04-22T23:23:41.369+0800][gc,cpu       ] GC(954) User=0.04s Sys=0.03s Real=0.03s
[2022-04-22T23:23:57.043+0800][gc,start     ] GC(955) Pause Young (Normal) (G1 Evacuation Pause)
[2022-04-22T23:23:57.043+0800][gc,task      ] GC(955) Using 8 workers of 8 for evacuation
[2022-04-22T23:23:57.068+0800][gc,mmu       ] GC(955) MMU target violated: 21.0ms (20.0ms/21.0ms)
[2022-04-22T23:23:57.068+0800][gc,phases    ] GC(955)   Pre Evacuate Collection Set: 0.2ms
[2022-04-22T23:23:57.068+0800][gc,phases    ] GC(955)   Evacuate Collection Set: 23.5ms
[2022-04-22T23:23:57.068+0800][gc,phases    ] GC(955)   Post Evacuate Collection Set: 0.8ms
[2022-04-22T23:23:57.068+0800][gc,phases    ] GC(955)   Other: 1.1ms
[2022-04-22T23:23:57.068+0800][gc,heap      ] GC(955) Eden regions: 46->0(47)
[2022-04-22T23:23:57.068+0800][gc,heap      ] GC(955) Survivor regions: 5->4(7)
[2022-04-22T23:23:57.068+0800][gc,heap      ] GC(955) Old regions: 186->187
[2022-04-22T23:23:57.068+0800][gc,heap      ] GC(955) Archive regions: 2->2
[2022-04-22T23:23:57.068+0800][gc,heap      ] GC(955) Humongous regions: 129->129
[2022-04-22T23:23:57.068+0800][gc,metaspace ] GC(955) Metaspace: 43600K->43600K(1089536K)
[2022-04-22T23:23:57.068+0800][gc           ] GC(955) Pause Young (Normal) (G1 Evacuation Pause) 366M->320M(1024M) 25.733ms
[2022-04-22T23:23:57.069+0800][gc,cpu       ] GC(955) User=0.04s Sys=0.02s Real=0.02s
[2022-04-22T23:24:16.480+0800][gc,start     ] GC(956) Pause Young (Normal) (G1 Evacuation Pause)
[2022-04-22T23:24:16.482+0800][gc,task      ] GC(956) Using 8 workers of 8 for evacuation
[2022-04-22T23:24:16.519+0800][gc,mmu       ] GC(956) MMU target violated: 21.0ms (20.0ms/21.0ms)
[2022-04-22T23:24:16.519+0800][gc,phases    ] GC(956)   Pre Evacuate Collection Set: 0.4ms
[2022-04-22T23:24:16.519+0800][gc,phases    ] GC(956)   Evacuate Collection Set: 34.9ms
[2022-04-22T23:24:16.519+0800][gc,phases    ] GC(956)   Post Evacuate Collection Set: 0.8ms
[2022-04-22T23:24:16.519+0800][gc,phases    ] GC(956)   Other: 3.9ms
[2022-04-22T23:24:16.519+0800][gc,heap      ] GC(956) Eden regions: 47->0(45)
[2022-04-22T23:24:16.519+0800][gc,heap      ] GC(956) Survivor regions: 4->6(7)
[2022-04-22T23:24:16.519+0800][gc,heap      ] GC(956) Old regions: 187->187
[2022-04-22T23:24:16.519+0800][gc,heap      ] GC(956) Archive regions: 2->2
[2022-04-22T23:24:16.519+0800][gc,heap      ] GC(956) Humongous regions: 129->129
[2022-04-22T23:24:16.519+0800][gc,metaspace ] GC(956) Metaspace: 43603K->43603K(1089536K)
[2022-04-22T23:24:16.519+0800][gc           ] GC(956) Pause Young (Normal) (G1 Evacuation Pause) 367M->322M(1024M) 39.922ms
[2022-04-22T23:24:16.519+0800][gc,cpu       ] GC(956) User=0.06s Sys=0.03s Real=0.03s
[2022-04-22T23:24:35.417+0800][gc,start     ] GC(957) Pause Young (Normal) (G1 Evacuation Pause)
[2022-04-22T23:24:35.419+0800][gc,task      ] GC(957) Using 8 workers of 8 for evacuation
[2022-04-22T23:24:35.471+0800][gc,mmu       ] GC(957) MMU target violated: 21.0ms (20.0ms/21.0ms)
[2022-04-22T23:24:35.471+0800][gc,phases    ] GC(957)   Pre Evacuate Collection Set: 0.4ms
[2022-04-22T23:24:35.471+0800][gc,phases    ] GC(957)   Evacuate Collection Set: 49.9ms
[2022-04-22T23:24:35.471+0800][gc,phases    ] GC(957)   Post Evacuate Collection Set: 0.6ms
[2022-04-22T23:24:35.471+0800][gc,phases    ] GC(957)   Other: 3.4ms
[2022-04-22T23:24:35.471+0800][gc,heap      ] GC(957) Eden regions: 45->0(46)
[2022-04-22T23:24:35.471+0800][gc,heap      ] GC(957) Survivor regions: 6->5(7)
[2022-04-22T23:24:35.471+0800][gc,heap      ] GC(957) Old regions: 187->189
[2022-04-22T23:24:35.471+0800][gc,heap      ] GC(957) Archive regions: 2->2
[2022-04-22T23:24:35.471+0800][gc,heap      ] GC(957) Humongous regions: 129->129
[2022-04-22T23:24:35.471+0800][gc,metaspace ] GC(957) Metaspace: 43603K->43603K(1089536K)
[2022-04-22T23:24:35.471+0800][gc           ] GC(957) Pause Young (Normal) (G1 Evacuation Pause) 367M->323M(1024M) 54.224ms
[2022-04-22T23:24:35.471+0800][gc,cpu       ] GC(957) User=0.05s Sys=0.07s Real=0.06s
[2022-04-22T23:24:51.389+0800][gc,start     ] GC(958) Pause Young (Normal) (G1 Evacuation Pause)
[2022-04-22T23:24:51.390+0800][gc,task      ] GC(958) Using 8 workers of 8 for evacuation
[2022-04-22T23:24:51.412+0800][gc,mmu       ] GC(958) MMU target violated: 21.0ms (20.0ms/21.0ms)
[2022-04-22T23:24:51.412+0800][gc,phases    ] GC(958)   Pre Evacuate Collection Set: 0.1ms
[2022-04-22T23:24:51.412+0800][gc,phases    ] GC(958)   Evacuate Collection Set: 21.1ms
[2022-04-22T23:24:51.412+0800][gc,phases    ] GC(958)   Post Evacuate Collection Set: 0.4ms
[2022-04-22T23:24:51.412+0800][gc,phases    ] GC(958)   Other: 1.7ms
[2022-04-22T23:24:51.412+0800][gc,heap      ] GC(958) Eden regions: 46->0(49)
[2022-04-22T23:24:51.412+0800][gc,heap      ] GC(958) Survivor regions: 5->2(7)
[2022-04-22T23:24:51.412+0800][gc,heap      ] GC(958) Old regions: 189->192
[2022-04-22T23:24:51.412+0800][gc,heap      ] GC(958) Archive regions: 2->2
[2022-04-22T23:24:51.412+0800][gc,heap      ] GC(958) Humongous regions: 129->129
[2022-04-22T23:24:51.412+0800][gc,metaspace ] GC(958) Metaspace: 43603K->43603K(1089536K)
[2022-04-22T23:24:51.412+0800][gc           ] GC(958) Pause Young (Normal) (G1 Evacuation Pause) 369M->323M(1024M) 23.461ms
[2022-04-22T23:24:51.412+0800][gc,cpu       ] GC(958) User=0.05s Sys=0.03s Real=0.03s
[2022-04-22T23:25:08.485+0800][gc,start     ] GC(959) Pause Young (Normal) (G1 Evacuation Pause)
[2022-04-22T23:25:08.486+0800][gc,task      ] GC(959) Using 8 workers of 8 for evacuation
[2022-04-22T23:25:08.498+0800][gc,phases    ] GC(959)   Pre Evacuate Collection Set: 0.3ms
[2022-04-22T23:25:08.498+0800][gc,phases    ] GC(959)   Evacuate Collection Set: 8.7ms
[2022-04-22T23:25:08.498+0800][gc,phases    ] GC(959)   Post Evacuate Collection Set: 1.9ms
[2022-04-22T23:25:08.498+0800][gc,phases    ] GC(959)   Other: 2.3ms
[2022-04-22T23:25:08.498+0800][gc,heap      ] GC(959) Eden regions: 49->0(48)
[2022-04-22T23:25:08.498+0800][gc,heap      ] GC(959) Survivor regions: 2->3(7)
[2022-04-22T23:25:08.498+0800][gc,heap      ] GC(959) Old regions: 192->192
[2022-04-22T23:25:08.498+0800][gc,heap      ] GC(959) Archive regions: 2->2
[2022-04-22T23:25:08.498+0800][gc,heap      ] GC(959) Humongous regions: 129->129
[2022-04-22T23:25:08.498+0800][gc,metaspace ] GC(959) Metaspace: 43603K->43603K(1089536K)
[2022-04-22T23:25:08.498+0800][gc           ] GC(959) Pause Young (Normal) (G1 Evacuation Pause) 372M->323M(1024M) 13.373ms
[2022-04-22T23:25:08.499+0800][gc,cpu       ] GC(959) User=0.02s Sys=0.02s Real=0.01s
[2022-04-22T23:25:25.313+0800][gc,start     ] GC(960) Pause Young (Normal) (G1 Evacuation Pause)
[2022-04-22T23:25:25.313+0800][gc,task      ] GC(960) Using 8 workers of 8 for evacuation
[2022-04-22T23:25:25.325+0800][gc,phases    ] GC(960)   Pre Evacuate Collection Set: 0.2ms
[2022-04-22T23:25:25.325+0800][gc,phases    ] GC(960)   Evacuate Collection Set: 10.1ms
[2022-04-22T23:25:25.325+0800][gc,phases    ] GC(960)   Post Evacuate Collection Set: 0.7ms
[2022-04-22T23:25:25.325+0800][gc,phases    ] GC(960)   Other: 1.4ms
[2022-04-22T23:25:25.325+0800][gc,heap      ] GC(960) Eden regions: 48->0(48)
[2022-04-22T23:25:25.325+0800][gc,heap      ] GC(960) Survivor regions: 3->3(7)
[2022-04-22T23:25:25.325+0800][gc,heap      ] GC(960) Old regions: 192->192
[2022-04-22T23:25:25.325+0800][gc,heap      ] GC(960) Archive regions: 2->2
[2022-04-22T23:25:25.325+0800][gc,heap      ] GC(960) Humongous regions: 129->129
[2022-04-22T23:25:25.325+0800][gc,metaspace ] GC(960) Metaspace: 43603K->43603K(1089536K)
[2022-04-22T23:25:25.325+0800][gc           ] GC(960) Pause Young (Normal) (G1 Evacuation Pause) 371M->323M(1024M) 12.727ms
[2022-04-22T23:25:25.326+0800][gc,cpu       ] GC(960) User=0.03s Sys=0.01s Real=0.01s
[2022-04-22T23:25:42.209+0800][gc,start     ] GC(961) Pause Young (Normal) (G1 Evacuation Pause)
[2022-04-22T23:25:42.210+0800][gc,task      ] GC(961) Using 8 workers of 8 for evacuation
[2022-04-22T23:25:42.222+0800][gc,phases    ] GC(961)   Pre Evacuate Collection Set: 0.3ms
[2022-04-22T23:25:42.222+0800][gc,phases    ] GC(961)   Evacuate Collection Set: 10.0ms
[2022-04-22T23:25:42.222+0800][gc,phases    ] GC(961)   Post Evacuate Collection Set: 0.6ms
[2022-04-22T23:25:42.222+0800][gc,phases    ] GC(961)   Other: 2.0ms
[2022-04-22T23:25:42.222+0800][gc,heap      ] GC(961) Eden regions: 48->0(55)
[2022-04-22T23:25:42.222+0800][gc,heap      ] GC(961) Survivor regions: 3->4(7)
[2022-04-22T23:25:42.222+0800][gc,heap      ] GC(961) Old regions: 192->192
[2022-04-22T23:25:42.222+0800][gc,heap      ] GC(961) Archive regions: 2->2
[2022-04-22T23:25:42.222+0800][gc,heap      ] GC(961) Humongous regions: 129->129
[2022-04-22T23:25:42.222+0800][gc,metaspace ] GC(961) Metaspace: 43603K->43603K(1089536K)
[2022-04-22T23:25:42.222+0800][gc           ] GC(961) Pause Young (Normal) (G1 Evacuation Pause) 371M->324M(1024M) 13.110ms
[2022-04-22T23:25:42.222+0800][gc,cpu       ] GC(961) User=0.03s Sys=0.01s Real=0.02s
[2022-04-22T23:26:01.277+0800][gc,start     ] GC(962) Pause Young (Normal) (G1 Evacuation Pause)
[2022-04-22T23:26:01.279+0800][gc,task      ] GC(962) Using 8 workers of 8 for evacuation
[2022-04-22T23:26:01.298+0800][gc,phases    ] GC(962)   Pre Evacuate Collection Set: 0.4ms
[2022-04-22T23:26:01.298+0800][gc,phases    ] GC(962)   Evacuate Collection Set: 15.8ms
[2022-04-22T23:26:01.298+0800][gc,phases    ] GC(962)   Post Evacuate Collection Set: 1.3ms
[2022-04-22T23:26:01.298+0800][gc,phases    ] GC(962)   Other: 3.2ms
[2022-04-22T23:26:01.298+0800][gc,heap      ] GC(962) Eden regions: 55->0(55)
[2022-04-22T23:26:01.298+0800][gc,heap      ] GC(962) Survivor regions: 4->3(8)
[2022-04-22T23:26:01.298+0800][gc,heap      ] GC(962) Old regions: 192->192
[2022-04-22T23:26:01.298+0800][gc,heap      ] GC(962) Archive regions: 2->2
[2022-04-22T23:26:01.298+0800][gc,heap      ] GC(962) Humongous regions: 129->129
[2022-04-22T23:26:01.298+0800][gc,metaspace ] GC(962) Metaspace: 43603K->43603K(1089536K)
[2022-04-22T23:26:01.298+0800][gc           ] GC(962) Pause Young (Normal) (G1 Evacuation Pause) 379M->324M(1024M) 20.796ms
[2022-04-22T23:26:01.298+0800][gc,cpu       ] GC(962) User=0.04s Sys=0.03s Real=0.02s
[2022-04-22T23:26:20.104+0800][gc,start     ] GC(963) Pause Young (Normal) (G1 Evacuation Pause)
[2022-04-22T23:26:20.105+0800][gc,task      ] GC(963) Using 8 workers of 8 for evacuation
[2022-04-22T23:26:20.114+0800][gc,phases    ] GC(963)   Pre Evacuate Collection Set: 0.2ms
[2022-04-22T23:26:20.114+0800][gc,phases    ] GC(963)   Evacuate Collection Set: 7.4ms
[2022-04-22T23:26:20.114+0800][gc,phases    ] GC(963)   Post Evacuate Collection Set: 0.5ms
[2022-04-22T23:26:20.114+0800][gc,phases    ] GC(963)   Other: 1.4ms
[2022-04-22T23:26:20.114+0800][gc,heap      ] GC(963) Eden regions: 55->0(60)
[2022-04-22T23:26:20.114+0800][gc,heap      ] GC(963) Survivor regions: 3->5(8)
[2022-04-22T23:26:20.114+0800][gc,heap      ] GC(963) Old regions: 192->192
[2022-04-22T23:26:20.114+0800][gc,heap      ] GC(963) Archive regions: 2->2
[2022-04-22T23:26:20.114+0800][gc,heap      ] GC(963) Humongous regions: 129->129
[2022-04-22T23:26:20.114+0800][gc,metaspace ] GC(963) Metaspace: 43603K->43603K(1089536K)
[2022-04-22T23:26:20.114+0800][gc           ] GC(963) Pause Young (Normal) (G1 Evacuation Pause) 379M->325M(1024M) 9.747ms
[2022-04-22T23:26:20.114+0800][gc,cpu       ] GC(963) User=0.03s Sys=0.00s Real=0.01s
[2022-04-22T23:26:40.640+0800][gc,start     ] GC(964) Pause Young (Normal) (G1 Evacuation Pause)
[2022-04-22T23:26:40.642+0800][gc,task      ] GC(964) Using 8 workers of 8 for evacuation
[2022-04-22T23:26:40.720+0800][gc,mmu       ] GC(964) MMU target violated: 21.0ms (20.0ms/21.0ms)
[2022-04-22T23:26:40.720+0800][gc,phases    ] GC(964)   Pre Evacuate Collection Set: 0.1ms
[2022-04-22T23:26:40.720+0800][gc,phases    ] GC(964)   Evacuate Collection Set: 70.1ms
[2022-04-22T23:26:40.720+0800][gc,phases    ] GC(964)   Post Evacuate Collection Set: 2.9ms
[2022-04-22T23:26:40.720+0800][gc,phases    ] GC(964)   Other: 11.0ms
[2022-04-22T23:26:40.720+0800][gc,heap      ] GC(964) Eden regions: 60->0(46)
[2022-04-22T23:26:40.720+0800][gc,heap      ] GC(964) Survivor regions: 5->5(9)
[2022-04-22T23:26:40.720+0800][gc,heap      ] GC(964) Old regions: 192->192
[2022-04-22T23:26:40.720+0800][gc,heap      ] GC(964) Archive regions: 2->2
[2022-04-22T23:26:40.720+0800][gc,heap      ] GC(964) Humongous regions: 129->129
[2022-04-22T23:26:40.720+0800][gc,metaspace ] GC(964) Metaspace: 43603K->43603K(1089536K)
[2022-04-22T23:26:40.720+0800][gc           ] GC(964) Pause Young (Normal) (G1 Evacuation Pause) 385M->325M(1024M) 80.116ms
[2022-04-22T23:26:40.720+0800][gc,cpu       ] GC(964) User=0.01s Sys=0.02s Real=0.08s
[2022-04-22T23:26:56.782+0800][gc,start     ] GC(965) Pause Young (Normal) (G1 Evacuation Pause)
[2022-04-22T23:26:56.783+0800][gc,task      ] GC(965) Using 8 workers of 8 for evacuation
[2022-04-22T23:26:56.816+0800][gc,mmu       ] GC(965) MMU target violated: 21.0ms (20.0ms/21.0ms)
[2022-04-22T23:26:56.816+0800][gc,phases    ] GC(965)   Pre Evacuate Collection Set: 0.4ms
[2022-04-22T23:26:56.816+0800][gc,phases    ] GC(965)   Evacuate Collection Set: 30.6ms
[2022-04-22T23:26:56.816+0800][gc,phases    ] GC(965)   Post Evacuate Collection Set: 1.1ms
[2022-04-22T23:26:56.816+0800][gc,phases    ] GC(965)   Other: 2.5ms
[2022-04-22T23:26:56.816+0800][gc,heap      ] GC(965) Eden regions: 46->0(47)
[2022-04-22T23:26:56.816+0800][gc,heap      ] GC(965) Survivor regions: 5->4(7)
[2022-04-22T23:26:56.816+0800][gc,heap      ] GC(965) Old regions: 192->193
[2022-04-22T23:26:56.816+0800][gc,heap      ] GC(965) Archive regions: 2->2
[2022-04-22T23:26:56.816+0800][gc,heap      ] GC(965) Humongous regions: 129->129
[2022-04-22T23:26:56.816+0800][gc,metaspace ] GC(965) Metaspace: 43603K->43603K(1089536K)
[2022-04-22T23:26:56.817+0800][gc           ] GC(965) Pause Young (Normal) (G1 Evacuation Pause) 371M->325M(1024M) 34.585ms
[2022-04-22T23:26:56.817+0800][gc,cpu       ] GC(965) User=0.04s Sys=0.03s Real=0.03s
[2022-04-22T23:27:14.349+0800][gc,start     ] GC(966) Pause Young (Normal) (G1 Evacuation Pause)
[2022-04-22T23:27:14.349+0800][gc,task      ] GC(966) Using 8 workers of 8 for evacuation
[2022-04-22T23:27:14.376+0800][gc,mmu       ] GC(966) MMU target violated: 21.0ms (20.0ms/21.0ms)
[2022-04-22T23:27:14.376+0800][gc,phases    ] GC(966)   Pre Evacuate Collection Set: 0.2ms
[2022-04-22T23:27:14.376+0800][gc,phases    ] GC(966)   Evacuate Collection Set: 24.6ms
[2022-04-22T23:27:14.376+0800][gc,phases    ] GC(966)   Post Evacuate Collection Set: 0.5ms
[2022-04-22T23:27:14.376+0800][gc,phases    ] GC(966)   Other: 2.0ms
[2022-04-22T23:27:14.376+0800][gc,heap      ] GC(966) Eden regions: 47->0(47)
[2022-04-22T23:27:14.376+0800][gc,heap      ] GC(966) Survivor regions: 4->4(7)
[2022-04-22T23:27:14.376+0800][gc,heap      ] GC(966) Old regions: 193->193
[2022-04-22T23:27:14.376+0800][gc,heap      ] GC(966) Archive regions: 2->2
[2022-04-22T23:27:14.376+0800][gc,heap      ] GC(966) Humongous regions: 129->129
[2022-04-22T23:27:14.376+0800][gc,metaspace ] GC(966) Metaspace: 43603K->43603K(1089536K)
[2022-04-22T23:27:14.376+0800][gc           ] GC(966) Pause Young (Normal) (G1 Evacuation Pause) 372M->326M(1024M) 27.307ms
[2022-04-22T23:27:14.376+0800][gc,cpu       ] GC(966) User=0.05s Sys=0.02s Real=0.03s
[2022-04-22T23:27:31.011+0800][gc,start     ] GC(967) Pause Young (Normal) (G1 Evacuation Pause)
[2022-04-22T23:27:31.017+0800][gc,task      ] GC(967) Using 8 workers of 8 for evacuation
[2022-04-22T23:27:31.037+0800][gc,mmu       ] GC(967) MMU target violated: 20.4ms (20.0ms/21.0ms)
[2022-04-22T23:27:31.038+0800][gc,phases    ] GC(967)   Pre Evacuate Collection Set: 0.2ms
[2022-04-22T23:27:31.038+0800][gc,phases    ] GC(967)   Evacuate Collection Set: 18.9ms
[2022-04-22T23:27:31.038+0800][gc,phases    ] GC(967)   Post Evacuate Collection Set: 1.0ms
[2022-04-22T23:27:31.038+0800][gc,phases    ] GC(967)   Other: 6.3ms
[2022-04-22T23:27:31.038+0800][gc,heap      ] GC(967) Eden regions: 47->0(47)
[2022-04-22T23:27:31.038+0800][gc,heap      ] GC(967) Survivor regions: 4->4(7)
[2022-04-22T23:27:31.038+0800][gc,heap      ] GC(967) Old regions: 193->193
[2022-04-22T23:27:31.038+0800][gc,heap      ] GC(967) Archive regions: 2->2
[2022-04-22T23:27:31.038+0800][gc,heap      ] GC(967) Humongous regions: 129->129
[2022-04-22T23:27:31.038+0800][gc,metaspace ] GC(967) Metaspace: 43603K->43603K(1089536K)
[2022-04-22T23:27:31.038+0800][gc           ] GC(967) Pause Young (Normal) (G1 Evacuation Pause) 373M->326M(1024M) 26.708ms
[2022-04-22T23:27:31.038+0800][gc,cpu       ] GC(967) User=0.03s Sys=0.02s Real=0.02s
[2022-04-22T23:27:47.533+0800][gc,start     ] GC(968) Pause Young (Normal) (G1 Evacuation Pause)
[2022-04-22T23:27:47.533+0800][gc,task      ] GC(968) Using 8 workers of 8 for evacuation
[2022-04-22T23:27:47.548+0800][gc,phases    ] GC(968)   Pre Evacuate Collection Set: 0.2ms
[2022-04-22T23:27:47.548+0800][gc,phases    ] GC(968)   Evacuate Collection Set: 11.9ms
[2022-04-22T23:27:47.548+0800][gc,phases    ] GC(968)   Post Evacuate Collection Set: 1.6ms
[2022-04-22T23:27:47.548+0800][gc,phases    ] GC(968)   Other: 1.2ms
[2022-04-22T23:27:47.548+0800][gc,heap      ] GC(968) Eden regions: 47->0(47)
[2022-04-22T23:27:47.548+0800][gc,heap      ] GC(968) Survivor regions: 4->4(7)
[2022-04-22T23:27:47.548+0800][gc,heap      ] GC(968) Old regions: 193->193
[2022-04-22T23:27:47.548+0800][gc,heap      ] GC(968) Archive regions: 2->2
[2022-04-22T23:27:47.548+0800][gc,heap      ] GC(968) Humongous regions: 129->129
[2022-04-22T23:27:47.548+0800][gc,metaspace ] GC(968) Metaspace: 43603K->43603K(1089536K)
[2022-04-22T23:27:47.548+0800][gc           ] GC(968) Pause Young (Normal) (G1 Evacuation Pause) 373M->326M(1024M) 15.114ms
[2022-04-22T23:27:47.548+0800][gc,cpu       ] GC(968) User=0.03s Sys=0.01s Real=0.01s
[2022-04-22T23:28:03.946+0800][gc,start     ] GC(969) Pause Young (Normal) (G1 Evacuation Pause)
[2022-04-22T23:28:03.946+0800][gc,task      ] GC(969) Using 8 workers of 8 for evacuation
[2022-04-22T23:28:03.966+0800][gc,phases    ] GC(969)   Pre Evacuate Collection Set: 0.1ms
[2022-04-22T23:28:03.966+0800][gc,phases    ] GC(969)   Evacuate Collection Set: 18.9ms
[2022-04-22T23:28:03.966+0800][gc,phases    ] GC(969)   Post Evacuate Collection Set: 0.6ms
[2022-04-22T23:28:03.966+0800][gc,phases    ] GC(969)   Other: 1.9ms
[2022-04-22T23:28:03.966+0800][gc,heap      ] GC(969) Eden regions: 47->0(45)
[2022-04-22T23:28:03.966+0800][gc,heap      ] GC(969) Survivor regions: 4->6(7)
[2022-04-22T23:28:03.966+0800][gc,heap      ] GC(969) Old regions: 193->194
[2022-04-22T23:28:03.966+0800][gc,heap      ] GC(969) Archive regions: 2->2
[2022-04-22T23:28:03.966+0800][gc,heap      ] GC(969) Humongous regions: 129->129
[2022-04-22T23:28:03.966+0800][gc,metaspace ] GC(969) Metaspace: 43603K->43603K(1089536K)
[2022-04-22T23:28:03.966+0800][gc           ] GC(969) Pause Young (Normal) (G1 Evacuation Pause) 373M->328M(1024M) 20.861ms
[2022-04-22T23:28:03.966+0800][gc,cpu       ] GC(969) User=0.04s Sys=0.01s Real=0.02s
[2022-04-22T23:28:19.320+0800][gc,start     ] GC(970) Pause Young (Normal) (G1 Evacuation Pause)
[2022-04-22T23:28:19.321+0800][gc,task      ] GC(970) Using 8 workers of 8 for evacuation
[2022-04-22T23:28:19.359+0800][gc,mmu       ] GC(970) MMU target violated: 21.0ms (20.0ms/21.0ms)
[2022-04-22T23:28:19.359+0800][gc,phases    ] GC(970)   Pre Evacuate Collection Set: 0.1ms
[2022-04-22T23:28:19.359+0800][gc,phases    ] GC(970)   Evacuate Collection Set: 34.4ms
[2022-04-22T23:28:19.359+0800][gc,phases    ] GC(970)   Post Evacuate Collection Set: 2.9ms
[2022-04-22T23:28:19.359+0800][gc,phases    ] GC(970)   Other: 1.0ms
[2022-04-22T23:28:19.359+0800][gc,heap      ] GC(970) Eden regions: 45->0(46)
[2022-04-22T23:28:19.359+0800][gc,heap      ] GC(970) Survivor regions: 6->5(7)
[2022-04-22T23:28:19.359+0800][gc,heap      ] GC(970) Old regions: 194->196
[2022-04-22T23:28:19.359+0800][gc,heap      ] GC(970) Archive regions: 2->2
[2022-04-22T23:28:19.359+0800][gc,heap      ] GC(970) Humongous regions: 129->129
[2022-04-22T23:28:19.359+0800][gc,metaspace ] GC(970) Metaspace: 43603K->43603K(1089536K)
[2022-04-22T23:28:19.359+0800][gc           ] GC(970) Pause Young (Normal) (G1 Evacuation Pause) 373M->329M(1024M) 38.598ms
[2022-04-22T23:28:19.359+0800][gc,cpu       ] GC(970) User=0.04s Sys=0.03s Real=0.03s
[2022-04-22T23:28:35.386+0800][gc,start     ] GC(971) Pause Young (Normal) (G1 Evacuation Pause)
[2022-04-22T23:28:35.387+0800][gc,task      ] GC(971) Using 8 workers of 8 for evacuation
[2022-04-22T23:28:35.408+0800][gc,mmu       ] GC(971) MMU target violated: 21.0ms (20.0ms/21.0ms)
[2022-04-22T23:28:35.409+0800][gc,phases    ] GC(971)   Pre Evacuate Collection Set: 0.3ms
[2022-04-22T23:28:35.409+0800][gc,phases    ] GC(971)   Evacuate Collection Set: 20.0ms
[2022-04-22T23:28:35.409+0800][gc,phases    ] GC(971)   Post Evacuate Collection Set: 0.6ms
[2022-04-22T23:28:35.409+0800][gc,phases    ] GC(971)   Other: 2.1ms
[2022-04-22T23:28:35.409+0800][gc,heap      ] GC(971) Eden regions: 46->0(47)
[2022-04-22T23:28:35.409+0800][gc,heap      ] GC(971) Survivor regions: 5->4(7)
[2022-04-22T23:28:35.409+0800][gc,heap      ] GC(971) Old regions: 196->196
[2022-04-22T23:28:35.409+0800][gc,heap      ] GC(971) Archive regions: 2->2
[2022-04-22T23:28:35.409+0800][gc,heap      ] GC(971) Humongous regions: 129->129
[2022-04-22T23:28:35.409+0800][gc,metaspace ] GC(971) Metaspace: 43603K->43603K(1089536K)
[2022-04-22T23:28:35.409+0800][gc           ] GC(971) Pause Young (Normal) (G1 Evacuation Pause) 375M->329M(1024M) 23.214ms
[2022-04-22T23:28:35.409+0800][gc,cpu       ] GC(971) User=0.04s Sys=0.01s Real=0.02s
[2022-04-22T23:28:51.824+0800][gc,start     ] GC(972) Pause Young (Normal) (G1 Evacuation Pause)
[2022-04-22T23:28:51.825+0800][gc,task      ] GC(972) Using 8 workers of 8 for evacuation
[2022-04-22T23:28:51.854+0800][gc,mmu       ] GC(972) MMU target violated: 21.0ms (20.0ms/21.0ms)
[2022-04-22T23:28:51.855+0800][gc,phases    ] GC(972)   Pre Evacuate Collection Set: 0.4ms
[2022-04-22T23:28:51.855+0800][gc,phases    ] GC(972)   Evacuate Collection Set: 26.5ms
[2022-04-22T23:28:51.855+0800][gc,phases    ] GC(972)   Post Evacuate Collection Set: 1.3ms
[2022-04-22T23:28:51.855+0800][gc,phases    ] GC(972)   Other: 2.4ms
[2022-04-22T23:28:51.855+0800][gc,heap      ] GC(972) Eden regions: 47->0(47)
[2022-04-22T23:28:51.855+0800][gc,heap      ] GC(972) Survivor regions: 4->4(7)
[2022-04-22T23:28:51.855+0800][gc,heap      ] GC(972) Old regions: 196->196
[2022-04-22T23:28:51.855+0800][gc,heap      ] GC(972) Archive regions: 2->2
[2022-04-22T23:28:51.855+0800][gc,heap      ] GC(972) Humongous regions: 129->129
[2022-04-22T23:28:51.855+0800][gc,metaspace ] GC(972) Metaspace: 43603K->43603K(1089536K)
[2022-04-22T23:28:51.855+0800][gc           ] GC(972) Pause Young (Normal) (G1 Evacuation Pause) 376M->329M(1024M) 30.846ms
[2022-04-22T23:28:51.855+0800][gc,cpu       ] GC(972) User=0.04s Sys=0.02s Real=0.03s
[2022-04-22T23:29:08.284+0800][gc,start     ] GC(973) Pause Young (Normal) (G1 Evacuation Pause)
[2022-04-22T23:29:08.285+0800][gc,task      ] GC(973) Using 8 workers of 8 for evacuation
[2022-04-22T23:29:08.295+0800][gc,phases    ] GC(973)   Pre Evacuate Collection Set: 0.0ms
[2022-04-22T23:29:08.295+0800][gc,phases    ] GC(973)   Evacuate Collection Set: 9.4ms
[2022-04-22T23:29:08.295+0800][gc,phases    ] GC(973)   Post Evacuate Collection Set: 0.8ms
[2022-04-22T23:29:08.295+0800][gc,phases    ] GC(973)   Other: 1.5ms
[2022-04-22T23:29:08.295+0800][gc,heap      ] GC(973) Eden regions: 47->0(47)
[2022-04-22T23:29:08.295+0800][gc,heap      ] GC(973) Survivor regions: 4->4(7)
[2022-04-22T23:29:08.295+0800][gc,heap      ] GC(973) Old regions: 196->197
[2022-04-22T23:29:08.296+0800][gc,heap      ] GC(973) Archive regions: 2->2
[2022-04-22T23:29:08.296+0800][gc,heap      ] GC(973) Humongous regions: 129->129
[2022-04-22T23:29:08.296+0800][gc,metaspace ] GC(973) Metaspace: 43603K->43603K(1089536K)
[2022-04-22T23:29:08.296+0800][gc           ] GC(973) Pause Young (Normal) (G1 Evacuation Pause) 376M->329M(1024M) 12.078ms
[2022-04-22T23:29:08.296+0800][gc,cpu       ] GC(973) User=0.03s Sys=0.01s Real=0.01s
[2022-04-22T23:29:25.453+0800][gc,start     ] GC(974) Pause Young (Normal) (G1 Evacuation Pause)
[2022-04-22T23:29:25.454+0800][gc,task      ] GC(974) Using 8 workers of 8 for evacuation
[2022-04-22T23:29:25.478+0800][gc,mmu       ] GC(974) MMU target violated: 21.0ms (20.0ms/21.0ms)
[2022-04-22T23:29:25.478+0800][gc,phases    ] GC(974)   Pre Evacuate Collection Set: 0.4ms
[2022-04-22T23:29:25.478+0800][gc,phases    ] GC(974)   Evacuate Collection Set: 20.6ms
[2022-04-22T23:29:25.478+0800][gc,phases    ] GC(974)   Post Evacuate Collection Set: 1.7ms
[2022-04-22T23:29:25.478+0800][gc,phases    ] GC(974)   Other: 2.6ms
[2022-04-22T23:29:25.478+0800][gc,heap      ] GC(974) Eden regions: 47->0(47)
[2022-04-22T23:29:25.478+0800][gc,heap      ] GC(974) Survivor regions: 4->4(7)
[2022-04-22T23:29:25.478+0800][gc,heap      ] GC(974) Old regions: 197->197
[2022-04-22T23:29:25.478+0800][gc,heap      ] GC(974) Archive regions: 2->2
[2022-04-22T23:29:25.478+0800][gc,heap      ] GC(974) Humongous regions: 129->129
[2022-04-22T23:29:25.478+0800][gc,metaspace ] GC(974) Metaspace: 43603K->43603K(1089536K)
[2022-04-22T23:29:25.478+0800][gc           ] GC(974) Pause Young (Normal) (G1 Evacuation Pause) 376M->329M(1024M) 25.315ms
[2022-04-22T23:29:25.478+0800][gc,cpu       ] GC(974) User=0.04s Sys=0.05s Real=0.02s
[2022-04-22T23:29:41.833+0800][gc,start     ] GC(975) Pause Young (Normal) (G1 Evacuation Pause)
[2022-04-22T23:29:41.834+0800][gc,task      ] GC(975) Using 8 workers of 8 for evacuation
[2022-04-22T23:29:41.853+0800][gc,phases    ] GC(975)   Pre Evacuate Collection Set: 0.1ms
[2022-04-22T23:29:41.853+0800][gc,phases    ] GC(975)   Evacuate Collection Set: 16.7ms
[2022-04-22T23:29:41.853+0800][gc,phases    ] GC(975)   Post Evacuate Collection Set: 1.8ms
[2022-04-22T23:29:41.853+0800][gc,phases    ] GC(975)   Other: 0.8ms
[2022-04-22T23:29:41.853+0800][gc,heap      ] GC(975) Eden regions: 47->0(47)
[2022-04-22T23:29:41.853+0800][gc,heap      ] GC(975) Survivor regions: 4->4(7)
[2022-04-22T23:29:41.853+0800][gc,heap      ] GC(975) Old regions: 197->197
[2022-04-22T23:29:41.853+0800][gc,heap      ] GC(975) Archive regions: 2->2
[2022-04-22T23:29:41.853+0800][gc,heap      ] GC(975) Humongous regions: 129->129
[2022-04-22T23:29:41.853+0800][gc,metaspace ] GC(975) Metaspace: 43603K->43603K(1089536K)
[2022-04-22T23:29:41.853+0800][gc           ] GC(975) Pause Young (Normal) (G1 Evacuation Pause) 376M->329M(1024M) 19.536ms
[2022-04-22T23:29:41.853+0800][gc,cpu       ] GC(975) User=0.04s Sys=0.01s Real=0.02s
[2022-04-22T23:29:57.934+0800][gc,start     ] GC(976) Pause Young (Normal) (G1 Evacuation Pause)
[2022-04-22T23:29:57.935+0800][gc,task      ] GC(976) Using 8 workers of 8 for evacuation
[2022-04-22T23:29:57.956+0800][gc,mmu       ] GC(976) MMU target violated: 20.6ms (20.0ms/21.0ms)
[2022-04-22T23:29:57.956+0800][gc,phases    ] GC(976)   Pre Evacuate Collection Set: 0.3ms
[2022-04-22T23:29:57.956+0800][gc,phases    ] GC(976)   Evacuate Collection Set: 18.7ms
[2022-04-22T23:29:57.956+0800][gc,phases    ] GC(976)   Post Evacuate Collection Set: 0.9ms
[2022-04-22T23:29:57.956+0800][gc,phases    ] GC(976)   Other: 2.3ms
[2022-04-22T23:29:57.956+0800][gc,heap      ] GC(976) Eden regions: 47->0(46)
[2022-04-22T23:29:57.956+0800][gc,heap      ] GC(976) Survivor regions: 4->6(7)
[2022-04-22T23:29:57.956+0800][gc,heap      ] GC(976) Old regions: 197->197
[2022-04-22T23:29:57.956+0800][gc,heap      ] GC(976) Archive regions: 2->2
[2022-04-22T23:29:57.956+0800][gc,heap      ] GC(976) Humongous regions: 129->129
[2022-04-22T23:29:57.956+0800][gc,metaspace ] GC(976) Metaspace: 43603K->43603K(1089536K)
[2022-04-22T23:29:57.956+0800][gc           ] GC(976) Pause Young (Normal) (G1 Evacuation Pause) 376M->331M(1024M) 22.242ms
[2022-04-22T23:29:57.956+0800][gc,cpu       ] GC(976) User=0.04s Sys=0.03s Real=0.02s
[2022-04-22T23:30:14.270+0800][gc,start     ] GC(977) Pause Young (Normal) (G1 Evacuation Pause)
[2022-04-22T23:30:14.271+0800][gc,task      ] GC(977) Using 8 workers of 8 for evacuation
[2022-04-22T23:30:14.312+0800][gc,mmu       ] GC(977) MMU target violated: 21.0ms (20.0ms/21.0ms)
[2022-04-22T23:30:14.312+0800][gc,phases    ] GC(977)   Pre Evacuate Collection Set: 0.2ms
[2022-04-22T23:30:14.312+0800][gc,phases    ] GC(977)   Evacuate Collection Set: 40.3ms
[2022-04-22T23:30:14.312+0800][gc,phases    ] GC(977)   Post Evacuate Collection Set: 0.4ms
[2022-04-22T23:30:14.312+0800][gc,phases    ] GC(977)   Other: 1.1ms
[2022-04-22T23:30:14.312+0800][gc,heap      ] GC(977) Eden regions: 45->0(47)
[2022-04-22T23:30:14.312+0800][gc,heap      ] GC(977) Survivor regions: 6->4(7)
[2022-04-22T23:30:14.312+0800][gc,heap      ] GC(977) Old regions: 197->199
[2022-04-22T23:30:14.312+0800][gc,heap      ] GC(977) Archive regions: 2->2
[2022-04-22T23:30:14.312+0800][gc,heap      ] GC(977) Humongous regions: 129->129
[2022-04-22T23:30:14.312+0800][gc,metaspace ] GC(977) Metaspace: 43603K->43603K(1089536K)
[2022-04-22T23:30:14.312+0800][gc           ] GC(977) Pause Young (Normal) (G1 Evacuation Pause) 376M->332M(1024M) 42.042ms
[2022-04-22T23:30:14.312+0800][gc,cpu       ] GC(977) User=0.04s Sys=0.02s Real=0.04s
[2022-04-22T23:30:34.993+0800][gc,start     ] GC(978) Pause Young (Normal) (G1 Evacuation Pause)
[2022-04-22T23:30:34.994+0800][gc,task      ] GC(978) Using 8 workers of 8 for evacuation
[2022-04-22T23:30:35.015+0800][gc,mmu       ] GC(978) MMU target violated: 20.4ms (20.0ms/21.0ms)
[2022-04-22T23:30:35.023+0800][gc,phases    ] GC(978)   Pre Evacuate Collection Set: 0.2ms
[2022-04-22T23:30:35.023+0800][gc,phases    ] GC(978)   Evacuate Collection Set: 18.7ms
[2022-04-22T23:30:35.023+0800][gc,phases    ] GC(978)   Post Evacuate Collection Set: 0.8ms
[2022-04-22T23:30:35.025+0800][gc,phases    ] GC(978)   Other: 9.8ms
[2022-04-22T23:30:35.032+0800][gc,heap      ] GC(978) Eden regions: 47->0(47)
[2022-04-22T23:30:35.032+0800][gc,heap      ] GC(978) Survivor regions: 4->4(7)
[2022-04-22T23:30:35.032+0800][gc,heap      ] GC(978) Old regions: 199->199
[2022-04-22T23:30:35.032+0800][gc,heap      ] GC(978) Archive regions: 2->2
[2022-04-22T23:30:35.032+0800][gc,heap      ] GC(978) Humongous regions: 129->129
[2022-04-22T23:30:35.032+0800][gc,metaspace ] GC(978) Metaspace: 43603K->43603K(1089536K)
[2022-04-22T23:30:35.032+0800][gc           ] GC(978) Pause Young (Normal) (G1 Evacuation Pause) 379M->332M(1024M) 38.516ms
[2022-04-22T23:30:35.047+0800][gc,cpu       ] GC(978) User=0.02s Sys=0.01s Real=0.05s
[2022-04-22T23:30:51.476+0800][gc,start     ] GC(979) Pause Young (Normal) (G1 Evacuation Pause)
[2022-04-22T23:30:51.477+0800][gc,task      ] GC(979) Using 8 workers of 8 for evacuation
[2022-04-22T23:30:51.496+0800][gc,phases    ] GC(979)   Pre Evacuate Collection Set: 0.4ms
[2022-04-22T23:30:51.496+0800][gc,phases    ] GC(979)   Evacuate Collection Set: 16.1ms
[2022-04-22T23:30:51.496+0800][gc,phases    ] GC(979)   Post Evacuate Collection Set: 1.1ms
[2022-04-22T23:30:51.497+0800][gc,phases    ] GC(979)   Other: 2.8ms
[2022-04-22T23:30:51.497+0800][gc,heap      ] GC(979) Eden regions: 47->0(47)
[2022-04-22T23:30:51.497+0800][gc,heap      ] GC(979) Survivor regions: 4->4(7)
[2022-04-22T23:30:51.497+0800][gc,heap      ] GC(979) Old regions: 199->199
[2022-04-22T23:30:51.497+0800][gc,heap      ] GC(979) Archive regions: 2->2
[2022-04-22T23:30:51.497+0800][gc,heap      ] GC(979) Humongous regions: 129->129
[2022-04-22T23:30:51.497+0800][gc,metaspace ] GC(979) Metaspace: 43603K->43603K(1089536K)
[2022-04-22T23:30:51.497+0800][gc           ] GC(979) Pause Young (Normal) (G1 Evacuation Pause) 379M->332M(1024M) 20.494ms
[2022-04-22T23:30:51.497+0800][gc,cpu       ] GC(979) User=0.04s Sys=0.02s Real=0.02s
[2022-04-22T23:31:07.922+0800][gc,start     ] GC(980) Pause Young (Normal) (G1 Evacuation Pause)
[2022-04-22T23:31:07.922+0800][gc,task      ] GC(980) Using 8 workers of 8 for evacuation
[2022-04-22T23:31:07.941+0800][gc,phases    ] GC(980)   Pre Evacuate Collection Set: 0.1ms
[2022-04-22T23:31:07.942+0800][gc,phases    ] GC(980)   Evacuate Collection Set: 16.8ms
[2022-04-22T23:31:07.942+0800][gc,phases    ] GC(980)   Post Evacuate Collection Set: 1.8ms
[2022-04-22T23:31:07.942+0800][gc,phases    ] GC(980)   Other: 0.9ms
[2022-04-22T23:31:07.942+0800][gc,heap      ] GC(980) Eden regions: 47->0(48)
[2022-04-22T23:31:07.942+0800][gc,heap      ] GC(980) Survivor regions: 4->5(7)
[2022-04-22T23:31:07.942+0800][gc,heap      ] GC(980) Old regions: 199->199
[2022-04-22T23:31:07.942+0800][gc,heap      ] GC(980) Archive regions: 2->2
[2022-04-22T23:31:07.942+0800][gc,heap      ] GC(980) Humongous regions: 129->129
[2022-04-22T23:31:07.942+0800][gc,metaspace ] GC(980) Metaspace: 43603K->43603K(1089536K)
[2022-04-22T23:31:07.942+0800][gc           ] GC(980) Pause Young (Normal) (G1 Evacuation Pause) 379M->332M(1024M) 20.261ms
[2022-04-22T23:31:07.942+0800][gc,cpu       ] GC(980) User=0.03s Sys=0.01s Real=0.02s
[2022-04-22T23:31:24.817+0800][gc,start     ] GC(981) Pause Young (Normal) (G1 Evacuation Pause)
[2022-04-22T23:31:24.817+0800][gc,task      ] GC(981) Using 8 workers of 8 for evacuation
[2022-04-22T23:31:24.855+0800][gc,mmu       ] GC(981) MMU target violated: 21.0ms (20.0ms/21.0ms)
[2022-04-22T23:31:24.855+0800][gc,phases    ] GC(981)   Pre Evacuate Collection Set: 0.4ms
[2022-04-22T23:31:24.855+0800][gc,phases    ] GC(981)   Evacuate Collection Set: 33.9ms
[2022-04-22T23:31:24.855+0800][gc,phases    ] GC(981)   Post Evacuate Collection Set: 1.5ms
[2022-04-22T23:31:24.856+0800][gc,phases    ] GC(981)   Other: 3.0ms
[2022-04-22T23:31:24.856+0800][gc,heap      ] GC(981) Eden regions: 48->0(46)
[2022-04-22T23:31:24.856+0800][gc,heap      ] GC(981) Survivor regions: 5->5(7)
[2022-04-22T23:31:24.856+0800][gc,heap      ] GC(981) Old regions: 199->200
[2022-04-22T23:31:24.856+0800][gc,heap      ] GC(981) Archive regions: 2->2
[2022-04-22T23:31:24.856+0800][gc,heap      ] GC(981) Humongous regions: 129->129
[2022-04-22T23:31:24.856+0800][gc,metaspace ] GC(981) Metaspace: 43603K->43603K(1089536K)
[2022-04-22T23:31:24.856+0800][gc           ] GC(981) Pause Young (Normal) (G1 Evacuation Pause) 380M->333M(1024M) 38.855ms
[2022-04-22T23:31:24.856+0800][gc,cpu       ] GC(981) User=0.04s Sys=0.03s Real=0.04s
[2022-04-22T23:31:40.953+0800][gc,start     ] GC(982) Pause Young (Normal) (G1 Evacuation Pause)
[2022-04-22T23:31:40.953+0800][gc,task      ] GC(982) Using 8 workers of 8 for evacuation
[2022-04-22T23:31:40.973+0800][gc,phases    ] GC(982)   Pre Evacuate Collection Set: 0.2ms
[2022-04-22T23:31:40.973+0800][gc,phases    ] GC(982)   Evacuate Collection Set: 18.0ms
[2022-04-22T23:31:40.973+0800][gc,phases    ] GC(982)   Post Evacuate Collection Set: 1.0ms
[2022-04-22T23:31:40.973+0800][gc,phases    ] GC(982)   Other: 0.9ms
[2022-04-22T23:31:40.973+0800][gc,heap      ] GC(982) Eden regions: 46->0(47)
[2022-04-22T23:31:40.973+0800][gc,heap      ] GC(982) Survivor regions: 5->4(7)
[2022-04-22T23:31:40.973+0800][gc,heap      ] GC(982) Old regions: 200->200
[2022-04-22T23:31:40.973+0800][gc,heap      ] GC(982) Archive regions: 2->2
[2022-04-22T23:31:40.973+0800][gc,heap      ] GC(982) Humongous regions: 129->129
[2022-04-22T23:31:40.973+0800][gc,metaspace ] GC(982) Metaspace: 43603K->43603K(1089536K)
[2022-04-22T23:31:40.973+0800][gc           ] GC(982) Pause Young (Normal) (G1 Evacuation Pause) 379M->333M(1024M) 20.161ms
[2022-04-22T23:31:40.973+0800][gc,cpu       ] GC(982) User=0.03s Sys=0.02s Real=0.02s
[2022-04-22T23:31:58.085+0800][gc,start     ] GC(983) Pause Young (Normal) (G1 Evacuation Pause)
[2022-04-22T23:31:58.086+0800][gc,task      ] GC(983) Using 8 workers of 8 for evacuation
[2022-04-22T23:31:58.093+0800][gc,phases    ] GC(983)   Pre Evacuate Collection Set: 0.1ms
[2022-04-22T23:31:58.093+0800][gc,phases    ] GC(983)   Evacuate Collection Set: 6.8ms
[2022-04-22T23:31:58.093+0800][gc,phases    ] GC(983)   Post Evacuate Collection Set: 0.6ms
[2022-04-22T23:31:58.093+0800][gc,phases    ] GC(983)   Other: 1.0ms
[2022-04-22T23:31:58.093+0800][gc,heap      ] GC(983) Eden regions: 47->0(47)
[2022-04-22T23:31:58.093+0800][gc,heap      ] GC(983) Survivor regions: 4->6(7)
[2022-04-22T23:31:58.093+0800][gc,heap      ] GC(983) Old regions: 200->200
[2022-04-22T23:31:58.094+0800][gc,heap      ] GC(983) Archive regions: 2->2
[2022-04-22T23:31:58.094+0800][gc,heap      ] GC(983) Humongous regions: 129->129
[2022-04-22T23:31:58.094+0800][gc,metaspace ] GC(983) Metaspace: 43603K->43603K(1089536K)
[2022-04-22T23:31:58.094+0800][gc           ] GC(983) Pause Young (Normal) (G1 Evacuation Pause) 380M->334M(1024M) 8.600ms
[2022-04-22T23:31:58.094+0800][gc,cpu       ] GC(983) User=0.02s Sys=0.02s Real=0.01s
[2022-04-22T23:32:14.561+0800][gc,start     ] GC(984) Pause Young (Normal) (G1 Evacuation Pause)
[2022-04-22T23:32:14.562+0800][gc,task      ] GC(984) Using 8 workers of 8 for evacuation
[2022-04-22T23:32:14.595+0800][gc,mmu       ] GC(984) MMU target violated: 21.0ms (20.0ms/21.0ms)
[2022-04-22T23:32:14.595+0800][gc,phases    ] GC(984)   Pre Evacuate Collection Set: 0.2ms
[2022-04-22T23:32:14.595+0800][gc,phases    ] GC(984)   Evacuate Collection Set: 30.7ms
[2022-04-22T23:32:14.595+0800][gc,phases    ] GC(984)   Post Evacuate Collection Set: 1.1ms
[2022-04-22T23:32:14.595+0800][gc,phases    ] GC(984)   Other: 3.0ms
[2022-04-22T23:32:14.595+0800][gc,heap      ] GC(984) Eden regions: 47->0(47)
[2022-04-22T23:32:14.595+0800][gc,heap      ] GC(984) Survivor regions: 6->4(7)
[2022-04-22T23:32:14.595+0800][gc,heap      ] GC(984) Old regions: 200->202
[2022-04-22T23:32:14.595+0800][gc,heap      ] GC(984) Archive regions: 2->2
[2022-04-22T23:32:14.595+0800][gc,heap      ] GC(984) Humongous regions: 129->129
[2022-04-22T23:32:14.595+0800][gc,metaspace ] GC(984) Metaspace: 43603K->43603K(1089536K)
[2022-04-22T23:32:14.595+0800][gc           ] GC(984) Pause Young (Normal) (G1 Evacuation Pause) 381M->335M(1024M) 34.572ms
[2022-04-22T23:32:14.595+0800][gc,cpu       ] GC(984) User=0.03s Sys=0.03s Real=0.03s
[2022-04-22T23:32:30.836+0800][gc,start     ] GC(985) Pause Young (Normal) (G1 Evacuation Pause)
[2022-04-22T23:32:30.836+0800][gc,task      ] GC(985) Using 8 workers of 8 for evacuation
[2022-04-22T23:32:30.854+0800][gc,phases    ] GC(985)   Pre Evacuate Collection Set: 0.2ms
[2022-04-22T23:32:30.855+0800][gc,phases    ] GC(985)   Evacuate Collection Set: 16.0ms
[2022-04-22T23:32:30.855+0800][gc,phases    ] GC(985)   Post Evacuate Collection Set: 1.4ms
[2022-04-22T23:32:30.855+0800][gc,phases    ] GC(985)   Other: 1.3ms
[2022-04-22T23:32:30.855+0800][gc,heap      ] GC(985) Eden regions: 47->0(46)
[2022-04-22T23:32:30.855+0800][gc,heap      ] GC(985) Survivor regions: 4->5(7)
[2022-04-22T23:32:30.855+0800][gc,heap      ] GC(985) Old regions: 202->202
[2022-04-22T23:32:30.855+0800][gc,heap      ] GC(985) Archive regions: 2->2
[2022-04-22T23:32:30.855+0800][gc,heap      ] GC(985) Humongous regions: 129->129
[2022-04-22T23:32:30.855+0800][gc,metaspace ] GC(985) Metaspace: 43603K->43603K(1089536K)
[2022-04-22T23:32:30.855+0800][gc           ] GC(985) Pause Young (Normal) (G1 Evacuation Pause) 382M->335M(1024M) 19.328ms
[2022-04-22T23:32:30.855+0800][gc,cpu       ] GC(985) User=0.04s Sys=0.01s Real=0.02s
[2022-04-22T23:32:46.848+0800][gc,start     ] GC(986) Pause Young (Normal) (G1 Evacuation Pause)
[2022-04-22T23:32:46.848+0800][gc,task      ] GC(986) Using 8 workers of 8 for evacuation
[2022-04-22T23:32:46.866+0800][gc,phases    ] GC(986)   Pre Evacuate Collection Set: 0.2ms
[2022-04-22T23:32:46.866+0800][gc,phases    ] GC(986)   Evacuate Collection Set: 14.6ms
[2022-04-22T23:32:46.866+0800][gc,phases    ] GC(986)   Post Evacuate Collection Set: 1.5ms
[2022-04-22T23:32:46.866+0800][gc,phases    ] GC(986)   Other: 2.1ms
[2022-04-22T23:32:46.866+0800][gc,heap      ] GC(986) Eden regions: 46->0(47)
[2022-04-22T23:32:46.866+0800][gc,heap      ] GC(986) Survivor regions: 5->4(7)
[2022-04-22T23:32:46.866+0800][gc,heap      ] GC(986) Old regions: 202->203
[2022-04-22T23:32:46.866+0800][gc,heap      ] GC(986) Archive regions: 2->2
[2022-04-22T23:32:46.866+0800][gc,heap      ] GC(986) Humongous regions: 129->129
[2022-04-22T23:32:46.866+0800][gc,metaspace ] GC(986) Metaspace: 43603K->43603K(1089536K)
[2022-04-22T23:32:46.866+0800][gc           ] GC(986) Pause Young (Normal) (G1 Evacuation Pause) 381M->335M(1024M) 18.561ms
[2022-04-22T23:32:46.866+0800][gc,cpu       ] GC(986) User=0.04s Sys=0.01s Real=0.02s
[2022-04-22T23:33:02.998+0800][gc,start     ] GC(987) Pause Young (Normal) (G1 Evacuation Pause)
[2022-04-22T23:33:03.001+0800][gc,task      ] GC(987) Using 8 workers of 8 for evacuation
[2022-04-22T23:33:03.014+0800][gc,phases    ] GC(987)   Pre Evacuate Collection Set: 0.1ms
[2022-04-22T23:33:03.014+0800][gc,phases    ] GC(987)   Evacuate Collection Set: 11.7ms
[2022-04-22T23:33:03.014+0800][gc,phases    ] GC(987)   Post Evacuate Collection Set: 0.7ms
[2022-04-22T23:33:03.014+0800][gc,phases    ] GC(987)   Other: 3.7ms
[2022-04-22T23:33:03.014+0800][gc,heap      ] GC(987) Eden regions: 47->0(50)
[2022-04-22T23:33:03.014+0800][gc,heap      ] GC(987) Survivor regions: 4->4(7)
[2022-04-22T23:33:03.014+0800][gc,heap      ] GC(987) Old regions: 203->203
[2022-04-22T23:33:03.014+0800][gc,heap      ] GC(987) Archive regions: 2->2
[2022-04-22T23:33:03.014+0800][gc,heap      ] GC(987) Humongous regions: 129->129
[2022-04-22T23:33:03.014+0800][gc,metaspace ] GC(987) Metaspace: 43603K->43603K(1089536K)
[2022-04-22T23:33:03.014+0800][gc           ] GC(987) Pause Young (Normal) (G1 Evacuation Pause) 382M->335M(1024M) 16.459ms
[2022-04-22T23:33:03.014+0800][gc,cpu       ] GC(987) User=0.04s Sys=0.01s Real=0.02s
[2022-04-22T23:33:19.469+0800][gc,start     ] GC(988) Pause Young (Normal) (G1 Evacuation Pause)
[2022-04-22T23:33:19.471+0800][gc,task      ] GC(988) Using 8 workers of 8 for evacuation
[2022-04-22T23:33:19.501+0800][gc,mmu       ] GC(988) MMU target violated: 21.0ms (20.0ms/21.0ms)
[2022-04-22T23:33:19.501+0800][gc,phases    ] GC(988)   Pre Evacuate Collection Set: 0.3ms
[2022-04-22T23:33:19.501+0800][gc,phases    ] GC(988)   Evacuate Collection Set: 28.0ms
[2022-04-22T23:33:19.501+0800][gc,phases    ] GC(988)   Post Evacuate Collection Set: 1.2ms
[2022-04-22T23:33:19.502+0800][gc,phases    ] GC(988)   Other: 2.6ms
[2022-04-22T23:33:19.502+0800][gc,heap      ] GC(988) Eden regions: 48->0(47)
[2022-04-22T23:33:19.502+0800][gc,heap      ] GC(988) Survivor regions: 4->4(7)
[2022-04-22T23:33:19.502+0800][gc,heap      ] GC(988) Old regions: 203->203
[2022-04-22T23:33:19.502+0800][gc,heap      ] GC(988) Archive regions: 2->2
[2022-04-22T23:33:19.502+0800][gc,heap      ] GC(988) Humongous regions: 129->129
[2022-04-22T23:33:19.502+0800][gc,metaspace ] GC(988) Metaspace: 43603K->43603K(1089536K)
[2022-04-22T23:33:19.502+0800][gc           ] GC(988) Pause Young (Normal) (G1 Evacuation Pause) 383M->336M(1024M) 32.210ms
[2022-04-22T23:33:19.502+0800][gc,cpu       ] GC(988) User=0.05s Sys=0.03s Real=0.04s
[2022-04-22T23:33:35.754+0800][gc,start     ] GC(989) Pause Young (Normal) (G1 Evacuation Pause)
[2022-04-22T23:33:35.760+0800][gc,task      ] GC(989) Using 8 workers of 8 for evacuation
[2022-04-22T23:33:35.776+0800][gc,phases    ] GC(989)   Pre Evacuate Collection Set: 0.2ms
[2022-04-22T23:33:35.776+0800][gc,phases    ] GC(989)   Evacuate Collection Set: 13.1ms
[2022-04-22T23:33:35.776+0800][gc,phases    ] GC(989)   Post Evacuate Collection Set: 0.9ms
[2022-04-22T23:33:35.776+0800][gc,phases    ] GC(989)   Other: 7.8ms
[2022-04-22T23:33:35.776+0800][gc,heap      ] GC(989) Eden regions: 47->0(47)
[2022-04-22T23:33:35.776+0800][gc,heap      ] GC(989) Survivor regions: 4->4(7)
[2022-04-22T23:33:35.776+0800][gc,heap      ] GC(989) Old regions: 203->203
[2022-04-22T23:33:35.776+0800][gc,heap      ] GC(989) Archive regions: 2->2
[2022-04-22T23:33:35.776+0800][gc,heap      ] GC(989) Humongous regions: 129->129
[2022-04-22T23:33:35.776+0800][gc,metaspace ] GC(989) Metaspace: 43603K->43603K(1089536K)
[2022-04-22T23:33:35.776+0800][gc           ] GC(989) Pause Young (Normal) (G1 Evacuation Pause) 383M->336M(1024M) 22.017ms
[2022-04-22T23:33:35.776+0800][gc,cpu       ] GC(989) User=0.03s Sys=0.02s Real=0.02s
[2022-04-22T23:33:51.995+0800][gc,start     ] GC(990) Pause Young (Normal) (G1 Evacuation Pause)
[2022-04-22T23:33:51.995+0800][gc,task      ] GC(990) Using 8 workers of 8 for evacuation
[2022-04-22T23:33:52.020+0800][gc,mmu       ] GC(990) MMU target violated: 21.0ms (20.0ms/21.0ms)
[2022-04-22T23:33:52.021+0800][gc,phases    ] GC(990)   Pre Evacuate Collection Set: 0.4ms
[2022-04-22T23:33:52.021+0800][gc,phases    ] GC(990)   Evacuate Collection Set: 22.4ms
[2022-04-22T23:33:52.021+0800][gc,phases    ] GC(990)   Post Evacuate Collection Set: 1.3ms
[2022-04-22T23:33:52.021+0800][gc,phases    ] GC(990)   Other: 2.0ms
[2022-04-22T23:33:52.021+0800][gc,heap      ] GC(990) Eden regions: 47->0(47)
[2022-04-22T23:33:52.021+0800][gc,heap      ] GC(990) Survivor regions: 4->4(7)
[2022-04-22T23:33:52.021+0800][gc,heap      ] GC(990) Old regions: 203->203
[2022-04-22T23:33:52.021+0800][gc,heap      ] GC(990) Archive regions: 2->2
[2022-04-22T23:33:52.021+0800][gc,heap      ] GC(990) Humongous regions: 129->129
[2022-04-22T23:33:52.021+0800][gc,metaspace ] GC(990) Metaspace: 43603K->43603K(1089536K)
[2022-04-22T23:33:52.021+0800][gc           ] GC(990) Pause Young (Normal) (G1 Evacuation Pause) 383M->336M(1024M) 26.241ms
[2022-04-22T23:33:52.021+0800][gc,cpu       ] GC(990) User=0.04s Sys=0.03s Real=0.03s
[2022-04-22T23:34:08.247+0800][gc,start     ] GC(991) Pause Young (Normal) (G1 Evacuation Pause)
[2022-04-22T23:34:08.259+0800][gc,task      ] GC(991) Using 8 workers of 8 for evacuation
[2022-04-22T23:34:08.280+0800][gc,mmu       ] GC(991) MMU target violated: 20.1ms (20.0ms/21.0ms)
[2022-04-22T23:34:08.280+0800][gc,phases    ] GC(991)   Pre Evacuate Collection Set: 0.2ms
[2022-04-22T23:34:08.280+0800][gc,phases    ] GC(991)   Evacuate Collection Set: 18.0ms
[2022-04-22T23:34:08.280+0800][gc,phases    ] GC(991)   Post Evacuate Collection Set: 1.4ms
[2022-04-22T23:34:08.280+0800][gc,phases    ] GC(991)   Other: 13.1ms
[2022-04-22T23:34:08.280+0800][gc,heap      ] GC(991) Eden regions: 47->0(48)
[2022-04-22T23:34:08.280+0800][gc,heap      ] GC(991) Survivor regions: 4->4(7)
[2022-04-22T23:34:08.280+0800][gc,heap      ] GC(991) Old regions: 203->204
[2022-04-22T23:34:08.280+0800][gc,heap      ] GC(991) Archive regions: 2->2
[2022-04-22T23:34:08.280+0800][gc,heap      ] GC(991) Humongous regions: 129->129
[2022-04-22T23:34:08.280+0800][gc,metaspace ] GC(991) Metaspace: 43603K->43603K(1089536K)
[2022-04-22T23:34:08.280+0800][gc           ] GC(991) Pause Young (Normal) (G1 Evacuation Pause) 383M->336M(1024M) 32.742ms
[2022-04-22T23:34:08.280+0800][gc,cpu       ] GC(991) User=0.04s Sys=0.03s Real=0.04s
[2022-04-22T23:34:25.079+0800][gc,start     ] GC(992) Pause Young (Normal) (G1 Evacuation Pause)
[2022-04-22T23:34:25.080+0800][gc,task      ] GC(992) Using 8 workers of 8 for evacuation
[2022-04-22T23:34:25.105+0800][gc,mmu       ] GC(992) MMU target violated: 21.0ms (20.0ms/21.0ms)
[2022-04-22T23:34:25.105+0800][gc,phases    ] GC(992)   Pre Evacuate Collection Set: 0.8ms
[2022-04-22T23:34:25.105+0800][gc,phases    ] GC(992)   Evacuate Collection Set: 21.4ms
[2022-04-22T23:34:25.105+0800][gc,phases    ] GC(992)   Post Evacuate Collection Set: 1.3ms
[2022-04-22T23:34:25.105+0800][gc,phases    ] GC(992)   Other: 3.3ms
[2022-04-22T23:34:25.105+0800][gc,heap      ] GC(992) Eden regions: 47->0(47)
[2022-04-22T23:34:25.105+0800][gc,heap      ] GC(992) Survivor regions: 4->6(7)
[2022-04-22T23:34:25.105+0800][gc,heap      ] GC(992) Old regions: 204->204
[2022-04-22T23:34:25.105+0800][gc,heap      ] GC(992) Archive regions: 2->2
[2022-04-22T23:34:25.105+0800][gc,heap      ] GC(992) Humongous regions: 129->129
[2022-04-22T23:34:25.105+0800][gc,metaspace ] GC(992) Metaspace: 43603K->43603K(1089536K)
[2022-04-22T23:34:25.105+0800][gc           ] GC(992) Pause Young (Normal) (G1 Evacuation Pause) 383M->338M(1024M) 26.570ms
[2022-04-22T23:34:25.105+0800][gc,cpu       ] GC(992) User=0.05s Sys=0.05s Real=0.03s
[2022-04-22T23:34:41.255+0800][gc,start     ] GC(993) Pause Young (Normal) (G1 Evacuation Pause)
[2022-04-22T23:34:41.256+0800][gc,task      ] GC(993) Using 8 workers of 8 for evacuation
[2022-04-22T23:34:41.320+0800][gc,mmu       ] GC(993) MMU target violated: 21.0ms (20.0ms/21.0ms)
[2022-04-22T23:34:41.320+0800][gc,phases    ] GC(993)   Pre Evacuate Collection Set: 0.2ms
[2022-04-22T23:34:41.320+0800][gc,phases    ] GC(993)   Evacuate Collection Set: 62.4ms
[2022-04-22T23:34:41.320+0800][gc,phases    ] GC(993)   Post Evacuate Collection Set: 0.7ms
[2022-04-22T23:34:41.320+0800][gc,phases    ] GC(993)   Other: 1.6ms
[2022-04-22T23:34:41.320+0800][gc,heap      ] GC(993) Eden regions: 46->0(47)
[2022-04-22T23:34:41.320+0800][gc,heap      ] GC(993) Survivor regions: 6->4(7)
[2022-04-22T23:34:41.320+0800][gc,heap      ] GC(993) Old regions: 204->206
[2022-04-22T23:34:41.320+0800][gc,heap      ] GC(993) Archive regions: 2->2
[2022-04-22T23:34:41.320+0800][gc,heap      ] GC(993) Humongous regions: 129->129
[2022-04-22T23:34:41.320+0800][gc,metaspace ] GC(993) Metaspace: 43603K->43603K(1089536K)
[2022-04-22T23:34:41.320+0800][gc           ] GC(993) Pause Young (Normal) (G1 Evacuation Pause) 384M->338M(1024M) 64.833ms
[2022-04-22T23:34:41.320+0800][gc,cpu       ] GC(993) User=0.03s Sys=0.03s Real=0.07s
[2022-04-22T23:34:57.692+0800][gc,start     ] GC(994) Pause Young (Normal) (G1 Evacuation Pause)
[2022-04-22T23:34:57.692+0800][gc,task      ] GC(994) Using 8 workers of 8 for evacuation
[2022-04-22T23:34:57.708+0800][gc,phases    ] GC(994)   Pre Evacuate Collection Set: 0.3ms
[2022-04-22T23:34:57.708+0800][gc,phases    ] GC(994)   Evacuate Collection Set: 13.3ms
[2022-04-22T23:34:57.709+0800][gc,phases    ] GC(994)   Post Evacuate Collection Set: 1.3ms
[2022-04-22T23:34:57.709+0800][gc,phases    ] GC(994)   Other: 2.0ms
[2022-04-22T23:34:57.709+0800][gc,heap      ] GC(994) Eden regions: 47->0(47)
[2022-04-22T23:34:57.709+0800][gc,heap      ] GC(994) Survivor regions: 4->4(7)
[2022-04-22T23:34:57.709+0800][gc,heap      ] GC(994) Old regions: 206->206
[2022-04-22T23:34:57.709+0800][gc,heap      ] GC(994) Archive regions: 2->2
[2022-04-22T23:34:57.709+0800][gc,heap      ] GC(994) Humongous regions: 129->129
[2022-04-22T23:34:57.709+0800][gc,metaspace ] GC(994) Metaspace: 43603K->43603K(1089536K)
[2022-04-22T23:34:57.709+0800][gc           ] GC(994) Pause Young (Normal) (G1 Evacuation Pause) 385M->338M(1024M) 17.170ms
[2022-04-22T23:34:57.709+0800][gc,cpu       ] GC(994) User=0.03s Sys=0.02s Real=0.01s
[2022-04-22T23:35:13.930+0800][gc,start     ] GC(995) Pause Young (Normal) (G1 Evacuation Pause)
[2022-04-22T23:35:13.930+0800][gc,task      ] GC(995) Using 8 workers of 8 for evacuation
[2022-04-22T23:35:13.948+0800][gc,phases    ] GC(995)   Pre Evacuate Collection Set: 0.2ms
[2022-04-22T23:35:13.948+0800][gc,phases    ] GC(995)   Evacuate Collection Set: 15.3ms
[2022-04-22T23:35:13.948+0800][gc,phases    ] GC(995)   Post Evacuate Collection Set: 1.5ms
[2022-04-22T23:35:13.948+0800][gc,phases    ] GC(995)   Other: 1.4ms
[2022-04-22T23:35:13.948+0800][gc,heap      ] GC(995) Eden regions: 47->0(46)
[2022-04-22T23:35:13.949+0800][gc,heap      ] GC(995) Survivor regions: 4->5(7)
[2022-04-22T23:35:13.949+0800][gc,heap      ] GC(995) Old regions: 206->206
[2022-04-22T23:35:13.949+0800][gc,heap      ] GC(995) Archive regions: 2->2
[2022-04-22T23:35:13.949+0800][gc,heap      ] GC(995) Humongous regions: 129->129
[2022-04-22T23:35:13.949+0800][gc,metaspace ] GC(995) Metaspace: 43603K->43603K(1089536K)
[2022-04-22T23:35:13.949+0800][gc           ] GC(995) Pause Young (Normal) (G1 Evacuation Pause) 385M->339M(1024M) 18.759ms
[2022-04-22T23:35:13.949+0800][gc,cpu       ] GC(995) User=0.04s Sys=0.01s Real=0.01s
[2022-04-22T23:35:29.925+0800][gc,start     ] GC(996) Pause Young (Normal) (G1 Evacuation Pause)
[2022-04-22T23:35:29.925+0800][gc,task      ] GC(996) Using 8 workers of 8 for evacuation
[2022-04-22T23:35:29.951+0800][gc,mmu       ] GC(996) MMU target violated: 21.0ms (20.0ms/21.0ms)
[2022-04-22T23:35:29.951+0800][gc,phases    ] GC(996)   Pre Evacuate Collection Set: 0.2ms
[2022-04-22T23:35:29.951+0800][gc,phases    ] GC(996)   Evacuate Collection Set: 20.6ms
[2022-04-22T23:35:29.951+0800][gc,phases    ] GC(996)   Post Evacuate Collection Set: 4.4ms
[2022-04-22T23:35:29.951+0800][gc,phases    ] GC(996)   Other: 1.7ms
[2022-04-22T23:35:29.951+0800][gc,heap      ] GC(996) Eden regions: 46->0(47)
[2022-04-22T23:35:29.951+0800][gc,heap      ] GC(996) Survivor regions: 5->4(7)
[2022-04-22T23:35:29.951+0800][gc,heap      ] GC(996) Old regions: 206->206
[2022-04-22T23:35:29.951+0800][gc,heap      ] GC(996) Archive regions: 2->2
[2022-04-22T23:35:29.951+0800][gc,heap      ] GC(996) Humongous regions: 129->129
[2022-04-22T23:35:29.951+0800][gc,metaspace ] GC(996) Metaspace: 43603K->43603K(1089536K)
[2022-04-22T23:35:29.952+0800][gc           ] GC(996) Pause Young (Normal) (G1 Evacuation Pause) 385M->339M(1024M) 26.981ms
[2022-04-22T23:35:29.952+0800][gc,cpu       ] GC(996) User=0.03s Sys=0.03s Real=0.03s
[2022-04-22T23:35:46.401+0800][gc,start     ] GC(997) Pause Young (Normal) (G1 Evacuation Pause)
[2022-04-22T23:35:46.401+0800][gc,task      ] GC(997) Using 8 workers of 8 for evacuation
[2022-04-22T23:35:46.441+0800][gc,mmu       ] GC(997) MMU target violated: 21.0ms (20.0ms/21.0ms)
[2022-04-22T23:35:46.441+0800][gc,phases    ] GC(997)   Pre Evacuate Collection Set: 2.6ms
[2022-04-22T23:35:46.441+0800][gc,phases    ] GC(997)   Evacuate Collection Set: 29.9ms
[2022-04-22T23:35:46.441+0800][gc,phases    ] GC(997)   Post Evacuate Collection Set: 2.2ms
[2022-04-22T23:35:46.441+0800][gc,phases    ] GC(997)   Other: 5.4ms
[2022-04-22T23:35:46.441+0800][gc,heap      ] GC(997) Eden regions: 47->0(47)
[2022-04-22T23:35:46.441+0800][gc,heap      ] GC(997) Survivor regions: 4->4(7)
[2022-04-22T23:35:46.441+0800][gc,heap      ] GC(997) Old regions: 206->206
[2022-04-22T23:35:46.441+0800][gc,heap      ] GC(997) Archive regions: 2->2
[2022-04-22T23:35:46.441+0800][gc,heap      ] GC(997) Humongous regions: 129->129
[2022-04-22T23:35:46.441+0800][gc,metaspace ] GC(997) Metaspace: 43603K->43603K(1089536K)
[2022-04-22T23:35:46.441+0800][gc           ] GC(997) Pause Young (Normal) (G1 Evacuation Pause) 386M->339M(1024M) 40.217ms
[2022-04-22T23:35:46.441+0800][gc,cpu       ] GC(997) User=0.03s Sys=0.04s Real=0.04s
[2022-04-22T23:36:02.846+0800][gc,start     ] GC(998) Pause Young (Normal) (G1 Evacuation Pause)
[2022-04-22T23:36:02.846+0800][gc,task      ] GC(998) Using 8 workers of 8 for evacuation
[2022-04-22T23:36:02.870+0800][gc,mmu       ] GC(998) MMU target violated: 21.0ms (20.0ms/21.0ms)
[2022-04-22T23:36:02.870+0800][gc,phases    ] GC(998)   Pre Evacuate Collection Set: 0.2ms
[2022-04-22T23:36:02.870+0800][gc,phases    ] GC(998)   Evacuate Collection Set: 21.7ms
[2022-04-22T23:36:02.870+0800][gc,phases    ] GC(998)   Post Evacuate Collection Set: 0.6ms
[2022-04-22T23:36:02.870+0800][gc,phases    ] GC(998)   Other: 1.6ms
[2022-04-22T23:36:02.870+0800][gc,heap      ] GC(998) Eden regions: 47->0(47)
[2022-04-22T23:36:02.870+0800][gc,heap      ] GC(998) Survivor regions: 4->4(7)
[2022-04-22T23:36:02.870+0800][gc,heap      ] GC(998) Old regions: 206->207
[2022-04-22T23:36:02.870+0800][gc,heap      ] GC(998) Archive regions: 2->2
[2022-04-22T23:36:02.870+0800][gc,heap      ] GC(998) Humongous regions: 129->129
[2022-04-22T23:36:02.870+0800][gc,metaspace ] GC(998) Metaspace: 43603K->43603K(1089536K)
[2022-04-22T23:36:02.870+0800][gc           ] GC(998) Pause Young (Normal) (G1 Evacuation Pause) 386M->339M(1024M) 24.203ms
[2022-04-22T23:36:02.870+0800][gc,cpu       ] GC(998) User=0.03s Sys=0.01s Real=0.03s
[2022-04-22T23:36:19.262+0800][gc,start     ] GC(999) Pause Young (Normal) (G1 Evacuation Pause)
[2022-04-22T23:36:19.269+0800][gc,task      ] GC(999) Using 8 workers of 8 for evacuation
[2022-04-22T23:36:19.284+0800][gc,phases    ] GC(999)   Pre Evacuate Collection Set: 0.4ms
[2022-04-22T23:36:19.284+0800][gc,phases    ] GC(999)   Evacuate Collection Set: 12.5ms
[2022-04-22T23:36:19.284+0800][gc,phases    ] GC(999)   Post Evacuate Collection Set: 1.0ms
[2022-04-22T23:36:19.284+0800][gc,phases    ] GC(999)   Other: 8.9ms
[2022-04-22T23:36:19.284+0800][gc,heap      ] GC(999) Eden regions: 47->0(46)
[2022-04-22T23:36:19.284+0800][gc,heap      ] GC(999) Survivor regions: 4->5(7)
[2022-04-22T23:36:19.284+0800][gc,heap      ] GC(999) Old regions: 207->207
[2022-04-22T23:36:19.284+0800][gc,heap      ] GC(999) Archive regions: 2->2
[2022-04-22T23:36:19.284+0800][gc,heap      ] GC(999) Humongous regions: 129->129
[2022-04-22T23:36:19.284+0800][gc,metaspace ] GC(999) Metaspace: 43603K->43603K(1089536K)
[2022-04-22T23:36:19.284+0800][gc           ] GC(999) Pause Young (Normal) (G1 Evacuation Pause) 386M->340M(1024M) 22.807ms
[2022-04-22T23:36:19.284+0800][gc,cpu       ] GC(999) User=0.03s Sys=0.02s Real=0.02s
[2022-04-22T23:36:35.648+0800][gc,start     ] GC(1000) Pause Young (Normal) (G1 Evacuation Pause)
[2022-04-22T23:36:35.649+0800][gc,task      ] GC(1000) Using 8 workers of 8 for evacuation
[2022-04-22T23:36:35.694+0800][gc,mmu       ] GC(1000) MMU target violated: 21.0ms (20.0ms/21.0ms)
[2022-04-22T23:36:35.694+0800][gc,phases    ] GC(1000)   Pre Evacuate Collection Set: 0.3ms
[2022-04-22T23:36:35.694+0800][gc,phases    ] GC(1000)   Evacuate Collection Set: 41.9ms
[2022-04-22T23:36:35.694+0800][gc,phases    ] GC(1000)   Post Evacuate Collection Set: 1.5ms
[2022-04-22T23:36:35.694+0800][gc,phases    ] GC(1000)   Other: 2.5ms
[2022-04-22T23:36:35.694+0800][gc,heap      ] GC(1000) Eden regions: 46->0(45)
[2022-04-22T23:36:35.694+0800][gc,heap      ] GC(1000) Survivor regions: 5->6(7)
[2022-04-22T23:36:35.694+0800][gc,heap      ] GC(1000) Old regions: 207->207
[2022-04-22T23:36:35.694+0800][gc,heap      ] GC(1000) Archive regions: 2->2
[2022-04-22T23:36:35.694+0800][gc,heap      ] GC(1000) Humongous regions: 129->129
[2022-04-22T23:36:35.694+0800][gc,metaspace ] GC(1000) Metaspace: 43603K->43603K(1089536K)
[2022-04-22T23:36:35.694+0800][gc           ] GC(1000) Pause Young (Normal) (G1 Evacuation Pause) 386M->341M(1024M) 46.313ms
[2022-04-22T23:36:35.694+0800][gc,cpu       ] GC(1000) User=0.06s Sys=0.06s Real=0.05s
[2022-04-22T23:36:51.237+0800][gc,start     ] GC(1001) Pause Young (Normal) (G1 Evacuation Pause)
[2022-04-22T23:36:51.246+0800][gc,task      ] GC(1001) Using 8 workers of 8 for evacuation
[2022-04-22T23:36:51.305+0800][gc,mmu       ] GC(1001) MMU target violated: 21.0ms (20.0ms/21.0ms)
[2022-04-22T23:36:51.305+0800][gc,phases    ] GC(1001)   Pre Evacuate Collection Set: 0.2ms
[2022-04-22T23:36:51.305+0800][gc,phases    ] GC(1001)   Evacuate Collection Set: 56.7ms
[2022-04-22T23:36:51.305+0800][gc,phases    ] GC(1001)   Post Evacuate Collection Set: 0.8ms
[2022-04-22T23:36:51.305+0800][gc,phases    ] GC(1001)   Other: 9.7ms
[2022-04-22T23:36:51.305+0800][gc,heap      ] GC(1001) Eden regions: 45->0(47)
[2022-04-22T23:36:51.305+0800][gc,heap      ] GC(1001) Survivor regions: 6->4(7)
[2022-04-22T23:36:51.305+0800][gc,heap      ] GC(1001) Old regions: 207->209
[2022-04-22T23:36:51.305+0800][gc,heap      ] GC(1001) Archive regions: 2->2
[2022-04-22T23:36:51.305+0800][gc,heap      ] GC(1001) Humongous regions: 129->129
[2022-04-22T23:36:51.305+0800][gc,metaspace ] GC(1001) Metaspace: 43603K->43603K(1089536K)
[2022-04-22T23:36:51.305+0800][gc           ] GC(1001) Pause Young (Normal) (G1 Evacuation Pause) 386M->342M(1024M) 67.390ms
[2022-04-22T23:36:51.305+0800][gc,cpu       ] GC(1001) User=0.04s Sys=0.03s Real=0.07s
[2022-04-22T23:37:06.969+0800][gc,start     ] GC(1002) Pause Young (Normal) (G1 Evacuation Pause)
[2022-04-22T23:37:06.970+0800][gc,task      ] GC(1002) Using 8 workers of 8 for evacuation
[2022-04-22T23:37:06.994+0800][gc,mmu       ] GC(1002) MMU target violated: 21.0ms (20.0ms/21.0ms)
[2022-04-22T23:37:06.994+0800][gc,phases    ] GC(1002)   Pre Evacuate Collection Set: 0.3ms
[2022-04-22T23:37:06.994+0800][gc,phases    ] GC(1002)   Evacuate Collection Set: 21.4ms
[2022-04-22T23:37:06.994+0800][gc,phases    ] GC(1002)   Post Evacuate Collection Set: 0.8ms
[2022-04-22T23:37:06.994+0800][gc,phases    ] GC(1002)   Other: 2.9ms
[2022-04-22T23:37:06.994+0800][gc,heap      ] GC(1002) Eden regions: 47->0(47)
[2022-04-22T23:37:06.994+0800][gc,heap      ] GC(1002) Survivor regions: 4->4(7)
[2022-04-22T23:37:06.994+0800][gc,heap      ] GC(1002) Old regions: 209->209
[2022-04-22T23:37:06.994+0800][gc,heap      ] GC(1002) Archive regions: 2->2
[2022-04-22T23:37:06.994+0800][gc,heap      ] GC(1002) Humongous regions: 129->129
[2022-04-22T23:37:06.994+0800][gc,metaspace ] GC(1002) Metaspace: 43603K->43603K(1089536K)
[2022-04-22T23:37:06.994+0800][gc           ] GC(1002) Pause Young (Normal) (G1 Evacuation Pause) 389M->342M(1024M) 25.344ms
[2022-04-22T23:37:06.994+0800][gc,cpu       ] GC(1002) User=0.04s Sys=0.05s Real=0.03s
[2022-04-22T23:37:22.781+0800][gc,start     ] GC(1003) Pause Young (Normal) (G1 Evacuation Pause)
[2022-04-22T23:37:22.781+0800][gc,task      ] GC(1003) Using 8 workers of 8 for evacuation
[2022-04-22T23:37:22.810+0800][gc,mmu       ] GC(1003) MMU target violated: 21.0ms (20.0ms/21.0ms)
[2022-04-22T23:37:22.811+0800][gc,phases    ] GC(1003)   Pre Evacuate Collection Set: 0.2ms
[2022-04-22T23:37:22.811+0800][gc,phases    ] GC(1003)   Evacuate Collection Set: 26.4ms
[2022-04-22T23:37:22.811+0800][gc,phases    ] GC(1003)   Post Evacuate Collection Set: 1.9ms
[2022-04-22T23:37:22.811+0800][gc,phases    ] GC(1003)   Other: 1.3ms
[2022-04-22T23:37:22.811+0800][gc,heap      ] GC(1003) Eden regions: 47->0(47)
[2022-04-22T23:37:22.811+0800][gc,heap      ] GC(1003) Survivor regions: 4->4(7)
[2022-04-22T23:37:22.811+0800][gc,heap      ] GC(1003) Old regions: 209->210
[2022-04-22T23:37:22.811+0800][gc,heap      ] GC(1003) Archive regions: 2->2
[2022-04-22T23:37:22.811+0800][gc,heap      ] GC(1003) Humongous regions: 129->129
[2022-04-22T23:37:22.811+0800][gc,metaspace ] GC(1003) Metaspace: 43603K->43603K(1089536K)
[2022-04-22T23:37:22.811+0800][gc           ] GC(1003) Pause Young (Normal) (G1 Evacuation Pause) 389M->342M(1024M) 29.932ms
[2022-04-22T23:37:22.811+0800][gc,cpu       ] GC(1003) User=0.04s Sys=0.03s Real=0.03s
[2022-04-22T23:37:38.653+0800][gc,start     ] GC(1004) Pause Young (Normal) (G1 Evacuation Pause)
[2022-04-22T23:37:38.654+0800][gc,task      ] GC(1004) Using 8 workers of 8 for evacuation
[2022-04-22T23:37:38.689+0800][gc,mmu       ] GC(1004) MMU target violated: 21.0ms (20.0ms/21.0ms)
[2022-04-22T23:37:38.689+0800][gc,phases    ] GC(1004)   Pre Evacuate Collection Set: 0.2ms
[2022-04-22T23:37:38.689+0800][gc,phases    ] GC(1004)   Evacuate Collection Set: 31.6ms
[2022-04-22T23:37:38.689+0800][gc,phases    ] GC(1004)   Post Evacuate Collection Set: 0.9ms
[2022-04-22T23:37:38.689+0800][gc,phases    ] GC(1004)   Other: 3.5ms
[2022-04-22T23:37:38.689+0800][gc,heap      ] GC(1004) Eden regions: 47->0(47)
[2022-04-22T23:37:38.689+0800][gc,heap      ] GC(1004) Survivor regions: 4->4(7)
[2022-04-22T23:37:38.689+0800][gc,heap      ] GC(1004) Old regions: 210->210
[2022-04-22T23:37:38.689+0800][gc,heap      ] GC(1004) Archive regions: 2->2
[2022-04-22T23:37:38.689+0800][gc,heap      ] GC(1004) Humongous regions: 129->129
[2022-04-22T23:37:38.689+0800][gc,metaspace ] GC(1004) Metaspace: 43603K->43603K(1089536K)
[2022-04-22T23:37:38.689+0800][gc           ] GC(1004) Pause Young (Normal) (G1 Evacuation Pause) 389M->342M(1024M) 36.200ms
[2022-04-22T23:37:38.689+0800][gc,cpu       ] GC(1004) User=0.03s Sys=0.04s Real=0.03s
[2022-04-22T23:37:54.279+0800][gc,start     ] GC(1005) Pause Young (Normal) (G1 Evacuation Pause)
[2022-04-22T23:37:54.279+0800][gc,task      ] GC(1005) Using 8 workers of 8 for evacuation
[2022-04-22T23:37:54.319+0800][gc,mmu       ] GC(1005) MMU target violated: 21.0ms (20.0ms/21.0ms)
[2022-04-22T23:37:54.319+0800][gc,phases    ] GC(1005)   Pre Evacuate Collection Set: 0.4ms
[2022-04-22T23:37:54.319+0800][gc,phases    ] GC(1005)   Evacuate Collection Set: 36.8ms
[2022-04-22T23:37:54.319+0800][gc,phases    ] GC(1005)   Post Evacuate Collection Set: 2.2ms
[2022-04-22T23:37:54.320+0800][gc,phases    ] GC(1005)   Other: 1.5ms
[2022-04-22T23:37:54.320+0800][gc,heap      ] GC(1005) Eden regions: 47->0(47)
[2022-04-22T23:37:54.320+0800][gc,heap      ] GC(1005) Survivor regions: 4->4(7)
[2022-04-22T23:37:54.320+0800][gc,heap      ] GC(1005) Old regions: 210->210
[2022-04-22T23:37:54.320+0800][gc,heap      ] GC(1005) Archive regions: 2->2
[2022-04-22T23:37:54.320+0800][gc,heap      ] GC(1005) Humongous regions: 129->129
[2022-04-22T23:37:54.320+0800][gc,metaspace ] GC(1005) Metaspace: 43603K->43603K(1089536K)
[2022-04-22T23:37:54.320+0800][gc           ] GC(1005) Pause Young (Normal) (G1 Evacuation Pause) 389M->343M(1024M) 41.023ms
[2022-04-22T23:37:54.320+0800][gc,cpu       ] GC(1005) User=0.04s Sys=0.03s Real=0.05s
[2022-04-22T23:38:12.172+0800][gc,start     ] GC(1006) Pause Young (Normal) (G1 Evacuation Pause)
[2022-04-22T23:38:12.172+0800][gc,task      ] GC(1006) Using 8 workers of 8 for evacuation
[2022-04-22T23:38:12.193+0800][gc,mmu       ] GC(1006) MMU target violated: 21.0ms (20.0ms/21.0ms)
[2022-04-22T23:38:12.193+0800][gc,phases    ] GC(1006)   Pre Evacuate Collection Set: 0.1ms
[2022-04-22T23:38:12.193+0800][gc,phases    ] GC(1006)   Evacuate Collection Set: 19.2ms
[2022-04-22T23:38:12.193+0800][gc,phases    ] GC(1006)   Post Evacuate Collection Set: 1.4ms
[2022-04-22T23:38:12.193+0800][gc,phases    ] GC(1006)   Other: 0.7ms
[2022-04-22T23:38:12.193+0800][gc,heap      ] GC(1006) Eden regions: 47->0(45)
[2022-04-22T23:38:12.193+0800][gc,heap      ] GC(1006) Survivor regions: 4->6(7)
[2022-04-22T23:38:12.193+0800][gc,heap      ] GC(1006) Old regions: 210->210
[2022-04-22T23:38:12.193+0800][gc,heap      ] GC(1006) Archive regions: 2->2
[2022-04-22T23:38:12.193+0800][gc,heap      ] GC(1006) Humongous regions: 129->129
[2022-04-22T23:38:12.193+0800][gc,metaspace ] GC(1006) Metaspace: 43603K->43603K(1089536K)
[2022-04-22T23:38:12.194+0800][gc           ] GC(1006) Pause Young (Normal) (G1 Evacuation Pause) 390M->344M(1024M) 21.419ms
[2022-04-22T23:38:12.194+0800][gc,cpu       ] GC(1006) User=0.02s Sys=0.02s Real=0.02s
[2022-04-22T23:38:32.289+0800][gc,start     ] GC(1007) Pause Young (Normal) (G1 Evacuation Pause)
[2022-04-22T23:38:32.292+0800][gc,task      ] GC(1007) Using 8 workers of 8 for evacuation
[2022-04-22T23:38:32.474+0800][gc,mmu       ] GC(1007) MMU target violated: 21.0ms (20.0ms/21.0ms)
[2022-04-22T23:38:32.474+0800][gc,phases    ] GC(1007)   Pre Evacuate Collection Set: 0.2ms
[2022-04-22T23:38:32.474+0800][gc,phases    ] GC(1007)   Evacuate Collection Set: 180.2ms
[2022-04-22T23:38:32.474+0800][gc,phases    ] GC(1007)   Post Evacuate Collection Set: 0.6ms
[2022-04-22T23:38:32.474+0800][gc,phases    ] GC(1007)   Other: 4.5ms
[2022-04-22T23:38:32.474+0800][gc,heap      ] GC(1007) Eden regions: 45->0(47)
[2022-04-22T23:38:32.474+0800][gc,heap      ] GC(1007) Survivor regions: 6->4(7)
[2022-04-22T23:38:32.474+0800][gc,heap      ] GC(1007) Old regions: 210->212
[2022-04-22T23:38:32.474+0800][gc,heap      ] GC(1007) Archive regions: 2->2
[2022-04-22T23:38:32.474+0800][gc,heap      ] GC(1007) Humongous regions: 129->129
[2022-04-22T23:38:32.474+0800][gc,metaspace ] GC(1007) Metaspace: 43603K->43603K(1089536K)
[2022-04-22T23:38:32.474+0800][gc           ] GC(1007) Pause Young (Normal) (G1 Evacuation Pause) 389M->344M(1024M) 185.553ms
[2022-04-22T23:38:32.474+0800][gc,cpu       ] GC(1007) User=0.04s Sys=0.04s Real=0.19s
[2022-04-22T23:38:48.544+0800][gc,start     ] GC(1008) Pause Young (Normal) (G1 Evacuation Pause)
[2022-04-22T23:38:48.548+0800][gc,task      ] GC(1008) Using 8 workers of 8 for evacuation
[2022-04-22T23:38:48.573+0800][gc,mmu       ] GC(1008) MMU target violated: 21.0ms (20.0ms/21.0ms)
[2022-04-22T23:38:48.573+0800][gc,phases    ] GC(1008)   Pre Evacuate Collection Set: 0.2ms
[2022-04-22T23:38:48.573+0800][gc,phases    ] GC(1008)   Evacuate Collection Set: 23.3ms
[2022-04-22T23:38:48.573+0800][gc,phases    ] GC(1008)   Post Evacuate Collection Set: 1.1ms
[2022-04-22T23:38:48.573+0800][gc,phases    ] GC(1008)   Other: 4.9ms
[2022-04-22T23:38:48.573+0800][gc,heap      ] GC(1008) Eden regions: 47->0(47)
[2022-04-22T23:38:48.573+0800][gc,heap      ] GC(1008) Survivor regions: 4->4(7)
[2022-04-22T23:38:48.573+0800][gc,heap      ] GC(1008) Old regions: 212->212
[2022-04-22T23:38:48.573+0800][gc,heap      ] GC(1008) Archive regions: 2->2
[2022-04-22T23:38:48.573+0800][gc,heap      ] GC(1008) Humongous regions: 129->129
[2022-04-22T23:38:48.573+0800][gc,metaspace ] GC(1008) Metaspace: 43603K->43603K(1089536K)
[2022-04-22T23:38:48.574+0800][gc           ] GC(1008) Pause Young (Normal) (G1 Evacuation Pause) 391M->344M(1024M) 29.551ms
[2022-04-22T23:38:48.574+0800][gc,cpu       ] GC(1008) User=0.03s Sys=0.03s Real=0.03s
[2022-04-22T23:39:04.223+0800][gc,start     ] GC(1009) Pause Young (Normal) (G1 Evacuation Pause)
[2022-04-22T23:39:04.224+0800][gc,task      ] GC(1009) Using 8 workers of 8 for evacuation
[2022-04-22T23:39:04.239+0800][gc,phases    ] GC(1009)   Pre Evacuate Collection Set: 0.4ms
[2022-04-22T23:39:04.240+0800][gc,phases    ] GC(1009)   Evacuate Collection Set: 13.8ms
[2022-04-22T23:39:04.240+0800][gc,phases    ] GC(1009)   Post Evacuate Collection Set: 0.7ms
[2022-04-22T23:39:04.240+0800][gc,phases    ] GC(1009)   Other: 1.4ms
[2022-04-22T23:39:04.240+0800][gc,heap      ] GC(1009) Eden regions: 47->0(47)
[2022-04-22T23:39:04.240+0800][gc,heap      ] GC(1009) Survivor regions: 4->4(7)
[2022-04-22T23:39:04.240+0800][gc,heap      ] GC(1009) Old regions: 212->212
[2022-04-22T23:39:04.240+0800][gc,heap      ] GC(1009) Archive regions: 2->2
[2022-04-22T23:39:04.240+0800][gc,heap      ] GC(1009) Humongous regions: 129->129
[2022-04-22T23:39:04.240+0800][gc,metaspace ] GC(1009) Metaspace: 43603K->43603K(1089536K)
[2022-04-22T23:39:04.240+0800][gc           ] GC(1009) Pause Young (Normal) (G1 Evacuation Pause) 391M->344M(1024M) 16.436ms
[2022-04-22T23:39:04.240+0800][gc,cpu       ] GC(1009) User=0.05s Sys=0.01s Real=0.02s
[2022-04-22T23:39:19.856+0800][gc,start     ] GC(1010) Pause Young (Normal) (G1 Evacuation Pause)
[2022-04-22T23:39:19.856+0800][gc,task      ] GC(1010) Using 8 workers of 8 for evacuation
[2022-04-22T23:39:19.884+0800][gc,mmu       ] GC(1010) MMU target violated: 21.0ms (20.0ms/21.0ms)
[2022-04-22T23:39:19.884+0800][gc,phases    ] GC(1010)   Pre Evacuate Collection Set: 0.3ms
[2022-04-22T23:39:19.884+0800][gc,phases    ] GC(1010)   Evacuate Collection Set: 25.0ms
[2022-04-22T23:39:19.884+0800][gc,phases    ] GC(1010)   Post Evacuate Collection Set: 1.2ms
[2022-04-22T23:39:19.884+0800][gc,phases    ] GC(1010)   Other: 1.5ms
[2022-04-22T23:39:19.884+0800][gc,heap      ] GC(1010) Eden regions: 47->0(47)
[2022-04-22T23:39:19.884+0800][gc,heap      ] GC(1010) Survivor regions: 4->4(7)
[2022-04-22T23:39:19.884+0800][gc,heap      ] GC(1010) Old regions: 212->212
[2022-04-22T23:39:19.884+0800][gc,heap      ] GC(1010) Archive regions: 2->2
[2022-04-22T23:39:19.884+0800][gc,heap      ] GC(1010) Humongous regions: 129->129
[2022-04-22T23:39:19.884+0800][gc,metaspace ] GC(1010) Metaspace: 43603K->43603K(1089536K)
[2022-04-22T23:39:19.884+0800][gc           ] GC(1010) Pause Young (Normal) (G1 Evacuation Pause) 391M->345M(1024M) 28.133ms
[2022-04-22T23:39:19.884+0800][gc,cpu       ] GC(1010) User=0.04s Sys=0.03s Real=0.03s
[2022-04-22T23:39:35.552+0800][gc,start     ] GC(1011) Pause Young (Normal) (G1 Evacuation Pause)
[2022-04-22T23:39:35.555+0800][gc,task      ] GC(1011) Using 8 workers of 8 for evacuation
[2022-04-22T23:39:35.578+0800][gc,mmu       ] GC(1011) MMU target violated: 21.0ms (20.0ms/21.0ms)
[2022-04-22T23:39:35.579+0800][gc,phases    ] GC(1011)   Pre Evacuate Collection Set: 0.2ms
[2022-04-22T23:39:35.579+0800][gc,phases    ] GC(1011)   Evacuate Collection Set: 21.6ms
[2022-04-22T23:39:35.579+0800][gc,phases    ] GC(1011)   Post Evacuate Collection Set: 0.9ms
[2022-04-22T23:39:35.579+0800][gc,phases    ] GC(1011)   Other: 3.6ms
[2022-04-22T23:39:35.579+0800][gc,heap      ] GC(1011) Eden regions: 47->0(45)
[2022-04-22T23:39:35.579+0800][gc,heap      ] GC(1011) Survivor regions: 4->6(7)
[2022-04-22T23:39:35.579+0800][gc,heap      ] GC(1011) Old regions: 212->212
[2022-04-22T23:39:35.579+0800][gc,heap      ] GC(1011) Archive regions: 2->2
[2022-04-22T23:39:35.579+0800][gc,heap      ] GC(1011) Humongous regions: 129->129
[2022-04-22T23:39:35.579+0800][gc,metaspace ] GC(1011) Metaspace: 43603K->43603K(1089536K)
[2022-04-22T23:39:35.579+0800][gc           ] GC(1011) Pause Young (Normal) (G1 Evacuation Pause) 392M->347M(1024M) 26.307ms
[2022-04-22T23:39:35.579+0800][gc,cpu       ] GC(1011) User=0.05s Sys=0.02s Real=0.02s
[2022-04-22T23:39:50.470+0800][gc,start     ] GC(1012) Pause Young (Normal) (G1 Evacuation Pause)
[2022-04-22T23:39:50.471+0800][gc,task      ] GC(1012) Using 8 workers of 8 for evacuation
[2022-04-22T23:39:50.524+0800][gc,mmu       ] GC(1012) MMU target violated: 21.0ms (20.0ms/21.0ms)
[2022-04-22T23:39:50.524+0800][gc,phases    ] GC(1012)   Pre Evacuate Collection Set: 0.2ms
[2022-04-22T23:39:50.524+0800][gc,phases    ] GC(1012)   Evacuate Collection Set: 52.1ms
[2022-04-22T23:39:50.524+0800][gc,phases    ] GC(1012)   Post Evacuate Collection Set: 0.4ms
[2022-04-22T23:39:50.524+0800][gc,phases    ] GC(1012)   Other: 1.0ms
[2022-04-22T23:39:50.524+0800][gc,heap      ] GC(1012) Eden regions: 45->0(47)
[2022-04-22T23:39:50.524+0800][gc,heap      ] GC(1012) Survivor regions: 6->4(7)
[2022-04-22T23:39:50.524+0800][gc,heap      ] GC(1012) Old regions: 212->214
[2022-04-22T23:39:50.524+0800][gc,heap      ] GC(1012) Archive regions: 2->2
[2022-04-22T23:39:50.524+0800][gc,heap      ] GC(1012) Humongous regions: 129->129
[2022-04-22T23:39:50.524+0800][gc,metaspace ] GC(1012) Metaspace: 43603K->43603K(1089536K)
[2022-04-22T23:39:50.524+0800][gc           ] GC(1012) Pause Young (Normal) (G1 Evacuation Pause) 392M->346M(1024M) 53.790ms
[2022-04-22T23:39:50.524+0800][gc,cpu       ] GC(1012) User=0.05s Sys=0.03s Real=0.05s
[2022-04-22T23:40:06.812+0800][gc,start     ] GC(1013) Pause Young (Normal) (G1 Evacuation Pause)
[2022-04-22T23:40:06.816+0800][gc,task      ] GC(1013) Using 8 workers of 8 for evacuation
[2022-04-22T23:40:06.840+0800][gc,mmu       ] GC(1013) MMU target violated: 21.0ms (20.0ms/21.0ms)
[2022-04-22T23:40:06.840+0800][gc,phases    ] GC(1013)   Pre Evacuate Collection Set: 0.3ms
[2022-04-22T23:40:06.840+0800][gc,phases    ] GC(1013)   Evacuate Collection Set: 20.6ms
[2022-04-22T23:40:06.840+0800][gc,phases    ] GC(1013)   Post Evacuate Collection Set: 1.4ms
[2022-04-22T23:40:06.840+0800][gc,phases    ] GC(1013)   Other: 5.8ms
[2022-04-22T23:40:06.840+0800][gc,heap      ] GC(1013) Eden regions: 47->0(47)
[2022-04-22T23:40:06.840+0800][gc,heap      ] GC(1013) Survivor regions: 4->4(7)
[2022-04-22T23:40:06.840+0800][gc,heap      ] GC(1013) Old regions: 214->214
[2022-04-22T23:40:06.840+0800][gc,heap      ] GC(1013) Archive regions: 2->2
[2022-04-22T23:40:06.840+0800][gc,heap      ] GC(1013) Humongous regions: 129->129
[2022-04-22T23:40:06.840+0800][gc,metaspace ] GC(1013) Metaspace: 43603K->43603K(1089536K)
[2022-04-22T23:40:06.840+0800][gc           ] GC(1013) Pause Young (Normal) (G1 Evacuation Pause) 393M->347M(1024M) 28.174ms
[2022-04-22T23:40:06.840+0800][gc,cpu       ] GC(1013) User=0.03s Sys=0.02s Real=0.03s
[2022-04-22T23:40:22.615+0800][gc,start     ] GC(1014) Pause Young (Normal) (G1 Evacuation Pause)
[2022-04-22T23:40:22.616+0800][gc,task      ] GC(1014) Using 8 workers of 8 for evacuation
[2022-04-22T23:40:22.631+0800][gc,phases    ] GC(1014)   Pre Evacuate Collection Set: 0.2ms
[2022-04-22T23:40:22.631+0800][gc,phases    ] GC(1014)   Evacuate Collection Set: 13.0ms
[2022-04-22T23:40:22.631+0800][gc,phases    ] GC(1014)   Post Evacuate Collection Set: 0.8ms
[2022-04-22T23:40:22.631+0800][gc,phases    ] GC(1014)   Other: 1.4ms
[2022-04-22T23:40:22.631+0800][gc,heap      ] GC(1014) Eden regions: 47->0(47)
[2022-04-22T23:40:22.631+0800][gc,heap      ] GC(1014) Survivor regions: 4->4(7)
[2022-04-22T23:40:22.631+0800][gc,heap      ] GC(1014) Old regions: 214->214
[2022-04-22T23:40:22.631+0800][gc,heap      ] GC(1014) Archive regions: 2->2
[2022-04-22T23:40:22.631+0800][gc,heap      ] GC(1014) Humongous regions: 129->129
[2022-04-22T23:40:22.631+0800][gc,metaspace ] GC(1014) Metaspace: 43603K->43603K(1089536K)
[2022-04-22T23:40:22.631+0800][gc           ] GC(1014) Pause Young (Normal) (G1 Evacuation Pause) 394M->347M(1024M) 15.711ms
[2022-04-22T23:40:22.631+0800][gc,cpu       ] GC(1014) User=0.04s Sys=0.01s Real=0.02s
[2022-04-22T23:40:38.337+0800][gc,start     ] GC(1015) Pause Young (Normal) (G1 Evacuation Pause)
[2022-04-22T23:40:38.339+0800][gc,task      ] GC(1015) Using 8 workers of 8 for evacuation
[2022-04-22T23:40:38.353+0800][gc,phases    ] GC(1015)   Pre Evacuate Collection Set: 0.2ms
[2022-04-22T23:40:38.353+0800][gc,phases    ] GC(1015)   Evacuate Collection Set: 13.3ms
[2022-04-22T23:40:38.353+0800][gc,phases    ] GC(1015)   Post Evacuate Collection Set: 0.7ms
[2022-04-22T23:40:38.353+0800][gc,phases    ] GC(1015)   Other: 1.9ms
[2022-04-22T23:40:38.354+0800][gc,heap      ] GC(1015) Eden regions: 47->0(46)
[2022-04-22T23:40:38.354+0800][gc,heap      ] GC(1015) Survivor regions: 4->5(7)
[2022-04-22T23:40:38.354+0800][gc,heap      ] GC(1015) Old regions: 214->214
[2022-04-22T23:40:38.354+0800][gc,heap      ] GC(1015) Archive regions: 2->2
[2022-04-22T23:40:38.354+0800][gc,heap      ] GC(1015) Humongous regions: 129->129
[2022-04-22T23:40:38.354+0800][gc,metaspace ] GC(1015) Metaspace: 43603K->43603K(1089536K)
[2022-04-22T23:40:38.354+0800][gc           ] GC(1015) Pause Young (Normal) (G1 Evacuation Pause) 394M->347M(1024M) 16.317ms
[2022-04-22T23:40:38.354+0800][gc,cpu       ] GC(1015) User=0.05s Sys=0.01s Real=0.02s
[2022-04-22T23:40:53.766+0800][gc,start     ] GC(1016) Pause Young (Normal) (G1 Evacuation Pause)
[2022-04-22T23:40:53.775+0800][gc,task      ] GC(1016) Using 8 workers of 8 for evacuation
[2022-04-22T23:40:53.828+0800][gc,mmu       ] GC(1016) MMU target violated: 21.0ms (20.0ms/21.0ms)
[2022-04-22T23:40:53.828+0800][gc,phases    ] GC(1016)   Pre Evacuate Collection Set: 0.2ms
[2022-04-22T23:40:53.828+0800][gc,phases    ] GC(1016)   Evacuate Collection Set: 49.7ms
[2022-04-22T23:40:53.828+0800][gc,phases    ] GC(1016)   Post Evacuate Collection Set: 2.8ms
[2022-04-22T23:40:53.828+0800][gc,phases    ] GC(1016)   Other: 9.3ms
[2022-04-22T23:40:53.828+0800][gc,heap      ] GC(1016) Eden regions: 46->0(47)
[2022-04-22T23:40:53.828+0800][gc,heap      ] GC(1016) Survivor regions: 5->4(7)
[2022-04-22T23:40:53.828+0800][gc,heap      ] GC(1016) Old regions: 214->215
[2022-04-22T23:40:53.828+0800][gc,heap      ] GC(1016) Archive regions: 2->2
[2022-04-22T23:40:53.828+0800][gc,heap      ] GC(1016) Humongous regions: 129->129
[2022-04-22T23:40:53.828+0800][gc,metaspace ] GC(1016) Metaspace: 43603K->43603K(1089536K)
[2022-04-22T23:40:53.828+0800][gc           ] GC(1016) Pause Young (Normal) (G1 Evacuation Pause) 393M->347M(1024M) 61.984ms
[2022-04-22T23:40:53.828+0800][gc,cpu       ] GC(1016) User=0.04s Sys=0.02s Real=0.06s
[2022-04-22T23:41:09.805+0800][gc,start     ] GC(1017) Pause Young (Normal) (G1 Evacuation Pause)
[2022-04-22T23:41:09.806+0800][gc,task      ] GC(1017) Using 8 workers of 8 for evacuation
[2022-04-22T23:41:09.825+0800][gc,phases    ] GC(1017)   Pre Evacuate Collection Set: 0.3ms
[2022-04-22T23:41:09.825+0800][gc,phases    ] GC(1017)   Evacuate Collection Set: 16.9ms
[2022-04-22T23:41:09.825+0800][gc,phases    ] GC(1017)   Post Evacuate Collection Set: 1.4ms
[2022-04-22T23:41:09.825+0800][gc,phases    ] GC(1017)   Other: 1.8ms
[2022-04-22T23:41:09.825+0800][gc,heap      ] GC(1017) Eden regions: 47->0(45)
[2022-04-22T23:41:09.825+0800][gc,heap      ] GC(1017) Survivor regions: 4->6(7)
[2022-04-22T23:41:09.825+0800][gc,heap      ] GC(1017) Old regions: 215->215
[2022-04-22T23:41:09.825+0800][gc,heap      ] GC(1017) Archive regions: 2->2
[2022-04-22T23:41:09.825+0800][gc,heap      ] GC(1017) Humongous regions: 129->129
[2022-04-22T23:41:09.825+0800][gc,metaspace ] GC(1017) Metaspace: 43603K->43603K(1089536K)
[2022-04-22T23:41:09.825+0800][gc           ] GC(1017) Pause Young (Normal) (G1 Evacuation Pause) 394M->349M(1024M) 20.711ms
[2022-04-22T23:41:09.826+0800][gc,cpu       ] GC(1017) User=0.05s Sys=0.01s Real=0.02s
[2022-04-22T23:41:24.819+0800][gc,start     ] GC(1018) Pause Young (Normal) (G1 Evacuation Pause)
[2022-04-22T23:41:24.833+0800][gc,task      ] GC(1018) Using 8 workers of 8 for evacuation
[2022-04-22T23:41:24.886+0800][gc,mmu       ] GC(1018) MMU target violated: 21.0ms (20.0ms/21.0ms)
[2022-04-22T23:41:24.886+0800][gc,phases    ] GC(1018)   Pre Evacuate Collection Set: 0.2ms
[2022-04-22T23:41:24.886+0800][gc,phases    ] GC(1018)   Evacuate Collection Set: 51.1ms
[2022-04-22T23:41:24.886+0800][gc,phases    ] GC(1018)   Post Evacuate Collection Set: 0.7ms
[2022-04-22T23:41:24.886+0800][gc,phases    ] GC(1018)   Other: 14.8ms
[2022-04-22T23:41:24.886+0800][gc,heap      ] GC(1018) Eden regions: 45->0(47)
[2022-04-22T23:41:24.886+0800][gc,heap      ] GC(1018) Survivor regions: 6->4(7)
[2022-04-22T23:41:24.886+0800][gc,heap      ] GC(1018) Old regions: 215->216
[2022-04-22T23:41:24.886+0800][gc,heap      ] GC(1018) Archive regions: 2->2
[2022-04-22T23:41:24.886+0800][gc,heap      ] GC(1018) Humongous regions: 129->129
[2022-04-22T23:41:24.886+0800][gc,metaspace ] GC(1018) Metaspace: 43603K->43603K(1089536K)
[2022-04-22T23:41:24.886+0800][gc           ] GC(1018) Pause Young (Normal) (G1 Evacuation Pause) 394M->349M(1024M) 66.825ms
[2022-04-22T23:41:24.886+0800][gc,cpu       ] GC(1018) User=0.04s Sys=0.04s Real=0.07s
[2022-04-22T23:41:40.681+0800][gc,start     ] GC(1019) Pause Young (Normal) (G1 Evacuation Pause)
[2022-04-22T23:41:40.682+0800][gc,task      ] GC(1019) Using 8 workers of 8 for evacuation
[2022-04-22T23:41:40.702+0800][gc,phases    ] GC(1019)   Pre Evacuate Collection Set: 0.2ms
[2022-04-22T23:41:40.702+0800][gc,phases    ] GC(1019)   Evacuate Collection Set: 18.1ms
[2022-04-22T23:41:40.702+0800][gc,phases    ] GC(1019)   Post Evacuate Collection Set: 1.0ms
[2022-04-22T23:41:40.702+0800][gc,phases    ] GC(1019)   Other: 1.1ms
[2022-04-22T23:41:40.702+0800][gc,heap      ] GC(1019) Eden regions: 47->0(47)
[2022-04-22T23:41:40.702+0800][gc,heap      ] GC(1019) Survivor regions: 4->4(7)
[2022-04-22T23:41:40.702+0800][gc,heap      ] GC(1019) Old regions: 216->216
[2022-04-22T23:41:40.702+0800][gc,heap      ] GC(1019) Archive regions: 2->2
[2022-04-22T23:41:40.702+0800][gc,heap      ] GC(1019) Humongous regions: 129->129
[2022-04-22T23:41:40.702+0800][gc,metaspace ] GC(1019) Metaspace: 43603K->43603K(1089536K)
[2022-04-22T23:41:40.702+0800][gc           ] GC(1019) Pause Young (Normal) (G1 Evacuation Pause) 396M->349M(1024M) 20.671ms
[2022-04-22T23:41:40.702+0800][gc,cpu       ] GC(1019) User=0.04s Sys=0.01s Real=0.02s
[2022-04-22T23:41:56.452+0800][gc,start     ] GC(1020) Pause Young (Normal) (G1 Evacuation Pause)
[2022-04-22T23:41:56.452+0800][gc,task      ] GC(1020) Using 8 workers of 8 for evacuation
[2022-04-22T23:41:56.481+0800][gc,mmu       ] GC(1020) MMU target violated: 21.0ms (20.0ms/21.0ms)
[2022-04-22T23:41:56.481+0800][gc,phases    ] GC(1020)   Pre Evacuate Collection Set: 0.2ms
[2022-04-22T23:41:56.481+0800][gc,phases    ] GC(1020)   Evacuate Collection Set: 26.5ms
[2022-04-22T23:41:56.481+0800][gc,phases    ] GC(1020)   Post Evacuate Collection Set: 1.2ms
[2022-04-22T23:41:56.481+0800][gc,phases    ] GC(1020)   Other: 1.5ms
[2022-04-22T23:41:56.481+0800][gc,heap      ] GC(1020) Eden regions: 47->0(47)
[2022-04-22T23:41:56.481+0800][gc,heap      ] GC(1020) Survivor regions: 4->4(7)
[2022-04-22T23:41:56.481+0800][gc,heap      ] GC(1020) Old regions: 216->217
[2022-04-22T23:41:56.481+0800][gc,heap      ] GC(1020) Archive regions: 2->2
[2022-04-22T23:41:56.481+0800][gc,heap      ] GC(1020) Humongous regions: 129->129
[2022-04-22T23:41:56.481+0800][gc,metaspace ] GC(1020) Metaspace: 43603K->43603K(1089536K)
[2022-04-22T23:41:56.481+0800][gc           ] GC(1020) Pause Young (Normal) (G1 Evacuation Pause) 396M->349M(1024M) 29.509ms
[2022-04-22T23:41:56.481+0800][gc,cpu       ] GC(1020) User=0.04s Sys=0.03s Real=0.03s
[2022-04-22T23:42:12.350+0800][gc,start     ] GC(1021) Pause Young (Normal) (G1 Evacuation Pause)
[2022-04-22T23:42:12.351+0800][gc,task      ] GC(1021) Using 8 workers of 8 for evacuation
[2022-04-22T23:42:12.375+0800][gc,mmu       ] GC(1021) MMU target violated: 21.0ms (20.0ms/21.0ms)
[2022-04-22T23:42:12.375+0800][gc,phases    ] GC(1021)   Pre Evacuate Collection Set: 0.2ms
[2022-04-22T23:42:12.375+0800][gc,phases    ] GC(1021)   Evacuate Collection Set: 23.3ms
[2022-04-22T23:42:12.375+0800][gc,phases    ] GC(1021)   Post Evacuate Collection Set: 0.4ms
[2022-04-22T23:42:12.375+0800][gc,phases    ] GC(1021)   Other: 1.7ms
[2022-04-22T23:42:12.375+0800][gc,heap      ] GC(1021) Eden regions: 47->0(47)
[2022-04-22T23:42:12.375+0800][gc,heap      ] GC(1021) Survivor regions: 4->4(7)
[2022-04-22T23:42:12.375+0800][gc,heap      ] GC(1021) Old regions: 217->217
[2022-04-22T23:42:12.375+0800][gc,heap      ] GC(1021) Archive regions: 2->2
[2022-04-22T23:42:12.375+0800][gc,heap      ] GC(1021) Humongous regions: 129->129
[2022-04-22T23:42:12.375+0800][gc,metaspace ] GC(1021) Metaspace: 43603K->43603K(1089536K)
[2022-04-22T23:42:12.375+0800][gc           ] GC(1021) Pause Young (Normal) (G1 Evacuation Pause) 396M->349M(1024M) 25.573ms
[2022-04-22T23:42:12.375+0800][gc,cpu       ] GC(1021) User=0.03s Sys=0.02s Real=0.02s
[2022-04-22T23:42:28.311+0800][gc,start     ] GC(1022) Pause Young (Normal) (G1 Evacuation Pause)
[2022-04-22T23:42:28.311+0800][gc,task      ] GC(1022) Using 8 workers of 8 for evacuation
[2022-04-22T23:42:28.328+0800][gc,phases    ] GC(1022)   Pre Evacuate Collection Set: 0.2ms
[2022-04-22T23:42:28.328+0800][gc,phases    ] GC(1022)   Evacuate Collection Set: 15.1ms
[2022-04-22T23:42:28.328+0800][gc,phases    ] GC(1022)   Post Evacuate Collection Set: 1.2ms
[2022-04-22T23:42:28.328+0800][gc,phases    ] GC(1022)   Other: 1.2ms
[2022-04-22T23:42:28.328+0800][gc,heap      ] GC(1022) Eden regions: 47->0(47)
[2022-04-22T23:42:28.328+0800][gc,heap      ] GC(1022) Survivor regions: 4->4(7)
[2022-04-22T23:42:28.328+0800][gc,heap      ] GC(1022) Old regions: 217->217
[2022-04-22T23:42:28.328+0800][gc,heap      ] GC(1022) Archive regions: 2->2
[2022-04-22T23:42:28.328+0800][gc,heap      ] GC(1022) Humongous regions: 129->129
[2022-04-22T23:42:28.328+0800][gc,metaspace ] GC(1022) Metaspace: 43603K->43603K(1089536K)
[2022-04-22T23:42:28.329+0800][gc           ] GC(1022) Pause Young (Normal) (G1 Evacuation Pause) 396M->350M(1024M) 18.012ms
[2022-04-22T23:42:28.329+0800][gc,cpu       ] GC(1022) User=0.04s Sys=0.01s Real=0.01s
[2022-04-22T23:42:44.121+0800][gc,start     ] GC(1023) Pause Young (Normal) (G1 Evacuation Pause)
[2022-04-22T23:42:44.121+0800][gc,task      ] GC(1023) Using 8 workers of 8 for evacuation
[2022-04-22T23:42:44.149+0800][gc,mmu       ] GC(1023) MMU target violated: 21.0ms (20.0ms/21.0ms)
[2022-04-22T23:42:44.149+0800][gc,phases    ] GC(1023)   Pre Evacuate Collection Set: 0.8ms
[2022-04-22T23:42:44.149+0800][gc,phases    ] GC(1023)   Evacuate Collection Set: 24.8ms
[2022-04-22T23:42:44.149+0800][gc,phases    ] GC(1023)   Post Evacuate Collection Set: 1.0ms
[2022-04-22T23:42:44.149+0800][gc,phases    ] GC(1023)   Other: 1.9ms
[2022-04-22T23:42:44.149+0800][gc,heap      ] GC(1023) Eden regions: 47->0(47)
[2022-04-22T23:42:44.149+0800][gc,heap      ] GC(1023) Survivor regions: 4->4(7)
[2022-04-22T23:42:44.149+0800][gc,heap      ] GC(1023) Old regions: 217->218
[2022-04-22T23:42:44.149+0800][gc,heap      ] GC(1023) Archive regions: 2->2
[2022-04-22T23:42:44.149+0800][gc,heap      ] GC(1023) Humongous regions: 129->129
[2022-04-22T23:42:44.149+0800][gc,metaspace ] GC(1023) Metaspace: 43603K->43603K(1089536K)
[2022-04-22T23:42:44.149+0800][gc           ] GC(1023) Pause Young (Normal) (G1 Evacuation Pause) 397M->350M(1024M) 28.533ms
[2022-04-22T23:42:44.149+0800][gc,cpu       ] GC(1023) User=0.03s Sys=0.03s Real=0.02s
[2022-04-22T23:42:59.696+0800][gc,start     ] GC(1024) Pause Young (Normal) (G1 Evacuation Pause)
[2022-04-22T23:42:59.697+0800][gc,task      ] GC(1024) Using 8 workers of 8 for evacuation
[2022-04-22T23:42:59.725+0800][gc,mmu       ] GC(1024) MMU target violated: 21.0ms (20.0ms/21.0ms)
[2022-04-22T23:42:59.725+0800][gc,phases    ] GC(1024)   Pre Evacuate Collection Set: 0.3ms
[2022-04-22T23:42:59.725+0800][gc,phases    ] GC(1024)   Evacuate Collection Set: 25.4ms
[2022-04-22T23:42:59.725+0800][gc,phases    ] GC(1024)   Post Evacuate Collection Set: 1.2ms
[2022-04-22T23:42:59.725+0800][gc,phases    ] GC(1024)   Other: 1.9ms
[2022-04-22T23:42:59.725+0800][gc,heap      ] GC(1024) Eden regions: 47->0(47)
[2022-04-22T23:42:59.725+0800][gc,heap      ] GC(1024) Survivor regions: 4->4(7)
[2022-04-22T23:42:59.725+0800][gc,heap      ] GC(1024) Old regions: 218->218
[2022-04-22T23:42:59.725+0800][gc,heap      ] GC(1024) Archive regions: 2->2
[2022-04-22T23:42:59.725+0800][gc,heap      ] GC(1024) Humongous regions: 129->129
[2022-04-22T23:42:59.725+0800][gc,metaspace ] GC(1024) Metaspace: 43603K->43603K(1089536K)
[2022-04-22T23:42:59.725+0800][gc           ] GC(1024) Pause Young (Normal) (G1 Evacuation Pause) 397M->350M(1024M) 28.861ms
[2022-04-22T23:42:59.725+0800][gc,cpu       ] GC(1024) User=0.05s Sys=0.02s Real=0.03s
[2022-04-22T23:43:15.512+0800][gc,start     ] GC(1025) Pause Young (Normal) (G1 Evacuation Pause)
[2022-04-22T23:43:15.513+0800][gc,task      ] GC(1025) Using 8 workers of 8 for evacuation
[2022-04-22T23:43:15.536+0800][gc,mmu       ] GC(1025) MMU target violated: 21.0ms (20.0ms/21.0ms)
[2022-04-22T23:43:15.537+0800][gc,phases    ] GC(1025)   Pre Evacuate Collection Set: 0.2ms
[2022-04-22T23:43:15.537+0800][gc,phases    ] GC(1025)   Evacuate Collection Set: 21.5ms
[2022-04-22T23:43:15.537+0800][gc,phases    ] GC(1025)   Post Evacuate Collection Set: 1.1ms
[2022-04-22T23:43:15.537+0800][gc,phases    ] GC(1025)   Other: 1.8ms
[2022-04-22T23:43:15.537+0800][gc,heap      ] GC(1025) Eden regions: 47->0(45)
[2022-04-22T23:43:15.537+0800][gc,heap      ] GC(1025) Survivor regions: 4->6(7)
[2022-04-22T23:43:15.537+0800][gc,heap      ] GC(1025) Old regions: 218->218
[2022-04-22T23:43:15.537+0800][gc,heap      ] GC(1025) Archive regions: 2->2
[2022-04-22T23:43:15.537+0800][gc,heap      ] GC(1025) Humongous regions: 129->129
[2022-04-22T23:43:15.537+0800][gc,metaspace ] GC(1025) Metaspace: 43603K->43603K(1089536K)
[2022-04-22T23:43:15.537+0800][gc           ] GC(1025) Pause Young (Normal) (G1 Evacuation Pause) 397M->352M(1024M) 24.724ms
[2022-04-22T23:43:15.537+0800][gc,cpu       ] GC(1025) User=0.04s Sys=0.02s Real=0.02s
[2022-04-22T23:43:30.703+0800][gc,start     ] GC(1026) Pause Young (Normal) (G1 Evacuation Pause)
[2022-04-22T23:43:30.703+0800][gc,task      ] GC(1026) Using 8 workers of 8 for evacuation
[2022-04-22T23:43:30.750+0800][gc,mmu       ] GC(1026) MMU target violated: 21.0ms (20.0ms/21.0ms)
[2022-04-22T23:43:30.750+0800][gc,phases    ] GC(1026)   Pre Evacuate Collection Set: 0.2ms
[2022-04-22T23:43:30.750+0800][gc,phases    ] GC(1026)   Evacuate Collection Set: 45.5ms
[2022-04-22T23:43:30.750+0800][gc,phases    ] GC(1026)   Post Evacuate Collection Set: 0.4ms
[2022-04-22T23:43:30.750+0800][gc,phases    ] GC(1026)   Other: 1.0ms
[2022-04-22T23:43:30.750+0800][gc,heap      ] GC(1026) Eden regions: 45->0(47)
[2022-04-22T23:43:30.750+0800][gc,heap      ] GC(1026) Survivor regions: 6->4(7)
[2022-04-22T23:43:30.750+0800][gc,heap      ] GC(1026) Old regions: 218->220
[2022-04-22T23:43:30.750+0800][gc,heap      ] GC(1026) Archive regions: 2->2
[2022-04-22T23:43:30.750+0800][gc,heap      ] GC(1026) Humongous regions: 129->129
[2022-04-22T23:43:30.750+0800][gc,metaspace ] GC(1026) Metaspace: 43603K->43603K(1089536K)
[2022-04-22T23:43:30.750+0800][gc           ] GC(1026) Pause Young (Normal) (G1 Evacuation Pause) 397M->352M(1024M) 47.202ms
[2022-04-22T23:43:30.750+0800][gc,cpu       ] GC(1026) User=0.04s Sys=0.03s Real=0.05s
[2022-04-22T23:43:46.487+0800][gc,start     ] GC(1027) Pause Young (Normal) (G1 Evacuation Pause)
[2022-04-22T23:43:46.488+0800][gc,task      ] GC(1027) Using 8 workers of 8 for evacuation
[2022-04-22T23:43:46.507+0800][gc,phases    ] GC(1027)   Pre Evacuate Collection Set: 0.2ms
[2022-04-22T23:43:46.507+0800][gc,phases    ] GC(1027)   Evacuate Collection Set: 16.3ms
[2022-04-22T23:43:46.507+0800][gc,phases    ] GC(1027)   Post Evacuate Collection Set: 1.2ms
[2022-04-22T23:43:46.507+0800][gc,phases    ] GC(1027)   Other: 1.8ms
[2022-04-22T23:43:46.507+0800][gc,heap      ] GC(1027) Eden regions: 47->0(47)
[2022-04-22T23:43:46.507+0800][gc,heap      ] GC(1027) Survivor regions: 4->4(7)
[2022-04-22T23:43:46.507+0800][gc,heap      ] GC(1027) Old regions: 220->220
[2022-04-22T23:43:46.507+0800][gc,heap      ] GC(1027) Archive regions: 2->2
[2022-04-22T23:43:46.507+0800][gc,heap      ] GC(1027) Humongous regions: 129->129
[2022-04-22T23:43:46.507+0800][gc,metaspace ] GC(1027) Metaspace: 43603K->43603K(1089536K)
[2022-04-22T23:43:46.507+0800][gc           ] GC(1027) Pause Young (Normal) (G1 Evacuation Pause) 399M->352M(1024M) 19.597ms
[2022-04-22T23:43:46.507+0800][gc,cpu       ] GC(1027) User=0.03s Sys=0.02s Real=0.02s
[2022-04-22T23:44:02.277+0800][gc,start     ] GC(1028) Pause Young (Normal) (G1 Evacuation Pause)
[2022-04-22T23:44:02.278+0800][gc,task      ] GC(1028) Using 8 workers of 8 for evacuation
[2022-04-22T23:44:02.301+0800][gc,mmu       ] GC(1028) MMU target violated: 21.0ms (20.0ms/21.0ms)
[2022-04-22T23:44:02.301+0800][gc,phases    ] GC(1028)   Pre Evacuate Collection Set: 0.2ms
[2022-04-22T23:44:02.301+0800][gc,phases    ] GC(1028)   Evacuate Collection Set: 13.8ms
[2022-04-22T23:44:02.301+0800][gc,phases    ] GC(1028)   Post Evacuate Collection Set: 7.9ms
[2022-04-22T23:44:02.301+0800][gc,phases    ] GC(1028)   Other: 1.5ms
[2022-04-22T23:44:02.301+0800][gc,heap      ] GC(1028) Eden regions: 47->0(47)
[2022-04-22T23:44:02.301+0800][gc,heap      ] GC(1028) Survivor regions: 4->4(7)
[2022-04-22T23:44:02.301+0800][gc,heap      ] GC(1028) Old regions: 220->220
[2022-04-22T23:44:02.301+0800][gc,heap      ] GC(1028) Archive regions: 2->2
[2022-04-22T23:44:02.301+0800][gc,heap      ] GC(1028) Humongous regions: 129->129
[2022-04-22T23:44:02.301+0800][gc,metaspace ] GC(1028) Metaspace: 43603K->43603K(1089536K)
[2022-04-22T23:44:02.301+0800][gc           ] GC(1028) Pause Young (Normal) (G1 Evacuation Pause) 399M->352M(1024M) 23.691ms
[2022-04-22T23:44:02.301+0800][gc,cpu       ] GC(1028) User=0.04s Sys=0.01s Real=0.03s
[2022-04-22T23:44:18.149+0800][gc,start     ] GC(1029) Pause Young (Normal) (G1 Evacuation Pause)
[2022-04-22T23:44:18.149+0800][gc,task      ] GC(1029) Using 8 workers of 8 for evacuation
[2022-04-22T23:44:18.180+0800][gc,mmu       ] GC(1029) MMU target violated: 21.0ms (20.0ms/21.0ms)
[2022-04-22T23:44:18.180+0800][gc,phases    ] GC(1029)   Pre Evacuate Collection Set: 0.2ms
[2022-04-22T23:44:18.180+0800][gc,phases    ] GC(1029)   Evacuate Collection Set: 28.2ms
[2022-04-22T23:44:18.180+0800][gc,phases    ] GC(1029)   Post Evacuate Collection Set: 1.3ms
[2022-04-22T23:44:18.180+0800][gc,phases    ] GC(1029)   Other: 2.0ms
[2022-04-22T23:44:18.180+0800][gc,heap      ] GC(1029) Eden regions: 47->0(47)
[2022-04-22T23:44:18.180+0800][gc,heap      ] GC(1029) Survivor regions: 4->4(7)
[2022-04-22T23:44:18.181+0800][gc,heap      ] GC(1029) Old regions: 220->220
[2022-04-22T23:44:18.181+0800][gc,heap      ] GC(1029) Archive regions: 2->2
[2022-04-22T23:44:18.181+0800][gc,heap      ] GC(1029) Humongous regions: 129->129
[2022-04-22T23:44:18.181+0800][gc,metaspace ] GC(1029) Metaspace: 43603K->43603K(1089536K)
[2022-04-22T23:44:18.181+0800][gc           ] GC(1029) Pause Young (Normal) (G1 Evacuation Pause) 399M->352M(1024M) 31.993ms
[2022-04-22T23:44:18.181+0800][gc,cpu       ] GC(1029) User=0.04s Sys=0.03s Real=0.04s
[2022-04-22T23:44:33.813+0800][gc,start     ] GC(1030) Pause Young (Normal) (G1 Evacuation Pause)
[2022-04-22T23:44:33.813+0800][gc,task      ] GC(1030) Using 8 workers of 8 for evacuation
[2022-04-22T23:44:33.831+0800][gc,phases    ] GC(1030)   Pre Evacuate Collection Set: 0.2ms
[2022-04-22T23:44:33.831+0800][gc,phases    ] GC(1030)   Evacuate Collection Set: 15.6ms
[2022-04-22T23:44:33.831+0800][gc,phases    ] GC(1030)   Post Evacuate Collection Set: 1.0ms
[2022-04-22T23:44:33.831+0800][gc,phases    ] GC(1030)   Other: 1.2ms
[2022-04-22T23:44:33.831+0800][gc,heap      ] GC(1030) Eden regions: 47->0(47)
[2022-04-22T23:44:33.831+0800][gc,heap      ] GC(1030) Survivor regions: 4->4(7)
[2022-04-22T23:44:33.831+0800][gc,heap      ] GC(1030) Old regions: 220->220
[2022-04-22T23:44:33.831+0800][gc,heap      ] GC(1030) Archive regions: 2->2
[2022-04-22T23:44:33.831+0800][gc,heap      ] GC(1030) Humongous regions: 129->129
[2022-04-22T23:44:33.831+0800][gc,metaspace ] GC(1030) Metaspace: 43603K->43603K(1089536K)
[2022-04-22T23:44:33.831+0800][gc           ] GC(1030) Pause Young (Normal) (G1 Evacuation Pause) 399M->353M(1024M) 18.085ms
[2022-04-22T23:44:33.831+0800][gc,cpu       ] GC(1030) User=0.04s Sys=0.02s Real=0.02s
[2022-04-22T23:44:49.286+0800][gc,start     ] GC(1031) Pause Young (Normal) (G1 Evacuation Pause)
[2022-04-22T23:44:49.287+0800][gc,task      ] GC(1031) Using 8 workers of 8 for evacuation
[2022-04-22T23:44:49.327+0800][gc,mmu       ] GC(1031) MMU target violated: 21.0ms (20.0ms/21.0ms)
[2022-04-22T23:44:49.327+0800][gc,phases    ] GC(1031)   Pre Evacuate Collection Set: 0.2ms
[2022-04-22T23:44:49.327+0800][gc,phases    ] GC(1031)   Evacuate Collection Set: 38.3ms
[2022-04-22T23:44:49.327+0800][gc,phases    ] GC(1031)   Post Evacuate Collection Set: 1.4ms
[2022-04-22T23:44:49.327+0800][gc,phases    ] GC(1031)   Other: 1.7ms
[2022-04-22T23:44:49.327+0800][gc,heap      ] GC(1031) Eden regions: 47->0(47)
[2022-04-22T23:44:49.327+0800][gc,heap      ] GC(1031) Survivor regions: 4->4(7)
[2022-04-22T23:44:49.327+0800][gc,heap      ] GC(1031) Old regions: 220->220
[2022-04-22T23:44:49.327+0800][gc,heap      ] GC(1031) Archive regions: 2->2
[2022-04-22T23:44:49.327+0800][gc,heap      ] GC(1031) Humongous regions: 129->129
[2022-04-22T23:44:49.327+0800][gc,metaspace ] GC(1031) Metaspace: 43603K->43603K(1089536K)
[2022-04-22T23:44:49.328+0800][gc           ] GC(1031) Pause Young (Normal) (G1 Evacuation Pause) 400M->353M(1024M) 41.706ms
[2022-04-22T23:44:49.328+0800][gc,cpu       ] GC(1031) User=0.04s Sys=0.04s Real=0.04s
[2022-04-22T23:45:05.124+0800][gc,start     ] GC(1032) Pause Young (Normal) (G1 Evacuation Pause)
[2022-04-22T23:45:05.124+0800][gc,task      ] GC(1032) Using 8 workers of 8 for evacuation
[2022-04-22T23:45:05.143+0800][gc,phases    ] GC(1032)   Pre Evacuate Collection Set: 0.3ms
[2022-04-22T23:45:05.143+0800][gc,phases    ] GC(1032)   Evacuate Collection Set: 17.0ms
[2022-04-22T23:45:05.143+0800][gc,phases    ] GC(1032)   Post Evacuate Collection Set: 0.7ms
[2022-04-22T23:45:05.143+0800][gc,phases    ] GC(1032)   Other: 1.2ms
[2022-04-22T23:45:05.143+0800][gc,heap      ] GC(1032) Eden regions: 47->0(45)
[2022-04-22T23:45:05.143+0800][gc,heap      ] GC(1032) Survivor regions: 4->6(7)
[2022-04-22T23:45:05.143+0800][gc,heap      ] GC(1032) Old regions: 220->221
[2022-04-22T23:45:05.143+0800][gc,heap      ] GC(1032) Archive regions: 2->2
[2022-04-22T23:45:05.143+0800][gc,heap      ] GC(1032) Humongous regions: 129->129
[2022-04-22T23:45:05.143+0800][gc,metaspace ] GC(1032) Metaspace: 43603K->43603K(1089536K)
[2022-04-22T23:45:05.143+0800][gc           ] GC(1032) Pause Young (Normal) (G1 Evacuation Pause) 400M->355M(1024M) 19.398ms
[2022-04-22T23:45:05.143+0800][gc,cpu       ] GC(1032) User=0.04s Sys=0.02s Real=0.02s
[2022-04-22T23:45:20.058+0800][gc,start     ] GC(1033) Pause Young (Normal) (G1 Evacuation Pause)
[2022-04-22T23:45:20.060+0800][gc,task      ] GC(1033) Using 8 workers of 8 for evacuation
[2022-04-22T23:45:20.082+0800][gc,mmu       ] GC(1033) MMU target violated: 21.0ms (20.0ms/21.0ms)
[2022-04-22T23:45:20.082+0800][gc,phases    ] GC(1033)   Pre Evacuate Collection Set: 0.4ms
[2022-04-22T23:45:20.082+0800][gc,phases    ] GC(1033)   Evacuate Collection Set: 19.9ms
[2022-04-22T23:45:20.082+0800][gc,phases    ] GC(1033)   Post Evacuate Collection Set: 0.6ms
[2022-04-22T23:45:20.082+0800][gc,phases    ] GC(1033)   Other: 3.0ms
[2022-04-22T23:45:20.082+0800][gc,heap      ] GC(1033) Eden regions: 45->0(47)
[2022-04-22T23:45:20.082+0800][gc,heap      ] GC(1033) Survivor regions: 6->4(7)
[2022-04-22T23:45:20.082+0800][gc,heap      ] GC(1033) Old regions: 221->222
[2022-04-22T23:45:20.082+0800][gc,heap      ] GC(1033) Archive regions: 2->2
[2022-04-22T23:45:20.082+0800][gc,heap      ] GC(1033) Humongous regions: 129->129
[2022-04-22T23:45:20.082+0800][gc,metaspace ] GC(1033) Metaspace: 43603K->43603K(1089536K)
[2022-04-22T23:45:20.082+0800][gc           ] GC(1033) Pause Young (Normal) (G1 Evacuation Pause) 400M->355M(1024M) 24.005ms
[2022-04-22T23:45:20.082+0800][gc,cpu       ] GC(1033) User=0.05s Sys=0.02s Real=0.03s
[2022-04-22T23:45:35.599+0800][gc,start     ] GC(1034) Pause Young (Normal) (G1 Evacuation Pause)
[2022-04-22T23:45:35.599+0800][gc,task      ] GC(1034) Using 8 workers of 8 for evacuation
[2022-04-22T23:45:35.617+0800][gc,phases    ] GC(1034)   Pre Evacuate Collection Set: 0.2ms
[2022-04-22T23:45:35.617+0800][gc,phases    ] GC(1034)   Evacuate Collection Set: 16.3ms
[2022-04-22T23:45:35.617+0800][gc,phases    ] GC(1034)   Post Evacuate Collection Set: 1.2ms
[2022-04-22T23:45:35.617+0800][gc,phases    ] GC(1034)   Other: 0.9ms
[2022-04-22T23:45:35.617+0800][gc,heap      ] GC(1034) Eden regions: 47->0(47)
[2022-04-22T23:45:35.618+0800][gc,heap      ] GC(1034) Survivor regions: 4->4(7)
[2022-04-22T23:45:35.618+0800][gc,heap      ] GC(1034) Old regions: 222->222
[2022-04-22T23:45:35.618+0800][gc,heap      ] GC(1034) Archive regions: 2->2
[2022-04-22T23:45:35.618+0800][gc,heap      ] GC(1034) Humongous regions: 129->129
[2022-04-22T23:45:35.618+0800][gc,metaspace ] GC(1034) Metaspace: 43603K->43603K(1089536K)
[2022-04-22T23:45:35.618+0800][gc           ] GC(1034) Pause Young (Normal) (G1 Evacuation Pause) 402M->355M(1024M) 18.837ms
[2022-04-22T23:45:35.618+0800][gc,cpu       ] GC(1034) User=0.06s Sys=0.01s Real=0.02s
[2022-04-22T23:45:51.161+0800][gc,start     ] GC(1035) Pause Young (Normal) (G1 Evacuation Pause)
[2022-04-22T23:45:51.162+0800][gc,task      ] GC(1035) Using 8 workers of 8 for evacuation
[2022-04-22T23:45:51.188+0800][gc,mmu       ] GC(1035) MMU target violated: 21.0ms (20.0ms/21.0ms)
[2022-04-22T23:45:51.188+0800][gc,phases    ] GC(1035)   Pre Evacuate Collection Set: 0.3ms
[2022-04-22T23:45:51.188+0800][gc,phases    ] GC(1035)   Evacuate Collection Set: 22.8ms
[2022-04-22T23:45:51.188+0800][gc,phases    ] GC(1035)   Post Evacuate Collection Set: 0.7ms
[2022-04-22T23:45:51.188+0800][gc,phases    ] GC(1035)   Other: 2.9ms
[2022-04-22T23:45:51.188+0800][gc,heap      ] GC(1035) Eden regions: 47->0(47)
[2022-04-22T23:45:51.188+0800][gc,heap      ] GC(1035) Survivor regions: 4->4(7)
[2022-04-22T23:45:51.188+0800][gc,heap      ] GC(1035) Old regions: 222->223
[2022-04-22T23:45:51.188+0800][gc,heap      ] GC(1035) Archive regions: 2->2
[2022-04-22T23:45:51.188+0800][gc,heap      ] GC(1035) Humongous regions: 129->129
[2022-04-22T23:45:51.188+0800][gc,metaspace ] GC(1035) Metaspace: 43603K->43603K(1089536K)
[2022-04-22T23:45:51.188+0800][gc           ] GC(1035) Pause Young (Normal) (G1 Evacuation Pause) 402M->355M(1024M) 26.731ms
[2022-04-22T23:45:51.188+0800][gc,cpu       ] GC(1035) User=0.05s Sys=0.02s Real=0.02s
[2022-04-22T23:46:06.626+0800][gc,start     ] GC(1036) Pause Young (Normal) (G1 Evacuation Pause)
[2022-04-22T23:46:06.627+0800][gc,task      ] GC(1036) Using 8 workers of 8 for evacuation
[2022-04-22T23:46:06.643+0800][gc,phases    ] GC(1036)   Pre Evacuate Collection Set: 0.3ms
[2022-04-22T23:46:06.644+0800][gc,phases    ] GC(1036)   Evacuate Collection Set: 14.2ms
[2022-04-22T23:46:06.644+0800][gc,phases    ] GC(1036)   Post Evacuate Collection Set: 1.2ms
[2022-04-22T23:46:06.644+0800][gc,phases    ] GC(1036)   Other: 1.6ms
[2022-04-22T23:46:06.644+0800][gc,heap      ] GC(1036) Eden regions: 47->0(47)
[2022-04-22T23:46:06.644+0800][gc,heap      ] GC(1036) Survivor regions: 4->4(7)
[2022-04-22T23:46:06.644+0800][gc,heap      ] GC(1036) Old regions: 223->223
[2022-04-22T23:46:06.644+0800][gc,heap      ] GC(1036) Archive regions: 2->2
[2022-04-22T23:46:06.644+0800][gc,heap      ] GC(1036) Humongous regions: 129->129
[2022-04-22T23:46:06.644+0800][gc,metaspace ] GC(1036) Metaspace: 43603K->43603K(1089536K)
[2022-04-22T23:46:06.644+0800][gc           ] GC(1036) Pause Young (Normal) (G1 Evacuation Pause) 402M->355M(1024M) 17.704ms
[2022-04-22T23:46:06.644+0800][gc,cpu       ] GC(1036) User=0.04s Sys=0.01s Real=0.02s
[2022-04-22T23:46:22.245+0800][gc,start     ] GC(1037) Pause Young (Normal) (G1 Evacuation Pause)
[2022-04-22T23:46:22.246+0800][gc,task      ] GC(1037) Using 8 workers of 8 for evacuation
[2022-04-22T23:46:22.269+0800][gc,mmu       ] GC(1037) MMU target violated: 21.0ms (20.0ms/21.0ms)
[2022-04-22T23:46:22.269+0800][gc,phases    ] GC(1037)   Pre Evacuate Collection Set: 0.2ms
[2022-04-22T23:46:22.269+0800][gc,phases    ] GC(1037)   Evacuate Collection Set: 20.1ms
[2022-04-22T23:46:22.269+0800][gc,phases    ] GC(1037)   Post Evacuate Collection Set: 0.8ms
[2022-04-22T23:46:22.269+0800][gc,phases    ] GC(1037)   Other: 2.8ms
[2022-04-22T23:46:22.269+0800][gc,heap      ] GC(1037) Eden regions: 47->0(47)
[2022-04-22T23:46:22.269+0800][gc,heap      ] GC(1037) Survivor regions: 4->4(7)
[2022-04-22T23:46:22.269+0800][gc,heap      ] GC(1037) Old regions: 223->223
[2022-04-22T23:46:22.269+0800][gc,heap      ] GC(1037) Archive regions: 2->2
[2022-04-22T23:46:22.269+0800][gc,heap      ] GC(1037) Humongous regions: 129->129
[2022-04-22T23:46:22.269+0800][gc,metaspace ] GC(1037) Metaspace: 43603K->43603K(1089536K)
[2022-04-22T23:46:22.269+0800][gc           ] GC(1037) Pause Young (Normal) (G1 Evacuation Pause) 402M->356M(1024M) 24.004ms
[2022-04-22T23:46:22.269+0800][gc,cpu       ] GC(1037) User=0.04s Sys=0.02s Real=0.02s
[2022-04-22T23:46:38.003+0800][gc,start     ] GC(1038) Pause Young (Normal) (G1 Evacuation Pause)
[2022-04-22T23:46:38.004+0800][gc,task      ] GC(1038) Using 8 workers of 8 for evacuation
[2022-04-22T23:46:38.020+0800][gc,phases    ] GC(1038)   Pre Evacuate Collection Set: 0.2ms
[2022-04-22T23:46:38.021+0800][gc,phases    ] GC(1038)   Evacuate Collection Set: 14.5ms
[2022-04-22T23:46:38.021+0800][gc,phases    ] GC(1038)   Post Evacuate Collection Set: 1.2ms
[2022-04-22T23:46:38.021+0800][gc,phases    ] GC(1038)   Other: 1.6ms
[2022-04-22T23:46:38.021+0800][gc,heap      ] GC(1038) Eden regions: 47->0(47)
[2022-04-22T23:46:38.021+0800][gc,heap      ] GC(1038) Survivor regions: 4->4(7)
[2022-04-22T23:46:38.021+0800][gc,heap      ] GC(1038) Old regions: 223->223
[2022-04-22T23:46:38.021+0800][gc,heap      ] GC(1038) Archive regions: 2->2
[2022-04-22T23:46:38.021+0800][gc,heap      ] GC(1038) Humongous regions: 129->129
[2022-04-22T23:46:38.021+0800][gc,metaspace ] GC(1038) Metaspace: 43603K->43603K(1089536K)
[2022-04-22T23:46:38.021+0800][gc           ] GC(1038) Pause Young (Normal) (G1 Evacuation Pause) 403M->356M(1024M) 17.944ms
[2022-04-22T23:46:38.021+0800][gc,cpu       ] GC(1038) User=0.04s Sys=0.02s Real=0.02s
[2022-04-22T23:46:53.842+0800][gc,start     ] GC(1039) Pause Young (Normal) (G1 Evacuation Pause)
[2022-04-22T23:46:53.846+0800][gc,task      ] GC(1039) Using 8 workers of 8 for evacuation
[2022-04-22T23:46:53.872+0800][gc,mmu       ] GC(1039) MMU target violated: 21.0ms (20.0ms/21.0ms)
[2022-04-22T23:46:53.872+0800][gc,phases    ] GC(1039)   Pre Evacuate Collection Set: 0.3ms
[2022-04-22T23:46:53.872+0800][gc,phases    ] GC(1039)   Evacuate Collection Set: 23.9ms
[2022-04-22T23:46:53.872+0800][gc,phases    ] GC(1039)   Post Evacuate Collection Set: 0.9ms
[2022-04-22T23:46:53.872+0800][gc,phases    ] GC(1039)   Other: 4.8ms
[2022-04-22T23:46:53.872+0800][gc,heap      ] GC(1039) Eden regions: 47->0(47)
[2022-04-22T23:46:53.872+0800][gc,heap      ] GC(1039) Survivor regions: 4->4(7)
[2022-04-22T23:46:53.872+0800][gc,heap      ] GC(1039) Old regions: 223->224
[2022-04-22T23:46:53.872+0800][gc,heap      ] GC(1039) Archive regions: 2->2
[2022-04-22T23:46:53.872+0800][gc,heap      ] GC(1039) Humongous regions: 129->129
[2022-04-22T23:46:53.872+0800][gc,metaspace ] GC(1039) Metaspace: 43613K->43613K(1089536K)
[2022-04-22T23:46:53.872+0800][gc           ] GC(1039) Pause Young (Normal) (G1 Evacuation Pause) 403M->356M(1024M) 29.860ms
[2022-04-22T23:46:53.872+0800][gc,cpu       ] GC(1039) User=0.04s Sys=0.02s Real=0.03s
[2022-04-22T23:47:10.259+0800][gc,start     ] GC(1040) Pause Young (Normal) (G1 Evacuation Pause)
[2022-04-22T23:47:10.260+0800][gc,task      ] GC(1040) Using 8 workers of 8 for evacuation
[2022-04-22T23:47:10.286+0800][gc,mmu       ] GC(1040) MMU target violated: 21.0ms (20.0ms/21.0ms)
[2022-04-22T23:47:10.287+0800][gc,phases    ] GC(1040)   Pre Evacuate Collection Set: 0.2ms
[2022-04-22T23:47:10.287+0800][gc,phases    ] GC(1040)   Evacuate Collection Set: 24.0ms
[2022-04-22T23:47:10.287+0800][gc,phases    ] GC(1040)   Post Evacuate Collection Set: 1.7ms
[2022-04-22T23:47:10.287+0800][gc,phases    ] GC(1040)   Other: 1.5ms
[2022-04-22T23:47:10.287+0800][gc,heap      ] GC(1040) Eden regions: 47->0(46)
[2022-04-22T23:47:10.287+0800][gc,heap      ] GC(1040) Survivor regions: 4->6(7)
[2022-04-22T23:47:10.287+0800][gc,heap      ] GC(1040) Old regions: 224->224
[2022-04-22T23:47:10.287+0800][gc,heap      ] GC(1040) Archive regions: 2->2
[2022-04-22T23:47:10.287+0800][gc,heap      ] GC(1040) Humongous regions: 129->129
[2022-04-22T23:47:10.287+0800][gc,metaspace ] GC(1040) Metaspace: 43613K->43613K(1089536K)
[2022-04-22T23:47:10.287+0800][gc           ] GC(1040) Pause Young (Normal) (G1 Evacuation Pause) 403M->358M(1024M) 27.504ms
[2022-04-22T23:47:10.287+0800][gc,cpu       ] GC(1040) User=0.04s Sys=0.02s Real=0.03s
[2022-04-22T23:48:24.624+0800][gc,start     ] GC(1041) Pause Young (Normal) (G1 Evacuation Pause)
[2022-04-22T23:48:24.626+0800][gc,task      ] GC(1041) Using 8 workers of 8 for evacuation
[2022-04-22T23:48:24.702+0800][gc,mmu       ] GC(1041) MMU target violated: 21.0ms (20.0ms/21.0ms)
[2022-04-22T23:48:24.702+0800][gc,phases    ] GC(1041)   Pre Evacuate Collection Set: 0.2ms
[2022-04-22T23:48:24.702+0800][gc,phases    ] GC(1041)   Evacuate Collection Set: 72.5ms
[2022-04-22T23:48:24.702+0800][gc,phases    ] GC(1041)   Post Evacuate Collection Set: 1.9ms
[2022-04-22T23:48:24.702+0800][gc,phases    ] GC(1041)   Other: 3.1ms
[2022-04-22T23:48:24.702+0800][gc,heap      ] GC(1041) Eden regions: 45->0(47)
[2022-04-22T23:48:24.702+0800][gc,heap      ] GC(1041) Survivor regions: 6->4(7)
[2022-04-22T23:48:24.702+0800][gc,heap      ] GC(1041) Old regions: 224->225
[2022-04-22T23:48:24.702+0800][gc,heap      ] GC(1041) Archive regions: 2->2
[2022-04-22T23:48:24.702+0800][gc,heap      ] GC(1041) Humongous regions: 129->129
[2022-04-22T23:48:24.702+0800][gc,metaspace ] GC(1041) Metaspace: 43615K->43615K(1089536K)
[2022-04-22T23:48:24.702+0800][gc           ] GC(1041) Pause Young (Normal) (G1 Evacuation Pause) 403M->358M(1024M) 77.801ms
[2022-04-22T23:48:24.702+0800][gc,cpu       ] GC(1041) User=0.04s Sys=0.06s Real=0.08s
[2022-04-22T23:48:40.973+0800][gc,start     ] GC(1042) Pause Young (Normal) (G1 Evacuation Pause)
[2022-04-22T23:48:40.973+0800][gc,task      ] GC(1042) Using 8 workers of 8 for evacuation
[2022-04-22T23:48:40.994+0800][gc,mmu       ] GC(1042) MMU target violated: 20.5ms (20.0ms/21.0ms)
[2022-04-22T23:48:40.994+0800][gc,phases    ] GC(1042)   Pre Evacuate Collection Set: 0.2ms
[2022-04-22T23:48:40.994+0800][gc,phases    ] GC(1042)   Evacuate Collection Set: 19.0ms
[2022-04-22T23:48:40.994+0800][gc,phases    ] GC(1042)   Post Evacuate Collection Set: 0.9ms
[2022-04-22T23:48:40.994+0800][gc,phases    ] GC(1042)   Other: 1.3ms
[2022-04-22T23:48:40.994+0800][gc,heap      ] GC(1042) Eden regions: 47->0(47)
[2022-04-22T23:48:40.994+0800][gc,heap      ] GC(1042) Survivor regions: 4->4(7)
[2022-04-22T23:48:40.994+0800][gc,heap      ] GC(1042) Old regions: 225->225
[2022-04-22T23:48:40.994+0800][gc,heap      ] GC(1042) Archive regions: 2->2
[2022-04-22T23:48:40.994+0800][gc,heap      ] GC(1042) Humongous regions: 129->129
[2022-04-22T23:48:40.994+0800][gc,metaspace ] GC(1042) Metaspace: 43619K->43619K(1089536K)
[2022-04-22T23:48:40.994+0800][gc           ] GC(1042) Pause Young (Normal) (G1 Evacuation Pause) 405M->358M(1024M) 21.570ms
[2022-04-22T23:48:40.994+0800][gc,cpu       ] GC(1042) User=0.04s Sys=0.02s Real=0.02s
[2022-04-22T23:48:57.218+0800][gc,start     ] GC(1043) Pause Young (Normal) (G1 Evacuation Pause)
[2022-04-22T23:48:57.219+0800][gc,task      ] GC(1043) Using 8 workers of 8 for evacuation
[2022-04-22T23:48:57.244+0800][gc,mmu       ] GC(1043) MMU target violated: 21.0ms (20.0ms/21.0ms)
[2022-04-22T23:48:57.244+0800][gc,phases    ] GC(1043)   Pre Evacuate Collection Set: 0.2ms
[2022-04-22T23:48:57.244+0800][gc,phases    ] GC(1043)   Evacuate Collection Set: 21.8ms
[2022-04-22T23:48:57.244+0800][gc,phases    ] GC(1043)   Post Evacuate Collection Set: 1.9ms
[2022-04-22T23:48:57.244+0800][gc,phases    ] GC(1043)   Other: 1.6ms
[2022-04-22T23:48:57.244+0800][gc,heap      ] GC(1043) Eden regions: 47->0(45)
[2022-04-22T23:48:57.244+0800][gc,heap      ] GC(1043) Survivor regions: 4->6(7)
[2022-04-22T23:48:57.244+0800][gc,heap      ] GC(1043) Old regions: 225->225
[2022-04-22T23:48:57.244+0800][gc,heap      ] GC(1043) Archive regions: 2->2
[2022-04-22T23:48:57.244+0800][gc,heap      ] GC(1043) Humongous regions: 129->129
[2022-04-22T23:48:57.244+0800][gc,metaspace ] GC(1043) Metaspace: 43619K->43619K(1089536K)
[2022-04-22T23:48:57.244+0800][gc           ] GC(1043) Pause Young (Normal) (G1 Evacuation Pause) 405M->360M(1024M) 25.720ms
[2022-04-22T23:48:57.244+0800][gc,cpu       ] GC(1043) User=0.05s Sys=0.02s Real=0.03s
[2022-04-22T23:49:12.706+0800][gc,start     ] GC(1044) Pause Young (Normal) (G1 Evacuation Pause)
[2022-04-22T23:49:12.706+0800][gc,task      ] GC(1044) Using 8 workers of 8 for evacuation
[2022-04-22T23:49:12.773+0800][gc,mmu       ] GC(1044) MMU target violated: 21.0ms (20.0ms/21.0ms)
[2022-04-22T23:49:12.773+0800][gc,phases    ] GC(1044)   Pre Evacuate Collection Set: 0.2ms
[2022-04-22T23:49:12.773+0800][gc,phases    ] GC(1044)   Evacuate Collection Set: 65.3ms
[2022-04-22T23:49:12.773+0800][gc,phases    ] GC(1044)   Post Evacuate Collection Set: 0.6ms
[2022-04-22T23:49:12.773+0800][gc,phases    ] GC(1044)   Other: 1.1ms
[2022-04-22T23:49:12.773+0800][gc,heap      ] GC(1044) Eden regions: 45->0(47)
[2022-04-22T23:49:12.773+0800][gc,heap      ] GC(1044) Survivor regions: 6->4(7)
[2022-04-22T23:49:12.773+0800][gc,heap      ] GC(1044) Old regions: 225->228
[2022-04-22T23:49:12.773+0800][gc,heap      ] GC(1044) Archive regions: 2->2
[2022-04-22T23:49:12.773+0800][gc,heap      ] GC(1044) Humongous regions: 129->129
[2022-04-22T23:49:12.773+0800][gc,metaspace ] GC(1044) Metaspace: 43619K->43619K(1089536K)
[2022-04-22T23:49:12.773+0800][gc           ] GC(1044) Pause Young (Normal) (G1 Evacuation Pause) 405M->360M(1024M) 67.246ms
[2022-04-22T23:49:12.773+0800][gc,cpu       ] GC(1044) User=0.05s Sys=0.04s Real=0.07s
[2022-04-22T23:49:29.047+0800][gc,start     ] GC(1045) Pause Young (Concurrent Start) (G1 Evacuation Pause)
[2022-04-22T23:49:29.047+0800][gc,task      ] GC(1045) Using 8 workers of 8 for evacuation
[2022-04-22T23:49:29.099+0800][gc,mmu       ] GC(1045) MMU target violated: 21.0ms (20.0ms/21.0ms)
[2022-04-22T23:49:29.099+0800][gc,phases    ] GC(1045)   Pre Evacuate Collection Set: 0.5ms
[2022-04-22T23:49:29.099+0800][gc,phases    ] GC(1045)   Evacuate Collection Set: 49.5ms
[2022-04-22T23:49:29.099+0800][gc,phases    ] GC(1045)   Post Evacuate Collection Set: 0.5ms
[2022-04-22T23:49:29.099+0800][gc,phases    ] GC(1045)   Other: 2.0ms
[2022-04-22T23:49:29.099+0800][gc,heap      ] GC(1045) Eden regions: 47->0(47)
[2022-04-22T23:49:29.099+0800][gc,heap      ] GC(1045) Survivor regions: 4->4(7)
[2022-04-22T23:49:29.099+0800][gc,heap      ] GC(1045) Old regions: 228->228
[2022-04-22T23:49:29.099+0800][gc,heap      ] GC(1045) Archive regions: 2->2
[2022-04-22T23:49:29.099+0800][gc,heap      ] GC(1045) Humongous regions: 129->129
[2022-04-22T23:49:29.099+0800][gc,metaspace ] GC(1045) Metaspace: 43619K->43619K(1089536K)
[2022-04-22T23:49:29.099+0800][gc           ] GC(1045) Pause Young (Concurrent Start) (G1 Evacuation Pause) 407M->360M(1024M) 52.664ms
[2022-04-22T23:49:29.100+0800][gc,cpu       ] GC(1045) User=0.03s Sys=0.02s Real=0.06s
[2022-04-22T23:49:29.100+0800][gc           ] GC(1046) Concurrent Cycle
[2022-04-22T23:49:29.100+0800][gc,marking   ] GC(1046) Concurrent Clear Claimed Marks
[2022-04-22T23:49:29.100+0800][gc,marking   ] GC(1046) Concurrent Clear Claimed Marks 0.081ms
[2022-04-22T23:49:29.100+0800][gc,marking   ] GC(1046) Concurrent Scan Root Regions
[2022-04-22T23:49:29.118+0800][gc,marking   ] GC(1046) Concurrent Scan Root Regions 18.206ms
[2022-04-22T23:49:29.118+0800][gc,marking   ] GC(1046) Concurrent Mark (58933.333s)
[2022-04-22T23:49:29.118+0800][gc,marking   ] GC(1046) Concurrent Mark From Roots
[2022-04-22T23:49:29.119+0800][gc,task      ] GC(1046) Using 2 workers of 2 for marking
[2022-04-22T23:49:29.324+0800][gc,marking   ] GC(1046) Concurrent Mark From Roots 205.681ms
[2022-04-22T23:49:29.332+0800][gc,marking   ] GC(1046) Concurrent Preclean
[2022-04-22T23:49:29.332+0800][gc,marking   ] GC(1046) Concurrent Preclean 0.183ms
[2022-04-22T23:49:29.332+0800][gc,marking   ] GC(1046) Concurrent Mark (58933.333s, 58933.547s) 214.009ms
[2022-04-22T23:49:29.334+0800][gc,start     ] GC(1046) Pause Remark
[2022-04-22T23:49:29.396+0800][gc,mmu       ] GC(1046) MMU target violated: 21.0ms (20.0ms/21.0ms)
[2022-04-22T23:49:29.396+0800][gc           ] GC(1046) Pause Remark 361M->263M(1024M) 62.375ms
[2022-04-22T23:49:29.396+0800][gc,cpu       ] GC(1046) User=0.03s Sys=0.06s Real=0.06s
[2022-04-22T23:49:29.396+0800][gc,marking   ] GC(1046) Concurrent Rebuild Remembered Sets
[2022-04-22T23:49:29.496+0800][gc,marking   ] GC(1046) Concurrent Rebuild Remembered Sets 99.667ms
[2022-04-22T23:49:29.497+0800][gc,start     ] GC(1046) Pause Cleanup
[2022-04-22T23:49:29.497+0800][gc           ] GC(1046) Pause Cleanup 263M->263M(1024M) 0.198ms
[2022-04-22T23:49:29.497+0800][gc,cpu       ] GC(1046) User=0.00s Sys=0.00s Real=0.00s
[2022-04-22T23:49:29.497+0800][gc,marking   ] GC(1046) Concurrent Cleanup for Next Mark
[2022-04-22T23:49:29.523+0800][gc,marking   ] GC(1046) Concurrent Cleanup for Next Mark 26.236ms
[2022-04-22T23:49:29.523+0800][gc           ] GC(1046) Concurrent Cycle 423.070ms
[2022-04-22T23:49:49.683+0800][gc,start     ] GC(1047) Pause Young (Prepare Mixed) (G1 Evacuation Pause)
[2022-04-22T23:49:49.684+0800][gc,task      ] GC(1047) Using 8 workers of 8 for evacuation
[2022-04-22T23:49:49.706+0800][gc,mmu       ] GC(1047) MMU target violated: 21.0ms (20.0ms/21.0ms)
[2022-04-22T23:49:49.706+0800][gc,phases    ] GC(1047)   Pre Evacuate Collection Set: 0.2ms
[2022-04-22T23:49:49.706+0800][gc,phases    ] GC(1047)   Evacuate Collection Set: 20.2ms
[2022-04-22T23:49:49.706+0800][gc,phases    ] GC(1047)   Post Evacuate Collection Set: 1.4ms
[2022-04-22T23:49:49.706+0800][gc,phases    ] GC(1047)   Other: 1.0ms
[2022-04-22T23:49:49.706+0800][gc,heap      ] GC(1047) Eden regions: 47->0(47)
[2022-04-22T23:49:49.706+0800][gc,heap      ] GC(1047) Survivor regions: 4->4(7)
[2022-04-22T23:49:49.706+0800][gc,heap      ] GC(1047) Old regions: 130->130
[2022-04-22T23:49:49.706+0800][gc,heap      ] GC(1047) Archive regions: 2->2
[2022-04-22T23:49:49.706+0800][gc,heap      ] GC(1047) Humongous regions: 129->129
[2022-04-22T23:49:49.706+0800][gc,metaspace ] GC(1047) Metaspace: 43619K->43619K(1089536K)
[2022-04-22T23:49:49.707+0800][gc           ] GC(1047) Pause Young (Prepare Mixed) (G1 Evacuation Pause) 309M->262M(1024M) 22.927ms
[2022-04-22T23:49:49.707+0800][gc,cpu       ] GC(1047) User=0.04s Sys=0.02s Real=0.02s
[2022-04-22T23:50:05.917+0800][gc,start     ] GC(1048) Pause Young (Mixed) (G1 Evacuation Pause)
[2022-04-22T23:50:05.918+0800][gc,task      ] GC(1048) Using 8 workers of 8 for evacuation
[2022-04-22T23:50:05.938+0800][gc,mmu       ] GC(1048) MMU target violated: 20.1ms (20.0ms/21.0ms)
[2022-04-22T23:50:05.938+0800][gc,phases    ] GC(1048)   Pre Evacuate Collection Set: 0.3ms
[2022-04-22T23:50:05.938+0800][gc,phases    ] GC(1048)   Evacuate Collection Set: 18.3ms
[2022-04-22T23:50:05.938+0800][gc,phases    ] GC(1048)   Post Evacuate Collection Set: 1.2ms
[2022-04-22T23:50:05.938+0800][gc,phases    ] GC(1048)   Other: 1.0ms
[2022-04-22T23:50:05.938+0800][gc,heap      ] GC(1048) Eden regions: 47->0(45)
[2022-04-22T23:50:05.938+0800][gc,heap      ] GC(1048) Survivor regions: 4->6(7)
[2022-04-22T23:50:05.938+0800][gc,heap      ] GC(1048) Old regions: 130->115
[2022-04-22T23:50:05.938+0800][gc,heap      ] GC(1048) Archive regions: 2->2
[2022-04-22T23:50:05.938+0800][gc,heap      ] GC(1048) Humongous regions: 129->129
[2022-04-22T23:50:05.938+0800][gc,metaspace ] GC(1048) Metaspace: 43619K->43619K(1089536K)
[2022-04-22T23:50:05.938+0800][gc           ] GC(1048) Pause Young (Mixed) (G1 Evacuation Pause) 309M->249M(1024M) 20.748ms
[2022-04-22T23:50:05.938+0800][gc,cpu       ] GC(1048) User=0.04s Sys=0.02s Real=0.02s
[2022-04-22T23:50:21.542+0800][gc,start     ] GC(1049) Pause Young (Mixed) (G1 Evacuation Pause)
[2022-04-22T23:50:21.544+0800][gc,task      ] GC(1049) Using 8 workers of 8 for evacuation
[2022-04-22T23:50:21.605+0800][gc,mmu       ] GC(1049) MMU target violated: 21.0ms (20.0ms/21.0ms)
[2022-04-22T23:50:21.605+0800][gc,phases    ] GC(1049)   Pre Evacuate Collection Set: 0.2ms
[2022-04-22T23:50:21.605+0800][gc,phases    ] GC(1049)   Evacuate Collection Set: 60.2ms
[2022-04-22T23:50:21.605+0800][gc,phases    ] GC(1049)   Post Evacuate Collection Set: 0.8ms
[2022-04-22T23:50:21.606+0800][gc,phases    ] GC(1049)   Other: 2.4ms
[2022-04-22T23:50:21.606+0800][gc,heap      ] GC(1049) Eden regions: 45->0(47)
[2022-04-22T23:50:21.606+0800][gc,heap      ] GC(1049) Survivor regions: 6->4(7)
[2022-04-22T23:50:21.606+0800][gc,heap      ] GC(1049) Old regions: 115->102
[2022-04-22T23:50:21.606+0800][gc,heap      ] GC(1049) Archive regions: 2->2
[2022-04-22T23:50:21.606+0800][gc,heap      ] GC(1049) Humongous regions: 129->129
[2022-04-22T23:50:21.606+0800][gc,metaspace ] GC(1049) Metaspace: 43619K->43619K(1089536K)
[2022-04-22T23:50:21.606+0800][gc           ] GC(1049) Pause Young (Mixed) (G1 Evacuation Pause) 294M->234M(1024M) 63.482ms
[2022-04-22T23:50:21.606+0800][gc,cpu       ] GC(1049) User=0.04s Sys=0.03s Real=0.06s
[2022-04-22T23:50:37.754+0800][gc,start     ] GC(1050) Pause Young (Mixed) (G1 Evacuation Pause)
[2022-04-22T23:50:37.755+0800][gc,task      ] GC(1050) Using 8 workers of 8 for evacuation
[2022-04-22T23:50:37.773+0800][gc,phases    ] GC(1050)   Pre Evacuate Collection Set: 0.2ms
[2022-04-22T23:50:37.773+0800][gc,phases    ] GC(1050)   Evacuate Collection Set: 14.6ms
[2022-04-22T23:50:37.773+0800][gc,phases    ] GC(1050)   Post Evacuate Collection Set: 2.1ms
[2022-04-22T23:50:37.773+0800][gc,phases    ] GC(1050)   Other: 1.7ms
[2022-04-22T23:50:37.773+0800][gc,heap      ] GC(1050) Eden regions: 47->0(47)
[2022-04-22T23:50:37.773+0800][gc,heap      ] GC(1050) Survivor regions: 4->4(7)
[2022-04-22T23:50:37.773+0800][gc,heap      ] GC(1050) Old regions: 102->87
[2022-04-22T23:50:37.773+0800][gc,heap      ] GC(1050) Archive regions: 2->2
[2022-04-22T23:50:37.773+0800][gc,heap      ] GC(1050) Humongous regions: 129->129
[2022-04-22T23:50:37.773+0800][gc,metaspace ] GC(1050) Metaspace: 43619K->43619K(1089536K)
[2022-04-22T23:50:37.773+0800][gc           ] GC(1050) Pause Young (Mixed) (G1 Evacuation Pause) 281M->220M(1024M) 18.736ms
[2022-04-22T23:50:37.773+0800][gc,cpu       ] GC(1050) User=0.05s Sys=0.01s Real=0.02s
[2022-04-22T23:51:03.592+0800][gc,start     ] GC(1051) Pause Young (Mixed) (G1 Evacuation Pause)
[2022-04-22T23:51:03.593+0800][gc,task      ] GC(1051) Using 8 workers of 8 for evacuation
[2022-04-22T23:51:03.630+0800][gc,mmu       ] GC(1051) MMU target violated: 21.0ms (20.0ms/21.0ms)
[2022-04-22T23:51:03.630+0800][gc,phases    ] GC(1051)   Pre Evacuate Collection Set: 0.4ms
[2022-04-22T23:51:03.630+0800][gc,phases    ] GC(1051)   Evacuate Collection Set: 32.6ms
[2022-04-22T23:51:03.630+0800][gc,phases    ] GC(1051)   Post Evacuate Collection Set: 1.2ms
[2022-04-22T23:51:03.630+0800][gc,phases    ] GC(1051)   Other: 3.7ms
[2022-04-22T23:51:03.630+0800][gc,heap      ] GC(1051) Eden regions: 47->0(46)
[2022-04-22T23:51:03.630+0800][gc,heap      ] GC(1051) Survivor regions: 4->5(7)
[2022-04-22T23:51:03.630+0800][gc,heap      ] GC(1051) Old regions: 87->72
[2022-04-22T23:51:03.630+0800][gc,heap      ] GC(1051) Archive regions: 2->2
[2022-04-22T23:51:03.630+0800][gc,heap      ] GC(1051) Humongous regions: 129->129
[2022-04-22T23:51:03.630+0800][gc,metaspace ] GC(1051) Metaspace: 43619K->43619K(1089536K)
[2022-04-22T23:51:03.630+0800][gc           ] GC(1051) Pause Young (Mixed) (G1 Evacuation Pause) 267M->206M(1024M) 38.135ms
[2022-04-22T23:51:03.630+0800][gc,cpu       ] GC(1051) User=0.04s Sys=0.04s Real=0.04s
[2022-04-22T23:51:19.467+0800][gc,start     ] GC(1052) Pause Young (Mixed) (G1 Evacuation Pause)
[2022-04-22T23:51:19.468+0800][gc,task      ] GC(1052) Using 8 workers of 8 for evacuation
[2022-04-22T23:51:19.502+0800][gc,mmu       ] GC(1052) MMU target violated: 21.0ms (20.0ms/21.0ms)
[2022-04-22T23:51:19.502+0800][gc,phases    ] GC(1052)   Pre Evacuate Collection Set: 0.5ms
[2022-04-22T23:51:19.502+0800][gc,phases    ] GC(1052)   Evacuate Collection Set: 30.9ms
[2022-04-22T23:51:19.502+0800][gc,phases    ] GC(1052)   Post Evacuate Collection Set: 1.2ms
[2022-04-22T23:51:19.503+0800][gc,phases    ] GC(1052)   Other: 2.7ms
[2022-04-22T23:51:19.503+0800][gc,heap      ] GC(1052) Eden regions: 46->0(47)
[2022-04-22T23:51:19.503+0800][gc,heap      ] GC(1052) Survivor regions: 5->4(7)
[2022-04-22T23:51:19.503+0800][gc,heap      ] GC(1052) Old regions: 72->58
[2022-04-22T23:51:19.503+0800][gc,heap      ] GC(1052) Archive regions: 2->2
[2022-04-22T23:51:19.503+0800][gc,heap      ] GC(1052) Humongous regions: 129->129
[2022-04-22T23:51:19.503+0800][gc,metaspace ] GC(1052) Metaspace: 43631K->43631K(1089536K)
[2022-04-22T23:51:19.503+0800][gc           ] GC(1052) Pause Young (Mixed) (G1 Evacuation Pause) 252M->191M(1024M) 35.300ms
[2022-04-22T23:51:19.503+0800][gc,cpu       ] GC(1052) User=0.05s Sys=0.04s Real=0.04s
[2022-04-22T23:51:35.861+0800][gc,start     ] GC(1053) Pause Young (Normal) (G1 Evacuation Pause)
[2022-04-22T23:51:35.862+0800][gc,task      ] GC(1053) Using 8 workers of 8 for evacuation
[2022-04-22T23:51:35.875+0800][gc,phases    ] GC(1053)   Pre Evacuate Collection Set: 0.2ms
[2022-04-22T23:51:35.875+0800][gc,phases    ] GC(1053)   Evacuate Collection Set: 10.9ms
[2022-04-22T23:51:35.875+0800][gc,phases    ] GC(1053)   Post Evacuate Collection Set: 1.5ms
[2022-04-22T23:51:35.875+0800][gc,phases    ] GC(1053)   Other: 2.0ms
[2022-04-22T23:51:35.875+0800][gc,heap      ] GC(1053) Eden regions: 47->0(47)
[2022-04-22T23:51:35.875+0800][gc,heap      ] GC(1053) Survivor regions: 4->4(7)
[2022-04-22T23:51:35.875+0800][gc,heap      ] GC(1053) Old regions: 58->59
[2022-04-22T23:51:35.875+0800][gc,heap      ] GC(1053) Archive regions: 2->2
[2022-04-22T23:51:35.875+0800][gc,heap      ] GC(1053) Humongous regions: 129->129
[2022-04-22T23:51:35.876+0800][gc,metaspace ] GC(1053) Metaspace: 43631K->43631K(1089536K)
[2022-04-22T23:51:35.876+0800][gc           ] GC(1053) Pause Young (Normal) (G1 Evacuation Pause) 238M->191M(1024M) 14.819ms
[2022-04-22T23:51:35.876+0800][gc,cpu       ] GC(1053) User=0.04s Sys=0.01s Real=0.01s
[2022-04-22T23:51:51.920+0800][gc,start     ] GC(1054) Pause Young (Normal) (G1 Evacuation Pause)
[2022-04-22T23:51:51.921+0800][gc,task      ] GC(1054) Using 8 workers of 8 for evacuation
[2022-04-22T23:51:51.937+0800][gc,phases    ] GC(1054)   Pre Evacuate Collection Set: 0.1ms
[2022-04-22T23:51:51.937+0800][gc,phases    ] GC(1054)   Evacuate Collection Set: 14.7ms
[2022-04-22T23:51:51.937+0800][gc,phases    ] GC(1054)   Post Evacuate Collection Set: 1.2ms
[2022-04-22T23:51:51.937+0800][gc,phases    ] GC(1054)   Other: 1.1ms
[2022-04-22T23:51:51.937+0800][gc,heap      ] GC(1054) Eden regions: 47->0(47)
[2022-04-22T23:51:51.937+0800][gc,heap      ] GC(1054) Survivor regions: 4->4(7)
[2022-04-22T23:51:51.937+0800][gc,heap      ] GC(1054) Old regions: 59->59
[2022-04-22T23:51:51.937+0800][gc,heap      ] GC(1054) Archive regions: 2->2
[2022-04-22T23:51:51.937+0800][gc,heap      ] GC(1054) Humongous regions: 129->129
[2022-04-22T23:51:51.937+0800][gc,metaspace ] GC(1054) Metaspace: 43631K->43631K(1089536K)
[2022-04-22T23:51:51.937+0800][gc           ] GC(1054) Pause Young (Normal) (G1 Evacuation Pause) 238M->192M(1024M) 17.225ms
[2022-04-22T23:51:51.937+0800][gc,cpu       ] GC(1054) User=0.04s Sys=0.00s Real=0.01s
[2022-04-22T23:52:08.014+0800][gc,start     ] GC(1055) Pause Young (Normal) (G1 Evacuation Pause)
[2022-04-22T23:52:08.016+0800][gc,task      ] GC(1055) Using 8 workers of 8 for evacuation
[2022-04-22T23:52:08.036+0800][gc,phases    ] GC(1055)   Pre Evacuate Collection Set: 0.2ms
[2022-04-22T23:52:08.036+0800][gc,phases    ] GC(1055)   Evacuate Collection Set: 17.6ms
[2022-04-22T23:52:08.036+0800][gc,phases    ] GC(1055)   Post Evacuate Collection Set: 1.2ms
[2022-04-22T23:52:08.036+0800][gc,phases    ] GC(1055)   Other: 2.9ms
[2022-04-22T23:52:08.036+0800][gc,heap      ] GC(1055) Eden regions: 47->0(47)
[2022-04-22T23:52:08.036+0800][gc,heap      ] GC(1055) Survivor regions: 4->4(7)
[2022-04-22T23:52:08.036+0800][gc,heap      ] GC(1055) Old regions: 59->59
[2022-04-22T23:52:08.036+0800][gc,heap      ] GC(1055) Archive regions: 2->2
[2022-04-22T23:52:08.036+0800][gc,heap      ] GC(1055) Humongous regions: 129->129
[2022-04-22T23:52:08.036+0800][gc,metaspace ] GC(1055) Metaspace: 43631K->43631K(1089536K)
[2022-04-22T23:52:08.036+0800][gc           ] GC(1055) Pause Young (Normal) (G1 Evacuation Pause) 239M->192M(1024M) 22.119ms
[2022-04-22T23:52:08.036+0800][gc,cpu       ] GC(1055) User=0.04s Sys=0.03s Real=0.02s
[2022-04-22T23:52:24.264+0800][gc,start     ] GC(1056) Pause Young (Normal) (G1 Evacuation Pause)
[2022-04-22T23:52:24.271+0800][gc,task      ] GC(1056) Using 8 workers of 8 for evacuation
[2022-04-22T23:52:24.289+0800][gc,phases    ] GC(1056)   Pre Evacuate Collection Set: 0.2ms
[2022-04-22T23:52:24.289+0800][gc,phases    ] GC(1056)   Evacuate Collection Set: 16.9ms
[2022-04-22T23:52:24.289+0800][gc,phases    ] GC(1056)   Post Evacuate Collection Set: 0.4ms
[2022-04-22T23:52:24.289+0800][gc,phases    ] GC(1056)   Other: 7.4ms
[2022-04-22T23:52:24.289+0800][gc,heap      ] GC(1056) Eden regions: 47->0(49)
[2022-04-22T23:52:24.289+0800][gc,heap      ] GC(1056) Survivor regions: 4->5(7)
[2022-04-22T23:52:24.289+0800][gc,heap      ] GC(1056) Old regions: 59->59
[2022-04-22T23:52:24.289+0800][gc,heap      ] GC(1056) Archive regions: 2->2
[2022-04-22T23:52:24.289+0800][gc,heap      ] GC(1056) Humongous regions: 129->129
[2022-04-22T23:52:24.289+0800][gc,metaspace ] GC(1056) Metaspace: 43631K->43631K(1089536K)
[2022-04-22T23:52:24.289+0800][gc           ] GC(1056) Pause Young (Normal) (G1 Evacuation Pause) 239M->192M(1024M) 24.974ms
[2022-04-22T23:52:24.289+0800][gc,cpu       ] GC(1056) User=0.04s Sys=0.01s Real=0.02s
[2022-04-22T23:52:41.640+0800][gc,start     ] GC(1057) Pause Young (Normal) (G1 Evacuation Pause)
[2022-04-22T23:52:41.642+0800][gc,task      ] GC(1057) Using 8 workers of 8 for evacuation
[2022-04-22T23:52:41.664+0800][gc,mmu       ] GC(1057) MMU target violated: 21.0ms (20.0ms/21.0ms)
[2022-04-22T23:52:41.664+0800][gc,phases    ] GC(1057)   Pre Evacuate Collection Set: 0.4ms
[2022-04-22T23:52:41.664+0800][gc,phases    ] GC(1057)   Evacuate Collection Set: 20.3ms
[2022-04-22T23:52:41.664+0800][gc,phases    ] GC(1057)   Post Evacuate Collection Set: 0.5ms
[2022-04-22T23:52:41.664+0800][gc,phases    ] GC(1057)   Other: 2.9ms
[2022-04-22T23:52:41.664+0800][gc,heap      ] GC(1057) Eden regions: 49->0(47)
[2022-04-22T23:52:41.664+0800][gc,heap      ] GC(1057) Survivor regions: 5->4(7)
[2022-04-22T23:52:41.664+0800][gc,heap      ] GC(1057) Old regions: 59->60
[2022-04-22T23:52:41.664+0800][gc,heap      ] GC(1057) Archive regions: 2->2
[2022-04-22T23:52:41.664+0800][gc,heap      ] GC(1057) Humongous regions: 129->129
[2022-04-22T23:52:41.664+0800][gc,metaspace ] GC(1057) Metaspace: 43631K->43631K(1089536K)
[2022-04-22T23:52:41.665+0800][gc           ] GC(1057) Pause Young (Normal) (G1 Evacuation Pause) 241M->193M(1024M) 24.240ms
[2022-04-22T23:52:41.665+0800][gc,cpu       ] GC(1057) User=0.05s Sys=0.03s Real=0.02s
[2022-04-22T23:53:02.054+0800][gc,start     ] GC(1058) Pause Young (Normal) (G1 Evacuation Pause)
[2022-04-22T23:53:02.054+0800][gc,task      ] GC(1058) Using 8 workers of 8 for evacuation
[2022-04-22T23:53:02.073+0800][gc,phases    ] GC(1058)   Pre Evacuate Collection Set: 0.4ms
[2022-04-22T23:53:02.073+0800][gc,phases    ] GC(1058)   Evacuate Collection Set: 14.9ms
[2022-04-22T23:53:02.073+0800][gc,phases    ] GC(1058)   Post Evacuate Collection Set: 2.2ms
[2022-04-22T23:53:02.074+0800][gc,phases    ] GC(1058)   Other: 2.4ms
[2022-04-22T23:53:02.074+0800][gc,heap      ] GC(1058) Eden regions: 47->0(46)
[2022-04-22T23:53:02.074+0800][gc,heap      ] GC(1058) Survivor regions: 4->5(7)
[2022-04-22T23:53:02.074+0800][gc,heap      ] GC(1058) Old regions: 60->61
[2022-04-22T23:53:02.074+0800][gc,heap      ] GC(1058) Archive regions: 2->2
[2022-04-22T23:53:02.074+0800][gc,heap      ] GC(1058) Humongous regions: 129->129
[2022-04-22T23:53:02.074+0800][gc,metaspace ] GC(1058) Metaspace: 43631K->43631K(1089536K)
[2022-04-22T23:53:02.074+0800][gc           ] GC(1058) Pause Young (Normal) (G1 Evacuation Pause) 240M->194M(1024M) 19.974ms
[2022-04-22T23:53:02.074+0800][gc,cpu       ] GC(1058) User=0.04s Sys=0.02s Real=0.02s
[2022-04-22T23:54:53.650+0800][gc,start     ] GC(1059) Pause Young (Normal) (G1 Evacuation Pause)
[2022-04-22T23:54:53.651+0800][gc,task      ] GC(1059) Using 8 workers of 8 for evacuation
[2022-04-22T23:54:53.694+0800][gc,mmu       ] GC(1059) MMU target violated: 21.0ms (20.0ms/21.0ms)
[2022-04-22T23:54:53.694+0800][gc,phases    ] GC(1059)   Pre Evacuate Collection Set: 0.2ms
[2022-04-22T23:54:53.694+0800][gc,phases    ] GC(1059)   Evacuate Collection Set: 38.1ms
[2022-04-22T23:54:53.695+0800][gc,phases    ] GC(1059)   Post Evacuate Collection Set: 3.9ms
[2022-04-22T23:54:53.695+0800][gc,phases    ] GC(1059)   Other: 2.1ms
[2022-04-22T23:54:53.695+0800][gc,heap      ] GC(1059) Eden regions: 46->0(46)
[2022-04-22T23:54:53.695+0800][gc,heap      ] GC(1059) Survivor regions: 5->5(7)
[2022-04-22T23:54:53.695+0800][gc,heap      ] GC(1059) Old regions: 61->62
[2022-04-22T23:54:53.695+0800][gc,heap      ] GC(1059) Archive regions: 2->2
[2022-04-22T23:54:53.695+0800][gc,heap      ] GC(1059) Humongous regions: 129->129
[2022-04-22T23:54:53.695+0800][gc,metaspace ] GC(1059) Metaspace: 43652K->43652K(1089536K)
[2022-04-22T23:54:53.695+0800][gc           ] GC(1059) Pause Young (Normal) (G1 Evacuation Pause) 240M->195M(1024M) 44.756ms
[2022-04-22T23:54:53.695+0800][gc,cpu       ] GC(1059) User=0.05s Sys=0.05s Real=0.04s
[2022-04-22T23:55:09.322+0800][gc,start     ] GC(1060) Pause Young (Normal) (G1 Evacuation Pause)
[2022-04-22T23:55:09.322+0800][gc,task      ] GC(1060) Using 8 workers of 8 for evacuation
[2022-04-22T23:55:09.347+0800][gc,mmu       ] GC(1060) MMU target violated: 21.0ms (20.0ms/21.0ms)
[2022-04-22T23:55:09.347+0800][gc,phases    ] GC(1060)   Pre Evacuate Collection Set: 0.3ms
[2022-04-22T23:55:09.347+0800][gc,phases    ] GC(1060)   Evacuate Collection Set: 22.9ms
[2022-04-22T23:55:09.347+0800][gc,phases    ] GC(1060)   Post Evacuate Collection Set: 0.7ms
[2022-04-22T23:55:09.347+0800][gc,phases    ] GC(1060)   Other: 1.5ms
[2022-04-22T23:55:09.347+0800][gc,heap      ] GC(1060) Eden regions: 46->0(46)
[2022-04-22T23:55:09.347+0800][gc,heap      ] GC(1060) Survivor regions: 5->5(7)
[2022-04-22T23:55:09.347+0800][gc,heap      ] GC(1060) Old regions: 62->63
[2022-04-22T23:55:09.347+0800][gc,heap      ] GC(1060) Archive regions: 2->2
[2022-04-22T23:55:09.347+0800][gc,heap      ] GC(1060) Humongous regions: 129->129
[2022-04-22T23:55:09.347+0800][gc,metaspace ] GC(1060) Metaspace: 43652K->43652K(1089536K)
[2022-04-22T23:55:09.347+0800][gc           ] GC(1060) Pause Young (Normal) (G1 Evacuation Pause) 241M->196M(1024M) 25.592ms
[2022-04-22T23:55:09.347+0800][gc,cpu       ] GC(1060) User=0.06s Sys=0.02s Real=0.02s
[2022-04-22T23:55:25.300+0800][gc,start     ] GC(1061) Pause Young (Normal) (G1 Evacuation Pause)
[2022-04-22T23:55:25.300+0800][gc,task      ] GC(1061) Using 8 workers of 8 for evacuation
[2022-04-22T23:55:25.327+0800][gc,mmu       ] GC(1061) MMU target violated: 21.0ms (20.0ms/21.0ms)
[2022-04-22T23:55:25.327+0800][gc,phases    ] GC(1061)   Pre Evacuate Collection Set: 0.4ms
[2022-04-22T23:55:25.327+0800][gc,phases    ] GC(1061)   Evacuate Collection Set: 24.1ms
[2022-04-22T23:55:25.327+0800][gc,phases    ] GC(1061)   Post Evacuate Collection Set: 0.9ms
[2022-04-22T23:55:25.327+0800][gc,phases    ] GC(1061)   Other: 1.9ms
[2022-04-22T23:55:25.327+0800][gc,heap      ] GC(1061) Eden regions: 46->0(46)
[2022-04-22T23:55:25.327+0800][gc,heap      ] GC(1061) Survivor regions: 5->5(7)
[2022-04-22T23:55:25.327+0800][gc,heap      ] GC(1061) Old regions: 63->64
[2022-04-22T23:55:25.327+0800][gc,heap      ] GC(1061) Archive regions: 2->2
[2022-04-22T23:55:25.327+0800][gc,heap      ] GC(1061) Humongous regions: 129->129
[2022-04-22T23:55:25.327+0800][gc,metaspace ] GC(1061) Metaspace: 43652K->43652K(1089536K)
[2022-04-22T23:55:25.327+0800][gc           ] GC(1061) Pause Young (Normal) (G1 Evacuation Pause) 242M->196M(1024M) 27.558ms
[2022-04-22T23:55:25.327+0800][gc,cpu       ] GC(1061) User=0.05s Sys=0.02s Real=0.02s
[2022-04-22T23:55:45.223+0800][gc,start     ] GC(1062) Pause Young (Normal) (G1 Evacuation Pause)
[2022-04-22T23:55:45.224+0800][gc,task      ] GC(1062) Using 8 workers of 8 for evacuation
[2022-04-22T23:55:45.253+0800][gc,mmu       ] GC(1062) MMU target violated: 21.0ms (20.0ms/21.0ms)
[2022-04-22T23:55:45.253+0800][gc,phases    ] GC(1062)   Pre Evacuate Collection Set: 0.2ms
[2022-04-22T23:55:45.253+0800][gc,phases    ] GC(1062)   Evacuate Collection Set: 22.6ms
[2022-04-22T23:55:45.253+0800][gc,phases    ] GC(1062)   Post Evacuate Collection Set: 4.7ms
[2022-04-22T23:55:45.253+0800][gc,phases    ] GC(1062)   Other: 2.6ms
[2022-04-22T23:55:45.253+0800][gc,heap      ] GC(1062) Eden regions: 46->0(45)
[2022-04-22T23:55:45.253+0800][gc,heap      ] GC(1062) Survivor regions: 5->6(7)
[2022-04-22T23:55:45.253+0800][gc,heap      ] GC(1062) Old regions: 64->64
[2022-04-22T23:55:45.253+0800][gc,heap      ] GC(1062) Archive regions: 2->2
[2022-04-22T23:55:45.253+0800][gc,heap      ] GC(1062) Humongous regions: 129->129
[2022-04-22T23:55:45.253+0800][gc,metaspace ] GC(1062) Metaspace: 43652K->43652K(1089536K)
[2022-04-22T23:55:45.253+0800][gc           ] GC(1062) Pause Young (Normal) (G1 Evacuation Pause) 242M->198M(1024M) 30.203ms
[2022-04-22T23:55:45.253+0800][gc,cpu       ] GC(1062) User=0.05s Sys=0.03s Real=0.03s
[2022-04-22T23:56:00.500+0800][gc,start     ] GC(1063) Pause Young (Normal) (G1 Evacuation Pause)
[2022-04-22T23:56:00.500+0800][gc,task      ] GC(1063) Using 8 workers of 8 for evacuation
[2022-04-22T23:56:00.540+0800][gc,mmu       ] GC(1063) MMU target violated: 21.0ms (20.0ms/21.0ms)
[2022-04-22T23:56:00.540+0800][gc,phases    ] GC(1063)   Pre Evacuate Collection Set: 0.1ms
[2022-04-22T23:56:00.540+0800][gc,phases    ] GC(1063)   Evacuate Collection Set: 38.5ms
[2022-04-22T23:56:00.540+0800][gc,phases    ] GC(1063)   Post Evacuate Collection Set: 0.7ms
[2022-04-22T23:56:00.540+0800][gc,phases    ] GC(1063)   Other: 0.8ms
[2022-04-22T23:56:00.540+0800][gc,heap      ] GC(1063) Eden regions: 45->0(47)
[2022-04-22T23:56:00.540+0800][gc,heap      ] GC(1063) Survivor regions: 6->4(7)
[2022-04-22T23:56:00.540+0800][gc,heap      ] GC(1063) Old regions: 64->66
[2022-04-22T23:56:00.540+0800][gc,heap      ] GC(1063) Archive regions: 2->2
[2022-04-22T23:56:00.540+0800][gc,heap      ] GC(1063) Humongous regions: 129->129
[2022-04-22T23:56:00.540+0800][gc,metaspace ] GC(1063) Metaspace: 43652K->43652K(1089536K)
[2022-04-22T23:56:00.540+0800][gc           ] GC(1063) Pause Young (Normal) (G1 Evacuation Pause) 243M->198M(1024M) 40.372ms
[2022-04-22T23:56:00.540+0800][gc,cpu       ] GC(1063) User=0.05s Sys=0.03s Real=0.04s
[2022-04-22T23:56:20.698+0800][gc,start     ] GC(1064) Pause Young (Normal) (G1 Evacuation Pause)
[2022-04-22T23:56:20.700+0800][gc,task      ] GC(1064) Using 8 workers of 8 for evacuation
[2022-04-22T23:56:20.714+0800][gc,phases    ] GC(1064)   Pre Evacuate Collection Set: 0.3ms
[2022-04-22T23:56:20.714+0800][gc,phases    ] GC(1064)   Evacuate Collection Set: 12.8ms
[2022-04-22T23:56:20.714+0800][gc,phases    ] GC(1064)   Post Evacuate Collection Set: 0.5ms
[2022-04-22T23:56:20.714+0800][gc,phases    ] GC(1064)   Other: 2.2ms
[2022-04-22T23:56:20.714+0800][gc,heap      ] GC(1064) Eden regions: 47->0(47)
[2022-04-22T23:56:20.714+0800][gc,heap      ] GC(1064) Survivor regions: 4->4(7)
[2022-04-22T23:56:20.714+0800][gc,heap      ] GC(1064) Old regions: 66->66
[2022-04-22T23:56:20.714+0800][gc,heap      ] GC(1064) Archive regions: 2->2
[2022-04-22T23:56:20.714+0800][gc,heap      ] GC(1064) Humongous regions: 129->129
[2022-04-22T23:56:20.714+0800][gc,metaspace ] GC(1064) Metaspace: 43652K->43652K(1089536K)
[2022-04-22T23:56:20.714+0800][gc           ] GC(1064) Pause Young (Normal) (G1 Evacuation Pause) 245M->198M(1024M) 15.922ms
[2022-04-22T23:56:20.714+0800][gc,cpu       ] GC(1064) User=0.04s Sys=0.01s Real=0.02s
[2022-04-22T23:56:36.923+0800][gc,start     ] GC(1065) Pause Young (Normal) (G1 Evacuation Pause)
[2022-04-22T23:56:36.924+0800][gc,task      ] GC(1065) Using 8 workers of 8 for evacuation
[2022-04-22T23:56:36.940+0800][gc,phases    ] GC(1065)   Pre Evacuate Collection Set: 0.3ms
[2022-04-22T23:56:36.940+0800][gc,phases    ] GC(1065)   Evacuate Collection Set: 14.2ms
[2022-04-22T23:56:36.940+0800][gc,phases    ] GC(1065)   Post Evacuate Collection Set: 0.5ms
[2022-04-22T23:56:36.940+0800][gc,phases    ] GC(1065)   Other: 1.9ms
[2022-04-22T23:56:36.940+0800][gc,heap      ] GC(1065) Eden regions: 47->0(46)
[2022-04-22T23:56:36.940+0800][gc,heap      ] GC(1065) Survivor regions: 4->5(7)
[2022-04-22T23:56:36.940+0800][gc,heap      ] GC(1065) Old regions: 66->66
[2022-04-22T23:56:36.940+0800][gc,heap      ] GC(1065) Archive regions: 2->2
[2022-04-22T23:56:36.940+0800][gc,heap      ] GC(1065) Humongous regions: 129->129
[2022-04-22T23:56:36.940+0800][gc,metaspace ] GC(1065) Metaspace: 43652K->43652K(1089536K)
[2022-04-22T23:56:36.940+0800][gc           ] GC(1065) Pause Young (Normal) (G1 Evacuation Pause) 245M->200M(1024M) 17.034ms
[2022-04-22T23:56:36.940+0800][gc,cpu       ] GC(1065) User=0.05s Sys=0.01s Real=0.02s
[2022-04-22T23:56:56.490+0800][gc,start     ] GC(1066) Pause Young (Normal) (G1 Evacuation Pause)
[2022-04-22T23:56:56.490+0800][gc,task      ] GC(1066) Using 8 workers of 8 for evacuation
[2022-04-22T23:56:56.529+0800][gc,mmu       ] GC(1066) MMU target violated: 21.0ms (20.0ms/21.0ms)
[2022-04-22T23:56:56.529+0800][gc,phases    ] GC(1066)   Pre Evacuate Collection Set: 0.2ms
[2022-04-22T23:56:56.529+0800][gc,phases    ] GC(1066)   Evacuate Collection Set: 33.5ms
[2022-04-22T23:56:56.529+0800][gc,phases    ] GC(1066)   Post Evacuate Collection Set: 3.1ms
[2022-04-22T23:56:56.529+0800][gc,phases    ] GC(1066)   Other: 3.4ms
[2022-04-22T23:56:56.529+0800][gc,heap      ] GC(1066) Eden regions: 46->0(47)
[2022-04-22T23:56:56.529+0800][gc,heap      ] GC(1066) Survivor regions: 5->4(7)
[2022-04-22T23:56:56.529+0800][gc,heap      ] GC(1066) Old regions: 66->68
[2022-04-22T23:56:56.529+0800][gc,heap      ] GC(1066) Archive regions: 2->2
[2022-04-22T23:56:56.529+0800][gc,heap      ] GC(1066) Humongous regions: 129->129
[2022-04-22T23:56:56.529+0800][gc,metaspace ] GC(1066) Metaspace: 43652K->43652K(1089536K)
[2022-04-22T23:56:56.529+0800][gc           ] GC(1066) Pause Young (Normal) (G1 Evacuation Pause) 246M->200M(1024M) 39.208ms
[2022-04-22T23:56:56.529+0800][gc,cpu       ] GC(1066) User=0.03s Sys=0.04s Real=0.03s
[2022-04-22T23:57:15.952+0800][gc,start     ] GC(1067) Pause Young (Normal) (G1 Evacuation Pause)
[2022-04-22T23:57:15.953+0800][gc,task      ] GC(1067) Using 8 workers of 8 for evacuation
[2022-04-22T23:57:15.974+0800][gc,mmu       ] GC(1067) MMU target violated: 20.3ms (20.0ms/21.0ms)
[2022-04-22T23:57:15.974+0800][gc,phases    ] GC(1067)   Pre Evacuate Collection Set: 0.3ms
[2022-04-22T23:57:15.974+0800][gc,phases    ] GC(1067)   Evacuate Collection Set: 18.4ms
[2022-04-22T23:57:15.974+0800][gc,phases    ] GC(1067)   Post Evacuate Collection Set: 0.9ms
[2022-04-22T23:57:15.974+0800][gc,phases    ] GC(1067)   Other: 2.2ms
[2022-04-22T23:57:15.974+0800][gc,heap      ] GC(1067) Eden regions: 47->0(46)
[2022-04-22T23:57:15.974+0800][gc,heap      ] GC(1067) Survivor regions: 4->5(7)
[2022-04-22T23:57:15.974+0800][gc,heap      ] GC(1067) Old regions: 68->68
[2022-04-22T23:57:15.974+0800][gc,heap      ] GC(1067) Archive regions: 2->2
[2022-04-22T23:57:15.974+0800][gc,heap      ] GC(1067) Humongous regions: 129->129
[2022-04-22T23:57:15.974+0800][gc,metaspace ] GC(1067) Metaspace: 43652K->43652K(1089536K)
[2022-04-22T23:57:15.974+0800][gc           ] GC(1067) Pause Young (Normal) (G1 Evacuation Pause) 247M->201M(1024M) 22.083ms
[2022-04-22T23:57:15.974+0800][gc,cpu       ] GC(1067) User=0.05s Sys=0.01s Real=0.02s
[2022-04-22T23:57:37.057+0800][gc,start     ] GC(1068) Pause Young (Normal) (G1 Evacuation Pause)
[2022-04-22T23:57:37.059+0800][gc,task      ] GC(1068) Using 8 workers of 8 for evacuation
[2022-04-22T23:57:37.089+0800][gc,mmu       ] GC(1068) MMU target violated: 21.0ms (20.0ms/21.0ms)
[2022-04-22T23:57:37.089+0800][gc,phases    ] GC(1068)   Pre Evacuate Collection Set: 0.3ms
[2022-04-22T23:57:37.089+0800][gc,phases    ] GC(1068)   Evacuate Collection Set: 27.7ms
[2022-04-22T23:57:37.089+0800][gc,phases    ] GC(1068)   Post Evacuate Collection Set: 0.6ms
[2022-04-22T23:57:37.089+0800][gc,phases    ] GC(1068)   Other: 2.9ms
[2022-04-22T23:57:37.089+0800][gc,heap      ] GC(1068) Eden regions: 46->0(47)
[2022-04-22T23:57:37.089+0800][gc,heap      ] GC(1068) Survivor regions: 5->4(7)
[2022-04-22T23:57:37.089+0800][gc,heap      ] GC(1068) Old regions: 68->69
[2022-04-22T23:57:37.089+0800][gc,heap      ] GC(1068) Archive regions: 2->2
[2022-04-22T23:57:37.089+0800][gc,heap      ] GC(1068) Humongous regions: 129->129
[2022-04-22T23:57:37.089+0800][gc,metaspace ] GC(1068) Metaspace: 43652K->43652K(1089536K)
[2022-04-22T23:57:37.089+0800][gc           ] GC(1068) Pause Young (Normal) (G1 Evacuation Pause) 247M->201M(1024M) 31.530ms
[2022-04-22T23:57:37.089+0800][gc,cpu       ] GC(1068) User=0.02s Sys=0.01s Real=0.03s
[2022-04-22T23:58:54.787+0800][gc,start     ] GC(1069) Pause Young (Normal) (G1 Evacuation Pause)
[2022-04-22T23:58:54.788+0800][gc,task      ] GC(1069) Using 8 workers of 8 for evacuation
[2022-04-22T23:58:54.839+0800][gc,mmu       ] GC(1069) MMU target violated: 21.0ms (20.0ms/21.0ms)
[2022-04-22T23:58:54.839+0800][gc,phases    ] GC(1069)   Pre Evacuate Collection Set: 0.1ms
[2022-04-22T23:58:54.839+0800][gc,phases    ] GC(1069)   Evacuate Collection Set: 47.1ms
[2022-04-22T23:58:54.839+0800][gc,phases    ] GC(1069)   Post Evacuate Collection Set: 2.6ms
[2022-04-22T23:58:54.839+0800][gc,phases    ] GC(1069)   Other: 1.9ms
[2022-04-22T23:58:54.839+0800][gc,heap      ] GC(1069) Eden regions: 47->0(46)
[2022-04-22T23:58:54.839+0800][gc,heap      ] GC(1069) Survivor regions: 4->5(7)
[2022-04-22T23:58:54.839+0800][gc,heap      ] GC(1069) Old regions: 69->69
[2022-04-22T23:58:54.839+0800][gc,heap      ] GC(1069) Archive regions: 2->2
[2022-04-22T23:58:54.839+0800][gc,heap      ] GC(1069) Humongous regions: 129->129
[2022-04-22T23:58:54.839+0800][gc,metaspace ] GC(1069) Metaspace: 43652K->43652K(1089536K)
[2022-04-22T23:58:54.839+0800][gc           ] GC(1069) Pause Young (Normal) (G1 Evacuation Pause) 248M->202M(1024M) 51.630ms
[2022-04-22T23:58:54.839+0800][gc,cpu       ] GC(1069) User=0.03s Sys=0.06s Real=0.05s
[2022-04-22T23:59:10.712+0800][gc,start     ] GC(1070) Pause Young (Normal) (G1 Evacuation Pause)
[2022-04-22T23:59:10.713+0800][gc,task      ] GC(1070) Using 8 workers of 8 for evacuation
[2022-04-22T23:59:10.730+0800][gc,phases    ] GC(1070)   Pre Evacuate Collection Set: 0.2ms
[2022-04-22T23:59:10.730+0800][gc,phases    ] GC(1070)   Evacuate Collection Set: 15.8ms
[2022-04-22T23:59:10.730+0800][gc,phases    ] GC(1070)   Post Evacuate Collection Set: 0.8ms
[2022-04-22T23:59:10.730+0800][gc,phases    ] GC(1070)   Other: 1.5ms
[2022-04-22T23:59:10.730+0800][gc,heap      ] GC(1070) Eden regions: 46->0(47)
[2022-04-22T23:59:10.730+0800][gc,heap      ] GC(1070) Survivor regions: 5->4(7)
[2022-04-22T23:59:10.730+0800][gc,heap      ] GC(1070) Old regions: 69->69
[2022-04-22T23:59:10.730+0800][gc,heap      ] GC(1070) Archive regions: 2->2
[2022-04-22T23:59:10.730+0800][gc,heap      ] GC(1070) Humongous regions: 129->129
[2022-04-22T23:59:10.730+0800][gc,metaspace ] GC(1070) Metaspace: 43652K->43652K(1089536K)
[2022-04-22T23:59:10.730+0800][gc           ] GC(1070) Pause Young (Normal) (G1 Evacuation Pause) 248M->202M(1024M) 17.879ms
[2022-04-22T23:59:10.730+0800][gc,cpu       ] GC(1070) User=0.04s Sys=0.01s Real=0.02s
[2022-04-22T23:59:30.628+0800][gc,start     ] GC(1071) Pause Young (Normal) (G1 Evacuation Pause)
[2022-04-22T23:59:30.629+0800][gc,task      ] GC(1071) Using 8 workers of 8 for evacuation
[2022-04-22T23:59:30.649+0800][gc,phases    ] GC(1071)   Pre Evacuate Collection Set: 0.3ms
[2022-04-22T23:59:30.649+0800][gc,phases    ] GC(1071)   Evacuate Collection Set: 18.2ms
[2022-04-22T23:59:30.649+0800][gc,phases    ] GC(1071)   Post Evacuate Collection Set: 0.7ms
[2022-04-22T23:59:30.649+0800][gc,phases    ] GC(1071)   Other: 1.7ms
[2022-04-22T23:59:30.649+0800][gc,heap      ] GC(1071) Eden regions: 47->0(45)
[2022-04-22T23:59:30.649+0800][gc,heap      ] GC(1071) Survivor regions: 4->6(7)
[2022-04-22T23:59:30.649+0800][gc,heap      ] GC(1071) Old regions: 69->70
[2022-04-22T23:59:30.649+0800][gc,heap      ] GC(1071) Archive regions: 2->2
[2022-04-22T23:59:30.649+0800][gc,heap      ] GC(1071) Humongous regions: 129->129
[2022-04-22T23:59:30.649+0800][gc,metaspace ] GC(1071) Metaspace: 43652K->43652K(1089536K)
[2022-04-22T23:59:30.649+0800][gc           ] GC(1071) Pause Young (Normal) (G1 Evacuation Pause) 249M->204M(1024M) 21.191ms
[2022-04-22T23:59:30.649+0800][gc,cpu       ] GC(1071) User=0.04s Sys=0.02s Real=0.02s
[2022-04-22T23:59:46.019+0800][gc,start     ] GC(1072) Pause Young (Normal) (G1 Evacuation Pause)
[2022-04-22T23:59:46.020+0800][gc,task      ] GC(1072) Using 8 workers of 8 for evacuation
[2022-04-22T23:59:46.050+0800][gc,mmu       ] GC(1072) MMU target violated: 21.0ms (20.0ms/21.0ms)
[2022-04-22T23:59:46.050+0800][gc,phases    ] GC(1072)   Pre Evacuate Collection Set: 0.2ms
[2022-04-22T23:59:46.050+0800][gc,phases    ] GC(1072)   Evacuate Collection Set: 26.8ms
[2022-04-22T23:59:46.050+0800][gc,phases    ] GC(1072)   Post Evacuate Collection Set: 1.9ms
[2022-04-22T23:59:46.050+0800][gc,phases    ] GC(1072)   Other: 1.8ms
[2022-04-22T23:59:46.050+0800][gc,heap      ] GC(1072) Eden regions: 45->0(47)
[2022-04-22T23:59:46.050+0800][gc,heap      ] GC(1072) Survivor regions: 6->4(7)
[2022-04-22T23:59:46.050+0800][gc,heap      ] GC(1072) Old regions: 70->72
[2022-04-22T23:59:46.050+0800][gc,heap      ] GC(1072) Archive regions: 2->2
[2022-04-22T23:59:46.050+0800][gc,heap      ] GC(1072) Humongous regions: 129->129
[2022-04-22T23:59:46.050+0800][gc,metaspace ] GC(1072) Metaspace: 43652K->43652K(1089536K)
[2022-04-22T23:59:46.050+0800][gc           ] GC(1072) Pause Young (Normal) (G1 Evacuation Pause) 249M->204M(1024M) 30.769ms
[2022-04-22T23:59:46.050+0800][gc,cpu       ] GC(1072) User=0.05s Sys=0.04s Real=0.04s
[2022-04-23T00:00:01.800+0800][gc,start     ] GC(1073) Pause Young (Normal) (G1 Evacuation Pause)
[2022-04-23T00:00:01.800+0800][gc,task      ] GC(1073) Using 8 workers of 8 for evacuation
[2022-04-23T00:00:01.817+0800][gc,phases    ] GC(1073)   Pre Evacuate Collection Set: 0.2ms
[2022-04-23T00:00:01.817+0800][gc,phases    ] GC(1073)   Evacuate Collection Set: 15.2ms
[2022-04-23T00:00:01.817+0800][gc,phases    ] GC(1073)   Post Evacuate Collection Set: 0.5ms
[2022-04-23T00:00:01.817+0800][gc,phases    ] GC(1073)   Other: 1.1ms
[2022-04-23T00:00:01.817+0800][gc,heap      ] GC(1073) Eden regions: 47->0(47)
[2022-04-23T00:00:01.817+0800][gc,heap      ] GC(1073) Survivor regions: 4->4(7)
[2022-04-23T00:00:01.817+0800][gc,heap      ] GC(1073) Old regions: 72->72
[2022-04-23T00:00:01.817+0800][gc,heap      ] GC(1073) Archive regions: 2->2
[2022-04-23T00:00:01.817+0800][gc,heap      ] GC(1073) Humongous regions: 129->129
[2022-04-23T00:00:01.817+0800][gc,metaspace ] GC(1073) Metaspace: 43652K->43652K(1089536K)
[2022-04-23T00:00:01.817+0800][gc           ] GC(1073) Pause Young (Normal) (G1 Evacuation Pause) 251M->205M(1024M) 17.039ms
[2022-04-23T00:00:01.817+0800][gc,cpu       ] GC(1073) User=0.04s Sys=0.01s Real=0.01s
[2022-04-23T00:00:17.849+0800][gc,start     ] GC(1074) Pause Young (Normal) (G1 Evacuation Pause)
[2022-04-23T00:00:17.849+0800][gc,task      ] GC(1074) Using 8 workers of 8 for evacuation
[2022-04-23T00:00:17.863+0800][gc,phases    ] GC(1074)   Pre Evacuate Collection Set: 0.2ms
[2022-04-23T00:00:17.863+0800][gc,phases    ] GC(1074)   Evacuate Collection Set: 11.8ms
[2022-04-23T00:00:17.863+0800][gc,phases    ] GC(1074)   Post Evacuate Collection Set: 0.8ms
[2022-04-23T00:00:17.863+0800][gc,phases    ] GC(1074)   Other: 1.1ms
[2022-04-23T00:00:17.863+0800][gc,heap      ] GC(1074) Eden regions: 47->0(47)
[2022-04-23T00:00:17.863+0800][gc,heap      ] GC(1074) Survivor regions: 4->4(7)
[2022-04-23T00:00:17.863+0800][gc,heap      ] GC(1074) Old regions: 72->72
[2022-04-23T00:00:17.863+0800][gc,heap      ] GC(1074) Archive regions: 2->2
[2022-04-23T00:00:17.863+0800][gc,heap      ] GC(1074) Humongous regions: 129->129
[2022-04-23T00:00:17.863+0800][gc,metaspace ] GC(1074) Metaspace: 43652K->43652K(1089536K)
[2022-04-23T00:00:17.863+0800][gc           ] GC(1074) Pause Young (Normal) (G1 Evacuation Pause) 252M->205M(1024M) 14.210ms
[2022-04-23T00:00:17.863+0800][gc,cpu       ] GC(1074) User=0.04s Sys=0.01s Real=0.02s
[2022-04-23T00:00:34.105+0800][gc,start     ] GC(1075) Pause Young (Normal) (G1 Evacuation Pause)
[2022-04-23T00:00:34.106+0800][gc,task      ] GC(1075) Using 8 workers of 8 for evacuation
[2022-04-23T00:00:34.138+0800][gc,mmu       ] GC(1075) MMU target violated: 21.0ms (20.0ms/21.0ms)
[2022-04-23T00:00:34.138+0800][gc,phases    ] GC(1075)   Pre Evacuate Collection Set: 0.2ms
[2022-04-23T00:00:34.138+0800][gc,phases    ] GC(1075)   Evacuate Collection Set: 30.9ms
[2022-04-23T00:00:34.138+0800][gc,phases    ] GC(1075)   Post Evacuate Collection Set: 0.6ms
[2022-04-23T00:00:34.138+0800][gc,phases    ] GC(1075)   Other: 1.0ms
[2022-04-23T00:00:34.138+0800][gc,heap      ] GC(1075) Eden regions: 47->0(46)
[2022-04-23T00:00:34.138+0800][gc,heap      ] GC(1075) Survivor regions: 4->5(7)
[2022-04-23T00:00:34.138+0800][gc,heap      ] GC(1075) Old regions: 72->73
[2022-04-23T00:00:34.138+0800][gc,heap      ] GC(1075) Archive regions: 2->2
[2022-04-23T00:00:34.138+0800][gc,heap      ] GC(1075) Humongous regions: 129->129
[2022-04-23T00:00:34.138+0800][gc,metaspace ] GC(1075) Metaspace: 43652K->43652K(1089536K)
[2022-04-23T00:00:34.138+0800][gc           ] GC(1075) Pause Young (Normal) (G1 Evacuation Pause) 252M->207M(1024M) 32.654ms
[2022-04-23T00:00:34.138+0800][gc,cpu       ] GC(1075) User=0.04s Sys=0.04s Real=0.03s
[2022-04-23T00:00:50.000+0800][gc,start     ] GC(1076) Pause Young (Normal) (G1 Evacuation Pause)
[2022-04-23T00:00:50.001+0800][gc,task      ] GC(1076) Using 8 workers of 8 for evacuation
[2022-04-23T00:00:50.026+0800][gc,mmu       ] GC(1076) MMU target violated: 21.0ms (20.0ms/21.0ms)
[2022-04-23T00:00:50.026+0800][gc,phases    ] GC(1076)   Pre Evacuate Collection Set: 0.1ms
[2022-04-23T00:00:50.026+0800][gc,phases    ] GC(1076)   Evacuate Collection Set: 24.1ms
[2022-04-23T00:00:50.026+0800][gc,phases    ] GC(1076)   Post Evacuate Collection Set: 0.3ms
[2022-04-23T00:00:50.026+0800][gc,phases    ] GC(1076)   Other: 1.4ms
[2022-04-23T00:00:50.026+0800][gc,heap      ] GC(1076) Eden regions: 46->0(47)
[2022-04-23T00:00:50.026+0800][gc,heap      ] GC(1076) Survivor regions: 5->4(7)
[2022-04-23T00:00:50.026+0800][gc,heap      ] GC(1076) Old regions: 73->75
[2022-04-23T00:00:50.026+0800][gc,heap      ] GC(1076) Archive regions: 2->2
[2022-04-23T00:00:50.026+0800][gc,heap      ] GC(1076) Humongous regions: 129->129
[2022-04-23T00:00:50.026+0800][gc,metaspace ] GC(1076) Metaspace: 43652K->43652K(1089536K)
[2022-04-23T00:00:50.026+0800][gc           ] GC(1076) Pause Young (Normal) (G1 Evacuation Pause) 253M->207M(1024M) 25.952ms
[2022-04-23T00:00:50.026+0800][gc,cpu       ] GC(1076) User=0.05s Sys=0.04s Real=0.02s
[2022-04-23T00:01:06.201+0800][gc,start     ] GC(1077) Pause Young (Normal) (G1 Evacuation Pause)
[2022-04-23T00:01:06.201+0800][gc,task      ] GC(1077) Using 8 workers of 8 for evacuation
[2022-04-23T00:01:06.216+0800][gc,phases    ] GC(1077)   Pre Evacuate Collection Set: 0.3ms
[2022-04-23T00:01:06.216+0800][gc,phases    ] GC(1077)   Evacuate Collection Set: 13.7ms
[2022-04-23T00:01:06.217+0800][gc,phases    ] GC(1077)   Post Evacuate Collection Set: 0.4ms
[2022-04-23T00:01:06.217+0800][gc,phases    ] GC(1077)   Other: 1.3ms
[2022-04-23T00:01:06.217+0800][gc,heap      ] GC(1077) Eden regions: 47->0(47)
[2022-04-23T00:01:06.217+0800][gc,heap      ] GC(1077) Survivor regions: 4->4(7)
[2022-04-23T00:01:06.217+0800][gc,heap      ] GC(1077) Old regions: 75->75
[2022-04-23T00:01:06.217+0800][gc,heap      ] GC(1077) Archive regions: 2->2
[2022-04-23T00:01:06.217+0800][gc,heap      ] GC(1077) Humongous regions: 129->129
[2022-04-23T00:01:06.217+0800][gc,metaspace ] GC(1077) Metaspace: 43652K->43652K(1089536K)
[2022-04-23T00:01:06.217+0800][gc           ] GC(1077) Pause Young (Normal) (G1 Evacuation Pause) 254M->207M(1024M) 15.816ms
[2022-04-23T00:01:06.217+0800][gc,cpu       ] GC(1077) User=0.04s Sys=0.00s Real=0.01s
[2022-04-23T00:01:22.297+0800][gc,start     ] GC(1078) Pause Young (Normal) (G1 Evacuation Pause)
[2022-04-23T00:01:22.298+0800][gc,task      ] GC(1078) Using 8 workers of 8 for evacuation
[2022-04-23T00:01:22.311+0800][gc,phases    ] GC(1078)   Pre Evacuate Collection Set: 0.4ms
[2022-04-23T00:01:22.312+0800][gc,phases    ] GC(1078)   Evacuate Collection Set: 11.8ms
[2022-04-23T00:01:22.312+0800][gc,phases    ] GC(1078)   Post Evacuate Collection Set: 0.8ms
[2022-04-23T00:01:22.312+0800][gc,phases    ] GC(1078)   Other: 1.6ms
[2022-04-23T00:01:22.312+0800][gc,heap      ] GC(1078) Eden regions: 47->0(50)
[2022-04-23T00:01:22.312+0800][gc,heap      ] GC(1078) Survivor regions: 4->5(7)
[2022-04-23T00:01:22.312+0800][gc,heap      ] GC(1078) Old regions: 75->75
[2022-04-23T00:01:22.312+0800][gc,heap      ] GC(1078) Archive regions: 2->2
[2022-04-23T00:01:22.312+0800][gc,heap      ] GC(1078) Humongous regions: 129->129
[2022-04-23T00:01:22.312+0800][gc,metaspace ] GC(1078) Metaspace: 43652K->43652K(1089536K)
[2022-04-23T00:01:22.312+0800][gc           ] GC(1078) Pause Young (Normal) (G1 Evacuation Pause) 254M->207M(1024M) 14.841ms
[2022-04-23T00:01:22.312+0800][gc,cpu       ] GC(1078) User=0.04s Sys=0.00s Real=0.02s
[2022-04-23T00:01:43.143+0800][gc,start     ] GC(1079) Pause Young (Normal) (G1 Evacuation Pause)
[2022-04-23T00:01:43.144+0800][gc,task      ] GC(1079) Using 8 workers of 8 for evacuation
[2022-04-23T00:01:43.171+0800][gc,mmu       ] GC(1079) MMU target violated: 21.0ms (20.0ms/21.0ms)
[2022-04-23T00:01:43.172+0800][gc,phases    ] GC(1079)   Pre Evacuate Collection Set: 0.2ms
[2022-04-23T00:01:43.172+0800][gc,phases    ] GC(1079)   Evacuate Collection Set: 25.1ms
[2022-04-23T00:01:43.172+0800][gc,phases    ] GC(1079)   Post Evacuate Collection Set: 1.6ms
[2022-04-23T00:01:43.172+0800][gc,phases    ] GC(1079)   Other: 1.3ms
[2022-04-23T00:01:43.172+0800][gc,heap      ] GC(1079) Eden regions: 48->0(47)
[2022-04-23T00:01:43.172+0800][gc,heap      ] GC(1079) Survivor regions: 5->4(7)
[2022-04-23T00:01:43.172+0800][gc,heap      ] GC(1079) Old regions: 75->75
[2022-04-23T00:01:43.172+0800][gc,heap      ] GC(1079) Archive regions: 2->2
[2022-04-23T00:01:43.172+0800][gc,heap      ] GC(1079) Humongous regions: 129->129
[2022-04-23T00:01:43.172+0800][gc,metaspace ] GC(1079) Metaspace: 43652K->43652K(1089536K)
[2022-04-23T00:01:43.172+0800][gc           ] GC(1079) Pause Young (Normal) (G1 Evacuation Pause) 255M->208M(1024M) 28.358ms
[2022-04-23T00:01:43.172+0800][gc,cpu       ] GC(1079) User=0.04s Sys=0.01s Real=0.03s
[2022-04-23T00:01:58.909+0800][gc,start     ] GC(1080) Pause Young (Normal) (G1 Evacuation Pause)
[2022-04-23T00:01:58.910+0800][gc,task      ] GC(1080) Using 8 workers of 8 for evacuation
[2022-04-23T00:01:58.931+0800][gc,mmu       ] GC(1080) MMU target violated: 21.0ms (20.0ms/21.0ms)
[2022-04-23T00:01:58.932+0800][gc,phases    ] GC(1080)   Pre Evacuate Collection Set: 0.2ms
[2022-04-23T00:01:58.932+0800][gc,phases    ] GC(1080)   Evacuate Collection Set: 18.2ms
[2022-04-23T00:01:58.932+0800][gc,phases    ] GC(1080)   Post Evacuate Collection Set: 1.9ms
[2022-04-23T00:01:58.932+0800][gc,phases    ] GC(1080)   Other: 2.6ms
[2022-04-23T00:01:58.932+0800][gc,heap      ] GC(1080) Eden regions: 47->0(47)
[2022-04-23T00:01:58.932+0800][gc,heap      ] GC(1080) Survivor regions: 4->4(7)
[2022-04-23T00:01:58.932+0800][gc,heap      ] GC(1080) Old regions: 75->75
[2022-04-23T00:01:58.932+0800][gc,heap      ] GC(1080) Archive regions: 2->2
[2022-04-23T00:01:58.932+0800][gc,heap      ] GC(1080) Humongous regions: 129->129
[2022-04-23T00:01:58.932+0800][gc,metaspace ] GC(1080) Metaspace: 43652K->43652K(1089536K)
[2022-04-23T00:01:58.932+0800][gc           ] GC(1080) Pause Young (Normal) (G1 Evacuation Pause) 255M->208M(1024M) 23.069ms
[2022-04-23T00:01:58.932+0800][gc,cpu       ] GC(1080) User=0.05s Sys=0.02s Real=0.03s
[2022-04-23T00:02:15.106+0800][gc,start     ] GC(1081) Pause Young (Normal) (G1 Evacuation Pause)
[2022-04-23T00:02:15.107+0800][gc,task      ] GC(1081) Using 8 workers of 8 for evacuation
[2022-04-23T00:02:15.125+0800][gc,phases    ] GC(1081)   Pre Evacuate Collection Set: 0.3ms
[2022-04-23T00:02:15.125+0800][gc,phases    ] GC(1081)   Evacuate Collection Set: 16.1ms
[2022-04-23T00:02:15.125+0800][gc,phases    ] GC(1081)   Post Evacuate Collection Set: 0.5ms
[2022-04-23T00:02:15.125+0800][gc,phases    ] GC(1081)   Other: 2.0ms
[2022-04-23T00:02:15.125+0800][gc,heap      ] GC(1081) Eden regions: 47->0(47)
[2022-04-23T00:02:15.125+0800][gc,heap      ] GC(1081) Survivor regions: 4->6(7)
[2022-04-23T00:02:15.125+0800][gc,heap      ] GC(1081) Old regions: 75->75
[2022-04-23T00:02:15.125+0800][gc,heap      ] GC(1081) Archive regions: 2->2
[2022-04-23T00:02:15.125+0800][gc,heap      ] GC(1081) Humongous regions: 129->129
[2022-04-23T00:02:15.125+0800][gc,metaspace ] GC(1081) Metaspace: 43652K->43652K(1089536K)
[2022-04-23T00:02:15.125+0800][gc           ] GC(1081) Pause Young (Normal) (G1 Evacuation Pause) 255M->209M(1024M) 19.184ms
[2022-04-23T00:02:15.125+0800][gc,cpu       ] GC(1081) User=0.06s Sys=0.00s Real=0.02s
[2022-04-23T00:02:36.762+0800][gc,start     ] GC(1082) Pause Young (Normal) (G1 Evacuation Pause)
[2022-04-23T00:02:36.763+0800][gc,task      ] GC(1082) Using 8 workers of 8 for evacuation
[2022-04-23T00:02:36.823+0800][gc,mmu       ] GC(1082) MMU target violated: 21.0ms (20.0ms/21.0ms)
[2022-04-23T00:02:36.823+0800][gc,phases    ] GC(1082)   Pre Evacuate Collection Set: 0.2ms
[2022-04-23T00:02:36.823+0800][gc,phases    ] GC(1082)   Evacuate Collection Set: 56.5ms
[2022-04-23T00:02:36.823+0800][gc,phases    ] GC(1082)   Post Evacuate Collection Set: 0.8ms
[2022-04-23T00:02:36.823+0800][gc,phases    ] GC(1082)   Other: 2.9ms
[2022-04-23T00:02:36.823+0800][gc,heap      ] GC(1082) Eden regions: 47->0(47)
[2022-04-23T00:02:36.823+0800][gc,heap      ] GC(1082) Survivor regions: 6->4(7)
[2022-04-23T00:02:36.823+0800][gc,heap      ] GC(1082) Old regions: 75->77
[2022-04-23T00:02:36.823+0800][gc,heap      ] GC(1082) Archive regions: 2->2
[2022-04-23T00:02:36.823+0800][gc,heap      ] GC(1082) Humongous regions: 129->129
[2022-04-23T00:02:36.823+0800][gc,metaspace ] GC(1082) Metaspace: 43652K->43652K(1089536K)
[2022-04-23T00:02:36.823+0800][gc           ] GC(1082) Pause Young (Normal) (G1 Evacuation Pause) 256M->210M(1024M) 60.510ms
[2022-04-23T00:02:36.823+0800][gc,cpu       ] GC(1082) User=0.05s Sys=0.04s Real=0.06s
[2022-04-23T00:02:52.543+0800][gc,start     ] GC(1083) Pause Young (Normal) (G1 Evacuation Pause)
[2022-04-23T00:02:52.545+0800][gc,task      ] GC(1083) Using 8 workers of 8 for evacuation
[2022-04-23T00:02:52.559+0800][gc,phases    ] GC(1083)   Pre Evacuate Collection Set: 0.2ms
[2022-04-23T00:02:52.559+0800][gc,phases    ] GC(1083)   Evacuate Collection Set: 12.3ms
[2022-04-23T00:02:52.559+0800][gc,phases    ] GC(1083)   Post Evacuate Collection Set: 0.6ms
[2022-04-23T00:02:52.559+0800][gc,phases    ] GC(1083)   Other: 2.6ms
[2022-04-23T00:02:52.559+0800][gc,heap      ] GC(1083) Eden regions: 47->0(47)
[2022-04-23T00:02:52.559+0800][gc,heap      ] GC(1083) Survivor regions: 4->4(7)
[2022-04-23T00:02:52.559+0800][gc,heap      ] GC(1083) Old regions: 77->77
[2022-04-23T00:02:52.559+0800][gc,heap      ] GC(1083) Archive regions: 2->2
[2022-04-23T00:02:52.559+0800][gc,heap      ] GC(1083) Humongous regions: 129->129
[2022-04-23T00:02:52.559+0800][gc,metaspace ] GC(1083) Metaspace: 43652K->43652K(1089536K)
[2022-04-23T00:02:52.559+0800][gc           ] GC(1083) Pause Young (Normal) (G1 Evacuation Pause) 257M->209M(1024M) 16.006ms
[2022-04-23T00:02:52.559+0800][gc,cpu       ] GC(1083) User=0.04s Sys=0.01s Real=0.01s
[2022-04-23T00:03:08.110+0800][gc,start     ] GC(1084) Pause Young (Normal) (G1 Evacuation Pause)
[2022-04-23T00:03:08.110+0800][gc,task      ] GC(1084) Using 8 workers of 8 for evacuation
[2022-04-23T00:03:08.132+0800][gc,mmu       ] GC(1084) MMU target violated: 21.0ms (20.0ms/21.0ms)
[2022-04-23T00:03:08.132+0800][gc,phases    ] GC(1084)   Pre Evacuate Collection Set: 0.3ms
[2022-04-23T00:03:08.132+0800][gc,phases    ] GC(1084)   Evacuate Collection Set: 18.9ms
[2022-04-23T00:03:08.132+0800][gc,phases    ] GC(1084)   Post Evacuate Collection Set: 1.9ms
[2022-04-23T00:03:08.133+0800][gc,phases    ] GC(1084)   Other: 1.8ms
[2022-04-23T00:03:08.133+0800][gc,heap      ] GC(1084) Eden regions: 47->0(47)
[2022-04-23T00:03:08.133+0800][gc,heap      ] GC(1084) Survivor regions: 4->4(7)
[2022-04-23T00:03:08.133+0800][gc,heap      ] GC(1084) Old regions: 77->77
[2022-04-23T00:03:08.133+0800][gc,heap      ] GC(1084) Archive regions: 2->2
[2022-04-23T00:03:08.133+0800][gc,heap      ] GC(1084) Humongous regions: 129->129
[2022-04-23T00:03:08.133+0800][gc,metaspace ] GC(1084) Metaspace: 43653K->43653K(1089536K)
[2022-04-23T00:03:08.133+0800][gc           ] GC(1084) Pause Young (Normal) (G1 Evacuation Pause) 256M->210M(1024M) 23.105ms
[2022-04-23T00:03:08.133+0800][gc,cpu       ] GC(1084) User=0.05s Sys=0.03s Real=0.02s
[2022-04-23T00:03:23.711+0800][gc,start     ] GC(1085) Pause Young (Normal) (G1 Evacuation Pause)
[2022-04-23T00:03:23.712+0800][gc,task      ] GC(1085) Using 8 workers of 8 for evacuation
[2022-04-23T00:03:23.735+0800][gc,mmu       ] GC(1085) MMU target violated: 21.0ms (20.0ms/21.0ms)
[2022-04-23T00:03:23.735+0800][gc,phases    ] GC(1085)   Pre Evacuate Collection Set: 0.2ms
[2022-04-23T00:03:23.735+0800][gc,phases    ] GC(1085)   Evacuate Collection Set: 20.1ms
[2022-04-23T00:03:23.735+0800][gc,phases    ] GC(1085)   Post Evacuate Collection Set: 0.8ms
[2022-04-23T00:03:23.735+0800][gc,phases    ] GC(1085)   Other: 2.6ms
[2022-04-23T00:03:23.735+0800][gc,heap      ] GC(1085) Eden regions: 47->0(47)
[2022-04-23T00:03:23.735+0800][gc,heap      ] GC(1085) Survivor regions: 4->4(7)
[2022-04-23T00:03:23.735+0800][gc,heap      ] GC(1085) Old regions: 77->78
[2022-04-23T00:03:23.735+0800][gc,heap      ] GC(1085) Archive regions: 2->2
[2022-04-23T00:03:23.735+0800][gc,heap      ] GC(1085) Humongous regions: 129->129
[2022-04-23T00:03:23.735+0800][gc,metaspace ] GC(1085) Metaspace: 43653K->43653K(1089536K)
[2022-04-23T00:03:23.735+0800][gc           ] GC(1085) Pause Young (Normal) (G1 Evacuation Pause) 257M->210M(1024M) 23.827ms
[2022-04-23T00:03:23.735+0800][gc,cpu       ] GC(1085) User=0.04s Sys=0.01s Real=0.02s
[2022-04-23T00:03:39.436+0800][gc,start     ] GC(1086) Pause Young (Normal) (G1 Evacuation Pause)
[2022-04-23T00:03:39.436+0800][gc,task      ] GC(1086) Using 8 workers of 8 for evacuation
[2022-04-23T00:03:39.453+0800][gc,phases    ] GC(1086)   Pre Evacuate Collection Set: 0.2ms
[2022-04-23T00:03:39.453+0800][gc,phases    ] GC(1086)   Evacuate Collection Set: 15.6ms
[2022-04-23T00:03:39.453+0800][gc,phases    ] GC(1086)   Post Evacuate Collection Set: 0.4ms
[2022-04-23T00:03:39.453+0800][gc,phases    ] GC(1086)   Other: 0.9ms
[2022-04-23T00:03:39.453+0800][gc,heap      ] GC(1086) Eden regions: 47->0(45)
[2022-04-23T00:03:39.453+0800][gc,heap      ] GC(1086) Survivor regions: 4->6(7)
[2022-04-23T00:03:39.453+0800][gc,heap      ] GC(1086) Old regions: 78->78
[2022-04-23T00:03:39.453+0800][gc,heap      ] GC(1086) Archive regions: 2->2
[2022-04-23T00:03:39.453+0800][gc,heap      ] GC(1086) Humongous regions: 129->129
[2022-04-23T00:03:39.453+0800][gc,metaspace ] GC(1086) Metaspace: 43653K->43653K(1089536K)
[2022-04-23T00:03:39.453+0800][gc           ] GC(1086) Pause Young (Normal) (G1 Evacuation Pause) 257M->212M(1024M) 17.158ms
[2022-04-23T00:03:39.453+0800][gc,cpu       ] GC(1086) User=0.05s Sys=0.00s Real=0.02s
[2022-04-23T00:03:54.261+0800][gc,start     ] GC(1087) Pause Young (Normal) (G1 Evacuation Pause)
[2022-04-23T00:03:54.262+0800][gc,task      ] GC(1087) Using 8 workers of 8 for evacuation
[2022-04-23T00:03:54.316+0800][gc,mmu       ] GC(1087) MMU target violated: 21.0ms (20.0ms/21.0ms)
[2022-04-23T00:03:54.316+0800][gc,phases    ] GC(1087)   Pre Evacuate Collection Set: 0.3ms
[2022-04-23T00:03:54.316+0800][gc,phases    ] GC(1087)   Evacuate Collection Set: 52.0ms
[2022-04-23T00:03:54.316+0800][gc,phases    ] GC(1087)   Post Evacuate Collection Set: 1.0ms
[2022-04-23T00:03:54.316+0800][gc,phases    ] GC(1087)   Other: 2.6ms
[2022-04-23T00:03:54.316+0800][gc,heap      ] GC(1087) Eden regions: 45->0(47)
[2022-04-23T00:03:54.316+0800][gc,heap      ] GC(1087) Survivor regions: 6->4(7)
[2022-04-23T00:03:54.316+0800][gc,heap      ] GC(1087) Old regions: 78->80
[2022-04-23T00:03:54.316+0800][gc,heap      ] GC(1087) Archive regions: 2->2
[2022-04-23T00:03:54.316+0800][gc,heap      ] GC(1087) Humongous regions: 129->129
[2022-04-23T00:03:54.316+0800][gc,metaspace ] GC(1087) Metaspace: 43653K->43653K(1089536K)
[2022-04-23T00:03:54.316+0800][gc           ] GC(1087) Pause Young (Normal) (G1 Evacuation Pause) 257M->212M(1024M) 55.851ms
[2022-04-23T00:03:54.316+0800][gc,cpu       ] GC(1087) User=0.05s Sys=0.06s Real=0.05s
[2022-04-23T00:04:09.889+0800][gc,start     ] GC(1088) Pause Young (Normal) (G1 Evacuation Pause)
[2022-04-23T00:04:09.890+0800][gc,task      ] GC(1088) Using 8 workers of 8 for evacuation
[2022-04-23T00:04:09.902+0800][gc,phases    ] GC(1088)   Pre Evacuate Collection Set: 0.1ms
[2022-04-23T00:04:09.903+0800][gc,phases    ] GC(1088)   Evacuate Collection Set: 11.2ms
[2022-04-23T00:04:09.903+0800][gc,phases    ] GC(1088)   Post Evacuate Collection Set: 0.6ms
[2022-04-23T00:04:09.903+0800][gc,phases    ] GC(1088)   Other: 1.5ms
[2022-04-23T00:04:09.903+0800][gc,heap      ] GC(1088) Eden regions: 47->0(47)
[2022-04-23T00:04:09.903+0800][gc,heap      ] GC(1088) Survivor regions: 4->4(7)
[2022-04-23T00:04:09.903+0800][gc,heap      ] GC(1088) Old regions: 80->80
[2022-04-23T00:04:09.903+0800][gc,heap      ] GC(1088) Archive regions: 2->2
[2022-04-23T00:04:09.903+0800][gc,heap      ] GC(1088) Humongous regions: 129->129
[2022-04-23T00:04:09.903+0800][gc,metaspace ] GC(1088) Metaspace: 43653K->43653K(1089536K)
[2022-04-23T00:04:09.903+0800][gc           ] GC(1088) Pause Young (Normal) (G1 Evacuation Pause) 259M->212M(1024M) 13.712ms
[2022-04-23T00:04:09.903+0800][gc,cpu       ] GC(1088) User=0.04s Sys=0.00s Real=0.02s
[2022-04-23T00:04:27.030+0800][gc,start     ] GC(1089) Pause Young (Normal) (G1 Evacuation Pause)
[2022-04-23T00:04:27.030+0800][gc,task      ] GC(1089) Using 8 workers of 8 for evacuation
[2022-04-23T00:04:27.044+0800][gc,phases    ] GC(1089)   Pre Evacuate Collection Set: 0.2ms
[2022-04-23T00:04:27.044+0800][gc,phases    ] GC(1089)   Evacuate Collection Set: 12.0ms
[2022-04-23T00:04:27.044+0800][gc,phases    ] GC(1089)   Post Evacuate Collection Set: 0.9ms
[2022-04-23T00:04:27.044+0800][gc,phases    ] GC(1089)   Other: 1.1ms
[2022-04-23T00:04:27.044+0800][gc,heap      ] GC(1089) Eden regions: 47->0(47)
[2022-04-23T00:04:27.044+0800][gc,heap      ] GC(1089) Survivor regions: 4->4(7)
[2022-04-23T00:04:27.044+0800][gc,heap      ] GC(1089) Old regions: 80->80
[2022-04-23T00:04:27.044+0800][gc,heap      ] GC(1089) Archive regions: 2->2
[2022-04-23T00:04:27.044+0800][gc,heap      ] GC(1089) Humongous regions: 129->129
[2022-04-23T00:04:27.044+0800][gc,metaspace ] GC(1089) Metaspace: 43653K->43653K(1089536K)
[2022-04-23T00:04:27.044+0800][gc           ] GC(1089) Pause Young (Normal) (G1 Evacuation Pause) 259M->212M(1024M) 14.319ms
[2022-04-23T00:04:27.044+0800][gc,cpu       ] GC(1089) User=0.04s Sys=0.00s Real=0.01s
[2022-04-23T00:04:42.879+0800][gc,start     ] GC(1090) Pause Young (Normal) (G1 Evacuation Pause)
[2022-04-23T00:04:42.879+0800][gc,task      ] GC(1090) Using 8 workers of 8 for evacuation
[2022-04-23T00:04:42.900+0800][gc,mmu       ] GC(1090) MMU target violated: 20.1ms (20.0ms/21.0ms)
[2022-04-23T00:04:42.900+0800][gc,phases    ] GC(1090)   Pre Evacuate Collection Set: 0.3ms
[2022-04-23T00:04:42.900+0800][gc,phases    ] GC(1090)   Evacuate Collection Set: 18.4ms
[2022-04-23T00:04:42.900+0800][gc,phases    ] GC(1090)   Post Evacuate Collection Set: 0.4ms
[2022-04-23T00:04:42.900+0800][gc,phases    ] GC(1090)   Other: 1.8ms
[2022-04-23T00:04:42.900+0800][gc,heap      ] GC(1090) Eden regions: 47->0(47)
[2022-04-23T00:04:42.900+0800][gc,heap      ] GC(1090) Survivor regions: 4->4(7)
[2022-04-23T00:04:42.900+0800][gc,heap      ] GC(1090) Old regions: 80->80
[2022-04-23T00:04:42.900+0800][gc,heap      ] GC(1090) Archive regions: 2->2
[2022-04-23T00:04:42.900+0800][gc,heap      ] GC(1090) Humongous regions: 129->129
[2022-04-23T00:04:42.900+0800][gc,metaspace ] GC(1090) Metaspace: 43653K->43653K(1089536K)
[2022-04-23T00:04:42.900+0800][gc           ] GC(1090) Pause Young (Normal) (G1 Evacuation Pause) 259M->212M(1024M) 21.028ms
[2022-04-23T00:04:42.900+0800][gc,cpu       ] GC(1090) User=0.04s Sys=0.01s Real=0.03s
[2022-04-23T00:04:58.767+0800][gc,start     ] GC(1091) Pause Young (Normal) (G1 Evacuation Pause)
[2022-04-23T00:04:58.768+0800][gc,task      ] GC(1091) Using 8 workers of 8 for evacuation
[2022-04-23T00:04:58.785+0800][gc,phases    ] GC(1091)   Pre Evacuate Collection Set: 0.5ms
[2022-04-23T00:04:58.785+0800][gc,phases    ] GC(1091)   Evacuate Collection Set: 15.5ms
[2022-04-23T00:04:58.785+0800][gc,phases    ] GC(1091)   Post Evacuate Collection Set: 0.7ms
[2022-04-23T00:04:58.785+0800][gc,phases    ] GC(1091)   Other: 1.5ms
[2022-04-23T00:04:58.785+0800][gc,heap      ] GC(1091) Eden regions: 47->0(47)
[2022-04-23T00:04:58.785+0800][gc,heap      ] GC(1091) Survivor regions: 4->4(7)
[2022-04-23T00:04:58.785+0800][gc,heap      ] GC(1091) Old regions: 80->80
[2022-04-23T00:04:58.785+0800][gc,heap      ] GC(1091) Archive regions: 2->2
[2022-04-23T00:04:58.785+0800][gc,heap      ] GC(1091) Humongous regions: 129->129
[2022-04-23T00:04:58.785+0800][gc,metaspace ] GC(1091) Metaspace: 43653K->43653K(1089536K)
[2022-04-23T00:04:58.785+0800][gc           ] GC(1091) Pause Young (Normal) (G1 Evacuation Pause) 259M->213M(1024M) 18.359ms
[2022-04-23T00:04:58.785+0800][gc,cpu       ] GC(1091) User=0.05s Sys=0.01s Real=0.02s
[2022-04-23T00:05:14.383+0800][gc,start     ] GC(1092) Pause Young (Normal) (G1 Evacuation Pause)
[2022-04-23T00:05:14.383+0800][gc,task      ] GC(1092) Using 8 workers of 8 for evacuation
[2022-04-23T00:05:14.404+0800][gc,mmu       ] GC(1092) MMU target violated: 21.0ms (20.0ms/21.0ms)
[2022-04-23T00:05:14.405+0800][gc,phases    ] GC(1092)   Pre Evacuate Collection Set: 0.4ms
[2022-04-23T00:05:14.405+0800][gc,phases    ] GC(1092)   Evacuate Collection Set: 18.8ms
[2022-04-23T00:05:14.405+0800][gc,phases    ] GC(1092)   Post Evacuate Collection Set: 0.7ms
[2022-04-23T00:05:14.405+0800][gc,phases    ] GC(1092)   Other: 2.3ms
[2022-04-23T00:05:14.405+0800][gc,heap      ] GC(1092) Eden regions: 47->0(47)
[2022-04-23T00:05:14.405+0800][gc,heap      ] GC(1092) Survivor regions: 4->4(7)
[2022-04-23T00:05:14.405+0800][gc,heap      ] GC(1092) Old regions: 80->80
[2022-04-23T00:05:14.405+0800][gc,heap      ] GC(1092) Archive regions: 2->2
[2022-04-23T00:05:14.405+0800][gc,heap      ] GC(1092) Humongous regions: 129->129
[2022-04-23T00:05:14.405+0800][gc,metaspace ] GC(1092) Metaspace: 43653K->43653K(1089536K)
[2022-04-23T00:05:14.405+0800][gc           ] GC(1092) Pause Young (Normal) (G1 Evacuation Pause) 260M->213M(1024M) 22.495ms
[2022-04-23T00:05:14.405+0800][gc,cpu       ] GC(1092) User=0.05s Sys=0.01s Real=0.02s
[2022-04-23T00:05:30.295+0800][gc,start     ] GC(1093) Pause Young (Normal) (G1 Evacuation Pause)
[2022-04-23T00:05:30.296+0800][gc,task      ] GC(1093) Using 8 workers of 8 for evacuation
[2022-04-23T00:05:30.317+0800][gc,mmu       ] GC(1093) MMU target violated: 21.0ms (20.0ms/21.0ms)
[2022-04-23T00:05:30.317+0800][gc,phases    ] GC(1093)   Pre Evacuate Collection Set: 0.2ms
[2022-04-23T00:05:30.317+0800][gc,phases    ] GC(1093)   Evacuate Collection Set: 19.9ms
[2022-04-23T00:05:30.317+0800][gc,phases    ] GC(1093)   Post Evacuate Collection Set: 0.7ms
[2022-04-23T00:05:30.317+0800][gc,phases    ] GC(1093)   Other: 1.3ms
[2022-04-23T00:05:30.317+0800][gc,heap      ] GC(1093) Eden regions: 47->0(47)
[2022-04-23T00:05:30.317+0800][gc,heap      ] GC(1093) Survivor regions: 4->6(7)
[2022-04-23T00:05:30.317+0800][gc,heap      ] GC(1093) Old regions: 80->80
[2022-04-23T00:05:30.317+0800][gc,heap      ] GC(1093) Archive regions: 2->2
[2022-04-23T00:05:30.317+0800][gc,heap      ] GC(1093) Humongous regions: 129->129
[2022-04-23T00:05:30.317+0800][gc,metaspace ] GC(1093) Metaspace: 43653K->43653K(1089536K)
[2022-04-23T00:05:30.317+0800][gc           ] GC(1093) Pause Young (Normal) (G1 Evacuation Pause) 260M->215M(1024M) 22.256ms
[2022-04-23T00:05:30.317+0800][gc,cpu       ] GC(1093) User=0.04s Sys=0.01s Real=0.02s
[2022-04-23T00:05:46.136+0800][gc,start     ] GC(1094) Pause Young (Normal) (G1 Evacuation Pause)
[2022-04-23T00:05:46.137+0800][gc,task      ] GC(1094) Using 8 workers of 8 for evacuation
[2022-04-23T00:05:46.177+0800][gc,mmu       ] GC(1094) MMU target violated: 21.0ms (20.0ms/21.0ms)
[2022-04-23T00:05:46.177+0800][gc,phases    ] GC(1094)   Pre Evacuate Collection Set: 0.2ms
[2022-04-23T00:05:46.177+0800][gc,phases    ] GC(1094)   Evacuate Collection Set: 38.6ms
[2022-04-23T00:05:46.177+0800][gc,phases    ] GC(1094)   Post Evacuate Collection Set: 0.6ms
[2022-04-23T00:05:46.177+0800][gc,phases    ] GC(1094)   Other: 1.3ms
[2022-04-23T00:05:46.177+0800][gc,heap      ] GC(1094) Eden regions: 47->0(47)
[2022-04-23T00:05:46.177+0800][gc,heap      ] GC(1094) Survivor regions: 6->4(7)
[2022-04-23T00:05:46.177+0800][gc,heap      ] GC(1094) Old regions: 80->82
[2022-04-23T00:05:46.177+0800][gc,heap      ] GC(1094) Archive regions: 2->2
[2022-04-23T00:05:46.177+0800][gc,heap      ] GC(1094) Humongous regions: 129->129
[2022-04-23T00:05:46.177+0800][gc,metaspace ] GC(1094) Metaspace: 43653K->43653K(1089536K)
[2022-04-23T00:05:46.177+0800][gc           ] GC(1094) Pause Young (Normal) (G1 Evacuation Pause) 262M->215M(1024M) 40.873ms
[2022-04-23T00:05:46.177+0800][gc,cpu       ] GC(1094) User=0.04s Sys=0.03s Real=0.04s
[2022-04-23T00:06:01.871+0800][gc,start     ] GC(1095) Pause Young (Normal) (G1 Evacuation Pause)
[2022-04-23T00:06:01.871+0800][gc,task      ] GC(1095) Using 8 workers of 8 for evacuation
[2022-04-23T00:06:01.886+0800][gc,phases    ] GC(1095)   Pre Evacuate Collection Set: 0.2ms
[2022-04-23T00:06:01.886+0800][gc,phases    ] GC(1095)   Evacuate Collection Set: 12.9ms
[2022-04-23T00:06:01.886+0800][gc,phases    ] GC(1095)   Post Evacuate Collection Set: 1.5ms
[2022-04-23T00:06:01.887+0800][gc,phases    ] GC(1095)   Other: 0.9ms
[2022-04-23T00:06:01.887+0800][gc,heap      ] GC(1095) Eden regions: 47->0(47)
[2022-04-23T00:06:01.887+0800][gc,heap      ] GC(1095) Survivor regions: 4->4(7)
[2022-04-23T00:06:01.887+0800][gc,heap      ] GC(1095) Old regions: 82->83
[2022-04-23T00:06:01.887+0800][gc,heap      ] GC(1095) Archive regions: 2->2
[2022-04-23T00:06:01.887+0800][gc,heap      ] GC(1095) Humongous regions: 129->129
[2022-04-23T00:06:01.887+0800][gc,metaspace ] GC(1095) Metaspace: 43653K->43653K(1089536K)
[2022-04-23T00:06:01.887+0800][gc           ] GC(1095) Pause Young (Normal) (G1 Evacuation Pause) 262M->215M(1024M) 15.772ms
[2022-04-23T00:06:01.887+0800][gc,cpu       ] GC(1095) User=0.05s Sys=0.01s Real=0.01s
[2022-04-23T00:06:17.646+0800][gc,start     ] GC(1096) Pause Young (Normal) (G1 Evacuation Pause)
[2022-04-23T00:06:17.647+0800][gc,task      ] GC(1096) Using 8 workers of 8 for evacuation
[2022-04-23T00:06:17.661+0800][gc,phases    ] GC(1096)   Pre Evacuate Collection Set: 0.3ms
[2022-04-23T00:06:17.661+0800][gc,phases    ] GC(1096)   Evacuate Collection Set: 12.8ms
[2022-04-23T00:06:17.661+0800][gc,phases    ] GC(1096)   Post Evacuate Collection Set: 0.5ms
[2022-04-23T00:06:17.661+0800][gc,phases    ] GC(1096)   Other: 1.9ms
[2022-04-23T00:06:17.661+0800][gc,heap      ] GC(1096) Eden regions: 47->0(47)
[2022-04-23T00:06:17.661+0800][gc,heap      ] GC(1096) Survivor regions: 4->5(7)
[2022-04-23T00:06:17.661+0800][gc,heap      ] GC(1096) Old regions: 83->83
[2022-04-23T00:06:17.661+0800][gc,heap      ] GC(1096) Archive regions: 2->2
[2022-04-23T00:06:17.661+0800][gc,heap      ] GC(1096) Humongous regions: 129->129
[2022-04-23T00:06:17.661+0800][gc,metaspace ] GC(1096) Metaspace: 43653K->43653K(1089536K)
[2022-04-23T00:06:17.662+0800][gc           ] GC(1096) Pause Young (Normal) (G1 Evacuation Pause) 262M->215M(1024M) 15.614ms
[2022-04-23T00:06:17.662+0800][gc,cpu       ] GC(1096) User=0.04s Sys=0.00s Real=0.02s
[2022-04-23T00:06:35.485+0800][gc,start     ] GC(1097) Pause Young (Normal) (G1 Evacuation Pause)
[2022-04-23T00:06:35.485+0800][gc,task      ] GC(1097) Using 8 workers of 8 for evacuation
[2022-04-23T00:06:35.526+0800][gc,mmu       ] GC(1097) MMU target violated: 21.0ms (20.0ms/21.0ms)
[2022-04-23T00:06:35.526+0800][gc,phases    ] GC(1097)   Pre Evacuate Collection Set: 0.4ms
[2022-04-23T00:06:35.526+0800][gc,phases    ] GC(1097)   Evacuate Collection Set: 32.8ms
[2022-04-23T00:06:35.526+0800][gc,phases    ] GC(1097)   Post Evacuate Collection Set: 6.4ms
[2022-04-23T00:06:35.526+0800][gc,phases    ] GC(1097)   Other: 2.2ms
[2022-04-23T00:06:35.526+0800][gc,heap      ] GC(1097) Eden regions: 46->0(47)
[2022-04-23T00:06:35.526+0800][gc,heap      ] GC(1097) Survivor regions: 5->4(7)
[2022-04-23T00:06:35.526+0800][gc,heap      ] GC(1097) Old regions: 83->83
[2022-04-23T00:06:35.526+0800][gc,heap      ] GC(1097) Archive regions: 2->2
[2022-04-23T00:06:35.526+0800][gc,heap      ] GC(1097) Humongous regions: 129->129
[2022-04-23T00:06:35.526+0800][gc,metaspace ] GC(1097) Metaspace: 43653K->43653K(1089536K)
[2022-04-23T00:06:35.527+0800][gc           ] GC(1097) Pause Young (Normal) (G1 Evacuation Pause) 261M->215M(1024M) 41.991ms
[2022-04-23T00:06:35.527+0800][gc,cpu       ] GC(1097) User=0.05s Sys=0.04s Real=0.04s
[2022-04-23T00:06:51.174+0800][gc,start     ] GC(1098) Pause Young (Normal) (G1 Evacuation Pause)
[2022-04-23T00:06:51.175+0800][gc,task      ] GC(1098) Using 8 workers of 8 for evacuation
[2022-04-23T00:06:51.189+0800][gc,phases    ] GC(1098)   Pre Evacuate Collection Set: 0.2ms
[2022-04-23T00:06:51.189+0800][gc,phases    ] GC(1098)   Evacuate Collection Set: 13.5ms
[2022-04-23T00:06:51.189+0800][gc,phases    ] GC(1098)   Post Evacuate Collection Set: 0.3ms
[2022-04-23T00:06:51.189+0800][gc,phases    ] GC(1098)   Other: 1.4ms
[2022-04-23T00:06:51.189+0800][gc,heap      ] GC(1098) Eden regions: 47->0(45)
[2022-04-23T00:06:51.189+0800][gc,heap      ] GC(1098) Survivor regions: 4->6(7)
[2022-04-23T00:06:51.189+0800][gc,heap      ] GC(1098) Old regions: 83->83
[2022-04-23T00:06:51.189+0800][gc,heap      ] GC(1098) Archive regions: 2->2
[2022-04-23T00:06:51.189+0800][gc,heap      ] GC(1098) Humongous regions: 129->129
[2022-04-23T00:06:51.189+0800][gc,metaspace ] GC(1098) Metaspace: 43653K->43653K(1089536K)
[2022-04-23T00:06:51.189+0800][gc           ] GC(1098) Pause Young (Normal) (G1 Evacuation Pause) 262M->217M(1024M) 15.554ms
[2022-04-23T00:06:51.189+0800][gc,cpu       ] GC(1098) User=0.04s Sys=0.01s Real=0.01s
[2022-04-23T00:07:06.223+0800][gc,start     ] GC(1099) Pause Young (Normal) (G1 Evacuation Pause)
[2022-04-23T00:07:06.224+0800][gc,task      ] GC(1099) Using 8 workers of 8 for evacuation
[2022-04-23T00:07:06.266+0800][gc,mmu       ] GC(1099) MMU target violated: 21.0ms (20.0ms/21.0ms)
[2022-04-23T00:07:06.266+0800][gc,phases    ] GC(1099)   Pre Evacuate Collection Set: 0.2ms
[2022-04-23T00:07:06.266+0800][gc,phases    ] GC(1099)   Evacuate Collection Set: 40.6ms
[2022-04-23T00:07:06.266+0800][gc,phases    ] GC(1099)   Post Evacuate Collection Set: 0.9ms
[2022-04-23T00:07:06.266+0800][gc,phases    ] GC(1099)   Other: 1.0ms
[2022-04-23T00:07:06.266+0800][gc,heap      ] GC(1099) Eden regions: 45->0(47)
[2022-04-23T00:07:06.266+0800][gc,heap      ] GC(1099) Survivor regions: 6->4(7)
[2022-04-23T00:07:06.266+0800][gc,heap      ] GC(1099) Old regions: 83->85
[2022-04-23T00:07:06.266+0800][gc,heap      ] GC(1099) Archive regions: 2->2
[2022-04-23T00:07:06.266+0800][gc,heap      ] GC(1099) Humongous regions: 129->129
[2022-04-23T00:07:06.266+0800][gc,metaspace ] GC(1099) Metaspace: 43653K->43653K(1089536K)
[2022-04-23T00:07:06.266+0800][gc           ] GC(1099) Pause Young (Normal) (G1 Evacuation Pause) 262M->217M(1024M) 42.689ms
[2022-04-23T00:07:06.266+0800][gc,cpu       ] GC(1099) User=0.04s Sys=0.02s Real=0.04s
[2022-04-23T00:07:21.789+0800][gc,start     ] GC(1100) Pause Young (Normal) (G1 Evacuation Pause)
[2022-04-23T00:07:21.790+0800][gc,task      ] GC(1100) Using 8 workers of 8 for evacuation
[2022-04-23T00:07:21.804+0800][gc,phases    ] GC(1100)   Pre Evacuate Collection Set: 0.2ms
[2022-04-23T00:07:21.804+0800][gc,phases    ] GC(1100)   Evacuate Collection Set: 13.5ms
[2022-04-23T00:07:21.804+0800][gc,phases    ] GC(1100)   Post Evacuate Collection Set: 0.3ms
[2022-04-23T00:07:21.804+0800][gc,phases    ] GC(1100)   Other: 1.6ms
[2022-04-23T00:07:21.804+0800][gc,heap      ] GC(1100) Eden regions: 47->0(47)
[2022-04-23T00:07:21.804+0800][gc,heap      ] GC(1100) Survivor regions: 4->4(7)
[2022-04-23T00:07:21.804+0800][gc,heap      ] GC(1100) Old regions: 85->85
[2022-04-23T00:07:21.804+0800][gc,heap      ] GC(1100) Archive regions: 2->2
[2022-04-23T00:07:21.804+0800][gc,heap      ] GC(1100) Humongous regions: 129->129
[2022-04-23T00:07:21.804+0800][gc,metaspace ] GC(1100) Metaspace: 43653K->43653K(1089536K)
[2022-04-23T00:07:21.804+0800][gc           ] GC(1100) Pause Young (Normal) (G1 Evacuation Pause) 264M->217M(1024M) 15.711ms
[2022-04-23T00:07:21.804+0800][gc,cpu       ] GC(1100) User=0.04s Sys=0.00s Real=0.02s
[2022-04-23T00:07:40.976+0800][gc,start     ] GC(1101) Pause Young (Normal) (G1 Evacuation Pause)
[2022-04-23T00:07:40.988+0800][gc,task      ] GC(1101) Using 8 workers of 8 for evacuation
[2022-04-23T00:07:41.009+0800][gc,mmu       ] GC(1101) MMU target violated: 20.8ms (20.0ms/21.0ms)
[2022-04-23T00:07:41.009+0800][gc,phases    ] GC(1101)   Pre Evacuate Collection Set: 0.3ms
[2022-04-23T00:07:41.009+0800][gc,phases    ] GC(1101)   Evacuate Collection Set: 18.3ms
[2022-04-23T00:07:41.009+0800][gc,phases    ] GC(1101)   Post Evacuate Collection Set: 1.2ms
[2022-04-23T00:07:41.009+0800][gc,phases    ] GC(1101)   Other: 13.4ms
[2022-04-23T00:07:41.009+0800][gc,heap      ] GC(1101) Eden regions: 47->0(47)
[2022-04-23T00:07:41.009+0800][gc,heap      ] GC(1101) Survivor regions: 4->4(7)
[2022-04-23T00:07:41.009+0800][gc,heap      ] GC(1101) Old regions: 85->85
[2022-04-23T00:07:41.009+0800][gc,heap      ] GC(1101) Archive regions: 2->2
[2022-04-23T00:07:41.009+0800][gc,heap      ] GC(1101) Humongous regions: 129->129
[2022-04-23T00:07:41.009+0800][gc,metaspace ] GC(1101) Metaspace: 43653K->43653K(1089536K)
[2022-04-23T00:07:41.009+0800][gc           ] GC(1101) Pause Young (Normal) (G1 Evacuation Pause) 264M->217M(1024M) 33.324ms
[2022-04-23T00:07:41.009+0800][gc,cpu       ] GC(1101) User=0.04s Sys=0.03s Real=0.03s
[2022-04-23T00:07:58.169+0800][gc,start     ] GC(1102) Pause Young (Normal) (G1 Evacuation Pause)
[2022-04-23T00:07:58.170+0800][gc,task      ] GC(1102) Using 8 workers of 8 for evacuation
[2022-04-23T00:07:58.185+0800][gc,phases    ] GC(1102)   Pre Evacuate Collection Set: 0.2ms
[2022-04-23T00:07:58.185+0800][gc,phases    ] GC(1102)   Evacuate Collection Set: 13.8ms
[2022-04-23T00:07:58.185+0800][gc,phases    ] GC(1102)   Post Evacuate Collection Set: 0.6ms
[2022-04-23T00:07:58.185+0800][gc,phases    ] GC(1102)   Other: 1.7ms
[2022-04-23T00:07:58.185+0800][gc,heap      ] GC(1102) Eden regions: 47->0(47)
[2022-04-23T00:07:58.185+0800][gc,heap      ] GC(1102) Survivor regions: 4->4(7)
[2022-04-23T00:07:58.185+0800][gc,heap      ] GC(1102) Old regions: 85->85
[2022-04-23T00:07:58.185+0800][gc,heap      ] GC(1102) Archive regions: 2->2
[2022-04-23T00:07:58.185+0800][gc,heap      ] GC(1102) Humongous regions: 129->129
[2022-04-23T00:07:58.185+0800][gc,metaspace ] GC(1102) Metaspace: 43653K->43653K(1089536K)
[2022-04-23T00:07:58.185+0800][gc           ] GC(1102) Pause Young (Normal) (G1 Evacuation Pause) 264M->217M(1024M) 16.491ms
[2022-04-23T00:07:58.186+0800][gc,cpu       ] GC(1102) User=0.04s Sys=0.01s Real=0.02s
[2022-04-23T00:08:17.196+0800][gc,start     ] GC(1103) Pause Young (Normal) (G1 Evacuation Pause)
[2022-04-23T00:08:17.198+0800][gc,task      ] GC(1103) Using 8 workers of 8 for evacuation
[2022-04-23T00:08:17.216+0800][gc,phases    ] GC(1103)   Pre Evacuate Collection Set: 0.4ms
[2022-04-23T00:08:17.216+0800][gc,phases    ] GC(1103)   Evacuate Collection Set: 16.7ms
[2022-04-23T00:08:17.216+0800][gc,phases    ] GC(1103)   Post Evacuate Collection Set: 0.4ms
[2022-04-23T00:08:17.216+0800][gc,phases    ] GC(1103)   Other: 2.6ms
[2022-04-23T00:08:17.216+0800][gc,heap      ] GC(1103) Eden regions: 47->0(47)
[2022-04-23T00:08:17.216+0800][gc,heap      ] GC(1103) Survivor regions: 4->6(7)
[2022-04-23T00:08:17.216+0800][gc,heap      ] GC(1103) Old regions: 85->85
[2022-04-23T00:08:17.216+0800][gc,heap      ] GC(1103) Archive regions: 2->2
[2022-04-23T00:08:17.216+0800][gc,heap      ] GC(1103) Humongous regions: 129->129
[2022-04-23T00:08:17.216+0800][gc,metaspace ] GC(1103) Metaspace: 43653K->43653K(1089536K)
[2022-04-23T00:08:17.217+0800][gc           ] GC(1103) Pause Young (Normal) (G1 Evacuation Pause) 264M->219M(1024M) 20.250ms
[2022-04-23T00:08:17.217+0800][gc,cpu       ] GC(1103) User=0.05s Sys=0.01s Real=0.02s
[2022-04-23T00:08:32.700+0800][gc,start     ] GC(1104) Pause Young (Normal) (G1 Evacuation Pause)
[2022-04-23T00:08:32.700+0800][gc,task      ] GC(1104) Using 8 workers of 8 for evacuation
[2022-04-23T00:08:32.754+0800][gc,mmu       ] GC(1104) MMU target violated: 21.0ms (20.0ms/21.0ms)
[2022-04-23T00:08:32.754+0800][gc,phases    ] GC(1104)   Pre Evacuate Collection Set: 0.1ms
[2022-04-23T00:08:32.754+0800][gc,phases    ] GC(1104)   Evacuate Collection Set: 48.4ms
[2022-04-23T00:08:32.754+0800][gc,phases    ] GC(1104)   Post Evacuate Collection Set: 4.9ms
[2022-04-23T00:08:32.754+0800][gc,phases    ] GC(1104)   Other: 0.8ms
[2022-04-23T00:08:32.754+0800][gc,heap      ] GC(1104) Eden regions: 45->0(47)
[2022-04-23T00:08:32.754+0800][gc,heap      ] GC(1104) Survivor regions: 6->4(7)
[2022-04-23T00:08:32.754+0800][gc,heap      ] GC(1104) Old regions: 85->87
[2022-04-23T00:08:32.754+0800][gc,heap      ] GC(1104) Archive regions: 2->2
[2022-04-23T00:08:32.754+0800][gc,heap      ] GC(1104) Humongous regions: 129->129
[2022-04-23T00:08:32.754+0800][gc,metaspace ] GC(1104) Metaspace: 43653K->43653K(1089536K)
[2022-04-23T00:08:32.754+0800][gc           ] GC(1104) Pause Young (Normal) (G1 Evacuation Pause) 264M->219M(1024M) 54.272ms
[2022-04-23T00:08:32.754+0800][gc,cpu       ] GC(1104) User=0.03s Sys=0.02s Real=0.05s
[2022-04-23T00:08:48.368+0800][gc,start     ] GC(1105) Pause Young (Normal) (G1 Evacuation Pause)
[2022-04-23T00:08:48.369+0800][gc,task      ] GC(1105) Using 8 workers of 8 for evacuation
[2022-04-23T00:08:48.384+0800][gc,phases    ] GC(1105)   Pre Evacuate Collection Set: 0.2ms
[2022-04-23T00:08:48.384+0800][gc,phases    ] GC(1105)   Evacuate Collection Set: 13.3ms
[2022-04-23T00:08:48.384+0800][gc,phases    ] GC(1105)   Post Evacuate Collection Set: 0.8ms
[2022-04-23T00:08:48.384+0800][gc,phases    ] GC(1105)   Other: 1.6ms
[2022-04-23T00:08:48.384+0800][gc,heap      ] GC(1105) Eden regions: 47->0(47)
[2022-04-23T00:08:48.384+0800][gc,heap      ] GC(1105) Survivor regions: 4->4(7)
[2022-04-23T00:08:48.384+0800][gc,heap      ] GC(1105) Old regions: 87->87
[2022-04-23T00:08:48.384+0800][gc,heap      ] GC(1105) Archive regions: 2->2
[2022-04-23T00:08:48.384+0800][gc,heap      ] GC(1105) Humongous regions: 129->129
[2022-04-23T00:08:48.384+0800][gc,metaspace ] GC(1105) Metaspace: 43653K->43653K(1089536K)
[2022-04-23T00:08:48.384+0800][gc           ] GC(1105) Pause Young (Normal) (G1 Evacuation Pause) 266M->219M(1024M) 16.026ms
[2022-04-23T00:08:48.384+0800][gc,cpu       ] GC(1105) User=0.03s Sys=0.02s Real=0.02s
[2022-04-23T00:09:04.296+0800][gc,start     ] GC(1106) Pause Young (Normal) (G1 Evacuation Pause)
[2022-04-23T00:09:04.297+0800][gc,task      ] GC(1106) Using 8 workers of 8 for evacuation
[2022-04-23T00:09:04.313+0800][gc,phases    ] GC(1106)   Pre Evacuate Collection Set: 0.3ms
[2022-04-23T00:09:04.313+0800][gc,phases    ] GC(1106)   Evacuate Collection Set: 15.0ms
[2022-04-23T00:09:04.313+0800][gc,phases    ] GC(1106)   Post Evacuate Collection Set: 0.5ms
[2022-04-23T00:09:04.313+0800][gc,phases    ] GC(1106)   Other: 1.2ms
[2022-04-23T00:09:04.313+0800][gc,heap      ] GC(1106) Eden regions: 47->0(46)
[2022-04-23T00:09:04.313+0800][gc,heap      ] GC(1106) Survivor regions: 4->5(7)
[2022-04-23T00:09:04.313+0800][gc,heap      ] GC(1106) Old regions: 87->87
[2022-04-23T00:09:04.313+0800][gc,heap      ] GC(1106) Archive regions: 2->2
[2022-04-23T00:09:04.313+0800][gc,heap      ] GC(1106) Humongous regions: 129->129
[2022-04-23T00:09:04.313+0800][gc,metaspace ] GC(1106) Metaspace: 43653K->43653K(1089536K)
[2022-04-23T00:09:04.313+0800][gc           ] GC(1106) Pause Young (Normal) (G1 Evacuation Pause) 266M->220M(1024M) 17.115ms
[2022-04-23T00:09:04.313+0800][gc,cpu       ] GC(1106) User=0.04s Sys=0.01s Real=0.02s
[2022-04-23T00:09:19.647+0800][gc,start     ] GC(1107) Pause Young (Normal) (G1 Evacuation Pause)
[2022-04-23T00:09:19.660+0800][gc,task      ] GC(1107) Using 8 workers of 8 for evacuation
[2022-04-23T00:09:19.677+0800][gc,phases    ] GC(1107)   Pre Evacuate Collection Set: 0.2ms
[2022-04-23T00:09:19.678+0800][gc,phases    ] GC(1107)   Evacuate Collection Set: 15.4ms
[2022-04-23T00:09:19.678+0800][gc,phases    ] GC(1107)   Post Evacuate Collection Set: 0.7ms
[2022-04-23T00:09:19.678+0800][gc,phases    ] GC(1107)   Other: 13.5ms
[2022-04-23T00:09:19.678+0800][gc,heap      ] GC(1107) Eden regions: 46->0(47)
[2022-04-23T00:09:19.678+0800][gc,heap      ] GC(1107) Survivor regions: 5->4(7)
[2022-04-23T00:09:19.678+0800][gc,heap      ] GC(1107) Old regions: 87->87
[2022-04-23T00:09:19.678+0800][gc,heap      ] GC(1107) Archive regions: 2->2
[2022-04-23T00:09:19.678+0800][gc,heap      ] GC(1107) Humongous regions: 129->129
[2022-04-23T00:09:19.678+0800][gc,metaspace ] GC(1107) Metaspace: 43653K->43653K(1089536K)
[2022-04-23T00:09:19.678+0800][gc           ] GC(1107) Pause Young (Normal) (G1 Evacuation Pause) 266M->219M(1024M) 30.779ms
[2022-04-23T00:09:19.678+0800][gc,cpu       ] GC(1107) User=0.04s Sys=0.01s Real=0.03s
[2022-04-23T00:09:35.242+0800][gc,start     ] GC(1108) Pause Young (Normal) (G1 Evacuation Pause)
[2022-04-23T00:09:35.244+0800][gc,task      ] GC(1108) Using 8 workers of 8 for evacuation
[2022-04-23T00:09:35.271+0800][gc,mmu       ] GC(1108) MMU target violated: 21.0ms (20.0ms/21.0ms)
[2022-04-23T00:09:35.271+0800][gc,phases    ] GC(1108)   Pre Evacuate Collection Set: 0.3ms
[2022-04-23T00:09:35.271+0800][gc,phases    ] GC(1108)   Evacuate Collection Set: 24.5ms
[2022-04-23T00:09:35.271+0800][gc,phases    ] GC(1108)   Post Evacuate Collection Set: 1.0ms
[2022-04-23T00:09:35.271+0800][gc,phases    ] GC(1108)   Other: 2.9ms
[2022-04-23T00:09:35.271+0800][gc,heap      ] GC(1108) Eden regions: 47->0(47)
[2022-04-23T00:09:35.271+0800][gc,heap      ] GC(1108) Survivor regions: 4->4(7)
[2022-04-23T00:09:35.271+0800][gc,heap      ] GC(1108) Old regions: 87->87
[2022-04-23T00:09:35.271+0800][gc,heap      ] GC(1108) Archive regions: 2->2
[2022-04-23T00:09:35.271+0800][gc,heap      ] GC(1108) Humongous regions: 129->129
[2022-04-23T00:09:35.271+0800][gc,metaspace ] GC(1108) Metaspace: 43653K->43653K(1089536K)
[2022-04-23T00:09:35.271+0800][gc           ] GC(1108) Pause Young (Normal) (G1 Evacuation Pause) 266M->220M(1024M) 28.799ms
[2022-04-23T00:09:35.271+0800][gc,cpu       ] GC(1108) User=0.04s Sys=0.02s Real=0.03s
[2022-04-23T00:09:51.321+0800][gc,start     ] GC(1109) Pause Young (Normal) (G1 Evacuation Pause)
[2022-04-23T00:09:51.322+0800][gc,task      ] GC(1109) Using 8 workers of 8 for evacuation
[2022-04-23T00:09:51.355+0800][gc,mmu       ] GC(1109) MMU target violated: 21.0ms (20.0ms/21.0ms)
[2022-04-23T00:09:51.355+0800][gc,phases    ] GC(1109)   Pre Evacuate Collection Set: 0.3ms
[2022-04-23T00:09:51.355+0800][gc,phases    ] GC(1109)   Evacuate Collection Set: 29.2ms
[2022-04-23T00:09:51.355+0800][gc,phases    ] GC(1109)   Post Evacuate Collection Set: 2.2ms
[2022-04-23T00:09:51.356+0800][gc,phases    ] GC(1109)   Other: 2.8ms
[2022-04-23T00:09:51.356+0800][gc,heap      ] GC(1109) Eden regions: 47->0(45)
[2022-04-23T00:09:51.356+0800][gc,heap      ] GC(1109) Survivor regions: 4->6(7)
[2022-04-23T00:09:51.356+0800][gc,heap      ] GC(1109) Old regions: 87->88
[2022-04-23T00:09:51.356+0800][gc,heap      ] GC(1109) Archive regions: 2->2
[2022-04-23T00:09:51.356+0800][gc,heap      ] GC(1109) Humongous regions: 129->129
[2022-04-23T00:09:51.356+0800][gc,metaspace ] GC(1109) Metaspace: 43653K->43653K(1089536K)
[2022-04-23T00:09:51.356+0800][gc           ] GC(1109) Pause Young (Normal) (G1 Evacuation Pause) 267M->222M(1024M) 34.480ms
[2022-04-23T00:09:51.356+0800][gc,cpu       ] GC(1109) User=0.05s Sys=0.04s Real=0.03s
[2022-04-23T00:10:06.295+0800][gc,start     ] GC(1110) Pause Young (Normal) (G1 Evacuation Pause)
[2022-04-23T00:10:06.296+0800][gc,task      ] GC(1110) Using 8 workers of 8 for evacuation
[2022-04-23T00:10:06.320+0800][gc,mmu       ] GC(1110) MMU target violated: 21.0ms (20.0ms/21.0ms)
[2022-04-23T00:10:06.320+0800][gc,phases    ] GC(1110)   Pre Evacuate Collection Set: 0.4ms
[2022-04-23T00:10:06.320+0800][gc,phases    ] GC(1110)   Evacuate Collection Set: 22.0ms
[2022-04-23T00:10:06.320+0800][gc,phases    ] GC(1110)   Post Evacuate Collection Set: 0.6ms
[2022-04-23T00:10:06.320+0800][gc,phases    ] GC(1110)   Other: 1.9ms
[2022-04-23T00:10:06.320+0800][gc,heap      ] GC(1110) Eden regions: 45->0(47)
[2022-04-23T00:10:06.320+0800][gc,heap      ] GC(1110) Survivor regions: 6->4(7)
[2022-04-23T00:10:06.320+0800][gc,heap      ] GC(1110) Old regions: 88->89
[2022-04-23T00:10:06.320+0800][gc,heap      ] GC(1110) Archive regions: 2->2
[2022-04-23T00:10:06.320+0800][gc,heap      ] GC(1110) Humongous regions: 129->129
[2022-04-23T00:10:06.320+0800][gc,metaspace ] GC(1110) Metaspace: 43653K->43653K(1089536K)
[2022-04-23T00:10:06.320+0800][gc           ] GC(1110) Pause Young (Normal) (G1 Evacuation Pause) 267M->222M(1024M) 24.939ms
[2022-04-23T00:10:06.320+0800][gc,cpu       ] GC(1110) User=0.05s Sys=0.03s Real=0.03s
[2022-04-23T00:10:22.133+0800][gc,start     ] GC(1111) Pause Young (Normal) (G1 Evacuation Pause)
[2022-04-23T00:10:22.134+0800][gc,task      ] GC(1111) Using 8 workers of 8 for evacuation
[2022-04-23T00:10:22.146+0800][gc,phases    ] GC(1111)   Pre Evacuate Collection Set: 0.2ms
[2022-04-23T00:10:22.146+0800][gc,phases    ] GC(1111)   Evacuate Collection Set: 10.0ms
[2022-04-23T00:10:22.146+0800][gc,phases    ] GC(1111)   Post Evacuate Collection Set: 1.0ms
[2022-04-23T00:10:22.146+0800][gc,phases    ] GC(1111)   Other: 1.3ms
[2022-04-23T00:10:22.146+0800][gc,heap      ] GC(1111) Eden regions: 47->0(48)
[2022-04-23T00:10:22.146+0800][gc,heap      ] GC(1111) Survivor regions: 4->4(7)
[2022-04-23T00:10:22.146+0800][gc,heap      ] GC(1111) Old regions: 89->89
[2022-04-23T00:10:22.146+0800][gc,heap      ] GC(1111) Archive regions: 2->2
[2022-04-23T00:10:22.146+0800][gc,heap      ] GC(1111) Humongous regions: 129->129
[2022-04-23T00:10:22.146+0800][gc,metaspace ] GC(1111) Metaspace: 43653K->43653K(1089536K)
[2022-04-23T00:10:22.146+0800][gc           ] GC(1111) Pause Young (Normal) (G1 Evacuation Pause) 269M->222M(1024M) 12.809ms
[2022-04-23T00:10:22.146+0800][gc,cpu       ] GC(1111) User=0.03s Sys=0.00s Real=0.01s
[2022-04-23T00:10:38.297+0800][gc,start     ] GC(1112) Pause Young (Normal) (G1 Evacuation Pause)
[2022-04-23T00:10:38.300+0800][gc,task      ] GC(1112) Using 8 workers of 8 for evacuation
[2022-04-23T00:10:38.313+0800][gc,phases    ] GC(1112)   Pre Evacuate Collection Set: 0.2ms
[2022-04-23T00:10:38.313+0800][gc,phases    ] GC(1112)   Evacuate Collection Set: 11.3ms
[2022-04-23T00:10:38.313+0800][gc,phases    ] GC(1112)   Post Evacuate Collection Set: 0.9ms
[2022-04-23T00:10:38.313+0800][gc,phases    ] GC(1112)   Other: 4.1ms
[2022-04-23T00:10:38.313+0800][gc,heap      ] GC(1112) Eden regions: 48->0(50)
[2022-04-23T00:10:38.313+0800][gc,heap      ] GC(1112) Survivor regions: 4->4(7)
[2022-04-23T00:10:38.313+0800][gc,heap      ] GC(1112) Old regions: 89->89
[2022-04-23T00:10:38.313+0800][gc,heap      ] GC(1112) Archive regions: 2->2
[2022-04-23T00:10:38.313+0800][gc,heap      ] GC(1112) Humongous regions: 129->129
[2022-04-23T00:10:38.313+0800][gc,metaspace ] GC(1112) Metaspace: 43653K->43653K(1089536K)
[2022-04-23T00:10:38.314+0800][gc           ] GC(1112) Pause Young (Normal) (G1 Evacuation Pause) 270M->222M(1024M) 16.733ms
[2022-04-23T00:10:38.314+0800][gc,cpu       ] GC(1112) User=0.03s Sys=0.02s Real=0.02s
[2022-04-23T00:10:55.560+0800][gc,start     ] GC(1113) Pause Young (Normal) (G1 Evacuation Pause)
[2022-04-23T00:10:55.561+0800][gc,task      ] GC(1113) Using 8 workers of 8 for evacuation
[2022-04-23T00:10:55.590+0800][gc,mmu       ] GC(1113) MMU target violated: 21.0ms (20.0ms/21.0ms)
[2022-04-23T00:10:55.590+0800][gc,phases    ] GC(1113)   Pre Evacuate Collection Set: 0.2ms
[2022-04-23T00:10:55.590+0800][gc,phases    ] GC(1113)   Evacuate Collection Set: 25.2ms
[2022-04-23T00:10:55.590+0800][gc,phases    ] GC(1113)   Post Evacuate Collection Set: 2.3ms
[2022-04-23T00:10:55.590+0800][gc,phases    ] GC(1113)   Other: 2.7ms
[2022-04-23T00:10:55.590+0800][gc,heap      ] GC(1113) Eden regions: 47->0(47)
[2022-04-23T00:10:55.590+0800][gc,heap      ] GC(1113) Survivor regions: 4->4(7)
[2022-04-23T00:10:55.590+0800][gc,heap      ] GC(1113) Old regions: 89->90
[2022-04-23T00:10:55.590+0800][gc,heap      ] GC(1113) Archive regions: 2->2
[2022-04-23T00:10:55.590+0800][gc,heap      ] GC(1113) Humongous regions: 129->129
[2022-04-23T00:10:55.590+0800][gc,metaspace ] GC(1113) Metaspace: 43653K->43653K(1089536K)
[2022-04-23T00:10:55.590+0800][gc           ] GC(1113) Pause Young (Normal) (G1 Evacuation Pause) 269M->222M(1024M) 30.567ms
[2022-04-23T00:10:55.590+0800][gc,cpu       ] GC(1113) User=0.04s Sys=0.04s Real=0.03s
[2022-04-23T00:11:11.379+0800][gc,start     ] GC(1114) Pause Young (Normal) (G1 Evacuation Pause)
[2022-04-23T00:11:11.380+0800][gc,task      ] GC(1114) Using 8 workers of 8 for evacuation
[2022-04-23T00:11:11.396+0800][gc,phases    ] GC(1114)   Pre Evacuate Collection Set: 0.2ms
[2022-04-23T00:11:11.396+0800][gc,phases    ] GC(1114)   Evacuate Collection Set: 13.8ms
[2022-04-23T00:11:11.396+0800][gc,phases    ] GC(1114)   Post Evacuate Collection Set: 1.3ms
[2022-04-23T00:11:11.396+0800][gc,phases    ] GC(1114)   Other: 1.3ms
[2022-04-23T00:11:11.396+0800][gc,heap      ] GC(1114) Eden regions: 47->0(48)
[2022-04-23T00:11:11.396+0800][gc,heap      ] GC(1114) Survivor regions: 4->4(7)
[2022-04-23T00:11:11.396+0800][gc,heap      ] GC(1114) Old regions: 90->90
[2022-04-23T00:11:11.396+0800][gc,heap      ] GC(1114) Archive regions: 2->2
[2022-04-23T00:11:11.396+0800][gc,heap      ] GC(1114) Humongous regions: 129->129
[2022-04-23T00:11:11.396+0800][gc,metaspace ] GC(1114) Metaspace: 43653K->43653K(1089536K)
[2022-04-23T00:11:11.396+0800][gc           ] GC(1114) Pause Young (Normal) (G1 Evacuation Pause) 269M->223M(1024M) 16.813ms
[2022-04-23T00:11:11.396+0800][gc,cpu       ] GC(1114) User=0.04s Sys=0.01s Real=0.02s
[2022-04-23T00:11:27.514+0800][gc,start     ] GC(1115) Pause Young (Normal) (G1 Evacuation Pause)
[2022-04-23T00:11:27.514+0800][gc,task      ] GC(1115) Using 8 workers of 8 for evacuation
[2022-04-23T00:11:27.528+0800][gc,phases    ] GC(1115)   Pre Evacuate Collection Set: 0.1ms
[2022-04-23T00:11:27.528+0800][gc,phases    ] GC(1115)   Evacuate Collection Set: 13.1ms
[2022-04-23T00:11:27.528+0800][gc,phases    ] GC(1115)   Post Evacuate Collection Set: 0.6ms
[2022-04-23T00:11:27.529+0800][gc,phases    ] GC(1115)   Other: 1.5ms
[2022-04-23T00:11:27.529+0800][gc,heap      ] GC(1115) Eden regions: 48->0(49)
[2022-04-23T00:11:27.529+0800][gc,heap      ] GC(1115) Survivor regions: 4->4(7)
[2022-04-23T00:11:27.529+0800][gc,heap      ] GC(1115) Old regions: 90->90
[2022-04-23T00:11:27.529+0800][gc,heap      ] GC(1115) Archive regions: 2->2
[2022-04-23T00:11:27.529+0800][gc,heap      ] GC(1115) Humongous regions: 129->129
[2022-04-23T00:11:27.529+0800][gc,metaspace ] GC(1115) Metaspace: 43653K->43653K(1089536K)
[2022-04-23T00:11:27.529+0800][gc           ] GC(1115) Pause Young (Normal) (G1 Evacuation Pause) 271M->223M(1024M) 14.749ms
[2022-04-23T00:11:27.529+0800][gc,cpu       ] GC(1115) User=0.03s Sys=0.01s Real=0.01s
[2022-04-23T00:11:44.105+0800][gc,start     ] GC(1116) Pause Young (Normal) (G1 Evacuation Pause)
[2022-04-23T00:11:44.106+0800][gc,task      ] GC(1116) Using 8 workers of 8 for evacuation
[2022-04-23T00:11:44.139+0800][gc,mmu       ] GC(1116) MMU target violated: 21.0ms (20.0ms/21.0ms)
[2022-04-23T00:11:44.139+0800][gc,phases    ] GC(1116)   Pre Evacuate Collection Set: 0.2ms
[2022-04-23T00:11:44.139+0800][gc,phases    ] GC(1116)   Evacuate Collection Set: 31.4ms
[2022-04-23T00:11:44.139+0800][gc,phases    ] GC(1116)   Post Evacuate Collection Set: 0.9ms
[2022-04-23T00:11:44.139+0800][gc,phases    ] GC(1116)   Other: 1.0ms
[2022-04-23T00:11:44.139+0800][gc,heap      ] GC(1116) Eden regions: 49->0(48)
[2022-04-23T00:11:44.139+0800][gc,heap      ] GC(1116) Survivor regions: 4->5(7)
[2022-04-23T00:11:44.139+0800][gc,heap      ] GC(1116) Old regions: 90->91
[2022-04-23T00:11:44.139+0800][gc,heap      ] GC(1116) Archive regions: 2->2
[2022-04-23T00:11:44.139+0800][gc,heap      ] GC(1116) Humongous regions: 129->129
[2022-04-23T00:11:44.139+0800][gc,metaspace ] GC(1116) Metaspace: 43653K->43653K(1089536K)
[2022-04-23T00:11:44.139+0800][gc           ] GC(1116) Pause Young (Normal) (G1 Evacuation Pause) 272M->223M(1024M) 33.589ms
[2022-04-23T00:11:44.139+0800][gc,cpu       ] GC(1116) User=0.04s Sys=0.02s Real=0.03s
[2022-04-23T00:12:02.711+0800][gc,start     ] GC(1117) Pause Young (Normal) (G1 Evacuation Pause)
[2022-04-23T00:12:02.711+0800][gc,task      ] GC(1117) Using 8 workers of 8 for evacuation
[2022-04-23T00:12:02.733+0800][gc,mmu       ] GC(1117) MMU target violated: 21.0ms (20.0ms/21.0ms)
[2022-04-23T00:12:02.733+0800][gc,phases    ] GC(1117)   Pre Evacuate Collection Set: 0.2ms
[2022-04-23T00:12:02.733+0800][gc,phases    ] GC(1117)   Evacuate Collection Set: 20.7ms
[2022-04-23T00:12:02.733+0800][gc,phases    ] GC(1117)   Post Evacuate Collection Set: 0.4ms
[2022-04-23T00:12:02.733+0800][gc,phases    ] GC(1117)   Other: 0.9ms
[2022-04-23T00:12:02.733+0800][gc,heap      ] GC(1117) Eden regions: 46->0(46)
[2022-04-23T00:12:02.733+0800][gc,heap      ] GC(1117) Survivor regions: 5->5(7)
[2022-04-23T00:12:02.733+0800][gc,heap      ] GC(1117) Old regions: 91->91
[2022-04-23T00:12:02.733+0800][gc,heap      ] GC(1117) Archive regions: 2->2
[2022-04-23T00:12:02.733+0800][gc,heap      ] GC(1117) Humongous regions: 129->129
[2022-04-23T00:12:02.733+0800][gc,metaspace ] GC(1117) Metaspace: 43653K->43653K(1089536K)
[2022-04-23T00:12:02.733+0800][gc           ] GC(1117) Pause Young (Normal) (G1 Evacuation Pause) 269M->225M(1024M) 22.326ms
[2022-04-23T00:12:02.733+0800][gc,cpu       ] GC(1117) User=0.05s Sys=0.02s Real=0.02s
[2022-04-23T00:12:18.063+0800][gc,start     ] GC(1118) Pause Young (Normal) (G1 Evacuation Pause)
[2022-04-23T00:12:18.064+0800][gc,task      ] GC(1118) Using 8 workers of 8 for evacuation
[2022-04-23T00:12:18.083+0800][gc,phases    ] GC(1118)   Pre Evacuate Collection Set: 0.2ms
[2022-04-23T00:12:18.083+0800][gc,phases    ] GC(1118)   Evacuate Collection Set: 18.2ms
[2022-04-23T00:12:18.083+0800][gc,phases    ] GC(1118)   Post Evacuate Collection Set: 0.4ms
[2022-04-23T00:12:18.083+0800][gc,phases    ] GC(1118)   Other: 0.9ms
[2022-04-23T00:12:18.083+0800][gc,heap      ] GC(1118) Eden regions: 46->0(47)
[2022-04-23T00:12:18.083+0800][gc,heap      ] GC(1118) Survivor regions: 5->4(7)
[2022-04-23T00:12:18.083+0800][gc,heap      ] GC(1118) Old regions: 91->92
[2022-04-23T00:12:18.083+0800][gc,heap      ] GC(1118) Archive regions: 2->2
[2022-04-23T00:12:18.083+0800][gc,heap      ] GC(1118) Humongous regions: 129->129
[2022-04-23T00:12:18.083+0800][gc,metaspace ] GC(1118) Metaspace: 43653K->43653K(1089536K)
[2022-04-23T00:12:18.083+0800][gc           ] GC(1118) Pause Young (Normal) (G1 Evacuation Pause) 271M->225M(1024M) 19.794ms
[2022-04-23T00:12:18.083+0800][gc,cpu       ] GC(1118) User=0.04s Sys=0.02s Real=0.02s
[2022-04-23T00:12:37.880+0800][gc,start     ] GC(1119) Pause Young (Normal) (G1 Evacuation Pause)
[2022-04-23T00:12:37.881+0800][gc,task      ] GC(1119) Using 8 workers of 8 for evacuation
[2022-04-23T00:12:37.901+0800][gc,mmu       ] GC(1119) MMU target violated: 20.1ms (20.0ms/21.0ms)
[2022-04-23T00:12:37.901+0800][gc,phases    ] GC(1119)   Pre Evacuate Collection Set: 0.2ms
[2022-04-23T00:12:37.901+0800][gc,phases    ] GC(1119)   Evacuate Collection Set: 17.7ms
[2022-04-23T00:12:37.901+0800][gc,phases    ] GC(1119)   Post Evacuate Collection Set: 1.5ms
[2022-04-23T00:12:37.901+0800][gc,phases    ] GC(1119)   Other: 1.7ms
[2022-04-23T00:12:37.901+0800][gc,heap      ] GC(1119) Eden regions: 47->0(47)
[2022-04-23T00:12:37.901+0800][gc,heap      ] GC(1119) Survivor regions: 4->4(7)
[2022-04-23T00:12:37.901+0800][gc,heap      ] GC(1119) Old regions: 92->93
[2022-04-23T00:12:37.901+0800][gc,heap      ] GC(1119) Archive regions: 2->2
[2022-04-23T00:12:37.901+0800][gc,heap      ] GC(1119) Humongous regions: 129->129
[2022-04-23T00:12:37.901+0800][gc,metaspace ] GC(1119) Metaspace: 43653K->43653K(1089536K)
[2022-04-23T00:12:37.901+0800][gc           ] GC(1119) Pause Young (Normal) (G1 Evacuation Pause) 272M->225M(1024M) 21.429ms
[2022-04-23T00:12:37.902+0800][gc,cpu       ] GC(1119) User=0.04s Sys=0.02s Real=0.02s
[2022-04-23T00:12:57.150+0800][gc,start     ] GC(1120) Pause Young (Normal) (G1 Evacuation Pause)
[2022-04-23T00:12:57.151+0800][gc,task      ] GC(1120) Using 8 workers of 8 for evacuation
[2022-04-23T00:12:57.170+0800][gc,phases    ] GC(1120)   Pre Evacuate Collection Set: 0.4ms
[2022-04-23T00:12:57.170+0800][gc,phases    ] GC(1120)   Evacuate Collection Set: 17.4ms
[2022-04-23T00:12:57.170+0800][gc,phases    ] GC(1120)   Post Evacuate Collection Set: 0.7ms
[2022-04-23T00:12:57.170+0800][gc,phases    ] GC(1120)   Other: 1.2ms
[2022-04-23T00:12:57.170+0800][gc,heap      ] GC(1120) Eden regions: 47->0(47)
[2022-04-23T00:12:57.170+0800][gc,heap      ] GC(1120) Survivor regions: 4->5(7)
[2022-04-23T00:12:57.170+0800][gc,heap      ] GC(1120) Old regions: 93->93
[2022-04-23T00:12:57.170+0800][gc,heap      ] GC(1120) Archive regions: 2->2
[2022-04-23T00:12:57.170+0800][gc,heap      ] GC(1120) Humongous regions: 129->129
[2022-04-23T00:12:57.170+0800][gc,metaspace ] GC(1120) Metaspace: 43653K->43653K(1089536K)
[2022-04-23T00:12:57.170+0800][gc           ] GC(1120) Pause Young (Normal) (G1 Evacuation Pause) 272M->226M(1024M) 19.932ms
[2022-04-23T00:12:57.170+0800][gc,cpu       ] GC(1120) User=0.05s Sys=0.01s Real=0.02s
[2022-04-23T00:13:12.916+0800][gc,start     ] GC(1121) Pause Young (Normal) (G1 Evacuation Pause)
[2022-04-23T00:13:12.917+0800][gc,task      ] GC(1121) Using 8 workers of 8 for evacuation
[2022-04-23T00:13:12.940+0800][gc,mmu       ] GC(1121) MMU target violated: 21.0ms (20.0ms/21.0ms)
[2022-04-23T00:13:12.940+0800][gc,phases    ] GC(1121)   Pre Evacuate Collection Set: 0.2ms
[2022-04-23T00:13:12.940+0800][gc,phases    ] GC(1121)   Evacuate Collection Set: 21.8ms
[2022-04-23T00:13:12.940+0800][gc,phases    ] GC(1121)   Post Evacuate Collection Set: 0.5ms
[2022-04-23T00:13:12.940+0800][gc,phases    ] GC(1121)   Other: 1.5ms
[2022-04-23T00:13:12.940+0800][gc,heap      ] GC(1121) Eden regions: 47->0(47)
[2022-04-23T00:13:12.940+0800][gc,heap      ] GC(1121) Survivor regions: 5->4(7)
[2022-04-23T00:13:12.940+0800][gc,heap      ] GC(1121) Old regions: 93->94
[2022-04-23T00:13:12.940+0800][gc,heap      ] GC(1121) Archive regions: 2->2
[2022-04-23T00:13:12.940+0800][gc,heap      ] GC(1121) Humongous regions: 129->129
[2022-04-23T00:13:12.940+0800][gc,metaspace ] GC(1121) Metaspace: 43653K->43653K(1089536K)
[2022-04-23T00:13:12.940+0800][gc           ] GC(1121) Pause Young (Normal) (G1 Evacuation Pause) 273M->227M(1024M) 24.015ms
[2022-04-23T00:13:12.940+0800][gc,cpu       ] GC(1121) User=0.04s Sys=0.02s Real=0.03s
[2022-04-23T00:13:28.504+0800][gc,start     ] GC(1122) Pause Young (Normal) (G1 Evacuation Pause)
[2022-04-23T00:13:28.504+0800][gc,task      ] GC(1122) Using 8 workers of 8 for evacuation
[2022-04-23T00:13:28.520+0800][gc,phases    ] GC(1122)   Pre Evacuate Collection Set: 0.3ms
[2022-04-23T00:13:28.520+0800][gc,phases    ] GC(1122)   Evacuate Collection Set: 14.0ms
[2022-04-23T00:13:28.520+0800][gc,phases    ] GC(1122)   Post Evacuate Collection Set: 0.6ms
[2022-04-23T00:13:28.520+0800][gc,phases    ] GC(1122)   Other: 1.1ms
[2022-04-23T00:13:28.520+0800][gc,heap      ] GC(1122) Eden regions: 47->0(50)
[2022-04-23T00:13:28.520+0800][gc,heap      ] GC(1122) Survivor regions: 4->5(7)
[2022-04-23T00:13:28.520+0800][gc,heap      ] GC(1122) Old regions: 94->94
[2022-04-23T00:13:28.520+0800][gc,heap      ] GC(1122) Archive regions: 2->2
[2022-04-23T00:13:28.520+0800][gc,heap      ] GC(1122) Humongous regions: 129->129
[2022-04-23T00:13:28.520+0800][gc,metaspace ] GC(1122) Metaspace: 43653K->43653K(1089536K)
[2022-04-23T00:13:28.520+0800][gc           ] GC(1122) Pause Young (Normal) (G1 Evacuation Pause) 274M->227M(1024M) 16.176ms
[2022-04-23T00:13:28.520+0800][gc,cpu       ] GC(1122) User=0.04s Sys=0.00s Real=0.02s
[2022-04-23T00:13:45.097+0800][gc,start     ] GC(1123) Pause Young (Normal) (G1 Evacuation Pause)
[2022-04-23T00:13:45.097+0800][gc,task      ] GC(1123) Using 8 workers of 8 for evacuation
[2022-04-23T00:13:45.122+0800][gc,mmu       ] GC(1123) MMU target violated: 21.0ms (20.0ms/21.0ms)
[2022-04-23T00:13:45.122+0800][gc,phases    ] GC(1123)   Pre Evacuate Collection Set: 0.3ms
[2022-04-23T00:13:45.122+0800][gc,phases    ] GC(1123)   Evacuate Collection Set: 22.8ms
[2022-04-23T00:13:45.122+0800][gc,phases    ] GC(1123)   Post Evacuate Collection Set: 0.9ms
[2022-04-23T00:13:45.122+0800][gc,phases    ] GC(1123)   Other: 1.8ms
[2022-04-23T00:13:45.122+0800][gc,heap      ] GC(1123) Eden regions: 50->0(48)
[2022-04-23T00:13:45.122+0800][gc,heap      ] GC(1123) Survivor regions: 5->5(7)
[2022-04-23T00:13:45.122+0800][gc,heap      ] GC(1123) Old regions: 94->94
[2022-04-23T00:13:45.122+0800][gc,heap      ] GC(1123) Archive regions: 2->2
[2022-04-23T00:13:45.122+0800][gc,heap      ] GC(1123) Humongous regions: 129->129
[2022-04-23T00:13:45.122+0800][gc,metaspace ] GC(1123) Metaspace: 43653K->43653K(1089536K)
[2022-04-23T00:13:45.122+0800][gc           ] GC(1123) Pause Young (Normal) (G1 Evacuation Pause) 277M->228M(1024M) 25.744ms
[2022-04-23T00:13:45.122+0800][gc,cpu       ] GC(1123) User=0.04s Sys=0.04s Real=0.03s
[2022-04-23T00:14:00.217+0800][gc,start     ] GC(1124) Pause Young (Normal) (G1 Evacuation Pause)
[2022-04-23T00:14:00.217+0800][gc,task      ] GC(1124) Using 8 workers of 8 for evacuation
[2022-04-23T00:14:00.231+0800][gc,phases    ] GC(1124)   Pre Evacuate Collection Set: 0.2ms
[2022-04-23T00:14:00.231+0800][gc,phases    ] GC(1124)   Evacuate Collection Set: 12.5ms
[2022-04-23T00:14:00.231+0800][gc,phases    ] GC(1124)   Post Evacuate Collection Set: 0.4ms
[2022-04-23T00:14:00.231+0800][gc,phases    ] GC(1124)   Other: 0.9ms
[2022-04-23T00:14:00.231+0800][gc,heap      ] GC(1124) Eden regions: 46->0(50)
[2022-04-23T00:14:00.231+0800][gc,heap      ] GC(1124) Survivor regions: 5->4(7)
[2022-04-23T00:14:00.231+0800][gc,heap      ] GC(1124) Old regions: 94->95
[2022-04-23T00:14:00.231+0800][gc,heap      ] GC(1124) Archive regions: 2->2
[2022-04-23T00:14:00.231+0800][gc,heap      ] GC(1124) Humongous regions: 129->129
[2022-04-23T00:14:00.231+0800][gc,metaspace ] GC(1124) Metaspace: 43653K->43653K(1089536K)
[2022-04-23T00:14:00.231+0800][gc           ] GC(1124) Pause Young (Normal) (G1 Evacuation Pause) 274M->228M(1024M) 14.072ms
[2022-04-23T00:14:00.231+0800][gc,cpu       ] GC(1124) User=0.04s Sys=0.01s Real=0.02s
[2022-04-23T00:14:15.842+0800][gc,start     ] GC(1125) Pause Young (Normal) (G1 Evacuation Pause)
[2022-04-23T00:14:15.842+0800][gc,task      ] GC(1125) Using 8 workers of 8 for evacuation
[2022-04-23T00:14:15.859+0800][gc,phases    ] GC(1125)   Pre Evacuate Collection Set: 0.1ms
[2022-04-23T00:14:15.859+0800][gc,phases    ] GC(1125)   Evacuate Collection Set: 15.8ms
[2022-04-23T00:14:15.859+0800][gc,phases    ] GC(1125)   Post Evacuate Collection Set: 0.3ms
[2022-04-23T00:14:15.859+0800][gc,phases    ] GC(1125)   Other: 1.3ms
[2022-04-23T00:14:15.859+0800][gc,heap      ] GC(1125) Eden regions: 47->0(52)
[2022-04-23T00:14:15.859+0800][gc,heap      ] GC(1125) Survivor regions: 4->4(7)
[2022-04-23T00:14:15.859+0800][gc,heap      ] GC(1125) Old regions: 95->95
[2022-04-23T00:14:15.859+0800][gc,heap      ] GC(1125) Archive regions: 2->2
[2022-04-23T00:14:15.859+0800][gc,heap      ] GC(1125) Humongous regions: 129->129
[2022-04-23T00:14:15.859+0800][gc,metaspace ] GC(1125) Metaspace: 43653K->43653K(1089536K)
[2022-04-23T00:14:15.859+0800][gc           ] GC(1125) Pause Young (Normal) (G1 Evacuation Pause) 275M->228M(1024M) 17.085ms
[2022-04-23T00:14:15.859+0800][gc,cpu       ] GC(1125) User=0.04s Sys=0.02s Real=0.01s
[2022-04-23T00:14:32.018+0800][gc,start     ] GC(1126) Pause Young (Normal) (G1 Evacuation Pause)
[2022-04-23T00:14:32.033+0800][gc,task      ] GC(1126) Using 8 workers of 8 for evacuation
[2022-04-23T00:14:32.053+0800][gc,phases    ] GC(1126)   Pre Evacuate Collection Set: 0.2ms
[2022-04-23T00:14:32.053+0800][gc,phases    ] GC(1126)   Evacuate Collection Set: 17.7ms
[2022-04-23T00:14:32.053+0800][gc,phases    ] GC(1126)   Post Evacuate Collection Set: 1.6ms
[2022-04-23T00:14:32.053+0800][gc,phases    ] GC(1126)   Other: 15.4ms
[2022-04-23T00:14:32.053+0800][gc,heap      ] GC(1126) Eden regions: 49->0(54)
[2022-04-23T00:14:32.053+0800][gc,heap      ] GC(1126) Survivor regions: 4->5(7)
[2022-04-23T00:14:32.053+0800][gc,heap      ] GC(1126) Old regions: 95->95
[2022-04-23T00:14:32.053+0800][gc,heap      ] GC(1126) Archive regions: 2->2
[2022-04-23T00:14:32.053+0800][gc,heap      ] GC(1126) Humongous regions: 129->129
[2022-04-23T00:14:32.053+0800][gc,metaspace ] GC(1126) Metaspace: 43653K->43653K(1089536K)
[2022-04-23T00:14:32.053+0800][gc           ] GC(1126) Pause Young (Normal) (G1 Evacuation Pause) 277M->228M(1024M) 35.180ms
[2022-04-23T00:14:32.053+0800][gc,cpu       ] GC(1126) User=0.04s Sys=0.00s Real=0.04s
[2022-04-23T00:14:49.756+0800][gc,start     ] GC(1127) Pause Young (Normal) (G1 Evacuation Pause)
[2022-04-23T00:14:49.757+0800][gc,task      ] GC(1127) Using 8 workers of 8 for evacuation
[2022-04-23T00:14:49.780+0800][gc,mmu       ] GC(1127) MMU target violated: 21.0ms (20.0ms/21.0ms)
[2022-04-23T00:14:49.780+0800][gc,phases    ] GC(1127)   Pre Evacuate Collection Set: 0.2ms
[2022-04-23T00:14:49.780+0800][gc,phases    ] GC(1127)   Evacuate Collection Set: 22.3ms
[2022-04-23T00:14:49.780+0800][gc,phases    ] GC(1127)   Post Evacuate Collection Set: 0.7ms
[2022-04-23T00:14:49.780+0800][gc,phases    ] GC(1127)   Other: 1.4ms
[2022-04-23T00:14:49.780+0800][gc,heap      ] GC(1127) Eden regions: 51->0(51)
[2022-04-23T00:14:49.780+0800][gc,heap      ] GC(1127) Survivor regions: 5->5(7)
[2022-04-23T00:14:49.780+0800][gc,heap      ] GC(1127) Old regions: 95->96
[2022-04-23T00:14:49.780+0800][gc,heap      ] GC(1127) Archive regions: 2->2
[2022-04-23T00:14:49.780+0800][gc,heap      ] GC(1127) Humongous regions: 129->129
[2022-04-23T00:14:49.780+0800][gc,metaspace ] GC(1127) Metaspace: 43653K->43653K(1089536K)
[2022-04-23T00:14:49.781+0800][gc           ] GC(1127) Pause Young (Normal) (G1 Evacuation Pause) 279M->229M(1024M) 24.590ms
[2022-04-23T00:14:49.781+0800][gc,cpu       ] GC(1127) User=0.04s Sys=0.03s Real=0.03s
[2022-04-23T00:15:05.490+0800][gc,start     ] GC(1128) Pause Young (Normal) (G1 Evacuation Pause)
[2022-04-23T00:15:05.490+0800][gc,task      ] GC(1128) Using 8 workers of 8 for evacuation
[2022-04-23T00:15:05.515+0800][gc,mmu       ] GC(1128) MMU target violated: 21.0ms (20.0ms/21.0ms)
[2022-04-23T00:15:05.515+0800][gc,phases    ] GC(1128)   Pre Evacuate Collection Set: 0.1ms
[2022-04-23T00:15:05.515+0800][gc,phases    ] GC(1128)   Evacuate Collection Set: 23.0ms
[2022-04-23T00:15:05.515+0800][gc,phases    ] GC(1128)   Post Evacuate Collection Set: 1.1ms
[2022-04-23T00:15:05.515+0800][gc,phases    ] GC(1128)   Other: 0.9ms
[2022-04-23T00:15:05.515+0800][gc,heap      ] GC(1128) Eden regions: 48->0(49)
[2022-04-23T00:15:05.515+0800][gc,heap      ] GC(1128) Survivor regions: 5->4(7)
[2022-04-23T00:15:05.515+0800][gc,heap      ] GC(1128) Old regions: 96->97
[2022-04-23T00:15:05.515+0800][gc,heap      ] GC(1128) Archive regions: 2->2
[2022-04-23T00:15:05.515+0800][gc,heap      ] GC(1128) Humongous regions: 129->129
[2022-04-23T00:15:05.515+0800][gc,metaspace ] GC(1128) Metaspace: 43653K->43653K(1089536K)
[2022-04-23T00:15:05.515+0800][gc           ] GC(1128) Pause Young (Normal) (G1 Evacuation Pause) 277M->229M(1024M) 25.198ms
[2022-04-23T00:15:05.515+0800][gc,cpu       ] GC(1128) User=0.04s Sys=0.02s Real=0.02s
[2022-04-23T00:15:21.049+0800][gc,start     ] GC(1129) Pause Young (Normal) (G1 Evacuation Pause)
[2022-04-23T00:15:21.050+0800][gc,task      ] GC(1129) Using 8 workers of 8 for evacuation
[2022-04-23T00:15:21.067+0800][gc,phases    ] GC(1129)   Pre Evacuate Collection Set: 0.2ms
[2022-04-23T00:15:21.067+0800][gc,phases    ] GC(1129)   Evacuate Collection Set: 15.6ms
[2022-04-23T00:15:21.067+0800][gc,phases    ] GC(1129)   Post Evacuate Collection Set: 0.8ms
[2022-04-23T00:15:21.067+0800][gc,phases    ] GC(1129)   Other: 1.7ms
[2022-04-23T00:15:21.067+0800][gc,heap      ] GC(1129) Eden regions: 47->0(50)
[2022-04-23T00:15:21.067+0800][gc,heap      ] GC(1129) Survivor regions: 4->4(7)
[2022-04-23T00:15:21.067+0800][gc,heap      ] GC(1129) Old regions: 97->97
[2022-04-23T00:15:21.067+0800][gc,heap      ] GC(1129) Archive regions: 2->2
[2022-04-23T00:15:21.067+0800][gc,heap      ] GC(1129) Humongous regions: 129->129
[2022-04-23T00:15:21.067+0800][gc,metaspace ] GC(1129) Metaspace: 43653K->43653K(1089536K)
[2022-04-23T00:15:21.067+0800][gc           ] GC(1129) Pause Young (Normal) (G1 Evacuation Pause) 276M->230M(1024M) 18.424ms
[2022-04-23T00:15:21.067+0800][gc,cpu       ] GC(1129) User=0.04s Sys=0.01s Real=0.02s
[2022-04-23T00:15:36.678+0800][gc,start     ] GC(1130) Pause Young (Normal) (G1 Evacuation Pause)
[2022-04-23T00:15:36.680+0800][gc,task      ] GC(1130) Using 8 workers of 8 for evacuation
[2022-04-23T00:15:36.694+0800][gc,phases    ] GC(1130)   Pre Evacuate Collection Set: 0.2ms
[2022-04-23T00:15:36.694+0800][gc,phases    ] GC(1130)   Evacuate Collection Set: 13.2ms
[2022-04-23T00:15:36.694+0800][gc,phases    ] GC(1130)   Post Evacuate Collection Set: 1.0ms
[2022-04-23T00:15:36.695+0800][gc,phases    ] GC(1130)   Other: 1.6ms
[2022-04-23T00:15:36.695+0800][gc,heap      ] GC(1130) Eden regions: 47->0(52)
[2022-04-23T00:15:36.695+0800][gc,heap      ] GC(1130) Survivor regions: 4->4(7)
[2022-04-23T00:15:36.695+0800][gc,heap      ] GC(1130) Old regions: 97->97
[2022-04-23T00:15:36.695+0800][gc,heap      ] GC(1130) Archive regions: 2->2
[2022-04-23T00:15:36.695+0800][gc,heap      ] GC(1130) Humongous regions: 129->129
[2022-04-23T00:15:36.695+0800][gc,metaspace ] GC(1130) Metaspace: 43653K->43653K(1089536K)
[2022-04-23T00:15:36.695+0800][gc           ] GC(1130) Pause Young (Normal) (G1 Evacuation Pause) 277M->230M(1024M) 16.181ms
[2022-04-23T00:15:36.695+0800][gc,cpu       ] GC(1130) User=0.05s Sys=0.00s Real=0.02s
[2022-04-23T00:15:53.844+0800][gc,start     ] GC(1131) Pause Young (Normal) (G1 Evacuation Pause)
[2022-04-23T00:15:53.845+0800][gc,task      ] GC(1131) Using 8 workers of 8 for evacuation
[2022-04-23T00:15:53.867+0800][gc,mmu       ] GC(1131) MMU target violated: 21.0ms (20.0ms/21.0ms)
[2022-04-23T00:15:53.867+0800][gc,phases    ] GC(1131)   Pre Evacuate Collection Set: 0.2ms
[2022-04-23T00:15:53.867+0800][gc,phases    ] GC(1131)   Evacuate Collection Set: 20.5ms
[2022-04-23T00:15:53.867+0800][gc,phases    ] GC(1131)   Post Evacuate Collection Set: 0.9ms
[2022-04-23T00:15:53.867+0800][gc,phases    ] GC(1131)   Other: 1.7ms
[2022-04-23T00:15:53.867+0800][gc,heap      ] GC(1131) Eden regions: 52->0(53)
[2022-04-23T00:15:53.867+0800][gc,heap      ] GC(1131) Survivor regions: 4->5(7)
[2022-04-23T00:15:53.867+0800][gc,heap      ] GC(1131) Old regions: 97->98
[2022-04-23T00:15:53.867+0800][gc,heap      ] GC(1131) Archive regions: 2->2
[2022-04-23T00:15:53.867+0800][gc,heap      ] GC(1131) Humongous regions: 129->129
[2022-04-23T00:15:53.867+0800][gc,metaspace ] GC(1131) Metaspace: 43653K->43653K(1089536K)
[2022-04-23T00:15:53.867+0800][gc           ] GC(1131) Pause Young (Normal) (G1 Evacuation Pause) 282M->231M(1024M) 23.328ms
[2022-04-23T00:15:53.867+0800][gc,cpu       ] GC(1131) User=0.04s Sys=0.03s Real=0.02s
[2022-04-23T00:16:10.627+0800][gc,start     ] GC(1132) Pause Young (Normal) (G1 Evacuation Pause)
[2022-04-23T00:16:10.627+0800][gc,task      ] GC(1132) Using 8 workers of 8 for evacuation
[2022-04-23T00:16:10.647+0800][gc,phases    ] GC(1132)   Pre Evacuate Collection Set: 0.2ms
[2022-04-23T00:16:10.647+0800][gc,phases    ] GC(1132)   Evacuate Collection Set: 18.0ms
[2022-04-23T00:16:10.647+0800][gc,phases    ] GC(1132)   Post Evacuate Collection Set: 0.6ms
[2022-04-23T00:16:10.647+0800][gc,phases    ] GC(1132)   Other: 1.0ms
[2022-04-23T00:16:10.647+0800][gc,heap      ] GC(1132) Eden regions: 50->0(54)
[2022-04-23T00:16:10.647+0800][gc,heap      ] GC(1132) Survivor regions: 5->5(7)
[2022-04-23T00:16:10.647+0800][gc,heap      ] GC(1132) Old regions: 98->98
[2022-04-23T00:16:10.647+0800][gc,heap      ] GC(1132) Archive regions: 2->2
[2022-04-23T00:16:10.647+0800][gc,heap      ] GC(1132) Humongous regions: 129->129
[2022-04-23T00:16:10.647+0800][gc,metaspace ] GC(1132) Metaspace: 43653K->43653K(1089536K)
[2022-04-23T00:16:10.647+0800][gc           ] GC(1132) Pause Young (Normal) (G1 Evacuation Pause) 281M->231M(1024M) 20.098ms
[2022-04-23T00:16:10.647+0800][gc,cpu       ] GC(1132) User=0.06s Sys=0.01s Real=0.02s
[2022-04-23T00:16:28.633+0800][gc,start     ] GC(1133) Pause Young (Normal) (G1 Evacuation Pause)
[2022-04-23T00:16:28.634+0800][gc,task      ] GC(1133) Using 8 workers of 8 for evacuation
[2022-04-23T00:16:28.661+0800][gc,mmu       ] GC(1133) MMU target violated: 21.0ms (20.0ms/21.0ms)
[2022-04-23T00:16:28.661+0800][gc,phases    ] GC(1133)   Pre Evacuate Collection Set: 0.2ms
[2022-04-23T00:16:28.661+0800][gc,phases    ] GC(1133)   Evacuate Collection Set: 25.4ms
[2022-04-23T00:16:28.661+0800][gc,phases    ] GC(1133)   Post Evacuate Collection Set: 1.0ms
[2022-04-23T00:16:28.661+0800][gc,phases    ] GC(1133)   Other: 1.6ms
[2022-04-23T00:16:28.661+0800][gc,heap      ] GC(1133) Eden regions: 54->0(47)
[2022-04-23T00:16:28.661+0800][gc,heap      ] GC(1133) Survivor regions: 5->4(8)
[2022-04-23T00:16:28.661+0800][gc,heap      ] GC(1133) Old regions: 98->98
[2022-04-23T00:16:28.661+0800][gc,heap      ] GC(1133) Archive regions: 2->2
[2022-04-23T00:16:28.661+0800][gc,heap      ] GC(1133) Humongous regions: 129->129
[2022-04-23T00:16:28.661+0800][gc,metaspace ] GC(1133) Metaspace: 43653K->43653K(1089536K)
[2022-04-23T00:16:28.661+0800][gc           ] GC(1133) Pause Young (Normal) (G1 Evacuation Pause) 285M->231M(1024M) 28.222ms
[2022-04-23T00:16:28.661+0800][gc,cpu       ] GC(1133) User=0.04s Sys=0.05s Real=0.03s
[2022-04-23T00:16:44.420+0800][gc,start     ] GC(1134) Pause Young (Normal) (G1 Evacuation Pause)
[2022-04-23T00:16:44.421+0800][gc,task      ] GC(1134) Using 8 workers of 8 for evacuation
[2022-04-23T00:16:44.446+0800][gc,mmu       ] GC(1134) MMU target violated: 21.0ms (20.0ms/21.0ms)
[2022-04-23T00:16:44.446+0800][gc,phases    ] GC(1134)   Pre Evacuate Collection Set: 0.2ms
[2022-04-23T00:16:44.446+0800][gc,phases    ] GC(1134)   Evacuate Collection Set: 23.5ms
[2022-04-23T00:16:44.446+0800][gc,phases    ] GC(1134)   Post Evacuate Collection Set: 1.3ms
[2022-04-23T00:16:44.446+0800][gc,phases    ] GC(1134)   Other: 1.3ms
[2022-04-23T00:16:44.446+0800][gc,heap      ] GC(1134) Eden regions: 47->0(45)
[2022-04-23T00:16:44.446+0800][gc,heap      ] GC(1134) Survivor regions: 4->6(7)
[2022-04-23T00:16:44.446+0800][gc,heap      ] GC(1134) Old regions: 98->98
[2022-04-23T00:16:44.446+0800][gc,heap      ] GC(1134) Archive regions: 2->2
[2022-04-23T00:16:44.446+0800][gc,heap      ] GC(1134) Humongous regions: 129->129
[2022-04-23T00:16:44.446+0800][gc,metaspace ] GC(1134) Metaspace: 43653K->43653K(1089536K)
[2022-04-23T00:16:44.446+0800][gc           ] GC(1134) Pause Young (Normal) (G1 Evacuation Pause) 278M->233M(1024M) 26.270ms
[2022-04-23T00:16:44.446+0800][gc,cpu       ] GC(1134) User=0.05s Sys=0.03s Real=0.02s
[2022-04-23T00:16:59.730+0800][gc,start     ] GC(1135) Pause Young (Normal) (G1 Evacuation Pause)
[2022-04-23T00:16:59.732+0800][gc,task      ] GC(1135) Using 8 workers of 8 for evacuation
[2022-04-23T00:16:59.788+0800][gc,mmu       ] GC(1135) MMU target violated: 21.0ms (20.0ms/21.0ms)
[2022-04-23T00:16:59.788+0800][gc,phases    ] GC(1135)   Pre Evacuate Collection Set: 0.4ms
[2022-04-23T00:16:59.788+0800][gc,phases    ] GC(1135)   Evacuate Collection Set: 54.2ms
[2022-04-23T00:16:59.788+0800][gc,phases    ] GC(1135)   Post Evacuate Collection Set: 0.8ms
[2022-04-23T00:16:59.788+0800][gc,phases    ] GC(1135)   Other: 3.2ms
[2022-04-23T00:16:59.788+0800][gc,heap      ] GC(1135) Eden regions: 45->0(47)
[2022-04-23T00:16:59.788+0800][gc,heap      ] GC(1135) Survivor regions: 6->4(7)
[2022-04-23T00:16:59.788+0800][gc,heap      ] GC(1135) Old regions: 98->100
[2022-04-23T00:16:59.788+0800][gc,heap      ] GC(1135) Archive regions: 2->2
[2022-04-23T00:16:59.788+0800][gc,heap      ] GC(1135) Humongous regions: 129->129
[2022-04-23T00:16:59.788+0800][gc,metaspace ] GC(1135) Metaspace: 43653K->43653K(1089536K)
[2022-04-23T00:16:59.788+0800][gc           ] GC(1135) Pause Young (Normal) (G1 Evacuation Pause) 278M->233M(1024M) 57.869ms
[2022-04-23T00:16:59.788+0800][gc,cpu       ] GC(1135) User=0.04s Sys=0.04s Real=0.05s
[2022-04-23T00:17:15.563+0800][gc,start     ] GC(1136) Pause Young (Normal) (G1 Evacuation Pause)
[2022-04-23T00:17:15.563+0800][gc,task      ] GC(1136) Using 8 workers of 8 for evacuation
[2022-04-23T00:17:15.578+0800][gc,phases    ] GC(1136)   Pre Evacuate Collection Set: 0.2ms
[2022-04-23T00:17:15.578+0800][gc,phases    ] GC(1136)   Evacuate Collection Set: 13.5ms
[2022-04-23T00:17:15.578+0800][gc,phases    ] GC(1136)   Post Evacuate Collection Set: 0.7ms
[2022-04-23T00:17:15.578+0800][gc,phases    ] GC(1136)   Other: 1.2ms
[2022-04-23T00:17:15.578+0800][gc,heap      ] GC(1136) Eden regions: 47->0(47)
[2022-04-23T00:17:15.578+0800][gc,heap      ] GC(1136) Survivor regions: 4->4(7)
[2022-04-23T00:17:15.578+0800][gc,heap      ] GC(1136) Old regions: 100->100
[2022-04-23T00:17:15.578+0800][gc,heap      ] GC(1136) Archive regions: 2->2
[2022-04-23T00:17:15.578+0800][gc,heap      ] GC(1136) Humongous regions: 129->129
[2022-04-23T00:17:15.578+0800][gc,metaspace ] GC(1136) Metaspace: 43653K->43653K(1089536K)
[2022-04-23T00:17:15.578+0800][gc           ] GC(1136) Pause Young (Normal) (G1 Evacuation Pause) 280M->233M(1024M) 15.859ms
[2022-04-23T00:17:15.578+0800][gc,cpu       ] GC(1136) User=0.04s Sys=0.01s Real=0.01s
[2022-04-23T00:17:31.322+0800][gc,start     ] GC(1137) Pause Young (Normal) (G1 Evacuation Pause)
[2022-04-23T00:17:31.323+0800][gc,task      ] GC(1137) Using 8 workers of 8 for evacuation
[2022-04-23T00:17:31.337+0800][gc,phases    ] GC(1137)   Pre Evacuate Collection Set: 0.2ms
[2022-04-23T00:17:31.337+0800][gc,phases    ] GC(1137)   Evacuate Collection Set: 12.7ms
[2022-04-23T00:17:31.337+0800][gc,phases    ] GC(1137)   Post Evacuate Collection Set: 0.5ms
[2022-04-23T00:17:31.337+0800][gc,phases    ] GC(1137)   Other: 1.6ms
[2022-04-23T00:17:31.337+0800][gc,heap      ] GC(1137) Eden regions: 47->0(47)
[2022-04-23T00:17:31.337+0800][gc,heap      ] GC(1137) Survivor regions: 4->4(7)
[2022-04-23T00:17:31.337+0800][gc,heap      ] GC(1137) Old regions: 100->100
[2022-04-23T00:17:31.337+0800][gc,heap      ] GC(1137) Archive regions: 2->2
[2022-04-23T00:17:31.337+0800][gc,heap      ] GC(1137) Humongous regions: 129->129
[2022-04-23T00:17:31.337+0800][gc,metaspace ] GC(1137) Metaspace: 43653K->43653K(1089536K)
[2022-04-23T00:17:31.337+0800][gc           ] GC(1137) Pause Young (Normal) (G1 Evacuation Pause) 280M->233M(1024M) 15.021ms
[2022-04-23T00:17:31.337+0800][gc,cpu       ] GC(1137) User=0.05s Sys=0.01s Real=0.01s
[2022-04-23T00:17:47.016+0800][gc,start     ] GC(1138) Pause Young (Normal) (G1 Evacuation Pause)
[2022-04-23T00:17:47.017+0800][gc,task      ] GC(1138) Using 8 workers of 8 for evacuation
[2022-04-23T00:17:47.032+0800][gc,phases    ] GC(1138)   Pre Evacuate Collection Set: 0.2ms
[2022-04-23T00:17:47.032+0800][gc,phases    ] GC(1138)   Evacuate Collection Set: 13.8ms
[2022-04-23T00:17:47.032+0800][gc,phases    ] GC(1138)   Post Evacuate Collection Set: 0.5ms
[2022-04-23T00:17:47.032+0800][gc,phases    ] GC(1138)   Other: 1.5ms
[2022-04-23T00:17:47.032+0800][gc,heap      ] GC(1138) Eden regions: 47->0(47)
[2022-04-23T00:17:47.032+0800][gc,heap      ] GC(1138) Survivor regions: 4->4(7)
[2022-04-23T00:17:47.032+0800][gc,heap      ] GC(1138) Old regions: 100->100
[2022-04-23T00:17:47.032+0800][gc,heap      ] GC(1138) Archive regions: 2->2
[2022-04-23T00:17:47.032+0800][gc,heap      ] GC(1138) Humongous regions: 129->129
[2022-04-23T00:17:47.032+0800][gc,metaspace ] GC(1138) Metaspace: 43653K->43653K(1089536K)
[2022-04-23T00:17:47.032+0800][gc           ] GC(1138) Pause Young (Normal) (G1 Evacuation Pause) 280M->233M(1024M) 16.089ms
[2022-04-23T00:17:47.032+0800][gc,cpu       ] GC(1138) User=0.04s Sys=0.00s Real=0.02s
[2022-04-23T00:18:02.806+0800][gc,start     ] GC(1139) Pause Young (Normal) (G1 Evacuation Pause)
[2022-04-23T00:18:02.807+0800][gc,task      ] GC(1139) Using 8 workers of 8 for evacuation
[2022-04-23T00:18:02.831+0800][gc,mmu       ] GC(1139) MMU target violated: 21.0ms (20.0ms/21.0ms)
[2022-04-23T00:18:02.831+0800][gc,phases    ] GC(1139)   Pre Evacuate Collection Set: 0.3ms
[2022-04-23T00:18:02.831+0800][gc,phases    ] GC(1139)   Evacuate Collection Set: 22.4ms
[2022-04-23T00:18:02.831+0800][gc,phases    ] GC(1139)   Post Evacuate Collection Set: 1.0ms
[2022-04-23T00:18:02.831+0800][gc,phases    ] GC(1139)   Other: 2.0ms
[2022-04-23T00:18:02.831+0800][gc,heap      ] GC(1139) Eden regions: 47->0(47)
[2022-04-23T00:18:02.831+0800][gc,heap      ] GC(1139) Survivor regions: 4->4(7)
[2022-04-23T00:18:02.831+0800][gc,heap      ] GC(1139) Old regions: 100->101
[2022-04-23T00:18:02.831+0800][gc,heap      ] GC(1139) Archive regions: 2->2
[2022-04-23T00:18:02.831+0800][gc,heap      ] GC(1139) Humongous regions: 129->129
[2022-04-23T00:18:02.831+0800][gc,metaspace ] GC(1139) Metaspace: 43653K->43653K(1089536K)
[2022-04-23T00:18:02.831+0800][gc           ] GC(1139) Pause Young (Normal) (G1 Evacuation Pause) 280M->233M(1024M) 25.790ms
[2022-04-23T00:18:02.831+0800][gc,cpu       ] GC(1139) User=0.05s Sys=0.02s Real=0.03s
[2022-04-23T00:18:18.488+0800][gc,start     ] GC(1140) Pause Young (Normal) (G1 Evacuation Pause)
[2022-04-23T00:18:18.489+0800][gc,task      ] GC(1140) Using 8 workers of 8 for evacuation
[2022-04-23T00:18:18.509+0800][gc,phases    ] GC(1140)   Pre Evacuate Collection Set: 0.3ms
[2022-04-23T00:18:18.509+0800][gc,phases    ] GC(1140)   Evacuate Collection Set: 18.4ms
[2022-04-23T00:18:18.509+0800][gc,phases    ] GC(1140)   Post Evacuate Collection Set: 0.7ms
[2022-04-23T00:18:18.509+0800][gc,phases    ] GC(1140)   Other: 3.0ms
[2022-04-23T00:18:18.509+0800][gc,heap      ] GC(1140) Eden regions: 47->0(47)
[2022-04-23T00:18:18.509+0800][gc,heap      ] GC(1140) Survivor regions: 4->4(7)
[2022-04-23T00:18:18.509+0800][gc,heap      ] GC(1140) Old regions: 101->101
[2022-04-23T00:18:18.509+0800][gc,heap      ] GC(1140) Archive regions: 2->2
[2022-04-23T00:18:18.509+0800][gc,heap      ] GC(1140) Humongous regions: 129->129
[2022-04-23T00:18:18.509+0800][gc,metaspace ] GC(1140) Metaspace: 43653K->43653K(1089536K)
[2022-04-23T00:18:18.509+0800][gc           ] GC(1140) Pause Young (Normal) (G1 Evacuation Pause) 280M->234M(1024M) 21.156ms
[2022-04-23T00:18:18.509+0800][gc,cpu       ] GC(1140) User=0.05s Sys=0.02s Real=0.02s
[2022-04-23T00:18:34.187+0800][gc,start     ] GC(1141) Pause Young (Normal) (G1 Evacuation Pause)
[2022-04-23T00:18:34.188+0800][gc,task      ] GC(1141) Using 8 workers of 8 for evacuation
[2022-04-23T00:18:34.210+0800][gc,mmu       ] GC(1141) MMU target violated: 21.0ms (20.0ms/21.0ms)
[2022-04-23T00:18:34.210+0800][gc,phases    ] GC(1141)   Pre Evacuate Collection Set: 0.2ms
[2022-04-23T00:18:34.210+0800][gc,phases    ] GC(1141)   Evacuate Collection Set: 20.7ms
[2022-04-23T00:18:34.210+0800][gc,phases    ] GC(1141)   Post Evacuate Collection Set: 0.9ms
[2022-04-23T00:18:34.210+0800][gc,phases    ] GC(1141)   Other: 1.2ms
[2022-04-23T00:18:34.210+0800][gc,heap      ] GC(1141) Eden regions: 47->0(46)
[2022-04-23T00:18:34.210+0800][gc,heap      ] GC(1141) Survivor regions: 4->6(7)
[2022-04-23T00:18:34.210+0800][gc,heap      ] GC(1141) Old regions: 101->101
[2022-04-23T00:18:34.210+0800][gc,heap      ] GC(1141) Archive regions: 2->2
[2022-04-23T00:18:34.210+0800][gc,heap      ] GC(1141) Humongous regions: 129->129
[2022-04-23T00:18:34.210+0800][gc,metaspace ] GC(1141) Metaspace: 43653K->43653K(1089536K)
[2022-04-23T00:18:34.210+0800][gc           ] GC(1141) Pause Young (Normal) (G1 Evacuation Pause) 281M->235M(1024M) 22.972ms
[2022-04-23T00:18:34.210+0800][gc,cpu       ] GC(1141) User=0.04s Sys=0.02s Real=0.03s
[2022-04-23T00:18:54.078+0800][gc,start     ] GC(1142) Pause Young (Normal) (G1 Evacuation Pause)
[2022-04-23T00:18:54.079+0800][gc,task      ] GC(1142) Using 8 workers of 8 for evacuation
[2022-04-23T00:18:54.126+0800][gc,mmu       ] GC(1142) MMU target violated: 21.0ms (20.0ms/21.0ms)
[2022-04-23T00:18:54.126+0800][gc,phases    ] GC(1142)   Pre Evacuate Collection Set: 0.2ms
[2022-04-23T00:18:54.127+0800][gc,phases    ] GC(1142)   Evacuate Collection Set: 46.5ms
[2022-04-23T00:18:54.127+0800][gc,phases    ] GC(1142)   Post Evacuate Collection Set: 0.6ms
[2022-04-23T00:18:54.127+0800][gc,phases    ] GC(1142)   Other: 1.6ms
[2022-04-23T00:18:54.127+0800][gc,heap      ] GC(1142) Eden regions: 45->0(47)
[2022-04-23T00:18:54.127+0800][gc,heap      ] GC(1142) Survivor regions: 6->4(7)
[2022-04-23T00:18:54.127+0800][gc,heap      ] GC(1142) Old regions: 101->103
[2022-04-23T00:18:54.127+0800][gc,heap      ] GC(1142) Archive regions: 2->2
[2022-04-23T00:18:54.127+0800][gc,heap      ] GC(1142) Humongous regions: 129->129
[2022-04-23T00:18:54.127+0800][gc,metaspace ] GC(1142) Metaspace: 43653K->43653K(1089536K)
[2022-04-23T00:18:54.127+0800][gc           ] GC(1142) Pause Young (Normal) (G1 Evacuation Pause) 280M->235M(1024M) 48.937ms
[2022-04-23T00:18:54.127+0800][gc,cpu       ] GC(1142) User=0.04s Sys=0.04s Real=0.05s
[2022-04-23T00:19:09.684+0800][gc,start     ] GC(1143) Pause Young (Normal) (G1 Evacuation Pause)
[2022-04-23T00:19:09.684+0800][gc,task      ] GC(1143) Using 8 workers of 8 for evacuation
[2022-04-23T00:19:09.697+0800][gc,phases    ] GC(1143)   Pre Evacuate Collection Set: 0.1ms
[2022-04-23T00:19:09.697+0800][gc,phases    ] GC(1143)   Evacuate Collection Set: 12.5ms
[2022-04-23T00:19:09.697+0800][gc,phases    ] GC(1143)   Post Evacuate Collection Set: 0.4ms
[2022-04-23T00:19:09.697+0800][gc,phases    ] GC(1143)   Other: 0.7ms
[2022-04-23T00:19:09.697+0800][gc,heap      ] GC(1143) Eden regions: 47->0(47)
[2022-04-23T00:19:09.697+0800][gc,heap      ] GC(1143) Survivor regions: 4->4(7)
[2022-04-23T00:19:09.697+0800][gc,heap      ] GC(1143) Old regions: 103->103
[2022-04-23T00:19:09.697+0800][gc,heap      ] GC(1143) Archive regions: 2->2
[2022-04-23T00:19:09.697+0800][gc,heap      ] GC(1143) Humongous regions: 129->129
[2022-04-23T00:19:09.697+0800][gc,metaspace ] GC(1143) Metaspace: 43653K->43653K(1089536K)
[2022-04-23T00:19:09.697+0800][gc           ] GC(1143) Pause Young (Normal) (G1 Evacuation Pause) 282M->235M(1024M) 13.786ms
[2022-04-23T00:19:09.697+0800][gc,cpu       ] GC(1143) User=0.04s Sys=0.00s Real=0.01s
[2022-04-23T00:19:25.311+0800][gc,start     ] GC(1144) Pause Young (Normal) (G1 Evacuation Pause)
[2022-04-23T00:19:25.312+0800][gc,task      ] GC(1144) Using 8 workers of 8 for evacuation
[2022-04-23T00:19:25.337+0800][gc,mmu       ] GC(1144) MMU target violated: 21.0ms (20.0ms/21.0ms)
[2022-04-23T00:19:25.337+0800][gc,phases    ] GC(1144)   Pre Evacuate Collection Set: 0.2ms
[2022-04-23T00:19:25.337+0800][gc,phases    ] GC(1144)   Evacuate Collection Set: 22.8ms
[2022-04-23T00:19:25.337+0800][gc,phases    ] GC(1144)   Post Evacuate Collection Set: 1.1ms
[2022-04-23T00:19:25.337+0800][gc,phases    ] GC(1144)   Other: 1.4ms
[2022-04-23T00:19:25.337+0800][gc,heap      ] GC(1144) Eden regions: 47->0(47)
[2022-04-23T00:19:25.337+0800][gc,heap      ] GC(1144) Survivor regions: 4->4(7)
[2022-04-23T00:19:25.337+0800][gc,heap      ] GC(1144) Old regions: 103->103
[2022-04-23T00:19:25.337+0800][gc,heap      ] GC(1144) Archive regions: 2->2
[2022-04-23T00:19:25.337+0800][gc,heap      ] GC(1144) Humongous regions: 129->129
[2022-04-23T00:19:25.337+0800][gc,metaspace ] GC(1144) Metaspace: 43653K->43653K(1089536K)
[2022-04-23T00:19:25.337+0800][gc           ] GC(1144) Pause Young (Normal) (G1 Evacuation Pause) 282M->235M(1024M) 25.614ms
[2022-04-23T00:19:25.337+0800][gc,cpu       ] GC(1144) User=0.04s Sys=0.02s Real=0.02s
[2022-04-23T00:19:40.953+0800][gc,start     ] GC(1145) Pause Young (Normal) (G1 Evacuation Pause)
[2022-04-23T00:19:40.953+0800][gc,task      ] GC(1145) Using 8 workers of 8 for evacuation
[2022-04-23T00:19:40.981+0800][gc,mmu       ] GC(1145) MMU target violated: 21.0ms (20.0ms/21.0ms)
[2022-04-23T00:19:40.981+0800][gc,phases    ] GC(1145)   Pre Evacuate Collection Set: 0.2ms
[2022-04-23T00:19:40.981+0800][gc,phases    ] GC(1145)   Evacuate Collection Set: 24.9ms
[2022-04-23T00:19:40.981+0800][gc,phases    ] GC(1145)   Post Evacuate Collection Set: 1.7ms
[2022-04-23T00:19:40.981+0800][gc,phases    ] GC(1145)   Other: 1.0ms
[2022-04-23T00:19:40.981+0800][gc,heap      ] GC(1145) Eden regions: 47->0(45)
[2022-04-23T00:19:40.981+0800][gc,heap      ] GC(1145) Survivor regions: 4->6(7)
[2022-04-23T00:19:40.981+0800][gc,heap      ] GC(1145) Old regions: 103->103
[2022-04-23T00:19:40.981+0800][gc,heap      ] GC(1145) Archive regions: 2->2
[2022-04-23T00:19:40.981+0800][gc,heap      ] GC(1145) Humongous regions: 129->129
[2022-04-23T00:19:40.981+0800][gc,metaspace ] GC(1145) Metaspace: 43653K->43653K(1089536K)
[2022-04-23T00:19:40.981+0800][gc           ] GC(1145) Pause Young (Normal) (G1 Evacuation Pause) 282M->237M(1024M) 27.854ms
[2022-04-23T00:19:40.981+0800][gc,cpu       ] GC(1145) User=0.04s Sys=0.02s Real=0.03s
[2022-04-23T00:19:55.928+0800][gc,start     ] GC(1146) Pause Young (Normal) (G1 Evacuation Pause)
[2022-04-23T00:19:55.928+0800][gc,task      ] GC(1146) Using 8 workers of 8 for evacuation
[2022-04-23T00:19:55.997+0800][gc,mmu       ] GC(1146) MMU target violated: 21.0ms (20.0ms/21.0ms)
[2022-04-23T00:19:55.997+0800][gc,phases    ] GC(1146)   Pre Evacuate Collection Set: 0.3ms
[2022-04-23T00:19:55.997+0800][gc,phases    ] GC(1146)   Evacuate Collection Set: 67.2ms
[2022-04-23T00:19:55.997+0800][gc,phases    ] GC(1146)   Post Evacuate Collection Set: 0.6ms
[2022-04-23T00:19:55.997+0800][gc,phases    ] GC(1146)   Other: 1.7ms
[2022-04-23T00:19:55.997+0800][gc,heap      ] GC(1146) Eden regions: 45->0(47)
[2022-04-23T00:19:55.997+0800][gc,heap      ] GC(1146) Survivor regions: 6->4(7)
[2022-04-23T00:19:55.997+0800][gc,heap      ] GC(1146) Old regions: 103->105
[2022-04-23T00:19:55.997+0800][gc,heap      ] GC(1146) Archive regions: 2->2
[2022-04-23T00:19:55.997+0800][gc,heap      ] GC(1146) Humongous regions: 129->129
[2022-04-23T00:19:55.997+0800][gc,metaspace ] GC(1146) Metaspace: 43653K->43653K(1089536K)
[2022-04-23T00:19:55.997+0800][gc           ] GC(1146) Pause Young (Normal) (G1 Evacuation Pause) 282M->237M(1024M) 69.789ms
[2022-04-23T00:19:55.997+0800][gc,cpu       ] GC(1146) User=0.03s Sys=0.03s Real=0.07s
[2022-04-23T00:20:11.668+0800][gc,start     ] GC(1147) Pause Young (Normal) (G1 Evacuation Pause)
[2022-04-23T00:20:11.669+0800][gc,task      ] GC(1147) Using 8 workers of 8 for evacuation
[2022-04-23T00:20:11.684+0800][gc,phases    ] GC(1147)   Pre Evacuate Collection Set: 0.1ms
[2022-04-23T00:20:11.684+0800][gc,phases    ] GC(1147)   Evacuate Collection Set: 13.3ms
[2022-04-23T00:20:11.684+0800][gc,phases    ] GC(1147)   Post Evacuate Collection Set: 0.6ms
[2022-04-23T00:20:11.684+0800][gc,phases    ] GC(1147)   Other: 1.4ms
[2022-04-23T00:20:11.684+0800][gc,heap      ] GC(1147) Eden regions: 47->0(47)
[2022-04-23T00:20:11.684+0800][gc,heap      ] GC(1147) Survivor regions: 4->4(7)
[2022-04-23T00:20:11.684+0800][gc,heap      ] GC(1147) Old regions: 105->105
[2022-04-23T00:20:11.684+0800][gc,heap      ] GC(1147) Archive regions: 2->2
[2022-04-23T00:20:11.684+0800][gc,heap      ] GC(1147) Humongous regions: 129->129
[2022-04-23T00:20:11.684+0800][gc,metaspace ] GC(1147) Metaspace: 43653K->43653K(1089536K)
[2022-04-23T00:20:11.684+0800][gc           ] GC(1147) Pause Young (Normal) (G1 Evacuation Pause) 284M->237M(1024M) 15.681ms
[2022-04-23T00:20:11.684+0800][gc,cpu       ] GC(1147) User=0.04s Sys=0.01s Real=0.02s
[2022-04-23T00:20:27.214+0800][gc,start     ] GC(1148) Pause Young (Normal) (G1 Evacuation Pause)
[2022-04-23T00:20:27.214+0800][gc,task      ] GC(1148) Using 8 workers of 8 for evacuation
[2022-04-23T00:20:27.227+0800][gc,phases    ] GC(1148)   Pre Evacuate Collection Set: 0.1ms
[2022-04-23T00:20:27.227+0800][gc,phases    ] GC(1148)   Evacuate Collection Set: 11.5ms
[2022-04-23T00:20:27.227+0800][gc,phases    ] GC(1148)   Post Evacuate Collection Set: 0.5ms
[2022-04-23T00:20:27.227+0800][gc,phases    ] GC(1148)   Other: 0.8ms
[2022-04-23T00:20:27.227+0800][gc,heap      ] GC(1148) Eden regions: 47->0(47)
[2022-04-23T00:20:27.227+0800][gc,heap      ] GC(1148) Survivor regions: 4->4(7)
[2022-04-23T00:20:27.227+0800][gc,heap      ] GC(1148) Old regions: 105->105
[2022-04-23T00:20:27.227+0800][gc,heap      ] GC(1148) Archive regions: 2->2
[2022-04-23T00:20:27.227+0800][gc,heap      ] GC(1148) Humongous regions: 129->129
[2022-04-23T00:20:27.227+0800][gc,metaspace ] GC(1148) Metaspace: 43653K->43653K(1089536K)
[2022-04-23T00:20:27.227+0800][gc           ] GC(1148) Pause Young (Normal) (G1 Evacuation Pause) 284M->238M(1024M) 13.122ms
[2022-04-23T00:20:27.227+0800][gc,cpu       ] GC(1148) User=0.04s Sys=0.01s Real=0.01s
[2022-04-23T00:20:42.867+0800][gc,start     ] GC(1149) Pause Young (Normal) (G1 Evacuation Pause)
[2022-04-23T00:20:42.867+0800][gc,task      ] GC(1149) Using 8 workers of 8 for evacuation
[2022-04-23T00:20:42.887+0800][gc,phases    ] GC(1149)   Pre Evacuate Collection Set: 0.1ms
[2022-04-23T00:20:42.887+0800][gc,phases    ] GC(1149)   Evacuate Collection Set: 17.8ms
[2022-04-23T00:20:42.887+0800][gc,phases    ] GC(1149)   Post Evacuate Collection Set: 0.5ms
[2022-04-23T00:20:42.887+0800][gc,phases    ] GC(1149)   Other: 1.2ms
[2022-04-23T00:20:42.887+0800][gc,heap      ] GC(1149) Eden regions: 47->0(47)
[2022-04-23T00:20:42.887+0800][gc,heap      ] GC(1149) Survivor regions: 4->4(7)
[2022-04-23T00:20:42.887+0800][gc,heap      ] GC(1149) Old regions: 105->105
[2022-04-23T00:20:42.887+0800][gc,heap      ] GC(1149) Archive regions: 2->2
[2022-04-23T00:20:42.887+0800][gc,heap      ] GC(1149) Humongous regions: 129->129
[2022-04-23T00:20:42.887+0800][gc,metaspace ] GC(1149) Metaspace: 43653K->43653K(1089536K)
[2022-04-23T00:20:42.887+0800][gc           ] GC(1149) Pause Young (Normal) (G1 Evacuation Pause) 285M->238M(1024M) 19.901ms
[2022-04-23T00:20:42.887+0800][gc,cpu       ] GC(1149) User=0.04s Sys=0.01s Real=0.02s
[2022-04-23T00:20:58.608+0800][gc,start     ] GC(1150) Pause Young (Normal) (G1 Evacuation Pause)
[2022-04-23T00:20:58.608+0800][gc,task      ] GC(1150) Using 8 workers of 8 for evacuation
[2022-04-23T00:20:58.633+0800][gc,mmu       ] GC(1150) MMU target violated: 21.0ms (20.0ms/21.0ms)
[2022-04-23T00:20:58.633+0800][gc,phases    ] GC(1150)   Pre Evacuate Collection Set: 0.2ms
[2022-04-23T00:20:58.633+0800][gc,phases    ] GC(1150)   Evacuate Collection Set: 21.8ms
[2022-04-23T00:20:58.633+0800][gc,phases    ] GC(1150)   Post Evacuate Collection Set: 2.0ms
[2022-04-23T00:20:58.633+0800][gc,phases    ] GC(1150)   Other: 1.3ms
[2022-04-23T00:20:58.633+0800][gc,heap      ] GC(1150) Eden regions: 47->0(47)
[2022-04-23T00:20:58.633+0800][gc,heap      ] GC(1150) Survivor regions: 4->4(7)
[2022-04-23T00:20:58.633+0800][gc,heap      ] GC(1150) Old regions: 105->105
[2022-04-23T00:20:58.633+0800][gc,heap      ] GC(1150) Archive regions: 2->2
[2022-04-23T00:20:58.633+0800][gc,heap      ] GC(1150) Humongous regions: 129->129
[2022-04-23T00:20:58.633+0800][gc,metaspace ] GC(1150) Metaspace: 43653K->43653K(1089536K)
[2022-04-23T00:20:58.634+0800][gc           ] GC(1150) Pause Young (Normal) (G1 Evacuation Pause) 285M->238M(1024M) 25.624ms
[2022-04-23T00:20:58.634+0800][gc,cpu       ] GC(1150) User=0.04s Sys=0.02s Real=0.03s
[2022-04-23T00:21:14.294+0800][gc,start     ] GC(1151) Pause Young (Normal) (G1 Evacuation Pause)
[2022-04-23T00:21:14.294+0800][gc,task      ] GC(1151) Using 8 workers of 8 for evacuation
[2022-04-23T00:21:14.312+0800][gc,phases    ] GC(1151)   Pre Evacuate Collection Set: 0.2ms
[2022-04-23T00:21:14.312+0800][gc,phases    ] GC(1151)   Evacuate Collection Set: 16.1ms
[2022-04-23T00:21:14.312+0800][gc,phases    ] GC(1151)   Post Evacuate Collection Set: 0.8ms
[2022-04-23T00:21:14.312+0800][gc,phases    ] GC(1151)   Other: 1.1ms
[2022-04-23T00:21:14.312+0800][gc,heap      ] GC(1151) Eden regions: 47->0(47)
[2022-04-23T00:21:14.312+0800][gc,heap      ] GC(1151) Survivor regions: 4->4(7)
[2022-04-23T00:21:14.312+0800][gc,heap      ] GC(1151) Old regions: 105->106
[2022-04-23T00:21:14.312+0800][gc,heap      ] GC(1151) Archive regions: 2->2
[2022-04-23T00:21:14.312+0800][gc,heap      ] GC(1151) Humongous regions: 129->129
[2022-04-23T00:21:14.312+0800][gc,metaspace ] GC(1151) Metaspace: 43653K->43653K(1089536K)
[2022-04-23T00:21:14.312+0800][gc           ] GC(1151) Pause Young (Normal) (G1 Evacuation Pause) 285M->238M(1024M) 18.419ms
[2022-04-23T00:21:14.312+0800][gc,cpu       ] GC(1151) User=0.04s Sys=0.01s Real=0.02s
[2022-04-23T00:21:30.003+0800][gc,start     ] GC(1152) Pause Young (Normal) (G1 Evacuation Pause)
[2022-04-23T00:21:30.003+0800][gc,task      ] GC(1152) Using 8 workers of 8 for evacuation
[2022-04-23T00:21:30.008+0800][gc,phases    ] GC(1152)   Pre Evacuate Collection Set: 0.0ms
[2022-04-23T00:21:30.008+0800][gc,phases    ] GC(1152)   Evacuate Collection Set: 4.3ms
[2022-04-23T00:21:30.008+0800][gc,phases    ] GC(1152)   Post Evacuate Collection Set: 0.3ms
[2022-04-23T00:21:30.008+0800][gc,phases    ] GC(1152)   Other: 0.4ms
[2022-04-23T00:21:30.008+0800][gc,heap      ] GC(1152) Eden regions: 47->0(48)
[2022-04-23T00:21:30.008+0800][gc,heap      ] GC(1152) Survivor regions: 4->6(7)
[2022-04-23T00:21:30.008+0800][gc,heap      ] GC(1152) Old regions: 106->106
[2022-04-23T00:21:30.008+0800][gc,heap      ] GC(1152) Archive regions: 2->2
[2022-04-23T00:21:30.008+0800][gc,heap      ] GC(1152) Humongous regions: 129->129
[2022-04-23T00:21:30.008+0800][gc,metaspace ] GC(1152) Metaspace: 43653K->43653K(1089536K)
[2022-04-23T00:21:30.008+0800][gc           ] GC(1152) Pause Young (Normal) (G1 Evacuation Pause) 285M->240M(1024M) 5.122ms
[2022-04-23T00:21:30.008+0800][gc,cpu       ] GC(1152) User=0.02s Sys=0.00s Real=0.00s
[2022-04-23T00:21:46.491+0800][gc,start     ] GC(1153) Pause Young (Normal) (G1 Evacuation Pause)
[2022-04-23T00:21:46.491+0800][gc,task      ] GC(1153) Using 8 workers of 8 for evacuation
[2022-04-23T00:21:46.535+0800][gc,mmu       ] GC(1153) MMU target violated: 21.0ms (20.0ms/21.0ms)
[2022-04-23T00:21:46.535+0800][gc,phases    ] GC(1153)   Pre Evacuate Collection Set: 0.2ms
[2022-04-23T00:21:46.535+0800][gc,phases    ] GC(1153)   Evacuate Collection Set: 42.0ms
[2022-04-23T00:21:46.535+0800][gc,phases    ] GC(1153)   Post Evacuate Collection Set: 1.1ms
[2022-04-23T00:21:46.535+0800][gc,phases    ] GC(1153)   Other: 1.1ms
[2022-04-23T00:21:46.535+0800][gc,heap      ] GC(1153) Eden regions: 48->0(47)
[2022-04-23T00:21:46.535+0800][gc,heap      ] GC(1153) Survivor regions: 6->4(7)
[2022-04-23T00:21:46.535+0800][gc,heap      ] GC(1153) Old regions: 106->108
[2022-04-23T00:21:46.535+0800][gc,heap      ] GC(1153) Archive regions: 2->2
[2022-04-23T00:21:46.535+0800][gc,heap      ] GC(1153) Humongous regions: 129->129
[2022-04-23T00:21:46.535+0800][gc,metaspace ] GC(1153) Metaspace: 43653K->43653K(1089536K)
[2022-04-23T00:21:46.535+0800][gc           ] GC(1153) Pause Young (Normal) (G1 Evacuation Pause) 288M->241M(1024M) 44.462ms
[2022-04-23T00:21:46.535+0800][gc,cpu       ] GC(1153) User=0.04s Sys=0.02s Real=0.04s
[2022-04-23T00:22:02.095+0800][gc,start     ] GC(1154) Pause Young (Normal) (G1 Evacuation Pause)
[2022-04-23T00:22:02.095+0800][gc,task      ] GC(1154) Using 8 workers of 8 for evacuation
[2022-04-23T00:22:02.115+0800][gc,phases    ] GC(1154)   Pre Evacuate Collection Set: 0.4ms
[2022-04-23T00:22:02.115+0800][gc,phases    ] GC(1154)   Evacuate Collection Set: 17.5ms
[2022-04-23T00:22:02.115+0800][gc,phases    ] GC(1154)   Post Evacuate Collection Set: 0.9ms
[2022-04-23T00:22:02.115+0800][gc,phases    ] GC(1154)   Other: 1.5ms
[2022-04-23T00:22:02.115+0800][gc,heap      ] GC(1154) Eden regions: 47->0(47)
[2022-04-23T00:22:02.115+0800][gc,heap      ] GC(1154) Survivor regions: 4->4(7)
[2022-04-23T00:22:02.115+0800][gc,heap      ] GC(1154) Old regions: 108->108
[2022-04-23T00:22:02.115+0800][gc,heap      ] GC(1154) Archive regions: 2->2
[2022-04-23T00:22:02.115+0800][gc,heap      ] GC(1154) Humongous regions: 129->129
[2022-04-23T00:22:02.115+0800][gc,metaspace ] GC(1154) Metaspace: 43653K->43653K(1089536K)
[2022-04-23T00:22:02.115+0800][gc           ] GC(1154) Pause Young (Normal) (G1 Evacuation Pause) 288M->241M(1024M) 20.499ms
[2022-04-23T00:22:02.115+0800][gc,cpu       ] GC(1154) User=0.04s Sys=0.01s Real=0.02s
[2022-04-23T00:22:17.767+0800][gc,start     ] GC(1155) Pause Young (Normal) (G1 Evacuation Pause)
[2022-04-23T00:22:17.768+0800][gc,task      ] GC(1155) Using 8 workers of 8 for evacuation
[2022-04-23T00:22:17.780+0800][gc,phases    ] GC(1155)   Pre Evacuate Collection Set: 0.2ms
[2022-04-23T00:22:17.780+0800][gc,phases    ] GC(1155)   Evacuate Collection Set: 10.7ms
[2022-04-23T00:22:17.780+0800][gc,phases    ] GC(1155)   Post Evacuate Collection Set: 0.5ms
[2022-04-23T00:22:17.780+0800][gc,phases    ] GC(1155)   Other: 1.5ms
[2022-04-23T00:22:17.780+0800][gc,heap      ] GC(1155) Eden regions: 47->0(47)
[2022-04-23T00:22:17.780+0800][gc,heap      ] GC(1155) Survivor regions: 4->4(7)
[2022-04-23T00:22:17.780+0800][gc,heap      ] GC(1155) Old regions: 108->108
[2022-04-23T00:22:17.780+0800][gc,heap      ] GC(1155) Archive regions: 2->2
[2022-04-23T00:22:17.780+0800][gc,heap      ] GC(1155) Humongous regions: 129->129
[2022-04-23T00:22:17.780+0800][gc,metaspace ] GC(1155) Metaspace: 43653K->43653K(1089536K)
[2022-04-23T00:22:17.780+0800][gc           ] GC(1155) Pause Young (Normal) (G1 Evacuation Pause) 288M->241M(1024M) 13.094ms
[2022-04-23T00:22:17.781+0800][gc,cpu       ] GC(1155) User=0.04s Sys=0.00s Real=0.02s
[2022-04-23T00:22:33.346+0800][gc,start     ] GC(1156) Pause Young (Normal) (G1 Evacuation Pause)
[2022-04-23T00:22:33.346+0800][gc,task      ] GC(1156) Using 8 workers of 8 for evacuation
[2022-04-23T00:22:33.368+0800][gc,mmu       ] GC(1156) MMU target violated: 21.0ms (20.0ms/21.0ms)
[2022-04-23T00:22:33.368+0800][gc,phases    ] GC(1156)   Pre Evacuate Collection Set: 0.2ms
[2022-04-23T00:22:33.368+0800][gc,phases    ] GC(1156)   Evacuate Collection Set: 20.9ms
[2022-04-23T00:22:33.368+0800][gc,phases    ] GC(1156)   Post Evacuate Collection Set: 0.5ms
[2022-04-23T00:22:33.368+0800][gc,phases    ] GC(1156)   Other: 0.8ms
[2022-04-23T00:22:33.368+0800][gc,heap      ] GC(1156) Eden regions: 47->0(47)
[2022-04-23T00:22:33.368+0800][gc,heap      ] GC(1156) Survivor regions: 4->4(7)
[2022-04-23T00:22:33.368+0800][gc,heap      ] GC(1156) Old regions: 108->109
[2022-04-23T00:22:33.368+0800][gc,heap      ] GC(1156) Archive regions: 2->2
[2022-04-23T00:22:33.368+0800][gc,heap      ] GC(1156) Humongous regions: 129->129
[2022-04-23T00:22:33.368+0800][gc,metaspace ] GC(1156) Metaspace: 43653K->43653K(1089536K)
[2022-04-23T00:22:33.368+0800][gc           ] GC(1156) Pause Young (Normal) (G1 Evacuation Pause) 288M->241M(1024M) 22.485ms
[2022-04-23T00:22:33.368+0800][gc,cpu       ] GC(1156) User=0.03s Sys=0.01s Real=0.02s
[2022-04-23T00:22:48.913+0800][gc,start     ] GC(1157) Pause Young (Normal) (G1 Evacuation Pause)
[2022-04-23T00:22:48.913+0800][gc,task      ] GC(1157) Using 8 workers of 8 for evacuation
[2022-04-23T00:22:48.926+0800][gc,phases    ] GC(1157)   Pre Evacuate Collection Set: 0.2ms
[2022-04-23T00:22:48.926+0800][gc,phases    ] GC(1157)   Evacuate Collection Set: 11.3ms
[2022-04-23T00:22:48.926+0800][gc,phases    ] GC(1157)   Post Evacuate Collection Set: 0.6ms
[2022-04-23T00:22:48.926+0800][gc,phases    ] GC(1157)   Other: 1.2ms
[2022-04-23T00:22:48.926+0800][gc,heap      ] GC(1157) Eden regions: 47->0(48)
[2022-04-23T00:22:48.926+0800][gc,heap      ] GC(1157) Survivor regions: 4->4(7)
[2022-04-23T00:22:48.926+0800][gc,heap      ] GC(1157) Old regions: 109->109
[2022-04-23T00:22:48.926+0800][gc,heap      ] GC(1157) Archive regions: 2->2
[2022-04-23T00:22:48.926+0800][gc,heap      ] GC(1157) Humongous regions: 129->129
[2022-04-23T00:22:48.926+0800][gc,metaspace ] GC(1157) Metaspace: 43653K->43653K(1089536K)
[2022-04-23T00:22:48.926+0800][gc           ] GC(1157) Pause Young (Normal) (G1 Evacuation Pause) 288M->241M(1024M) 13.572ms
[2022-04-23T00:22:48.926+0800][gc,cpu       ] GC(1157) User=0.04s Sys=0.00s Real=0.01s
[2022-04-23T00:23:04.922+0800][gc,start     ] GC(1158) Pause Young (Normal) (G1 Evacuation Pause)
[2022-04-23T00:23:04.923+0800][gc,task      ] GC(1158) Using 8 workers of 8 for evacuation
[2022-04-23T00:23:04.942+0800][gc,phases    ] GC(1158)   Pre Evacuate Collection Set: 0.2ms
[2022-04-23T00:23:04.942+0800][gc,phases    ] GC(1158)   Evacuate Collection Set: 17.7ms
[2022-04-23T00:23:04.942+0800][gc,phases    ] GC(1158)   Post Evacuate Collection Set: 0.7ms
[2022-04-23T00:23:04.942+0800][gc,phases    ] GC(1158)   Other: 1.5ms
[2022-04-23T00:23:04.942+0800][gc,heap      ] GC(1158) Eden regions: 48->0(48)
[2022-04-23T00:23:04.942+0800][gc,heap      ] GC(1158) Survivor regions: 4->4(7)
[2022-04-23T00:23:04.942+0800][gc,heap      ] GC(1158) Old regions: 109->109
[2022-04-23T00:23:04.942+0800][gc,heap      ] GC(1158) Archive regions: 2->2
[2022-04-23T00:23:04.943+0800][gc,heap      ] GC(1158) Humongous regions: 129->129
[2022-04-23T00:23:04.943+0800][gc,metaspace ] GC(1158) Metaspace: 43653K->43653K(1089536K)
[2022-04-23T00:23:04.943+0800][gc           ] GC(1158) Pause Young (Normal) (G1 Evacuation Pause) 289M->242M(1024M) 20.349ms
[2022-04-23T00:23:04.943+0800][gc,cpu       ] GC(1158) User=0.04s Sys=0.01s Real=0.02s
[2022-04-23T00:23:20.645+0800][gc,start     ] GC(1159) Pause Young (Normal) (G1 Evacuation Pause)
[2022-04-23T00:23:20.646+0800][gc,task      ] GC(1159) Using 8 workers of 8 for evacuation
[2022-04-23T00:23:20.659+0800][gc,phases    ] GC(1159)   Pre Evacuate Collection Set: 0.1ms
[2022-04-23T00:23:20.659+0800][gc,phases    ] GC(1159)   Evacuate Collection Set: 11.1ms
[2022-04-23T00:23:20.659+0800][gc,phases    ] GC(1159)   Post Evacuate Collection Set: 0.7ms
[2022-04-23T00:23:20.659+0800][gc,phases    ] GC(1159)   Other: 1.7ms
[2022-04-23T00:23:20.659+0800][gc,heap      ] GC(1159) Eden regions: 47->0(49)
[2022-04-23T00:23:20.659+0800][gc,heap      ] GC(1159) Survivor regions: 4->4(7)
[2022-04-23T00:23:20.659+0800][gc,heap      ] GC(1159) Old regions: 109->110
[2022-04-23T00:23:20.659+0800][gc,heap      ] GC(1159) Archive regions: 2->2
[2022-04-23T00:23:20.659+0800][gc,heap      ] GC(1159) Humongous regions: 129->129
[2022-04-23T00:23:20.659+0800][gc,metaspace ] GC(1159) Metaspace: 43653K->43653K(1089536K)
[2022-04-23T00:23:20.659+0800][gc           ] GC(1159) Pause Young (Normal) (G1 Evacuation Pause) 289M->242M(1024M) 13.915ms
[2022-04-23T00:23:20.659+0800][gc,cpu       ] GC(1159) User=0.03s Sys=0.01s Real=0.01s
[2022-04-23T00:23:37.090+0800][gc,start     ] GC(1160) Pause Young (Normal) (G1 Evacuation Pause)
[2022-04-23T00:23:37.091+0800][gc,task      ] GC(1160) Using 8 workers of 8 for evacuation
[2022-04-23T00:23:37.105+0800][gc,phases    ] GC(1160)   Pre Evacuate Collection Set: 0.2ms
[2022-04-23T00:23:37.106+0800][gc,phases    ] GC(1160)   Evacuate Collection Set: 13.2ms
[2022-04-23T00:23:37.106+0800][gc,phases    ] GC(1160)   Post Evacuate Collection Set: 0.6ms
[2022-04-23T00:23:37.106+0800][gc,phases    ] GC(1160)   Other: 2.0ms
[2022-04-23T00:23:37.106+0800][gc,heap      ] GC(1160) Eden regions: 49->0(53)
[2022-04-23T00:23:37.106+0800][gc,heap      ] GC(1160) Survivor regions: 4->5(7)
[2022-04-23T00:23:37.106+0800][gc,heap      ] GC(1160) Old regions: 110->110
[2022-04-23T00:23:37.106+0800][gc,heap      ] GC(1160) Archive regions: 2->2
[2022-04-23T00:23:37.106+0800][gc,heap      ] GC(1160) Humongous regions: 129->129
[2022-04-23T00:23:37.106+0800][gc,metaspace ] GC(1160) Metaspace: 43653K->43653K(1089536K)
[2022-04-23T00:23:37.106+0800][gc           ] GC(1160) Pause Young (Normal) (G1 Evacuation Pause) 291M->243M(1024M) 16.199ms
[2022-04-23T00:23:37.106+0800][gc,cpu       ] GC(1160) User=0.04s Sys=0.01s Real=0.01s
[2022-04-23T00:23:54.686+0800][gc,start     ] GC(1161) Pause Young (Normal) (G1 Evacuation Pause)
[2022-04-23T00:23:54.687+0800][gc,task      ] GC(1161) Using 8 workers of 8 for evacuation
[2022-04-23T00:23:54.719+0800][gc,mmu       ] GC(1161) MMU target violated: 21.0ms (20.0ms/21.0ms)
[2022-04-23T00:23:54.719+0800][gc,phases    ] GC(1161)   Pre Evacuate Collection Set: 0.3ms
[2022-04-23T00:23:54.719+0800][gc,phases    ] GC(1161)   Evacuate Collection Set: 30.3ms
[2022-04-23T00:23:54.719+0800][gc,phases    ] GC(1161)   Post Evacuate Collection Set: 0.6ms
[2022-04-23T00:23:54.719+0800][gc,phases    ] GC(1161)   Other: 1.9ms
[2022-04-23T00:23:54.719+0800][gc,heap      ] GC(1161) Eden regions: 53->0(48)
[2022-04-23T00:23:54.719+0800][gc,heap      ] GC(1161) Survivor regions: 5->6(8)
[2022-04-23T00:23:54.719+0800][gc,heap      ] GC(1161) Old regions: 110->110
[2022-04-23T00:23:54.719+0800][gc,heap      ] GC(1161) Archive regions: 2->2
[2022-04-23T00:23:54.719+0800][gc,heap      ] GC(1161) Humongous regions: 129->129
[2022-04-23T00:23:54.719+0800][gc,metaspace ] GC(1161) Metaspace: 43653K->43653K(1089536K)
[2022-04-23T00:23:54.719+0800][gc           ] GC(1161) Pause Young (Normal) (G1 Evacuation Pause) 296M->244M(1024M) 33.233ms
[2022-04-23T00:23:54.719+0800][gc,cpu       ] GC(1161) User=0.04s Sys=0.02s Real=0.03s
[2022-04-23T00:24:09.471+0800][gc,start     ] GC(1162) Pause Young (Normal) (G1 Evacuation Pause)
[2022-04-23T00:24:09.472+0800][gc,task      ] GC(1162) Using 8 workers of 8 for evacuation
[2022-04-23T00:24:09.515+0800][gc,mmu       ] GC(1162) MMU target violated: 21.0ms (20.0ms/21.0ms)
[2022-04-23T00:24:09.515+0800][gc,phases    ] GC(1162)   Pre Evacuate Collection Set: 0.1ms
[2022-04-23T00:24:09.515+0800][gc,phases    ] GC(1162)   Evacuate Collection Set: 42.6ms
[2022-04-23T00:24:09.515+0800][gc,phases    ] GC(1162)   Post Evacuate Collection Set: 0.5ms
[2022-04-23T00:24:09.515+0800][gc,phases    ] GC(1162)   Other: 0.8ms
[2022-04-23T00:24:09.515+0800][gc,heap      ] GC(1162) Eden regions: 47->0(45)
[2022-04-23T00:24:09.515+0800][gc,heap      ] GC(1162) Survivor regions: 6->6(7)
[2022-04-23T00:24:09.515+0800][gc,heap      ] GC(1162) Old regions: 110->111
[2022-04-23T00:24:09.515+0800][gc,heap      ] GC(1162) Archive regions: 2->2
[2022-04-23T00:24:09.515+0800][gc,heap      ] GC(1162) Humongous regions: 129->129
[2022-04-23T00:24:09.515+0800][gc,metaspace ] GC(1162) Metaspace: 43653K->43653K(1089536K)
[2022-04-23T00:24:09.516+0800][gc           ] GC(1162) Pause Young (Normal) (G1 Evacuation Pause) 291M->245M(1024M) 44.077ms
[2022-04-23T00:24:09.516+0800][gc,cpu       ] GC(1162) User=0.04s Sys=0.02s Real=0.04s
[2022-04-23T00:24:24.314+0800][gc,start     ] GC(1163) Pause Young (Normal) (G1 Evacuation Pause)
[2022-04-23T00:24:24.315+0800][gc,task      ] GC(1163) Using 8 workers of 8 for evacuation
[2022-04-23T00:24:24.347+0800][gc,mmu       ] GC(1163) MMU target violated: 21.0ms (20.0ms/21.0ms)
[2022-04-23T00:24:24.347+0800][gc,phases    ] GC(1163)   Pre Evacuate Collection Set: 0.2ms
[2022-04-23T00:24:24.347+0800][gc,phases    ] GC(1163)   Evacuate Collection Set: 29.4ms
[2022-04-23T00:24:24.347+0800][gc,phases    ] GC(1163)   Post Evacuate Collection Set: 0.8ms
[2022-04-23T00:24:24.347+0800][gc,phases    ] GC(1163)   Other: 2.5ms
[2022-04-23T00:24:24.347+0800][gc,heap      ] GC(1163) Eden regions: 45->0(47)
[2022-04-23T00:24:24.347+0800][gc,heap      ] GC(1163) Survivor regions: 6->4(7)
[2022-04-23T00:24:24.347+0800][gc,heap      ] GC(1163) Old regions: 111->113
[2022-04-23T00:24:24.347+0800][gc,heap      ] GC(1163) Archive regions: 2->2
[2022-04-23T00:24:24.347+0800][gc,heap      ] GC(1163) Humongous regions: 129->129
[2022-04-23T00:24:24.347+0800][gc,metaspace ] GC(1163) Metaspace: 43653K->43653K(1089536K)
[2022-04-23T00:24:24.347+0800][gc           ] GC(1163) Pause Young (Normal) (G1 Evacuation Pause) 290M->245M(1024M) 32.905ms
[2022-04-23T00:24:24.347+0800][gc,cpu       ] GC(1163) User=0.04s Sys=0.02s Real=0.03s
[2022-04-23T00:24:40.186+0800][gc,start     ] GC(1164) Pause Young (Normal) (G1 Evacuation Pause)
[2022-04-23T00:24:40.187+0800][gc,task      ] GC(1164) Using 8 workers of 8 for evacuation
[2022-04-23T00:24:40.220+0800][gc,mmu       ] GC(1164) MMU target violated: 21.0ms (20.0ms/21.0ms)
[2022-04-23T00:24:40.220+0800][gc,phases    ] GC(1164)   Pre Evacuate Collection Set: 0.3ms
[2022-04-23T00:24:40.220+0800][gc,phases    ] GC(1164)   Evacuate Collection Set: 29.6ms
[2022-04-23T00:24:40.220+0800][gc,phases    ] GC(1164)   Post Evacuate Collection Set: 2.1ms
[2022-04-23T00:24:40.220+0800][gc,phases    ] GC(1164)   Other: 2.3ms
[2022-04-23T00:24:40.220+0800][gc,heap      ] GC(1164) Eden regions: 47->0(47)
[2022-04-23T00:24:40.220+0800][gc,heap      ] GC(1164) Survivor regions: 4->4(7)
[2022-04-23T00:24:40.220+0800][gc,heap      ] GC(1164) Old regions: 113->113
[2022-04-23T00:24:40.220+0800][gc,heap      ] GC(1164) Archive regions: 2->2
[2022-04-23T00:24:40.221+0800][gc,heap      ] GC(1164) Humongous regions: 129->129
[2022-04-23T00:24:40.221+0800][gc,metaspace ] GC(1164) Metaspace: 43653K->43653K(1089536K)
[2022-04-23T00:24:40.221+0800][gc           ] GC(1164) Pause Young (Normal) (G1 Evacuation Pause) 292M->245M(1024M) 34.431ms
[2022-04-23T00:24:40.221+0800][gc,cpu       ] GC(1164) User=0.03s Sys=0.03s Real=0.04s
[2022-04-23T00:24:55.904+0800][gc,start     ] GC(1165) Pause Young (Normal) (G1 Evacuation Pause)
[2022-04-23T00:24:55.905+0800][gc,task      ] GC(1165) Using 8 workers of 8 for evacuation
[2022-04-23T00:24:55.920+0800][gc,phases    ] GC(1165)   Pre Evacuate Collection Set: 0.2ms
[2022-04-23T00:24:55.920+0800][gc,phases    ] GC(1165)   Evacuate Collection Set: 13.7ms
[2022-04-23T00:24:55.920+0800][gc,phases    ] GC(1165)   Post Evacuate Collection Set: 0.8ms
[2022-04-23T00:24:55.920+0800][gc,phases    ] GC(1165)   Other: 1.0ms
[2022-04-23T00:24:55.920+0800][gc,heap      ] GC(1165) Eden regions: 47->0(46)
[2022-04-23T00:24:55.920+0800][gc,heap      ] GC(1165) Survivor regions: 4->5(7)
[2022-04-23T00:24:55.920+0800][gc,heap      ] GC(1165) Old regions: 113->113
[2022-04-23T00:24:55.920+0800][gc,heap      ] GC(1165) Archive regions: 2->2
[2022-04-23T00:24:55.920+0800][gc,heap      ] GC(1165) Humongous regions: 129->129
[2022-04-23T00:24:55.920+0800][gc,metaspace ] GC(1165) Metaspace: 43653K->43653K(1089536K)
[2022-04-23T00:24:55.920+0800][gc           ] GC(1165) Pause Young (Normal) (G1 Evacuation Pause) 292M->247M(1024M) 15.953ms
[2022-04-23T00:24:55.920+0800][gc,cpu       ] GC(1165) User=0.04s Sys=0.00s Real=0.02s
[2022-04-23T00:25:11.107+0800][gc,start     ] GC(1166) Pause Young (Normal) (G1 Evacuation Pause)
[2022-04-23T00:25:11.107+0800][gc,task      ] GC(1166) Using 8 workers of 8 for evacuation
[2022-04-23T00:25:11.164+0800][gc,mmu       ] GC(1166) MMU target violated: 21.0ms (20.0ms/21.0ms)
[2022-04-23T00:25:11.164+0800][gc,phases    ] GC(1166)   Pre Evacuate Collection Set: 0.2ms
[2022-04-23T00:25:11.164+0800][gc,phases    ] GC(1166)   Evacuate Collection Set: 55.4ms
[2022-04-23T00:25:11.165+0800][gc,phases    ] GC(1166)   Post Evacuate Collection Set: 0.9ms
[2022-04-23T00:25:11.165+0800][gc,phases    ] GC(1166)   Other: 1.4ms
[2022-04-23T00:25:11.165+0800][gc,heap      ] GC(1166) Eden regions: 46->0(48)
[2022-04-23T00:25:11.165+0800][gc,heap      ] GC(1166) Survivor regions: 5->3(7)
[2022-04-23T00:25:11.165+0800][gc,heap      ] GC(1166) Old regions: 113->115
[2022-04-23T00:25:11.165+0800][gc,heap      ] GC(1166) Archive regions: 2->2
[2022-04-23T00:25:11.165+0800][gc,heap      ] GC(1166) Humongous regions: 129->129
[2022-04-23T00:25:11.165+0800][gc,metaspace ] GC(1166) Metaspace: 43653K->43653K(1089536K)
[2022-04-23T00:25:11.165+0800][gc           ] GC(1166) Pause Young (Normal) (G1 Evacuation Pause) 293M->246M(1024M) 58.025ms
[2022-04-23T00:25:11.165+0800][gc,cpu       ] GC(1166) User=0.04s Sys=0.06s Real=0.06s
[2022-04-23T00:25:27.088+0800][gc,start     ] GC(1167) Pause Young (Normal) (G1 Evacuation Pause)
[2022-04-23T00:25:27.088+0800][gc,task      ] GC(1167) Using 8 workers of 8 for evacuation
[2022-04-23T00:25:27.098+0800][gc,phases    ] GC(1167)   Pre Evacuate Collection Set: 0.3ms
[2022-04-23T00:25:27.099+0800][gc,phases    ] GC(1167)   Evacuate Collection Set: 8.3ms
[2022-04-23T00:25:27.099+0800][gc,phases    ] GC(1167)   Post Evacuate Collection Set: 0.6ms
[2022-04-23T00:25:27.099+0800][gc,phases    ] GC(1167)   Other: 1.3ms
[2022-04-23T00:25:27.099+0800][gc,heap      ] GC(1167) Eden regions: 48->0(48)
[2022-04-23T00:25:27.099+0800][gc,heap      ] GC(1167) Survivor regions: 3->3(7)
[2022-04-23T00:25:27.099+0800][gc,heap      ] GC(1167) Old regions: 115->115
[2022-04-23T00:25:27.099+0800][gc,heap      ] GC(1167) Archive regions: 2->2
[2022-04-23T00:25:27.099+0800][gc,heap      ] GC(1167) Humongous regions: 129->129
[2022-04-23T00:25:27.099+0800][gc,metaspace ] GC(1167) Metaspace: 43653K->43653K(1089536K)
[2022-04-23T00:25:27.099+0800][gc           ] GC(1167) Pause Young (Normal) (G1 Evacuation Pause) 294M->247M(1024M) 10.779ms
[2022-04-23T00:25:27.099+0800][gc,cpu       ] GC(1167) User=0.02s Sys=0.01s Real=0.01s
[2022-04-23T00:25:43.113+0800][gc,start     ] GC(1168) Pause Young (Normal) (G1 Evacuation Pause)
[2022-04-23T00:25:43.113+0800][gc,task      ] GC(1168) Using 8 workers of 8 for evacuation
[2022-04-23T00:25:43.126+0800][gc,phases    ] GC(1168)   Pre Evacuate Collection Set: 0.3ms
[2022-04-23T00:25:43.126+0800][gc,phases    ] GC(1168)   Evacuate Collection Set: 11.1ms
[2022-04-23T00:25:43.126+0800][gc,phases    ] GC(1168)   Post Evacuate Collection Set: 0.7ms
[2022-04-23T00:25:43.127+0800][gc,phases    ] GC(1168)   Other: 1.3ms
[2022-04-23T00:25:43.127+0800][gc,heap      ] GC(1168) Eden regions: 48->0(47)
[2022-04-23T00:25:43.127+0800][gc,heap      ] GC(1168) Survivor regions: 3->4(7)
[2022-04-23T00:25:43.127+0800][gc,heap      ] GC(1168) Old regions: 115->115
[2022-04-23T00:25:43.127+0800][gc,heap      ] GC(1168) Archive regions: 2->2
[2022-04-23T00:25:43.127+0800][gc,heap      ] GC(1168) Humongous regions: 129->129
[2022-04-23T00:25:43.127+0800][gc,metaspace ] GC(1168) Metaspace: 43653K->43653K(1089536K)
[2022-04-23T00:25:43.127+0800][gc           ] GC(1168) Pause Young (Normal) (G1 Evacuation Pause) 295M->247M(1024M) 13.647ms
[2022-04-23T00:25:43.127+0800][gc,cpu       ] GC(1168) User=0.03s Sys=0.00s Real=0.01s
[2022-04-23T00:25:58.782+0800][gc,start     ] GC(1169) Pause Young (Normal) (G1 Evacuation Pause)
[2022-04-23T00:25:58.783+0800][gc,task      ] GC(1169) Using 8 workers of 8 for evacuation
[2022-04-23T00:25:58.802+0800][gc,phases    ] GC(1169)   Pre Evacuate Collection Set: 0.3ms
[2022-04-23T00:25:58.802+0800][gc,phases    ] GC(1169)   Evacuate Collection Set: 15.3ms
[2022-04-23T00:25:58.802+0800][gc,phases    ] GC(1169)   Post Evacuate Collection Set: 1.0ms
[2022-04-23T00:25:58.802+0800][gc,phases    ] GC(1169)   Other: 3.3ms
[2022-04-23T00:25:58.802+0800][gc,heap      ] GC(1169) Eden regions: 47->0(47)
[2022-04-23T00:25:58.802+0800][gc,heap      ] GC(1169) Survivor regions: 4->4(7)
[2022-04-23T00:25:58.802+0800][gc,heap      ] GC(1169) Old regions: 115->115
[2022-04-23T00:25:58.802+0800][gc,heap      ] GC(1169) Archive regions: 2->2
[2022-04-23T00:25:58.802+0800][gc,heap      ] GC(1169) Humongous regions: 129->129
[2022-04-23T00:25:58.802+0800][gc,metaspace ] GC(1169) Metaspace: 43653K->43653K(1089536K)
[2022-04-23T00:25:58.802+0800][gc           ] GC(1169) Pause Young (Normal) (G1 Evacuation Pause) 294M->247M(1024M) 20.080ms
[2022-04-23T00:25:58.802+0800][gc,cpu       ] GC(1169) User=0.03s Sys=0.02s Real=0.02s
[2022-04-23T00:26:14.554+0800][gc,start     ] GC(1170) Pause Young (Normal) (G1 Evacuation Pause)
[2022-04-23T00:26:14.554+0800][gc,task      ] GC(1170) Using 8 workers of 8 for evacuation
[2022-04-23T00:26:14.567+0800][gc,phases    ] GC(1170)   Pre Evacuate Collection Set: 0.3ms
[2022-04-23T00:26:14.567+0800][gc,phases    ] GC(1170)   Evacuate Collection Set: 10.7ms
[2022-04-23T00:26:14.567+0800][gc,phases    ] GC(1170)   Post Evacuate Collection Set: 1.1ms
[2022-04-23T00:26:14.567+0800][gc,phases    ] GC(1170)   Other: 1.7ms
[2022-04-23T00:26:14.568+0800][gc,heap      ] GC(1170) Eden regions: 47->0(50)
[2022-04-23T00:26:14.568+0800][gc,heap      ] GC(1170) Survivor regions: 4->4(7)
[2022-04-23T00:26:14.568+0800][gc,heap      ] GC(1170) Old regions: 115->115
[2022-04-23T00:26:14.568+0800][gc,heap      ] GC(1170) Archive regions: 2->2
[2022-04-23T00:26:14.568+0800][gc,heap      ] GC(1170) Humongous regions: 129->129
[2022-04-23T00:26:14.568+0800][gc,metaspace ] GC(1170) Metaspace: 43653K->43653K(1089536K)
[2022-04-23T00:26:14.568+0800][gc           ] GC(1170) Pause Young (Normal) (G1 Evacuation Pause) 294M->247M(1024M) 14.056ms
[2022-04-23T00:26:14.568+0800][gc,cpu       ] GC(1170) User=0.03s Sys=0.01s Real=0.01s
[2022-04-23T00:26:31.306+0800][gc,start     ] GC(1171) Pause Young (Normal) (G1 Evacuation Pause)
[2022-04-23T00:26:31.306+0800][gc,task      ] GC(1171) Using 8 workers of 8 for evacuation
[2022-04-23T00:26:31.319+0800][gc,phases    ] GC(1171)   Pre Evacuate Collection Set: 0.2ms
[2022-04-23T00:26:31.319+0800][gc,phases    ] GC(1171)   Evacuate Collection Set: 11.6ms
[2022-04-23T00:26:31.319+0800][gc,phases    ] GC(1171)   Post Evacuate Collection Set: 0.6ms
[2022-04-23T00:26:31.319+0800][gc,phases    ] GC(1171)   Other: 0.9ms
[2022-04-23T00:26:31.319+0800][gc,heap      ] GC(1171) Eden regions: 50->0(56)
[2022-04-23T00:26:31.319+0800][gc,heap      ] GC(1171) Survivor regions: 4->5(7)
[2022-04-23T00:26:31.319+0800][gc,heap      ] GC(1171) Old regions: 115->115
[2022-04-23T00:26:31.319+0800][gc,heap      ] GC(1171) Archive regions: 2->2
[2022-04-23T00:26:31.319+0800][gc,heap      ] GC(1171) Humongous regions: 129->129
[2022-04-23T00:26:31.319+0800][gc,metaspace ] GC(1171) Metaspace: 43653K->43653K(1089536K)
[2022-04-23T00:26:31.319+0800][gc           ] GC(1171) Pause Young (Normal) (G1 Evacuation Pause) 297M->248M(1024M) 13.507ms
[2022-04-23T00:26:31.319+0800][gc,cpu       ] GC(1171) User=0.03s Sys=0.01s Real=0.01s
[2022-04-23T00:26:49.806+0800][gc,start     ] GC(1172) Pause Young (Normal) (G1 Evacuation Pause)
[2022-04-23T00:26:49.807+0800][gc,task      ] GC(1172) Using 8 workers of 8 for evacuation
[2022-04-23T00:26:49.833+0800][gc,mmu       ] GC(1172) MMU target violated: 21.0ms (20.0ms/21.0ms)
[2022-04-23T00:26:49.834+0800][gc,phases    ] GC(1172)   Pre Evacuate Collection Set: 0.4ms
[2022-04-23T00:26:49.834+0800][gc,phases    ] GC(1172)   Evacuate Collection Set: 23.6ms
[2022-04-23T00:26:49.834+0800][gc,phases    ] GC(1172)   Post Evacuate Collection Set: 1.3ms
[2022-04-23T00:26:49.834+0800][gc,phases    ] GC(1172)   Other: 2.7ms
[2022-04-23T00:26:49.834+0800][gc,heap      ] GC(1172) Eden regions: 56->0(47)
[2022-04-23T00:26:49.834+0800][gc,heap      ] GC(1172) Survivor regions: 5->4(8)
[2022-04-23T00:26:49.834+0800][gc,heap      ] GC(1172) Old regions: 115->115
[2022-04-23T00:26:49.834+0800][gc,heap      ] GC(1172) Archive regions: 2->2
[2022-04-23T00:26:49.834+0800][gc,heap      ] GC(1172) Humongous regions: 129->129
[2022-04-23T00:26:49.834+0800][gc,metaspace ] GC(1172) Metaspace: 43653K->43653K(1089536K)
[2022-04-23T00:26:49.834+0800][gc           ] GC(1172) Pause Young (Normal) (G1 Evacuation Pause) 304M->248M(1024M) 28.075ms
[2022-04-23T00:26:49.834+0800][gc,cpu       ] GC(1172) User=0.04s Sys=0.05s Real=0.03s
[2022-04-23T00:27:05.638+0800][gc,start     ] GC(1173) Pause Young (Normal) (G1 Evacuation Pause)
[2022-04-23T00:27:05.639+0800][gc,task      ] GC(1173) Using 8 workers of 8 for evacuation
[2022-04-23T00:27:05.653+0800][gc,phases    ] GC(1173)   Pre Evacuate Collection Set: 0.1ms
[2022-04-23T00:27:05.653+0800][gc,phases    ] GC(1173)   Evacuate Collection Set: 12.9ms
[2022-04-23T00:27:05.653+0800][gc,phases    ] GC(1173)   Post Evacuate Collection Set: 0.5ms
[2022-04-23T00:27:05.653+0800][gc,phases    ] GC(1173)   Other: 1.9ms
[2022-04-23T00:27:05.653+0800][gc,heap      ] GC(1173) Eden regions: 47->0(48)
[2022-04-23T00:27:05.653+0800][gc,heap      ] GC(1173) Survivor regions: 4->4(7)
[2022-04-23T00:27:05.653+0800][gc,heap      ] GC(1173) Old regions: 115->115
[2022-04-23T00:27:05.653+0800][gc,heap      ] GC(1173) Archive regions: 2->2
[2022-04-23T00:27:05.654+0800][gc,heap      ] GC(1173) Humongous regions: 129->129
[2022-04-23T00:27:05.654+0800][gc,metaspace ] GC(1173) Metaspace: 43653K->43653K(1089536K)
[2022-04-23T00:27:05.654+0800][gc           ] GC(1173) Pause Young (Normal) (G1 Evacuation Pause) 295M->248M(1024M) 15.657ms
[2022-04-23T00:27:05.654+0800][gc,cpu       ] GC(1173) User=0.03s Sys=0.00s Real=0.02s
[2022-04-23T00:27:21.735+0800][gc,start     ] GC(1174) Pause Young (Normal) (G1 Evacuation Pause)
[2022-04-23T00:27:21.736+0800][gc,task      ] GC(1174) Using 8 workers of 8 for evacuation
[2022-04-23T00:27:21.752+0800][gc,phases    ] GC(1174)   Pre Evacuate Collection Set: 0.3ms
[2022-04-23T00:27:21.752+0800][gc,phases    ] GC(1174)   Evacuate Collection Set: 13.9ms
[2022-04-23T00:27:21.752+0800][gc,phases    ] GC(1174)   Post Evacuate Collection Set: 1.3ms
[2022-04-23T00:27:21.752+0800][gc,phases    ] GC(1174)   Other: 1.6ms
[2022-04-23T00:27:21.752+0800][gc,heap      ] GC(1174) Eden regions: 48->0(49)
[2022-04-23T00:27:21.752+0800][gc,heap      ] GC(1174) Survivor regions: 4->4(7)
[2022-04-23T00:27:21.752+0800][gc,heap      ] GC(1174) Old regions: 115->115
[2022-04-23T00:27:21.752+0800][gc,heap      ] GC(1174) Archive regions: 2->2
[2022-04-23T00:27:21.752+0800][gc,heap      ] GC(1174) Humongous regions: 129->129
[2022-04-23T00:27:21.752+0800][gc,metaspace ] GC(1174) Metaspace: 43653K->43653K(1089536K)
[2022-04-23T00:27:21.752+0800][gc           ] GC(1174) Pause Young (Normal) (G1 Evacuation Pause) 296M->248M(1024M) 17.281ms
[2022-04-23T00:27:21.753+0800][gc,cpu       ] GC(1174) User=0.04s Sys=0.02s Real=0.02s
[2022-04-23T00:27:38.253+0800][gc,start     ] GC(1175) Pause Young (Normal) (G1 Evacuation Pause)
[2022-04-23T00:27:38.253+0800][gc,task      ] GC(1175) Using 8 workers of 8 for evacuation
[2022-04-23T00:27:38.277+0800][gc,mmu       ] GC(1175) MMU target violated: 21.0ms (20.0ms/21.0ms)
[2022-04-23T00:27:38.277+0800][gc,phases    ] GC(1175)   Pre Evacuate Collection Set: 0.4ms
[2022-04-23T00:27:38.277+0800][gc,phases    ] GC(1175)   Evacuate Collection Set: 20.8ms
[2022-04-23T00:27:38.277+0800][gc,phases    ] GC(1175)   Post Evacuate Collection Set: 0.8ms
[2022-04-23T00:27:38.277+0800][gc,phases    ] GC(1175)   Other: 2.7ms
[2022-04-23T00:27:38.277+0800][gc,heap      ] GC(1175) Eden regions: 49->0(49)
[2022-04-23T00:27:38.277+0800][gc,heap      ] GC(1175) Survivor regions: 4->5(7)
[2022-04-23T00:27:38.277+0800][gc,heap      ] GC(1175) Old regions: 115->116
[2022-04-23T00:27:38.277+0800][gc,heap      ] GC(1175) Archive regions: 2->2
[2022-04-23T00:27:38.277+0800][gc,heap      ] GC(1175) Humongous regions: 129->129
[2022-04-23T00:27:38.277+0800][gc,metaspace ] GC(1175) Metaspace: 43653K->43653K(1089536K)
[2022-04-23T00:27:38.277+0800][gc           ] GC(1175) Pause Young (Normal) (G1 Evacuation Pause) 297M->249M(1024M) 24.129ms
[2022-04-23T00:27:38.277+0800][gc,cpu       ] GC(1175) User=0.04s Sys=0.03s Real=0.02s
[2022-04-23T00:27:54.318+0800][gc,start     ] GC(1176) Pause Young (Normal) (G1 Evacuation Pause)
[2022-04-23T00:27:54.320+0800][gc,task      ] GC(1176) Using 8 workers of 8 for evacuation
[2022-04-23T00:27:54.344+0800][gc,mmu       ] GC(1176) MMU target violated: 21.0ms (20.0ms/21.0ms)
[2022-04-23T00:27:54.344+0800][gc,phases    ] GC(1176)   Pre Evacuate Collection Set: 0.5ms
[2022-04-23T00:27:54.344+0800][gc,phases    ] GC(1176)   Evacuate Collection Set: 21.3ms
[2022-04-23T00:27:54.344+0800][gc,phases    ] GC(1176)   Post Evacuate Collection Set: 0.8ms
[2022-04-23T00:27:54.344+0800][gc,phases    ] GC(1176)   Other: 3.3ms
[2022-04-23T00:27:54.344+0800][gc,heap      ] GC(1176) Eden regions: 49->0(48)
[2022-04-23T00:27:54.344+0800][gc,heap      ] GC(1176) Survivor regions: 5->5(7)
[2022-04-23T00:27:54.344+0800][gc,heap      ] GC(1176) Old regions: 116->116
[2022-04-23T00:27:54.344+0800][gc,heap      ] GC(1176) Archive regions: 2->2
[2022-04-23T00:27:54.344+0800][gc,heap      ] GC(1176) Humongous regions: 129->129
[2022-04-23T00:27:54.344+0800][gc,metaspace ] GC(1176) Metaspace: 43653K->43653K(1089536K)
[2022-04-23T00:27:54.344+0800][gc           ] GC(1176) Pause Young (Normal) (G1 Evacuation Pause) 298M->249M(1024M) 26.022ms
[2022-04-23T00:27:54.344+0800][gc,cpu       ] GC(1176) User=0.04s Sys=0.02s Real=0.03s
[2022-04-23T00:28:10.424+0800][gc,start     ] GC(1177) Pause Young (Normal) (G1 Evacuation Pause)
[2022-04-23T00:28:10.424+0800][gc,task      ] GC(1177) Using 8 workers of 8 for evacuation
[2022-04-23T00:28:10.442+0800][gc,phases    ] GC(1177)   Pre Evacuate Collection Set: 0.3ms
[2022-04-23T00:28:10.442+0800][gc,phases    ] GC(1177)   Evacuate Collection Set: 15.8ms
[2022-04-23T00:28:10.442+0800][gc,phases    ] GC(1177)   Post Evacuate Collection Set: 0.8ms
[2022-04-23T00:28:10.442+0800][gc,phases    ] GC(1177)   Other: 1.4ms
[2022-04-23T00:28:10.442+0800][gc,heap      ] GC(1177) Eden regions: 48->0(48)
[2022-04-23T00:28:10.442+0800][gc,heap      ] GC(1177) Survivor regions: 5->4(7)
[2022-04-23T00:28:10.442+0800][gc,heap      ] GC(1177) Old regions: 116->117
[2022-04-23T00:28:10.442+0800][gc,heap      ] GC(1177) Archive regions: 2->2
[2022-04-23T00:28:10.442+0800][gc,heap      ] GC(1177) Humongous regions: 129->129
[2022-04-23T00:28:10.442+0800][gc,metaspace ] GC(1177) Metaspace: 43653K->43653K(1089536K)
[2022-04-23T00:28:10.443+0800][gc           ] GC(1177) Pause Young (Normal) (G1 Evacuation Pause) 297M->250M(1024M) 18.759ms
[2022-04-23T00:28:10.443+0800][gc,cpu       ] GC(1177) User=0.04s Sys=0.01s Real=0.02s
[2022-04-23T00:28:26.086+0800][gc,start     ] GC(1178) Pause Young (Normal) (G1 Evacuation Pause)
[2022-04-23T00:28:26.088+0800][gc,task      ] GC(1178) Using 8 workers of 8 for evacuation
[2022-04-23T00:28:26.104+0800][gc,phases    ] GC(1178)   Pre Evacuate Collection Set: 0.2ms
[2022-04-23T00:28:26.104+0800][gc,phases    ] GC(1178)   Evacuate Collection Set: 13.4ms
[2022-04-23T00:28:26.104+0800][gc,phases    ] GC(1178)   Post Evacuate Collection Set: 0.9ms
[2022-04-23T00:28:26.104+0800][gc,phases    ] GC(1178)   Other: 2.9ms
[2022-04-23T00:28:26.104+0800][gc,heap      ] GC(1178) Eden regions: 47->0(49)
[2022-04-23T00:28:26.104+0800][gc,heap      ] GC(1178) Survivor regions: 4->4(7)
[2022-04-23T00:28:26.104+0800][gc,heap      ] GC(1178) Old regions: 117->118
[2022-04-23T00:28:26.104+0800][gc,heap      ] GC(1178) Archive regions: 2->2
[2022-04-23T00:28:26.104+0800][gc,heap      ] GC(1178) Humongous regions: 129->129
[2022-04-23T00:28:26.104+0800][gc,metaspace ] GC(1178) Metaspace: 43653K->43653K(1089536K)
[2022-04-23T00:28:26.104+0800][gc           ] GC(1178) Pause Young (Normal) (G1 Evacuation Pause) 297M->250M(1024M) 17.624ms
[2022-04-23T00:28:26.104+0800][gc,cpu       ] GC(1178) User=0.04s Sys=0.01s Real=0.02s
[2022-04-23T00:28:42.529+0800][gc,start     ] GC(1179) Pause Young (Normal) (G1 Evacuation Pause)
[2022-04-23T00:28:42.530+0800][gc,task      ] GC(1179) Using 8 workers of 8 for evacuation
[2022-04-23T00:28:42.543+0800][gc,phases    ] GC(1179)   Pre Evacuate Collection Set: 0.2ms
[2022-04-23T00:28:42.543+0800][gc,phases    ] GC(1179)   Evacuate Collection Set: 11.2ms
[2022-04-23T00:28:42.543+0800][gc,phases    ] GC(1179)   Post Evacuate Collection Set: 0.5ms
[2022-04-23T00:28:42.543+0800][gc,phases    ] GC(1179)   Other: 1.5ms
[2022-04-23T00:28:42.543+0800][gc,heap      ] GC(1179) Eden regions: 49->0(53)
[2022-04-23T00:28:42.543+0800][gc,heap      ] GC(1179) Survivor regions: 4->5(7)
[2022-04-23T00:28:42.543+0800][gc,heap      ] GC(1179) Old regions: 118->118
[2022-04-23T00:28:42.543+0800][gc,heap      ] GC(1179) Archive regions: 2->2
[2022-04-23T00:28:42.543+0800][gc,heap      ] GC(1179) Humongous regions: 129->129
[2022-04-23T00:28:42.543+0800][gc,metaspace ] GC(1179) Metaspace: 43653K->43653K(1089536K)
[2022-04-23T00:28:42.543+0800][gc           ] GC(1179) Pause Young (Normal) (G1 Evacuation Pause) 299M->251M(1024M) 13.561ms
[2022-04-23T00:28:42.543+0800][gc,cpu       ] GC(1179) User=0.04s Sys=0.01s Real=0.02s
[2022-04-23T00:28:59.332+0800][gc,start     ] GC(1180) Pause Young (Normal) (G1 Evacuation Pause)
[2022-04-23T00:28:59.347+0800][gc,task      ] GC(1180) Using 8 workers of 8 for evacuation
[2022-04-23T00:28:59.380+0800][gc,mmu       ] GC(1180) MMU target violated: 21.0ms (20.0ms/21.0ms)
[2022-04-23T00:28:59.380+0800][gc,phases    ] GC(1180)   Pre Evacuate Collection Set: 0.2ms
[2022-04-23T00:28:59.380+0800][gc,phases    ] GC(1180)   Evacuate Collection Set: 30.8ms
[2022-04-23T00:28:59.380+0800][gc,phases    ] GC(1180)   Post Evacuate Collection Set: 0.8ms
[2022-04-23T00:28:59.380+0800][gc,phases    ] GC(1180)   Other: 15.9ms
[2022-04-23T00:28:59.380+0800][gc,heap      ] GC(1180) Eden regions: 51->0(47)
[2022-04-23T00:28:59.380+0800][gc,heap      ] GC(1180) Survivor regions: 5->5(7)
[2022-04-23T00:28:59.380+0800][gc,heap      ] GC(1180) Old regions: 118->118
[2022-04-23T00:28:59.380+0800][gc,heap      ] GC(1180) Archive regions: 2->2
[2022-04-23T00:28:59.380+0800][gc,heap      ] GC(1180) Humongous regions: 129->129
[2022-04-23T00:28:59.380+0800][gc,metaspace ] GC(1180) Metaspace: 43653K->43653K(1089536K)
[2022-04-23T00:28:59.380+0800][gc           ] GC(1180) Pause Young (Normal) (G1 Evacuation Pause) 302M->252M(1024M) 47.739ms
[2022-04-23T00:28:59.380+0800][gc,cpu       ] GC(1180) User=0.06s Sys=0.02s Real=0.05s
[2022-04-23T00:29:14.756+0800][gc,start     ] GC(1181) Pause Young (Normal) (G1 Evacuation Pause)
[2022-04-23T00:29:14.757+0800][gc,task      ] GC(1181) Using 8 workers of 8 for evacuation
[2022-04-23T00:29:14.781+0800][gc,mmu       ] GC(1181) MMU target violated: 21.0ms (20.0ms/21.0ms)
[2022-04-23T00:29:14.781+0800][gc,phases    ] GC(1181)   Pre Evacuate Collection Set: 0.2ms
[2022-04-23T00:29:14.781+0800][gc,phases    ] GC(1181)   Evacuate Collection Set: 22.6ms
[2022-04-23T00:29:14.781+0800][gc,phases    ] GC(1181)   Post Evacuate Collection Set: 0.8ms
[2022-04-23T00:29:14.781+0800][gc,phases    ] GC(1181)   Other: 1.0ms
[2022-04-23T00:29:14.781+0800][gc,heap      ] GC(1181) Eden regions: 46->0(45)
[2022-04-23T00:29:14.781+0800][gc,heap      ] GC(1181) Survivor regions: 5->6(7)
[2022-04-23T00:29:14.781+0800][gc,heap      ] GC(1181) Old regions: 118->119
[2022-04-23T00:29:14.781+0800][gc,heap      ] GC(1181) Archive regions: 2->2
[2022-04-23T00:29:14.781+0800][gc,heap      ] GC(1181) Humongous regions: 129->129
[2022-04-23T00:29:14.781+0800][gc,metaspace ] GC(1181) Metaspace: 43653K->43653K(1089536K)
[2022-04-23T00:29:14.781+0800][gc           ] GC(1181) Pause Young (Normal) (G1 Evacuation Pause) 298M->253M(1024M) 24.696ms
[2022-04-23T00:29:14.781+0800][gc,cpu       ] GC(1181) User=0.05s Sys=0.02s Real=0.03s
[2022-04-23T00:29:29.717+0800][gc,start     ] GC(1182) Pause Young (Normal) (G1 Evacuation Pause)
[2022-04-23T00:29:29.717+0800][gc,task      ] GC(1182) Using 8 workers of 8 for evacuation
[2022-04-23T00:29:29.740+0800][gc,mmu       ] GC(1182) MMU target violated: 21.0ms (20.0ms/21.0ms)
[2022-04-23T00:29:29.740+0800][gc,phases    ] GC(1182)   Pre Evacuate Collection Set: 0.3ms
[2022-04-23T00:29:29.740+0800][gc,phases    ] GC(1182)   Evacuate Collection Set: 20.8ms
[2022-04-23T00:29:29.740+0800][gc,phases    ] GC(1182)   Post Evacuate Collection Set: 1.0ms
[2022-04-23T00:29:29.740+0800][gc,phases    ] GC(1182)   Other: 1.6ms
[2022-04-23T00:29:29.740+0800][gc,heap      ] GC(1182) Eden regions: 45->0(47)
[2022-04-23T00:29:29.740+0800][gc,heap      ] GC(1182) Survivor regions: 6->4(7)
[2022-04-23T00:29:29.740+0800][gc,heap      ] GC(1182) Old regions: 119->121
[2022-04-23T00:29:29.740+0800][gc,heap      ] GC(1182) Archive regions: 2->2
[2022-04-23T00:29:29.740+0800][gc,heap      ] GC(1182) Humongous regions: 129->129
[2022-04-23T00:29:29.740+0800][gc,metaspace ] GC(1182) Metaspace: 43653K->43653K(1089536K)
[2022-04-23T00:29:29.740+0800][gc           ] GC(1182) Pause Young (Normal) (G1 Evacuation Pause) 298M->254M(1024M) 23.818ms
[2022-04-23T00:29:29.740+0800][gc,cpu       ] GC(1182) User=0.05s Sys=0.03s Real=0.03s
[2022-04-23T00:29:45.443+0800][gc,start     ] GC(1183) Pause Young (Normal) (G1 Evacuation Pause)
[2022-04-23T00:29:45.443+0800][gc,task      ] GC(1183) Using 8 workers of 8 for evacuation
[2022-04-23T00:29:45.468+0800][gc,mmu       ] GC(1183) MMU target violated: 21.0ms (20.0ms/21.0ms)
[2022-04-23T00:29:45.468+0800][gc,phases    ] GC(1183)   Pre Evacuate Collection Set: 0.2ms
[2022-04-23T00:29:45.468+0800][gc,phases    ] GC(1183)   Evacuate Collection Set: 23.1ms
[2022-04-23T00:29:45.468+0800][gc,phases    ] GC(1183)   Post Evacuate Collection Set: 0.6ms
[2022-04-23T00:29:45.468+0800][gc,phases    ] GC(1183)   Other: 0.9ms
[2022-04-23T00:29:45.468+0800][gc,heap      ] GC(1183) Eden regions: 47->0(48)
[2022-04-23T00:29:45.468+0800][gc,heap      ] GC(1183) Survivor regions: 4->5(7)
[2022-04-23T00:29:45.468+0800][gc,heap      ] GC(1183) Old regions: 121->121
[2022-04-23T00:29:45.468+0800][gc,heap      ] GC(1183) Archive regions: 2->2
[2022-04-23T00:29:45.468+0800][gc,heap      ] GC(1183) Humongous regions: 129->129
[2022-04-23T00:29:45.468+0800][gc,metaspace ] GC(1183) Metaspace: 43653K->43653K(1089536K)
[2022-04-23T00:29:45.468+0800][gc           ] GC(1183) Pause Young (Normal) (G1 Evacuation Pause) 301M->254M(1024M) 24.890ms
[2022-04-23T00:29:45.468+0800][gc,cpu       ] GC(1183) User=0.04s Sys=0.00s Real=0.02s
[2022-04-23T00:30:00.796+0800][gc,start     ] GC(1184) Pause Young (Normal) (G1 Evacuation Pause)
[2022-04-23T00:30:00.796+0800][gc,task      ] GC(1184) Using 8 workers of 8 for evacuation
[2022-04-23T00:30:00.835+0800][gc,mmu       ] GC(1184) MMU target violated: 21.0ms (20.0ms/21.0ms)
[2022-04-23T00:30:00.835+0800][gc,phases    ] GC(1184)   Pre Evacuate Collection Set: 0.2ms
[2022-04-23T00:30:00.835+0800][gc,phases    ] GC(1184)   Evacuate Collection Set: 36.6ms
[2022-04-23T00:30:00.835+0800][gc,phases    ] GC(1184)   Post Evacuate Collection Set: 1.3ms
[2022-04-23T00:30:00.835+0800][gc,phases    ] GC(1184)   Other: 1.4ms
[2022-04-23T00:30:00.835+0800][gc,heap      ] GC(1184) Eden regions: 46->0(47)
[2022-04-23T00:30:00.835+0800][gc,heap      ] GC(1184) Survivor regions: 5->4(7)
[2022-04-23T00:30:00.835+0800][gc,heap      ] GC(1184) Old regions: 121->121
[2022-04-23T00:30:00.835+0800][gc,heap      ] GC(1184) Archive regions: 2->2
[2022-04-23T00:30:00.835+0800][gc,heap      ] GC(1184) Humongous regions: 129->129
[2022-04-23T00:30:00.835+0800][gc,metaspace ] GC(1184) Metaspace: 43653K->43653K(1089536K)
[2022-04-23T00:30:00.836+0800][gc           ] GC(1184) Pause Young (Normal) (G1 Evacuation Pause) 300M->254M(1024M) 39.832ms
[2022-04-23T00:30:00.836+0800][gc,cpu       ] GC(1184) User=0.05s Sys=0.04s Real=0.04s
[2022-04-23T00:30:16.466+0800][gc,start     ] GC(1185) Pause Young (Normal) (G1 Evacuation Pause)
[2022-04-23T00:30:16.467+0800][gc,task      ] GC(1185) Using 8 workers of 8 for evacuation
[2022-04-23T00:30:16.483+0800][gc,phases    ] GC(1185)   Pre Evacuate Collection Set: 0.2ms
[2022-04-23T00:30:16.483+0800][gc,phases    ] GC(1185)   Evacuate Collection Set: 14.4ms
[2022-04-23T00:30:16.483+0800][gc,phases    ] GC(1185)   Post Evacuate Collection Set: 0.8ms
[2022-04-23T00:30:16.483+0800][gc,phases    ] GC(1185)   Other: 1.2ms
[2022-04-23T00:30:16.483+0800][gc,heap      ] GC(1185) Eden regions: 47->0(47)
[2022-04-23T00:30:16.483+0800][gc,heap      ] GC(1185) Survivor regions: 4->4(7)
[2022-04-23T00:30:16.483+0800][gc,heap      ] GC(1185) Old regions: 121->121
[2022-04-23T00:30:16.483+0800][gc,heap      ] GC(1185) Archive regions: 2->2
[2022-04-23T00:30:16.483+0800][gc,heap      ] GC(1185) Humongous regions: 129->129
[2022-04-23T00:30:16.483+0800][gc,metaspace ] GC(1185) Metaspace: 43653K->43653K(1089536K)
[2022-04-23T00:30:16.483+0800][gc           ] GC(1185) Pause Young (Normal) (G1 Evacuation Pause) 301M->254M(1024M) 16.870ms
[2022-04-23T00:30:16.483+0800][gc,cpu       ] GC(1185) User=0.04s Sys=0.02s Real=0.02s
[2022-04-23T00:30:32.316+0800][gc,start     ] GC(1186) Pause Young (Normal) (G1 Evacuation Pause)
[2022-04-23T00:30:32.316+0800][gc,task      ] GC(1186) Using 8 workers of 8 for evacuation
[2022-04-23T00:30:32.335+0800][gc,phases    ] GC(1186)   Pre Evacuate Collection Set: 0.1ms
[2022-04-23T00:30:32.335+0800][gc,phases    ] GC(1186)   Evacuate Collection Set: 17.6ms
[2022-04-23T00:30:32.335+0800][gc,phases    ] GC(1186)   Post Evacuate Collection Set: 0.4ms
[2022-04-23T00:30:32.335+0800][gc,phases    ] GC(1186)   Other: 0.8ms
[2022-04-23T00:30:32.335+0800][gc,heap      ] GC(1186) Eden regions: 47->0(47)
[2022-04-23T00:30:32.335+0800][gc,heap      ] GC(1186) Survivor regions: 4->5(7)
[2022-04-23T00:30:32.335+0800][gc,heap      ] GC(1186) Old regions: 121->121
[2022-04-23T00:30:32.335+0800][gc,heap      ] GC(1186) Archive regions: 2->2
[2022-04-23T00:30:32.335+0800][gc,heap      ] GC(1186) Humongous regions: 129->129
[2022-04-23T00:30:32.335+0800][gc,metaspace ] GC(1186) Metaspace: 43653K->43653K(1089536K)
[2022-04-23T00:30:32.335+0800][gc           ] GC(1186) Pause Young (Normal) (G1 Evacuation Pause) 301M->254M(1024M) 19.076ms
[2022-04-23T00:30:32.335+0800][gc,cpu       ] GC(1186) User=0.04s Sys=0.01s Real=0.02s
[2022-04-23T00:30:47.738+0800][gc,start     ] GC(1187) Pause Young (Normal) (G1 Evacuation Pause)
[2022-04-23T00:30:47.738+0800][gc,task      ] GC(1187) Using 8 workers of 8 for evacuation
[2022-04-23T00:30:47.783+0800][gc,mmu       ] GC(1187) MMU target violated: 21.0ms (20.0ms/21.0ms)
[2022-04-23T00:30:47.783+0800][gc,phases    ] GC(1187)   Pre Evacuate Collection Set: 0.3ms
[2022-04-23T00:30:47.784+0800][gc,phases    ] GC(1187)   Evacuate Collection Set: 42.8ms
[2022-04-23T00:30:47.784+0800][gc,phases    ] GC(1187)   Post Evacuate Collection Set: 1.1ms
[2022-04-23T00:30:47.784+0800][gc,phases    ] GC(1187)   Other: 1.4ms
[2022-04-23T00:30:47.784+0800][gc,heap      ] GC(1187) Eden regions: 46->0(46)
[2022-04-23T00:30:47.784+0800][gc,heap      ] GC(1187) Survivor regions: 5->5(7)
[2022-04-23T00:30:47.784+0800][gc,heap      ] GC(1187) Old regions: 121->123
[2022-04-23T00:30:47.784+0800][gc,heap      ] GC(1187) Archive regions: 2->2
[2022-04-23T00:30:47.784+0800][gc,heap      ] GC(1187) Humongous regions: 129->129
[2022-04-23T00:30:47.784+0800][gc,metaspace ] GC(1187) Metaspace: 43653K->43653K(1089536K)
[2022-04-23T00:30:47.784+0800][gc           ] GC(1187) Pause Young (Normal) (G1 Evacuation Pause) 300M->256M(1024M) 45.737ms
[2022-04-23T00:30:47.784+0800][gc,cpu       ] GC(1187) User=0.04s Sys=0.06s Real=0.05s
[2022-04-23T00:31:03.054+0800][gc,start     ] GC(1188) Pause Young (Normal) (G1 Evacuation Pause)
[2022-04-23T00:31:03.054+0800][gc,task      ] GC(1188) Using 8 workers of 8 for evacuation
[2022-04-23T00:31:03.079+0800][gc,mmu       ] GC(1188) MMU target violated: 21.0ms (20.0ms/21.0ms)
[2022-04-23T00:31:03.079+0800][gc,phases    ] GC(1188)   Pre Evacuate Collection Set: 0.3ms
[2022-04-23T00:31:03.079+0800][gc,phases    ] GC(1188)   Evacuate Collection Set: 22.2ms
[2022-04-23T00:31:03.079+0800][gc,phases    ] GC(1188)   Post Evacuate Collection Set: 0.9ms
[2022-04-23T00:31:03.079+0800][gc,phases    ] GC(1188)   Other: 1.7ms
[2022-04-23T00:31:03.079+0800][gc,heap      ] GC(1188) Eden regions: 46->0(46)
[2022-04-23T00:31:03.079+0800][gc,heap      ] GC(1188) Survivor regions: 5->5(7)
[2022-04-23T00:31:03.079+0800][gc,heap      ] GC(1188) Old regions: 123->123
[2022-04-23T00:31:03.079+0800][gc,heap      ] GC(1188) Archive regions: 2->2
[2022-04-23T00:31:03.079+0800][gc,heap      ] GC(1188) Humongous regions: 129->129
[2022-04-23T00:31:03.079+0800][gc,metaspace ] GC(1188) Metaspace: 43653K->43653K(1089536K)
[2022-04-23T00:31:03.079+0800][gc           ] GC(1188) Pause Young (Normal) (G1 Evacuation Pause) 302M->256M(1024M) 25.236ms
[2022-04-23T00:31:03.079+0800][gc,cpu       ] GC(1188) User=0.04s Sys=0.02s Real=0.02s
[2022-04-23T00:31:18.460+0800][gc,start     ] GC(1189) Pause Young (Normal) (G1 Evacuation Pause)
[2022-04-23T00:31:18.460+0800][gc,task      ] GC(1189) Using 8 workers of 8 for evacuation
[2022-04-23T00:31:18.477+0800][gc,phases    ] GC(1189)   Pre Evacuate Collection Set: 0.2ms
[2022-04-23T00:31:18.477+0800][gc,phases    ] GC(1189)   Evacuate Collection Set: 14.6ms
[2022-04-23T00:31:18.477+0800][gc,phases    ] GC(1189)   Post Evacuate Collection Set: 0.5ms
[2022-04-23T00:31:18.477+0800][gc,phases    ] GC(1189)   Other: 1.6ms
[2022-04-23T00:31:18.477+0800][gc,heap      ] GC(1189) Eden regions: 46->0(47)
[2022-04-23T00:31:18.477+0800][gc,heap      ] GC(1189) Survivor regions: 5->4(7)
[2022-04-23T00:31:18.477+0800][gc,heap      ] GC(1189) Old regions: 123->124
[2022-04-23T00:31:18.477+0800][gc,heap      ] GC(1189) Archive regions: 2->2
[2022-04-23T00:31:18.477+0800][gc,heap      ] GC(1189) Humongous regions: 129->129
[2022-04-23T00:31:18.477+0800][gc,metaspace ] GC(1189) Metaspace: 43653K->43653K(1089536K)
[2022-04-23T00:31:18.477+0800][gc           ] GC(1189) Pause Young (Normal) (G1 Evacuation Pause) 302M->256M(1024M) 16.937ms
[2022-04-23T00:31:18.477+0800][gc,cpu       ] GC(1189) User=0.04s Sys=0.01s Real=0.01s
[2022-04-23T00:31:34.143+0800][gc,start     ] GC(1190) Pause Young (Normal) (G1 Evacuation Pause)
[2022-04-23T00:31:34.144+0800][gc,task      ] GC(1190) Using 8 workers of 8 for evacuation
[2022-04-23T00:31:34.159+0800][gc,phases    ] GC(1190)   Pre Evacuate Collection Set: 0.2ms
[2022-04-23T00:31:34.159+0800][gc,phases    ] GC(1190)   Evacuate Collection Set: 13.0ms
[2022-04-23T00:31:34.159+0800][gc,phases    ] GC(1190)   Post Evacuate Collection Set: 1.0ms
[2022-04-23T00:31:34.159+0800][gc,phases    ] GC(1190)   Other: 1.2ms
[2022-04-23T00:31:34.159+0800][gc,heap      ] GC(1190) Eden regions: 47->0(51)
[2022-04-23T00:31:34.159+0800][gc,heap      ] GC(1190) Survivor regions: 4->4(7)
[2022-04-23T00:31:34.159+0800][gc,heap      ] GC(1190) Old regions: 124->124
[2022-04-23T00:31:34.159+0800][gc,heap      ] GC(1190) Archive regions: 2->2
[2022-04-23T00:31:34.159+0800][gc,heap      ] GC(1190) Humongous regions: 129->129
[2022-04-23T00:31:34.159+0800][gc,metaspace ] GC(1190) Metaspace: 43653K->43653K(1089536K)
[2022-04-23T00:31:34.159+0800][gc           ] GC(1190) Pause Young (Normal) (G1 Evacuation Pause) 303M->256M(1024M) 15.708ms
[2022-04-23T00:31:34.159+0800][gc,cpu       ] GC(1190) User=0.04s Sys=0.01s Real=0.01s
[2022-04-23T00:31:49.640+0800][gc,start     ] GC(1191) Pause Young (Normal) (G1 Evacuation Pause)
[2022-04-23T00:31:49.654+0800][gc,task      ] GC(1191) Using 8 workers of 8 for evacuation
[2022-04-23T00:31:49.672+0800][gc,phases    ] GC(1191)   Pre Evacuate Collection Set: 0.2ms
[2022-04-23T00:31:49.672+0800][gc,phases    ] GC(1191)   Evacuate Collection Set: 16.5ms
[2022-04-23T00:31:49.672+0800][gc,phases    ] GC(1191)   Post Evacuate Collection Set: 0.8ms
[2022-04-23T00:31:49.672+0800][gc,phases    ] GC(1191)   Other: 14.4ms
[2022-04-23T00:31:49.673+0800][gc,heap      ] GC(1191) Eden regions: 47->0(53)
[2022-04-23T00:31:49.673+0800][gc,heap      ] GC(1191) Survivor regions: 4->5(7)
[2022-04-23T00:31:49.673+0800][gc,heap      ] GC(1191) Old regions: 124->124
[2022-04-23T00:31:49.673+0800][gc,heap      ] GC(1191) Archive regions: 2->2
[2022-04-23T00:31:49.673+0800][gc,heap      ] GC(1191) Humongous regions: 129->129
[2022-04-23T00:31:49.673+0800][gc,metaspace ] GC(1191) Metaspace: 43653K->43653K(1089536K)
[2022-04-23T00:31:49.673+0800][gc           ] GC(1191) Pause Young (Normal) (G1 Evacuation Pause) 303M->257M(1024M) 32.195ms
[2022-04-23T00:31:49.673+0800][gc,cpu       ] GC(1191) User=0.06s Sys=0.01s Real=0.03s
[2022-04-23T00:32:07.119+0800][gc,start     ] GC(1192) Pause Young (Normal) (G1 Evacuation Pause)
[2022-04-23T00:32:07.120+0800][gc,task      ] GC(1192) Using 8 workers of 8 for evacuation
[2022-04-23T00:32:07.148+0800][gc,mmu       ] GC(1192) MMU target violated: 21.0ms (20.0ms/21.0ms)
[2022-04-23T00:32:07.148+0800][gc,phases    ] GC(1192)   Pre Evacuate Collection Set: 0.4ms
[2022-04-23T00:32:07.148+0800][gc,phases    ] GC(1192)   Evacuate Collection Set: 10.8ms
[2022-04-23T00:32:07.148+0800][gc,phases    ] GC(1192)   Post Evacuate Collection Set: 0.9ms
[2022-04-23T00:32:07.148+0800][gc,phases    ] GC(1192)   Other: 17.2ms
[2022-04-23T00:32:07.148+0800][gc,heap      ] GC(1192) Eden regions: 53->0(46)
[2022-04-23T00:32:07.148+0800][gc,heap      ] GC(1192) Survivor regions: 5->5(8)
[2022-04-23T00:32:07.148+0800][gc,heap      ] GC(1192) Old regions: 124->124
[2022-04-23T00:32:07.148+0800][gc,heap      ] GC(1192) Archive regions: 2->2
[2022-04-23T00:32:07.148+0800][gc,heap      ] GC(1192) Humongous regions: 129->129
[2022-04-23T00:32:07.148+0800][gc,metaspace ] GC(1192) Metaspace: 43653K->43653K(1089536K)
[2022-04-23T00:32:07.148+0800][gc           ] GC(1192) Pause Young (Normal) (G1 Evacuation Pause) 310M->258M(1024M) 29.210ms
[2022-04-23T00:32:07.148+0800][gc,cpu       ] GC(1192) User=0.03s Sys=0.02s Real=0.03s
[2022-04-23T00:32:22.397+0800][gc,start     ] GC(1193) Pause Young (Normal) (G1 Evacuation Pause)
[2022-04-23T00:32:22.398+0800][gc,task      ] GC(1193) Using 8 workers of 8 for evacuation
[2022-04-23T00:32:22.431+0800][gc,mmu       ] GC(1193) MMU target violated: 21.0ms (20.0ms/21.0ms)
[2022-04-23T00:32:22.431+0800][gc,phases    ] GC(1193)   Pre Evacuate Collection Set: 0.3ms
[2022-04-23T00:32:22.431+0800][gc,phases    ] GC(1193)   Evacuate Collection Set: 31.1ms
[2022-04-23T00:32:22.431+0800][gc,phases    ] GC(1193)   Post Evacuate Collection Set: 1.0ms
[2022-04-23T00:32:22.431+0800][gc,phases    ] GC(1193)   Other: 2.0ms
[2022-04-23T00:32:22.431+0800][gc,heap      ] GC(1193) Eden regions: 46->0(47)
[2022-04-23T00:32:22.431+0800][gc,heap      ] GC(1193) Survivor regions: 5->4(7)
[2022-04-23T00:32:22.431+0800][gc,heap      ] GC(1193) Old regions: 124->125
[2022-04-23T00:32:22.431+0800][gc,heap      ] GC(1193) Archive regions: 2->2
[2022-04-23T00:32:22.431+0800][gc,heap      ] GC(1193) Humongous regions: 129->129
[2022-04-23T00:32:22.431+0800][gc,metaspace ] GC(1193) Metaspace: 43653K->43653K(1089536K)
[2022-04-23T00:32:22.431+0800][gc           ] GC(1193) Pause Young (Normal) (G1 Evacuation Pause) 304M->258M(1024M) 34.465ms
[2022-04-23T00:32:22.431+0800][gc,cpu       ] GC(1193) User=0.04s Sys=0.03s Real=0.04s
[2022-04-23T00:32:37.980+0800][gc,start     ] GC(1194) Pause Young (Normal) (G1 Evacuation Pause)
[2022-04-23T00:32:37.980+0800][gc,task      ] GC(1194) Using 8 workers of 8 for evacuation
[2022-04-23T00:32:37.989+0800][gc,phases    ] GC(1194)   Pre Evacuate Collection Set: 0.1ms
[2022-04-23T00:32:37.989+0800][gc,phases    ] GC(1194)   Evacuate Collection Set: 7.3ms
[2022-04-23T00:32:37.989+0800][gc,phases    ] GC(1194)   Post Evacuate Collection Set: 0.7ms
[2022-04-23T00:32:37.989+0800][gc,phases    ] GC(1194)   Other: 0.8ms
[2022-04-23T00:32:37.989+0800][gc,heap      ] GC(1194) Eden regions: 47->0(46)
[2022-04-23T00:32:37.989+0800][gc,heap      ] GC(1194) Survivor regions: 4->5(7)
[2022-04-23T00:32:37.989+0800][gc,heap      ] GC(1194) Old regions: 125->125
[2022-04-23T00:32:37.989+0800][gc,heap      ] GC(1194) Archive regions: 2->2
[2022-04-23T00:32:37.989+0800][gc,heap      ] GC(1194) Humongous regions: 129->129
[2022-04-23T00:32:37.989+0800][gc,metaspace ] GC(1194) Metaspace: 43653K->43653K(1089536K)
[2022-04-23T00:32:37.989+0800][gc           ] GC(1194) Pause Young (Normal) (G1 Evacuation Pause) 305M->258M(1024M) 9.036ms
[2022-04-23T00:32:37.989+0800][gc,cpu       ] GC(1194) User=0.02s Sys=0.02s Real=0.00s
[2022-04-23T00:32:53.138+0800][gc,start     ] GC(1195) Pause Young (Normal) (G1 Evacuation Pause)
[2022-04-23T00:32:53.139+0800][gc,task      ] GC(1195) Using 8 workers of 8 for evacuation
[2022-04-23T00:32:53.167+0800][gc,mmu       ] GC(1195) MMU target violated: 21.0ms (20.0ms/21.0ms)
[2022-04-23T00:32:53.167+0800][gc,phases    ] GC(1195)   Pre Evacuate Collection Set: 0.6ms
[2022-04-23T00:32:53.167+0800][gc,phases    ] GC(1195)   Evacuate Collection Set: 25.2ms
[2022-04-23T00:32:53.167+0800][gc,phases    ] GC(1195)   Post Evacuate Collection Set: 0.9ms
[2022-04-23T00:32:53.167+0800][gc,phases    ] GC(1195)   Other: 2.6ms
[2022-04-23T00:32:53.167+0800][gc,heap      ] GC(1195) Eden regions: 46->0(47)
[2022-04-23T00:32:53.167+0800][gc,heap      ] GC(1195) Survivor regions: 5->4(7)
[2022-04-23T00:32:53.167+0800][gc,heap      ] GC(1195) Old regions: 125->125
[2022-04-23T00:32:53.167+0800][gc,heap      ] GC(1195) Archive regions: 2->2
[2022-04-23T00:32:53.167+0800][gc,heap      ] GC(1195) Humongous regions: 129->129
[2022-04-23T00:32:53.167+0800][gc,metaspace ] GC(1195) Metaspace: 43654K->43654K(1089536K)
[2022-04-23T00:32:53.167+0800][gc           ] GC(1195) Pause Young (Normal) (G1 Evacuation Pause) 304M->258M(1024M) 29.409ms
[2022-04-23T00:32:53.167+0800][gc,cpu       ] GC(1195) User=0.04s Sys=0.03s Real=0.03s
[2022-04-23T00:33:08.670+0800][gc,start     ] GC(1196) Pause Young (Normal) (G1 Evacuation Pause)
[2022-04-23T00:33:08.670+0800][gc,task      ] GC(1196) Using 8 workers of 8 for evacuation
[2022-04-23T00:33:08.685+0800][gc,phases    ] GC(1196)   Pre Evacuate Collection Set: 0.1ms
[2022-04-23T00:33:08.685+0800][gc,phases    ] GC(1196)   Evacuate Collection Set: 14.1ms
[2022-04-23T00:33:08.685+0800][gc,phases    ] GC(1196)   Post Evacuate Collection Set: 0.4ms
[2022-04-23T00:33:08.685+0800][gc,phases    ] GC(1196)   Other: 0.7ms
[2022-04-23T00:33:08.685+0800][gc,heap      ] GC(1196) Eden regions: 47->0(46)
[2022-04-23T00:33:08.685+0800][gc,heap      ] GC(1196) Survivor regions: 4->5(7)
[2022-04-23T00:33:08.685+0800][gc,heap      ] GC(1196) Old regions: 125->125
[2022-04-23T00:33:08.685+0800][gc,heap      ] GC(1196) Archive regions: 2->2
[2022-04-23T00:33:08.685+0800][gc,heap      ] GC(1196) Humongous regions: 129->129
[2022-04-23T00:33:08.685+0800][gc,metaspace ] GC(1196) Metaspace: 43654K->43654K(1089536K)
[2022-04-23T00:33:08.685+0800][gc           ] GC(1196) Pause Young (Normal) (G1 Evacuation Pause) 305M->259M(1024M) 15.356ms
[2022-04-23T00:33:08.685+0800][gc,cpu       ] GC(1196) User=0.04s Sys=0.00s Real=0.01s
[2022-04-23T00:33:23.879+0800][gc,start     ] GC(1197) Pause Young (Normal) (G1 Evacuation Pause)
[2022-04-23T00:33:23.881+0800][gc,task      ] GC(1197) Using 8 workers of 8 for evacuation
[2022-04-23T00:33:23.913+0800][gc,mmu       ] GC(1197) MMU target violated: 21.0ms (20.0ms/21.0ms)
[2022-04-23T00:33:23.914+0800][gc,phases    ] GC(1197)   Pre Evacuate Collection Set: 0.3ms
[2022-04-23T00:33:23.914+0800][gc,phases    ] GC(1197)   Evacuate Collection Set: 31.4ms
[2022-04-23T00:33:23.914+0800][gc,phases    ] GC(1197)   Post Evacuate Collection Set: 0.5ms
[2022-04-23T00:33:23.914+0800][gc,phases    ] GC(1197)   Other: 2.4ms
[2022-04-23T00:33:23.914+0800][gc,heap      ] GC(1197) Eden regions: 46->0(46)
[2022-04-23T00:33:23.914+0800][gc,heap      ] GC(1197) Survivor regions: 5->5(7)
[2022-04-23T00:33:23.914+0800][gc,heap      ] GC(1197) Old regions: 125->127
[2022-04-23T00:33:23.914+0800][gc,heap      ] GC(1197) Archive regions: 2->2
[2022-04-23T00:33:23.914+0800][gc,heap      ] GC(1197) Humongous regions: 129->129
[2022-04-23T00:33:23.914+0800][gc,metaspace ] GC(1197) Metaspace: 43654K->43654K(1089536K)
[2022-04-23T00:33:23.914+0800][gc           ] GC(1197) Pause Young (Normal) (G1 Evacuation Pause) 305M->260M(1024M) 34.763ms
[2022-04-23T00:33:23.914+0800][gc,cpu       ] GC(1197) User=0.05s Sys=0.02s Real=0.04s
[2022-04-23T00:33:39.180+0800][gc,start     ] GC(1198) Pause Young (Normal) (G1 Evacuation Pause)
[2022-04-23T00:33:39.180+0800][gc,task      ] GC(1198) Using 8 workers of 8 for evacuation
[2022-04-23T00:33:39.214+0800][gc,mmu       ] GC(1198) MMU target violated: 21.0ms (20.0ms/21.0ms)
[2022-04-23T00:33:39.214+0800][gc,phases    ] GC(1198)   Pre Evacuate Collection Set: 0.4ms
[2022-04-23T00:33:39.214+0800][gc,phases    ] GC(1198)   Evacuate Collection Set: 32.0ms
[2022-04-23T00:33:39.214+0800][gc,phases    ] GC(1198)   Post Evacuate Collection Set: 0.6ms
[2022-04-23T00:33:39.214+0800][gc,phases    ] GC(1198)   Other: 1.4ms
[2022-04-23T00:33:39.214+0800][gc,heap      ] GC(1198) Eden regions: 46->0(47)
[2022-04-23T00:33:39.214+0800][gc,heap      ] GC(1198) Survivor regions: 5->4(7)
[2022-04-23T00:33:39.214+0800][gc,heap      ] GC(1198) Old regions: 127->127
[2022-04-23T00:33:39.214+0800][gc,heap      ] GC(1198) Archive regions: 2->2
[2022-04-23T00:33:39.214+0800][gc,heap      ] GC(1198) Humongous regions: 129->129
[2022-04-23T00:33:39.214+0800][gc,metaspace ] GC(1198) Metaspace: 43654K->43654K(1089536K)
[2022-04-23T00:33:39.214+0800][gc           ] GC(1198) Pause Young (Normal) (G1 Evacuation Pause) 306M->260M(1024M) 34.589ms
[2022-04-23T00:33:39.214+0800][gc,cpu       ] GC(1198) User=0.04s Sys=0.02s Real=0.03s
[2022-04-23T00:33:54.964+0800][gc,start     ] GC(1199) Pause Young (Normal) (G1 Evacuation Pause)
[2022-04-23T00:33:54.964+0800][gc,task      ] GC(1199) Using 8 workers of 8 for evacuation
[2022-04-23T00:33:54.976+0800][gc,phases    ] GC(1199)   Pre Evacuate Collection Set: 0.2ms
[2022-04-23T00:33:54.976+0800][gc,phases    ] GC(1199)   Evacuate Collection Set: 10.8ms
[2022-04-23T00:33:54.976+0800][gc,phases    ] GC(1199)   Post Evacuate Collection Set: 0.7ms
[2022-04-23T00:33:54.976+0800][gc,phases    ] GC(1199)   Other: 0.9ms
[2022-04-23T00:33:54.976+0800][gc,heap      ] GC(1199) Eden regions: 47->0(47)
[2022-04-23T00:33:54.976+0800][gc,heap      ] GC(1199) Survivor regions: 4->4(7)
[2022-04-23T00:33:54.976+0800][gc,heap      ] GC(1199) Old regions: 127->127
[2022-04-23T00:33:54.976+0800][gc,heap      ] GC(1199) Archive regions: 2->2
[2022-04-23T00:33:54.976+0800][gc,heap      ] GC(1199) Humongous regions: 129->129
[2022-04-23T00:33:54.976+0800][gc,metaspace ] GC(1199) Metaspace: 43654K->43654K(1089536K)
[2022-04-23T00:33:54.976+0800][gc           ] GC(1199) Pause Young (Normal) (G1 Evacuation Pause) 307M->260M(1024M) 12.832ms
[2022-04-23T00:33:54.976+0800][gc,cpu       ] GC(1199) User=0.03s Sys=0.00s Real=0.01s
[2022-04-23T00:34:10.787+0800][gc,start     ] GC(1200) Pause Young (Normal) (G1 Evacuation Pause)
[2022-04-23T00:34:10.787+0800][gc,task      ] GC(1200) Using 8 workers of 8 for evacuation
[2022-04-23T00:34:10.801+0800][gc,phases    ] GC(1200)   Pre Evacuate Collection Set: 0.4ms
[2022-04-23T00:34:10.801+0800][gc,phases    ] GC(1200)   Evacuate Collection Set: 11.5ms
[2022-04-23T00:34:10.801+0800][gc,phases    ] GC(1200)   Post Evacuate Collection Set: 0.7ms
[2022-04-23T00:34:10.801+0800][gc,phases    ] GC(1200)   Other: 1.5ms
[2022-04-23T00:34:10.801+0800][gc,heap      ] GC(1200) Eden regions: 47->0(49)
[2022-04-23T00:34:10.801+0800][gc,heap      ] GC(1200) Survivor regions: 4->4(7)
[2022-04-23T00:34:10.801+0800][gc,heap      ] GC(1200) Old regions: 127->127
[2022-04-23T00:34:10.801+0800][gc,heap      ] GC(1200) Archive regions: 2->2
[2022-04-23T00:34:10.801+0800][gc,heap      ] GC(1200) Humongous regions: 129->129
[2022-04-23T00:34:10.801+0800][gc,metaspace ] GC(1200) Metaspace: 43654K->43654K(1089536K)
[2022-04-23T00:34:10.801+0800][gc           ] GC(1200) Pause Young (Normal) (G1 Evacuation Pause) 307M->260M(1024M) 14.294ms
[2022-04-23T00:34:10.801+0800][gc,cpu       ] GC(1200) User=0.04s Sys=0.01s Real=0.02s
[2022-04-23T00:34:27.275+0800][gc,start     ] GC(1201) Pause Young (Normal) (G1 Evacuation Pause)
[2022-04-23T00:34:27.276+0800][gc,task      ] GC(1201) Using 8 workers of 8 for evacuation
[2022-04-23T00:34:27.298+0800][gc,mmu       ] GC(1201) MMU target violated: 21.0ms (20.0ms/21.0ms)
[2022-04-23T00:34:27.298+0800][gc,phases    ] GC(1201)   Pre Evacuate Collection Set: 0.3ms
[2022-04-23T00:34:27.298+0800][gc,phases    ] GC(1201)   Evacuate Collection Set: 20.5ms
[2022-04-23T00:34:27.298+0800][gc,phases    ] GC(1201)   Post Evacuate Collection Set: 0.7ms
[2022-04-23T00:34:27.298+0800][gc,phases    ] GC(1201)   Other: 2.4ms
[2022-04-23T00:34:27.298+0800][gc,heap      ] GC(1201) Eden regions: 49->0(48)
[2022-04-23T00:34:27.298+0800][gc,heap      ] GC(1201) Survivor regions: 4->4(7)
[2022-04-23T00:34:27.299+0800][gc,heap      ] GC(1201) Old regions: 127->128
[2022-04-23T00:34:27.299+0800][gc,heap      ] GC(1201) Archive regions: 2->2
[2022-04-23T00:34:27.299+0800][gc,heap      ] GC(1201) Humongous regions: 129->129
[2022-04-23T00:34:27.299+0800][gc,metaspace ] GC(1201) Metaspace: 43654K->43654K(1089536K)
[2022-04-23T00:34:27.299+0800][gc           ] GC(1201) Pause Young (Normal) (G1 Evacuation Pause) 309M->261M(1024M) 24.064ms
[2022-04-23T00:34:27.299+0800][gc,cpu       ] GC(1201) User=0.05s Sys=0.01s Real=0.02s
[2022-04-23T00:34:43.166+0800][gc,start     ] GC(1202) Pause Young (Normal) (G1 Evacuation Pause)
[2022-04-23T00:34:43.176+0800][gc,task      ] GC(1202) Using 8 workers of 8 for evacuation
[2022-04-23T00:34:43.198+0800][gc,mmu       ] GC(1202) MMU target violated: 21.0ms (20.0ms/21.0ms)
[2022-04-23T00:34:43.198+0800][gc,phases    ] GC(1202)   Pre Evacuate Collection Set: 0.2ms
[2022-04-23T00:34:43.198+0800][gc,phases    ] GC(1202)   Evacuate Collection Set: 19.1ms
[2022-04-23T00:34:43.198+0800][gc,phases    ] GC(1202)   Post Evacuate Collection Set: 1.1ms
[2022-04-23T00:34:43.198+0800][gc,phases    ] GC(1202)   Other: 12.1ms
[2022-04-23T00:34:43.198+0800][gc,heap      ] GC(1202) Eden regions: 48->0(49)
[2022-04-23T00:34:43.198+0800][gc,heap      ] GC(1202) Survivor regions: 4->5(7)
[2022-04-23T00:34:43.198+0800][gc,heap      ] GC(1202) Old regions: 128->128
[2022-04-23T00:34:43.198+0800][gc,heap      ] GC(1202) Archive regions: 2->2
[2022-04-23T00:34:43.198+0800][gc,heap      ] GC(1202) Humongous regions: 129->129
[2022-04-23T00:34:43.198+0800][gc,metaspace ] GC(1202) Metaspace: 43654K->43654K(1089536K)
[2022-04-23T00:34:43.198+0800][gc           ] GC(1202) Pause Young (Normal) (G1 Evacuation Pause) 309M->261M(1024M) 32.674ms
[2022-04-23T00:34:43.198+0800][gc,cpu       ] GC(1202) User=0.04s Sys=0.02s Real=0.03s
[2022-04-23T00:34:59.701+0800][gc,start     ] GC(1203) Pause Young (Normal) (G1 Evacuation Pause)
[2022-04-23T00:34:59.701+0800][gc,task      ] GC(1203) Using 8 workers of 8 for evacuation
[2022-04-23T00:34:59.724+0800][gc,mmu       ] GC(1203) MMU target violated: 21.0ms (20.0ms/21.0ms)
[2022-04-23T00:34:59.724+0800][gc,phases    ] GC(1203)   Pre Evacuate Collection Set: 0.2ms
[2022-04-23T00:34:59.724+0800][gc,phases    ] GC(1203)   Evacuate Collection Set: 20.9ms
[2022-04-23T00:34:59.724+0800][gc,phases    ] GC(1203)   Post Evacuate Collection Set: 0.7ms
[2022-04-23T00:34:59.724+0800][gc,phases    ] GC(1203)   Other: 1.4ms
[2022-04-23T00:34:59.724+0800][gc,heap      ] GC(1203) Eden regions: 49->0(49)
[2022-04-23T00:34:59.724+0800][gc,heap      ] GC(1203) Survivor regions: 5->5(7)
[2022-04-23T00:34:59.724+0800][gc,heap      ] GC(1203) Old regions: 128->129
[2022-04-23T00:34:59.724+0800][gc,heap      ] GC(1203) Archive regions: 2->2
[2022-04-23T00:34:59.724+0800][gc,heap      ] GC(1203) Humongous regions: 129->129
[2022-04-23T00:34:59.724+0800][gc,metaspace ] GC(1203) Metaspace: 43654K->43654K(1089536K)
[2022-04-23T00:34:59.724+0800][gc           ] GC(1203) Pause Young (Normal) (G1 Evacuation Pause) 310M->262M(1024M) 23.248ms
[2022-04-23T00:34:59.724+0800][gc,cpu       ] GC(1203) User=0.05s Sys=0.03s Real=0.02s
[2022-04-23T00:35:15.518+0800][gc,start     ] GC(1204) Pause Young (Normal) (G1 Evacuation Pause)
[2022-04-23T00:35:15.519+0800][gc,task      ] GC(1204) Using 8 workers of 8 for evacuation
[2022-04-23T00:35:15.548+0800][gc,mmu       ] GC(1204) MMU target violated: 21.0ms (20.0ms/21.0ms)
[2022-04-23T00:35:15.548+0800][gc,phases    ] GC(1204)   Pre Evacuate Collection Set: 0.1ms
[2022-04-23T00:35:15.548+0800][gc,phases    ] GC(1204)   Evacuate Collection Set: 28.1ms
[2022-04-23T00:35:15.548+0800][gc,phases    ] GC(1204)   Post Evacuate Collection Set: 0.4ms
[2022-04-23T00:35:15.548+0800][gc,phases    ] GC(1204)   Other: 1.5ms
[2022-04-23T00:35:15.548+0800][gc,heap      ] GC(1204) Eden regions: 47->0(47)
[2022-04-23T00:35:15.548+0800][gc,heap      ] GC(1204) Survivor regions: 5->4(7)
[2022-04-23T00:35:15.548+0800][gc,heap      ] GC(1204) Old regions: 129->129
[2022-04-23T00:35:15.548+0800][gc,heap      ] GC(1204) Archive regions: 2->2
[2022-04-23T00:35:15.548+0800][gc,heap      ] GC(1204) Humongous regions: 129->129
[2022-04-23T00:35:15.548+0800][gc,metaspace ] GC(1204) Metaspace: 43654K->43654K(1089536K)
[2022-04-23T00:35:15.549+0800][gc           ] GC(1204) Pause Young (Normal) (G1 Evacuation Pause) 309M->262M(1024M) 30.188ms
[2022-04-23T00:35:15.549+0800][gc,cpu       ] GC(1204) User=0.05s Sys=0.02s Real=0.03s
[2022-04-23T00:35:31.177+0800][gc,start     ] GC(1205) Pause Young (Normal) (G1 Evacuation Pause)
[2022-04-23T00:35:31.178+0800][gc,task      ] GC(1205) Using 8 workers of 8 for evacuation
[2022-04-23T00:35:31.196+0800][gc,phases    ] GC(1205)   Pre Evacuate Collection Set: 0.2ms
[2022-04-23T00:35:31.197+0800][gc,phases    ] GC(1205)   Evacuate Collection Set: 17.2ms
[2022-04-23T00:35:31.197+0800][gc,phases    ] GC(1205)   Post Evacuate Collection Set: 0.7ms
[2022-04-23T00:35:31.197+0800][gc,phases    ] GC(1205)   Other: 1.7ms
[2022-04-23T00:35:31.197+0800][gc,heap      ] GC(1205) Eden regions: 47->0(47)
[2022-04-23T00:35:31.197+0800][gc,heap      ] GC(1205) Survivor regions: 4->4(7)
[2022-04-23T00:35:31.197+0800][gc,heap      ] GC(1205) Old regions: 129->130
[2022-04-23T00:35:31.197+0800][gc,heap      ] GC(1205) Archive regions: 2->2
[2022-04-23T00:35:31.197+0800][gc,heap      ] GC(1205) Humongous regions: 129->129
[2022-04-23T00:35:31.197+0800][gc,metaspace ] GC(1205) Metaspace: 43654K->43654K(1089536K)
[2022-04-23T00:35:31.197+0800][gc           ] GC(1205) Pause Young (Normal) (G1 Evacuation Pause) 309M->262M(1024M) 20.082ms
[2022-04-23T00:35:31.197+0800][gc,cpu       ] GC(1205) User=0.05s Sys=0.02s Real=0.02s
[2022-04-23T00:35:46.937+0800][gc,start     ] GC(1206) Pause Young (Normal) (G1 Evacuation Pause)
[2022-04-23T00:35:46.937+0800][gc,task      ] GC(1206) Using 8 workers of 8 for evacuation
[2022-04-23T00:35:46.950+0800][gc,phases    ] GC(1206)   Pre Evacuate Collection Set: 0.2ms
[2022-04-23T00:35:46.950+0800][gc,phases    ] GC(1206)   Evacuate Collection Set: 11.9ms
[2022-04-23T00:35:46.950+0800][gc,phases    ] GC(1206)   Post Evacuate Collection Set: 0.4ms
[2022-04-23T00:35:46.950+0800][gc,phases    ] GC(1206)   Other: 0.8ms
[2022-04-23T00:35:46.950+0800][gc,heap      ] GC(1206) Eden regions: 47->0(48)
[2022-04-23T00:35:46.950+0800][gc,heap      ] GC(1206) Survivor regions: 4->4(7)
[2022-04-23T00:35:46.950+0800][gc,heap      ] GC(1206) Old regions: 130->130
[2022-04-23T00:35:46.950+0800][gc,heap      ] GC(1206) Archive regions: 2->2
[2022-04-23T00:35:46.950+0800][gc,heap      ] GC(1206) Humongous regions: 129->129
[2022-04-23T00:35:46.950+0800][gc,metaspace ] GC(1206) Metaspace: 43654K->43654K(1089536K)
[2022-04-23T00:35:46.950+0800][gc           ] GC(1206) Pause Young (Normal) (G1 Evacuation Pause) 309M->262M(1024M) 13.405ms
[2022-04-23T00:35:46.950+0800][gc,cpu       ] GC(1206) User=0.03s Sys=0.01s Real=0.02s
[2022-04-23T00:36:02.535+0800][gc,start     ] GC(1207) Pause Young (Normal) (G1 Evacuation Pause)
[2022-04-23T00:36:02.536+0800][gc,task      ] GC(1207) Using 8 workers of 8 for evacuation
[2022-04-23T00:36:02.573+0800][gc,mmu       ] GC(1207) MMU target violated: 21.0ms (20.0ms/21.0ms)
[2022-04-23T00:36:02.573+0800][gc,phases    ] GC(1207)   Pre Evacuate Collection Set: 0.4ms
[2022-04-23T00:36:02.573+0800][gc,phases    ] GC(1207)   Evacuate Collection Set: 26.5ms
[2022-04-23T00:36:02.573+0800][gc,phases    ] GC(1207)   Post Evacuate Collection Set: 4.6ms
[2022-04-23T00:36:02.573+0800][gc,phases    ] GC(1207)   Other: 5.8ms
[2022-04-23T00:36:02.573+0800][gc,heap      ] GC(1207) Eden regions: 47->0(45)
[2022-04-23T00:36:02.573+0800][gc,heap      ] GC(1207) Survivor regions: 4->6(7)
[2022-04-23T00:36:02.573+0800][gc,heap      ] GC(1207) Old regions: 130->130
[2022-04-23T00:36:02.573+0800][gc,heap      ] GC(1207) Archive regions: 2->2
[2022-04-23T00:36:02.573+0800][gc,heap      ] GC(1207) Humongous regions: 129->129
[2022-04-23T00:36:02.573+0800][gc,metaspace ] GC(1207) Metaspace: 43654K->43654K(1089536K)
[2022-04-23T00:36:02.573+0800][gc           ] GC(1207) Pause Young (Normal) (G1 Evacuation Pause) 309M->264M(1024M) 37.447ms
[2022-04-23T00:36:02.573+0800][gc,cpu       ] GC(1207) User=0.05s Sys=0.03s Real=0.04s
[2022-04-23T00:36:17.485+0800][gc,start     ] GC(1208) Pause Young (Normal) (G1 Evacuation Pause)
[2022-04-23T00:36:17.486+0800][gc,task      ] GC(1208) Using 8 workers of 8 for evacuation
[2022-04-23T00:36:17.523+0800][gc,mmu       ] GC(1208) MMU target violated: 21.0ms (20.0ms/21.0ms)
[2022-04-23T00:36:17.523+0800][gc,phases    ] GC(1208)   Pre Evacuate Collection Set: 0.2ms
[2022-04-23T00:36:17.523+0800][gc,phases    ] GC(1208)   Evacuate Collection Set: 34.9ms
[2022-04-23T00:36:17.523+0800][gc,phases    ] GC(1208)   Post Evacuate Collection Set: 0.7ms
[2022-04-23T00:36:17.523+0800][gc,phases    ] GC(1208)   Other: 2.6ms
[2022-04-23T00:36:17.523+0800][gc,heap      ] GC(1208) Eden regions: 45->0(47)
[2022-04-23T00:36:17.523+0800][gc,heap      ] GC(1208) Survivor regions: 6->4(7)
[2022-04-23T00:36:17.523+0800][gc,heap      ] GC(1208) Old regions: 130->132
[2022-04-23T00:36:17.523+0800][gc,heap      ] GC(1208) Archive regions: 2->2
[2022-04-23T00:36:17.523+0800][gc,heap      ] GC(1208) Humongous regions: 129->129
[2022-04-23T00:36:17.523+0800][gc,metaspace ] GC(1208) Metaspace: 43654K->43654K(1089536K)
[2022-04-23T00:36:17.523+0800][gc           ] GC(1208) Pause Young (Normal) (G1 Evacuation Pause) 309M->264M(1024M) 38.507ms
[2022-04-23T00:36:17.523+0800][gc,cpu       ] GC(1208) User=0.04s Sys=0.02s Real=0.04s
[2022-04-23T00:36:33.262+0800][gc,start     ] GC(1209) Pause Young (Normal) (G1 Evacuation Pause)
[2022-04-23T00:36:33.262+0800][gc,task      ] GC(1209) Using 8 workers of 8 for evacuation
[2022-04-23T00:36:33.275+0800][gc,phases    ] GC(1209)   Pre Evacuate Collection Set: 0.1ms
[2022-04-23T00:36:33.275+0800][gc,phases    ] GC(1209)   Evacuate Collection Set: 11.2ms
[2022-04-23T00:36:33.275+0800][gc,phases    ] GC(1209)   Post Evacuate Collection Set: 0.6ms
[2022-04-23T00:36:33.275+0800][gc,phases    ] GC(1209)   Other: 0.8ms
[2022-04-23T00:36:33.275+0800][gc,heap      ] GC(1209) Eden regions: 47->0(47)
[2022-04-23T00:36:33.275+0800][gc,heap      ] GC(1209) Survivor regions: 4->4(7)
[2022-04-23T00:36:33.275+0800][gc,heap      ] GC(1209) Old regions: 132->132
[2022-04-23T00:36:33.275+0800][gc,heap      ] GC(1209) Archive regions: 2->2
[2022-04-23T00:36:33.275+0800][gc,heap      ] GC(1209) Humongous regions: 129->129
[2022-04-23T00:36:33.275+0800][gc,metaspace ] GC(1209) Metaspace: 43654K->43654K(1089536K)
[2022-04-23T00:36:33.275+0800][gc           ] GC(1209) Pause Young (Normal) (G1 Evacuation Pause) 311M->264M(1024M) 12.919ms
[2022-04-23T00:36:33.275+0800][gc,cpu       ] GC(1209) User=0.03s Sys=0.01s Real=0.01s
[2022-04-23T00:36:48.908+0800][gc,start     ] GC(1210) Pause Young (Normal) (G1 Evacuation Pause)
[2022-04-23T00:36:48.909+0800][gc,task      ] GC(1210) Using 8 workers of 8 for evacuation
[2022-04-23T00:36:48.927+0800][gc,phases    ] GC(1210)   Pre Evacuate Collection Set: 0.2ms
[2022-04-23T00:36:48.927+0800][gc,phases    ] GC(1210)   Evacuate Collection Set: 16.7ms
[2022-04-23T00:36:48.927+0800][gc,phases    ] GC(1210)   Post Evacuate Collection Set: 0.7ms
[2022-04-23T00:36:48.927+0800][gc,phases    ] GC(1210)   Other: 1.6ms
[2022-04-23T00:36:48.927+0800][gc,heap      ] GC(1210) Eden regions: 47->0(46)
[2022-04-23T00:36:48.927+0800][gc,heap      ] GC(1210) Survivor regions: 4->5(7)
[2022-04-23T00:36:48.927+0800][gc,heap      ] GC(1210) Old regions: 132->132
[2022-04-23T00:36:48.927+0800][gc,heap      ] GC(1210) Archive regions: 2->2
[2022-04-23T00:36:48.927+0800][gc,heap      ] GC(1210) Humongous regions: 129->129
[2022-04-23T00:36:48.927+0800][gc,metaspace ] GC(1210) Metaspace: 43654K->43654K(1089536K)
[2022-04-23T00:36:48.927+0800][gc           ] GC(1210) Pause Young (Normal) (G1 Evacuation Pause) 311M->264M(1024M) 19.223ms
[2022-04-23T00:36:48.927+0800][gc,cpu       ] GC(1210) User=0.04s Sys=0.01s Real=0.02s
[2022-04-23T00:37:04.239+0800][gc,start     ] GC(1211) Pause Young (Normal) (G1 Evacuation Pause)
[2022-04-23T00:37:04.240+0800][gc,task      ] GC(1211) Using 8 workers of 8 for evacuation
[2022-04-23T00:37:04.264+0800][gc,mmu       ] GC(1211) MMU target violated: 21.0ms (20.0ms/21.0ms)
[2022-04-23T00:37:04.264+0800][gc,phases    ] GC(1211)   Pre Evacuate Collection Set: 0.3ms
[2022-04-23T00:37:04.264+0800][gc,phases    ] GC(1211)   Evacuate Collection Set: 21.2ms
[2022-04-23T00:37:04.264+0800][gc,phases    ] GC(1211)   Post Evacuate Collection Set: 1.3ms
[2022-04-23T00:37:04.264+0800][gc,phases    ] GC(1211)   Other: 2.9ms
[2022-04-23T00:37:04.264+0800][gc,heap      ] GC(1211) Eden regions: 46->0(47)
[2022-04-23T00:37:04.264+0800][gc,heap      ] GC(1211) Survivor regions: 5->4(7)
[2022-04-23T00:37:04.264+0800][gc,heap      ] GC(1211) Old regions: 132->132
[2022-04-23T00:37:04.264+0800][gc,heap      ] GC(1211) Archive regions: 2->2
[2022-04-23T00:37:04.264+0800][gc,heap      ] GC(1211) Humongous regions: 129->129
[2022-04-23T00:37:04.264+0800][gc,metaspace ] GC(1211) Metaspace: 43654K->43654K(1089536K)
[2022-04-23T00:37:04.264+0800][gc           ] GC(1211) Pause Young (Normal) (G1 Evacuation Pause) 310M->264M(1024M) 25.712ms
[2022-04-23T00:37:04.264+0800][gc,cpu       ] GC(1211) User=0.04s Sys=0.03s Real=0.03s
[2022-04-23T00:37:19.751+0800][gc,start     ] GC(1212) Pause Young (Normal) (G1 Evacuation Pause)
[2022-04-23T00:37:19.752+0800][gc,task      ] GC(1212) Using 8 workers of 8 for evacuation
[2022-04-23T00:37:19.783+0800][gc,mmu       ] GC(1212) MMU target violated: 21.0ms (20.0ms/21.0ms)
[2022-04-23T00:37:19.783+0800][gc,phases    ] GC(1212)   Pre Evacuate Collection Set: 0.4ms
[2022-04-23T00:37:19.783+0800][gc,phases    ] GC(1212)   Evacuate Collection Set: 28.7ms
[2022-04-23T00:37:19.783+0800][gc,phases    ] GC(1212)   Post Evacuate Collection Set: 1.3ms
[2022-04-23T00:37:19.783+0800][gc,phases    ] GC(1212)   Other: 2.5ms
[2022-04-23T00:37:19.783+0800][gc,heap      ] GC(1212) Eden regions: 47->0(46)
[2022-04-23T00:37:19.783+0800][gc,heap      ] GC(1212) Survivor regions: 4->5(7)
[2022-04-23T00:37:19.783+0800][gc,heap      ] GC(1212) Old regions: 132->132
[2022-04-23T00:37:19.783+0800][gc,heap      ] GC(1212) Archive regions: 2->2
[2022-04-23T00:37:19.784+0800][gc,heap      ] GC(1212) Humongous regions: 129->129
[2022-04-23T00:37:19.784+0800][gc,metaspace ] GC(1212) Metaspace: 43654K->43654K(1089536K)
[2022-04-23T00:37:19.784+0800][gc           ] GC(1212) Pause Young (Normal) (G1 Evacuation Pause) 311M->265M(1024M) 32.923ms
[2022-04-23T00:37:19.784+0800][gc,cpu       ] GC(1212) User=0.06s Sys=0.03s Real=0.03s
[2022-04-23T00:37:35.095+0800][gc,start     ] GC(1213) Pause Young (Normal) (G1 Evacuation Pause)
[2022-04-23T00:37:35.095+0800][gc,task      ] GC(1213) Using 8 workers of 8 for evacuation
[2022-04-23T00:37:35.127+0800][gc,mmu       ] GC(1213) MMU target violated: 21.0ms (20.0ms/21.0ms)
[2022-04-23T00:37:35.127+0800][gc,phases    ] GC(1213)   Pre Evacuate Collection Set: 0.1ms
[2022-04-23T00:37:35.127+0800][gc,phases    ] GC(1213)   Evacuate Collection Set: 31.2ms
[2022-04-23T00:37:35.127+0800][gc,phases    ] GC(1213)   Post Evacuate Collection Set: 0.3ms
[2022-04-23T00:37:35.127+0800][gc,phases    ] GC(1213)   Other: 1.0ms
[2022-04-23T00:37:35.127+0800][gc,heap      ] GC(1213) Eden regions: 46->0(46)
[2022-04-23T00:37:35.127+0800][gc,heap      ] GC(1213) Survivor regions: 5->5(7)
[2022-04-23T00:37:35.127+0800][gc,heap      ] GC(1213) Old regions: 132->133
[2022-04-23T00:37:35.127+0800][gc,heap      ] GC(1213) Archive regions: 2->2
[2022-04-23T00:37:35.127+0800][gc,heap      ] GC(1213) Humongous regions: 129->129
[2022-04-23T00:37:35.128+0800][gc,metaspace ] GC(1213) Metaspace: 43654K->43654K(1089536K)
[2022-04-23T00:37:35.128+0800][gc           ] GC(1213) Pause Young (Normal) (G1 Evacuation Pause) 311M->266M(1024M) 32.685ms
[2022-04-23T00:37:35.128+0800][gc,cpu       ] GC(1213) User=0.04s Sys=0.01s Real=0.03s
[2022-04-23T00:37:50.407+0800][gc,start     ] GC(1214) Pause Young (Normal) (G1 Evacuation Pause)
[2022-04-23T00:37:50.409+0800][gc,task      ] GC(1214) Using 8 workers of 8 for evacuation
[2022-04-23T00:37:50.435+0800][gc,mmu       ] GC(1214) MMU target violated: 21.0ms (20.0ms/21.0ms)
[2022-04-23T00:37:50.435+0800][gc,phases    ] GC(1214)   Pre Evacuate Collection Set: 0.2ms
[2022-04-23T00:37:50.435+0800][gc,phases    ] GC(1214)   Evacuate Collection Set: 21.6ms
[2022-04-23T00:37:50.435+0800][gc,phases    ] GC(1214)   Post Evacuate Collection Set: 3.1ms
[2022-04-23T00:37:50.435+0800][gc,phases    ] GC(1214)   Other: 3.2ms
[2022-04-23T00:37:50.435+0800][gc,heap      ] GC(1214) Eden regions: 46->0(47)
[2022-04-23T00:37:50.435+0800][gc,heap      ] GC(1214) Survivor regions: 5->4(7)
[2022-04-23T00:37:50.435+0800][gc,heap      ] GC(1214) Old regions: 133->134
[2022-04-23T00:37:50.435+0800][gc,heap      ] GC(1214) Archive regions: 2->2
[2022-04-23T00:37:50.435+0800][gc,heap      ] GC(1214) Humongous regions: 129->129
[2022-04-23T00:37:50.435+0800][gc,metaspace ] GC(1214) Metaspace: 43655K->43655K(1089536K)
[2022-04-23T00:37:50.436+0800][gc           ] GC(1214) Pause Young (Normal) (G1 Evacuation Pause) 312M->267M(1024M) 28.220ms
[2022-04-23T00:37:50.436+0800][gc,cpu       ] GC(1214) User=0.05s Sys=0.03s Real=0.03s
[2022-04-23T00:38:06.113+0800][gc,start     ] GC(1215) Pause Young (Normal) (G1 Evacuation Pause)
[2022-04-23T00:38:06.114+0800][gc,task      ] GC(1215) Using 8 workers of 8 for evacuation
[2022-04-23T00:38:06.129+0800][gc,phases    ] GC(1215)   Pre Evacuate Collection Set: 0.4ms
[2022-04-23T00:38:06.129+0800][gc,phases    ] GC(1215)   Evacuate Collection Set: 12.8ms
[2022-04-23T00:38:06.129+0800][gc,phases    ] GC(1215)   Post Evacuate Collection Set: 0.8ms
[2022-04-23T00:38:06.129+0800][gc,phases    ] GC(1215)   Other: 2.0ms
[2022-04-23T00:38:06.129+0800][gc,heap      ] GC(1215) Eden regions: 47->0(47)
[2022-04-23T00:38:06.129+0800][gc,heap      ] GC(1215) Survivor regions: 4->4(7)
[2022-04-23T00:38:06.129+0800][gc,heap      ] GC(1215) Old regions: 134->134
[2022-04-23T00:38:06.129+0800][gc,heap      ] GC(1215) Archive regions: 2->2
[2022-04-23T00:38:06.129+0800][gc,heap      ] GC(1215) Humongous regions: 129->129
[2022-04-23T00:38:06.129+0800][gc,metaspace ] GC(1215) Metaspace: 43655K->43655K(1089536K)
[2022-04-23T00:38:06.129+0800][gc           ] GC(1215) Pause Young (Normal) (G1 Evacuation Pause) 314M->267M(1024M) 16.225ms
[2022-04-23T00:38:06.129+0800][gc,cpu       ] GC(1215) User=0.04s Sys=0.01s Real=0.01s
[2022-04-23T00:38:21.689+0800][gc,start     ] GC(1216) Pause Young (Normal) (G1 Evacuation Pause)
[2022-04-23T00:38:21.690+0800][gc,task      ] GC(1216) Using 8 workers of 8 for evacuation
[2022-04-23T00:38:21.722+0800][gc,mmu       ] GC(1216) MMU target violated: 21.0ms (20.0ms/21.0ms)
[2022-04-23T00:38:21.722+0800][gc,phases    ] GC(1216)   Pre Evacuate Collection Set: 0.3ms
[2022-04-23T00:38:21.722+0800][gc,phases    ] GC(1216)   Evacuate Collection Set: 29.3ms
[2022-04-23T00:38:21.722+0800][gc,phases    ] GC(1216)   Post Evacuate Collection Set: 1.3ms
[2022-04-23T00:38:21.722+0800][gc,phases    ] GC(1216)   Other: 2.8ms
[2022-04-23T00:38:21.722+0800][gc,heap      ] GC(1216) Eden regions: 47->0(47)
[2022-04-23T00:38:21.722+0800][gc,heap      ] GC(1216) Survivor regions: 4->4(7)
[2022-04-23T00:38:21.722+0800][gc,heap      ] GC(1216) Old regions: 134->134
[2022-04-23T00:38:21.722+0800][gc,heap      ] GC(1216) Archive regions: 2->2
[2022-04-23T00:38:21.722+0800][gc,heap      ] GC(1216) Humongous regions: 129->129
[2022-04-23T00:38:21.722+0800][gc,metaspace ] GC(1216) Metaspace: 43655K->43655K(1089536K)
[2022-04-23T00:38:21.722+0800][gc           ] GC(1216) Pause Young (Normal) (G1 Evacuation Pause) 314M->267M(1024M) 33.731ms
[2022-04-23T00:38:21.722+0800][gc,cpu       ] GC(1216) User=0.05s Sys=0.03s Real=0.04s
[2022-04-23T00:38:37.478+0800][gc,start     ] GC(1217) Pause Young (Normal) (G1 Evacuation Pause)
[2022-04-23T00:38:37.478+0800][gc,task      ] GC(1217) Using 8 workers of 8 for evacuation
[2022-04-23T00:38:37.505+0800][gc,mmu       ] GC(1217) MMU target violated: 21.0ms (20.0ms/21.0ms)
[2022-04-23T00:38:37.505+0800][gc,phases    ] GC(1217)   Pre Evacuate Collection Set: 0.2ms
[2022-04-23T00:38:37.505+0800][gc,phases    ] GC(1217)   Evacuate Collection Set: 23.2ms
[2022-04-23T00:38:37.505+0800][gc,phases    ] GC(1217)   Post Evacuate Collection Set: 2.0ms
[2022-04-23T00:38:37.505+0800][gc,phases    ] GC(1217)   Other: 2.2ms
[2022-04-23T00:38:37.505+0800][gc,heap      ] GC(1217) Eden regions: 47->0(47)
[2022-04-23T00:38:37.505+0800][gc,heap      ] GC(1217) Survivor regions: 4->4(7)
[2022-04-23T00:38:37.505+0800][gc,heap      ] GC(1217) Old regions: 134->134
[2022-04-23T00:38:37.505+0800][gc,heap      ] GC(1217) Archive regions: 2->2
[2022-04-23T00:38:37.505+0800][gc,heap      ] GC(1217) Humongous regions: 129->129
[2022-04-23T00:38:37.505+0800][gc,metaspace ] GC(1217) Metaspace: 43655K->43655K(1089536K)
[2022-04-23T00:38:37.505+0800][gc           ] GC(1217) Pause Young (Normal) (G1 Evacuation Pause) 314M->267M(1024M) 27.710ms
[2022-04-23T00:38:37.505+0800][gc,cpu       ] GC(1217) User=0.04s Sys=0.03s Real=0.03s
[2022-04-23T00:38:53.257+0800][gc,start     ] GC(1218) Pause Young (Normal) (G1 Evacuation Pause)
[2022-04-23T00:38:53.258+0800][gc,task      ] GC(1218) Using 8 workers of 8 for evacuation
[2022-04-23T00:38:53.280+0800][gc,mmu       ] GC(1218) MMU target violated: 21.0ms (20.0ms/21.0ms)
[2022-04-23T00:38:53.280+0800][gc,phases    ] GC(1218)   Pre Evacuate Collection Set: 0.3ms
[2022-04-23T00:38:53.280+0800][gc,phases    ] GC(1218)   Evacuate Collection Set: 20.2ms
[2022-04-23T00:38:53.280+0800][gc,phases    ] GC(1218)   Post Evacuate Collection Set: 0.7ms
[2022-04-23T00:38:53.280+0800][gc,phases    ] GC(1218)   Other: 2.4ms
[2022-04-23T00:38:53.280+0800][gc,heap      ] GC(1218) Eden regions: 47->0(47)
[2022-04-23T00:38:53.280+0800][gc,heap      ] GC(1218) Survivor regions: 4->4(7)
[2022-04-23T00:38:53.280+0800][gc,heap      ] GC(1218) Old regions: 134->135
[2022-04-23T00:38:53.280+0800][gc,heap      ] GC(1218) Archive regions: 2->2
[2022-04-23T00:38:53.280+0800][gc,heap      ] GC(1218) Humongous regions: 129->129
[2022-04-23T00:38:53.280+0800][gc,metaspace ] GC(1218) Metaspace: 43655K->43655K(1089536K)
[2022-04-23T00:38:53.280+0800][gc           ] GC(1218) Pause Young (Normal) (G1 Evacuation Pause) 314M->267M(1024M) 23.581ms
[2022-04-23T00:38:53.280+0800][gc,cpu       ] GC(1218) User=0.05s Sys=0.02s Real=0.03s
[2022-04-23T00:39:08.937+0800][gc,start     ] GC(1219) Pause Young (Normal) (G1 Evacuation Pause)
[2022-04-23T00:39:08.938+0800][gc,task      ] GC(1219) Using 8 workers of 8 for evacuation
[2022-04-23T00:39:08.951+0800][gc,phases    ] GC(1219)   Pre Evacuate Collection Set: 0.1ms
[2022-04-23T00:39:08.951+0800][gc,phases    ] GC(1219)   Evacuate Collection Set: 12.1ms
[2022-04-23T00:39:08.951+0800][gc,phases    ] GC(1219)   Post Evacuate Collection Set: 0.7ms
[2022-04-23T00:39:08.951+0800][gc,phases    ] GC(1219)   Other: 0.9ms
[2022-04-23T00:39:08.951+0800][gc,heap      ] GC(1219) Eden regions: 47->0(47)
[2022-04-23T00:39:08.951+0800][gc,heap      ] GC(1219) Survivor regions: 4->5(7)
[2022-04-23T00:39:08.951+0800][gc,heap      ] GC(1219) Old regions: 135->135
[2022-04-23T00:39:08.951+0800][gc,heap      ] GC(1219) Archive regions: 2->2
[2022-04-23T00:39:08.951+0800][gc,heap      ] GC(1219) Humongous regions: 129->129
[2022-04-23T00:39:08.951+0800][gc,metaspace ] GC(1219) Metaspace: 43655K->43655K(1089536K)
[2022-04-23T00:39:08.952+0800][gc           ] GC(1219) Pause Young (Normal) (G1 Evacuation Pause) 314M->268M(1024M) 14.331ms
[2022-04-23T00:39:08.952+0800][gc,cpu       ] GC(1219) User=0.04s Sys=0.00s Real=0.02s
[2022-04-23T00:39:24.269+0800][gc,start     ] GC(1220) Pause Young (Normal) (G1 Evacuation Pause)
[2022-04-23T00:39:24.279+0800][gc,task      ] GC(1220) Using 8 workers of 8 for evacuation
[2022-04-23T00:39:24.305+0800][gc,mmu       ] GC(1220) MMU target violated: 21.0ms (20.0ms/21.0ms)
[2022-04-23T00:39:24.305+0800][gc,phases    ] GC(1220)   Pre Evacuate Collection Set: 0.2ms
[2022-04-23T00:39:24.305+0800][gc,phases    ] GC(1220)   Evacuate Collection Set: 23.0ms
[2022-04-23T00:39:24.305+0800][gc,phases    ] GC(1220)   Post Evacuate Collection Set: 1.9ms
[2022-04-23T00:39:24.305+0800][gc,phases    ] GC(1220)   Other: 11.4ms
[2022-04-23T00:39:24.305+0800][gc,heap      ] GC(1220) Eden regions: 46->0(45)
[2022-04-23T00:39:24.305+0800][gc,heap      ] GC(1220) Survivor regions: 5->6(7)
[2022-04-23T00:39:24.305+0800][gc,heap      ] GC(1220) Old regions: 135->135
[2022-04-23T00:39:24.305+0800][gc,heap      ] GC(1220) Archive regions: 2->2
[2022-04-23T00:39:24.305+0800][gc,heap      ] GC(1220) Humongous regions: 129->129
[2022-04-23T00:39:24.305+0800][gc,metaspace ] GC(1220) Metaspace: 43655K->43655K(1089536K)
[2022-04-23T00:39:24.306+0800][gc           ] GC(1220) Pause Young (Normal) (G1 Evacuation Pause) 314M->269M(1024M) 36.656ms
[2022-04-23T00:39:24.306+0800][gc,cpu       ] GC(1220) User=0.05s Sys=0.03s Real=0.04s
[2022-04-23T00:39:39.293+0800][gc,start     ] GC(1221) Pause Young (Normal) (G1 Evacuation Pause)
[2022-04-23T00:39:39.294+0800][gc,task      ] GC(1221) Using 8 workers of 8 for evacuation
[2022-04-23T00:39:39.327+0800][gc,mmu       ] GC(1221) MMU target violated: 21.0ms (20.0ms/21.0ms)
[2022-04-23T00:39:39.327+0800][gc,phases    ] GC(1221)   Pre Evacuate Collection Set: 0.2ms
[2022-04-23T00:39:39.327+0800][gc,phases    ] GC(1221)   Evacuate Collection Set: 28.9ms
[2022-04-23T00:39:39.327+0800][gc,phases    ] GC(1221)   Post Evacuate Collection Set: 2.6ms
[2022-04-23T00:39:39.327+0800][gc,phases    ] GC(1221)   Other: 1.6ms
[2022-04-23T00:39:39.327+0800][gc,heap      ] GC(1221) Eden regions: 45->0(47)
[2022-04-23T00:39:39.327+0800][gc,heap      ] GC(1221) Survivor regions: 6->4(7)
[2022-04-23T00:39:39.327+0800][gc,heap      ] GC(1221) Old regions: 135->137
[2022-04-23T00:39:39.327+0800][gc,heap      ] GC(1221) Archive regions: 2->2
[2022-04-23T00:39:39.327+0800][gc,heap      ] GC(1221) Humongous regions: 129->129
[2022-04-23T00:39:39.327+0800][gc,metaspace ] GC(1221) Metaspace: 43655K->43655K(1089536K)
[2022-04-23T00:39:39.327+0800][gc           ] GC(1221) Pause Young (Normal) (G1 Evacuation Pause) 314M->269M(1024M) 33.317ms
[2022-04-23T00:39:39.327+0800][gc,cpu       ] GC(1221) User=0.04s Sys=0.04s Real=0.03s
[2022-04-23T00:39:54.922+0800][gc,start     ] GC(1222) Pause Young (Normal) (G1 Evacuation Pause)
[2022-04-23T00:39:54.923+0800][gc,task      ] GC(1222) Using 8 workers of 8 for evacuation
[2022-04-23T00:39:54.956+0800][gc,mmu       ] GC(1222) MMU target violated: 21.0ms (20.0ms/21.0ms)
[2022-04-23T00:39:54.956+0800][gc,phases    ] GC(1222)   Pre Evacuate Collection Set: 0.5ms
[2022-04-23T00:39:54.956+0800][gc,phases    ] GC(1222)   Evacuate Collection Set: 16.8ms
[2022-04-23T00:39:54.956+0800][gc,phases    ] GC(1222)   Post Evacuate Collection Set: 0.7ms
[2022-04-23T00:39:54.956+0800][gc,phases    ] GC(1222)   Other: 15.5ms
[2022-04-23T00:39:54.956+0800][gc,heap      ] GC(1222) Eden regions: 47->0(47)
[2022-04-23T00:39:54.956+0800][gc,heap      ] GC(1222) Survivor regions: 4->4(7)
[2022-04-23T00:39:54.956+0800][gc,heap      ] GC(1222) Old regions: 137->137
[2022-04-23T00:39:54.956+0800][gc,heap      ] GC(1222) Archive regions: 2->2
[2022-04-23T00:39:54.956+0800][gc,heap      ] GC(1222) Humongous regions: 129->129
[2022-04-23T00:39:54.956+0800][gc,metaspace ] GC(1222) Metaspace: 43655K->43655K(1089536K)
[2022-04-23T00:39:54.956+0800][gc           ] GC(1222) Pause Young (Normal) (G1 Evacuation Pause) 316M->269M(1024M) 33.556ms
[2022-04-23T00:39:54.956+0800][gc,cpu       ] GC(1222) User=0.04s Sys=0.04s Real=0.03s
[2022-04-23T00:40:10.428+0800][gc,start     ] GC(1223) Pause Young (Normal) (G1 Evacuation Pause)
[2022-04-23T00:40:10.428+0800][gc,task      ] GC(1223) Using 8 workers of 8 for evacuation
[2022-04-23T00:40:10.442+0800][gc,phases    ] GC(1223)   Pre Evacuate Collection Set: 0.3ms
[2022-04-23T00:40:10.442+0800][gc,phases    ] GC(1223)   Evacuate Collection Set: 12.7ms
[2022-04-23T00:40:10.442+0800][gc,phases    ] GC(1223)   Post Evacuate Collection Set: 0.5ms
[2022-04-23T00:40:10.442+0800][gc,phases    ] GC(1223)   Other: 1.1ms
[2022-04-23T00:40:10.442+0800][gc,heap      ] GC(1223) Eden regions: 47->0(47)
[2022-04-23T00:40:10.442+0800][gc,heap      ] GC(1223) Survivor regions: 4->4(7)
[2022-04-23T00:40:10.442+0800][gc,heap      ] GC(1223) Old regions: 137->137
[2022-04-23T00:40:10.442+0800][gc,heap      ] GC(1223) Archive regions: 2->2
[2022-04-23T00:40:10.442+0800][gc,heap      ] GC(1223) Humongous regions: 129->129
[2022-04-23T00:40:10.442+0800][gc,metaspace ] GC(1223) Metaspace: 43655K->43655K(1089536K)
[2022-04-23T00:40:10.443+0800][gc           ] GC(1223) Pause Young (Normal) (G1 Evacuation Pause) 316M->270M(1024M) 14.716ms
[2022-04-23T00:40:10.443+0800][gc,cpu       ] GC(1223) User=0.03s Sys=0.01s Real=0.02s
[2022-04-23T00:40:26.074+0800][gc,start     ] GC(1224) Pause Young (Normal) (G1 Evacuation Pause)
[2022-04-23T00:40:26.075+0800][gc,task      ] GC(1224) Using 8 workers of 8 for evacuation
[2022-04-23T00:40:26.103+0800][gc,mmu       ] GC(1224) MMU target violated: 21.0ms (20.0ms/21.0ms)
[2022-04-23T00:40:26.103+0800][gc,phases    ] GC(1224)   Pre Evacuate Collection Set: 0.3ms
[2022-04-23T00:40:26.103+0800][gc,phases    ] GC(1224)   Evacuate Collection Set: 24.9ms
[2022-04-23T00:40:26.103+0800][gc,phases    ] GC(1224)   Post Evacuate Collection Set: 1.2ms
[2022-04-23T00:40:26.103+0800][gc,phases    ] GC(1224)   Other: 2.5ms
[2022-04-23T00:40:26.103+0800][gc,heap      ] GC(1224) Eden regions: 47->0(47)
[2022-04-23T00:40:26.103+0800][gc,heap      ] GC(1224) Survivor regions: 4->4(7)
[2022-04-23T00:40:26.103+0800][gc,heap      ] GC(1224) Old regions: 137->137
[2022-04-23T00:40:26.103+0800][gc,heap      ] GC(1224) Archive regions: 2->2
[2022-04-23T00:40:26.103+0800][gc,heap      ] GC(1224) Humongous regions: 129->129
[2022-04-23T00:40:26.103+0800][gc,metaspace ] GC(1224) Metaspace: 43655K->43655K(1089536K)
[2022-04-23T00:40:26.103+0800][gc           ] GC(1224) Pause Young (Normal) (G1 Evacuation Pause) 317M->270M(1024M) 29.100ms
[2022-04-23T00:40:26.103+0800][gc,cpu       ] GC(1224) User=0.04s Sys=0.03s Real=0.03s
[2022-04-23T00:40:41.563+0800][gc,start     ] GC(1225) Pause Young (Normal) (G1 Evacuation Pause)
[2022-04-23T00:40:41.566+0800][gc,task      ] GC(1225) Using 8 workers of 8 for evacuation
[2022-04-23T00:40:41.599+0800][gc,mmu       ] GC(1225) MMU target violated: 21.0ms (20.0ms/21.0ms)
[2022-04-23T00:40:41.599+0800][gc,phases    ] GC(1225)   Pre Evacuate Collection Set: 0.1ms
[2022-04-23T00:40:41.599+0800][gc,phases    ] GC(1225)   Evacuate Collection Set: 29.0ms
[2022-04-23T00:40:41.599+0800][gc,phases    ] GC(1225)   Post Evacuate Collection Set: 2.3ms
[2022-04-23T00:40:41.599+0800][gc,phases    ] GC(1225)   Other: 5.1ms
[2022-04-23T00:40:41.599+0800][gc,heap      ] GC(1225) Eden regions: 47->0(47)
[2022-04-23T00:40:41.599+0800][gc,heap      ] GC(1225) Survivor regions: 4->4(7)
[2022-04-23T00:40:41.599+0800][gc,heap      ] GC(1225) Old regions: 137->137
[2022-04-23T00:40:41.599+0800][gc,heap      ] GC(1225) Archive regions: 2->2
[2022-04-23T00:40:41.599+0800][gc,heap      ] GC(1225) Humongous regions: 129->129
[2022-04-23T00:40:41.599+0800][gc,metaspace ] GC(1225) Metaspace: 43655K->43655K(1089536K)
[2022-04-23T00:40:41.599+0800][gc           ] GC(1225) Pause Young (Normal) (G1 Evacuation Pause) 317M->270M(1024M) 36.032ms
[2022-04-23T00:40:41.599+0800][gc,cpu       ] GC(1225) User=0.03s Sys=0.04s Real=0.03s
[2022-04-23T00:40:57.460+0800][gc,start     ] GC(1226) Pause Young (Normal) (G1 Evacuation Pause)
[2022-04-23T00:40:57.461+0800][gc,task      ] GC(1226) Using 8 workers of 8 for evacuation
[2022-04-23T00:40:57.492+0800][gc,mmu       ] GC(1226) MMU target violated: 21.0ms (20.0ms/21.0ms)
[2022-04-23T00:40:57.492+0800][gc,phases    ] GC(1226)   Pre Evacuate Collection Set: 0.3ms
[2022-04-23T00:40:57.492+0800][gc,phases    ] GC(1226)   Evacuate Collection Set: 28.3ms
[2022-04-23T00:40:57.492+0800][gc,phases    ] GC(1226)   Post Evacuate Collection Set: 1.6ms
[2022-04-23T00:40:57.492+0800][gc,phases    ] GC(1226)   Other: 2.7ms
[2022-04-23T00:40:57.492+0800][gc,heap      ] GC(1226) Eden regions: 47->0(45)
[2022-04-23T00:40:57.492+0800][gc,heap      ] GC(1226) Survivor regions: 4->6(7)
[2022-04-23T00:40:57.492+0800][gc,heap      ] GC(1226) Old regions: 137->138
[2022-04-23T00:40:57.493+0800][gc,heap      ] GC(1226) Archive regions: 2->2
[2022-04-23T00:40:57.493+0800][gc,heap      ] GC(1226) Humongous regions: 129->129
[2022-04-23T00:40:57.493+0800][gc,metaspace ] GC(1226) Metaspace: 43655K->43655K(1089536K)
[2022-04-23T00:40:57.493+0800][gc           ] GC(1226) Pause Young (Normal) (G1 Evacuation Pause) 317M->272M(1024M) 32.942ms
[2022-04-23T00:40:57.493+0800][gc,cpu       ] GC(1226) User=0.05s Sys=0.04s Real=0.03s
[2022-04-23T00:41:12.348+0800][gc,start     ] GC(1227) Pause Young (Normal) (G1 Evacuation Pause)
[2022-04-23T00:41:12.348+0800][gc,task      ] GC(1227) Using 8 workers of 8 for evacuation
[2022-04-23T00:41:12.371+0800][gc,mmu       ] GC(1227) MMU target violated: 21.0ms (20.0ms/21.0ms)
[2022-04-23T00:41:12.371+0800][gc,phases    ] GC(1227)   Pre Evacuate Collection Set: 0.1ms
[2022-04-23T00:41:12.371+0800][gc,phases    ] GC(1227)   Evacuate Collection Set: 22.5ms
[2022-04-23T00:41:12.371+0800][gc,phases    ] GC(1227)   Post Evacuate Collection Set: 0.3ms
[2022-04-23T00:41:12.371+0800][gc,phases    ] GC(1227)   Other: 0.7ms
[2022-04-23T00:41:12.371+0800][gc,heap      ] GC(1227) Eden regions: 45->0(47)
[2022-04-23T00:41:12.371+0800][gc,heap      ] GC(1227) Survivor regions: 6->4(7)
[2022-04-23T00:41:12.371+0800][gc,heap      ] GC(1227) Old regions: 138->139
[2022-04-23T00:41:12.371+0800][gc,heap      ] GC(1227) Archive regions: 2->2
[2022-04-23T00:41:12.371+0800][gc,heap      ] GC(1227) Humongous regions: 129->129
[2022-04-23T00:41:12.371+0800][gc,metaspace ] GC(1227) Metaspace: 43655K->43655K(1089536K)
[2022-04-23T00:41:12.371+0800][gc           ] GC(1227) Pause Young (Normal) (G1 Evacuation Pause) 317M->272M(1024M) 23.773ms
[2022-04-23T00:41:12.371+0800][gc,cpu       ] GC(1227) User=0.04s Sys=0.01s Real=0.03s
[2022-04-23T00:41:28.005+0800][gc,start     ] GC(1228) Pause Young (Normal) (G1 Evacuation Pause)
[2022-04-23T00:41:28.005+0800][gc,task      ] GC(1228) Using 8 workers of 8 for evacuation
[2022-04-23T00:41:28.022+0800][gc,phases    ] GC(1228)   Pre Evacuate Collection Set: 0.2ms
[2022-04-23T00:41:28.022+0800][gc,phases    ] GC(1228)   Evacuate Collection Set: 15.1ms
[2022-04-23T00:41:28.022+0800][gc,phases    ] GC(1228)   Post Evacuate Collection Set: 1.4ms
[2022-04-23T00:41:28.022+0800][gc,phases    ] GC(1228)   Other: 1.2ms
[2022-04-23T00:41:28.023+0800][gc,heap      ] GC(1228) Eden regions: 47->0(47)
[2022-04-23T00:41:28.023+0800][gc,heap      ] GC(1228) Survivor regions: 4->4(7)
[2022-04-23T00:41:28.023+0800][gc,heap      ] GC(1228) Old regions: 139->139
[2022-04-23T00:41:28.023+0800][gc,heap      ] GC(1228) Archive regions: 2->2
[2022-04-23T00:41:28.023+0800][gc,heap      ] GC(1228) Humongous regions: 129->129
[2022-04-23T00:41:28.023+0800][gc,metaspace ] GC(1228) Metaspace: 43655K->43655K(1089536K)
[2022-04-23T00:41:28.023+0800][gc           ] GC(1228) Pause Young (Normal) (G1 Evacuation Pause) 319M->272M(1024M) 18.119ms
[2022-04-23T00:41:28.023+0800][gc,cpu       ] GC(1228) User=0.04s Sys=0.02s Real=0.02s
[2022-04-23T00:41:43.710+0800][gc,start     ] GC(1229) Pause Young (Normal) (G1 Evacuation Pause)
[2022-04-23T00:41:43.711+0800][gc,task      ] GC(1229) Using 8 workers of 8 for evacuation
[2022-04-23T00:41:43.739+0800][gc,mmu       ] GC(1229) MMU target violated: 21.0ms (20.0ms/21.0ms)
[2022-04-23T00:41:43.739+0800][gc,phases    ] GC(1229)   Pre Evacuate Collection Set: 0.3ms
[2022-04-23T00:41:43.739+0800][gc,phases    ] GC(1229)   Evacuate Collection Set: 24.9ms
[2022-04-23T00:41:43.739+0800][gc,phases    ] GC(1229)   Post Evacuate Collection Set: 1.6ms
[2022-04-23T00:41:43.739+0800][gc,phases    ] GC(1229)   Other: 1.8ms
[2022-04-23T00:41:43.739+0800][gc,heap      ] GC(1229) Eden regions: 47->0(47)
[2022-04-23T00:41:43.739+0800][gc,heap      ] GC(1229) Survivor regions: 4->4(7)
[2022-04-23T00:41:43.739+0800][gc,heap      ] GC(1229) Old regions: 139->140
[2022-04-23T00:41:43.739+0800][gc,heap      ] GC(1229) Archive regions: 2->2
[2022-04-23T00:41:43.739+0800][gc,heap      ] GC(1229) Humongous regions: 129->129
[2022-04-23T00:41:43.739+0800][gc,metaspace ] GC(1229) Metaspace: 43655K->43655K(1089536K)
[2022-04-23T00:41:43.739+0800][gc           ] GC(1229) Pause Young (Normal) (G1 Evacuation Pause) 319M->272M(1024M) 28.829ms
[2022-04-23T00:41:43.739+0800][gc,cpu       ] GC(1229) User=0.04s Sys=0.04s Real=0.02s
[2022-04-23T00:41:59.218+0800][gc,start     ] GC(1230) Pause Young (Normal) (G1 Evacuation Pause)
[2022-04-23T00:41:59.218+0800][gc,task      ] GC(1230) Using 8 workers of 8 for evacuation
[2022-04-23T00:41:59.233+0800][gc,phases    ] GC(1230)   Pre Evacuate Collection Set: 0.1ms
[2022-04-23T00:41:59.233+0800][gc,phases    ] GC(1230)   Evacuate Collection Set: 13.7ms
[2022-04-23T00:41:59.233+0800][gc,phases    ] GC(1230)   Post Evacuate Collection Set: 0.5ms
[2022-04-23T00:41:59.233+0800][gc,phases    ] GC(1230)   Other: 1.0ms
[2022-04-23T00:41:59.233+0800][gc,heap      ] GC(1230) Eden regions: 47->0(47)
[2022-04-23T00:41:59.233+0800][gc,heap      ] GC(1230) Survivor regions: 4->4(7)
[2022-04-23T00:41:59.233+0800][gc,heap      ] GC(1230) Old regions: 140->140
[2022-04-23T00:41:59.233+0800][gc,heap      ] GC(1230) Archive regions: 2->2
[2022-04-23T00:41:59.233+0800][gc,heap      ] GC(1230) Humongous regions: 129->129
[2022-04-23T00:41:59.233+0800][gc,metaspace ] GC(1230) Metaspace: 43655K->43655K(1089536K)
[2022-04-23T00:41:59.233+0800][gc           ] GC(1230) Pause Young (Normal) (G1 Evacuation Pause) 319M->272M(1024M) 15.584ms
[2022-04-23T00:41:59.234+0800][gc,cpu       ] GC(1230) User=0.04s Sys=0.01s Real=0.02s
[2022-04-23T00:42:14.898+0800][gc,start     ] GC(1231) Pause Young (Normal) (G1 Evacuation Pause)
[2022-04-23T00:42:14.898+0800][gc,task      ] GC(1231) Using 8 workers of 8 for evacuation
[2022-04-23T00:42:14.919+0800][gc,mmu       ] GC(1231) MMU target violated: 20.5ms (20.0ms/21.0ms)
[2022-04-23T00:42:14.919+0800][gc,phases    ] GC(1231)   Pre Evacuate Collection Set: 0.3ms
[2022-04-23T00:42:14.919+0800][gc,phases    ] GC(1231)   Evacuate Collection Set: 18.6ms
[2022-04-23T00:42:14.919+0800][gc,phases    ] GC(1231)   Post Evacuate Collection Set: 0.9ms
[2022-04-23T00:42:14.919+0800][gc,phases    ] GC(1231)   Other: 1.4ms
[2022-04-23T00:42:14.919+0800][gc,heap      ] GC(1231) Eden regions: 47->0(47)
[2022-04-23T00:42:14.919+0800][gc,heap      ] GC(1231) Survivor regions: 4->4(7)
[2022-04-23T00:42:14.919+0800][gc,heap      ] GC(1231) Old regions: 140->140
[2022-04-23T00:42:14.919+0800][gc,heap      ] GC(1231) Archive regions: 2->2
[2022-04-23T00:42:14.919+0800][gc,heap      ] GC(1231) Humongous regions: 129->129
[2022-04-23T00:42:14.919+0800][gc,metaspace ] GC(1231) Metaspace: 43655K->43655K(1089536K)
[2022-04-23T00:42:14.919+0800][gc           ] GC(1231) Pause Young (Normal) (G1 Evacuation Pause) 319M->272M(1024M) 21.430ms
[2022-04-23T00:42:14.919+0800][gc,cpu       ] GC(1231) User=0.04s Sys=0.02s Real=0.02s
[2022-04-23T00:42:30.515+0800][gc,start     ] GC(1232) Pause Young (Normal) (G1 Evacuation Pause)
[2022-04-23T00:42:30.516+0800][gc,task      ] GC(1232) Using 8 workers of 8 for evacuation
[2022-04-23T00:42:30.531+0800][gc,phases    ] GC(1232)   Pre Evacuate Collection Set: 0.3ms
[2022-04-23T00:42:30.532+0800][gc,phases    ] GC(1232)   Evacuate Collection Set: 14.5ms
[2022-04-23T00:42:30.532+0800][gc,phases    ] GC(1232)   Post Evacuate Collection Set: 0.5ms
[2022-04-23T00:42:30.532+0800][gc,phases    ] GC(1232)   Other: 0.9ms
[2022-04-23T00:42:30.532+0800][gc,heap      ] GC(1232) Eden regions: 47->0(49)
[2022-04-23T00:42:30.532+0800][gc,heap      ] GC(1232) Survivor regions: 4->4(7)
[2022-04-23T00:42:30.532+0800][gc,heap      ] GC(1232) Old regions: 140->140
[2022-04-23T00:42:30.532+0800][gc,heap      ] GC(1232) Archive regions: 2->2
[2022-04-23T00:42:30.532+0800][gc,heap      ] GC(1232) Humongous regions: 129->129
[2022-04-23T00:42:30.532+0800][gc,metaspace ] GC(1232) Metaspace: 43655K->43655K(1089536K)
[2022-04-23T00:42:30.532+0800][gc           ] GC(1232) Pause Young (Normal) (G1 Evacuation Pause) 319M->273M(1024M) 16.252ms
[2022-04-23T00:42:30.532+0800][gc,cpu       ] GC(1232) User=0.04s Sys=0.00s Real=0.02s
[2022-04-23T00:42:46.787+0800][gc,start     ] GC(1233) Pause Young (Normal) (G1 Evacuation Pause)
[2022-04-23T00:42:46.789+0800][gc,task      ] GC(1233) Using 8 workers of 8 for evacuation
[2022-04-23T00:42:46.812+0800][gc,mmu       ] GC(1233) MMU target violated: 21.0ms (20.0ms/21.0ms)
[2022-04-23T00:42:46.812+0800][gc,phases    ] GC(1233)   Pre Evacuate Collection Set: 0.4ms
[2022-04-23T00:42:46.812+0800][gc,phases    ] GC(1233)   Evacuate Collection Set: 20.9ms
[2022-04-23T00:42:46.812+0800][gc,phases    ] GC(1233)   Post Evacuate Collection Set: 1.2ms
[2022-04-23T00:42:46.812+0800][gc,phases    ] GC(1233)   Other: 2.8ms
[2022-04-23T00:42:46.812+0800][gc,heap      ] GC(1233) Eden regions: 49->0(48)
[2022-04-23T00:42:46.812+0800][gc,heap      ] GC(1233) Survivor regions: 4->4(7)
[2022-04-23T00:42:46.812+0800][gc,heap      ] GC(1233) Old regions: 140->140
[2022-04-23T00:42:46.812+0800][gc,heap      ] GC(1233) Archive regions: 2->2
[2022-04-23T00:42:46.812+0800][gc,heap      ] GC(1233) Humongous regions: 129->129
[2022-04-23T00:42:46.812+0800][gc,metaspace ] GC(1233) Metaspace: 43658K->43658K(1089536K)
[2022-04-23T00:42:46.812+0800][gc           ] GC(1233) Pause Young (Normal) (G1 Evacuation Pause) 322M->273M(1024M) 25.438ms
[2022-04-23T00:42:46.813+0800][gc,cpu       ] GC(1233) User=0.04s Sys=0.03s Real=0.03s
[2022-04-23T00:43:02.688+0800][gc,start     ] GC(1234) Pause Young (Normal) (G1 Evacuation Pause)
[2022-04-23T00:43:02.688+0800][gc,task      ] GC(1234) Using 8 workers of 8 for evacuation
[2022-04-23T00:43:02.711+0800][gc,mmu       ] GC(1234) MMU target violated: 21.0ms (20.0ms/21.0ms)
[2022-04-23T00:43:02.711+0800][gc,phases    ] GC(1234)   Pre Evacuate Collection Set: 0.8ms
[2022-04-23T00:43:02.711+0800][gc,phases    ] GC(1234)   Evacuate Collection Set: 19.7ms
[2022-04-23T00:43:02.711+0800][gc,phases    ] GC(1234)   Post Evacuate Collection Set: 1.0ms
[2022-04-23T00:43:02.711+0800][gc,phases    ] GC(1234)   Other: 2.5ms
[2022-04-23T00:43:02.711+0800][gc,heap      ] GC(1234) Eden regions: 48->0(47)
[2022-04-23T00:43:02.711+0800][gc,heap      ] GC(1234) Survivor regions: 4->4(7)
[2022-04-23T00:43:02.711+0800][gc,heap      ] GC(1234) Old regions: 140->141
[2022-04-23T00:43:02.711+0800][gc,heap      ] GC(1234) Archive regions: 2->2
[2022-04-23T00:43:02.711+0800][gc,heap      ] GC(1234) Humongous regions: 129->129
[2022-04-23T00:43:02.711+0800][gc,metaspace ] GC(1234) Metaspace: 43665K->43665K(1089536K)
[2022-04-23T00:43:02.711+0800][gc           ] GC(1234) Pause Young (Normal) (G1 Evacuation Pause) 321M->274M(1024M) 23.627ms
[2022-04-23T00:43:02.711+0800][gc,cpu       ] GC(1234) User=0.05s Sys=0.05s Real=0.03s
[2022-04-23T00:43:18.247+0800][gc,start     ] GC(1235) Pause Young (Normal) (G1 Evacuation Pause)
[2022-04-23T00:43:18.248+0800][gc,task      ] GC(1235) Using 8 workers of 8 for evacuation
[2022-04-23T00:43:18.270+0800][gc,mmu       ] GC(1235) MMU target violated: 21.0ms (20.0ms/21.0ms)
[2022-04-23T00:43:18.270+0800][gc,phases    ] GC(1235)   Pre Evacuate Collection Set: 0.4ms
[2022-04-23T00:43:18.270+0800][gc,phases    ] GC(1235)   Evacuate Collection Set: 20.5ms
[2022-04-23T00:43:18.270+0800][gc,phases    ] GC(1235)   Post Evacuate Collection Set: 0.7ms
[2022-04-23T00:43:18.270+0800][gc,phases    ] GC(1235)   Other: 1.7ms
[2022-04-23T00:43:18.270+0800][gc,heap      ] GC(1235) Eden regions: 47->0(47)
[2022-04-23T00:43:18.270+0800][gc,heap      ] GC(1235) Survivor regions: 4->4(7)
[2022-04-23T00:43:18.270+0800][gc,heap      ] GC(1235) Old regions: 141->141
[2022-04-23T00:43:18.270+0800][gc,heap      ] GC(1235) Archive regions: 2->2
[2022-04-23T00:43:18.270+0800][gc,heap      ] GC(1235) Humongous regions: 129->129
[2022-04-23T00:43:18.270+0800][gc,metaspace ] GC(1235) Metaspace: 43665K->43665K(1089536K)
[2022-04-23T00:43:18.270+0800][gc           ] GC(1235) Pause Young (Normal) (G1 Evacuation Pause) 321M->274M(1024M) 23.484ms
[2022-04-23T00:43:18.270+0800][gc,cpu       ] GC(1235) User=0.05s Sys=0.01s Real=0.03s
[2022-04-23T00:43:33.889+0800][gc,start     ] GC(1236) Pause Young (Normal) (G1 Evacuation Pause)
[2022-04-23T00:43:33.904+0800][gc,task      ] GC(1236) Using 8 workers of 8 for evacuation
[2022-04-23T00:43:33.922+0800][gc,phases    ] GC(1236)   Pre Evacuate Collection Set: 0.2ms
[2022-04-23T00:43:33.922+0800][gc,phases    ] GC(1236)   Evacuate Collection Set: 16.5ms
[2022-04-23T00:43:33.922+0800][gc,phases    ] GC(1236)   Post Evacuate Collection Set: 0.8ms
[2022-04-23T00:43:33.922+0800][gc,phases    ] GC(1236)   Other: 15.5ms
[2022-04-23T00:43:33.922+0800][gc,heap      ] GC(1236) Eden regions: 47->0(48)
[2022-04-23T00:43:33.922+0800][gc,heap      ] GC(1236) Survivor regions: 4->6(7)
[2022-04-23T00:43:33.922+0800][gc,heap      ] GC(1236) Old regions: 141->142
[2022-04-23T00:43:33.922+0800][gc,heap      ] GC(1236) Archive regions: 2->2
[2022-04-23T00:43:33.922+0800][gc,heap      ] GC(1236) Humongous regions: 129->129
[2022-04-23T00:43:33.922+0800][gc,metaspace ] GC(1236) Metaspace: 43665K->43665K(1089536K)
[2022-04-23T00:43:33.922+0800][gc           ] GC(1236) Pause Young (Normal) (G1 Evacuation Pause) 321M->276M(1024M) 33.248ms
[2022-04-23T00:43:33.922+0800][gc,cpu       ] GC(1236) User=0.05s Sys=0.02s Real=0.04s
[2022-04-23T00:43:49.893+0800][gc,start     ] GC(1237) Pause Young (Normal) (G1 Evacuation Pause)
[2022-04-23T00:43:49.893+0800][gc,task      ] GC(1237) Using 8 workers of 8 for evacuation
[2022-04-23T00:43:49.921+0800][gc,mmu       ] GC(1237) MMU target violated: 21.0ms (20.0ms/21.0ms)
[2022-04-23T00:43:49.921+0800][gc,phases    ] GC(1237)   Pre Evacuate Collection Set: 0.2ms
[2022-04-23T00:43:49.921+0800][gc,phases    ] GC(1237)   Evacuate Collection Set: 26.7ms
[2022-04-23T00:43:49.921+0800][gc,phases    ] GC(1237)   Post Evacuate Collection Set: 0.5ms
[2022-04-23T00:43:49.921+0800][gc,phases    ] GC(1237)   Other: 1.3ms
[2022-04-23T00:43:49.921+0800][gc,heap      ] GC(1237) Eden regions: 48->0(46)
[2022-04-23T00:43:49.921+0800][gc,heap      ] GC(1237) Survivor regions: 6->5(7)
[2022-04-23T00:43:49.921+0800][gc,heap      ] GC(1237) Old regions: 142->143
[2022-04-23T00:43:49.921+0800][gc,heap      ] GC(1237) Archive regions: 2->2
[2022-04-23T00:43:49.921+0800][gc,heap      ] GC(1237) Humongous regions: 129->129
[2022-04-23T00:43:49.921+0800][gc,metaspace ] GC(1237) Metaspace: 43665K->43665K(1089536K)
[2022-04-23T00:43:49.921+0800][gc           ] GC(1237) Pause Young (Normal) (G1 Evacuation Pause) 324M->276M(1024M) 28.746ms
[2022-04-23T00:43:49.921+0800][gc,cpu       ] GC(1237) User=0.04s Sys=0.03s Real=0.03s
[2022-04-23T00:44:05.194+0800][gc,start     ] GC(1238) Pause Young (Normal) (G1 Evacuation Pause)
[2022-04-23T00:44:05.195+0800][gc,task      ] GC(1238) Using 8 workers of 8 for evacuation
[2022-04-23T00:44:05.213+0800][gc,phases    ] GC(1238)   Pre Evacuate Collection Set: 0.4ms
[2022-04-23T00:44:05.213+0800][gc,phases    ] GC(1238)   Evacuate Collection Set: 15.6ms
[2022-04-23T00:44:05.213+0800][gc,phases    ] GC(1238)   Post Evacuate Collection Set: 0.7ms
[2022-04-23T00:44:05.213+0800][gc,phases    ] GC(1238)   Other: 2.1ms
[2022-04-23T00:44:05.213+0800][gc,heap      ] GC(1238) Eden regions: 46->0(47)
[2022-04-23T00:44:05.213+0800][gc,heap      ] GC(1238) Survivor regions: 5->4(7)
[2022-04-23T00:44:05.213+0800][gc,heap      ] GC(1238) Old regions: 143->144
[2022-04-23T00:44:05.213+0800][gc,heap      ] GC(1238) Archive regions: 2->2
[2022-04-23T00:44:05.213+0800][gc,heap      ] GC(1238) Humongous regions: 129->129
[2022-04-23T00:44:05.213+0800][gc,metaspace ] GC(1238) Metaspace: 43665K->43665K(1089536K)
[2022-04-23T00:44:05.213+0800][gc           ] GC(1238) Pause Young (Normal) (G1 Evacuation Pause) 322M->276M(1024M) 18.991ms
[2022-04-23T00:44:05.213+0800][gc,cpu       ] GC(1238) User=0.05s Sys=0.01s Real=0.02s
[2022-04-23T00:44:20.761+0800][gc,start     ] GC(1239) Pause Young (Normal) (G1 Evacuation Pause)
[2022-04-23T00:44:20.762+0800][gc,task      ] GC(1239) Using 8 workers of 8 for evacuation
[2022-04-23T00:44:20.779+0800][gc,phases    ] GC(1239)   Pre Evacuate Collection Set: 0.3ms
[2022-04-23T00:44:20.779+0800][gc,phases    ] GC(1239)   Evacuate Collection Set: 14.6ms
[2022-04-23T00:44:20.779+0800][gc,phases    ] GC(1239)   Post Evacuate Collection Set: 1.2ms
[2022-04-23T00:44:20.779+0800][gc,phases    ] GC(1239)   Other: 1.9ms
[2022-04-23T00:44:20.779+0800][gc,heap      ] GC(1239) Eden regions: 47->0(48)
[2022-04-23T00:44:20.779+0800][gc,heap      ] GC(1239) Survivor regions: 4->4(7)
[2022-04-23T00:44:20.779+0800][gc,heap      ] GC(1239) Old regions: 144->144
[2022-04-23T00:44:20.779+0800][gc,heap      ] GC(1239) Archive regions: 2->2
[2022-04-23T00:44:20.779+0800][gc,heap      ] GC(1239) Humongous regions: 129->129
[2022-04-23T00:44:20.779+0800][gc,metaspace ] GC(1239) Metaspace: 43665K->43665K(1089536K)
[2022-04-23T00:44:20.779+0800][gc           ] GC(1239) Pause Young (Normal) (G1 Evacuation Pause) 323M->276M(1024M) 18.113ms
[2022-04-23T00:44:20.779+0800][gc,cpu       ] GC(1239) User=0.04s Sys=0.01s Real=0.01s
[2022-04-23T00:44:36.745+0800][gc,start     ] GC(1240) Pause Young (Normal) (G1 Evacuation Pause)
[2022-04-23T00:44:36.745+0800][gc,task      ] GC(1240) Using 8 workers of 8 for evacuation
[2022-04-23T00:44:36.762+0800][gc,phases    ] GC(1240)   Pre Evacuate Collection Set: 0.4ms
[2022-04-23T00:44:36.762+0800][gc,phases    ] GC(1240)   Evacuate Collection Set: 14.7ms
[2022-04-23T00:44:36.762+0800][gc,phases    ] GC(1240)   Post Evacuate Collection Set: 0.7ms
[2022-04-23T00:44:36.762+0800][gc,phases    ] GC(1240)   Other: 1.3ms
[2022-04-23T00:44:36.762+0800][gc,heap      ] GC(1240) Eden regions: 48->0(48)
[2022-04-23T00:44:36.762+0800][gc,heap      ] GC(1240) Survivor regions: 4->4(7)
[2022-04-23T00:44:36.762+0800][gc,heap      ] GC(1240) Old regions: 144->144
[2022-04-23T00:44:36.762+0800][gc,heap      ] GC(1240) Archive regions: 2->2
[2022-04-23T00:44:36.762+0800][gc,heap      ] GC(1240) Humongous regions: 129->129
[2022-04-23T00:44:36.762+0800][gc,metaspace ] GC(1240) Metaspace: 43665K->43665K(1089536K)
[2022-04-23T00:44:36.762+0800][gc           ] GC(1240) Pause Young (Normal) (G1 Evacuation Pause) 324M->277M(1024M) 17.304ms
[2022-04-23T00:44:36.762+0800][gc,cpu       ] GC(1240) User=0.04s Sys=0.01s Real=0.02s
[2022-04-23T00:44:56.771+0800][gc,start     ] GC(1241) Pause Young (Normal) (G1 Evacuation Pause)
[2022-04-23T00:44:56.772+0800][gc,task      ] GC(1241) Using 8 workers of 8 for evacuation
[2022-04-23T00:44:56.789+0800][gc,phases    ] GC(1241)   Pre Evacuate Collection Set: 0.3ms
[2022-04-23T00:44:56.789+0800][gc,phases    ] GC(1241)   Evacuate Collection Set: 14.8ms
[2022-04-23T00:44:56.789+0800][gc,phases    ] GC(1241)   Post Evacuate Collection Set: 1.3ms
[2022-04-23T00:44:56.789+0800][gc,phases    ] GC(1241)   Other: 1.5ms
[2022-04-23T00:44:56.789+0800][gc,heap      ] GC(1241) Eden regions: 48->0(49)
[2022-04-23T00:44:56.789+0800][gc,heap      ] GC(1241) Survivor regions: 4->4(7)
[2022-04-23T00:44:56.789+0800][gc,heap      ] GC(1241) Old regions: 144->145
[2022-04-23T00:44:56.789+0800][gc,heap      ] GC(1241) Archive regions: 2->2
[2022-04-23T00:44:56.789+0800][gc,heap      ] GC(1241) Humongous regions: 129->129
[2022-04-23T00:44:56.789+0800][gc,metaspace ] GC(1241) Metaspace: 43665K->43665K(1089536K)
[2022-04-23T00:44:56.789+0800][gc           ] GC(1241) Pause Young (Normal) (G1 Evacuation Pause) 325M->277M(1024M) 18.223ms
[2022-04-23T00:44:56.789+0800][gc,cpu       ] GC(1241) User=0.04s Sys=0.01s Real=0.01s
[2022-04-23T00:45:13.157+0800][gc,start     ] GC(1242) Pause Young (Normal) (G1 Evacuation Pause)
[2022-04-23T00:45:13.158+0800][gc,task      ] GC(1242) Using 8 workers of 8 for evacuation
[2022-04-23T00:45:13.173+0800][gc,phases    ] GC(1242)   Pre Evacuate Collection Set: 0.3ms
[2022-04-23T00:45:13.174+0800][gc,phases    ] GC(1242)   Evacuate Collection Set: 13.5ms
[2022-04-23T00:45:13.174+0800][gc,phases    ] GC(1242)   Post Evacuate Collection Set: 0.7ms
[2022-04-23T00:45:13.174+0800][gc,phases    ] GC(1242)   Other: 2.0ms
[2022-04-23T00:45:13.174+0800][gc,heap      ] GC(1242) Eden regions: 49->0(53)
[2022-04-23T00:45:13.174+0800][gc,heap      ] GC(1242) Survivor regions: 4->5(7)
[2022-04-23T00:45:13.174+0800][gc,heap      ] GC(1242) Old regions: 145->145
[2022-04-23T00:45:13.174+0800][gc,heap      ] GC(1242) Archive regions: 2->2
[2022-04-23T00:45:13.174+0800][gc,heap      ] GC(1242) Humongous regions: 129->129
[2022-04-23T00:45:13.174+0800][gc,metaspace ] GC(1242) Metaspace: 43665K->43665K(1089536K)
[2022-04-23T00:45:13.174+0800][gc           ] GC(1242) Pause Young (Normal) (G1 Evacuation Pause) 326M->278M(1024M) 16.702ms
[2022-04-23T00:45:13.174+0800][gc,cpu       ] GC(1242) User=0.04s Sys=0.01s Real=0.02s
[2022-04-23T00:45:29.978+0800][gc,start     ] GC(1243) Pause Young (Normal) (G1 Evacuation Pause)
[2022-04-23T00:45:29.979+0800][gc,task      ] GC(1243) Using 8 workers of 8 for evacuation
[2022-04-23T00:45:30.015+0800][gc,mmu       ] GC(1243) MMU target violated: 21.0ms (20.0ms/21.0ms)
[2022-04-23T00:45:30.015+0800][gc,phases    ] GC(1243)   Pre Evacuate Collection Set: 0.4ms
[2022-04-23T00:45:30.015+0800][gc,phases    ] GC(1243)   Evacuate Collection Set: 34.0ms
[2022-04-23T00:45:30.015+0800][gc,phases    ] GC(1243)   Post Evacuate Collection Set: 1.6ms
[2022-04-23T00:45:30.015+0800][gc,phases    ] GC(1243)   Other: 1.3ms
[2022-04-23T00:45:30.015+0800][gc,heap      ] GC(1243) Eden regions: 51->0(46)
[2022-04-23T00:45:30.015+0800][gc,heap      ] GC(1243) Survivor regions: 5->5(7)
[2022-04-23T00:45:30.016+0800][gc,heap      ] GC(1243) Old regions: 145->145
[2022-04-23T00:45:30.016+0800][gc,heap      ] GC(1243) Archive regions: 2->2
[2022-04-23T00:45:30.016+0800][gc,heap      ] GC(1243) Humongous regions: 129->129
[2022-04-23T00:45:30.016+0800][gc,metaspace ] GC(1243) Metaspace: 43665K->43665K(1089536K)
[2022-04-23T00:45:30.016+0800][gc           ] GC(1243) Pause Young (Normal) (G1 Evacuation Pause) 329M->278M(1024M) 37.468ms
[2022-04-23T00:45:30.016+0800][gc,cpu       ] GC(1243) User=0.06s Sys=0.03s Real=0.04s
[2022-04-23T00:45:45.237+0800][gc,start     ] GC(1244) Pause Young (Normal) (G1 Evacuation Pause)
[2022-04-23T00:45:45.237+0800][gc,task      ] GC(1244) Using 8 workers of 8 for evacuation
[2022-04-23T00:45:45.255+0800][gc,phases    ] GC(1244)   Pre Evacuate Collection Set: 0.2ms
[2022-04-23T00:45:45.255+0800][gc,phases    ] GC(1244)   Evacuate Collection Set: 16.3ms
[2022-04-23T00:45:45.255+0800][gc,phases    ] GC(1244)   Post Evacuate Collection Set: 0.6ms
[2022-04-23T00:45:45.255+0800][gc,phases    ] GC(1244)   Other: 1.3ms
[2022-04-23T00:45:45.255+0800][gc,heap      ] GC(1244) Eden regions: 46->0(47)
[2022-04-23T00:45:45.255+0800][gc,heap      ] GC(1244) Survivor regions: 5->4(7)
[2022-04-23T00:45:45.255+0800][gc,heap      ] GC(1244) Old regions: 145->146
[2022-04-23T00:45:45.255+0800][gc,heap      ] GC(1244) Archive regions: 2->2
[2022-04-23T00:45:45.255+0800][gc,heap      ] GC(1244) Humongous regions: 129->129
[2022-04-23T00:45:45.255+0800][gc,metaspace ] GC(1244) Metaspace: 43665K->43665K(1089536K)
[2022-04-23T00:45:45.255+0800][gc           ] GC(1244) Pause Young (Normal) (G1 Evacuation Pause) 324M->279M(1024M) 18.471ms
[2022-04-23T00:45:45.255+0800][gc,cpu       ] GC(1244) User=0.05s Sys=0.02s Real=0.02s
[2022-04-23T00:46:01.017+0800][gc,start     ] GC(1245) Pause Young (Normal) (G1 Evacuation Pause)
[2022-04-23T00:46:01.019+0800][gc,task      ] GC(1245) Using 8 workers of 8 for evacuation
[2022-04-23T00:46:01.040+0800][gc,mmu       ] GC(1245) MMU target violated: 20.5ms (20.0ms/21.0ms)
[2022-04-23T00:46:01.040+0800][gc,phases    ] GC(1245)   Pre Evacuate Collection Set: 0.4ms
[2022-04-23T00:46:01.040+0800][gc,phases    ] GC(1245)   Evacuate Collection Set: 17.6ms
[2022-04-23T00:46:01.040+0800][gc,phases    ] GC(1245)   Post Evacuate Collection Set: 1.6ms
[2022-04-23T00:46:01.040+0800][gc,phases    ] GC(1245)   Other: 3.6ms
[2022-04-23T00:46:01.040+0800][gc,heap      ] GC(1245) Eden regions: 47->0(47)
[2022-04-23T00:46:01.040+0800][gc,heap      ] GC(1245) Survivor regions: 4->4(7)
[2022-04-23T00:46:01.040+0800][gc,heap      ] GC(1245) Old regions: 146->146
[2022-04-23T00:46:01.040+0800][gc,heap      ] GC(1245) Archive regions: 2->2
[2022-04-23T00:46:01.040+0800][gc,heap      ] GC(1245) Humongous regions: 129->129
[2022-04-23T00:46:01.040+0800][gc,metaspace ] GC(1245) Metaspace: 43665K->43665K(1089536K)
[2022-04-23T00:46:01.040+0800][gc           ] GC(1245) Pause Young (Normal) (G1 Evacuation Pause) 326M->279M(1024M) 23.278ms
[2022-04-23T00:46:01.041+0800][gc,cpu       ] GC(1245) User=0.04s Sys=0.02s Real=0.03s
[2022-04-23T00:46:16.674+0800][gc,start     ] GC(1246) Pause Young (Normal) (G1 Evacuation Pause)
[2022-04-23T00:46:16.675+0800][gc,task      ] GC(1246) Using 8 workers of 8 for evacuation
[2022-04-23T00:46:16.691+0800][gc,phases    ] GC(1246)   Pre Evacuate Collection Set: 0.2ms
[2022-04-23T00:46:16.691+0800][gc,phases    ] GC(1246)   Evacuate Collection Set: 14.3ms
[2022-04-23T00:46:16.691+0800][gc,phases    ] GC(1246)   Post Evacuate Collection Set: 0.7ms
[2022-04-23T00:46:16.691+0800][gc,phases    ] GC(1246)   Other: 2.5ms
[2022-04-23T00:46:16.691+0800][gc,heap      ] GC(1246) Eden regions: 47->0(48)
[2022-04-23T00:46:16.692+0800][gc,heap      ] GC(1246) Survivor regions: 4->4(7)
[2022-04-23T00:46:16.692+0800][gc,heap      ] GC(1246) Old regions: 146->146
[2022-04-23T00:46:16.692+0800][gc,heap      ] GC(1246) Archive regions: 2->2
[2022-04-23T00:46:16.692+0800][gc,heap      ] GC(1246) Humongous regions: 129->129
[2022-04-23T00:46:16.692+0800][gc,metaspace ] GC(1246) Metaspace: 43665K->43665K(1089536K)
[2022-04-23T00:46:16.692+0800][gc           ] GC(1246) Pause Young (Normal) (G1 Evacuation Pause) 326M->279M(1024M) 18.000ms
[2022-04-23T00:46:16.692+0800][gc,cpu       ] GC(1246) User=0.05s Sys=0.00s Real=0.02s
[2022-04-23T00:46:32.459+0800][gc,start     ] GC(1247) Pause Young (Normal) (G1 Evacuation Pause)
[2022-04-23T00:46:32.460+0800][gc,task      ] GC(1247) Using 8 workers of 8 for evacuation
[2022-04-23T00:46:32.481+0800][gc,mmu       ] GC(1247) MMU target violated: 21.0ms (20.0ms/21.0ms)
[2022-04-23T00:46:32.482+0800][gc,phases    ] GC(1247)   Pre Evacuate Collection Set: 0.3ms
[2022-04-23T00:46:32.482+0800][gc,phases    ] GC(1247)   Evacuate Collection Set: 19.5ms
[2022-04-23T00:46:32.482+0800][gc,phases    ] GC(1247)   Post Evacuate Collection Set: 0.7ms
[2022-04-23T00:46:32.482+0800][gc,phases    ] GC(1247)   Other: 2.0ms
[2022-04-23T00:46:32.482+0800][gc,heap      ] GC(1247) Eden regions: 47->0(48)
[2022-04-23T00:46:32.482+0800][gc,heap      ] GC(1247) Survivor regions: 4->4(7)
[2022-04-23T00:46:32.482+0800][gc,heap      ] GC(1247) Old regions: 146->147
[2022-04-23T00:46:32.482+0800][gc,heap      ] GC(1247) Archive regions: 2->2
[2022-04-23T00:46:32.482+0800][gc,heap      ] GC(1247) Humongous regions: 129->129
[2022-04-23T00:46:32.482+0800][gc,metaspace ] GC(1247) Metaspace: 43665K->43665K(1089536K)
[2022-04-23T00:46:32.482+0800][gc           ] GC(1247) Pause Young (Normal) (G1 Evacuation Pause) 326M->279M(1024M) 22.685ms
[2022-04-23T00:46:32.482+0800][gc,cpu       ] GC(1247) User=0.05s Sys=0.01s Real=0.03s
[2022-04-23T00:46:52.283+0800][gc,start     ] GC(1248) Pause Young (Normal) (G1 Evacuation Pause)
[2022-04-23T00:46:52.283+0800][gc,task      ] GC(1248) Using 8 workers of 8 for evacuation
[2022-04-23T00:46:52.307+0800][gc,mmu       ] GC(1248) MMU target violated: 21.0ms (20.0ms/21.0ms)
[2022-04-23T00:46:52.307+0800][gc,phases    ] GC(1248)   Pre Evacuate Collection Set: 0.2ms
[2022-04-23T00:46:52.307+0800][gc,phases    ] GC(1248)   Evacuate Collection Set: 22.1ms
[2022-04-23T00:46:52.307+0800][gc,phases    ] GC(1248)   Post Evacuate Collection Set: 0.7ms
[2022-04-23T00:46:52.307+0800][gc,phases    ] GC(1248)   Other: 1.4ms
[2022-04-23T00:46:52.307+0800][gc,heap      ] GC(1248) Eden regions: 48->0(48)
[2022-04-23T00:46:52.307+0800][gc,heap      ] GC(1248) Survivor regions: 4->5(7)
[2022-04-23T00:46:52.307+0800][gc,heap      ] GC(1248) Old regions: 147->147
[2022-04-23T00:46:52.307+0800][gc,heap      ] GC(1248) Archive regions: 2->2
[2022-04-23T00:46:52.307+0800][gc,heap      ] GC(1248) Humongous regions: 129->129
[2022-04-23T00:46:52.307+0800][gc,metaspace ] GC(1248) Metaspace: 43665K->43665K(1089536K)
[2022-04-23T00:46:52.307+0800][gc           ] GC(1248) Pause Young (Normal) (G1 Evacuation Pause) 327M->279M(1024M) 24.544ms
[2022-04-23T00:46:52.307+0800][gc,cpu       ] GC(1248) User=0.04s Sys=0.02s Real=0.02s
[2022-04-23T00:47:08.119+0800][gc,start     ] GC(1249) Pause Young (Normal) (G1 Evacuation Pause)
[2022-04-23T00:47:08.119+0800][gc,task      ] GC(1249) Using 8 workers of 8 for evacuation
[2022-04-23T00:47:08.149+0800][gc,mmu       ] GC(1249) MMU target violated: 21.0ms (20.0ms/21.0ms)
[2022-04-23T00:47:08.150+0800][gc,phases    ] GC(1249)   Pre Evacuate Collection Set: 0.3ms
[2022-04-23T00:47:08.150+0800][gc,phases    ] GC(1249)   Evacuate Collection Set: 27.6ms
[2022-04-23T00:47:08.150+0800][gc,phases    ] GC(1249)   Post Evacuate Collection Set: 1.0ms
[2022-04-23T00:47:08.150+0800][gc,phases    ] GC(1249)   Other: 2.1ms
[2022-04-23T00:47:08.150+0800][gc,heap      ] GC(1249) Eden regions: 47->0(47)
[2022-04-23T00:47:08.150+0800][gc,heap      ] GC(1249) Survivor regions: 5->4(7)
[2022-04-23T00:47:08.150+0800][gc,heap      ] GC(1249) Old regions: 147->147
[2022-04-23T00:47:08.150+0800][gc,heap      ] GC(1249) Archive regions: 2->2
[2022-04-23T00:47:08.150+0800][gc,heap      ] GC(1249) Humongous regions: 129->129
[2022-04-23T00:47:08.150+0800][gc,metaspace ] GC(1249) Metaspace: 43665K->43665K(1089536K)
[2022-04-23T00:47:08.150+0800][gc           ] GC(1249) Pause Young (Normal) (G1 Evacuation Pause) 326M->280M(1024M) 31.072ms
[2022-04-23T00:47:08.150+0800][gc,cpu       ] GC(1249) User=0.05s Sys=0.03s Real=0.04s
[2022-04-23T00:47:24.082+0800][gc,start     ] GC(1250) Pause Young (Normal) (G1 Evacuation Pause)
[2022-04-23T00:47:24.083+0800][gc,task      ] GC(1250) Using 8 workers of 8 for evacuation
[2022-04-23T00:47:24.106+0800][gc,mmu       ] GC(1250) MMU target violated: 21.0ms (20.0ms/21.0ms)
[2022-04-23T00:47:24.107+0800][gc,phases    ] GC(1250)   Pre Evacuate Collection Set: 0.2ms
[2022-04-23T00:47:24.107+0800][gc,phases    ] GC(1250)   Evacuate Collection Set: 21.8ms
[2022-04-23T00:47:24.107+0800][gc,phases    ] GC(1250)   Post Evacuate Collection Set: 0.4ms
[2022-04-23T00:47:24.107+0800][gc,phases    ] GC(1250)   Other: 6.9ms
[2022-04-23T00:47:24.107+0800][gc,heap      ] GC(1250) Eden regions: 47->0(45)
[2022-04-23T00:47:24.107+0800][gc,heap      ] GC(1250) Survivor regions: 4->6(7)
[2022-04-23T00:47:24.107+0800][gc,heap      ] GC(1250) Old regions: 147->147
[2022-04-23T00:47:24.107+0800][gc,heap      ] GC(1250) Archive regions: 2->2
[2022-04-23T00:47:24.107+0800][gc,heap      ] GC(1250) Humongous regions: 129->129
[2022-04-23T00:47:24.107+0800][gc,metaspace ] GC(1250) Metaspace: 43665K->43665K(1089536K)
[2022-04-23T00:47:24.107+0800][gc           ] GC(1250) Pause Young (Normal) (G1 Evacuation Pause) 327M->282M(1024M) 24.898ms
[2022-04-23T00:47:24.107+0800][gc,cpu       ] GC(1250) User=0.04s Sys=0.02s Real=0.02s
[2022-04-23T00:47:39.268+0800][gc,start     ] GC(1251) Pause Young (Normal) (G1 Evacuation Pause)
[2022-04-23T00:47:39.268+0800][gc,task      ] GC(1251) Using 8 workers of 8 for evacuation
[2022-04-23T00:47:39.305+0800][gc,mmu       ] GC(1251) MMU target violated: 21.0ms (20.0ms/21.0ms)
[2022-04-23T00:47:39.305+0800][gc,phases    ] GC(1251)   Pre Evacuate Collection Set: 0.1ms
[2022-04-23T00:47:39.305+0800][gc,phases    ] GC(1251)   Evacuate Collection Set: 31.5ms
[2022-04-23T00:47:39.305+0800][gc,phases    ] GC(1251)   Post Evacuate Collection Set: 0.4ms
[2022-04-23T00:47:39.305+0800][gc,phases    ] GC(1251)   Other: 4.8ms
[2022-04-23T00:47:39.305+0800][gc,heap      ] GC(1251) Eden regions: 45->0(47)
[2022-04-23T00:47:39.305+0800][gc,heap      ] GC(1251) Survivor regions: 6->4(7)
[2022-04-23T00:47:39.305+0800][gc,heap      ] GC(1251) Old regions: 147->149
[2022-04-23T00:47:39.305+0800][gc,heap      ] GC(1251) Archive regions: 2->2
[2022-04-23T00:47:39.305+0800][gc,heap      ] GC(1251) Humongous regions: 129->129
[2022-04-23T00:47:39.305+0800][gc,metaspace ] GC(1251) Metaspace: 43665K->43665K(1089536K)
[2022-04-23T00:47:39.305+0800][gc           ] GC(1251) Pause Young (Normal) (G1 Evacuation Pause) 327M->282M(1024M) 36.844ms
[2022-04-23T00:47:39.305+0800][gc,cpu       ] GC(1251) User=0.02s Sys=0.02s Real=0.04s
[2022-04-23T00:47:55.358+0800][gc,start     ] GC(1252) Pause Young (Normal) (G1 Evacuation Pause)
[2022-04-23T00:47:55.359+0800][gc,task      ] GC(1252) Using 8 workers of 8 for evacuation
[2022-04-23T00:47:55.379+0800][gc,mmu       ] GC(1252) MMU target violated: 20.1ms (20.0ms/21.0ms)
[2022-04-23T00:47:55.379+0800][gc,phases    ] GC(1252)   Pre Evacuate Collection Set: 0.2ms
[2022-04-23T00:47:55.379+0800][gc,phases    ] GC(1252)   Evacuate Collection Set: 18.3ms
[2022-04-23T00:47:55.379+0800][gc,phases    ] GC(1252)   Post Evacuate Collection Set: 1.1ms
[2022-04-23T00:47:55.379+0800][gc,phases    ] GC(1252)   Other: 1.3ms
[2022-04-23T00:47:55.379+0800][gc,heap      ] GC(1252) Eden regions: 47->0(47)
[2022-04-23T00:47:55.379+0800][gc,heap      ] GC(1252) Survivor regions: 4->4(7)
[2022-04-23T00:47:55.379+0800][gc,heap      ] GC(1252) Old regions: 149->149
[2022-04-23T00:47:55.379+0800][gc,heap      ] GC(1252) Archive regions: 2->2
[2022-04-23T00:47:55.379+0800][gc,heap      ] GC(1252) Humongous regions: 129->129
[2022-04-23T00:47:55.379+0800][gc,metaspace ] GC(1252) Metaspace: 43666K->43666K(1089536K)
[2022-04-23T00:47:55.379+0800][gc           ] GC(1252) Pause Young (Normal) (G1 Evacuation Pause) 329M->282M(1024M) 21.077ms
[2022-04-23T00:47:55.379+0800][gc,cpu       ] GC(1252) User=0.04s Sys=0.01s Real=0.02s
[2022-04-23T00:48:11.167+0800][gc,start     ] GC(1253) Pause Young (Normal) (G1 Evacuation Pause)
[2022-04-23T00:48:11.167+0800][gc,task      ] GC(1253) Using 8 workers of 8 for evacuation
[2022-04-23T00:48:11.185+0800][gc,phases    ] GC(1253)   Pre Evacuate Collection Set: 0.1ms
[2022-04-23T00:48:11.185+0800][gc,phases    ] GC(1253)   Evacuate Collection Set: 17.1ms
[2022-04-23T00:48:11.185+0800][gc,phases    ] GC(1253)   Post Evacuate Collection Set: 0.3ms
[2022-04-23T00:48:11.185+0800][gc,phases    ] GC(1253)   Other: 0.7ms
[2022-04-23T00:48:11.185+0800][gc,heap      ] GC(1253) Eden regions: 47->0(47)
[2022-04-23T00:48:11.185+0800][gc,heap      ] GC(1253) Survivor regions: 4->4(7)
[2022-04-23T00:48:11.185+0800][gc,heap      ] GC(1253) Old regions: 149->149
[2022-04-23T00:48:11.185+0800][gc,heap      ] GC(1253) Archive regions: 2->2
[2022-04-23T00:48:11.185+0800][gc,heap      ] GC(1253) Humongous regions: 129->129
[2022-04-23T00:48:11.185+0800][gc,metaspace ] GC(1253) Metaspace: 43666K->43666K(1089536K)
[2022-04-23T00:48:11.185+0800][gc           ] GC(1253) Pause Young (Normal) (G1 Evacuation Pause) 329M->282M(1024M) 18.344ms
[2022-04-23T00:48:11.185+0800][gc,cpu       ] GC(1253) User=0.03s Sys=0.01s Real=0.02s
[2022-04-23T00:48:26.950+0800][gc,start     ] GC(1254) Pause Young (Normal) (G1 Evacuation Pause)
[2022-04-23T00:48:26.950+0800][gc,task      ] GC(1254) Using 8 workers of 8 for evacuation
[2022-04-23T00:48:26.980+0800][gc,mmu       ] GC(1254) MMU target violated: 21.0ms (20.0ms/21.0ms)
[2022-04-23T00:48:26.980+0800][gc,phases    ] GC(1254)   Pre Evacuate Collection Set: 0.3ms
[2022-04-23T00:48:26.980+0800][gc,phases    ] GC(1254)   Evacuate Collection Set: 27.5ms
[2022-04-23T00:48:26.980+0800][gc,phases    ] GC(1254)   Post Evacuate Collection Set: 0.8ms
[2022-04-23T00:48:26.980+0800][gc,phases    ] GC(1254)   Other: 1.5ms
[2022-04-23T00:48:26.980+0800][gc,heap      ] GC(1254) Eden regions: 47->0(47)
[2022-04-23T00:48:26.980+0800][gc,heap      ] GC(1254) Survivor regions: 4->4(7)
[2022-04-23T00:48:26.980+0800][gc,heap      ] GC(1254) Old regions: 149->149
[2022-04-23T00:48:26.980+0800][gc,heap      ] GC(1254) Archive regions: 2->2
[2022-04-23T00:48:26.980+0800][gc,heap      ] GC(1254) Humongous regions: 129->129
[2022-04-23T00:48:26.980+0800][gc,metaspace ] GC(1254) Metaspace: 43666K->43666K(1089536K)
[2022-04-23T00:48:26.980+0800][gc           ] GC(1254) Pause Young (Normal) (G1 Evacuation Pause) 329M->282M(1024M) 30.158ms
[2022-04-23T00:48:26.980+0800][gc,cpu       ] GC(1254) User=0.04s Sys=0.03s Real=0.03s
[2022-04-23T00:48:42.707+0800][gc,start     ] GC(1255) Pause Young (Normal) (G1 Evacuation Pause)
[2022-04-23T00:48:42.707+0800][gc,task      ] GC(1255) Using 8 workers of 8 for evacuation
[2022-04-23T00:48:42.728+0800][gc,mmu       ] GC(1255) MMU target violated: 20.6ms (20.0ms/21.0ms)
[2022-04-23T00:48:42.728+0800][gc,phases    ] GC(1255)   Pre Evacuate Collection Set: 0.2ms
[2022-04-23T00:48:42.728+0800][gc,phases    ] GC(1255)   Evacuate Collection Set: 19.5ms
[2022-04-23T00:48:42.728+0800][gc,phases    ] GC(1255)   Post Evacuate Collection Set: 0.6ms
[2022-04-23T00:48:42.728+0800][gc,phases    ] GC(1255)   Other: 1.1ms
[2022-04-23T00:48:42.728+0800][gc,heap      ] GC(1255) Eden regions: 47->0(47)
[2022-04-23T00:48:42.728+0800][gc,heap      ] GC(1255) Survivor regions: 4->4(7)
[2022-04-23T00:48:42.728+0800][gc,heap      ] GC(1255) Old regions: 149->150
[2022-04-23T00:48:42.728+0800][gc,heap      ] GC(1255) Archive regions: 2->2
[2022-04-23T00:48:42.728+0800][gc,heap      ] GC(1255) Humongous regions: 129->129
[2022-04-23T00:48:42.728+0800][gc,metaspace ] GC(1255) Metaspace: 43666K->43666K(1089536K)
[2022-04-23T00:48:42.728+0800][gc           ] GC(1255) Pause Young (Normal) (G1 Evacuation Pause) 329M->282M(1024M) 21.634ms
[2022-04-23T00:48:42.728+0800][gc,cpu       ] GC(1255) User=0.05s Sys=0.01s Real=0.02s
[2022-04-23T00:48:58.716+0800][gc,start     ] GC(1256) Pause Young (Normal) (G1 Evacuation Pause)
[2022-04-23T00:48:58.716+0800][gc,task      ] GC(1256) Using 8 workers of 8 for evacuation
[2022-04-23T00:48:58.747+0800][gc,mmu       ] GC(1256) MMU target violated: 21.0ms (20.0ms/21.0ms)
[2022-04-23T00:48:58.747+0800][gc,phases    ] GC(1256)   Pre Evacuate Collection Set: 0.4ms
[2022-04-23T00:48:58.747+0800][gc,phases    ] GC(1256)   Evacuate Collection Set: 28.3ms
[2022-04-23T00:48:58.747+0800][gc,phases    ] GC(1256)   Post Evacuate Collection Set: 1.3ms
[2022-04-23T00:48:58.747+0800][gc,phases    ] GC(1256)   Other: 1.9ms
[2022-04-23T00:48:58.748+0800][gc,heap      ] GC(1256) Eden regions: 47->0(45)
[2022-04-23T00:48:58.748+0800][gc,heap      ] GC(1256) Survivor regions: 4->6(7)
[2022-04-23T00:48:58.748+0800][gc,heap      ] GC(1256) Old regions: 150->150
[2022-04-23T00:48:58.748+0800][gc,heap      ] GC(1256) Archive regions: 2->2
[2022-04-23T00:48:58.748+0800][gc,heap      ] GC(1256) Humongous regions: 129->129
[2022-04-23T00:48:58.748+0800][gc,metaspace ] GC(1256) Metaspace: 43666K->43666K(1089536K)
[2022-04-23T00:48:58.748+0800][gc           ] GC(1256) Pause Young (Normal) (G1 Evacuation Pause) 329M->284M(1024M) 32.015ms
[2022-04-23T00:48:58.748+0800][gc,cpu       ] GC(1256) User=0.05s Sys=0.04s Real=0.03s
[2022-04-23T00:49:13.806+0800][gc,start     ] GC(1257) Pause Young (Normal) (G1 Evacuation Pause)
[2022-04-23T00:49:13.806+0800][gc,task      ] GC(1257) Using 8 workers of 8 for evacuation
[2022-04-23T00:49:13.894+0800][gc,mmu       ] GC(1257) MMU target violated: 21.0ms (20.0ms/21.0ms)
[2022-04-23T00:49:13.894+0800][gc,phases    ] GC(1257)   Pre Evacuate Collection Set: 0.1ms
[2022-04-23T00:49:13.894+0800][gc,phases    ] GC(1257)   Evacuate Collection Set: 86.3ms
[2022-04-23T00:49:13.894+0800][gc,phases    ] GC(1257)   Post Evacuate Collection Set: 0.5ms
[2022-04-23T00:49:13.894+0800][gc,phases    ] GC(1257)   Other: 0.7ms
[2022-04-23T00:49:13.894+0800][gc,heap      ] GC(1257) Eden regions: 45->0(47)
[2022-04-23T00:49:13.894+0800][gc,heap      ] GC(1257) Survivor regions: 6->4(7)
[2022-04-23T00:49:13.894+0800][gc,heap      ] GC(1257) Old regions: 150->152
[2022-04-23T00:49:13.894+0800][gc,heap      ] GC(1257) Archive regions: 2->2
[2022-04-23T00:49:13.894+0800][gc,heap      ] GC(1257) Humongous regions: 129->129
[2022-04-23T00:49:13.894+0800][gc,metaspace ] GC(1257) Metaspace: 43666K->43666K(1089536K)
[2022-04-23T00:49:13.894+0800][gc           ] GC(1257) Pause Young (Normal) (G1 Evacuation Pause) 329M->284M(1024M) 87.726ms
[2022-04-23T00:49:13.894+0800][gc,cpu       ] GC(1257) User=0.04s Sys=0.02s Real=0.09s
[2022-04-23T00:49:29.569+0800][gc,start     ] GC(1258) Pause Young (Normal) (G1 Evacuation Pause)
[2022-04-23T00:49:29.570+0800][gc,task      ] GC(1258) Using 8 workers of 8 for evacuation
[2022-04-23T00:49:29.582+0800][gc,phases    ] GC(1258)   Pre Evacuate Collection Set: 0.2ms
[2022-04-23T00:49:29.582+0800][gc,phases    ] GC(1258)   Evacuate Collection Set: 9.7ms
[2022-04-23T00:49:29.582+0800][gc,phases    ] GC(1258)   Post Evacuate Collection Set: 0.7ms
[2022-04-23T00:49:29.582+0800][gc,phases    ] GC(1258)   Other: 1.9ms
[2022-04-23T00:49:29.582+0800][gc,heap      ] GC(1258) Eden regions: 47->0(47)
[2022-04-23T00:49:29.582+0800][gc,heap      ] GC(1258) Survivor regions: 4->4(7)
[2022-04-23T00:49:29.582+0800][gc,heap      ] GC(1258) Old regions: 152->152
[2022-04-23T00:49:29.582+0800][gc,heap      ] GC(1258) Archive regions: 2->2
[2022-04-23T00:49:29.582+0800][gc,heap      ] GC(1258) Humongous regions: 129->129
[2022-04-23T00:49:29.582+0800][gc,metaspace ] GC(1258) Metaspace: 43666K->43666K(1089536K)
[2022-04-23T00:49:29.582+0800][gc           ] GC(1258) Pause Young (Normal) (G1 Evacuation Pause) 331M->284M(1024M) 12.657ms
[2022-04-23T00:49:29.582+0800][gc,cpu       ] GC(1258) User=0.04s Sys=0.00s Real=0.02s
[2022-04-23T00:49:45.250+0800][gc,start     ] GC(1259) Pause Young (Normal) (G1 Evacuation Pause)
[2022-04-23T00:49:45.265+0800][gc,task      ] GC(1259) Using 8 workers of 8 for evacuation
[2022-04-23T00:49:45.279+0800][gc,phases    ] GC(1259)   Pre Evacuate Collection Set: 0.3ms
[2022-04-23T00:49:45.279+0800][gc,phases    ] GC(1259)   Evacuate Collection Set: 12.2ms
[2022-04-23T00:49:45.279+0800][gc,phases    ] GC(1259)   Post Evacuate Collection Set: 0.9ms
[2022-04-23T00:49:45.279+0800][gc,phases    ] GC(1259)   Other: 16.1ms
[2022-04-23T00:49:45.279+0800][gc,heap      ] GC(1259) Eden regions: 47->0(47)
[2022-04-23T00:49:45.279+0800][gc,heap      ] GC(1259) Survivor regions: 4->4(7)
[2022-04-23T00:49:45.279+0800][gc,heap      ] GC(1259) Old regions: 152->152
[2022-04-23T00:49:45.279+0800][gc,heap      ] GC(1259) Archive regions: 2->2
[2022-04-23T00:49:45.279+0800][gc,heap      ] GC(1259) Humongous regions: 129->129
[2022-04-23T00:49:45.279+0800][gc,metaspace ] GC(1259) Metaspace: 43666K->43666K(1089536K)
[2022-04-23T00:49:45.279+0800][gc           ] GC(1259) Pause Young (Normal) (G1 Evacuation Pause) 331M->284M(1024M) 29.702ms
[2022-04-23T00:49:45.279+0800][gc,cpu       ] GC(1259) User=0.04s Sys=0.01s Real=0.03s
[2022-04-23T00:50:01.002+0800][gc,start     ] GC(1260) Pause Young (Normal) (G1 Evacuation Pause)
[2022-04-23T00:50:01.003+0800][gc,task      ] GC(1260) Using 8 workers of 8 for evacuation
[2022-04-23T00:50:01.020+0800][gc,phases    ] GC(1260)   Pre Evacuate Collection Set: 0.3ms
[2022-04-23T00:50:01.020+0800][gc,phases    ] GC(1260)   Evacuate Collection Set: 16.4ms
[2022-04-23T00:50:01.020+0800][gc,phases    ] GC(1260)   Post Evacuate Collection Set: 0.5ms
[2022-04-23T00:50:01.020+0800][gc,phases    ] GC(1260)   Other: 2.6ms
[2022-04-23T00:50:01.021+0800][gc,heap      ] GC(1260) Eden regions: 47->0(46)
[2022-04-23T00:50:01.021+0800][gc,heap      ] GC(1260) Survivor regions: 4->5(7)
[2022-04-23T00:50:01.021+0800][gc,heap      ] GC(1260) Old regions: 152->152
[2022-04-23T00:50:01.021+0800][gc,heap      ] GC(1260) Archive regions: 2->2
[2022-04-23T00:50:01.021+0800][gc,heap      ] GC(1260) Humongous regions: 129->129
[2022-04-23T00:50:01.021+0800][gc,metaspace ] GC(1260) Metaspace: 43666K->43666K(1089536K)
[2022-04-23T00:50:01.021+0800][gc           ] GC(1260) Pause Young (Normal) (G1 Evacuation Pause) 331M->285M(1024M) 18.945ms
[2022-04-23T00:50:01.021+0800][gc,cpu       ] GC(1260) User=0.04s Sys=0.01s Real=0.02s
[2022-04-23T00:50:16.403+0800][gc,start     ] GC(1261) Pause Young (Normal) (G1 Evacuation Pause)
[2022-04-23T00:50:16.404+0800][gc,task      ] GC(1261) Using 8 workers of 8 for evacuation
[2022-04-23T00:50:16.432+0800][gc,mmu       ] GC(1261) MMU target violated: 21.0ms (20.0ms/21.0ms)
[2022-04-23T00:50:16.433+0800][gc,phases    ] GC(1261)   Pre Evacuate Collection Set: 0.4ms
[2022-04-23T00:50:16.433+0800][gc,phases    ] GC(1261)   Evacuate Collection Set: 27.0ms
[2022-04-23T00:50:16.433+0800][gc,phases    ] GC(1261)   Post Evacuate Collection Set: 0.7ms
[2022-04-23T00:50:16.433+0800][gc,phases    ] GC(1261)   Other: 1.6ms
[2022-04-23T00:50:16.433+0800][gc,heap      ] GC(1261) Eden regions: 46->0(47)
[2022-04-23T00:50:16.433+0800][gc,heap      ] GC(1261) Survivor regions: 5->4(7)
[2022-04-23T00:50:16.433+0800][gc,heap      ] GC(1261) Old regions: 152->152
[2022-04-23T00:50:16.433+0800][gc,heap      ] GC(1261) Archive regions: 2->2
[2022-04-23T00:50:16.433+0800][gc,heap      ] GC(1261) Humongous regions: 129->129
[2022-04-23T00:50:16.433+0800][gc,metaspace ] GC(1261) Metaspace: 43666K->43666K(1089536K)
[2022-04-23T00:50:16.433+0800][gc           ] GC(1261) Pause Young (Normal) (G1 Evacuation Pause) 331M->285M(1024M) 29.792ms
[2022-04-23T00:50:16.433+0800][gc,cpu       ] GC(1261) User=0.05s Sys=0.03s Real=0.03s
[2022-04-23T00:50:32.110+0800][gc,start     ] GC(1262) Pause Young (Normal) (G1 Evacuation Pause)
[2022-04-23T00:50:32.110+0800][gc,task      ] GC(1262) Using 8 workers of 8 for evacuation
[2022-04-23T00:50:32.122+0800][gc,phases    ] GC(1262)   Pre Evacuate Collection Set: 0.1ms
[2022-04-23T00:50:32.122+0800][gc,phases    ] GC(1262)   Evacuate Collection Set: 10.8ms
[2022-04-23T00:50:32.122+0800][gc,phases    ] GC(1262)   Post Evacuate Collection Set: 0.5ms
[2022-04-23T00:50:32.122+0800][gc,phases    ] GC(1262)   Other: 0.9ms
[2022-04-23T00:50:32.122+0800][gc,heap      ] GC(1262) Eden regions: 47->0(47)
[2022-04-23T00:50:32.122+0800][gc,heap      ] GC(1262) Survivor regions: 4->4(7)
[2022-04-23T00:50:32.122+0800][gc,heap      ] GC(1262) Old regions: 152->152
[2022-04-23T00:50:32.122+0800][gc,heap      ] GC(1262) Archive regions: 2->2
[2022-04-23T00:50:32.122+0800][gc,heap      ] GC(1262) Humongous regions: 129->129
[2022-04-23T00:50:32.122+0800][gc,metaspace ] GC(1262) Metaspace: 43666K->43666K(1089536K)
[2022-04-23T00:50:32.123+0800][gc           ] GC(1262) Pause Young (Normal) (G1 Evacuation Pause) 332M->285M(1024M) 12.613ms
[2022-04-23T00:50:32.123+0800][gc,cpu       ] GC(1262) User=0.04s Sys=0.01s Real=0.01s
[2022-04-23T00:50:47.919+0800][gc,start     ] GC(1263) Pause Young (Normal) (G1 Evacuation Pause)
[2022-04-23T00:50:47.920+0800][gc,task      ] GC(1263) Using 8 workers of 8 for evacuation
[2022-04-23T00:50:47.947+0800][gc,mmu       ] GC(1263) MMU target violated: 21.0ms (20.0ms/21.0ms)
[2022-04-23T00:50:47.947+0800][gc,phases    ] GC(1263)   Pre Evacuate Collection Set: 0.2ms
[2022-04-23T00:50:47.947+0800][gc,phases    ] GC(1263)   Evacuate Collection Set: 21.9ms
[2022-04-23T00:50:47.947+0800][gc,phases    ] GC(1263)   Post Evacuate Collection Set: 0.8ms
[2022-04-23T00:50:47.947+0800][gc,phases    ] GC(1263)   Other: 5.0ms
[2022-04-23T00:50:47.947+0800][gc,heap      ] GC(1263) Eden regions: 47->0(45)
[2022-04-23T00:50:47.947+0800][gc,heap      ] GC(1263) Survivor regions: 4->6(7)
[2022-04-23T00:50:47.947+0800][gc,heap      ] GC(1263) Old regions: 152->153
[2022-04-23T00:50:47.947+0800][gc,heap      ] GC(1263) Archive regions: 2->2
[2022-04-23T00:50:47.947+0800][gc,heap      ] GC(1263) Humongous regions: 129->129
[2022-04-23T00:50:47.947+0800][gc,metaspace ] GC(1263) Metaspace: 43666K->43666K(1089536K)
[2022-04-23T00:50:47.947+0800][gc           ] GC(1263) Pause Young (Normal) (G1 Evacuation Pause) 332M->287M(1024M) 27.927ms
[2022-04-23T00:50:47.947+0800][gc,cpu       ] GC(1263) User=0.04s Sys=0.03s Real=0.03s
[2022-04-23T00:51:02.859+0800][gc,start     ] GC(1264) Pause Young (Normal) (G1 Evacuation Pause)
[2022-04-23T00:51:02.860+0800][gc,task      ] GC(1264) Using 8 workers of 8 for evacuation
[2022-04-23T00:51:02.888+0800][gc,mmu       ] GC(1264) MMU target violated: 21.0ms (20.0ms/21.0ms)
[2022-04-23T00:51:02.888+0800][gc,phases    ] GC(1264)   Pre Evacuate Collection Set: 0.1ms
[2022-04-23T00:51:02.888+0800][gc,phases    ] GC(1264)   Evacuate Collection Set: 27.0ms
[2022-04-23T00:51:02.888+0800][gc,phases    ] GC(1264)   Post Evacuate Collection Set: 0.3ms
[2022-04-23T00:51:02.888+0800][gc,phases    ] GC(1264)   Other: 1.6ms
[2022-04-23T00:51:02.888+0800][gc,heap      ] GC(1264) Eden regions: 45->0(47)
[2022-04-23T00:51:02.888+0800][gc,heap      ] GC(1264) Survivor regions: 6->4(7)
[2022-04-23T00:51:02.888+0800][gc,heap      ] GC(1264) Old regions: 153->154
[2022-04-23T00:51:02.888+0800][gc,heap      ] GC(1264) Archive regions: 2->2
[2022-04-23T00:51:02.888+0800][gc,heap      ] GC(1264) Humongous regions: 129->129
[2022-04-23T00:51:02.888+0800][gc,metaspace ] GC(1264) Metaspace: 43666K->43666K(1089536K)
[2022-04-23T00:51:02.888+0800][gc           ] GC(1264) Pause Young (Normal) (G1 Evacuation Pause) 332M->287M(1024M) 29.115ms
[2022-04-23T00:51:02.888+0800][gc,cpu       ] GC(1264) User=0.04s Sys=0.03s Real=0.03s
[2022-04-23T00:51:18.619+0800][gc,start     ] GC(1265) Pause Young (Normal) (G1 Evacuation Pause)
[2022-04-23T00:51:18.619+0800][gc,task      ] GC(1265) Using 8 workers of 8 for evacuation
[2022-04-23T00:51:18.637+0800][gc,phases    ] GC(1265)   Pre Evacuate Collection Set: 0.3ms
[2022-04-23T00:51:18.637+0800][gc,phases    ] GC(1265)   Evacuate Collection Set: 15.0ms
[2022-04-23T00:51:18.637+0800][gc,phases    ] GC(1265)   Post Evacuate Collection Set: 1.1ms
[2022-04-23T00:51:18.637+0800][gc,phases    ] GC(1265)   Other: 1.8ms
[2022-04-23T00:51:18.637+0800][gc,heap      ] GC(1265) Eden regions: 47->0(47)
[2022-04-23T00:51:18.637+0800][gc,heap      ] GC(1265) Survivor regions: 4->4(7)
[2022-04-23T00:51:18.637+0800][gc,heap      ] GC(1265) Old regions: 154->154
[2022-04-23T00:51:18.637+0800][gc,heap      ] GC(1265) Archive regions: 2->2
[2022-04-23T00:51:18.637+0800][gc,heap      ] GC(1265) Humongous regions: 129->129
[2022-04-23T00:51:18.637+0800][gc,metaspace ] GC(1265) Metaspace: 43666K->43666K(1089536K)
[2022-04-23T00:51:18.637+0800][gc           ] GC(1265) Pause Young (Normal) (G1 Evacuation Pause) 334M->287M(1024M) 18.440ms
[2022-04-23T00:51:18.637+0800][gc,cpu       ] GC(1265) User=0.04s Sys=0.02s Real=0.02s
[2022-04-23T00:51:34.192+0800][gc,start     ] GC(1266) Pause Young (Normal) (G1 Evacuation Pause)
[2022-04-23T00:51:34.192+0800][gc,task      ] GC(1266) Using 8 workers of 8 for evacuation
[2022-04-23T00:51:34.207+0800][gc,phases    ] GC(1266)   Pre Evacuate Collection Set: 0.1ms
[2022-04-23T00:51:34.207+0800][gc,phases    ] GC(1266)   Evacuate Collection Set: 13.9ms
[2022-04-23T00:51:34.207+0800][gc,phases    ] GC(1266)   Post Evacuate Collection Set: 0.4ms
[2022-04-23T00:51:34.207+0800][gc,phases    ] GC(1266)   Other: 1.0ms
[2022-04-23T00:51:34.207+0800][gc,heap      ] GC(1266) Eden regions: 47->0(48)
[2022-04-23T00:51:34.207+0800][gc,heap      ] GC(1266) Survivor regions: 4->5(7)
[2022-04-23T00:51:34.207+0800][gc,heap      ] GC(1266) Old regions: 154->154
[2022-04-23T00:51:34.207+0800][gc,heap      ] GC(1266) Archive regions: 2->2
[2022-04-23T00:51:34.207+0800][gc,heap      ] GC(1266) Humongous regions: 129->129
[2022-04-23T00:51:34.207+0800][gc,metaspace ] GC(1266) Metaspace: 43666K->43666K(1089536K)
[2022-04-23T00:51:34.207+0800][gc           ] GC(1266) Pause Young (Normal) (G1 Evacuation Pause) 334M->287M(1024M) 15.528ms
[2022-04-23T00:51:34.207+0800][gc,cpu       ] GC(1266) User=0.05s Sys=0.00s Real=0.01s
[2022-04-23T00:51:50.067+0800][gc,start     ] GC(1267) Pause Young (Normal) (G1 Evacuation Pause)
[2022-04-23T00:51:50.067+0800][gc,task      ] GC(1267) Using 8 workers of 8 for evacuation
[2022-04-23T00:51:50.087+0800][gc,phases    ] GC(1267)   Pre Evacuate Collection Set: 0.3ms
[2022-04-23T00:51:50.087+0800][gc,phases    ] GC(1267)   Evacuate Collection Set: 17.9ms
[2022-04-23T00:51:50.087+0800][gc,phases    ] GC(1267)   Post Evacuate Collection Set: 1.2ms
[2022-04-23T00:51:50.087+0800][gc,phases    ] GC(1267)   Other: 1.4ms
[2022-04-23T00:51:50.087+0800][gc,heap      ] GC(1267) Eden regions: 48->0(47)
[2022-04-23T00:51:50.087+0800][gc,heap      ] GC(1267) Survivor regions: 5->4(7)
[2022-04-23T00:51:50.087+0800][gc,heap      ] GC(1267) Old regions: 154->155
[2022-04-23T00:51:50.087+0800][gc,heap      ] GC(1267) Archive regions: 2->2
[2022-04-23T00:51:50.087+0800][gc,heap      ] GC(1267) Humongous regions: 129->129
[2022-04-23T00:51:50.087+0800][gc,metaspace ] GC(1267) Metaspace: 43666K->43666K(1089536K)
[2022-04-23T00:51:50.088+0800][gc           ] GC(1267) Pause Young (Normal) (G1 Evacuation Pause) 335M->287M(1024M) 20.952ms
[2022-04-23T00:51:50.088+0800][gc,cpu       ] GC(1267) User=0.04s Sys=0.03s Real=0.02s
[2022-04-23T00:52:05.574+0800][gc,start     ] GC(1268) Pause Young (Normal) (G1 Evacuation Pause)
[2022-04-23T00:52:05.575+0800][gc,task      ] GC(1268) Using 8 workers of 8 for evacuation
[2022-04-23T00:52:05.602+0800][gc,mmu       ] GC(1268) MMU target violated: 21.0ms (20.0ms/21.0ms)
[2022-04-23T00:52:05.602+0800][gc,phases    ] GC(1268)   Pre Evacuate Collection Set: 0.3ms
[2022-04-23T00:52:05.602+0800][gc,phases    ] GC(1268)   Evacuate Collection Set: 25.2ms
[2022-04-23T00:52:05.602+0800][gc,phases    ] GC(1268)   Post Evacuate Collection Set: 0.7ms
[2022-04-23T00:52:05.602+0800][gc,phases    ] GC(1268)   Other: 2.4ms
[2022-04-23T00:52:05.602+0800][gc,heap      ] GC(1268) Eden regions: 47->0(47)
[2022-04-23T00:52:05.602+0800][gc,heap      ] GC(1268) Survivor regions: 4->4(7)
[2022-04-23T00:52:05.602+0800][gc,heap      ] GC(1268) Old regions: 155->155
[2022-04-23T00:52:05.602+0800][gc,heap      ] GC(1268) Archive regions: 2->2
[2022-04-23T00:52:05.603+0800][gc,heap      ] GC(1268) Humongous regions: 129->129
[2022-04-23T00:52:05.603+0800][gc,metaspace ] GC(1268) Metaspace: 43666K->43666K(1089536K)
[2022-04-23T00:52:05.603+0800][gc           ] GC(1268) Pause Young (Normal) (G1 Evacuation Pause) 334M->288M(1024M) 28.772ms
[2022-04-23T00:52:05.603+0800][gc,cpu       ] GC(1268) User=0.05s Sys=0.02s Real=0.03s
[2022-04-23T00:52:21.134+0800][gc,start     ] GC(1269) Pause Young (Normal) (G1 Evacuation Pause)
[2022-04-23T00:52:21.150+0800][gc,task      ] GC(1269) Using 8 workers of 8 for evacuation
[2022-04-23T00:52:21.164+0800][gc,phases    ] GC(1269)   Pre Evacuate Collection Set: 0.2ms
[2022-04-23T00:52:21.164+0800][gc,phases    ] GC(1269)   Evacuate Collection Set: 12.2ms
[2022-04-23T00:52:21.164+0800][gc,phases    ] GC(1269)   Post Evacuate Collection Set: 0.7ms
[2022-04-23T00:52:21.164+0800][gc,phases    ] GC(1269)   Other: 17.0ms
[2022-04-23T00:52:21.164+0800][gc,heap      ] GC(1269) Eden regions: 47->0(47)
[2022-04-23T00:52:21.164+0800][gc,heap      ] GC(1269) Survivor regions: 4->4(7)
[2022-04-23T00:52:21.164+0800][gc,heap      ] GC(1269) Old regions: 155->155
[2022-04-23T00:52:21.164+0800][gc,heap      ] GC(1269) Archive regions: 2->2
[2022-04-23T00:52:21.164+0800][gc,heap      ] GC(1269) Humongous regions: 129->129
[2022-04-23T00:52:21.164+0800][gc,metaspace ] GC(1269) Metaspace: 43666K->43666K(1089536K)
[2022-04-23T00:52:21.164+0800][gc           ] GC(1269) Pause Young (Normal) (G1 Evacuation Pause) 335M->288M(1024M) 30.330ms
[2022-04-23T00:52:21.164+0800][gc,cpu       ] GC(1269) User=0.04s Sys=0.00s Real=0.03s
[2022-04-23T00:52:36.732+0800][gc,start     ] GC(1270) Pause Young (Normal) (G1 Evacuation Pause)
[2022-04-23T00:52:36.732+0800][gc,task      ] GC(1270) Using 8 workers of 8 for evacuation
[2022-04-23T00:52:36.752+0800][gc,phases    ] GC(1270)   Pre Evacuate Collection Set: 0.2ms
[2022-04-23T00:52:36.752+0800][gc,phases    ] GC(1270)   Evacuate Collection Set: 17.9ms
[2022-04-23T00:52:36.752+0800][gc,phases    ] GC(1270)   Post Evacuate Collection Set: 0.6ms
[2022-04-23T00:52:36.752+0800][gc,phases    ] GC(1270)   Other: 1.6ms
[2022-04-23T00:52:36.752+0800][gc,heap      ] GC(1270) Eden regions: 47->0(48)
[2022-04-23T00:52:36.752+0800][gc,heap      ] GC(1270) Survivor regions: 4->6(7)
[2022-04-23T00:52:36.752+0800][gc,heap      ] GC(1270) Old regions: 155->155
[2022-04-23T00:52:36.752+0800][gc,heap      ] GC(1270) Archive regions: 2->2
[2022-04-23T00:52:36.752+0800][gc,heap      ] GC(1270) Humongous regions: 129->129
[2022-04-23T00:52:36.752+0800][gc,metaspace ] GC(1270) Metaspace: 43666K->43666K(1089536K)
[2022-04-23T00:52:36.752+0800][gc           ] GC(1270) Pause Young (Normal) (G1 Evacuation Pause) 335M->290M(1024M) 20.371ms
[2022-04-23T00:52:36.752+0800][gc,cpu       ] GC(1270) User=0.04s Sys=0.02s Real=0.02s
[2022-04-23T00:52:52.708+0800][gc,start     ] GC(1271) Pause Young (Normal) (G1 Evacuation Pause)
[2022-04-23T00:52:52.710+0800][gc,task      ] GC(1271) Using 8 workers of 8 for evacuation
[2022-04-23T00:52:52.739+0800][gc,mmu       ] GC(1271) MMU target violated: 21.0ms (20.0ms/21.0ms)
[2022-04-23T00:52:52.739+0800][gc,phases    ] GC(1271)   Pre Evacuate Collection Set: 0.3ms
[2022-04-23T00:52:52.739+0800][gc,phases    ] GC(1271)   Evacuate Collection Set: 27.1ms
[2022-04-23T00:52:52.739+0800][gc,phases    ] GC(1271)   Post Evacuate Collection Set: 1.3ms
[2022-04-23T00:52:52.739+0800][gc,phases    ] GC(1271)   Other: 2.6ms
[2022-04-23T00:52:52.739+0800][gc,heap      ] GC(1271) Eden regions: 48->0(46)
[2022-04-23T00:52:52.739+0800][gc,heap      ] GC(1271) Survivor regions: 6->5(7)
[2022-04-23T00:52:52.739+0800][gc,heap      ] GC(1271) Old regions: 155->157
[2022-04-23T00:52:52.739+0800][gc,heap      ] GC(1271) Archive regions: 2->2
[2022-04-23T00:52:52.739+0800][gc,heap      ] GC(1271) Humongous regions: 129->129
[2022-04-23T00:52:52.739+0800][gc,metaspace ] GC(1271) Metaspace: 43666K->43666K(1089536K)
[2022-04-23T00:52:52.739+0800][gc           ] GC(1271) Pause Young (Normal) (G1 Evacuation Pause) 338M->290M(1024M) 31.385ms
[2022-04-23T00:52:52.740+0800][gc,cpu       ] GC(1271) User=0.05s Sys=0.05s Real=0.04s
[2022-04-23T00:53:08.067+0800][gc,start     ] GC(1272) Pause Young (Normal) (G1 Evacuation Pause)
[2022-04-23T00:53:08.067+0800][gc,task      ] GC(1272) Using 8 workers of 8 for evacuation
[2022-04-23T00:53:08.087+0800][gc,phases    ] GC(1272)   Pre Evacuate Collection Set: 0.1ms
[2022-04-23T00:53:08.087+0800][gc,phases    ] GC(1272)   Evacuate Collection Set: 18.1ms
[2022-04-23T00:53:08.087+0800][gc,phases    ] GC(1272)   Post Evacuate Collection Set: 0.6ms
[2022-04-23T00:53:08.087+0800][gc,phases    ] GC(1272)   Other: 1.4ms
[2022-04-23T00:53:08.087+0800][gc,heap      ] GC(1272) Eden regions: 46->0(47)
[2022-04-23T00:53:08.087+0800][gc,heap      ] GC(1272) Survivor regions: 5->4(7)
[2022-04-23T00:53:08.087+0800][gc,heap      ] GC(1272) Old regions: 157->158
[2022-04-23T00:53:08.087+0800][gc,heap      ] GC(1272) Archive regions: 2->2
[2022-04-23T00:53:08.087+0800][gc,heap      ] GC(1272) Humongous regions: 129->129
[2022-04-23T00:53:08.087+0800][gc,metaspace ] GC(1272) Metaspace: 43666K->43666K(1089536K)
[2022-04-23T00:53:08.087+0800][gc           ] GC(1272) Pause Young (Normal) (G1 Evacuation Pause) 336M->290M(1024M) 20.448ms
[2022-04-23T00:53:08.087+0800][gc,cpu       ] GC(1272) User=0.03s Sys=0.01s Real=0.02s
[2022-04-23T00:53:23.588+0800][gc,start     ] GC(1273) Pause Young (Normal) (G1 Evacuation Pause)
[2022-04-23T00:53:23.599+0800][gc,task      ] GC(1273) Using 8 workers of 8 for evacuation
[2022-04-23T00:53:23.618+0800][gc,phases    ] GC(1273)   Pre Evacuate Collection Set: 0.2ms
[2022-04-23T00:53:23.618+0800][gc,phases    ] GC(1273)   Evacuate Collection Set: 16.1ms
[2022-04-23T00:53:23.618+0800][gc,phases    ] GC(1273)   Post Evacuate Collection Set: 1.2ms
[2022-04-23T00:53:23.618+0800][gc,phases    ] GC(1273)   Other: 13.0ms
[2022-04-23T00:53:23.618+0800][gc,heap      ] GC(1273) Eden regions: 47->0(47)
[2022-04-23T00:53:23.618+0800][gc,heap      ] GC(1273) Survivor regions: 4->4(7)
[2022-04-23T00:53:23.618+0800][gc,heap      ] GC(1273) Old regions: 158->158
[2022-04-23T00:53:23.618+0800][gc,heap      ] GC(1273) Archive regions: 2->2
[2022-04-23T00:53:23.618+0800][gc,heap      ] GC(1273) Humongous regions: 129->129
[2022-04-23T00:53:23.618+0800][gc,metaspace ] GC(1273) Metaspace: 43666K->43666K(1089536K)
[2022-04-23T00:53:23.618+0800][gc           ] GC(1273) Pause Young (Normal) (G1 Evacuation Pause) 337M->290M(1024M) 30.786ms
[2022-04-23T00:53:23.618+0800][gc,cpu       ] GC(1273) User=0.03s Sys=0.02s Real=0.03s
[2022-04-23T00:53:39.182+0800][gc,start     ] GC(1274) Pause Young (Normal) (G1 Evacuation Pause)
[2022-04-23T00:53:39.182+0800][gc,task      ] GC(1274) Using 8 workers of 8 for evacuation
[2022-04-23T00:53:39.206+0800][gc,mmu       ] GC(1274) MMU target violated: 21.0ms (20.0ms/21.0ms)
[2022-04-23T00:53:39.206+0800][gc,phases    ] GC(1274)   Pre Evacuate Collection Set: 0.3ms
[2022-04-23T00:53:39.206+0800][gc,phases    ] GC(1274)   Evacuate Collection Set: 20.1ms
[2022-04-23T00:53:39.206+0800][gc,phases    ] GC(1274)   Post Evacuate Collection Set: 2.2ms
[2022-04-23T00:53:39.206+0800][gc,phases    ] GC(1274)   Other: 1.5ms
[2022-04-23T00:53:39.206+0800][gc,heap      ] GC(1274) Eden regions: 47->0(47)
[2022-04-23T00:53:39.206+0800][gc,heap      ] GC(1274) Survivor regions: 4->4(7)
[2022-04-23T00:53:39.206+0800][gc,heap      ] GC(1274) Old regions: 158->158
[2022-04-23T00:53:39.206+0800][gc,heap      ] GC(1274) Archive regions: 2->2
[2022-04-23T00:53:39.206+0800][gc,heap      ] GC(1274) Humongous regions: 129->129
[2022-04-23T00:53:39.206+0800][gc,metaspace ] GC(1274) Metaspace: 43666K->43666K(1089536K)
[2022-04-23T00:53:39.206+0800][gc           ] GC(1274) Pause Young (Normal) (G1 Evacuation Pause) 337M->291M(1024M) 24.171ms
[2022-04-23T00:53:39.206+0800][gc,cpu       ] GC(1274) User=0.04s Sys=0.02s Real=0.02s
[2022-04-23T00:53:54.700+0800][gc,start     ] GC(1275) Pause Young (Normal) (G1 Evacuation Pause)
[2022-04-23T00:53:54.700+0800][gc,task      ] GC(1275) Using 8 workers of 8 for evacuation
[2022-04-23T00:53:54.722+0800][gc,mmu       ] GC(1275) MMU target violated: 21.0ms (20.0ms/21.0ms)
[2022-04-23T00:53:54.722+0800][gc,phases    ] GC(1275)   Pre Evacuate Collection Set: 0.2ms
[2022-04-23T00:53:54.722+0800][gc,phases    ] GC(1275)   Evacuate Collection Set: 19.1ms
[2022-04-23T00:53:54.722+0800][gc,phases    ] GC(1275)   Post Evacuate Collection Set: 1.3ms
[2022-04-23T00:53:54.722+0800][gc,phases    ] GC(1275)   Other: 1.8ms
[2022-04-23T00:53:54.722+0800][gc,heap      ] GC(1275) Eden regions: 47->0(47)
[2022-04-23T00:53:54.722+0800][gc,heap      ] GC(1275) Survivor regions: 4->4(7)
[2022-04-23T00:53:54.722+0800][gc,heap      ] GC(1275) Old regions: 158->158
[2022-04-23T00:53:54.722+0800][gc,heap      ] GC(1275) Archive regions: 2->2
[2022-04-23T00:53:54.722+0800][gc,heap      ] GC(1275) Humongous regions: 129->129
[2022-04-23T00:53:54.722+0800][gc,metaspace ] GC(1275) Metaspace: 43666K->43666K(1089536K)
[2022-04-23T00:53:54.722+0800][gc           ] GC(1275) Pause Young (Normal) (G1 Evacuation Pause) 338M->291M(1024M) 22.507ms
[2022-04-23T00:53:54.722+0800][gc,cpu       ] GC(1275) User=0.04s Sys=0.02s Real=0.02s
[2022-04-23T00:54:10.421+0800][gc,start     ] GC(1276) Pause Young (Normal) (G1 Evacuation Pause)
[2022-04-23T00:54:10.421+0800][gc,task      ] GC(1276) Using 8 workers of 8 for evacuation
[2022-04-23T00:54:10.435+0800][gc,phases    ] GC(1276)   Pre Evacuate Collection Set: 0.2ms
[2022-04-23T00:54:10.435+0800][gc,phases    ] GC(1276)   Evacuate Collection Set: 12.2ms
[2022-04-23T00:54:10.435+0800][gc,phases    ] GC(1276)   Post Evacuate Collection Set: 0.5ms
[2022-04-23T00:54:10.435+0800][gc,phases    ] GC(1276)   Other: 0.9ms
[2022-04-23T00:54:10.435+0800][gc,heap      ] GC(1276) Eden regions: 47->0(49)
[2022-04-23T00:54:10.435+0800][gc,heap      ] GC(1276) Survivor regions: 4->4(7)
[2022-04-23T00:54:10.435+0800][gc,heap      ] GC(1276) Old regions: 158->158
[2022-04-23T00:54:10.435+0800][gc,heap      ] GC(1276) Archive regions: 2->2
[2022-04-23T00:54:10.435+0800][gc,heap      ] GC(1276) Humongous regions: 129->129
[2022-04-23T00:54:10.435+0800][gc,metaspace ] GC(1276) Metaspace: 43666K->43666K(1089536K)
[2022-04-23T00:54:10.435+0800][gc           ] GC(1276) Pause Young (Normal) (G1 Evacuation Pause) 338M->291M(1024M) 14.042ms
[2022-04-23T00:54:10.435+0800][gc,cpu       ] GC(1276) User=0.04s Sys=0.01s Real=0.01s
[2022-04-23T00:54:26.110+0800][gc,start     ] GC(1277) Pause Young (Normal) (G1 Evacuation Pause)
[2022-04-23T00:54:26.110+0800][gc,task      ] GC(1277) Using 8 workers of 8 for evacuation
[2022-04-23T00:54:26.134+0800][gc,mmu       ] GC(1277) MMU target violated: 21.0ms (20.0ms/21.0ms)
[2022-04-23T00:54:26.134+0800][gc,phases    ] GC(1277)   Pre Evacuate Collection Set: 0.2ms
[2022-04-23T00:54:26.134+0800][gc,phases    ] GC(1277)   Evacuate Collection Set: 22.4ms
[2022-04-23T00:54:26.134+0800][gc,phases    ] GC(1277)   Post Evacuate Collection Set: 0.6ms
[2022-04-23T00:54:26.134+0800][gc,phases    ] GC(1277)   Other: 1.3ms
[2022-04-23T00:54:26.134+0800][gc,heap      ] GC(1277) Eden regions: 47->0(48)
[2022-04-23T00:54:26.134+0800][gc,heap      ] GC(1277) Survivor regions: 4->4(7)
[2022-04-23T00:54:26.134+0800][gc,heap      ] GC(1277) Old regions: 158->159
[2022-04-23T00:54:26.134+0800][gc,heap      ] GC(1277) Archive regions: 2->2
[2022-04-23T00:54:26.134+0800][gc,heap      ] GC(1277) Humongous regions: 129->129
[2022-04-23T00:54:26.134+0800][gc,metaspace ] GC(1277) Metaspace: 43666K->43666K(1089536K)
[2022-04-23T00:54:26.134+0800][gc           ] GC(1277) Pause Young (Normal) (G1 Evacuation Pause) 338M->291M(1024M) 24.332ms
[2022-04-23T00:54:26.134+0800][gc,cpu       ] GC(1277) User=0.04s Sys=0.02s Real=0.02s
[2022-04-23T00:54:42.066+0800][gc,start     ] GC(1278) Pause Young (Normal) (G1 Evacuation Pause)
[2022-04-23T00:54:42.066+0800][gc,task      ] GC(1278) Using 8 workers of 8 for evacuation
[2022-04-23T00:54:42.098+0800][gc,mmu       ] GC(1278) MMU target violated: 21.0ms (20.0ms/21.0ms)
[2022-04-23T00:54:42.098+0800][gc,phases    ] GC(1278)   Pre Evacuate Collection Set: 0.2ms
[2022-04-23T00:54:42.098+0800][gc,phases    ] GC(1278)   Evacuate Collection Set: 29.9ms
[2022-04-23T00:54:42.098+0800][gc,phases    ] GC(1278)   Post Evacuate Collection Set: 0.9ms
[2022-04-23T00:54:42.098+0800][gc,phases    ] GC(1278)   Other: 1.2ms
[2022-04-23T00:54:42.098+0800][gc,heap      ] GC(1278) Eden regions: 48->0(47)
[2022-04-23T00:54:42.098+0800][gc,heap      ] GC(1278) Survivor regions: 4->5(7)
[2022-04-23T00:54:42.098+0800][gc,heap      ] GC(1278) Old regions: 159->159
[2022-04-23T00:54:42.098+0800][gc,heap      ] GC(1278) Archive regions: 2->2
[2022-04-23T00:54:42.098+0800][gc,heap      ] GC(1278) Humongous regions: 129->129
[2022-04-23T00:54:42.098+0800][gc,metaspace ] GC(1278) Metaspace: 43666K->43666K(1089536K)
[2022-04-23T00:54:42.098+0800][gc           ] GC(1278) Pause Young (Normal) (G1 Evacuation Pause) 339M->292M(1024M) 32.166ms
[2022-04-23T00:54:42.098+0800][gc,cpu       ] GC(1278) User=0.04s Sys=0.02s Real=0.03s
[2022-04-23T00:54:57.395+0800][gc,start     ] GC(1279) Pause Young (Normal) (G1 Evacuation Pause)
[2022-04-23T00:54:57.395+0800][gc,task      ] GC(1279) Using 8 workers of 8 for evacuation
[2022-04-23T00:54:57.413+0800][gc,phases    ] GC(1279)   Pre Evacuate Collection Set: 0.2ms
[2022-04-23T00:54:57.413+0800][gc,phases    ] GC(1279)   Evacuate Collection Set: 15.5ms
[2022-04-23T00:54:57.413+0800][gc,phases    ] GC(1279)   Post Evacuate Collection Set: 1.2ms
[2022-04-23T00:54:57.413+0800][gc,phases    ] GC(1279)   Other: 0.9ms
[2022-04-23T00:54:57.413+0800][gc,heap      ] GC(1279) Eden regions: 46->0(46)
[2022-04-23T00:54:57.413+0800][gc,heap      ] GC(1279) Survivor regions: 5->6(7)
[2022-04-23T00:54:57.413+0800][gc,heap      ] GC(1279) Old regions: 159->159
[2022-04-23T00:54:57.413+0800][gc,heap      ] GC(1279) Archive regions: 2->2
[2022-04-23T00:54:57.413+0800][gc,heap      ] GC(1279) Humongous regions: 129->129
[2022-04-23T00:54:57.413+0800][gc,metaspace ] GC(1279) Metaspace: 43668K->43668K(1089536K)
[2022-04-23T00:54:57.413+0800][gc           ] GC(1279) Pause Young (Normal) (G1 Evacuation Pause) 338M->293M(1024M) 18.132ms
[2022-04-23T00:54:57.413+0800][gc,cpu       ] GC(1279) User=0.05s Sys=0.01s Real=0.02s
[2022-04-23T00:55:12.658+0800][gc,start     ] GC(1280) Pause Young (Normal) (G1 Evacuation Pause)
[2022-04-23T00:55:12.662+0800][gc,task      ] GC(1280) Using 8 workers of 8 for evacuation
[2022-04-23T00:55:12.732+0800][gc,mmu       ] GC(1280) MMU target violated: 21.0ms (20.0ms/21.0ms)
[2022-04-23T00:55:12.732+0800][gc,phases    ] GC(1280)   Pre Evacuate Collection Set: 0.2ms
[2022-04-23T00:55:12.732+0800][gc,phases    ] GC(1280)   Evacuate Collection Set: 64.3ms
[2022-04-23T00:55:12.732+0800][gc,phases    ] GC(1280)   Post Evacuate Collection Set: 4.2ms
[2022-04-23T00:55:12.732+0800][gc,phases    ] GC(1280)   Other: 5.7ms
[2022-04-23T00:55:12.732+0800][gc,heap      ] GC(1280) Eden regions: 46->0(47)
[2022-04-23T00:55:12.732+0800][gc,heap      ] GC(1280) Survivor regions: 6->4(7)
[2022-04-23T00:55:12.732+0800][gc,heap      ] GC(1280) Old regions: 159->161
[2022-04-23T00:55:12.732+0800][gc,heap      ] GC(1280) Archive regions: 2->2
[2022-04-23T00:55:12.732+0800][gc,heap      ] GC(1280) Humongous regions: 129->129
[2022-04-23T00:55:12.732+0800][gc,metaspace ] GC(1280) Metaspace: 43668K->43668K(1089536K)
[2022-04-23T00:55:12.732+0800][gc           ] GC(1280) Pause Young (Normal) (G1 Evacuation Pause) 339M->293M(1024M) 74.312ms
[2022-04-23T00:55:12.732+0800][gc,cpu       ] GC(1280) User=0.04s Sys=0.03s Real=0.08s
[2022-04-23T00:55:28.338+0800][gc,start     ] GC(1281) Pause Young (Normal) (G1 Evacuation Pause)
[2022-04-23T00:55:28.339+0800][gc,task      ] GC(1281) Using 8 workers of 8 for evacuation
[2022-04-23T00:55:28.369+0800][gc,phases    ] GC(1281)   Pre Evacuate Collection Set: 0.1ms
[2022-04-23T00:55:28.369+0800][gc,phases    ] GC(1281)   Evacuate Collection Set: 11.5ms
[2022-04-23T00:55:28.369+0800][gc,phases    ] GC(1281)   Post Evacuate Collection Set: 0.6ms
[2022-04-23T00:55:28.369+0800][gc,phases    ] GC(1281)   Other: 18.3ms
[2022-04-23T00:55:28.369+0800][gc,heap      ] GC(1281) Eden regions: 47->0(47)
[2022-04-23T00:55:28.369+0800][gc,heap      ] GC(1281) Survivor regions: 4->4(7)
[2022-04-23T00:55:28.369+0800][gc,heap      ] GC(1281) Old regions: 161->161
[2022-04-23T00:55:28.369+0800][gc,heap      ] GC(1281) Archive regions: 2->2
[2022-04-23T00:55:28.369+0800][gc,heap      ] GC(1281) Humongous regions: 129->129
[2022-04-23T00:55:28.369+0800][gc,metaspace ] GC(1281) Metaspace: 43668K->43668K(1089536K)
[2022-04-23T00:55:28.369+0800][gc           ] GC(1281) Pause Young (Normal) (G1 Evacuation Pause) 340M->294M(1024M) 30.771ms
[2022-04-23T00:55:28.369+0800][gc,cpu       ] GC(1281) User=0.04s Sys=0.01s Real=0.03s
[2022-04-23T00:55:43.912+0800][gc,start     ] GC(1282) Pause Young (Normal) (G1 Evacuation Pause)
[2022-04-23T00:55:43.914+0800][gc,task      ] GC(1282) Using 8 workers of 8 for evacuation
[2022-04-23T00:55:43.939+0800][gc,mmu       ] GC(1282) MMU target violated: 21.0ms (20.0ms/21.0ms)
[2022-04-23T00:55:43.939+0800][gc,phases    ] GC(1282)   Pre Evacuate Collection Set: 0.3ms
[2022-04-23T00:55:43.939+0800][gc,phases    ] GC(1282)   Evacuate Collection Set: 23.6ms
[2022-04-23T00:55:43.939+0800][gc,phases    ] GC(1282)   Post Evacuate Collection Set: 0.9ms
[2022-04-23T00:55:43.939+0800][gc,phases    ] GC(1282)   Other: 2.5ms
[2022-04-23T00:55:43.939+0800][gc,heap      ] GC(1282) Eden regions: 47->0(47)
[2022-04-23T00:55:43.939+0800][gc,heap      ] GC(1282) Survivor regions: 4->4(7)
[2022-04-23T00:55:43.939+0800][gc,heap      ] GC(1282) Old regions: 161->161
[2022-04-23T00:55:43.939+0800][gc,heap      ] GC(1282) Archive regions: 2->2
[2022-04-23T00:55:43.939+0800][gc,heap      ] GC(1282) Humongous regions: 129->129
[2022-04-23T00:55:43.939+0800][gc,metaspace ] GC(1282) Metaspace: 43869K->43869K(1089536K)
[2022-04-23T00:55:43.940+0800][gc           ] GC(1282) Pause Young (Normal) (G1 Evacuation Pause) 341M->294M(1024M) 27.277ms
[2022-04-23T00:55:43.940+0800][gc,cpu       ] GC(1282) User=0.05s Sys=0.02s Real=0.03s
[2022-04-23T00:55:59.527+0800][gc,start     ] GC(1283) Pause Young (Normal) (G1 Evacuation Pause)
[2022-04-23T00:55:59.527+0800][gc,task      ] GC(1283) Using 8 workers of 8 for evacuation
[2022-04-23T00:55:59.544+0800][gc,phases    ] GC(1283)   Pre Evacuate Collection Set: 0.2ms
[2022-04-23T00:55:59.544+0800][gc,phases    ] GC(1283)   Evacuate Collection Set: 15.9ms
[2022-04-23T00:55:59.545+0800][gc,phases    ] GC(1283)   Post Evacuate Collection Set: 0.5ms
[2022-04-23T00:55:59.545+0800][gc,phases    ] GC(1283)   Other: 1.0ms
[2022-04-23T00:55:59.545+0800][gc,heap      ] GC(1283) Eden regions: 47->0(47)
[2022-04-23T00:55:59.545+0800][gc,heap      ] GC(1283) Survivor regions: 4->4(7)
[2022-04-23T00:55:59.545+0800][gc,heap      ] GC(1283) Old regions: 161->162
[2022-04-23T00:55:59.545+0800][gc,heap      ] GC(1283) Archive regions: 2->2
[2022-04-23T00:55:59.545+0800][gc,heap      ] GC(1283) Humongous regions: 129->129
[2022-04-23T00:55:59.545+0800][gc,metaspace ] GC(1283) Metaspace: 43869K->43869K(1089536K)
[2022-04-23T00:55:59.545+0800][gc           ] GC(1283) Pause Young (Normal) (G1 Evacuation Pause) 341M->294M(1024M) 17.739ms
[2022-04-23T00:55:59.545+0800][gc,cpu       ] GC(1283) User=0.04s Sys=0.01s Real=0.02s
[2022-04-23T00:56:15.197+0800][gc,start     ] GC(1284) Pause Young (Normal) (G1 Evacuation Pause)
[2022-04-23T00:56:15.198+0800][gc,task      ] GC(1284) Using 8 workers of 8 for evacuation
[2022-04-23T00:56:15.211+0800][gc,phases    ] GC(1284)   Pre Evacuate Collection Set: 0.1ms
[2022-04-23T00:56:15.211+0800][gc,phases    ] GC(1284)   Evacuate Collection Set: 12.1ms
[2022-04-23T00:56:15.211+0800][gc,phases    ] GC(1284)   Post Evacuate Collection Set: 0.4ms
[2022-04-23T00:56:15.211+0800][gc,phases    ] GC(1284)   Other: 1.0ms
[2022-04-23T00:56:15.211+0800][gc,heap      ] GC(1284) Eden regions: 47->0(47)
[2022-04-23T00:56:15.211+0800][gc,heap      ] GC(1284) Survivor regions: 4->5(7)
[2022-04-23T00:56:15.211+0800][gc,heap      ] GC(1284) Old regions: 162->162
[2022-04-23T00:56:15.211+0800][gc,heap      ] GC(1284) Archive regions: 2->2
[2022-04-23T00:56:15.211+0800][gc,heap      ] GC(1284) Humongous regions: 129->129
[2022-04-23T00:56:15.211+0800][gc,metaspace ] GC(1284) Metaspace: 43869K->43869K(1089536K)
[2022-04-23T00:56:15.211+0800][gc           ] GC(1284) Pause Young (Normal) (G1 Evacuation Pause) 341M->294M(1024M) 13.786ms
[2022-04-23T00:56:15.211+0800][gc,cpu       ] GC(1284) User=0.04s Sys=0.01s Real=0.02s
[2022-04-23T00:56:30.893+0800][gc,start     ] GC(1285) Pause Young (Normal) (G1 Evacuation Pause)
[2022-04-23T00:56:30.894+0800][gc,task      ] GC(1285) Using 8 workers of 8 for evacuation
[2022-04-23T00:56:30.924+0800][gc,mmu       ] GC(1285) MMU target violated: 21.0ms (20.0ms/21.0ms)
[2022-04-23T00:56:30.924+0800][gc,phases    ] GC(1285)   Pre Evacuate Collection Set: 0.2ms
[2022-04-23T00:56:30.924+0800][gc,phases    ] GC(1285)   Evacuate Collection Set: 29.1ms
[2022-04-23T00:56:30.924+0800][gc,phases    ] GC(1285)   Post Evacuate Collection Set: 0.7ms
[2022-04-23T00:56:30.924+0800][gc,phases    ] GC(1285)   Other: 1.0ms
[2022-04-23T00:56:30.924+0800][gc,heap      ] GC(1285) Eden regions: 47->0(47)
[2022-04-23T00:56:30.924+0800][gc,heap      ] GC(1285) Survivor regions: 5->4(7)
[2022-04-23T00:56:30.924+0800][gc,heap      ] GC(1285) Old regions: 162->162
[2022-04-23T00:56:30.924+0800][gc,heap      ] GC(1285) Archive regions: 2->2
[2022-04-23T00:56:30.924+0800][gc,heap      ] GC(1285) Humongous regions: 129->129
[2022-04-23T00:56:30.924+0800][gc,metaspace ] GC(1285) Metaspace: 43869K->43869K(1089536K)
[2022-04-23T00:56:30.924+0800][gc           ] GC(1285) Pause Young (Normal) (G1 Evacuation Pause) 341M->295M(1024M) 31.087ms
[2022-04-23T00:56:30.924+0800][gc,cpu       ] GC(1285) User=0.04s Sys=0.01s Real=0.03s
[2022-04-23T00:56:46.543+0800][gc,start     ] GC(1286) Pause Young (Normal) (G1 Evacuation Pause)
[2022-04-23T00:56:46.544+0800][gc,task      ] GC(1286) Using 8 workers of 8 for evacuation
[2022-04-23T00:56:46.558+0800][gc,phases    ] GC(1286)   Pre Evacuate Collection Set: 0.2ms
[2022-04-23T00:56:46.558+0800][gc,phases    ] GC(1286)   Evacuate Collection Set: 12.0ms
[2022-04-23T00:56:46.558+0800][gc,phases    ] GC(1286)   Post Evacuate Collection Set: 0.5ms
[2022-04-23T00:56:46.558+0800][gc,phases    ] GC(1286)   Other: 1.8ms
[2022-04-23T00:56:46.558+0800][gc,heap      ] GC(1286) Eden regions: 47->0(49)
[2022-04-23T00:56:46.558+0800][gc,heap      ] GC(1286) Survivor regions: 4->4(7)
[2022-04-23T00:56:46.558+0800][gc,heap      ] GC(1286) Old regions: 162->162
[2022-04-23T00:56:46.558+0800][gc,heap      ] GC(1286) Archive regions: 2->2
[2022-04-23T00:56:46.558+0800][gc,heap      ] GC(1286) Humongous regions: 129->129
[2022-04-23T00:56:46.558+0800][gc,metaspace ] GC(1286) Metaspace: 43869K->43869K(1089536K)
[2022-04-23T00:56:46.558+0800][gc           ] GC(1286) Pause Young (Normal) (G1 Evacuation Pause) 342M->295M(1024M) 14.724ms
[2022-04-23T00:56:46.558+0800][gc,cpu       ] GC(1286) User=0.04s Sys=0.01s Real=0.01s
[2022-04-23T00:57:02.843+0800][gc,start     ] GC(1287) Pause Young (Normal) (G1 Evacuation Pause)
[2022-04-23T00:57:02.845+0800][gc,task      ] GC(1287) Using 8 workers of 8 for evacuation
[2022-04-23T00:57:02.866+0800][gc,mmu       ] GC(1287) MMU target violated: 21.0ms (20.0ms/21.0ms)
[2022-04-23T00:57:02.867+0800][gc,phases    ] GC(1287)   Pre Evacuate Collection Set: 0.3ms
[2022-04-23T00:57:02.867+0800][gc,phases    ] GC(1287)   Evacuate Collection Set: 20.2ms
[2022-04-23T00:57:02.867+0800][gc,phases    ] GC(1287)   Post Evacuate Collection Set: 0.7ms
[2022-04-23T00:57:02.867+0800][gc,phases    ] GC(1287)   Other: 2.1ms
[2022-04-23T00:57:02.867+0800][gc,heap      ] GC(1287) Eden regions: 49->0(48)
[2022-04-23T00:57:02.867+0800][gc,heap      ] GC(1287) Survivor regions: 4->4(7)
[2022-04-23T00:57:02.867+0800][gc,heap      ] GC(1287) Old regions: 162->162
[2022-04-23T00:57:02.867+0800][gc,heap      ] GC(1287) Archive regions: 2->2
[2022-04-23T00:57:02.867+0800][gc,heap      ] GC(1287) Humongous regions: 129->129
[2022-04-23T00:57:02.867+0800][gc,metaspace ] GC(1287) Metaspace: 43869K->43869K(1089536K)
[2022-04-23T00:57:02.867+0800][gc           ] GC(1287) Pause Young (Normal) (G1 Evacuation Pause) 344M->295M(1024M) 23.601ms
[2022-04-23T00:57:02.867+0800][gc,cpu       ] GC(1287) User=0.04s Sys=0.02s Real=0.02s
[2022-04-23T00:57:26.605+0800][gc,start     ] GC(1288) Pause Young (Normal) (G1 Evacuation Pause)
[2022-04-23T00:57:26.606+0800][gc,task      ] GC(1288) Using 8 workers of 8 for evacuation
[2022-04-23T00:57:26.621+0800][gc,phases    ] GC(1288)   Pre Evacuate Collection Set: 0.2ms
[2022-04-23T00:57:26.621+0800][gc,phases    ] GC(1288)   Evacuate Collection Set: 13.5ms
[2022-04-23T00:57:26.621+0800][gc,phases    ] GC(1288)   Post Evacuate Collection Set: 0.7ms
[2022-04-23T00:57:26.621+0800][gc,phases    ] GC(1288)   Other: 1.9ms
[2022-04-23T00:57:26.621+0800][gc,heap      ] GC(1288) Eden regions: 48->0(49)
[2022-04-23T00:57:26.621+0800][gc,heap      ] GC(1288) Survivor regions: 4->6(7)
[2022-04-23T00:57:26.621+0800][gc,heap      ] GC(1288) Old regions: 162->163
[2022-04-23T00:57:26.621+0800][gc,heap      ] GC(1288) Archive regions: 2->2
[2022-04-23T00:57:26.621+0800][gc,heap      ] GC(1288) Humongous regions: 129->129
[2022-04-23T00:57:26.621+0800][gc,metaspace ] GC(1288) Metaspace: 43869K->43869K(1089536K)
[2022-04-23T00:57:26.621+0800][gc           ] GC(1288) Pause Young (Normal) (G1 Evacuation Pause) 343M->297M(1024M) 16.605ms
[2022-04-23T00:57:26.622+0800][gc,cpu       ] GC(1288) User=0.05s Sys=0.01s Real=0.02s
[2022-04-23T00:57:43.228+0800][gc,start     ] GC(1289) Pause Young (Normal) (G1 Evacuation Pause)
[2022-04-23T00:57:43.229+0800][gc,task      ] GC(1289) Using 8 workers of 8 for evacuation
[2022-04-23T00:57:43.265+0800][gc,mmu       ] GC(1289) MMU target violated: 21.0ms (20.0ms/21.0ms)
[2022-04-23T00:57:43.265+0800][gc,phases    ] GC(1289)   Pre Evacuate Collection Set: 0.2ms
[2022-04-23T00:57:43.265+0800][gc,phases    ] GC(1289)   Evacuate Collection Set: 33.2ms
[2022-04-23T00:57:43.265+0800][gc,phases    ] GC(1289)   Post Evacuate Collection Set: 1.4ms
[2022-04-23T00:57:43.265+0800][gc,phases    ] GC(1289)   Other: 2.0ms
[2022-04-23T00:57:43.265+0800][gc,heap      ] GC(1289) Eden regions: 49->0(48)
[2022-04-23T00:57:43.265+0800][gc,heap      ] GC(1289) Survivor regions: 6->3(7)
[2022-04-23T00:57:43.265+0800][gc,heap      ] GC(1289) Old regions: 163->164
[2022-04-23T00:57:43.265+0800][gc,heap      ] GC(1289) Archive regions: 2->2
[2022-04-23T00:57:43.265+0800][gc,heap      ] GC(1289) Humongous regions: 129->129
[2022-04-23T00:57:43.265+0800][gc,metaspace ] GC(1289) Metaspace: 43869K->43869K(1089536K)
[2022-04-23T00:57:43.265+0800][gc           ] GC(1289) Pause Young (Normal) (G1 Evacuation Pause) 346M->296M(1024M) 37.004ms
[2022-04-23T00:57:43.265+0800][gc,cpu       ] GC(1289) User=0.05s Sys=0.04s Real=0.04s
[2022-04-23T00:57:59.105+0800][gc,start     ] GC(1290) Pause Young (Normal) (G1 Evacuation Pause)
[2022-04-23T00:57:59.105+0800][gc,task      ] GC(1290) Using 8 workers of 8 for evacuation
[2022-04-23T00:57:59.116+0800][gc,phases    ] GC(1290)   Pre Evacuate Collection Set: 0.1ms
[2022-04-23T00:57:59.116+0800][gc,phases    ] GC(1290)   Evacuate Collection Set: 9.5ms
[2022-04-23T00:57:59.116+0800][gc,phases    ] GC(1290)   Post Evacuate Collection Set: 0.5ms
[2022-04-23T00:57:59.116+0800][gc,phases    ] GC(1290)   Other: 1.3ms
[2022-04-23T00:57:59.116+0800][gc,heap      ] GC(1290) Eden regions: 48->0(48)
[2022-04-23T00:57:59.116+0800][gc,heap      ] GC(1290) Survivor regions: 3->4(7)
[2022-04-23T00:57:59.116+0800][gc,heap      ] GC(1290) Old regions: 164->164
[2022-04-23T00:57:59.116+0800][gc,heap      ] GC(1290) Archive regions: 2->2
[2022-04-23T00:57:59.116+0800][gc,heap      ] GC(1290) Humongous regions: 129->129
[2022-04-23T00:57:59.116+0800][gc,metaspace ] GC(1290) Metaspace: 43869K->43869K(1089536K)
[2022-04-23T00:57:59.116+0800][gc           ] GC(1290) Pause Young (Normal) (G1 Evacuation Pause) 344M->297M(1024M) 11.687ms
[2022-04-23T00:57:59.116+0800][gc,cpu       ] GC(1290) User=0.03s Sys=0.00s Real=0.01s
[2022-04-23T00:58:15.074+0800][gc,start     ] GC(1291) Pause Young (Normal) (G1 Evacuation Pause)
[2022-04-23T00:58:15.074+0800][gc,task      ] GC(1291) Using 8 workers of 8 for evacuation
[2022-04-23T00:58:15.088+0800][gc,phases    ] GC(1291)   Pre Evacuate Collection Set: 0.2ms
[2022-04-23T00:58:15.088+0800][gc,phases    ] GC(1291)   Evacuate Collection Set: 12.5ms
[2022-04-23T00:58:15.088+0800][gc,phases    ] GC(1291)   Post Evacuate Collection Set: 0.3ms
[2022-04-23T00:58:15.088+0800][gc,phases    ] GC(1291)   Other: 1.0ms
[2022-04-23T00:58:15.088+0800][gc,heap      ] GC(1291) Eden regions: 48->0(50)
[2022-04-23T00:58:15.088+0800][gc,heap      ] GC(1291) Survivor regions: 4->5(7)
[2022-04-23T00:58:15.088+0800][gc,heap      ] GC(1291) Old regions: 164->164
[2022-04-23T00:58:15.088+0800][gc,heap      ] GC(1291) Archive regions: 2->2
[2022-04-23T00:58:15.088+0800][gc,heap      ] GC(1291) Humongous regions: 129->129
[2022-04-23T00:58:15.088+0800][gc,metaspace ] GC(1291) Metaspace: 43869K->43869K(1089536K)
[2022-04-23T00:58:15.088+0800][gc           ] GC(1291) Pause Young (Normal) (G1 Evacuation Pause) 345M->298M(1024M) 14.099ms
[2022-04-23T00:58:15.088+0800][gc,cpu       ] GC(1291) User=0.05s Sys=0.00s Real=0.01s
[2022-04-23T00:58:31.479+0800][gc,start     ] GC(1292) Pause Young (Normal) (G1 Evacuation Pause)
[2022-04-23T00:58:31.480+0800][gc,task      ] GC(1292) Using 8 workers of 8 for evacuation
[2022-04-23T00:58:31.509+0800][gc,mmu       ] GC(1292) MMU target violated: 21.0ms (20.0ms/21.0ms)
[2022-04-23T00:58:31.509+0800][gc,phases    ] GC(1292)   Pre Evacuate Collection Set: 0.2ms
[2022-04-23T00:58:31.509+0800][gc,phases    ] GC(1292)   Evacuate Collection Set: 27.6ms
[2022-04-23T00:58:31.509+0800][gc,phases    ] GC(1292)   Post Evacuate Collection Set: 1.0ms
[2022-04-23T00:58:31.509+0800][gc,phases    ] GC(1292)   Other: 1.3ms
[2022-04-23T00:58:31.509+0800][gc,heap      ] GC(1292) Eden regions: 50->0(47)
[2022-04-23T00:58:31.509+0800][gc,heap      ] GC(1292) Survivor regions: 5->4(7)
[2022-04-23T00:58:31.509+0800][gc,heap      ] GC(1292) Old regions: 164->165
[2022-04-23T00:58:31.509+0800][gc,heap      ] GC(1292) Archive regions: 2->2
[2022-04-23T00:58:31.509+0800][gc,heap      ] GC(1292) Humongous regions: 129->129
[2022-04-23T00:58:31.509+0800][gc,metaspace ] GC(1292) Metaspace: 43869K->43869K(1089536K)
[2022-04-23T00:58:31.510+0800][gc           ] GC(1292) Pause Young (Normal) (G1 Evacuation Pause) 348M->297M(1024M) 30.169ms
[2022-04-23T00:58:31.510+0800][gc,cpu       ] GC(1292) User=0.03s Sys=0.02s Real=0.04s
[2022-04-23T00:58:47.035+0800][gc,start     ] GC(1293) Pause Young (Normal) (G1 Evacuation Pause)
[2022-04-23T00:58:47.052+0800][gc,task      ] GC(1293) Using 8 workers of 8 for evacuation
[2022-04-23T00:58:47.070+0800][gc,phases    ] GC(1293)   Pre Evacuate Collection Set: 0.2ms
[2022-04-23T00:58:47.070+0800][gc,phases    ] GC(1293)   Evacuate Collection Set: 16.8ms
[2022-04-23T00:58:47.070+0800][gc,phases    ] GC(1293)   Post Evacuate Collection Set: 0.5ms
[2022-04-23T00:58:47.070+0800][gc,phases    ] GC(1293)   Other: 17.6ms
[2022-04-23T00:58:47.070+0800][gc,heap      ] GC(1293) Eden regions: 47->0(48)
[2022-04-23T00:58:47.070+0800][gc,heap      ] GC(1293) Survivor regions: 4->6(7)
[2022-04-23T00:58:47.070+0800][gc,heap      ] GC(1293) Old regions: 165->165
[2022-04-23T00:58:47.070+0800][gc,heap      ] GC(1293) Archive regions: 2->2
[2022-04-23T00:58:47.070+0800][gc,heap      ] GC(1293) Humongous regions: 129->129
[2022-04-23T00:58:47.070+0800][gc,metaspace ] GC(1293) Metaspace: 43869K->43869K(1089536K)
[2022-04-23T00:58:47.070+0800][gc           ] GC(1293) Pause Young (Normal) (G1 Evacuation Pause) 344M->299M(1024M) 35.205ms
[2022-04-23T00:58:47.070+0800][gc,cpu       ] GC(1293) User=0.06s Sys=0.01s Real=0.04s
[2022-04-23T00:59:03.392+0800][gc,start     ] GC(1294) Pause Young (Normal) (G1 Evacuation Pause)
[2022-04-23T00:59:03.394+0800][gc,task      ] GC(1294) Using 8 workers of 8 for evacuation
[2022-04-23T00:59:03.432+0800][gc,mmu       ] GC(1294) MMU target violated: 21.0ms (20.0ms/21.0ms)
[2022-04-23T00:59:03.432+0800][gc,phases    ] GC(1294)   Pre Evacuate Collection Set: 0.3ms
[2022-04-23T00:59:03.432+0800][gc,phases    ] GC(1294)   Evacuate Collection Set: 36.4ms
[2022-04-23T00:59:03.432+0800][gc,phases    ] GC(1294)   Post Evacuate Collection Set: 0.8ms
[2022-04-23T00:59:03.432+0800][gc,phases    ] GC(1294)   Other: 3.0ms
[2022-04-23T00:59:03.432+0800][gc,heap      ] GC(1294) Eden regions: 45->0(47)
[2022-04-23T00:59:03.432+0800][gc,heap      ] GC(1294) Survivor regions: 6->4(7)
[2022-04-23T00:59:03.432+0800][gc,heap      ] GC(1294) Old regions: 165->167
[2022-04-23T00:59:03.432+0800][gc,heap      ] GC(1294) Archive regions: 2->2
[2022-04-23T00:59:03.432+0800][gc,heap      ] GC(1294) Humongous regions: 129->129
[2022-04-23T00:59:03.432+0800][gc,metaspace ] GC(1294) Metaspace: 43869K->43869K(1089536K)
[2022-04-23T00:59:03.433+0800][gc           ] GC(1294) Pause Young (Normal) (G1 Evacuation Pause) 344M->299M(1024M) 40.685ms
[2022-04-23T00:59:03.433+0800][gc,cpu       ] GC(1294) User=0.04s Sys=0.05s Real=0.04s
[2022-04-23T00:59:18.930+0800][gc,start     ] GC(1295) Pause Young (Normal) (G1 Evacuation Pause)
[2022-04-23T00:59:18.931+0800][gc,task      ] GC(1295) Using 8 workers of 8 for evacuation
[2022-04-23T00:59:18.946+0800][gc,phases    ] GC(1295)   Pre Evacuate Collection Set: 0.2ms
[2022-04-23T00:59:18.946+0800][gc,phases    ] GC(1295)   Evacuate Collection Set: 13.0ms
[2022-04-23T00:59:18.946+0800][gc,phases    ] GC(1295)   Post Evacuate Collection Set: 1.2ms
[2022-04-23T00:59:18.946+0800][gc,phases    ] GC(1295)   Other: 1.0ms
[2022-04-23T00:59:18.946+0800][gc,heap      ] GC(1295) Eden regions: 47->0(47)
[2022-04-23T00:59:18.946+0800][gc,heap      ] GC(1295) Survivor regions: 4->4(7)
[2022-04-23T00:59:18.946+0800][gc,heap      ] GC(1295) Old regions: 167->167
[2022-04-23T00:59:18.946+0800][gc,heap      ] GC(1295) Archive regions: 2->2
[2022-04-23T00:59:18.946+0800][gc,heap      ] GC(1295) Humongous regions: 129->129
[2022-04-23T00:59:18.946+0800][gc,metaspace ] GC(1295) Metaspace: 43869K->43869K(1089536K)
[2022-04-23T00:59:18.946+0800][gc           ] GC(1295) Pause Young (Normal) (G1 Evacuation Pause) 346M->299M(1024M) 15.689ms
[2022-04-23T00:59:18.946+0800][gc,cpu       ] GC(1295) User=0.03s Sys=0.01s Real=0.01s
[2022-04-23T00:59:34.632+0800][gc,start     ] GC(1296) Pause Young (Normal) (G1 Evacuation Pause)
[2022-04-23T00:59:34.634+0800][gc,task      ] GC(1296) Using 8 workers of 8 for evacuation
[2022-04-23T00:59:34.646+0800][gc,phases    ] GC(1296)   Pre Evacuate Collection Set: 0.1ms
[2022-04-23T00:59:34.646+0800][gc,phases    ] GC(1296)   Evacuate Collection Set: 10.5ms
[2022-04-23T00:59:34.646+0800][gc,phases    ] GC(1296)   Post Evacuate Collection Set: 0.7ms
[2022-04-23T00:59:34.646+0800][gc,phases    ] GC(1296)   Other: 2.1ms
[2022-04-23T00:59:34.646+0800][gc,heap      ] GC(1296) Eden regions: 47->0(49)
[2022-04-23T00:59:34.646+0800][gc,heap      ] GC(1296) Survivor regions: 4->4(7)
[2022-04-23T00:59:34.646+0800][gc,heap      ] GC(1296) Old regions: 167->167
[2022-04-23T00:59:34.646+0800][gc,heap      ] GC(1296) Archive regions: 2->2
[2022-04-23T00:59:34.646+0800][gc,heap      ] GC(1296) Humongous regions: 129->129
[2022-04-23T00:59:34.646+0800][gc,metaspace ] GC(1296) Metaspace: 43869K->43869K(1089536K)
[2022-04-23T00:59:34.646+0800][gc           ] GC(1296) Pause Young (Normal) (G1 Evacuation Pause) 346M->299M(1024M) 13.496ms
[2022-04-23T00:59:34.646+0800][gc,cpu       ] GC(1296) User=0.04s Sys=0.01s Real=0.01s
[2022-04-23T00:59:50.441+0800][gc,start     ] GC(1297) Pause Young (Normal) (G1 Evacuation Pause)
[2022-04-23T00:59:50.442+0800][gc,task      ] GC(1297) Using 8 workers of 8 for evacuation
[2022-04-23T00:59:50.463+0800][gc,mmu       ] GC(1297) MMU target violated: 20.2ms (20.0ms/21.0ms)
[2022-04-23T00:59:50.463+0800][gc,phases    ] GC(1297)   Pre Evacuate Collection Set: 0.5ms
[2022-04-23T00:59:50.463+0800][gc,phases    ] GC(1297)   Evacuate Collection Set: 18.3ms
[2022-04-23T00:59:50.463+0800][gc,phases    ] GC(1297)   Post Evacuate Collection Set: 0.7ms
[2022-04-23T00:59:50.463+0800][gc,phases    ] GC(1297)   Other: 2.6ms
[2022-04-23T00:59:50.463+0800][gc,heap      ] GC(1297) Eden regions: 47->0(48)
[2022-04-23T00:59:50.463+0800][gc,heap      ] GC(1297) Survivor regions: 4->4(7)
[2022-04-23T00:59:50.463+0800][gc,heap      ] GC(1297) Old regions: 167->167
[2022-04-23T00:59:50.463+0800][gc,heap      ] GC(1297) Archive regions: 2->2
[2022-04-23T00:59:50.463+0800][gc,heap      ] GC(1297) Humongous regions: 129->129
[2022-04-23T00:59:50.463+0800][gc,metaspace ] GC(1297) Metaspace: 43869K->43869K(1089536K)
[2022-04-23T00:59:50.463+0800][gc           ] GC(1297) Pause Young (Normal) (G1 Evacuation Pause) 346M->300M(1024M) 22.158ms
[2022-04-23T00:59:50.463+0800][gc,cpu       ] GC(1297) User=0.05s Sys=0.01s Real=0.02s
[2022-04-23T01:00:06.565+0800][gc,start     ] GC(1298) Pause Young (Normal) (G1 Evacuation Pause)
[2022-04-23T01:00:06.566+0800][gc,task      ] GC(1298) Using 8 workers of 8 for evacuation
[2022-04-23T01:00:06.589+0800][gc,mmu       ] GC(1298) MMU target violated: 21.0ms (20.0ms/21.0ms)
[2022-04-23T01:00:06.589+0800][gc,phases    ] GC(1298)   Pre Evacuate Collection Set: 0.2ms
[2022-04-23T01:00:06.589+0800][gc,phases    ] GC(1298)   Evacuate Collection Set: 21.2ms
[2022-04-23T01:00:06.589+0800][gc,phases    ] GC(1298)   Post Evacuate Collection Set: 0.8ms
[2022-04-23T01:00:06.589+0800][gc,phases    ] GC(1298)   Other: 1.3ms
[2022-04-23T01:00:06.589+0800][gc,heap      ] GC(1298) Eden regions: 48->0(48)
[2022-04-23T01:00:06.589+0800][gc,heap      ] GC(1298) Survivor regions: 4->5(7)
[2022-04-23T01:00:06.589+0800][gc,heap      ] GC(1298) Old regions: 167->167
[2022-04-23T01:00:06.589+0800][gc,heap      ] GC(1298) Archive regions: 2->2
[2022-04-23T01:00:06.589+0800][gc,heap      ] GC(1298) Humongous regions: 129->129
[2022-04-23T01:00:06.589+0800][gc,metaspace ] GC(1298) Metaspace: 43869K->43869K(1089536K)
[2022-04-23T01:00:06.589+0800][gc           ] GC(1298) Pause Young (Normal) (G1 Evacuation Pause) 348M->300M(1024M) 23.655ms
[2022-04-23T01:00:06.589+0800][gc,cpu       ] GC(1298) User=0.03s Sys=0.01s Real=0.02s
[2022-04-23T01:00:22.717+0800][gc,start     ] GC(1299) Pause Young (Normal) (G1 Evacuation Pause)
[2022-04-23T01:00:22.717+0800][gc,task      ] GC(1299) Using 8 workers of 8 for evacuation
[2022-04-23T01:00:22.732+0800][gc,phases    ] GC(1299)   Pre Evacuate Collection Set: 0.0ms
[2022-04-23T01:00:22.732+0800][gc,phases    ] GC(1299)   Evacuate Collection Set: 14.5ms
[2022-04-23T01:00:22.732+0800][gc,phases    ] GC(1299)   Post Evacuate Collection Set: 0.4ms
[2022-04-23T01:00:22.732+0800][gc,phases    ] GC(1299)   Other: 0.7ms
[2022-04-23T01:00:22.732+0800][gc,heap      ] GC(1299) Eden regions: 48->0(48)
[2022-04-23T01:00:22.732+0800][gc,heap      ] GC(1299) Survivor regions: 5->4(7)
[2022-04-23T01:00:22.732+0800][gc,heap      ] GC(1299) Old regions: 167->168
[2022-04-23T01:00:22.732+0800][gc,heap      ] GC(1299) Archive regions: 2->2
[2022-04-23T01:00:22.732+0800][gc,heap      ] GC(1299) Humongous regions: 129->129
[2022-04-23T01:00:22.732+0800][gc,metaspace ] GC(1299) Metaspace: 43869K->43869K(1089536K)
[2022-04-23T01:00:22.733+0800][gc           ] GC(1299) Pause Young (Normal) (G1 Evacuation Pause) 348M->300M(1024M) 15.807ms
[2022-04-23T01:00:22.733+0800][gc,cpu       ] GC(1299) User=0.03s Sys=0.01s Real=0.02s
[2022-04-23T01:00:38.906+0800][gc,start     ] GC(1300) Pause Young (Normal) (G1 Evacuation Pause)
[2022-04-23T01:00:38.907+0800][gc,task      ] GC(1300) Using 8 workers of 8 for evacuation
[2022-04-23T01:00:38.921+0800][gc,phases    ] GC(1300)   Pre Evacuate Collection Set: 0.3ms
[2022-04-23T01:00:38.921+0800][gc,phases    ] GC(1300)   Evacuate Collection Set: 11.6ms
[2022-04-23T01:00:38.921+0800][gc,phases    ] GC(1300)   Post Evacuate Collection Set: 0.9ms
[2022-04-23T01:00:38.921+0800][gc,phases    ] GC(1300)   Other: 2.1ms
[2022-04-23T01:00:38.921+0800][gc,heap      ] GC(1300) Eden regions: 48->0(49)
[2022-04-23T01:00:38.921+0800][gc,heap      ] GC(1300) Survivor regions: 4->4(7)
[2022-04-23T01:00:38.921+0800][gc,heap      ] GC(1300) Old regions: 168->168
[2022-04-23T01:00:38.921+0800][gc,heap      ] GC(1300) Archive regions: 2->2
[2022-04-23T01:00:38.921+0800][gc,heap      ] GC(1300) Humongous regions: 129->129
[2022-04-23T01:00:38.921+0800][gc,metaspace ] GC(1300) Metaspace: 43869K->43869K(1089536K)
[2022-04-23T01:00:38.921+0800][gc           ] GC(1300) Pause Young (Normal) (G1 Evacuation Pause) 348M->301M(1024M) 15.006ms
[2022-04-23T01:00:38.921+0800][gc,cpu       ] GC(1300) User=0.04s Sys=0.02s Real=0.02s
[2022-04-23T01:00:55.332+0800][gc,start     ] GC(1301) Pause Young (Normal) (G1 Evacuation Pause)
[2022-04-23T01:00:55.333+0800][gc,task      ] GC(1301) Using 8 workers of 8 for evacuation
[2022-04-23T01:00:55.352+0800][gc,phases    ] GC(1301)   Pre Evacuate Collection Set: 0.2ms
[2022-04-23T01:00:55.352+0800][gc,phases    ] GC(1301)   Evacuate Collection Set: 18.4ms
[2022-04-23T01:00:55.352+0800][gc,phases    ] GC(1301)   Post Evacuate Collection Set: 0.4ms
[2022-04-23T01:00:55.352+0800][gc,phases    ] GC(1301)   Other: 0.9ms
[2022-04-23T01:00:55.352+0800][gc,heap      ] GC(1301) Eden regions: 49->0(49)
[2022-04-23T01:00:55.352+0800][gc,heap      ] GC(1301) Survivor regions: 4->4(7)
[2022-04-23T01:00:55.352+0800][gc,heap      ] GC(1301) Old regions: 168->169
[2022-04-23T01:00:55.352+0800][gc,heap      ] GC(1301) Archive regions: 2->2
[2022-04-23T01:00:55.352+0800][gc,heap      ] GC(1301) Humongous regions: 129->129
[2022-04-23T01:00:55.352+0800][gc,metaspace ] GC(1301) Metaspace: 43869K->43869K(1089536K)
[2022-04-23T01:00:55.352+0800][gc           ] GC(1301) Pause Young (Normal) (G1 Evacuation Pause) 350M->301M(1024M) 20.038ms
[2022-04-23T01:00:55.352+0800][gc,cpu       ] GC(1301) User=0.04s Sys=0.01s Real=0.02s
[2022-04-23T01:01:11.083+0800][gc,start     ] GC(1302) Pause Young (Normal) (G1 Evacuation Pause)
[2022-04-23T01:01:11.083+0800][gc,task      ] GC(1302) Using 8 workers of 8 for evacuation
[2022-04-23T01:01:11.112+0800][gc,mmu       ] GC(1302) MMU target violated: 21.0ms (20.0ms/21.0ms)
[2022-04-23T01:01:11.112+0800][gc,phases    ] GC(1302)   Pre Evacuate Collection Set: 0.3ms
[2022-04-23T01:01:11.112+0800][gc,phases    ] GC(1302)   Evacuate Collection Set: 23.6ms
[2022-04-23T01:01:11.112+0800][gc,phases    ] GC(1302)   Post Evacuate Collection Set: 3.6ms
[2022-04-23T01:01:11.112+0800][gc,phases    ] GC(1302)   Other: 2.0ms
[2022-04-23T01:01:11.112+0800][gc,heap      ] GC(1302) Eden regions: 47->0(47)
[2022-04-23T01:01:11.112+0800][gc,heap      ] GC(1302) Survivor regions: 4->4(7)
[2022-04-23T01:01:11.112+0800][gc,heap      ] GC(1302) Old regions: 169->169
[2022-04-23T01:01:11.112+0800][gc,heap      ] GC(1302) Archive regions: 2->2
[2022-04-23T01:01:11.112+0800][gc,heap      ] GC(1302) Humongous regions: 129->129
[2022-04-23T01:01:11.112+0800][gc,metaspace ] GC(1302) Metaspace: 43869K->43869K(1089536K)
[2022-04-23T01:01:11.113+0800][gc           ] GC(1302) Pause Young (Normal) (G1 Evacuation Pause) 348M->302M(1024M) 29.789ms
[2022-04-23T01:01:11.113+0800][gc,cpu       ] GC(1302) User=0.04s Sys=0.02s Real=0.03s
[2022-04-23T01:01:26.852+0800][gc,start     ] GC(1303) Pause Young (Normal) (G1 Evacuation Pause)
[2022-04-23T01:01:26.866+0800][gc,task      ] GC(1303) Using 8 workers of 8 for evacuation
[2022-04-23T01:01:26.888+0800][gc,mmu       ] GC(1303) MMU target violated: 21.0ms (20.0ms/21.0ms)
[2022-04-23T01:01:26.888+0800][gc,phases    ] GC(1303)   Pre Evacuate Collection Set: 0.4ms
[2022-04-23T01:01:26.888+0800][gc,phases    ] GC(1303)   Evacuate Collection Set: 18.8ms
[2022-04-23T01:01:26.888+0800][gc,phases    ] GC(1303)   Post Evacuate Collection Set: 1.4ms
[2022-04-23T01:01:26.888+0800][gc,phases    ] GC(1303)   Other: 15.7ms
[2022-04-23T01:01:26.888+0800][gc,heap      ] GC(1303) Eden regions: 47->0(46)
[2022-04-23T01:01:26.888+0800][gc,heap      ] GC(1303) Survivor regions: 4->6(7)
[2022-04-23T01:01:26.888+0800][gc,heap      ] GC(1303) Old regions: 169->169
[2022-04-23T01:01:26.888+0800][gc,heap      ] GC(1303) Archive regions: 2->2
[2022-04-23T01:01:26.888+0800][gc,heap      ] GC(1303) Humongous regions: 129->129
[2022-04-23T01:01:26.888+0800][gc,metaspace ] GC(1303) Metaspace: 43869K->43869K(1089536K)
[2022-04-23T01:01:26.888+0800][gc           ] GC(1303) Pause Young (Normal) (G1 Evacuation Pause) 349M->303M(1024M) 36.356ms
[2022-04-23T01:01:26.888+0800][gc,cpu       ] GC(1303) User=0.07s Sys=0.01s Real=0.03s
[2022-04-23T01:01:41.799+0800][gc,start     ] GC(1304) Pause Young (Normal) (G1 Evacuation Pause)
[2022-04-23T01:01:41.800+0800][gc,task      ] GC(1304) Using 8 workers of 8 for evacuation
[2022-04-23T01:01:41.855+0800][gc,mmu       ] GC(1304) MMU target violated: 21.0ms (20.0ms/21.0ms)
[2022-04-23T01:01:41.856+0800][gc,phases    ] GC(1304)   Pre Evacuate Collection Set: 0.4ms
[2022-04-23T01:01:41.856+0800][gc,phases    ] GC(1304)   Evacuate Collection Set: 53.0ms
[2022-04-23T01:01:41.856+0800][gc,phases    ] GC(1304)   Post Evacuate Collection Set: 0.8ms
[2022-04-23T01:01:41.856+0800][gc,phases    ] GC(1304)   Other: 2.5ms
[2022-04-23T01:01:41.856+0800][gc,heap      ] GC(1304) Eden regions: 45->0(47)
[2022-04-23T01:01:41.856+0800][gc,heap      ] GC(1304) Survivor regions: 6->4(7)
[2022-04-23T01:01:41.856+0800][gc,heap      ] GC(1304) Old regions: 169->171
[2022-04-23T01:01:41.856+0800][gc,heap      ] GC(1304) Archive regions: 2->2
[2022-04-23T01:01:41.856+0800][gc,heap      ] GC(1304) Humongous regions: 129->129
[2022-04-23T01:01:41.856+0800][gc,metaspace ] GC(1304) Metaspace: 43869K->43869K(1089536K)
[2022-04-23T01:01:41.856+0800][gc           ] GC(1304) Pause Young (Normal) (G1 Evacuation Pause) 348M->303M(1024M) 56.710ms
[2022-04-23T01:01:41.856+0800][gc,cpu       ] GC(1304) User=0.05s Sys=0.03s Real=0.06s
[2022-04-23T01:01:57.576+0800][gc,start     ] GC(1305) Pause Young (Normal) (G1 Evacuation Pause)
[2022-04-23T01:01:57.576+0800][gc,task      ] GC(1305) Using 8 workers of 8 for evacuation
[2022-04-23T01:01:57.597+0800][gc,mmu       ] GC(1305) MMU target violated: 20.8ms (20.0ms/21.0ms)
[2022-04-23T01:01:57.597+0800][gc,phases    ] GC(1305)   Pre Evacuate Collection Set: 0.4ms
[2022-04-23T01:01:57.597+0800][gc,phases    ] GC(1305)   Evacuate Collection Set: 17.8ms
[2022-04-23T01:01:57.597+0800][gc,phases    ] GC(1305)   Post Evacuate Collection Set: 1.7ms
[2022-04-23T01:01:57.597+0800][gc,phases    ] GC(1305)   Other: 1.9ms
[2022-04-23T01:01:57.597+0800][gc,heap      ] GC(1305) Eden regions: 47->0(47)
[2022-04-23T01:01:57.597+0800][gc,heap      ] GC(1305) Survivor regions: 4->4(7)
[2022-04-23T01:01:57.597+0800][gc,heap      ] GC(1305) Old regions: 171->171
[2022-04-23T01:01:57.597+0800][gc,heap      ] GC(1305) Archive regions: 2->2
[2022-04-23T01:01:57.597+0800][gc,heap      ] GC(1305) Humongous regions: 129->129
[2022-04-23T01:01:57.597+0800][gc,metaspace ] GC(1305) Metaspace: 43869K->43869K(1089536K)
[2022-04-23T01:01:57.597+0800][gc           ] GC(1305) Pause Young (Normal) (G1 Evacuation Pause) 350M->304M(1024M) 21.734ms
[2022-04-23T01:01:57.597+0800][gc,cpu       ] GC(1305) User=0.04s Sys=0.02s Real=0.02s
[2022-04-23T01:02:13.309+0800][gc,start     ] GC(1306) Pause Young (Normal) (G1 Evacuation Pause)
[2022-04-23T01:02:13.310+0800][gc,task      ] GC(1306) Using 8 workers of 8 for evacuation
[2022-04-23T01:02:13.326+0800][gc,phases    ] GC(1306)   Pre Evacuate Collection Set: 0.2ms
[2022-04-23T01:02:13.326+0800][gc,phases    ] GC(1306)   Evacuate Collection Set: 13.6ms
[2022-04-23T01:02:13.326+0800][gc,phases    ] GC(1306)   Post Evacuate Collection Set: 1.4ms
[2022-04-23T01:02:13.326+0800][gc,phases    ] GC(1306)   Other: 1.2ms
[2022-04-23T01:02:13.326+0800][gc,heap      ] GC(1306) Eden regions: 47->0(47)
[2022-04-23T01:02:13.326+0800][gc,heap      ] GC(1306) Survivor regions: 4->4(7)
[2022-04-23T01:02:13.326+0800][gc,heap      ] GC(1306) Old regions: 171->171
[2022-04-23T01:02:13.326+0800][gc,heap      ] GC(1306) Archive regions: 2->2
[2022-04-23T01:02:13.326+0800][gc,heap      ] GC(1306) Humongous regions: 129->129
[2022-04-23T01:02:13.326+0800][gc,metaspace ] GC(1306) Metaspace: 43869K->43869K(1089536K)
[2022-04-23T01:02:13.326+0800][gc           ] GC(1306) Pause Young (Normal) (G1 Evacuation Pause) 351M->304M(1024M) 16.687ms
[2022-04-23T01:02:13.326+0800][gc,cpu       ] GC(1306) User=0.03s Sys=0.01s Real=0.02s
[2022-04-23T01:02:28.890+0800][gc,start     ] GC(1307) Pause Young (Normal) (G1 Evacuation Pause)
[2022-04-23T01:02:28.891+0800][gc,task      ] GC(1307) Using 8 workers of 8 for evacuation
[2022-04-23T01:02:28.906+0800][gc,phases    ] GC(1307)   Pre Evacuate Collection Set: 0.2ms
[2022-04-23T01:02:28.906+0800][gc,phases    ] GC(1307)   Evacuate Collection Set: 12.8ms
[2022-04-23T01:02:28.906+0800][gc,phases    ] GC(1307)   Post Evacuate Collection Set: 0.8ms
[2022-04-23T01:02:28.906+0800][gc,phases    ] GC(1307)   Other: 1.5ms
[2022-04-23T01:02:28.906+0800][gc,heap      ] GC(1307) Eden regions: 47->0(47)
[2022-04-23T01:02:28.906+0800][gc,heap      ] GC(1307) Survivor regions: 4->4(7)
[2022-04-23T01:02:28.906+0800][gc,heap      ] GC(1307) Old regions: 171->171
[2022-04-23T01:02:28.906+0800][gc,heap      ] GC(1307) Archive regions: 2->2
[2022-04-23T01:02:28.906+0800][gc,heap      ] GC(1307) Humongous regions: 129->129
[2022-04-23T01:02:28.906+0800][gc,metaspace ] GC(1307) Metaspace: 43869K->43869K(1089536K)
[2022-04-23T01:02:28.906+0800][gc           ] GC(1307) Pause Young (Normal) (G1 Evacuation Pause) 351M->304M(1024M) 15.384ms
[2022-04-23T01:02:28.906+0800][gc,cpu       ] GC(1307) User=0.04s Sys=0.01s Real=0.01s
[2022-04-23T01:02:44.392+0800][gc,start     ] GC(1308) Pause Young (Normal) (G1 Evacuation Pause)
[2022-04-23T01:02:44.392+0800][gc,task      ] GC(1308) Using 8 workers of 8 for evacuation
[2022-04-23T01:02:44.426+0800][gc,mmu       ] GC(1308) MMU target violated: 21.0ms (20.0ms/21.0ms)
[2022-04-23T01:02:44.426+0800][gc,phases    ] GC(1308)   Pre Evacuate Collection Set: 0.2ms
[2022-04-23T01:02:44.426+0800][gc,phases    ] GC(1308)   Evacuate Collection Set: 31.6ms
[2022-04-23T01:02:44.426+0800][gc,phases    ] GC(1308)   Post Evacuate Collection Set: 0.7ms
[2022-04-23T01:02:44.427+0800][gc,phases    ] GC(1308)   Other: 1.6ms
[2022-04-23T01:02:44.427+0800][gc,heap      ] GC(1308) Eden regions: 47->0(47)
[2022-04-23T01:02:44.427+0800][gc,heap      ] GC(1308) Survivor regions: 4->4(7)
[2022-04-23T01:02:44.427+0800][gc,heap      ] GC(1308) Old regions: 171->172
[2022-04-23T01:02:44.427+0800][gc,heap      ] GC(1308) Archive regions: 2->2
[2022-04-23T01:02:44.427+0800][gc,heap      ] GC(1308) Humongous regions: 129->129
[2022-04-23T01:02:44.427+0800][gc,metaspace ] GC(1308) Metaspace: 43869K->43869K(1089536K)
[2022-04-23T01:02:44.428+0800][gc           ] GC(1308) Pause Young (Normal) (G1 Evacuation Pause) 351M->304M(1024M) 35.868ms
[2022-04-23T01:02:44.428+0800][gc,cpu       ] GC(1308) User=0.04s Sys=0.03s Real=0.03s
[2022-04-23T01:03:00.070+0800][gc,start     ] GC(1309) Pause Young (Normal) (G1 Evacuation Pause)
[2022-04-23T01:03:00.071+0800][gc,task      ] GC(1309) Using 8 workers of 8 for evacuation
[2022-04-23T01:03:00.085+0800][gc,phases    ] GC(1309)   Pre Evacuate Collection Set: 0.2ms
[2022-04-23T01:03:00.085+0800][gc,phases    ] GC(1309)   Evacuate Collection Set: 13.6ms
[2022-04-23T01:03:00.085+0800][gc,phases    ] GC(1309)   Post Evacuate Collection Set: 0.4ms
[2022-04-23T01:03:00.085+0800][gc,phases    ] GC(1309)   Other: 1.1ms
[2022-04-23T01:03:00.085+0800][gc,heap      ] GC(1309) Eden regions: 47->0(47)
[2022-04-23T01:03:00.085+0800][gc,heap      ] GC(1309) Survivor regions: 4->4(7)
[2022-04-23T01:03:00.085+0800][gc,heap      ] GC(1309) Old regions: 172->172
[2022-04-23T01:03:00.085+0800][gc,heap      ] GC(1309) Archive regions: 2->2
[2022-04-23T01:03:00.085+0800][gc,heap      ] GC(1309) Humongous regions: 129->129
[2022-04-23T01:03:00.085+0800][gc,metaspace ] GC(1309) Metaspace: 43869K->43869K(1089536K)
[2022-04-23T01:03:00.085+0800][gc           ] GC(1309) Pause Young (Normal) (G1 Evacuation Pause) 351M->304M(1024M) 15.419ms
[2022-04-23T01:03:00.085+0800][gc,cpu       ] GC(1309) User=0.03s Sys=0.01s Real=0.01s
[2022-04-23T01:03:15.691+0800][gc,start     ] GC(1310) Pause Young (Normal) (G1 Evacuation Pause)
[2022-04-23T01:03:15.692+0800][gc,task      ] GC(1310) Using 8 workers of 8 for evacuation
[2022-04-23T01:03:15.714+0800][gc,mmu       ] GC(1310) MMU target violated: 21.0ms (20.0ms/21.0ms)
[2022-04-23T01:03:15.714+0800][gc,phases    ] GC(1310)   Pre Evacuate Collection Set: 0.3ms
[2022-04-23T01:03:15.714+0800][gc,phases    ] GC(1310)   Evacuate Collection Set: 20.6ms
[2022-04-23T01:03:15.714+0800][gc,phases    ] GC(1310)   Post Evacuate Collection Set: 0.6ms
[2022-04-23T01:03:15.714+0800][gc,phases    ] GC(1310)   Other: 2.1ms
[2022-04-23T01:03:15.714+0800][gc,heap      ] GC(1310) Eden regions: 47->0(46)
[2022-04-23T01:03:15.714+0800][gc,heap      ] GC(1310) Survivor regions: 4->6(7)
[2022-04-23T01:03:15.714+0800][gc,heap      ] GC(1310) Old regions: 172->172
[2022-04-23T01:03:15.714+0800][gc,heap      ] GC(1310) Archive regions: 2->2
[2022-04-23T01:03:15.714+0800][gc,heap      ] GC(1310) Humongous regions: 129->129
[2022-04-23T01:03:15.714+0800][gc,metaspace ] GC(1310) Metaspace: 43869K->43869K(1089536K)
[2022-04-23T01:03:15.714+0800][gc           ] GC(1310) Pause Young (Normal) (G1 Evacuation Pause) 351M->306M(1024M) 23.755ms
[2022-04-23T01:03:15.714+0800][gc,cpu       ] GC(1310) User=0.06s Sys=0.01s Real=0.02s
[2022-04-23T01:03:30.874+0800][gc,start     ] GC(1311) Pause Young (Normal) (G1 Evacuation Pause)
[2022-04-23T01:03:30.874+0800][gc,task      ] GC(1311) Using 8 workers of 8 for evacuation
[2022-04-23T01:03:30.896+0800][gc,mmu       ] GC(1311) MMU target violated: 21.0ms (20.0ms/21.0ms)
[2022-04-23T01:03:30.896+0800][gc,phases    ] GC(1311)   Pre Evacuate Collection Set: 0.1ms
[2022-04-23T01:03:30.896+0800][gc,phases    ] GC(1311)   Evacuate Collection Set: 20.9ms
[2022-04-23T01:03:30.896+0800][gc,phases    ] GC(1311)   Post Evacuate Collection Set: 0.3ms
[2022-04-23T01:03:30.896+0800][gc,phases    ] GC(1311)   Other: 0.8ms
[2022-04-23T01:03:30.896+0800][gc,heap      ] GC(1311) Eden regions: 46->0(47)
[2022-04-23T01:03:30.896+0800][gc,heap      ] GC(1311) Survivor regions: 6->4(7)
[2022-04-23T01:03:30.896+0800][gc,heap      ] GC(1311) Old regions: 172->173
[2022-04-23T01:03:30.896+0800][gc,heap      ] GC(1311) Archive regions: 2->2
[2022-04-23T01:03:30.896+0800][gc,heap      ] GC(1311) Humongous regions: 129->129
[2022-04-23T01:03:30.896+0800][gc,metaspace ] GC(1311) Metaspace: 43869K->43869K(1089536K)
[2022-04-23T01:03:30.896+0800][gc           ] GC(1311) Pause Young (Normal) (G1 Evacuation Pause) 352M->306M(1024M) 22.166ms
[2022-04-23T01:03:30.896+0800][gc,cpu       ] GC(1311) User=0.05s Sys=0.02s Real=0.02s
[2022-04-23T01:03:46.401+0800][gc,start     ] GC(1312) Pause Young (Normal) (G1 Evacuation Pause)
[2022-04-23T01:03:46.402+0800][gc,task      ] GC(1312) Using 8 workers of 8 for evacuation
[2022-04-23T01:03:46.416+0800][gc,phases    ] GC(1312)   Pre Evacuate Collection Set: 0.2ms
[2022-04-23T01:03:46.417+0800][gc,phases    ] GC(1312)   Evacuate Collection Set: 12.6ms
[2022-04-23T01:03:46.417+0800][gc,phases    ] GC(1312)   Post Evacuate Collection Set: 1.2ms
[2022-04-23T01:03:46.417+0800][gc,phases    ] GC(1312)   Other: 1.6ms
[2022-04-23T01:03:46.417+0800][gc,heap      ] GC(1312) Eden regions: 47->0(47)
[2022-04-23T01:03:46.417+0800][gc,heap      ] GC(1312) Survivor regions: 4->5(7)
[2022-04-23T01:03:46.417+0800][gc,heap      ] GC(1312) Old regions: 173->173
[2022-04-23T01:03:46.417+0800][gc,heap      ] GC(1312) Archive regions: 2->2
[2022-04-23T01:03:46.417+0800][gc,heap      ] GC(1312) Humongous regions: 129->129
[2022-04-23T01:03:46.417+0800][gc,metaspace ] GC(1312) Metaspace: 43869K->43869K(1089536K)
[2022-04-23T01:03:46.417+0800][gc           ] GC(1312) Pause Young (Normal) (G1 Evacuation Pause) 353M->306M(1024M) 15.805ms
[2022-04-23T01:03:46.417+0800][gc,cpu       ] GC(1312) User=0.04s Sys=0.03s Real=0.01s
[2022-04-23T01:04:01.909+0800][gc,start     ] GC(1313) Pause Young (Normal) (G1 Evacuation Pause)
[2022-04-23T01:04:01.910+0800][gc,task      ] GC(1313) Using 8 workers of 8 for evacuation
[2022-04-23T01:04:01.927+0800][gc,phases    ] GC(1313)   Pre Evacuate Collection Set: 0.2ms
[2022-04-23T01:04:01.927+0800][gc,phases    ] GC(1313)   Evacuate Collection Set: 15.8ms
[2022-04-23T01:04:01.927+0800][gc,phases    ] GC(1313)   Post Evacuate Collection Set: 0.3ms
[2022-04-23T01:04:01.927+0800][gc,phases    ] GC(1313)   Other: 1.3ms
[2022-04-23T01:04:01.927+0800][gc,heap      ] GC(1313) Eden regions: 47->0(47)
[2022-04-23T01:04:01.927+0800][gc,heap      ] GC(1313) Survivor regions: 5->4(7)
[2022-04-23T01:04:01.927+0800][gc,heap      ] GC(1313) Old regions: 173->174
[2022-04-23T01:04:01.927+0800][gc,heap      ] GC(1313) Archive regions: 2->2
[2022-04-23T01:04:01.927+0800][gc,heap      ] GC(1313) Humongous regions: 129->129
[2022-04-23T01:04:01.927+0800][gc,metaspace ] GC(1313) Metaspace: 43869K->43869K(1089536K)
[2022-04-23T01:04:01.927+0800][gc           ] GC(1313) Pause Young (Normal) (G1 Evacuation Pause) 353M->307M(1024M) 17.590ms
[2022-04-23T01:04:01.927+0800][gc,cpu       ] GC(1313) User=0.04s Sys=0.01s Real=0.02s
[2022-04-23T01:04:17.421+0800][gc,start     ] GC(1314) Pause Young (Normal) (G1 Evacuation Pause)
[2022-04-23T01:04:17.422+0800][gc,task      ] GC(1314) Using 8 workers of 8 for evacuation
[2022-04-23T01:04:17.435+0800][gc,phases    ] GC(1314)   Pre Evacuate Collection Set: 0.2ms
[2022-04-23T01:04:17.435+0800][gc,phases    ] GC(1314)   Evacuate Collection Set: 11.5ms
[2022-04-23T01:04:17.435+0800][gc,phases    ] GC(1314)   Post Evacuate Collection Set: 0.7ms
[2022-04-23T01:04:17.436+0800][gc,phases    ] GC(1314)   Other: 1.6ms
[2022-04-23T01:04:17.436+0800][gc,heap      ] GC(1314) Eden regions: 47->0(52)
[2022-04-23T01:04:17.436+0800][gc,heap      ] GC(1314) Survivor regions: 4->5(7)
[2022-04-23T01:04:17.436+0800][gc,heap      ] GC(1314) Old regions: 174->174
[2022-04-23T01:04:17.436+0800][gc,heap      ] GC(1314) Archive regions: 2->2
[2022-04-23T01:04:17.436+0800][gc,heap      ] GC(1314) Humongous regions: 129->129
[2022-04-23T01:04:17.436+0800][gc,metaspace ] GC(1314) Metaspace: 43869K->43869K(1089536K)
[2022-04-23T01:04:17.436+0800][gc           ] GC(1314) Pause Young (Normal) (G1 Evacuation Pause) 354M->307M(1024M) 14.389ms
[2022-04-23T01:04:17.436+0800][gc,cpu       ] GC(1314) User=0.04s Sys=0.00s Real=0.01s
[2022-04-23T01:04:34.456+0800][gc,start     ] GC(1315) Pause Young (Normal) (G1 Evacuation Pause)
[2022-04-23T01:04:34.462+0800][gc,task      ] GC(1315) Using 8 workers of 8 for evacuation
[2022-04-23T01:04:34.492+0800][gc,mmu       ] GC(1315) MMU target violated: 21.0ms (20.0ms/21.0ms)
[2022-04-23T01:04:34.492+0800][gc,phases    ] GC(1315)   Pre Evacuate Collection Set: 0.2ms
[2022-04-23T01:04:34.492+0800][gc,phases    ] GC(1315)   Evacuate Collection Set: 28.4ms
[2022-04-23T01:04:34.492+0800][gc,phases    ] GC(1315)   Post Evacuate Collection Set: 0.6ms
[2022-04-23T01:04:34.492+0800][gc,phases    ] GC(1315)   Other: 7.0ms
[2022-04-23T01:04:34.492+0800][gc,heap      ] GC(1315) Eden regions: 52->0(46)
[2022-04-23T01:04:34.492+0800][gc,heap      ] GC(1315) Survivor regions: 5->5(8)
[2022-04-23T01:04:34.492+0800][gc,heap      ] GC(1315) Old regions: 174->174
[2022-04-23T01:04:34.492+0800][gc,heap      ] GC(1315) Archive regions: 2->2
[2022-04-23T01:04:34.492+0800][gc,heap      ] GC(1315) Humongous regions: 129->129
[2022-04-23T01:04:34.492+0800][gc,metaspace ] GC(1315) Metaspace: 43869K->43869K(1089536K)
[2022-04-23T01:04:34.492+0800][gc           ] GC(1315) Pause Young (Normal) (G1 Evacuation Pause) 359M->308M(1024M) 36.215ms
[2022-04-23T01:04:34.492+0800][gc,cpu       ] GC(1315) User=0.05s Sys=0.04s Real=0.04s
[2022-04-23T01:04:49.876+0800][gc,start     ] GC(1316) Pause Young (Normal) (G1 Evacuation Pause)
[2022-04-23T01:04:49.877+0800][gc,task      ] GC(1316) Using 8 workers of 8 for evacuation
[2022-04-23T01:04:49.909+0800][gc,mmu       ] GC(1316) MMU target violated: 21.0ms (20.0ms/21.0ms)
[2022-04-23T01:04:49.909+0800][gc,phases    ] GC(1316)   Pre Evacuate Collection Set: 0.4ms
[2022-04-23T01:04:49.909+0800][gc,phases    ] GC(1316)   Evacuate Collection Set: 29.4ms
[2022-04-23T01:04:49.909+0800][gc,phases    ] GC(1316)   Post Evacuate Collection Set: 1.3ms
[2022-04-23T01:04:49.909+0800][gc,phases    ] GC(1316)   Other: 1.7ms
[2022-04-23T01:04:49.909+0800][gc,heap      ] GC(1316) Eden regions: 46->0(47)
[2022-04-23T01:04:49.909+0800][gc,heap      ] GC(1316) Survivor regions: 5->4(7)
[2022-04-23T01:04:49.909+0800][gc,heap      ] GC(1316) Old regions: 174->175
[2022-04-23T01:04:49.909+0800][gc,heap      ] GC(1316) Archive regions: 2->2
[2022-04-23T01:04:49.909+0800][gc,heap      ] GC(1316) Humongous regions: 129->129
[2022-04-23T01:04:49.909+0800][gc,metaspace ] GC(1316) Metaspace: 43869K->43869K(1089536K)
[2022-04-23T01:04:49.909+0800][gc           ] GC(1316) Pause Young (Normal) (G1 Evacuation Pause) 354M->308M(1024M) 32.877ms
[2022-04-23T01:04:49.909+0800][gc,cpu       ] GC(1316) User=0.05s Sys=0.01s Real=0.03s
[2022-04-23T01:05:05.607+0800][gc,start     ] GC(1317) Pause Young (Normal) (G1 Evacuation Pause)
[2022-04-23T01:05:05.608+0800][gc,task      ] GC(1317) Using 8 workers of 8 for evacuation
[2022-04-23T01:05:05.621+0800][gc,phases    ] GC(1317)   Pre Evacuate Collection Set: 0.4ms
[2022-04-23T01:05:05.621+0800][gc,phases    ] GC(1317)   Evacuate Collection Set: 10.5ms
[2022-04-23T01:05:05.621+0800][gc,phases    ] GC(1317)   Post Evacuate Collection Set: 0.9ms
[2022-04-23T01:05:05.621+0800][gc,phases    ] GC(1317)   Other: 2.0ms
[2022-04-23T01:05:05.621+0800][gc,heap      ] GC(1317) Eden regions: 47->0(47)
[2022-04-23T01:05:05.621+0800][gc,heap      ] GC(1317) Survivor regions: 4->5(7)
[2022-04-23T01:05:05.621+0800][gc,heap      ] GC(1317) Old regions: 175->175
[2022-04-23T01:05:05.621+0800][gc,heap      ] GC(1317) Archive regions: 2->2
[2022-04-23T01:05:05.621+0800][gc,heap      ] GC(1317) Humongous regions: 129->129
[2022-04-23T01:05:05.621+0800][gc,metaspace ] GC(1317) Metaspace: 43869K->43869K(1089536K)
[2022-04-23T01:05:05.621+0800][gc           ] GC(1317) Pause Young (Normal) (G1 Evacuation Pause) 355M->308M(1024M) 14.346ms
[2022-04-23T01:05:05.621+0800][gc,cpu       ] GC(1317) User=0.04s Sys=0.00s Real=0.02s
[2022-04-23T01:05:21.255+0800][gc,start     ] GC(1318) Pause Young (Normal) (G1 Evacuation Pause)
[2022-04-23T01:05:21.257+0800][gc,task      ] GC(1318) Using 8 workers of 8 for evacuation
[2022-04-23T01:05:21.275+0800][gc,phases    ] GC(1318)   Pre Evacuate Collection Set: 0.4ms
[2022-04-23T01:05:21.275+0800][gc,phases    ] GC(1318)   Evacuate Collection Set: 16.0ms
[2022-04-23T01:05:21.275+0800][gc,phases    ] GC(1318)   Post Evacuate Collection Set: 0.7ms
[2022-04-23T01:05:21.275+0800][gc,phases    ] GC(1318)   Other: 3.0ms
[2022-04-23T01:05:21.275+0800][gc,heap      ] GC(1318) Eden regions: 47->0(47)
[2022-04-23T01:05:21.275+0800][gc,heap      ] GC(1318) Survivor regions: 5->4(7)
[2022-04-23T01:05:21.275+0800][gc,heap      ] GC(1318) Old regions: 175->176
[2022-04-23T01:05:21.275+0800][gc,heap      ] GC(1318) Archive regions: 2->2
[2022-04-23T01:05:21.275+0800][gc,heap      ] GC(1318) Humongous regions: 129->129
[2022-04-23T01:05:21.275+0800][gc,metaspace ] GC(1318) Metaspace: 43869K->43869K(1089536K)
[2022-04-23T01:05:21.275+0800][gc           ] GC(1318) Pause Young (Normal) (G1 Evacuation Pause) 355M->308M(1024M) 20.430ms
[2022-04-23T01:05:21.275+0800][gc,cpu       ] GC(1318) User=0.05s Sys=0.01s Real=0.02s
[2022-04-23T01:05:37.063+0800][gc,start     ] GC(1319) Pause Young (Normal) (G1 Evacuation Pause)
[2022-04-23T01:05:37.064+0800][gc,task      ] GC(1319) Using 8 workers of 8 for evacuation
[2022-04-23T01:05:37.090+0800][gc,mmu       ] GC(1319) MMU target violated: 21.0ms (20.0ms/21.0ms)
[2022-04-23T01:05:37.090+0800][gc,phases    ] GC(1319)   Pre Evacuate Collection Set: 0.4ms
[2022-04-23T01:05:37.090+0800][gc,phases    ] GC(1319)   Evacuate Collection Set: 23.3ms
[2022-04-23T01:05:37.090+0800][gc,phases    ] GC(1319)   Post Evacuate Collection Set: 1.2ms
[2022-04-23T01:05:37.090+0800][gc,phases    ] GC(1319)   Other: 2.4ms
[2022-04-23T01:05:37.090+0800][gc,heap      ] GC(1319) Eden regions: 47->0(48)
[2022-04-23T01:05:37.090+0800][gc,heap      ] GC(1319) Survivor regions: 4->5(7)
[2022-04-23T01:05:37.090+0800][gc,heap      ] GC(1319) Old regions: 176->176
[2022-04-23T01:05:37.090+0800][gc,heap      ] GC(1319) Archive regions: 2->2
[2022-04-23T01:05:37.090+0800][gc,heap      ] GC(1319) Humongous regions: 129->129
[2022-04-23T01:05:37.090+0800][gc,metaspace ] GC(1319) Metaspace: 43869K->43869K(1089536K)
[2022-04-23T01:05:37.090+0800][gc           ] GC(1319) Pause Young (Normal) (G1 Evacuation Pause) 355M->308M(1024M) 27.496ms
[2022-04-23T01:05:37.090+0800][gc,cpu       ] GC(1319) User=0.05s Sys=0.01s Real=0.03s
[2022-04-23T01:05:53.080+0800][gc,start     ] GC(1320) Pause Young (Normal) (G1 Evacuation Pause)
[2022-04-23T01:05:53.080+0800][gc,task      ] GC(1320) Using 8 workers of 8 for evacuation
[2022-04-23T01:05:53.097+0800][gc,phases    ] GC(1320)   Pre Evacuate Collection Set: 0.2ms
[2022-04-23T01:05:53.097+0800][gc,phases    ] GC(1320)   Evacuate Collection Set: 15.5ms
[2022-04-23T01:05:53.097+0800][gc,phases    ] GC(1320)   Post Evacuate Collection Set: 0.6ms
[2022-04-23T01:05:53.098+0800][gc,phases    ] GC(1320)   Other: 2.8ms
[2022-04-23T01:05:53.098+0800][gc,heap      ] GC(1320) Eden regions: 48->0(47)
[2022-04-23T01:05:53.098+0800][gc,heap      ] GC(1320) Survivor regions: 5->4(7)
[2022-04-23T01:05:53.098+0800][gc,heap      ] GC(1320) Old regions: 176->176
[2022-04-23T01:05:53.098+0800][gc,heap      ] GC(1320) Archive regions: 2->2
[2022-04-23T01:05:53.098+0800][gc,heap      ] GC(1320) Humongous regions: 129->129
[2022-04-23T01:05:53.098+0800][gc,metaspace ] GC(1320) Metaspace: 43869K->43869K(1089536K)
[2022-04-23T01:05:53.098+0800][gc           ] GC(1320) Pause Young (Normal) (G1 Evacuation Pause) 356M->309M(1024M) 18.071ms
[2022-04-23T01:05:53.098+0800][gc,cpu       ] GC(1320) User=0.04s Sys=0.01s Real=0.01s
[2022-04-23T01:06:08.779+0800][gc,start     ] GC(1321) Pause Young (Normal) (G1 Evacuation Pause)
[2022-04-23T01:06:08.780+0800][gc,task      ] GC(1321) Using 8 workers of 8 for evacuation
[2022-04-23T01:06:08.807+0800][gc,mmu       ] GC(1321) MMU target violated: 21.0ms (20.0ms/21.0ms)
[2022-04-23T01:06:08.808+0800][gc,phases    ] GC(1321)   Pre Evacuate Collection Set: 0.4ms
[2022-04-23T01:06:08.808+0800][gc,phases    ] GC(1321)   Evacuate Collection Set: 22.9ms
[2022-04-23T01:06:08.808+0800][gc,phases    ] GC(1321)   Post Evacuate Collection Set: 2.2ms
[2022-04-23T01:06:08.808+0800][gc,phases    ] GC(1321)   Other: 3.6ms
[2022-04-23T01:06:08.808+0800][gc,heap      ] GC(1321) Eden regions: 47->0(46)
[2022-04-23T01:06:08.808+0800][gc,heap      ] GC(1321) Survivor regions: 4->6(7)
[2022-04-23T01:06:08.808+0800][gc,heap      ] GC(1321) Old regions: 176->176
[2022-04-23T01:06:08.808+0800][gc,heap      ] GC(1321) Archive regions: 2->2
[2022-04-23T01:06:08.808+0800][gc,heap      ] GC(1321) Humongous regions: 129->129
[2022-04-23T01:06:08.808+0800][gc,metaspace ] GC(1321) Metaspace: 43869K->43869K(1089536K)
[2022-04-23T01:06:08.808+0800][gc           ] GC(1321) Pause Young (Normal) (G1 Evacuation Pause) 356M->311M(1024M) 29.260ms
[2022-04-23T01:06:08.808+0800][gc,cpu       ] GC(1321) User=0.05s Sys=0.04s Real=0.03s
[2022-04-23T01:06:24.179+0800][gc,start     ] GC(1322) Pause Young (Normal) (G1 Evacuation Pause)
[2022-04-23T01:06:24.180+0800][gc,task      ] GC(1322) Using 8 workers of 8 for evacuation
[2022-04-23T01:06:24.212+0800][gc,mmu       ] GC(1322) MMU target violated: 21.0ms (20.0ms/21.0ms)
[2022-04-23T01:06:24.212+0800][gc,phases    ] GC(1322)   Pre Evacuate Collection Set: 0.4ms
[2022-04-23T01:06:24.212+0800][gc,phases    ] GC(1322)   Evacuate Collection Set: 30.0ms
[2022-04-23T01:06:24.213+0800][gc,phases    ] GC(1322)   Post Evacuate Collection Set: 0.7ms
[2022-04-23T01:06:24.213+0800][gc,phases    ] GC(1322)   Other: 2.7ms
[2022-04-23T01:06:24.213+0800][gc,heap      ] GC(1322) Eden regions: 46->0(47)
[2022-04-23T01:06:24.213+0800][gc,heap      ] GC(1322) Survivor regions: 6->4(7)
[2022-04-23T01:06:24.213+0800][gc,heap      ] GC(1322) Old regions: 176->178
[2022-04-23T01:06:24.213+0800][gc,heap      ] GC(1322) Archive regions: 2->2
[2022-04-23T01:06:24.213+0800][gc,heap      ] GC(1322) Humongous regions: 129->129
[2022-04-23T01:06:24.213+0800][gc,metaspace ] GC(1322) Metaspace: 43869K->43869K(1089536K)
[2022-04-23T01:06:24.213+0800][gc           ] GC(1322) Pause Young (Normal) (G1 Evacuation Pause) 357M->311M(1024M) 33.856ms
[2022-04-23T01:06:24.213+0800][gc,cpu       ] GC(1322) User=0.05s Sys=0.02s Real=0.04s
[2022-04-23T01:06:39.914+0800][gc,start     ] GC(1323) Pause Young (Normal) (G1 Evacuation Pause)
[2022-04-23T01:06:39.914+0800][gc,task      ] GC(1323) Using 8 workers of 8 for evacuation
[2022-04-23T01:06:39.929+0800][gc,phases    ] GC(1323)   Pre Evacuate Collection Set: 0.3ms
[2022-04-23T01:06:39.929+0800][gc,phases    ] GC(1323)   Evacuate Collection Set: 12.9ms
[2022-04-23T01:06:39.929+0800][gc,phases    ] GC(1323)   Post Evacuate Collection Set: 0.6ms
[2022-04-23T01:06:39.929+0800][gc,phases    ] GC(1323)   Other: 1.3ms
[2022-04-23T01:06:39.929+0800][gc,heap      ] GC(1323) Eden regions: 47->0(47)
[2022-04-23T01:06:39.929+0800][gc,heap      ] GC(1323) Survivor regions: 4->5(7)
[2022-04-23T01:06:39.929+0800][gc,heap      ] GC(1323) Old regions: 178->178
[2022-04-23T01:06:39.929+0800][gc,heap      ] GC(1323) Archive regions: 2->2
[2022-04-23T01:06:39.929+0800][gc,heap      ] GC(1323) Humongous regions: 129->129
[2022-04-23T01:06:39.929+0800][gc,metaspace ] GC(1323) Metaspace: 43869K->43869K(1089536K)
[2022-04-23T01:06:39.929+0800][gc           ] GC(1323) Pause Young (Normal) (G1 Evacuation Pause) 358M->311M(1024M) 15.280ms
[2022-04-23T01:06:39.929+0800][gc,cpu       ] GC(1323) User=0.05s Sys=0.00s Real=0.01s
[2022-04-23T01:06:55.543+0800][gc,start     ] GC(1324) Pause Young (Normal) (G1 Evacuation Pause)
[2022-04-23T01:06:55.556+0800][gc,task      ] GC(1324) Using 8 workers of 8 for evacuation
[2022-04-23T01:06:55.578+0800][gc,mmu       ] GC(1324) MMU target violated: 21.0ms (20.0ms/21.0ms)
[2022-04-23T01:06:55.578+0800][gc,phases    ] GC(1324)   Pre Evacuate Collection Set: 0.2ms
[2022-04-23T01:06:55.578+0800][gc,phases    ] GC(1324)   Evacuate Collection Set: 19.0ms
[2022-04-23T01:06:55.578+0800][gc,phases    ] GC(1324)   Post Evacuate Collection Set: 1.8ms
[2022-04-23T01:06:55.578+0800][gc,phases    ] GC(1324)   Other: 14.0ms
[2022-04-23T01:06:55.578+0800][gc,heap      ] GC(1324) Eden regions: 47->0(47)
[2022-04-23T01:06:55.578+0800][gc,heap      ] GC(1324) Survivor regions: 5->4(7)
[2022-04-23T01:06:55.578+0800][gc,heap      ] GC(1324) Old regions: 178->178
[2022-04-23T01:06:55.578+0800][gc,heap      ] GC(1324) Archive regions: 2->2
[2022-04-23T01:06:55.578+0800][gc,heap      ] GC(1324) Humongous regions: 129->129
[2022-04-23T01:06:55.578+0800][gc,metaspace ] GC(1324) Metaspace: 43869K->43869K(1089536K)
[2022-04-23T01:06:55.578+0800][gc           ] GC(1324) Pause Young (Normal) (G1 Evacuation Pause) 358M->311M(1024M) 35.299ms
[2022-04-23T01:06:55.578+0800][gc,cpu       ] GC(1324) User=0.05s Sys=0.02s Real=0.03s
[2022-04-23T01:07:11.302+0800][gc,start     ] GC(1325) Pause Young (Normal) (G1 Evacuation Pause)
[2022-04-23T01:07:11.303+0800][gc,task      ] GC(1325) Using 8 workers of 8 for evacuation
[2022-04-23T01:07:11.339+0800][gc,mmu       ] GC(1325) MMU target violated: 21.0ms (20.0ms/21.0ms)
[2022-04-23T01:07:11.340+0800][gc,phases    ] GC(1325)   Pre Evacuate Collection Set: 0.2ms
[2022-04-23T01:07:11.340+0800][gc,phases    ] GC(1325)   Evacuate Collection Set: 34.6ms
[2022-04-23T01:07:11.340+0800][gc,phases    ] GC(1325)   Post Evacuate Collection Set: 1.0ms
[2022-04-23T01:07:11.340+0800][gc,phases    ] GC(1325)   Other: 1.5ms
[2022-04-23T01:07:11.340+0800][gc,heap      ] GC(1325) Eden regions: 47->0(47)
[2022-04-23T01:07:11.340+0800][gc,heap      ] GC(1325) Survivor regions: 4->4(7)
[2022-04-23T01:07:11.340+0800][gc,heap      ] GC(1325) Old regions: 178->178
[2022-04-23T01:07:11.340+0800][gc,heap      ] GC(1325) Archive regions: 2->2
[2022-04-23T01:07:11.340+0800][gc,heap      ] GC(1325) Humongous regions: 129->129
[2022-04-23T01:07:11.340+0800][gc,metaspace ] GC(1325) Metaspace: 43869K->43869K(1089536K)
[2022-04-23T01:07:11.340+0800][gc           ] GC(1325) Pause Young (Normal) (G1 Evacuation Pause) 358M->311M(1024M) 37.369ms
[2022-04-23T01:07:11.340+0800][gc,cpu       ] GC(1325) User=0.04s Sys=0.03s Real=0.04s
[2022-04-23T01:07:27.256+0800][gc,start     ] GC(1326) Pause Young (Normal) (G1 Evacuation Pause)
[2022-04-23T01:07:27.258+0800][gc,task      ] GC(1326) Using 8 workers of 8 for evacuation
[2022-04-23T01:07:27.278+0800][gc,phases    ] GC(1326)   Pre Evacuate Collection Set: 0.4ms
[2022-04-23T01:07:27.278+0800][gc,phases    ] GC(1326)   Evacuate Collection Set: 17.6ms
[2022-04-23T01:07:27.278+0800][gc,phases    ] GC(1326)   Post Evacuate Collection Set: 0.6ms
[2022-04-23T01:07:27.278+0800][gc,phases    ] GC(1326)   Other: 2.7ms
[2022-04-23T01:07:27.278+0800][gc,heap      ] GC(1326) Eden regions: 47->0(47)
[2022-04-23T01:07:27.278+0800][gc,heap      ] GC(1326) Survivor regions: 4->4(7)
[2022-04-23T01:07:27.278+0800][gc,heap      ] GC(1326) Old regions: 178->179
[2022-04-23T01:07:27.278+0800][gc,heap      ] GC(1326) Archive regions: 2->2
[2022-04-23T01:07:27.278+0800][gc,heap      ] GC(1326) Humongous regions: 129->129
[2022-04-23T01:07:27.278+0800][gc,metaspace ] GC(1326) Metaspace: 43869K->43869K(1089536K)
[2022-04-23T01:07:27.278+0800][gc           ] GC(1326) Pause Young (Normal) (G1 Evacuation Pause) 358M->311M(1024M) 21.565ms
[2022-04-23T01:07:27.278+0800][gc,cpu       ] GC(1326) User=0.05s Sys=0.01s Real=0.02s
[2022-04-23T01:07:43.144+0800][gc,start     ] GC(1327) Pause Young (Normal) (G1 Evacuation Pause)
[2022-04-23T01:07:43.144+0800][gc,task      ] GC(1327) Using 8 workers of 8 for evacuation
[2022-04-23T01:07:43.169+0800][gc,mmu       ] GC(1327) MMU target violated: 21.0ms (20.0ms/21.0ms)
[2022-04-23T01:07:43.169+0800][gc,phases    ] GC(1327)   Pre Evacuate Collection Set: 0.3ms
[2022-04-23T01:07:43.169+0800][gc,phases    ] GC(1327)   Evacuate Collection Set: 22.1ms
[2022-04-23T01:07:43.169+0800][gc,phases    ] GC(1327)   Post Evacuate Collection Set: 1.1ms
[2022-04-23T01:07:43.169+0800][gc,phases    ] GC(1327)   Other: 1.7ms
[2022-04-23T01:07:43.169+0800][gc,heap      ] GC(1327) Eden regions: 47->0(47)
[2022-04-23T01:07:43.169+0800][gc,heap      ] GC(1327) Survivor regions: 4->4(7)
[2022-04-23T01:07:43.169+0800][gc,heap      ] GC(1327) Old regions: 179->179
[2022-04-23T01:07:43.169+0800][gc,heap      ] GC(1327) Archive regions: 2->2
[2022-04-23T01:07:43.169+0800][gc,heap      ] GC(1327) Humongous regions: 129->129
[2022-04-23T01:07:43.169+0800][gc,metaspace ] GC(1327) Metaspace: 43869K->43869K(1089536K)
[2022-04-23T01:07:43.169+0800][gc           ] GC(1327) Pause Young (Normal) (G1 Evacuation Pause) 358M->311M(1024M) 25.155ms
[2022-04-23T01:07:43.169+0800][gc,cpu       ] GC(1327) User=0.04s Sys=0.02s Real=0.02s
[2022-04-23T01:07:58.799+0800][gc,start     ] GC(1328) Pause Young (Normal) (G1 Evacuation Pause)
[2022-04-23T01:07:58.801+0800][gc,task      ] GC(1328) Using 8 workers of 8 for evacuation
[2022-04-23T01:07:58.832+0800][gc,mmu       ] GC(1328) MMU target violated: 21.0ms (20.0ms/21.0ms)
[2022-04-23T01:07:58.832+0800][gc,phases    ] GC(1328)   Pre Evacuate Collection Set: 0.5ms
[2022-04-23T01:07:58.832+0800][gc,phases    ] GC(1328)   Evacuate Collection Set: 28.6ms
[2022-04-23T01:07:58.832+0800][gc,phases    ] GC(1328)   Post Evacuate Collection Set: 0.9ms
[2022-04-23T01:07:58.832+0800][gc,phases    ] GC(1328)   Other: 3.3ms
[2022-04-23T01:07:58.832+0800][gc,heap      ] GC(1328) Eden regions: 47->0(45)
[2022-04-23T01:07:58.832+0800][gc,heap      ] GC(1328) Survivor regions: 4->6(7)
[2022-04-23T01:07:58.832+0800][gc,heap      ] GC(1328) Old regions: 179->179
[2022-04-23T01:07:58.832+0800][gc,heap      ] GC(1328) Archive regions: 2->2
[2022-04-23T01:07:58.832+0800][gc,heap      ] GC(1328) Humongous regions: 129->129
[2022-04-23T01:07:58.832+0800][gc,metaspace ] GC(1328) Metaspace: 43869K->43869K(1089536K)
[2022-04-23T01:07:58.833+0800][gc           ] GC(1328) Pause Young (Normal) (G1 Evacuation Pause) 358M->313M(1024M) 33.243ms
[2022-04-23T01:07:58.833+0800][gc,cpu       ] GC(1328) User=0.05s Sys=0.05s Real=0.04s
[2022-04-23T01:08:13.885+0800][gc,start     ] GC(1329) Pause Young (Normal) (G1 Evacuation Pause)
[2022-04-23T01:08:13.887+0800][gc,task      ] GC(1329) Using 8 workers of 8 for evacuation
[2022-04-23T01:08:13.921+0800][gc,mmu       ] GC(1329) MMU target violated: 21.0ms (20.0ms/21.0ms)
[2022-04-23T01:08:13.921+0800][gc,phases    ] GC(1329)   Pre Evacuate Collection Set: 0.3ms
[2022-04-23T01:08:13.921+0800][gc,phases    ] GC(1329)   Evacuate Collection Set: 31.5ms
[2022-04-23T01:08:13.921+0800][gc,phases    ] GC(1329)   Post Evacuate Collection Set: 1.0ms
[2022-04-23T01:08:13.921+0800][gc,phases    ] GC(1329)   Other: 2.6ms
[2022-04-23T01:08:13.921+0800][gc,heap      ] GC(1329) Eden regions: 45->0(47)
[2022-04-23T01:08:13.921+0800][gc,heap      ] GC(1329) Survivor regions: 6->4(7)
[2022-04-23T01:08:13.921+0800][gc,heap      ] GC(1329) Old regions: 179->181
[2022-04-23T01:08:13.921+0800][gc,heap      ] GC(1329) Archive regions: 2->2
[2022-04-23T01:08:13.921+0800][gc,heap      ] GC(1329) Humongous regions: 129->129
[2022-04-23T01:08:13.921+0800][gc,metaspace ] GC(1329) Metaspace: 43869K->43869K(1089536K)
[2022-04-23T01:08:13.921+0800][gc           ] GC(1329) Pause Young (Normal) (G1 Evacuation Pause) 358M->313M(1024M) 35.607ms
[2022-04-23T01:08:13.921+0800][gc,cpu       ] GC(1329) User=0.05s Sys=0.02s Real=0.04s
[2022-04-23T01:08:29.595+0800][gc,start     ] GC(1330) Pause Young (Normal) (G1 Evacuation Pause)
[2022-04-23T01:08:29.596+0800][gc,task      ] GC(1330) Using 8 workers of 8 for evacuation
[2022-04-23T01:08:29.609+0800][gc,phases    ] GC(1330)   Pre Evacuate Collection Set: 0.2ms
[2022-04-23T01:08:29.609+0800][gc,phases    ] GC(1330)   Evacuate Collection Set: 12.1ms
[2022-04-23T01:08:29.609+0800][gc,phases    ] GC(1330)   Post Evacuate Collection Set: 0.5ms
[2022-04-23T01:08:29.609+0800][gc,phases    ] GC(1330)   Other: 1.4ms
[2022-04-23T01:08:29.609+0800][gc,heap      ] GC(1330) Eden regions: 47->0(47)
[2022-04-23T01:08:29.609+0800][gc,heap      ] GC(1330) Survivor regions: 4->4(7)
[2022-04-23T01:08:29.609+0800][gc,heap      ] GC(1330) Old regions: 181->181
[2022-04-23T01:08:29.609+0800][gc,heap      ] GC(1330) Archive regions: 2->2
[2022-04-23T01:08:29.609+0800][gc,heap      ] GC(1330) Humongous regions: 129->129
[2022-04-23T01:08:29.609+0800][gc,metaspace ] GC(1330) Metaspace: 43869K->43869K(1089536K)
[2022-04-23T01:08:29.609+0800][gc           ] GC(1330) Pause Young (Normal) (G1 Evacuation Pause) 360M->313M(1024M) 14.311ms
[2022-04-23T01:08:29.609+0800][gc,cpu       ] GC(1330) User=0.05s Sys=0.00s Real=0.01s
[2022-04-23T01:08:45.399+0800][gc,start     ] GC(1331) Pause Young (Normal) (G1 Evacuation Pause)
[2022-04-23T01:08:45.400+0800][gc,task      ] GC(1331) Using 8 workers of 8 for evacuation
[2022-04-23T01:08:45.415+0800][gc,phases    ] GC(1331)   Pre Evacuate Collection Set: 0.4ms
[2022-04-23T01:08:45.416+0800][gc,phases    ] GC(1331)   Evacuate Collection Set: 13.4ms
[2022-04-23T01:08:45.416+0800][gc,phases    ] GC(1331)   Post Evacuate Collection Set: 0.8ms
[2022-04-23T01:08:45.416+0800][gc,phases    ] GC(1331)   Other: 1.8ms
[2022-04-23T01:08:45.416+0800][gc,heap      ] GC(1331) Eden regions: 47->0(47)
[2022-04-23T01:08:45.416+0800][gc,heap      ] GC(1331) Survivor regions: 4->4(7)
[2022-04-23T01:08:45.416+0800][gc,heap      ] GC(1331) Old regions: 181->181
[2022-04-23T01:08:45.416+0800][gc,heap      ] GC(1331) Archive regions: 2->2
[2022-04-23T01:08:45.416+0800][gc,heap      ] GC(1331) Humongous regions: 129->129
[2022-04-23T01:08:45.416+0800][gc,metaspace ] GC(1331) Metaspace: 43869K->43869K(1089536K)
[2022-04-23T01:08:45.416+0800][gc           ] GC(1331) Pause Young (Normal) (G1 Evacuation Pause) 360M->314M(1024M) 16.655ms
[2022-04-23T01:08:45.416+0800][gc,cpu       ] GC(1331) User=0.04s Sys=0.01s Real=0.02s
[2022-04-23T01:09:01.151+0800][gc,start     ] GC(1332) Pause Young (Normal) (G1 Evacuation Pause)
[2022-04-23T01:09:01.152+0800][gc,task      ] GC(1332) Using 8 workers of 8 for evacuation
[2022-04-23T01:09:01.166+0800][gc,phases    ] GC(1332)   Pre Evacuate Collection Set: 0.4ms
[2022-04-23T01:09:01.166+0800][gc,phases    ] GC(1332)   Evacuate Collection Set: 12.1ms
[2022-04-23T01:09:01.166+0800][gc,phases    ] GC(1332)   Post Evacuate Collection Set: 0.5ms
[2022-04-23T01:09:01.166+0800][gc,phases    ] GC(1332)   Other: 2.3ms
[2022-04-23T01:09:01.166+0800][gc,heap      ] GC(1332) Eden regions: 47->0(49)
[2022-04-23T01:09:01.166+0800][gc,heap      ] GC(1332) Survivor regions: 4->4(7)
[2022-04-23T01:09:01.166+0800][gc,heap      ] GC(1332) Old regions: 181->181
[2022-04-23T01:09:01.166+0800][gc,heap      ] GC(1332) Archive regions: 2->2
[2022-04-23T01:09:01.166+0800][gc,heap      ] GC(1332) Humongous regions: 129->129
[2022-04-23T01:09:01.166+0800][gc,metaspace ] GC(1332) Metaspace: 43869K->43869K(1089536K)
[2022-04-23T01:09:01.166+0800][gc           ] GC(1332) Pause Young (Normal) (G1 Evacuation Pause) 361M->314M(1024M) 15.370ms
[2022-04-23T01:09:01.166+0800][gc,cpu       ] GC(1332) User=0.05s Sys=0.01s Real=0.01s
[2022-04-23T01:09:17.429+0800][gc,start     ] GC(1333) Pause Young (Normal) (G1 Evacuation Pause)
[2022-04-23T01:09:17.430+0800][gc,task      ] GC(1333) Using 8 workers of 8 for evacuation
[2022-04-23T01:09:17.448+0800][gc,phases    ] GC(1333)   Pre Evacuate Collection Set: 0.1ms
[2022-04-23T01:09:17.448+0800][gc,phases    ] GC(1333)   Evacuate Collection Set: 16.3ms
[2022-04-23T01:09:17.448+0800][gc,phases    ] GC(1333)   Post Evacuate Collection Set: 1.0ms
[2022-04-23T01:09:17.448+0800][gc,phases    ] GC(1333)   Other: 1.5ms
[2022-04-23T01:09:17.448+0800][gc,heap      ] GC(1333) Eden regions: 49->0(49)
[2022-04-23T01:09:17.448+0800][gc,heap      ] GC(1333) Survivor regions: 4->4(7)
[2022-04-23T01:09:17.448+0800][gc,heap      ] GC(1333) Old regions: 181->182
[2022-04-23T01:09:17.448+0800][gc,heap      ] GC(1333) Archive regions: 2->2
[2022-04-23T01:09:17.448+0800][gc,heap      ] GC(1333) Humongous regions: 129->129
[2022-04-23T01:09:17.448+0800][gc,metaspace ] GC(1333) Metaspace: 43869K->43869K(1089536K)
[2022-04-23T01:09:17.448+0800][gc           ] GC(1333) Pause Young (Normal) (G1 Evacuation Pause) 363M->314M(1024M) 19.231ms
[2022-04-23T01:09:17.448+0800][gc,cpu       ] GC(1333) User=0.04s Sys=0.01s Real=0.02s
[2022-04-23T01:09:33.864+0800][gc,start     ] GC(1334) Pause Young (Normal) (G1 Evacuation Pause)
[2022-04-23T01:09:33.865+0800][gc,task      ] GC(1334) Using 8 workers of 8 for evacuation
[2022-04-23T01:09:33.895+0800][gc,mmu       ] GC(1334) MMU target violated: 21.0ms (20.0ms/21.0ms)
[2022-04-23T01:09:33.896+0800][gc,phases    ] GC(1334)   Pre Evacuate Collection Set: 0.2ms
[2022-04-23T01:09:33.896+0800][gc,phases    ] GC(1334)   Evacuate Collection Set: 28.7ms
[2022-04-23T01:09:33.896+0800][gc,phases    ] GC(1334)   Post Evacuate Collection Set: 0.9ms
[2022-04-23T01:09:33.896+0800][gc,phases    ] GC(1334)   Other: 2.4ms
[2022-04-23T01:09:33.896+0800][gc,heap      ] GC(1334) Eden regions: 49->0(48)
[2022-04-23T01:09:33.896+0800][gc,heap      ] GC(1334) Survivor regions: 4->5(7)
[2022-04-23T01:09:33.896+0800][gc,heap      ] GC(1334) Old regions: 182->182
[2022-04-23T01:09:33.896+0800][gc,heap      ] GC(1334) Archive regions: 2->2
[2022-04-23T01:09:33.896+0800][gc,heap      ] GC(1334) Humongous regions: 129->129
[2022-04-23T01:09:33.896+0800][gc,metaspace ] GC(1334) Metaspace: 43869K->43869K(1089536K)
[2022-04-23T01:09:33.896+0800][gc           ] GC(1334) Pause Young (Normal) (G1 Evacuation Pause) 363M->315M(1024M) 32.060ms
[2022-04-23T01:09:33.896+0800][gc,cpu       ] GC(1334) User=0.05s Sys=0.01s Real=0.03s
[2022-04-23T01:09:49.632+0800][gc,start     ] GC(1335) Pause Young (Normal) (G1 Evacuation Pause)
[2022-04-23T01:09:49.634+0800][gc,task      ] GC(1335) Using 8 workers of 8 for evacuation
[2022-04-23T01:09:49.666+0800][gc,mmu       ] GC(1335) MMU target violated: 21.0ms (20.0ms/21.0ms)
[2022-04-23T01:09:49.666+0800][gc,phases    ] GC(1335)   Pre Evacuate Collection Set: 0.2ms
[2022-04-23T01:09:49.666+0800][gc,phases    ] GC(1335)   Evacuate Collection Set: 28.8ms
[2022-04-23T01:09:49.666+0800][gc,phases    ] GC(1335)   Post Evacuate Collection Set: 1.3ms
[2022-04-23T01:09:49.666+0800][gc,phases    ] GC(1335)   Other: 3.6ms
[2022-04-23T01:09:49.666+0800][gc,heap      ] GC(1335) Eden regions: 47->0(46)
[2022-04-23T01:09:49.666+0800][gc,heap      ] GC(1335) Survivor regions: 5->5(7)
[2022-04-23T01:09:49.666+0800][gc,heap      ] GC(1335) Old regions: 182->182
[2022-04-23T01:09:49.666+0800][gc,heap      ] GC(1335) Archive regions: 2->2
[2022-04-23T01:09:49.666+0800][gc,heap      ] GC(1335) Humongous regions: 129->129
[2022-04-23T01:09:49.666+0800][gc,metaspace ] GC(1335) Metaspace: 43869K->43869K(1089536K)
[2022-04-23T01:09:49.667+0800][gc           ] GC(1335) Pause Young (Normal) (G1 Evacuation Pause) 362M->315M(1024M) 34.056ms
[2022-04-23T01:09:49.667+0800][gc,cpu       ] GC(1335) User=0.04s Sys=0.03s Real=0.03s
[2022-04-23T01:10:05.084+0800][gc,start     ] GC(1336) Pause Young (Normal) (G1 Evacuation Pause)
[2022-04-23T01:10:05.084+0800][gc,task      ] GC(1336) Using 8 workers of 8 for evacuation
[2022-04-23T01:10:05.108+0800][gc,mmu       ] GC(1336) MMU target violated: 21.0ms (20.0ms/21.0ms)
[2022-04-23T01:10:05.108+0800][gc,phases    ] GC(1336)   Pre Evacuate Collection Set: 0.3ms
[2022-04-23T01:10:05.108+0800][gc,phases    ] GC(1336)   Evacuate Collection Set: 21.9ms
[2022-04-23T01:10:05.108+0800][gc,phases    ] GC(1336)   Post Evacuate Collection Set: 0.7ms
[2022-04-23T01:10:05.108+0800][gc,phases    ] GC(1336)   Other: 1.5ms
[2022-04-23T01:10:05.108+0800][gc,heap      ] GC(1336) Eden regions: 46->0(47)
[2022-04-23T01:10:05.108+0800][gc,heap      ] GC(1336) Survivor regions: 5->4(7)
[2022-04-23T01:10:05.108+0800][gc,heap      ] GC(1336) Old regions: 182->183
[2022-04-23T01:10:05.108+0800][gc,heap      ] GC(1336) Archive regions: 2->2
[2022-04-23T01:10:05.108+0800][gc,heap      ] GC(1336) Humongous regions: 129->129
[2022-04-23T01:10:05.108+0800][gc,metaspace ] GC(1336) Metaspace: 43869K->43869K(1089536K)
[2022-04-23T01:10:05.108+0800][gc           ] GC(1336) Pause Young (Normal) (G1 Evacuation Pause) 361M->315M(1024M) 24.543ms
[2022-04-23T01:10:05.108+0800][gc,cpu       ] GC(1336) User=0.04s Sys=0.01s Real=0.02s
[2022-04-23T01:10:20.768+0800][gc,start     ] GC(1337) Pause Young (Normal) (G1 Evacuation Pause)
[2022-04-23T01:10:20.769+0800][gc,task      ] GC(1337) Using 8 workers of 8 for evacuation
[2022-04-23T01:10:20.781+0800][gc,phases    ] GC(1337)   Pre Evacuate Collection Set: 0.3ms
[2022-04-23T01:10:20.781+0800][gc,phases    ] GC(1337)   Evacuate Collection Set: 11.0ms
[2022-04-23T01:10:20.781+0800][gc,phases    ] GC(1337)   Post Evacuate Collection Set: 0.6ms
[2022-04-23T01:10:20.781+0800][gc,phases    ] GC(1337)   Other: 1.5ms
[2022-04-23T01:10:20.781+0800][gc,heap      ] GC(1337) Eden regions: 47->0(48)
[2022-04-23T01:10:20.781+0800][gc,heap      ] GC(1337) Survivor regions: 4->4(7)
[2022-04-23T01:10:20.781+0800][gc,heap      ] GC(1337) Old regions: 183->183
[2022-04-23T01:10:20.781+0800][gc,heap      ] GC(1337) Archive regions: 2->2
[2022-04-23T01:10:20.781+0800][gc,heap      ] GC(1337) Humongous regions: 129->129
[2022-04-23T01:10:20.781+0800][gc,metaspace ] GC(1337) Metaspace: 43869K->43869K(1089536K)
[2022-04-23T01:10:20.781+0800][gc           ] GC(1337) Pause Young (Normal) (G1 Evacuation Pause) 362M->315M(1024M) 13.820ms
[2022-04-23T01:10:20.782+0800][gc,cpu       ] GC(1337) User=0.05s Sys=0.01s Real=0.02s
[2022-04-23T01:10:38.213+0800][gc,start     ] GC(1338) Pause Young (Normal) (G1 Evacuation Pause)
[2022-04-23T01:10:38.214+0800][gc,task      ] GC(1338) Using 8 workers of 8 for evacuation
[2022-04-23T01:10:38.241+0800][gc,mmu       ] GC(1338) MMU target violated: 21.0ms (20.0ms/21.0ms)
[2022-04-23T01:10:38.241+0800][gc,phases    ] GC(1338)   Pre Evacuate Collection Set: 0.2ms
[2022-04-23T01:10:38.241+0800][gc,phases    ] GC(1338)   Evacuate Collection Set: 25.6ms
[2022-04-23T01:10:38.241+0800][gc,phases    ] GC(1338)   Post Evacuate Collection Set: 0.8ms
[2022-04-23T01:10:38.241+0800][gc,phases    ] GC(1338)   Other: 0.8ms
[2022-04-23T01:10:38.241+0800][gc,heap      ] GC(1338) Eden regions: 47->0(46)
[2022-04-23T01:10:38.241+0800][gc,heap      ] GC(1338) Survivor regions: 4->6(7)
[2022-04-23T01:10:38.241+0800][gc,heap      ] GC(1338) Old regions: 183->183
[2022-04-23T01:10:38.241+0800][gc,heap      ] GC(1338) Archive regions: 2->2
[2022-04-23T01:10:38.241+0800][gc,heap      ] GC(1338) Humongous regions: 129->129
[2022-04-23T01:10:38.241+0800][gc,metaspace ] GC(1338) Metaspace: 43869K->43869K(1089536K)
[2022-04-23T01:10:38.241+0800][gc           ] GC(1338) Pause Young (Normal) (G1 Evacuation Pause) 362M->317M(1024M) 27.405ms
[2022-04-23T01:10:38.241+0800][gc,cpu       ] GC(1338) User=0.04s Sys=0.02s Real=0.03s
[2022-04-23T01:10:53.135+0800][gc,start     ] GC(1339) Pause Young (Normal) (G1 Evacuation Pause)
[2022-04-23T01:10:53.137+0800][gc,task      ] GC(1339) Using 8 workers of 8 for evacuation
[2022-04-23T01:10:53.159+0800][gc,mmu       ] GC(1339) MMU target violated: 21.0ms (20.0ms/21.0ms)
[2022-04-23T01:10:53.159+0800][gc,phases    ] GC(1339)   Pre Evacuate Collection Set: 0.2ms
[2022-04-23T01:10:53.159+0800][gc,phases    ] GC(1339)   Evacuate Collection Set: 20.3ms
[2022-04-23T01:10:53.159+0800][gc,phases    ] GC(1339)   Post Evacuate Collection Set: 0.7ms
[2022-04-23T01:10:53.159+0800][gc,phases    ] GC(1339)   Other: 2.3ms
[2022-04-23T01:10:53.159+0800][gc,heap      ] GC(1339) Eden regions: 45->0(47)
[2022-04-23T01:10:53.159+0800][gc,heap      ] GC(1339) Survivor regions: 6->4(7)
[2022-04-23T01:10:53.159+0800][gc,heap      ] GC(1339) Old regions: 183->185
[2022-04-23T01:10:53.159+0800][gc,heap      ] GC(1339) Archive regions: 2->2
[2022-04-23T01:10:53.159+0800][gc,heap      ] GC(1339) Humongous regions: 129->129
[2022-04-23T01:10:53.159+0800][gc,metaspace ] GC(1339) Metaspace: 43869K->43869K(1089536K)
[2022-04-23T01:10:53.159+0800][gc           ] GC(1339) Pause Young (Normal) (G1 Evacuation Pause) 362M->317M(1024M) 23.655ms
[2022-04-23T01:10:53.159+0800][gc,cpu       ] GC(1339) User=0.05s Sys=0.02s Real=0.02s
[2022-04-23T01:11:08.795+0800][gc,start     ] GC(1340) Pause Young (Normal) (G1 Evacuation Pause)
[2022-04-23T01:11:08.796+0800][gc,task      ] GC(1340) Using 8 workers of 8 for evacuation
[2022-04-23T01:11:08.810+0800][gc,phases    ] GC(1340)   Pre Evacuate Collection Set: 0.1ms
[2022-04-23T01:11:08.810+0800][gc,phases    ] GC(1340)   Evacuate Collection Set: 12.8ms
[2022-04-23T01:11:08.810+0800][gc,phases    ] GC(1340)   Post Evacuate Collection Set: 0.7ms
[2022-04-23T01:11:08.810+0800][gc,phases    ] GC(1340)   Other: 1.4ms
[2022-04-23T01:11:08.810+0800][gc,heap      ] GC(1340) Eden regions: 47->0(47)
[2022-04-23T01:11:08.810+0800][gc,heap      ] GC(1340) Survivor regions: 4->4(7)
[2022-04-23T01:11:08.810+0800][gc,heap      ] GC(1340) Old regions: 185->185
[2022-04-23T01:11:08.810+0800][gc,heap      ] GC(1340) Archive regions: 2->2
[2022-04-23T01:11:08.810+0800][gc,heap      ] GC(1340) Humongous regions: 129->129
[2022-04-23T01:11:08.810+0800][gc,metaspace ] GC(1340) Metaspace: 43869K->43869K(1089536K)
[2022-04-23T01:11:08.810+0800][gc           ] GC(1340) Pause Young (Normal) (G1 Evacuation Pause) 364M->317M(1024M) 15.247ms
[2022-04-23T01:11:08.810+0800][gc,cpu       ] GC(1340) User=0.05s Sys=0.00s Real=0.02s
[2022-04-23T01:11:27.821+0800][gc,start     ] GC(1341) Pause Young (Normal) (G1 Evacuation Pause)
[2022-04-23T01:11:27.821+0800][gc,task      ] GC(1341) Using 8 workers of 8 for evacuation
[2022-04-23T01:11:27.848+0800][gc,mmu       ] GC(1341) MMU target violated: 21.0ms (20.0ms/21.0ms)
[2022-04-23T01:11:27.848+0800][gc,phases    ] GC(1341)   Pre Evacuate Collection Set: 0.2ms
[2022-04-23T01:11:27.848+0800][gc,phases    ] GC(1341)   Evacuate Collection Set: 23.2ms
[2022-04-23T01:11:27.848+0800][gc,phases    ] GC(1341)   Post Evacuate Collection Set: 1.3ms
[2022-04-23T01:11:27.848+0800][gc,phases    ] GC(1341)   Other: 2.7ms
[2022-04-23T01:11:27.848+0800][gc,heap      ] GC(1341) Eden regions: 47->0(47)
[2022-04-23T01:11:27.848+0800][gc,heap      ] GC(1341) Survivor regions: 4->4(7)
[2022-04-23T01:11:27.848+0800][gc,heap      ] GC(1341) Old regions: 185->185
[2022-04-23T01:11:27.848+0800][gc,heap      ] GC(1341) Archive regions: 2->2
[2022-04-23T01:11:27.848+0800][gc,heap      ] GC(1341) Humongous regions: 129->129
[2022-04-23T01:11:27.848+0800][gc,metaspace ] GC(1341) Metaspace: 43869K->43869K(1089536K)
[2022-04-23T01:11:27.848+0800][gc           ] GC(1341) Pause Young (Normal) (G1 Evacuation Pause) 364M->318M(1024M) 27.654ms
[2022-04-23T01:11:27.848+0800][gc,cpu       ] GC(1341) User=0.04s Sys=0.02s Real=0.02s
[2022-04-23T01:11:43.695+0800][gc,start     ] GC(1342) Pause Young (Normal) (G1 Evacuation Pause)
[2022-04-23T01:11:43.695+0800][gc,task      ] GC(1342) Using 8 workers of 8 for evacuation
[2022-04-23T01:11:43.712+0800][gc,phases    ] GC(1342)   Pre Evacuate Collection Set: 0.3ms
[2022-04-23T01:11:43.712+0800][gc,phases    ] GC(1342)   Evacuate Collection Set: 14.8ms
[2022-04-23T01:11:43.712+0800][gc,phases    ] GC(1342)   Post Evacuate Collection Set: 1.0ms
[2022-04-23T01:11:43.712+0800][gc,phases    ] GC(1342)   Other: 1.1ms
[2022-04-23T01:11:43.712+0800][gc,heap      ] GC(1342) Eden regions: 47->0(49)
[2022-04-23T01:11:43.712+0800][gc,heap      ] GC(1342) Survivor regions: 4->4(7)
[2022-04-23T01:11:43.712+0800][gc,heap      ] GC(1342) Old regions: 185->185
[2022-04-23T01:11:43.712+0800][gc,heap      ] GC(1342) Archive regions: 2->2
[2022-04-23T01:11:43.712+0800][gc,heap      ] GC(1342) Humongous regions: 129->129
[2022-04-23T01:11:43.712+0800][gc,metaspace ] GC(1342) Metaspace: 43869K->43869K(1089536K)
[2022-04-23T01:11:43.712+0800][gc           ] GC(1342) Pause Young (Normal) (G1 Evacuation Pause) 365M->318M(1024M) 17.218ms
[2022-04-23T01:11:43.712+0800][gc,cpu       ] GC(1342) User=0.04s Sys=0.01s Real=0.02s
[2022-04-23T01:12:00.120+0800][gc,start     ] GC(1343) Pause Young (Normal) (G1 Evacuation Pause)
[2022-04-23T01:12:00.121+0800][gc,task      ] GC(1343) Using 8 workers of 8 for evacuation
[2022-04-23T01:12:00.147+0800][gc,mmu       ] GC(1343) MMU target violated: 21.0ms (20.0ms/21.0ms)
[2022-04-23T01:12:00.152+0800][gc,phases    ] GC(1343)   Pre Evacuate Collection Set: 0.3ms
[2022-04-23T01:12:00.152+0800][gc,phases    ] GC(1343)   Evacuate Collection Set: 24.5ms
[2022-04-23T01:12:00.152+0800][gc,phases    ] GC(1343)   Post Evacuate Collection Set: 0.7ms
[2022-04-23T01:12:00.152+0800][gc,phases    ] GC(1343)   Other: 7.2ms
[2022-04-23T01:12:00.152+0800][gc,heap      ] GC(1343) Eden regions: 49->0(50)
[2022-04-23T01:12:00.152+0800][gc,heap      ] GC(1343) Survivor regions: 4->5(7)
[2022-04-23T01:12:00.152+0800][gc,heap      ] GC(1343) Old regions: 185->185
[2022-04-23T01:12:00.152+0800][gc,heap      ] GC(1343) Archive regions: 2->2
[2022-04-23T01:12:00.152+0800][gc,heap      ] GC(1343) Humongous regions: 129->129
[2022-04-23T01:12:00.152+0800][gc,metaspace ] GC(1343) Metaspace: 43869K->43869K(1089536K)
[2022-04-23T01:12:00.153+0800][gc           ] GC(1343) Pause Young (Normal) (G1 Evacuation Pause) 367M->318M(1024M) 32.807ms
[2022-04-23T01:12:00.153+0800][gc,cpu       ] GC(1343) User=0.05s Sys=0.02s Real=0.03s
[2022-04-23T01:12:16.130+0800][gc,start     ] GC(1344) Pause Young (Normal) (G1 Evacuation Pause)
[2022-04-23T01:12:16.131+0800][gc,task      ] GC(1344) Using 8 workers of 8 for evacuation
[2022-04-23T01:12:16.155+0800][gc,mmu       ] GC(1344) MMU target violated: 21.0ms (20.0ms/21.0ms)
[2022-04-23T01:12:16.155+0800][gc,phases    ] GC(1344)   Pre Evacuate Collection Set: 0.3ms
[2022-04-23T01:12:16.155+0800][gc,phases    ] GC(1344)   Evacuate Collection Set: 22.9ms
[2022-04-23T01:12:16.155+0800][gc,phases    ] GC(1344)   Post Evacuate Collection Set: 0.5ms
[2022-04-23T01:12:16.155+0800][gc,phases    ] GC(1344)   Other: 1.9ms
[2022-04-23T01:12:16.155+0800][gc,heap      ] GC(1344) Eden regions: 48->0(47)
[2022-04-23T01:12:16.155+0800][gc,heap      ] GC(1344) Survivor regions: 5->4(7)
[2022-04-23T01:12:16.155+0800][gc,heap      ] GC(1344) Old regions: 185->186
[2022-04-23T01:12:16.155+0800][gc,heap      ] GC(1344) Archive regions: 2->2
[2022-04-23T01:12:16.155+0800][gc,heap      ] GC(1344) Humongous regions: 129->129
[2022-04-23T01:12:16.155+0800][gc,metaspace ] GC(1344) Metaspace: 43869K->43869K(1089536K)
[2022-04-23T01:12:16.155+0800][gc           ] GC(1344) Pause Young (Normal) (G1 Evacuation Pause) 366M->319M(1024M) 25.657ms
[2022-04-23T01:12:16.155+0800][gc,cpu       ] GC(1344) User=0.05s Sys=0.01s Real=0.02s
[2022-04-23T01:12:31.759+0800][gc,start     ] GC(1345) Pause Young (Normal) (G1 Evacuation Pause)
[2022-04-23T01:12:31.760+0800][gc,task      ] GC(1345) Using 8 workers of 8 for evacuation
[2022-04-23T01:12:31.782+0800][gc,mmu       ] GC(1345) MMU target violated: 21.0ms (20.0ms/21.0ms)
[2022-04-23T01:12:31.782+0800][gc,phases    ] GC(1345)   Pre Evacuate Collection Set: 0.4ms
[2022-04-23T01:12:31.782+0800][gc,phases    ] GC(1345)   Evacuate Collection Set: 21.3ms
[2022-04-23T01:12:31.782+0800][gc,phases    ] GC(1345)   Post Evacuate Collection Set: 0.4ms
[2022-04-23T01:12:31.783+0800][gc,phases    ] GC(1345)   Other: 1.9ms
[2022-04-23T01:12:31.783+0800][gc,heap      ] GC(1345) Eden regions: 47->0(47)
[2022-04-23T01:12:31.783+0800][gc,heap      ] GC(1345) Survivor regions: 4->4(7)
[2022-04-23T01:12:31.783+0800][gc,heap      ] GC(1345) Old regions: 186->186
[2022-04-23T01:12:31.783+0800][gc,heap      ] GC(1345) Archive regions: 2->2
[2022-04-23T01:12:31.783+0800][gc,heap      ] GC(1345) Humongous regions: 129->129
[2022-04-23T01:12:31.783+0800][gc,metaspace ] GC(1345) Metaspace: 43869K->43869K(1089536K)
[2022-04-23T01:12:31.783+0800][gc           ] GC(1345) Pause Young (Normal) (G1 Evacuation Pause) 366M->319M(1024M) 24.043ms
[2022-04-23T01:12:31.783+0800][gc,cpu       ] GC(1345) User=0.04s Sys=0.01s Real=0.03s
[2022-04-23T01:12:47.578+0800][gc,start     ] GC(1346) Pause Young (Normal) (G1 Evacuation Pause)
[2022-04-23T01:12:47.579+0800][gc,task      ] GC(1346) Using 8 workers of 8 for evacuation
[2022-04-23T01:12:47.594+0800][gc,phases    ] GC(1346)   Pre Evacuate Collection Set: 0.3ms
[2022-04-23T01:12:47.594+0800][gc,phases    ] GC(1346)   Evacuate Collection Set: 13.6ms
[2022-04-23T01:12:47.594+0800][gc,phases    ] GC(1346)   Post Evacuate Collection Set: 0.4ms
[2022-04-23T01:12:47.594+0800][gc,phases    ] GC(1346)   Other: 1.1ms
[2022-04-23T01:12:47.594+0800][gc,heap      ] GC(1346) Eden regions: 47->0(48)
[2022-04-23T01:12:47.594+0800][gc,heap      ] GC(1346) Survivor regions: 4->6(7)
[2022-04-23T01:12:47.594+0800][gc,heap      ] GC(1346) Old regions: 186->186
[2022-04-23T01:12:47.594+0800][gc,heap      ] GC(1346) Archive regions: 2->2
[2022-04-23T01:12:47.594+0800][gc,heap      ] GC(1346) Humongous regions: 129->129
[2022-04-23T01:12:47.594+0800][gc,metaspace ] GC(1346) Metaspace: 43869K->43869K(1089536K)
[2022-04-23T01:12:47.594+0800][gc           ] GC(1346) Pause Young (Normal) (G1 Evacuation Pause) 366M->321M(1024M) 15.652ms
[2022-04-23T01:12:47.594+0800][gc,cpu       ] GC(1346) User=0.05s Sys=0.00s Real=0.02s
[2022-04-23T01:13:03.452+0800][gc,start     ] GC(1347) Pause Young (Normal) (G1 Evacuation Pause)
[2022-04-23T01:13:03.454+0800][gc,task      ] GC(1347) Using 8 workers of 8 for evacuation
[2022-04-23T01:13:03.495+0800][gc,mmu       ] GC(1347) MMU target violated: 21.0ms (20.0ms/21.0ms)
[2022-04-23T01:13:03.495+0800][gc,phases    ] GC(1347)   Pre Evacuate Collection Set: 0.3ms
[2022-04-23T01:13:03.495+0800][gc,phases    ] GC(1347)   Evacuate Collection Set: 33.9ms
[2022-04-23T01:13:03.495+0800][gc,phases    ] GC(1347)   Post Evacuate Collection Set: 6.0ms
[2022-04-23T01:13:03.496+0800][gc,phases    ] GC(1347)   Other: 2.9ms
[2022-04-23T01:13:03.496+0800][gc,heap      ] GC(1347) Eden regions: 48->0(47)
[2022-04-23T01:13:03.496+0800][gc,heap      ] GC(1347) Survivor regions: 6->4(7)
[2022-04-23T01:13:03.496+0800][gc,heap      ] GC(1347) Old regions: 186->188
[2022-04-23T01:13:03.496+0800][gc,heap      ] GC(1347) Archive regions: 2->2
[2022-04-23T01:13:03.496+0800][gc,heap      ] GC(1347) Humongous regions: 129->129
[2022-04-23T01:13:03.496+0800][gc,metaspace ] GC(1347) Metaspace: 43869K->43869K(1089536K)
[2022-04-23T01:13:03.496+0800][gc           ] GC(1347) Pause Young (Normal) (G1 Evacuation Pause) 369M->321M(1024M) 43.088ms
[2022-04-23T01:13:03.496+0800][gc,cpu       ] GC(1347) User=0.04s Sys=0.03s Real=0.04s
[2022-04-23T01:13:19.062+0800][gc,start     ] GC(1348) Pause Young (Normal) (G1 Evacuation Pause)
[2022-04-23T01:13:19.062+0800][gc,task      ] GC(1348) Using 8 workers of 8 for evacuation
[2022-04-23T01:13:19.080+0800][gc,phases    ] GC(1348)   Pre Evacuate Collection Set: 0.2ms
[2022-04-23T01:13:19.080+0800][gc,phases    ] GC(1348)   Evacuate Collection Set: 15.0ms
[2022-04-23T01:13:19.080+0800][gc,phases    ] GC(1348)   Post Evacuate Collection Set: 1.2ms
[2022-04-23T01:13:19.080+0800][gc,phases    ] GC(1348)   Other: 1.8ms
[2022-04-23T01:13:19.080+0800][gc,heap      ] GC(1348) Eden regions: 47->0(47)
[2022-04-23T01:13:19.080+0800][gc,heap      ] GC(1348) Survivor regions: 4->4(7)
[2022-04-23T01:13:19.080+0800][gc,heap      ] GC(1348) Old regions: 188->189
[2022-04-23T01:13:19.080+0800][gc,heap      ] GC(1348) Archive regions: 2->2
[2022-04-23T01:13:19.080+0800][gc,heap      ] GC(1348) Humongous regions: 129->129
[2022-04-23T01:13:19.080+0800][gc,metaspace ] GC(1348) Metaspace: 43869K->43869K(1089536K)
[2022-04-23T01:13:19.080+0800][gc           ] GC(1348) Pause Young (Normal) (G1 Evacuation Pause) 368M->321M(1024M) 18.413ms
[2022-04-23T01:13:19.080+0800][gc,cpu       ] GC(1348) User=0.05s Sys=0.01s Real=0.02s
[2022-04-23T01:13:34.830+0800][gc,start     ] GC(1349) Pause Young (Normal) (G1 Evacuation Pause)
[2022-04-23T01:13:34.831+0800][gc,task      ] GC(1349) Using 8 workers of 8 for evacuation
[2022-04-23T01:13:34.846+0800][gc,phases    ] GC(1349)   Pre Evacuate Collection Set: 0.4ms
[2022-04-23T01:13:34.846+0800][gc,phases    ] GC(1349)   Evacuate Collection Set: 13.2ms
[2022-04-23T01:13:34.846+0800][gc,phases    ] GC(1349)   Post Evacuate Collection Set: 0.7ms
[2022-04-23T01:13:34.846+0800][gc,phases    ] GC(1349)   Other: 2.0ms
[2022-04-23T01:13:34.846+0800][gc,heap      ] GC(1349) Eden regions: 47->0(48)
[2022-04-23T01:13:34.846+0800][gc,heap      ] GC(1349) Survivor regions: 4->4(7)
[2022-04-23T01:13:34.846+0800][gc,heap      ] GC(1349) Old regions: 189->189
[2022-04-23T01:13:34.846+0800][gc,heap      ] GC(1349) Archive regions: 2->2
[2022-04-23T01:13:34.846+0800][gc,heap      ] GC(1349) Humongous regions: 129->129
[2022-04-23T01:13:34.846+0800][gc,metaspace ] GC(1349) Metaspace: 43869K->43869K(1089536K)
[2022-04-23T01:13:34.846+0800][gc           ] GC(1349) Pause Young (Normal) (G1 Evacuation Pause) 368M->322M(1024M) 16.559ms
[2022-04-23T01:13:34.847+0800][gc,cpu       ] GC(1349) User=0.05s Sys=0.01s Real=0.01s
[2022-04-23T01:13:50.796+0800][gc,start     ] GC(1350) Pause Young (Normal) (G1 Evacuation Pause)
[2022-04-23T01:13:50.798+0800][gc,task      ] GC(1350) Using 8 workers of 8 for evacuation
[2022-04-23T01:13:50.815+0800][gc,phases    ] GC(1350)   Pre Evacuate Collection Set: 0.4ms
[2022-04-23T01:13:50.815+0800][gc,phases    ] GC(1350)   Evacuate Collection Set: 15.5ms
[2022-04-23T01:13:50.815+0800][gc,phases    ] GC(1350)   Post Evacuate Collection Set: 0.8ms
[2022-04-23T01:13:50.815+0800][gc,phases    ] GC(1350)   Other: 2.1ms
[2022-04-23T01:13:50.815+0800][gc,heap      ] GC(1350) Eden regions: 48->0(48)
[2022-04-23T01:13:50.815+0800][gc,heap      ] GC(1350) Survivor regions: 4->4(7)
[2022-04-23T01:13:50.815+0800][gc,heap      ] GC(1350) Old regions: 189->189
[2022-04-23T01:13:50.815+0800][gc,heap      ] GC(1350) Archive regions: 2->2
[2022-04-23T01:13:50.815+0800][gc,heap      ] GC(1350) Humongous regions: 129->129
[2022-04-23T01:13:50.815+0800][gc,metaspace ] GC(1350) Metaspace: 43869K->43869K(1089536K)
[2022-04-23T01:13:50.816+0800][gc           ] GC(1350) Pause Young (Normal) (G1 Evacuation Pause) 370M->322M(1024M) 19.157ms
[2022-04-23T01:13:50.816+0800][gc,cpu       ] GC(1350) User=0.05s Sys=0.02s Real=0.02s
[2022-04-23T01:14:06.754+0800][gc,start     ] GC(1351) Pause Young (Normal) (G1 Evacuation Pause)
[2022-04-23T01:14:06.755+0800][gc,task      ] GC(1351) Using 8 workers of 8 for evacuation
[2022-04-23T01:14:06.767+0800][gc,phases    ] GC(1351)   Pre Evacuate Collection Set: 0.3ms
[2022-04-23T01:14:06.767+0800][gc,phases    ] GC(1351)   Evacuate Collection Set: 10.5ms
[2022-04-23T01:14:06.767+0800][gc,phases    ] GC(1351)   Post Evacuate Collection Set: 0.5ms
[2022-04-23T01:14:06.767+0800][gc,phases    ] GC(1351)   Other: 1.7ms
[2022-04-23T01:14:06.767+0800][gc,heap      ] GC(1351) Eden regions: 48->0(52)
[2022-04-23T01:14:06.767+0800][gc,heap      ] GC(1351) Survivor regions: 4->5(7)
[2022-04-23T01:14:06.767+0800][gc,heap      ] GC(1351) Old regions: 189->189
[2022-04-23T01:14:06.767+0800][gc,heap      ] GC(1351) Archive regions: 2->2
[2022-04-23T01:14:06.767+0800][gc,heap      ] GC(1351) Humongous regions: 129->129
[2022-04-23T01:14:06.767+0800][gc,metaspace ] GC(1351) Metaspace: 43869K->43869K(1089536K)
[2022-04-23T01:14:06.767+0800][gc           ] GC(1351) Pause Young (Normal) (G1 Evacuation Pause) 370M->322M(1024M) 13.162ms
[2022-04-23T01:14:06.767+0800][gc,cpu       ] GC(1351) User=0.04s Sys=0.01s Real=0.01s
[2022-04-23T01:14:24.088+0800][gc,start     ] GC(1352) Pause Young (Normal) (G1 Evacuation Pause)
[2022-04-23T01:14:24.088+0800][gc,task      ] GC(1352) Using 8 workers of 8 for evacuation
[2022-04-23T01:14:24.110+0800][gc,mmu       ] GC(1352) MMU target violated: 21.0ms (20.0ms/21.0ms)
[2022-04-23T01:14:24.110+0800][gc,phases    ] GC(1352)   Pre Evacuate Collection Set: 0.3ms
[2022-04-23T01:14:24.110+0800][gc,phases    ] GC(1352)   Evacuate Collection Set: 19.2ms
[2022-04-23T01:14:24.110+0800][gc,phases    ] GC(1352)   Post Evacuate Collection Set: 0.8ms
[2022-04-23T01:14:24.110+0800][gc,phases    ] GC(1352)   Other: 1.8ms
[2022-04-23T01:14:24.110+0800][gc,heap      ] GC(1352) Eden regions: 52->0(49)
[2022-04-23T01:14:24.110+0800][gc,heap      ] GC(1352) Survivor regions: 5->5(8)
[2022-04-23T01:14:24.110+0800][gc,heap      ] GC(1352) Old regions: 189->189
[2022-04-23T01:14:24.110+0800][gc,heap      ] GC(1352) Archive regions: 2->2
[2022-04-23T01:14:24.110+0800][gc,heap      ] GC(1352) Humongous regions: 129->129
[2022-04-23T01:14:24.110+0800][gc,metaspace ] GC(1352) Metaspace: 43869K->43869K(1089536K)
[2022-04-23T01:14:24.110+0800][gc           ] GC(1352) Pause Young (Normal) (G1 Evacuation Pause) 374M->323M(1024M) 22.505ms
[2022-04-23T01:14:24.110+0800][gc,cpu       ] GC(1352) User=0.05s Sys=0.02s Real=0.03s
[2022-04-23T01:14:39.775+0800][gc,start     ] GC(1353) Pause Young (Normal) (G1 Evacuation Pause)
[2022-04-23T01:14:39.776+0800][gc,task      ] GC(1353) Using 8 workers of 8 for evacuation
[2022-04-23T01:14:39.806+0800][gc,mmu       ] GC(1353) MMU target violated: 21.0ms (20.0ms/21.0ms)
[2022-04-23T01:14:39.806+0800][gc,phases    ] GC(1353)   Pre Evacuate Collection Set: 0.1ms
[2022-04-23T01:14:39.806+0800][gc,phases    ] GC(1353)   Evacuate Collection Set: 29.0ms
[2022-04-23T01:14:39.806+0800][gc,phases    ] GC(1353)   Post Evacuate Collection Set: 1.1ms
[2022-04-23T01:14:39.806+0800][gc,phases    ] GC(1353)   Other: 0.9ms
[2022-04-23T01:14:39.806+0800][gc,heap      ] GC(1353) Eden regions: 47->0(47)
[2022-04-23T01:14:39.806+0800][gc,heap      ] GC(1353) Survivor regions: 5->4(7)
[2022-04-23T01:14:39.806+0800][gc,heap      ] GC(1353) Old regions: 189->191
[2022-04-23T01:14:39.806+0800][gc,heap      ] GC(1353) Archive regions: 2->2
[2022-04-23T01:14:39.806+0800][gc,heap      ] GC(1353) Humongous regions: 129->129
[2022-04-23T01:14:39.806+0800][gc,metaspace ] GC(1353) Metaspace: 43869K->43869K(1089536K)
[2022-04-23T01:14:39.807+0800][gc           ] GC(1353) Pause Young (Normal) (G1 Evacuation Pause) 370M->323M(1024M) 31.351ms
[2022-04-23T01:14:39.807+0800][gc,cpu       ] GC(1353) User=0.04s Sys=0.03s Real=0.03s
[2022-04-23T01:14:55.348+0800][gc,start     ] GC(1354) Pause Young (Normal) (G1 Evacuation Pause)
[2022-04-23T01:14:55.349+0800][gc,task      ] GC(1354) Using 8 workers of 8 for evacuation
[2022-04-23T01:14:55.371+0800][gc,mmu       ] GC(1354) MMU target violated: 21.0ms (20.0ms/21.0ms)
[2022-04-23T01:14:55.371+0800][gc,phases    ] GC(1354)   Pre Evacuate Collection Set: 0.2ms
[2022-04-23T01:14:55.371+0800][gc,phases    ] GC(1354)   Evacuate Collection Set: 20.2ms
[2022-04-23T01:14:55.371+0800][gc,phases    ] GC(1354)   Post Evacuate Collection Set: 1.0ms
[2022-04-23T01:14:55.371+0800][gc,phases    ] GC(1354)   Other: 1.4ms
[2022-04-23T01:14:55.371+0800][gc,heap      ] GC(1354) Eden regions: 47->0(47)
[2022-04-23T01:14:55.371+0800][gc,heap      ] GC(1354) Survivor regions: 4->4(7)
[2022-04-23T01:14:55.371+0800][gc,heap      ] GC(1354) Old regions: 191->191
[2022-04-23T01:14:55.371+0800][gc,heap      ] GC(1354) Archive regions: 2->2
[2022-04-23T01:14:55.371+0800][gc,heap      ] GC(1354) Humongous regions: 129->129
[2022-04-23T01:14:55.371+0800][gc,metaspace ] GC(1354) Metaspace: 43869K->43869K(1089536K)
[2022-04-23T01:14:55.371+0800][gc           ] GC(1354) Pause Young (Normal) (G1 Evacuation Pause) 370M->324M(1024M) 22.836ms
[2022-04-23T01:14:55.371+0800][gc,cpu       ] GC(1354) User=0.03s Sys=0.02s Real=0.03s
[2022-04-23T01:15:10.835+0800][gc,start     ] GC(1355) Pause Young (Normal) (G1 Evacuation Pause)
[2022-04-23T01:15:10.835+0800][gc,task      ] GC(1355) Using 8 workers of 8 for evacuation
[2022-04-23T01:15:10.853+0800][gc,phases    ] GC(1355)   Pre Evacuate Collection Set: 0.2ms
[2022-04-23T01:15:10.853+0800][gc,phases    ] GC(1355)   Evacuate Collection Set: 16.2ms
[2022-04-23T01:15:10.853+0800][gc,phases    ] GC(1355)   Post Evacuate Collection Set: 0.4ms
[2022-04-23T01:15:10.853+0800][gc,phases    ] GC(1355)   Other: 0.9ms
[2022-04-23T01:15:10.853+0800][gc,heap      ] GC(1355) Eden regions: 47->0(49)
[2022-04-23T01:15:10.853+0800][gc,heap      ] GC(1355) Survivor regions: 4->4(7)
[2022-04-23T01:15:10.853+0800][gc,heap      ] GC(1355) Old regions: 191->191
[2022-04-23T01:15:10.853+0800][gc,heap      ] GC(1355) Archive regions: 2->2
[2022-04-23T01:15:10.853+0800][gc,heap      ] GC(1355) Humongous regions: 129->129
[2022-04-23T01:15:10.853+0800][gc,metaspace ] GC(1355) Metaspace: 43869K->43869K(1089536K)
[2022-04-23T01:15:10.853+0800][gc           ] GC(1355) Pause Young (Normal) (G1 Evacuation Pause) 371M->324M(1024M) 17.849ms
[2022-04-23T01:15:10.853+0800][gc,cpu       ] GC(1355) User=0.05s Sys=0.00s Real=0.02s
[2022-04-23T01:15:27.186+0800][gc,start     ] GC(1356) Pause Young (Normal) (G1 Evacuation Pause)
[2022-04-23T01:15:27.186+0800][gc,task      ] GC(1356) Using 8 workers of 8 for evacuation
[2022-04-23T01:15:27.198+0800][gc,phases    ] GC(1356)   Pre Evacuate Collection Set: 0.1ms
[2022-04-23T01:15:27.198+0800][gc,phases    ] GC(1356)   Evacuate Collection Set: 11.1ms
[2022-04-23T01:15:27.198+0800][gc,phases    ] GC(1356)   Post Evacuate Collection Set: 0.4ms
[2022-04-23T01:15:27.198+0800][gc,phases    ] GC(1356)   Other: 1.1ms
[2022-04-23T01:15:27.198+0800][gc,heap      ] GC(1356) Eden regions: 49->0(51)
[2022-04-23T01:15:27.198+0800][gc,heap      ] GC(1356) Survivor regions: 4->4(7)
[2022-04-23T01:15:27.198+0800][gc,heap      ] GC(1356) Old regions: 191->191
[2022-04-23T01:15:27.199+0800][gc,heap      ] GC(1356) Archive regions: 2->2
[2022-04-23T01:15:27.199+0800][gc,heap      ] GC(1356) Humongous regions: 129->129
[2022-04-23T01:15:27.199+0800][gc,metaspace ] GC(1356) Metaspace: 43869K->43869K(1089536K)
[2022-04-23T01:15:27.199+0800][gc           ] GC(1356) Pause Young (Normal) (G1 Evacuation Pause) 373M->324M(1024M) 13.017ms
[2022-04-23T01:15:27.199+0800][gc,cpu       ] GC(1356) User=0.03s Sys=0.01s Real=0.01s
[2022-04-23T01:15:44.086+0800][gc,start     ] GC(1357) Pause Young (Normal) (G1 Evacuation Pause)
[2022-04-23T01:15:44.088+0800][gc,task      ] GC(1357) Using 8 workers of 8 for evacuation
[2022-04-23T01:15:44.111+0800][gc,mmu       ] GC(1357) MMU target violated: 21.0ms (20.0ms/21.0ms)
[2022-04-23T01:15:44.111+0800][gc,phases    ] GC(1357)   Pre Evacuate Collection Set: 0.4ms
[2022-04-23T01:15:44.111+0800][gc,phases    ] GC(1357)   Evacuate Collection Set: 20.5ms
[2022-04-23T01:15:44.111+0800][gc,phases    ] GC(1357)   Post Evacuate Collection Set: 1.4ms
[2022-04-23T01:15:44.111+0800][gc,phases    ] GC(1357)   Other: 2.2ms
[2022-04-23T01:15:44.111+0800][gc,heap      ] GC(1357) Eden regions: 51->0(51)
[2022-04-23T01:15:44.111+0800][gc,heap      ] GC(1357) Survivor regions: 4->5(7)
[2022-04-23T01:15:44.111+0800][gc,heap      ] GC(1357) Old regions: 191->192
[2022-04-23T01:15:44.111+0800][gc,heap      ] GC(1357) Archive regions: 2->2
[2022-04-23T01:15:44.111+0800][gc,heap      ] GC(1357) Humongous regions: 129->129
[2022-04-23T01:15:44.111+0800][gc,metaspace ] GC(1357) Metaspace: 43869K->43869K(1089536K)
[2022-04-23T01:15:44.111+0800][gc           ] GC(1357) Pause Young (Normal) (G1 Evacuation Pause) 375M->325M(1024M) 24.733ms
[2022-04-23T01:15:44.111+0800][gc,cpu       ] GC(1357) User=0.05s Sys=0.02s Real=0.03s
[2022-04-23T01:16:00.076+0800][gc,start     ] GC(1358) Pause Young (Normal) (G1 Evacuation Pause)
[2022-04-23T01:16:00.078+0800][gc,task      ] GC(1358) Using 8 workers of 8 for evacuation
[2022-04-23T01:16:00.103+0800][gc,mmu       ] GC(1358) MMU target violated: 21.0ms (20.0ms/21.0ms)
[2022-04-23T01:16:00.103+0800][gc,phases    ] GC(1358)   Pre Evacuate Collection Set: 0.4ms
[2022-04-23T01:16:00.103+0800][gc,phases    ] GC(1358)   Evacuate Collection Set: 22.8ms
[2022-04-23T01:16:00.103+0800][gc,phases    ] GC(1358)   Post Evacuate Collection Set: 0.7ms
[2022-04-23T01:16:00.103+0800][gc,phases    ] GC(1358)   Other: 3.4ms
[2022-04-23T01:16:00.103+0800][gc,heap      ] GC(1358) Eden regions: 49->0(47)
[2022-04-23T01:16:00.103+0800][gc,heap      ] GC(1358) Survivor regions: 5->4(7)
[2022-04-23T01:16:00.103+0800][gc,heap      ] GC(1358) Old regions: 192->193
[2022-04-23T01:16:00.103+0800][gc,heap      ] GC(1358) Archive regions: 2->2
[2022-04-23T01:16:00.103+0800][gc,heap      ] GC(1358) Humongous regions: 129->129
[2022-04-23T01:16:00.103+0800][gc,metaspace ] GC(1358) Metaspace: 43869K->43869K(1089536K)
[2022-04-23T01:16:00.103+0800][gc           ] GC(1358) Pause Young (Normal) (G1 Evacuation Pause) 374M->326M(1024M) 27.259ms
[2022-04-23T01:16:00.103+0800][gc,cpu       ] GC(1358) User=0.03s Sys=0.04s Real=0.03s
[2022-04-23T01:16:15.653+0800][gc,start     ] GC(1359) Pause Young (Normal) (G1 Evacuation Pause)
[2022-04-23T01:16:15.654+0800][gc,task      ] GC(1359) Using 8 workers of 8 for evacuation
[2022-04-23T01:16:15.674+0800][gc,mmu       ] GC(1359) MMU target violated: 20.1ms (20.0ms/21.0ms)
[2022-04-23T01:16:15.682+0800][gc,phases    ] GC(1359)   Pre Evacuate Collection Set: 0.2ms
[2022-04-23T01:16:15.683+0800][gc,phases    ] GC(1359)   Evacuate Collection Set: 19.1ms
[2022-04-23T01:16:15.683+0800][gc,phases    ] GC(1359)   Post Evacuate Collection Set: 0.6ms
[2022-04-23T01:16:15.683+0800][gc,phases    ] GC(1359)   Other: 9.8ms
[2022-04-23T01:16:15.683+0800][gc,heap      ] GC(1359) Eden regions: 47->0(48)
[2022-04-23T01:16:15.683+0800][gc,heap      ] GC(1359) Survivor regions: 4->4(7)
[2022-04-23T01:16:15.683+0800][gc,heap      ] GC(1359) Old regions: 193->193
[2022-04-23T01:16:15.683+0800][gc,heap      ] GC(1359) Archive regions: 2->2
[2022-04-23T01:16:15.683+0800][gc,heap      ] GC(1359) Humongous regions: 129->129
[2022-04-23T01:16:15.683+0800][gc,metaspace ] GC(1359) Metaspace: 43869K->43869K(1089536K)
[2022-04-23T01:16:15.683+0800][gc           ] GC(1359) Pause Young (Normal) (G1 Evacuation Pause) 373M->326M(1024M) 30.298ms
[2022-04-23T01:16:15.683+0800][gc,cpu       ] GC(1359) User=0.03s Sys=0.01s Real=0.03s
[2022-04-23T01:16:31.183+0800][gc,start     ] GC(1360) Pause Young (Normal) (G1 Evacuation Pause)
[2022-04-23T01:16:31.184+0800][gc,task      ] GC(1360) Using 8 workers of 8 for evacuation
[2022-04-23T01:16:31.203+0800][gc,phases    ] GC(1360)   Pre Evacuate Collection Set: 0.3ms
[2022-04-23T01:16:31.203+0800][gc,phases    ] GC(1360)   Evacuate Collection Set: 16.5ms
[2022-04-23T01:16:31.203+0800][gc,phases    ] GC(1360)   Post Evacuate Collection Set: 1.3ms
[2022-04-23T01:16:31.204+0800][gc,phases    ] GC(1360)   Other: 2.9ms
[2022-04-23T01:16:31.204+0800][gc,heap      ] GC(1360) Eden regions: 47->0(47)
[2022-04-23T01:16:31.204+0800][gc,heap      ] GC(1360) Survivor regions: 4->4(7)
[2022-04-23T01:16:31.204+0800][gc,heap      ] GC(1360) Old regions: 193->193
[2022-04-23T01:16:31.204+0800][gc,heap      ] GC(1360) Archive regions: 2->2
[2022-04-23T01:16:31.204+0800][gc,heap      ] GC(1360) Humongous regions: 129->129
[2022-04-23T01:16:31.204+0800][gc,metaspace ] GC(1360) Metaspace: 43869K->43869K(1089536K)
[2022-04-23T01:16:31.204+0800][gc           ] GC(1360) Pause Young (Normal) (G1 Evacuation Pause) 373M->326M(1024M) 20.545ms
[2022-04-23T01:16:31.204+0800][gc,cpu       ] GC(1360) User=0.04s Sys=0.03s Real=0.02s
[2022-04-23T01:16:48.445+0800][gc,start     ] GC(1361) Pause Young (Normal) (G1 Evacuation Pause)
[2022-04-23T01:16:48.446+0800][gc,task      ] GC(1361) Using 8 workers of 8 for evacuation
[2022-04-23T01:16:48.467+0800][gc,mmu       ] GC(1361) MMU target violated: 21.0ms (20.0ms/21.0ms)
[2022-04-23T01:16:48.467+0800][gc,phases    ] GC(1361)   Pre Evacuate Collection Set: 0.3ms
[2022-04-23T01:16:48.467+0800][gc,phases    ] GC(1361)   Evacuate Collection Set: 18.7ms
[2022-04-23T01:16:48.467+0800][gc,phases    ] GC(1361)   Post Evacuate Collection Set: 1.6ms
[2022-04-23T01:16:48.467+0800][gc,phases    ] GC(1361)   Other: 1.7ms
[2022-04-23T01:16:48.467+0800][gc,heap      ] GC(1361) Eden regions: 47->0(47)
[2022-04-23T01:16:48.467+0800][gc,heap      ] GC(1361) Survivor regions: 4->4(7)
[2022-04-23T01:16:48.467+0800][gc,heap      ] GC(1361) Old regions: 193->193
[2022-04-23T01:16:48.467+0800][gc,heap      ] GC(1361) Archive regions: 2->2
[2022-04-23T01:16:48.467+0800][gc,heap      ] GC(1361) Humongous regions: 129->129
[2022-04-23T01:16:48.467+0800][gc,metaspace ] GC(1361) Metaspace: 43869K->43869K(1089536K)
[2022-04-23T01:16:48.467+0800][gc           ] GC(1361) Pause Young (Normal) (G1 Evacuation Pause) 373M->326M(1024M) 22.268ms
[2022-04-23T01:16:48.467+0800][gc,cpu       ] GC(1361) User=0.04s Sys=0.03s Real=0.02s
[2022-04-23T01:17:04.105+0800][gc,start     ] GC(1362) Pause Young (Normal) (G1 Evacuation Pause)
[2022-04-23T01:17:04.106+0800][gc,task      ] GC(1362) Using 8 workers of 8 for evacuation
[2022-04-23T01:17:04.128+0800][gc,mmu       ] GC(1362) MMU target violated: 21.0ms (20.0ms/21.0ms)
[2022-04-23T01:17:04.128+0800][gc,phases    ] GC(1362)   Pre Evacuate Collection Set: 0.4ms
[2022-04-23T01:17:04.128+0800][gc,phases    ] GC(1362)   Evacuate Collection Set: 20.9ms
[2022-04-23T01:17:04.128+0800][gc,phases    ] GC(1362)   Post Evacuate Collection Set: 0.6ms
[2022-04-23T01:17:04.129+0800][gc,phases    ] GC(1362)   Other: 2.1ms
[2022-04-23T01:17:04.129+0800][gc,heap      ] GC(1362) Eden regions: 47->0(47)
[2022-04-23T01:17:04.129+0800][gc,heap      ] GC(1362) Survivor regions: 4->4(7)
[2022-04-23T01:17:04.129+0800][gc,heap      ] GC(1362) Old regions: 193->194
[2022-04-23T01:17:04.129+0800][gc,heap      ] GC(1362) Archive regions: 2->2
[2022-04-23T01:17:04.129+0800][gc,heap      ] GC(1362) Humongous regions: 129->129
[2022-04-23T01:17:04.129+0800][gc,metaspace ] GC(1362) Metaspace: 43869K->43869K(1089536K)
[2022-04-23T01:17:04.129+0800][gc           ] GC(1362) Pause Young (Normal) (G1 Evacuation Pause) 373M->326M(1024M) 24.130ms
[2022-04-23T01:17:04.129+0800][gc,cpu       ] GC(1362) User=0.05s Sys=0.01s Real=0.02s
[2022-04-23T01:17:19.746+0800][gc,start     ] GC(1363) Pause Young (Normal) (G1 Evacuation Pause)
[2022-04-23T01:17:19.746+0800][gc,task      ] GC(1363) Using 8 workers of 8 for evacuation
[2022-04-23T01:17:19.776+0800][gc,mmu       ] GC(1363) MMU target violated: 21.0ms (20.0ms/21.0ms)
[2022-04-23T01:17:19.776+0800][gc,phases    ] GC(1363)   Pre Evacuate Collection Set: 0.2ms
[2022-04-23T01:17:19.776+0800][gc,phases    ] GC(1363)   Evacuate Collection Set: 23.8ms
[2022-04-23T01:17:19.776+0800][gc,phases    ] GC(1363)   Post Evacuate Collection Set: 5.0ms
[2022-04-23T01:17:19.776+0800][gc,phases    ] GC(1363)   Other: 2.0ms
[2022-04-23T01:17:19.776+0800][gc,heap      ] GC(1363) Eden regions: 47->0(47)
[2022-04-23T01:17:19.776+0800][gc,heap      ] GC(1363) Survivor regions: 4->4(7)
[2022-04-23T01:17:19.777+0800][gc,heap      ] GC(1363) Old regions: 194->194
[2022-04-23T01:17:19.777+0800][gc,heap      ] GC(1363) Archive regions: 2->2
[2022-04-23T01:17:19.777+0800][gc,heap      ] GC(1363) Humongous regions: 129->129
[2022-04-23T01:17:19.777+0800][gc,metaspace ] GC(1363) Metaspace: 43869K->43869K(1089536K)
[2022-04-23T01:17:19.777+0800][gc           ] GC(1363) Pause Young (Normal) (G1 Evacuation Pause) 373M->326M(1024M) 31.019ms
[2022-04-23T01:17:19.777+0800][gc,cpu       ] GC(1363) User=0.04s Sys=0.03s Real=0.03s
[2022-04-23T01:17:35.680+0800][gc,start     ] GC(1364) Pause Young (Normal) (G1 Evacuation Pause)
[2022-04-23T01:17:35.680+0800][gc,task      ] GC(1364) Using 8 workers of 8 for evacuation
[2022-04-23T01:17:35.697+0800][gc,phases    ] GC(1364)   Pre Evacuate Collection Set: 0.2ms
[2022-04-23T01:17:35.697+0800][gc,phases    ] GC(1364)   Evacuate Collection Set: 15.9ms
[2022-04-23T01:17:35.697+0800][gc,phases    ] GC(1364)   Post Evacuate Collection Set: 0.3ms
[2022-04-23T01:17:35.697+0800][gc,phases    ] GC(1364)   Other: 1.3ms
[2022-04-23T01:17:35.697+0800][gc,heap      ] GC(1364) Eden regions: 47->0(46)
[2022-04-23T01:17:35.697+0800][gc,heap      ] GC(1364) Survivor regions: 4->6(7)
[2022-04-23T01:17:35.697+0800][gc,heap      ] GC(1364) Old regions: 194->194
[2022-04-23T01:17:35.697+0800][gc,heap      ] GC(1364) Archive regions: 2->2
[2022-04-23T01:17:35.698+0800][gc,heap      ] GC(1364) Humongous regions: 129->129
[2022-04-23T01:17:35.698+0800][gc,metaspace ] GC(1364) Metaspace: 43869K->43869K(1089536K)
[2022-04-23T01:17:35.698+0800][gc           ] GC(1364) Pause Young (Normal) (G1 Evacuation Pause) 373M->328M(1024M) 17.884ms
[2022-04-23T01:17:35.698+0800][gc,cpu       ] GC(1364) User=0.05s Sys=0.01s Real=0.01s
[2022-04-23T01:17:53.749+0800][gc,start     ] GC(1365) Pause Young (Normal) (G1 Evacuation Pause)
[2022-04-23T01:17:53.750+0800][gc,task      ] GC(1365) Using 8 workers of 8 for evacuation
[2022-04-23T01:17:53.806+0800][gc,mmu       ] GC(1365) MMU target violated: 21.0ms (20.0ms/21.0ms)
[2022-04-23T01:17:53.806+0800][gc,phases    ] GC(1365)   Pre Evacuate Collection Set: 0.3ms
[2022-04-23T01:17:53.806+0800][gc,phases    ] GC(1365)   Evacuate Collection Set: 54.3ms
[2022-04-23T01:17:53.806+0800][gc,phases    ] GC(1365)   Post Evacuate Collection Set: 0.6ms
[2022-04-23T01:17:53.806+0800][gc,phases    ] GC(1365)   Other: 1.4ms
[2022-04-23T01:17:53.806+0800][gc,heap      ] GC(1365) Eden regions: 45->0(47)
[2022-04-23T01:17:53.806+0800][gc,heap      ] GC(1365) Survivor regions: 6->4(7)
[2022-04-23T01:17:53.806+0800][gc,heap      ] GC(1365) Old regions: 194->196
[2022-04-23T01:17:53.806+0800][gc,heap      ] GC(1365) Archive regions: 2->2
[2022-04-23T01:17:53.806+0800][gc,heap      ] GC(1365) Humongous regions: 129->129
[2022-04-23T01:17:53.806+0800][gc,metaspace ] GC(1365) Metaspace: 43869K->43869K(1089536K)
[2022-04-23T01:17:53.806+0800][gc           ] GC(1365) Pause Young (Normal) (G1 Evacuation Pause) 373M->328M(1024M) 56.627ms
[2022-04-23T01:17:53.806+0800][gc,cpu       ] GC(1365) User=0.03s Sys=0.05s Real=0.06s
[2022-04-23T01:18:09.620+0800][gc,start     ] GC(1366) Pause Young (Normal) (G1 Evacuation Pause)
[2022-04-23T01:18:09.622+0800][gc,task      ] GC(1366) Using 8 workers of 8 for evacuation
[2022-04-23T01:18:09.636+0800][gc,phases    ] GC(1366)   Pre Evacuate Collection Set: 0.2ms
[2022-04-23T01:18:09.636+0800][gc,phases    ] GC(1366)   Evacuate Collection Set: 12.7ms
[2022-04-23T01:18:09.636+0800][gc,phases    ] GC(1366)   Post Evacuate Collection Set: 0.6ms
[2022-04-23T01:18:09.636+0800][gc,phases    ] GC(1366)   Other: 2.0ms
[2022-04-23T01:18:09.636+0800][gc,heap      ] GC(1366) Eden regions: 47->0(47)
[2022-04-23T01:18:09.636+0800][gc,heap      ] GC(1366) Survivor regions: 4->4(7)
[2022-04-23T01:18:09.636+0800][gc,heap      ] GC(1366) Old regions: 196->196
[2022-04-23T01:18:09.636+0800][gc,heap      ] GC(1366) Archive regions: 2->2
[2022-04-23T01:18:09.636+0800][gc,heap      ] GC(1366) Humongous regions: 129->129
[2022-04-23T01:18:09.636+0800][gc,metaspace ] GC(1366) Metaspace: 43869K->43869K(1089536K)
[2022-04-23T01:18:09.636+0800][gc           ] GC(1366) Pause Young (Normal) (G1 Evacuation Pause) 375M->328M(1024M) 15.801ms
[2022-04-23T01:18:09.636+0800][gc,cpu       ] GC(1366) User=0.05s Sys=0.01s Real=0.01s
[2022-04-23T01:18:25.542+0800][gc,start     ] GC(1367) Pause Young (Normal) (G1 Evacuation Pause)
[2022-04-23T01:18:25.543+0800][gc,task      ] GC(1367) Using 8 workers of 8 for evacuation
[2022-04-23T01:18:25.563+0800][gc,mmu       ] GC(1367) MMU target violated: 20.5ms (20.0ms/21.0ms)
[2022-04-23T01:18:25.563+0800][gc,phases    ] GC(1367)   Pre Evacuate Collection Set: 0.3ms
[2022-04-23T01:18:25.563+0800][gc,phases    ] GC(1367)   Evacuate Collection Set: 18.0ms
[2022-04-23T01:18:25.563+0800][gc,phases    ] GC(1367)   Post Evacuate Collection Set: 1.3ms
[2022-04-23T01:18:25.564+0800][gc,phases    ] GC(1367)   Other: 2.1ms
[2022-04-23T01:18:25.564+0800][gc,heap      ] GC(1367) Eden regions: 47->0(47)
[2022-04-23T01:18:25.564+0800][gc,heap      ] GC(1367) Survivor regions: 4->4(7)
[2022-04-23T01:18:25.564+0800][gc,heap      ] GC(1367) Old regions: 196->196
[2022-04-23T01:18:25.564+0800][gc,heap      ] GC(1367) Archive regions: 2->2
[2022-04-23T01:18:25.564+0800][gc,heap      ] GC(1367) Humongous regions: 129->129
[2022-04-23T01:18:25.564+0800][gc,metaspace ] GC(1367) Metaspace: 43869K->43869K(1089536K)
[2022-04-23T01:18:25.564+0800][gc           ] GC(1367) Pause Young (Normal) (G1 Evacuation Pause) 375M->329M(1024M) 21.785ms
[2022-04-23T01:18:25.564+0800][gc,cpu       ] GC(1367) User=0.04s Sys=0.03s Real=0.02s
[2022-04-23T01:18:41.358+0800][gc,start     ] GC(1368) Pause Young (Normal) (G1 Evacuation Pause)
[2022-04-23T01:18:41.359+0800][gc,task      ] GC(1368) Using 8 workers of 8 for evacuation
[2022-04-23T01:18:41.386+0800][gc,mmu       ] GC(1368) MMU target violated: 21.0ms (20.0ms/21.0ms)
[2022-04-23T01:18:41.386+0800][gc,phases    ] GC(1368)   Pre Evacuate Collection Set: 0.2ms
[2022-04-23T01:18:41.386+0800][gc,phases    ] GC(1368)   Evacuate Collection Set: 25.8ms
[2022-04-23T01:18:41.386+0800][gc,phases    ] GC(1368)   Post Evacuate Collection Set: 0.7ms
[2022-04-23T01:18:41.386+0800][gc,phases    ] GC(1368)   Other: 1.7ms
[2022-04-23T01:18:41.386+0800][gc,heap      ] GC(1368) Eden regions: 47->0(47)
[2022-04-23T01:18:41.386+0800][gc,heap      ] GC(1368) Survivor regions: 4->4(7)
[2022-04-23T01:18:41.386+0800][gc,heap      ] GC(1368) Old regions: 196->196
[2022-04-23T01:18:41.386+0800][gc,heap      ] GC(1368) Archive regions: 2->2
[2022-04-23T01:18:41.386+0800][gc,heap      ] GC(1368) Humongous regions: 129->129
[2022-04-23T01:18:41.386+0800][gc,metaspace ] GC(1368) Metaspace: 43869K->43869K(1089536K)
[2022-04-23T01:18:41.386+0800][gc           ] GC(1368) Pause Young (Normal) (G1 Evacuation Pause) 376M->329M(1024M) 28.431ms
[2022-04-23T01:18:41.387+0800][gc,cpu       ] GC(1368) User=0.04s Sys=0.01s Real=0.03s
[2022-04-23T01:18:57.111+0800][gc,start     ] GC(1369) Pause Young (Normal) (G1 Evacuation Pause)
[2022-04-23T01:18:57.111+0800][gc,task      ] GC(1369) Using 8 workers of 8 for evacuation
[2022-04-23T01:18:57.148+0800][gc,mmu       ] GC(1369) MMU target violated: 21.0ms (20.0ms/21.0ms)
[2022-04-23T01:18:57.148+0800][gc,phases    ] GC(1369)   Pre Evacuate Collection Set: 0.3ms
[2022-04-23T01:18:57.148+0800][gc,phases    ] GC(1369)   Evacuate Collection Set: 33.2ms
[2022-04-23T01:18:57.148+0800][gc,phases    ] GC(1369)   Post Evacuate Collection Set: 1.0ms
[2022-04-23T01:18:57.148+0800][gc,phases    ] GC(1369)   Other: 2.8ms
[2022-04-23T01:18:57.148+0800][gc,heap      ] GC(1369) Eden regions: 47->0(47)
[2022-04-23T01:18:57.148+0800][gc,heap      ] GC(1369) Survivor regions: 4->4(7)
[2022-04-23T01:18:57.148+0800][gc,heap      ] GC(1369) Old regions: 196->196
[2022-04-23T01:18:57.148+0800][gc,heap      ] GC(1369) Archive regions: 2->2
[2022-04-23T01:18:57.148+0800][gc,heap      ] GC(1369) Humongous regions: 129->129
[2022-04-23T01:18:57.148+0800][gc,metaspace ] GC(1369) Metaspace: 43869K->43869K(1089536K)
[2022-04-23T01:18:57.148+0800][gc           ] GC(1369) Pause Young (Normal) (G1 Evacuation Pause) 376M->329M(1024M) 37.482ms
[2022-04-23T01:18:57.148+0800][gc,cpu       ] GC(1369) User=0.04s Sys=0.04s Real=0.03s
[2022-04-23T01:19:12.892+0800][gc,start     ] GC(1370) Pause Young (Normal) (G1 Evacuation Pause)
[2022-04-23T01:19:12.892+0800][gc,task      ] GC(1370) Using 8 workers of 8 for evacuation
[2022-04-23T01:19:12.907+0800][gc,phases    ] GC(1370)   Pre Evacuate Collection Set: 0.1ms
[2022-04-23T01:19:12.907+0800][gc,phases    ] GC(1370)   Evacuate Collection Set: 13.6ms
[2022-04-23T01:19:12.907+0800][gc,phases    ] GC(1370)   Post Evacuate Collection Set: 0.5ms
[2022-04-23T01:19:12.907+0800][gc,phases    ] GC(1370)   Other: 1.2ms
[2022-04-23T01:19:12.907+0800][gc,heap      ] GC(1370) Eden regions: 47->0(47)
[2022-04-23T01:19:12.907+0800][gc,heap      ] GC(1370) Survivor regions: 4->4(7)
[2022-04-23T01:19:12.907+0800][gc,heap      ] GC(1370) Old regions: 196->197
[2022-04-23T01:19:12.907+0800][gc,heap      ] GC(1370) Archive regions: 2->2
[2022-04-23T01:19:12.907+0800][gc,heap      ] GC(1370) Humongous regions: 129->129
[2022-04-23T01:19:12.907+0800][gc,metaspace ] GC(1370) Metaspace: 43869K->43869K(1089536K)
[2022-04-23T01:19:12.907+0800][gc           ] GC(1370) Pause Young (Normal) (G1 Evacuation Pause) 376M->329M(1024M) 15.649ms
[2022-04-23T01:19:12.907+0800][gc,cpu       ] GC(1370) User=0.03s Sys=0.01s Real=0.01s
[2022-04-23T01:19:28.626+0800][gc,start     ] GC(1371) Pause Young (Normal) (G1 Evacuation Pause)
[2022-04-23T01:19:28.626+0800][gc,task      ] GC(1371) Using 8 workers of 8 for evacuation
[2022-04-23T01:19:28.653+0800][gc,mmu       ] GC(1371) MMU target violated: 21.0ms (20.0ms/21.0ms)
[2022-04-23T01:19:28.653+0800][gc,phases    ] GC(1371)   Pre Evacuate Collection Set: 0.1ms
[2022-04-23T01:19:28.653+0800][gc,phases    ] GC(1371)   Evacuate Collection Set: 25.0ms
[2022-04-23T01:19:28.653+0800][gc,phases    ] GC(1371)   Post Evacuate Collection Set: 0.7ms
[2022-04-23T01:19:28.653+0800][gc,phases    ] GC(1371)   Other: 1.2ms
[2022-04-23T01:19:28.653+0800][gc,heap      ] GC(1371) Eden regions: 47->0(45)
[2022-04-23T01:19:28.653+0800][gc,heap      ] GC(1371) Survivor regions: 4->6(7)
[2022-04-23T01:19:28.653+0800][gc,heap      ] GC(1371) Old regions: 197->197
[2022-04-23T01:19:28.653+0800][gc,heap      ] GC(1371) Archive regions: 2->2
[2022-04-23T01:19:28.653+0800][gc,heap      ] GC(1371) Humongous regions: 129->129
[2022-04-23T01:19:28.653+0800][gc,metaspace ] GC(1371) Metaspace: 43869K->43869K(1089536K)
[2022-04-23T01:19:28.653+0800][gc           ] GC(1371) Pause Young (Normal) (G1 Evacuation Pause) 376M->331M(1024M) 27.096ms
[2022-04-23T01:19:28.653+0800][gc,cpu       ] GC(1371) User=0.05s Sys=0.03s Real=0.03s
[2022-04-23T01:19:43.842+0800][gc,start     ] GC(1372) Pause Young (Normal) (G1 Evacuation Pause)
[2022-04-23T01:19:43.843+0800][gc,task      ] GC(1372) Using 8 workers of 8 for evacuation
[2022-04-23T01:19:43.901+0800][gc,mmu       ] GC(1372) MMU target violated: 21.0ms (20.0ms/21.0ms)
[2022-04-23T01:19:43.901+0800][gc,phases    ] GC(1372)   Pre Evacuate Collection Set: 0.4ms
[2022-04-23T01:19:43.901+0800][gc,phases    ] GC(1372)   Evacuate Collection Set: 56.3ms
[2022-04-23T01:19:43.901+0800][gc,phases    ] GC(1372)   Post Evacuate Collection Set: 0.9ms
[2022-04-23T01:19:43.901+0800][gc,phases    ] GC(1372)   Other: 2.1ms
[2022-04-23T01:19:43.901+0800][gc,heap      ] GC(1372) Eden regions: 45->0(47)
[2022-04-23T01:19:43.901+0800][gc,heap      ] GC(1372) Survivor regions: 6->4(7)
[2022-04-23T01:19:43.902+0800][gc,heap      ] GC(1372) Old regions: 197->199
[2022-04-23T01:19:43.902+0800][gc,heap      ] GC(1372) Archive regions: 2->2
[2022-04-23T01:19:43.902+0800][gc,heap      ] GC(1372) Humongous regions: 129->129
[2022-04-23T01:19:43.902+0800][gc,metaspace ] GC(1372) Metaspace: 43869K->43869K(1089536K)
[2022-04-23T01:19:43.902+0800][gc           ] GC(1372) Pause Young (Normal) (G1 Evacuation Pause) 376M->331M(1024M) 59.630ms
[2022-04-23T01:19:43.902+0800][gc,cpu       ] GC(1372) User=0.06s Sys=0.05s Real=0.06s
[2022-04-23T01:19:59.439+0800][gc,start     ] GC(1373) Pause Young (Normal) (G1 Evacuation Pause)
[2022-04-23T01:19:59.440+0800][gc,task      ] GC(1373) Using 8 workers of 8 for evacuation
[2022-04-23T01:19:59.462+0800][gc,mmu       ] GC(1373) MMU target violated: 21.0ms (20.0ms/21.0ms)
[2022-04-23T01:19:59.462+0800][gc,phases    ] GC(1373)   Pre Evacuate Collection Set: 0.4ms
[2022-04-23T01:19:59.463+0800][gc,phases    ] GC(1373)   Evacuate Collection Set: 19.5ms
[2022-04-23T01:19:59.463+0800][gc,phases    ] GC(1373)   Post Evacuate Collection Set: 1.2ms
[2022-04-23T01:19:59.463+0800][gc,phases    ] GC(1373)   Other: 2.0ms
[2022-04-23T01:19:59.463+0800][gc,heap      ] GC(1373) Eden regions: 47->0(47)
[2022-04-23T01:19:59.463+0800][gc,heap      ] GC(1373) Survivor regions: 4->4(7)
[2022-04-23T01:19:59.463+0800][gc,heap      ] GC(1373) Old regions: 199->199
[2022-04-23T01:19:59.463+0800][gc,heap      ] GC(1373) Archive regions: 2->2
[2022-04-23T01:19:59.463+0800][gc,heap      ] GC(1373) Humongous regions: 129->129
[2022-04-23T01:19:59.463+0800][gc,metaspace ] GC(1373) Metaspace: 43869K->43869K(1089536K)
[2022-04-23T01:19:59.463+0800][gc           ] GC(1373) Pause Young (Normal) (G1 Evacuation Pause) 378M->331M(1024M) 23.335ms
[2022-04-23T01:19:59.463+0800][gc,cpu       ] GC(1373) User=0.04s Sys=0.01s Real=0.03s
[2022-04-23T01:20:15.091+0800][gc,start     ] GC(1374) Pause Young (Normal) (G1 Evacuation Pause)
[2022-04-23T01:20:15.092+0800][gc,task      ] GC(1374) Using 8 workers of 8 for evacuation
[2022-04-23T01:20:15.107+0800][gc,phases    ] GC(1374)   Pre Evacuate Collection Set: 0.2ms
[2022-04-23T01:20:15.108+0800][gc,phases    ] GC(1374)   Evacuate Collection Set: 14.8ms
[2022-04-23T01:20:15.108+0800][gc,phases    ] GC(1374)   Post Evacuate Collection Set: 0.5ms
[2022-04-23T01:20:15.108+0800][gc,phases    ] GC(1374)   Other: 1.4ms
[2022-04-23T01:20:15.108+0800][gc,heap      ] GC(1374) Eden regions: 47->0(47)
[2022-04-23T01:20:15.108+0800][gc,heap      ] GC(1374) Survivor regions: 4->4(7)
[2022-04-23T01:20:15.108+0800][gc,heap      ] GC(1374) Old regions: 199->199
[2022-04-23T01:20:15.108+0800][gc,heap      ] GC(1374) Archive regions: 2->2
[2022-04-23T01:20:15.108+0800][gc,heap      ] GC(1374) Humongous regions: 129->129
[2022-04-23T01:20:15.108+0800][gc,metaspace ] GC(1374) Metaspace: 43869K->43869K(1089536K)
[2022-04-23T01:20:15.108+0800][gc           ] GC(1374) Pause Young (Normal) (G1 Evacuation Pause) 378M->331M(1024M) 17.104ms
[2022-04-23T01:20:15.108+0800][gc,cpu       ] GC(1374) User=0.04s Sys=0.01s Real=0.01s
[2022-04-23T01:20:30.825+0800][gc,start     ] GC(1375) Pause Young (Normal) (G1 Evacuation Pause)
[2022-04-23T01:20:30.826+0800][gc,task      ] GC(1375) Using 8 workers of 8 for evacuation
[2022-04-23T01:20:30.842+0800][gc,phases    ] GC(1375)   Pre Evacuate Collection Set: 0.2ms
[2022-04-23T01:20:30.842+0800][gc,phases    ] GC(1375)   Evacuate Collection Set: 13.5ms
[2022-04-23T01:20:30.842+0800][gc,phases    ] GC(1375)   Post Evacuate Collection Set: 1.2ms
[2022-04-23T01:20:30.842+0800][gc,phases    ] GC(1375)   Other: 1.4ms
[2022-04-23T01:20:30.842+0800][gc,heap      ] GC(1375) Eden regions: 47->0(47)
[2022-04-23T01:20:30.842+0800][gc,heap      ] GC(1375) Survivor regions: 4->4(7)
[2022-04-23T01:20:30.842+0800][gc,heap      ] GC(1375) Old regions: 199->199
[2022-04-23T01:20:30.842+0800][gc,heap      ] GC(1375) Archive regions: 2->2
[2022-04-23T01:20:30.842+0800][gc,heap      ] GC(1375) Humongous regions: 129->129
[2022-04-23T01:20:30.842+0800][gc,metaspace ] GC(1375) Metaspace: 43873K->43873K(1089536K)
[2022-04-23T01:20:30.842+0800][gc           ] GC(1375) Pause Young (Normal) (G1 Evacuation Pause) 378M->332M(1024M) 16.649ms
[2022-04-23T01:20:30.842+0800][gc,cpu       ] GC(1375) User=0.03s Sys=0.01s Real=0.02s
[2022-04-23T01:20:46.387+0800][gc,start     ] GC(1376) Pause Young (Normal) (G1 Evacuation Pause)
[2022-04-23T01:20:46.389+0800][gc,task      ] GC(1376) Using 8 workers of 8 for evacuation
[2022-04-23T01:20:46.416+0800][gc,mmu       ] GC(1376) MMU target violated: 21.0ms (20.0ms/21.0ms)
[2022-04-23T01:20:46.416+0800][gc,phases    ] GC(1376)   Pre Evacuate Collection Set: 0.3ms
[2022-04-23T01:20:46.416+0800][gc,phases    ] GC(1376)   Evacuate Collection Set: 24.3ms
[2022-04-23T01:20:46.416+0800][gc,phases    ] GC(1376)   Post Evacuate Collection Set: 1.0ms
[2022-04-23T01:20:46.416+0800][gc,phases    ] GC(1376)   Other: 3.1ms
[2022-04-23T01:20:46.416+0800][gc,heap      ] GC(1376) Eden regions: 47->0(47)
[2022-04-23T01:20:46.416+0800][gc,heap      ] GC(1376) Survivor regions: 4->4(7)
[2022-04-23T01:20:46.416+0800][gc,heap      ] GC(1376) Old regions: 199->199
[2022-04-23T01:20:46.416+0800][gc,heap      ] GC(1376) Archive regions: 2->2
[2022-04-23T01:20:46.416+0800][gc,heap      ] GC(1376) Humongous regions: 129->129
[2022-04-23T01:20:46.416+0800][gc,metaspace ] GC(1376) Metaspace: 43873K->43873K(1089536K)
[2022-04-23T01:20:46.416+0800][gc           ] GC(1376) Pause Young (Normal) (G1 Evacuation Pause) 379M->332M(1024M) 28.793ms
[2022-04-23T01:20:46.416+0800][gc,cpu       ] GC(1376) User=0.05s Sys=0.03s Real=0.03s
[2022-04-23T01:21:01.954+0800][gc,start     ] GC(1377) Pause Young (Normal) (G1 Evacuation Pause)
[2022-04-23T01:21:01.954+0800][gc,task      ] GC(1377) Using 8 workers of 8 for evacuation
[2022-04-23T01:21:01.975+0800][gc,mmu       ] GC(1377) MMU target violated: 20.4ms (20.0ms/21.0ms)
[2022-04-23T01:21:01.975+0800][gc,phases    ] GC(1377)   Pre Evacuate Collection Set: 0.2ms
[2022-04-23T01:21:01.975+0800][gc,phases    ] GC(1377)   Evacuate Collection Set: 19.0ms
[2022-04-23T01:21:01.975+0800][gc,phases    ] GC(1377)   Post Evacuate Collection Set: 0.7ms
[2022-04-23T01:21:01.975+0800][gc,phases    ] GC(1377)   Other: 1.4ms
[2022-04-23T01:21:01.975+0800][gc,heap      ] GC(1377) Eden regions: 47->0(46)
[2022-04-23T01:21:01.975+0800][gc,heap      ] GC(1377) Survivor regions: 4->5(7)
[2022-04-23T01:21:01.975+0800][gc,heap      ] GC(1377) Old regions: 199->199
[2022-04-23T01:21:01.975+0800][gc,heap      ] GC(1377) Archive regions: 2->2
[2022-04-23T01:21:01.975+0800][gc,heap      ] GC(1377) Humongous regions: 129->129
[2022-04-23T01:21:01.975+0800][gc,metaspace ] GC(1377) Metaspace: 43873K->43873K(1089536K)
[2022-04-23T01:21:01.975+0800][gc           ] GC(1377) Pause Young (Normal) (G1 Evacuation Pause) 379M->333M(1024M) 21.277ms
[2022-04-23T01:21:01.975+0800][gc,cpu       ] GC(1377) User=0.04s Sys=0.02s Real=0.02s
[2022-04-23T01:21:17.143+0800][gc,start     ] GC(1378) Pause Young (Normal) (G1 Evacuation Pause)
[2022-04-23T01:21:17.143+0800][gc,task      ] GC(1378) Using 8 workers of 8 for evacuation
[2022-04-23T01:21:17.173+0800][gc,mmu       ] GC(1378) MMU target violated: 21.0ms (20.0ms/21.0ms)
[2022-04-23T01:21:17.173+0800][gc,phases    ] GC(1378)   Pre Evacuate Collection Set: 0.1ms
[2022-04-23T01:21:17.173+0800][gc,phases    ] GC(1378)   Evacuate Collection Set: 29.2ms
[2022-04-23T01:21:17.173+0800][gc,phases    ] GC(1378)   Post Evacuate Collection Set: 0.6ms
[2022-04-23T01:21:17.173+0800][gc,phases    ] GC(1378)   Other: 0.7ms
[2022-04-23T01:21:17.173+0800][gc,heap      ] GC(1378) Eden regions: 46->0(46)
[2022-04-23T01:21:17.173+0800][gc,heap      ] GC(1378) Survivor regions: 5->5(7)
[2022-04-23T01:21:17.173+0800][gc,heap      ] GC(1378) Old regions: 199->201
[2022-04-23T01:21:17.173+0800][gc,heap      ] GC(1378) Archive regions: 2->2
[2022-04-23T01:21:17.173+0800][gc,heap      ] GC(1378) Humongous regions: 129->129
[2022-04-23T01:21:17.173+0800][gc,metaspace ] GC(1378) Metaspace: 43873K->43873K(1089536K)
[2022-04-23T01:21:17.173+0800][gc           ] GC(1378) Pause Young (Normal) (G1 Evacuation Pause) 379M->334M(1024M) 30.683ms
[2022-04-23T01:21:17.173+0800][gc,cpu       ] GC(1378) User=0.04s Sys=0.02s Real=0.03s
[2022-04-23T01:21:32.523+0800][gc,start     ] GC(1379) Pause Young (Normal) (G1 Evacuation Pause)
[2022-04-23T01:21:32.524+0800][gc,task      ] GC(1379) Using 8 workers of 8 for evacuation
[2022-04-23T01:21:32.550+0800][gc,mmu       ] GC(1379) MMU target violated: 21.0ms (20.0ms/21.0ms)
[2022-04-23T01:21:32.550+0800][gc,phases    ] GC(1379)   Pre Evacuate Collection Set: 0.2ms
[2022-04-23T01:21:32.550+0800][gc,phases    ] GC(1379)   Evacuate Collection Set: 21.9ms
[2022-04-23T01:21:32.550+0800][gc,phases    ] GC(1379)   Post Evacuate Collection Set: 1.0ms
[2022-04-23T01:21:32.550+0800][gc,phases    ] GC(1379)   Other: 3.6ms
[2022-04-23T01:21:32.550+0800][gc,heap      ] GC(1379) Eden regions: 46->0(47)
[2022-04-23T01:21:32.550+0800][gc,heap      ] GC(1379) Survivor regions: 5->4(7)
[2022-04-23T01:21:32.550+0800][gc,heap      ] GC(1379) Old regions: 201->201
[2022-04-23T01:21:32.550+0800][gc,heap      ] GC(1379) Archive regions: 2->2
[2022-04-23T01:21:32.550+0800][gc,heap      ] GC(1379) Humongous regions: 129->129
[2022-04-23T01:21:32.550+0800][gc,metaspace ] GC(1379) Metaspace: 43873K->43873K(1089536K)
[2022-04-23T01:21:32.550+0800][gc           ] GC(1379) Pause Young (Normal) (G1 Evacuation Pause) 380M->334M(1024M) 26.611ms
[2022-04-23T01:21:32.550+0800][gc,cpu       ] GC(1379) User=0.06s Sys=0.03s Real=0.03s
[2022-04-23T01:21:48.337+0800][gc,start     ] GC(1380) Pause Young (Normal) (G1 Evacuation Pause)
[2022-04-23T01:21:48.338+0800][gc,task      ] GC(1380) Using 8 workers of 8 for evacuation
[2022-04-23T01:21:48.355+0800][gc,phases    ] GC(1380)   Pre Evacuate Collection Set: 0.1ms
[2022-04-23T01:21:48.355+0800][gc,phases    ] GC(1380)   Evacuate Collection Set: 15.7ms
[2022-04-23T01:21:48.355+0800][gc,phases    ] GC(1380)   Post Evacuate Collection Set: 1.0ms
[2022-04-23T01:21:48.355+0800][gc,phases    ] GC(1380)   Other: 1.1ms
[2022-04-23T01:21:48.355+0800][gc,heap      ] GC(1380) Eden regions: 47->0(47)
[2022-04-23T01:21:48.355+0800][gc,heap      ] GC(1380) Survivor regions: 4->4(7)
[2022-04-23T01:21:48.355+0800][gc,heap      ] GC(1380) Old regions: 201->201
[2022-04-23T01:21:48.355+0800][gc,heap      ] GC(1380) Archive regions: 2->2
[2022-04-23T01:21:48.355+0800][gc,heap      ] GC(1380) Humongous regions: 129->129
[2022-04-23T01:21:48.355+0800][gc,metaspace ] GC(1380) Metaspace: 43873K->43873K(1089536K)
[2022-04-23T01:21:48.355+0800][gc           ] GC(1380) Pause Young (Normal) (G1 Evacuation Pause) 381M->334M(1024M) 18.121ms
[2022-04-23T01:21:48.355+0800][gc,cpu       ] GC(1380) User=0.04s Sys=0.02s Real=0.02s
[2022-04-23T01:23:04.695+0800][gc,start     ] GC(1381) Pause Young (Normal) (G1 Evacuation Pause)
[2022-04-23T01:23:04.696+0800][gc,task      ] GC(1381) Using 8 workers of 8 for evacuation
[2022-04-23T01:23:04.748+0800][gc,mmu       ] GC(1381) MMU target violated: 21.0ms (20.0ms/21.0ms)
[2022-04-23T01:23:04.748+0800][gc,phases    ] GC(1381)   Pre Evacuate Collection Set: 0.4ms
[2022-04-23T01:23:04.748+0800][gc,phases    ] GC(1381)   Evacuate Collection Set: 46.9ms
[2022-04-23T01:23:04.748+0800][gc,phases    ] GC(1381)   Post Evacuate Collection Set: 3.0ms
[2022-04-23T01:23:04.748+0800][gc,phases    ] GC(1381)   Other: 2.9ms
[2022-04-23T01:23:04.748+0800][gc,heap      ] GC(1381) Eden regions: 47->0(44)
[2022-04-23T01:23:04.748+0800][gc,heap      ] GC(1381) Survivor regions: 4->7(7)
[2022-04-23T01:23:04.748+0800][gc,heap      ] GC(1381) Old regions: 201->201
[2022-04-23T01:23:04.748+0800][gc,heap      ] GC(1381) Archive regions: 2->2
[2022-04-23T01:23:04.748+0800][gc,heap      ] GC(1381) Humongous regions: 129->129
[2022-04-23T01:23:04.748+0800][gc,metaspace ] GC(1381) Metaspace: 43873K->43873K(1089536K)
[2022-04-23T01:23:04.748+0800][gc           ] GC(1381) Pause Young (Normal) (G1 Evacuation Pause) 381M->336M(1024M) 53.258ms
[2022-04-23T01:23:04.748+0800][gc,cpu       ] GC(1381) User=0.06s Sys=0.06s Real=0.05s
[2022-04-23T01:23:19.194+0800][gc,start     ] GC(1382) Pause Young (Normal) (G1 Evacuation Pause)
[2022-04-23T01:23:19.194+0800][gc,task      ] GC(1382) Using 8 workers of 8 for evacuation
[2022-04-23T01:23:19.252+0800][gc,mmu       ] GC(1382) MMU target violated: 21.0ms (20.0ms/21.0ms)
[2022-04-23T01:23:19.252+0800][gc,phases    ] GC(1382)   Pre Evacuate Collection Set: 0.2ms
[2022-04-23T01:23:19.252+0800][gc,phases    ] GC(1382)   Evacuate Collection Set: 56.4ms
[2022-04-23T01:23:19.252+0800][gc,phases    ] GC(1382)   Post Evacuate Collection Set: 0.4ms
[2022-04-23T01:23:19.252+0800][gc,phases    ] GC(1382)   Other: 1.4ms
[2022-04-23T01:23:19.252+0800][gc,heap      ] GC(1382) Eden regions: 44->0(47)
[2022-04-23T01:23:19.252+0800][gc,heap      ] GC(1382) Survivor regions: 7->4(7)
[2022-04-23T01:23:19.252+0800][gc,heap      ] GC(1382) Old regions: 201->204
[2022-04-23T01:23:19.252+0800][gc,heap      ] GC(1382) Archive regions: 2->2
[2022-04-23T01:23:19.252+0800][gc,heap      ] GC(1382) Humongous regions: 129->129
[2022-04-23T01:23:19.252+0800][gc,metaspace ] GC(1382) Metaspace: 43873K->43873K(1089536K)
[2022-04-23T01:23:19.252+0800][gc           ] GC(1382) Pause Young (Normal) (G1 Evacuation Pause) 380M->336M(1024M) 58.382ms
[2022-04-23T01:23:19.252+0800][gc,cpu       ] GC(1382) User=0.05s Sys=0.03s Real=0.06s
[2022-04-23T01:23:34.828+0800][gc,start     ] GC(1383) Pause Young (Normal) (G1 Evacuation Pause)
[2022-04-23T01:23:34.829+0800][gc,task      ] GC(1383) Using 8 workers of 8 for evacuation
[2022-04-23T01:23:34.856+0800][gc,mmu       ] GC(1383) MMU target violated: 21.0ms (20.0ms/21.0ms)
[2022-04-23T01:23:34.856+0800][gc,phases    ] GC(1383)   Pre Evacuate Collection Set: 0.3ms
[2022-04-23T01:23:34.856+0800][gc,phases    ] GC(1383)   Evacuate Collection Set: 24.9ms
[2022-04-23T01:23:34.856+0800][gc,phases    ] GC(1383)   Post Evacuate Collection Set: 1.1ms
[2022-04-23T01:23:34.856+0800][gc,phases    ] GC(1383)   Other: 2.2ms
[2022-04-23T01:23:34.856+0800][gc,heap      ] GC(1383) Eden regions: 47->0(46)
[2022-04-23T01:23:34.856+0800][gc,heap      ] GC(1383) Survivor regions: 4->5(7)
[2022-04-23T01:23:34.856+0800][gc,heap      ] GC(1383) Old regions: 204->204
[2022-04-23T01:23:34.856+0800][gc,heap      ] GC(1383) Archive regions: 2->2
[2022-04-23T01:23:34.856+0800][gc,heap      ] GC(1383) Humongous regions: 129->129
[2022-04-23T01:23:34.856+0800][gc,metaspace ] GC(1383) Metaspace: 43873K->43873K(1089536K)
[2022-04-23T01:23:34.856+0800][gc           ] GC(1383) Pause Young (Normal) (G1 Evacuation Pause) 383M->337M(1024M) 28.553ms
[2022-04-23T01:23:34.856+0800][gc,cpu       ] GC(1383) User=0.04s Sys=0.03s Real=0.03s
[2022-04-23T01:23:49.997+0800][gc,start     ] GC(1384) Pause Young (Normal) (G1 Evacuation Pause)
[2022-04-23T01:23:49.998+0800][gc,task      ] GC(1384) Using 8 workers of 8 for evacuation
[2022-04-23T01:23:50.023+0800][gc,mmu       ] GC(1384) MMU target violated: 21.0ms (20.0ms/21.0ms)
[2022-04-23T01:23:50.023+0800][gc,phases    ] GC(1384)   Pre Evacuate Collection Set: 0.2ms
[2022-04-23T01:23:50.023+0800][gc,phases    ] GC(1384)   Evacuate Collection Set: 23.6ms
[2022-04-23T01:23:50.023+0800][gc,phases    ] GC(1384)   Post Evacuate Collection Set: 1.5ms
[2022-04-23T01:23:50.024+0800][gc,phases    ] GC(1384)   Other: 1.1ms
[2022-04-23T01:23:50.024+0800][gc,heap      ] GC(1384) Eden regions: 46->0(48)
[2022-04-23T01:23:50.024+0800][gc,heap      ] GC(1384) Survivor regions: 5->3(7)
[2022-04-23T01:23:50.024+0800][gc,heap      ] GC(1384) Old regions: 204->206
[2022-04-23T01:23:50.024+0800][gc,heap      ] GC(1384) Archive regions: 2->2
[2022-04-23T01:23:50.024+0800][gc,heap      ] GC(1384) Humongous regions: 129->129
[2022-04-23T01:23:50.024+0800][gc,metaspace ] GC(1384) Metaspace: 43873K->43873K(1089536K)
[2022-04-23T01:23:50.024+0800][gc           ] GC(1384) Pause Young (Normal) (G1 Evacuation Pause) 383M->337M(1024M) 26.407ms
[2022-04-23T01:23:50.024+0800][gc,cpu       ] GC(1384) User=0.02s Sys=0.02s Real=0.03s
[2022-04-23T01:24:05.966+0800][gc,start     ] GC(1385) Pause Young (Normal) (G1 Evacuation Pause)
[2022-04-23T01:24:05.966+0800][gc,task      ] GC(1385) Using 8 workers of 8 for evacuation
[2022-04-23T01:24:05.981+0800][gc,phases    ] GC(1385)   Pre Evacuate Collection Set: 0.2ms
[2022-04-23T01:24:05.981+0800][gc,phases    ] GC(1385)   Evacuate Collection Set: 13.3ms
[2022-04-23T01:24:05.981+0800][gc,phases    ] GC(1385)   Post Evacuate Collection Set: 0.5ms
[2022-04-23T01:24:05.981+0800][gc,phases    ] GC(1385)   Other: 1.5ms
[2022-04-23T01:24:05.981+0800][gc,heap      ] GC(1385) Eden regions: 48->0(46)
[2022-04-23T01:24:05.981+0800][gc,heap      ] GC(1385) Survivor regions: 3->5(7)
[2022-04-23T01:24:05.981+0800][gc,heap      ] GC(1385) Old regions: 206->206
[2022-04-23T01:24:05.981+0800][gc,heap      ] GC(1385) Archive regions: 2->2
[2022-04-23T01:24:05.981+0800][gc,heap      ] GC(1385) Humongous regions: 129->129
[2022-04-23T01:24:05.981+0800][gc,metaspace ] GC(1385) Metaspace: 43873K->43873K(1089536K)
[2022-04-23T01:24:05.981+0800][gc           ] GC(1385) Pause Young (Normal) (G1 Evacuation Pause) 385M->339M(1024M) 15.224ms
[2022-04-23T01:24:05.981+0800][gc,cpu       ] GC(1385) User=0.03s Sys=0.00s Real=0.02s
[2022-04-23T01:24:20.954+0800][gc,start     ] GC(1386) Pause Young (Normal) (G1 Evacuation Pause)
[2022-04-23T01:24:20.955+0800][gc,task      ] GC(1386) Using 8 workers of 8 for evacuation
[2022-04-23T01:24:20.984+0800][gc,mmu       ] GC(1386) MMU target violated: 21.0ms (20.0ms/21.0ms)
[2022-04-23T01:24:20.984+0800][gc,phases    ] GC(1386)   Pre Evacuate Collection Set: 0.3ms
[2022-04-23T01:24:20.984+0800][gc,phases    ] GC(1386)   Evacuate Collection Set: 26.2ms
[2022-04-23T01:24:20.984+0800][gc,phases    ] GC(1386)   Post Evacuate Collection Set: 1.0ms
[2022-04-23T01:24:20.984+0800][gc,phases    ] GC(1386)   Other: 2.1ms
[2022-04-23T01:24:20.984+0800][gc,heap      ] GC(1386) Eden regions: 46->0(45)
[2022-04-23T01:24:20.984+0800][gc,heap      ] GC(1386) Survivor regions: 5->6(7)
[2022-04-23T01:24:20.984+0800][gc,heap      ] GC(1386) Old regions: 206->207
[2022-04-23T01:24:20.984+0800][gc,heap      ] GC(1386) Archive regions: 2->2
[2022-04-23T01:24:20.984+0800][gc,heap      ] GC(1386) Humongous regions: 129->129
[2022-04-23T01:24:20.984+0800][gc,metaspace ] GC(1386) Metaspace: 43873K->43873K(1089536K)
[2022-04-23T01:24:20.984+0800][gc           ] GC(1386) Pause Young (Normal) (G1 Evacuation Pause) 385M->341M(1024M) 29.663ms
[2022-04-23T01:24:20.984+0800][gc,cpu       ] GC(1386) User=0.05s Sys=0.04s Real=0.03s
[2022-04-23T01:24:35.891+0800][gc,start     ] GC(1387) Pause Young (Normal) (G1 Evacuation Pause)
[2022-04-23T01:24:35.891+0800][gc,task      ] GC(1387) Using 8 workers of 8 for evacuation
[2022-04-23T01:24:35.918+0800][gc,mmu       ] GC(1387) MMU target violated: 21.0ms (20.0ms/21.0ms)
[2022-04-23T01:24:35.919+0800][gc,phases    ] GC(1387)   Pre Evacuate Collection Set: 0.3ms
[2022-04-23T01:24:35.919+0800][gc,phases    ] GC(1387)   Evacuate Collection Set: 25.0ms
[2022-04-23T01:24:35.919+0800][gc,phases    ] GC(1387)   Post Evacuate Collection Set: 0.8ms
[2022-04-23T01:24:35.919+0800][gc,phases    ] GC(1387)   Other: 1.5ms
[2022-04-23T01:24:35.919+0800][gc,heap      ] GC(1387) Eden regions: 45->0(48)
[2022-04-23T01:24:35.919+0800][gc,heap      ] GC(1387) Survivor regions: 6->3(7)
[2022-04-23T01:24:35.919+0800][gc,heap      ] GC(1387) Old regions: 207->209
[2022-04-23T01:24:35.919+0800][gc,heap      ] GC(1387) Archive regions: 2->2
[2022-04-23T01:24:35.919+0800][gc,heap      ] GC(1387) Humongous regions: 129->129
[2022-04-23T01:24:35.919+0800][gc,metaspace ] GC(1387) Metaspace: 43873K->43873K(1089536K)
[2022-04-23T01:24:35.919+0800][gc           ] GC(1387) Pause Young (Normal) (G1 Evacuation Pause) 386M->340M(1024M) 27.645ms
[2022-04-23T01:24:35.919+0800][gc,cpu       ] GC(1387) User=0.04s Sys=0.05s Real=0.02s
[2022-04-23T01:24:51.800+0800][gc,start     ] GC(1388) Pause Young (Normal) (G1 Evacuation Pause)
[2022-04-23T01:24:51.800+0800][gc,task      ] GC(1388) Using 8 workers of 8 for evacuation
[2022-04-23T01:24:51.810+0800][gc,phases    ] GC(1388)   Pre Evacuate Collection Set: 0.2ms
[2022-04-23T01:24:51.810+0800][gc,phases    ] GC(1388)   Evacuate Collection Set: 9.6ms
[2022-04-23T01:24:51.810+0800][gc,phases    ] GC(1388)   Post Evacuate Collection Set: 0.3ms
[2022-04-23T01:24:51.810+0800][gc,phases    ] GC(1388)   Other: 0.7ms
[2022-04-23T01:24:51.810+0800][gc,heap      ] GC(1388) Eden regions: 48->0(48)
[2022-04-23T01:24:51.810+0800][gc,heap      ] GC(1388) Survivor regions: 3->3(7)
[2022-04-23T01:24:51.810+0800][gc,heap      ] GC(1388) Old regions: 209->209
[2022-04-23T01:24:51.810+0800][gc,heap      ] GC(1388) Archive regions: 2->2
[2022-04-23T01:24:51.810+0800][gc,heap      ] GC(1388) Humongous regions: 129->129
[2022-04-23T01:24:51.810+0800][gc,metaspace ] GC(1388) Metaspace: 43873K->43873K(1089536K)
[2022-04-23T01:24:51.810+0800][gc           ] GC(1388) Pause Young (Normal) (G1 Evacuation Pause) 388M->340M(1024M) 10.910ms
[2022-04-23T01:24:51.810+0800][gc,cpu       ] GC(1388) User=0.04s Sys=0.01s Real=0.01s
[2022-04-23T01:25:07.777+0800][gc,start     ] GC(1389) Pause Young (Normal) (G1 Evacuation Pause)
[2022-04-23T01:25:07.778+0800][gc,task      ] GC(1389) Using 8 workers of 8 for evacuation
[2022-04-23T01:25:07.794+0800][gc,phases    ] GC(1389)   Pre Evacuate Collection Set: 0.4ms
[2022-04-23T01:25:07.794+0800][gc,phases    ] GC(1389)   Evacuate Collection Set: 14.3ms
[2022-04-23T01:25:07.794+0800][gc,phases    ] GC(1389)   Post Evacuate Collection Set: 0.8ms
[2022-04-23T01:25:07.794+0800][gc,phases    ] GC(1389)   Other: 1.4ms
[2022-04-23T01:25:07.794+0800][gc,heap      ] GC(1389) Eden regions: 48->0(50)
[2022-04-23T01:25:07.794+0800][gc,heap      ] GC(1389) Survivor regions: 3->3(7)
[2022-04-23T01:25:07.794+0800][gc,heap      ] GC(1389) Old regions: 209->209
[2022-04-23T01:25:07.794+0800][gc,heap      ] GC(1389) Archive regions: 2->2
[2022-04-23T01:25:07.794+0800][gc,heap      ] GC(1389) Humongous regions: 129->129
[2022-04-23T01:25:07.794+0800][gc,metaspace ] GC(1389) Metaspace: 43873K->43873K(1089536K)
[2022-04-23T01:25:07.794+0800][gc           ] GC(1389) Pause Young (Normal) (G1 Evacuation Pause) 388M->340M(1024M) 16.910ms
[2022-04-23T01:25:07.794+0800][gc,cpu       ] GC(1389) User=0.04s Sys=0.00s Real=0.02s
[2022-04-23T01:25:24.369+0800][gc,start     ] GC(1390) Pause Young (Normal) (G1 Evacuation Pause)
[2022-04-23T01:25:24.369+0800][gc,task      ] GC(1390) Using 8 workers of 8 for evacuation
[2022-04-23T01:25:24.391+0800][gc,mmu       ] GC(1390) MMU target violated: 21.0ms (20.0ms/21.0ms)
[2022-04-23T01:25:24.391+0800][gc,phases    ] GC(1390)   Pre Evacuate Collection Set: 0.1ms
[2022-04-23T01:25:24.391+0800][gc,phases    ] GC(1390)   Evacuate Collection Set: 21.5ms
[2022-04-23T01:25:24.391+0800][gc,phases    ] GC(1390)   Post Evacuate Collection Set: 0.4ms
[2022-04-23T01:25:24.392+0800][gc,phases    ] GC(1390)   Other: 0.7ms
[2022-04-23T01:25:24.392+0800][gc,heap      ] GC(1390) Eden regions: 50->0(48)
[2022-04-23T01:25:24.392+0800][gc,heap      ] GC(1390) Survivor regions: 3->3(7)
[2022-04-23T01:25:24.392+0800][gc,heap      ] GC(1390) Old regions: 209->209
[2022-04-23T01:25:24.392+0800][gc,heap      ] GC(1390) Archive regions: 2->2
[2022-04-23T01:25:24.392+0800][gc,heap      ] GC(1390) Humongous regions: 129->129
[2022-04-23T01:25:24.392+0800][gc,metaspace ] GC(1390) Metaspace: 43873K->43873K(1089536K)
[2022-04-23T01:25:24.392+0800][gc           ] GC(1390) Pause Young (Normal) (G1 Evacuation Pause) 390M->340M(1024M) 22.867ms
[2022-04-23T01:25:24.392+0800][gc,cpu       ] GC(1390) User=0.03s Sys=0.02s Real=0.03s
[2022-04-23T01:25:40.347+0800][gc,start     ] GC(1391) Pause Young (Normal) (G1 Evacuation Pause)
[2022-04-23T01:25:40.348+0800][gc,task      ] GC(1391) Using 8 workers of 8 for evacuation
[2022-04-23T01:25:40.362+0800][gc,phases    ] GC(1391)   Pre Evacuate Collection Set: 0.3ms
[2022-04-23T01:25:40.362+0800][gc,phases    ] GC(1391)   Evacuate Collection Set: 12.5ms
[2022-04-23T01:25:40.362+0800][gc,phases    ] GC(1391)   Post Evacuate Collection Set: 0.7ms
[2022-04-23T01:25:40.362+0800][gc,phases    ] GC(1391)   Other: 1.2ms
[2022-04-23T01:25:40.362+0800][gc,heap      ] GC(1391) Eden regions: 48->0(50)
[2022-04-23T01:25:40.362+0800][gc,heap      ] GC(1391) Survivor regions: 3->3(7)
[2022-04-23T01:25:40.362+0800][gc,heap      ] GC(1391) Old regions: 209->209
[2022-04-23T01:25:40.362+0800][gc,heap      ] GC(1391) Archive regions: 2->2
[2022-04-23T01:25:40.362+0800][gc,heap      ] GC(1391) Humongous regions: 129->129
[2022-04-23T01:25:40.362+0800][gc,metaspace ] GC(1391) Metaspace: 43873K->43873K(1089536K)
[2022-04-23T01:25:40.362+0800][gc           ] GC(1391) Pause Young (Normal) (G1 Evacuation Pause) 388M->340M(1024M) 14.942ms
[2022-04-23T01:25:40.362+0800][gc,cpu       ] GC(1391) User=0.05s Sys=0.00s Real=0.02s
[2022-04-23T01:25:56.779+0800][gc,start     ] GC(1392) Pause Young (Normal) (G1 Evacuation Pause)
[2022-04-23T01:25:56.780+0800][gc,task      ] GC(1392) Using 8 workers of 8 for evacuation
[2022-04-23T01:25:56.800+0800][gc,phases    ] GC(1392)   Pre Evacuate Collection Set: 0.3ms
[2022-04-23T01:25:56.800+0800][gc,phases    ] GC(1392)   Evacuate Collection Set: 17.4ms
[2022-04-23T01:25:56.800+0800][gc,phases    ] GC(1392)   Post Evacuate Collection Set: 1.4ms
[2022-04-23T01:25:56.800+0800][gc,phases    ] GC(1392)   Other: 2.2ms
[2022-04-23T01:25:56.800+0800][gc,heap      ] GC(1392) Eden regions: 50->0(50)
[2022-04-23T01:25:56.800+0800][gc,heap      ] GC(1392) Survivor regions: 3->4(7)
[2022-04-23T01:25:56.800+0800][gc,heap      ] GC(1392) Old regions: 209->209
[2022-04-23T01:25:56.800+0800][gc,heap      ] GC(1392) Archive regions: 2->2
[2022-04-23T01:25:56.800+0800][gc,heap      ] GC(1392) Humongous regions: 129->129
[2022-04-23T01:25:56.800+0800][gc,metaspace ] GC(1392) Metaspace: 43873K->43873K(1089536K)
[2022-04-23T01:25:56.800+0800][gc           ] GC(1392) Pause Young (Normal) (G1 Evacuation Pause) 390M->341M(1024M) 21.496ms
[2022-04-23T01:25:56.800+0800][gc,cpu       ] GC(1392) User=0.04s Sys=0.03s Real=0.03s
[2022-04-23T01:26:13.353+0800][gc,start     ] GC(1393) Pause Young (Normal) (G1 Evacuation Pause)
[2022-04-23T01:26:13.354+0800][gc,task      ] GC(1393) Using 8 workers of 8 for evacuation
[2022-04-23T01:26:13.366+0800][gc,phases    ] GC(1393)   Pre Evacuate Collection Set: 0.2ms
[2022-04-23T01:26:13.366+0800][gc,phases    ] GC(1393)   Evacuate Collection Set: 11.2ms
[2022-04-23T01:26:13.366+0800][gc,phases    ] GC(1393)   Post Evacuate Collection Set: 0.3ms
[2022-04-23T01:26:13.366+0800][gc,phases    ] GC(1393)   Other: 0.9ms
[2022-04-23T01:26:13.366+0800][gc,heap      ] GC(1393) Eden regions: 50->0(53)
[2022-04-23T01:26:13.366+0800][gc,heap      ] GC(1393) Survivor regions: 4->4(7)
[2022-04-23T01:26:13.366+0800][gc,heap      ] GC(1393) Old regions: 209->209
[2022-04-23T01:26:13.366+0800][gc,heap      ] GC(1393) Archive regions: 2->2
[2022-04-23T01:26:13.366+0800][gc,heap      ] GC(1393) Humongous regions: 129->129
[2022-04-23T01:26:13.366+0800][gc,metaspace ] GC(1393) Metaspace: 43873K->43873K(1089536K)
[2022-04-23T01:26:13.366+0800][gc           ] GC(1393) Pause Young (Normal) (G1 Evacuation Pause) 391M->341M(1024M) 12.656ms
[2022-04-23T01:26:13.366+0800][gc,cpu       ] GC(1393) User=0.04s Sys=0.01s Real=0.01s
[2022-04-23T01:26:34.528+0800][gc,start     ] GC(1394) Pause Young (Normal) (G1 Evacuation Pause)
[2022-04-23T01:26:34.528+0800][gc,task      ] GC(1394) Using 8 workers of 8 for evacuation
[2022-04-23T01:26:34.552+0800][gc,mmu       ] GC(1394) MMU target violated: 21.0ms (20.0ms/21.0ms)
[2022-04-23T01:26:34.552+0800][gc,phases    ] GC(1394)   Pre Evacuate Collection Set: 0.3ms
[2022-04-23T01:26:34.552+0800][gc,phases    ] GC(1394)   Evacuate Collection Set: 21.5ms
[2022-04-23T01:26:34.552+0800][gc,phases    ] GC(1394)   Post Evacuate Collection Set: 1.3ms
[2022-04-23T01:26:34.552+0800][gc,phases    ] GC(1394)   Other: 1.7ms
[2022-04-23T01:26:34.552+0800][gc,heap      ] GC(1394) Eden regions: 53->0(50)
[2022-04-23T01:26:34.552+0800][gc,heap      ] GC(1394) Survivor regions: 4->4(8)
[2022-04-23T01:26:34.552+0800][gc,heap      ] GC(1394) Old regions: 209->209
[2022-04-23T01:26:34.552+0800][gc,heap      ] GC(1394) Archive regions: 2->2
[2022-04-23T01:26:34.552+0800][gc,heap      ] GC(1394) Humongous regions: 129->129
[2022-04-23T01:26:34.553+0800][gc,metaspace ] GC(1394) Metaspace: 43873K->43873K(1089536K)
[2022-04-23T01:26:34.553+0800][gc           ] GC(1394) Pause Young (Normal) (G1 Evacuation Pause) 394M->341M(1024M) 24.752ms
[2022-04-23T01:26:34.553+0800][gc,cpu       ] GC(1394) User=0.04s Sys=0.06s Real=0.03s
[2022-04-23T01:26:51.129+0800][gc,start     ] GC(1395) Pause Young (Normal) (G1 Evacuation Pause)
[2022-04-23T01:26:51.144+0800][gc,task      ] GC(1395) Using 8 workers of 8 for evacuation
[2022-04-23T01:26:51.455+0800][gc,mmu       ] GC(1395) MMU target violated: 21.0ms (20.0ms/21.0ms)
[2022-04-23T01:26:51.455+0800][gc,phases    ] GC(1395)   Pre Evacuate Collection Set: 0.2ms
[2022-04-23T01:26:51.455+0800][gc,phases    ] GC(1395)   Evacuate Collection Set: 213.1ms
[2022-04-23T01:26:51.455+0800][gc,phases    ] GC(1395)   Post Evacuate Collection Set: 34.9ms
[2022-04-23T01:26:51.455+0800][gc,phases    ] GC(1395)   Other: 78.1ms
[2022-04-23T01:26:51.455+0800][gc,heap      ] GC(1395) Eden regions: 50->0(47)
[2022-04-23T01:26:51.455+0800][gc,heap      ] GC(1395) Survivor regions: 4->4(7)
[2022-04-23T01:26:51.455+0800][gc,heap      ] GC(1395) Old regions: 209->209
[2022-04-23T01:26:51.455+0800][gc,heap      ] GC(1395) Archive regions: 2->2
[2022-04-23T01:26:51.455+0800][gc,heap      ] GC(1395) Humongous regions: 129->129
[2022-04-23T01:26:51.455+0800][gc,metaspace ] GC(1395) Metaspace: 43873K->43873K(1089536K)
[2022-04-23T01:26:51.455+0800][gc           ] GC(1395) Pause Young (Normal) (G1 Evacuation Pause) 391M->341M(1024M) 326.296ms
[2022-04-23T01:26:51.455+0800][gc,cpu       ] GC(1395) User=0.04s Sys=0.04s Real=0.33s
[2022-04-23T01:27:11.450+0800][gc,start     ] GC(1396) Pause Young (Normal) (G1 Evacuation Pause)
[2022-04-23T01:27:11.451+0800][gc,task      ] GC(1396) Using 8 workers of 8 for evacuation
[2022-04-23T01:27:11.488+0800][gc,mmu       ] GC(1396) MMU target violated: 21.0ms (20.0ms/21.0ms)
[2022-04-23T01:27:11.488+0800][gc,phases    ] GC(1396)   Pre Evacuate Collection Set: 0.3ms
[2022-04-23T01:27:11.488+0800][gc,phases    ] GC(1396)   Evacuate Collection Set: 32.8ms
[2022-04-23T01:27:11.488+0800][gc,phases    ] GC(1396)   Post Evacuate Collection Set: 2.1ms
[2022-04-23T01:27:11.488+0800][gc,phases    ] GC(1396)   Other: 2.8ms
[2022-04-23T01:27:11.488+0800][gc,heap      ] GC(1396) Eden regions: 47->0(48)
[2022-04-23T01:27:11.488+0800][gc,heap      ] GC(1396) Survivor regions: 4->3(7)
[2022-04-23T01:27:11.488+0800][gc,heap      ] GC(1396) Old regions: 209->210
[2022-04-23T01:27:11.488+0800][gc,heap      ] GC(1396) Archive regions: 2->2
[2022-04-23T01:27:11.488+0800][gc,heap      ] GC(1396) Humongous regions: 129->129
[2022-04-23T01:27:11.488+0800][gc,metaspace ] GC(1396) Metaspace: 43873K->43873K(1089536K)
[2022-04-23T01:27:11.488+0800][gc           ] GC(1396) Pause Young (Normal) (G1 Evacuation Pause) 388M->341M(1024M) 38.156ms
[2022-04-23T01:27:11.488+0800][gc,cpu       ] GC(1396) User=0.04s Sys=0.05s Real=0.03s
[2022-04-23T01:27:27.415+0800][gc,start     ] GC(1397) Pause Young (Normal) (G1 Evacuation Pause)
[2022-04-23T01:27:27.416+0800][gc,task      ] GC(1397) Using 8 workers of 8 for evacuation
[2022-04-23T01:27:27.422+0800][gc,phases    ] GC(1397)   Pre Evacuate Collection Set: 0.2ms
[2022-04-23T01:27:27.422+0800][gc,phases    ] GC(1397)   Evacuate Collection Set: 5.6ms
[2022-04-23T01:27:27.422+0800][gc,phases    ] GC(1397)   Post Evacuate Collection Set: 0.5ms
[2022-04-23T01:27:27.422+0800][gc,phases    ] GC(1397)   Other: 0.9ms
[2022-04-23T01:27:27.422+0800][gc,heap      ] GC(1397) Eden regions: 48->0(48)
[2022-04-23T01:27:27.422+0800][gc,heap      ] GC(1397) Survivor regions: 3->3(7)
[2022-04-23T01:27:27.423+0800][gc,heap      ] GC(1397) Old regions: 210->210
[2022-04-23T01:27:27.423+0800][gc,heap      ] GC(1397) Archive regions: 2->2
[2022-04-23T01:27:27.423+0800][gc,heap      ] GC(1397) Humongous regions: 129->129
[2022-04-23T01:27:27.423+0800][gc,metaspace ] GC(1397) Metaspace: 43873K->43873K(1089536K)
[2022-04-23T01:27:27.423+0800][gc           ] GC(1397) Pause Young (Normal) (G1 Evacuation Pause) 389M->341M(1024M) 7.476ms
[2022-04-23T01:27:27.423+0800][gc,cpu       ] GC(1397) User=0.02s Sys=0.00s Real=0.01s
[2022-04-23T01:27:43.321+0800][gc,start     ] GC(1398) Pause Young (Normal) (G1 Evacuation Pause)
[2022-04-23T01:27:43.322+0800][gc,task      ] GC(1398) Using 8 workers of 8 for evacuation
[2022-04-23T01:27:43.334+0800][gc,phases    ] GC(1398)   Pre Evacuate Collection Set: 0.2ms
[2022-04-23T01:27:43.334+0800][gc,phases    ] GC(1398)   Evacuate Collection Set: 9.3ms
[2022-04-23T01:27:43.334+0800][gc,phases    ] GC(1398)   Post Evacuate Collection Set: 1.3ms
[2022-04-23T01:27:43.334+0800][gc,phases    ] GC(1398)   Other: 2.2ms
[2022-04-23T01:27:43.334+0800][gc,heap      ] GC(1398) Eden regions: 48->0(48)
[2022-04-23T01:27:43.334+0800][gc,heap      ] GC(1398) Survivor regions: 3->3(7)
[2022-04-23T01:27:43.334+0800][gc,heap      ] GC(1398) Old regions: 210->210
[2022-04-23T01:27:43.334+0800][gc,heap      ] GC(1398) Archive regions: 2->2
[2022-04-23T01:27:43.334+0800][gc,heap      ] GC(1398) Humongous regions: 129->129
[2022-04-23T01:27:43.334+0800][gc,metaspace ] GC(1398) Metaspace: 43873K->43873K(1089536K)
[2022-04-23T01:27:43.334+0800][gc           ] GC(1398) Pause Young (Normal) (G1 Evacuation Pause) 389M->341M(1024M) 13.220ms
[2022-04-23T01:27:43.334+0800][gc,cpu       ] GC(1398) User=0.03s Sys=0.00s Real=0.01s
[2022-04-23T01:27:59.019+0800][gc,start     ] GC(1399) Pause Young (Normal) (G1 Evacuation Pause)
[2022-04-23T01:27:59.021+0800][gc,task      ] GC(1399) Using 8 workers of 8 for evacuation
[2022-04-23T01:27:59.033+0800][gc,phases    ] GC(1399)   Pre Evacuate Collection Set: 0.2ms
[2022-04-23T01:27:59.033+0800][gc,phases    ] GC(1399)   Evacuate Collection Set: 10.8ms
[2022-04-23T01:27:59.033+0800][gc,phases    ] GC(1399)   Post Evacuate Collection Set: 0.7ms
[2022-04-23T01:27:59.033+0800][gc,phases    ] GC(1399)   Other: 1.8ms
[2022-04-23T01:27:59.033+0800][gc,heap      ] GC(1399) Eden regions: 48->0(47)
[2022-04-23T01:27:59.033+0800][gc,heap      ] GC(1399) Survivor regions: 3->4(7)
[2022-04-23T01:27:59.033+0800][gc,heap      ] GC(1399) Old regions: 210->210
[2022-04-23T01:27:59.033+0800][gc,heap      ] GC(1399) Archive regions: 2->2
[2022-04-23T01:27:59.033+0800][gc,heap      ] GC(1399) Humongous regions: 129->129
[2022-04-23T01:27:59.033+0800][gc,metaspace ] GC(1399) Metaspace: 43873K->43873K(1089536K)
[2022-04-23T01:27:59.033+0800][gc           ] GC(1399) Pause Young (Normal) (G1 Evacuation Pause) 389M->342M(1024M) 13.757ms
[2022-04-23T01:27:59.033+0800][gc,cpu       ] GC(1399) User=0.03s Sys=0.01s Real=0.02s
[2022-04-23T01:28:14.527+0800][gc,start     ] GC(1400) Pause Young (Normal) (G1 Evacuation Pause)
[2022-04-23T01:28:14.528+0800][gc,task      ] GC(1400) Using 8 workers of 8 for evacuation
[2022-04-23T01:28:14.540+0800][gc,phases    ] GC(1400)   Pre Evacuate Collection Set: 0.2ms
[2022-04-23T01:28:14.540+0800][gc,phases    ] GC(1400)   Evacuate Collection Set: 10.2ms
[2022-04-23T01:28:14.540+0800][gc,phases    ] GC(1400)   Post Evacuate Collection Set: 0.8ms
[2022-04-23T01:28:14.540+0800][gc,phases    ] GC(1400)   Other: 1.6ms
[2022-04-23T01:28:14.540+0800][gc,heap      ] GC(1400) Eden regions: 47->0(46)
[2022-04-23T01:28:14.540+0800][gc,heap      ] GC(1400) Survivor regions: 4->5(7)
[2022-04-23T01:28:14.540+0800][gc,heap      ] GC(1400) Old regions: 210->210
[2022-04-23T01:28:14.540+0800][gc,heap      ] GC(1400) Archive regions: 2->2
[2022-04-23T01:28:14.540+0800][gc,heap      ] GC(1400) Humongous regions: 129->129
[2022-04-23T01:28:14.540+0800][gc,metaspace ] GC(1400) Metaspace: 43873K->43873K(1089536K)
[2022-04-23T01:28:14.540+0800][gc           ] GC(1400) Pause Young (Normal) (G1 Evacuation Pause) 389M->343M(1024M) 13.062ms
[2022-04-23T01:28:14.540+0800][gc,cpu       ] GC(1400) User=0.02s Sys=0.00s Real=0.02s
[2022-04-23T01:28:29.785+0800][gc,start     ] GC(1401) Pause Young (Normal) (G1 Evacuation Pause)
[2022-04-23T01:28:29.786+0800][gc,task      ] GC(1401) Using 8 workers of 8 for evacuation
[2022-04-23T01:28:29.832+0800][gc,mmu       ] GC(1401) MMU target violated: 21.0ms (20.0ms/21.0ms)
[2022-04-23T01:28:29.832+0800][gc,phases    ] GC(1401)   Pre Evacuate Collection Set: 0.4ms
[2022-04-23T01:28:29.832+0800][gc,phases    ] GC(1401)   Evacuate Collection Set: 44.4ms
[2022-04-23T01:28:29.832+0800][gc,phases    ] GC(1401)   Post Evacuate Collection Set: 0.8ms
[2022-04-23T01:28:29.832+0800][gc,phases    ] GC(1401)   Other: 2.4ms
[2022-04-23T01:28:29.832+0800][gc,heap      ] GC(1401) Eden regions: 46->0(47)
[2022-04-23T01:28:29.832+0800][gc,heap      ] GC(1401) Survivor regions: 5->4(7)
[2022-04-23T01:28:29.832+0800][gc,heap      ] GC(1401) Old regions: 210->211
[2022-04-23T01:28:29.833+0800][gc,heap      ] GC(1401) Archive regions: 2->2
[2022-04-23T01:28:29.833+0800][gc,heap      ] GC(1401) Humongous regions: 129->129
[2022-04-23T01:28:29.833+0800][gc,metaspace ] GC(1401) Metaspace: 43873K->43873K(1089536K)
[2022-04-23T01:28:29.833+0800][gc           ] GC(1401) Pause Young (Normal) (G1 Evacuation Pause) 389M->344M(1024M) 48.034ms
[2022-04-23T01:28:29.833+0800][gc,cpu       ] GC(1401) User=0.03s Sys=0.03s Real=0.05s
[2022-04-23T01:28:45.228+0800][gc,start     ] GC(1402) Pause Young (Normal) (G1 Evacuation Pause)
[2022-04-23T01:28:45.228+0800][gc,task      ] GC(1402) Using 8 workers of 8 for evacuation
[2022-04-23T01:28:45.243+0800][gc,phases    ] GC(1402)   Pre Evacuate Collection Set: 0.2ms
[2022-04-23T01:28:45.243+0800][gc,phases    ] GC(1402)   Evacuate Collection Set: 12.4ms
[2022-04-23T01:28:45.243+0800][gc,phases    ] GC(1402)   Post Evacuate Collection Set: 1.0ms
[2022-04-23T01:28:45.243+0800][gc,phases    ] GC(1402)   Other: 2.0ms
[2022-04-23T01:28:45.243+0800][gc,heap      ] GC(1402) Eden regions: 47->0(47)
[2022-04-23T01:28:45.243+0800][gc,heap      ] GC(1402) Survivor regions: 4->4(7)
[2022-04-23T01:28:45.243+0800][gc,heap      ] GC(1402) Old regions: 211->211
[2022-04-23T01:28:45.243+0800][gc,heap      ] GC(1402) Archive regions: 2->2
[2022-04-23T01:28:45.243+0800][gc,heap      ] GC(1402) Humongous regions: 129->129
[2022-04-23T01:28:45.243+0800][gc,metaspace ] GC(1402) Metaspace: 43873K->43873K(1089536K)
[2022-04-23T01:28:45.243+0800][gc           ] GC(1402) Pause Young (Normal) (G1 Evacuation Pause) 391M->344M(1024M) 15.778ms
[2022-04-23T01:28:45.243+0800][gc,cpu       ] GC(1402) User=0.03s Sys=0.02s Real=0.02s
[2022-04-23T01:29:00.629+0800][gc,start     ] GC(1403) Pause Young (Normal) (G1 Evacuation Pause)
[2022-04-23T01:29:00.629+0800][gc,task      ] GC(1403) Using 8 workers of 8 for evacuation
[2022-04-23T01:29:00.648+0800][gc,phases    ] GC(1403)   Pre Evacuate Collection Set: 0.4ms
[2022-04-23T01:29:00.648+0800][gc,phases    ] GC(1403)   Evacuate Collection Set: 17.1ms
[2022-04-23T01:29:00.648+0800][gc,phases    ] GC(1403)   Post Evacuate Collection Set: 0.7ms
[2022-04-23T01:29:00.648+0800][gc,phases    ] GC(1403)   Other: 1.4ms
[2022-04-23T01:29:00.648+0800][gc,heap      ] GC(1403) Eden regions: 47->0(46)
[2022-04-23T01:29:00.648+0800][gc,heap      ] GC(1403) Survivor regions: 4->5(7)
[2022-04-23T01:29:00.648+0800][gc,heap      ] GC(1403) Old regions: 211->211
[2022-04-23T01:29:00.648+0800][gc,heap      ] GC(1403) Archive regions: 2->2
[2022-04-23T01:29:00.648+0800][gc,heap      ] GC(1403) Humongous regions: 129->129
[2022-04-23T01:29:00.648+0800][gc,metaspace ] GC(1403) Metaspace: 43873K->43873K(1089536K)
[2022-04-23T01:29:00.648+0800][gc           ] GC(1403) Pause Young (Normal) (G1 Evacuation Pause) 391M->344M(1024M) 19.676ms
[2022-04-23T01:29:00.648+0800][gc,cpu       ] GC(1403) User=0.05s Sys=0.01s Real=0.02s
[2022-04-23T01:29:15.885+0800][gc,start     ] GC(1404) Pause Young (Normal) (G1 Evacuation Pause)
[2022-04-23T01:29:15.885+0800][gc,task      ] GC(1404) Using 8 workers of 8 for evacuation
[2022-04-23T01:29:15.905+0800][gc,phases    ] GC(1404)   Pre Evacuate Collection Set: 0.2ms
[2022-04-23T01:29:15.905+0800][gc,phases    ] GC(1404)   Evacuate Collection Set: 18.1ms
[2022-04-23T01:29:15.905+0800][gc,phases    ] GC(1404)   Post Evacuate Collection Set: 0.8ms
[2022-04-23T01:29:15.905+0800][gc,phases    ] GC(1404)   Other: 1.1ms
[2022-04-23T01:29:15.905+0800][gc,heap      ] GC(1404) Eden regions: 46->0(47)
[2022-04-23T01:29:15.905+0800][gc,heap      ] GC(1404) Survivor regions: 5->4(7)
[2022-04-23T01:29:15.905+0800][gc,heap      ] GC(1404) Old regions: 211->212
[2022-04-23T01:29:15.905+0800][gc,heap      ] GC(1404) Archive regions: 2->2
[2022-04-23T01:29:15.905+0800][gc,heap      ] GC(1404) Humongous regions: 129->129
[2022-04-23T01:29:15.905+0800][gc,metaspace ] GC(1404) Metaspace: 43873K->43873K(1089536K)
[2022-04-23T01:29:15.905+0800][gc           ] GC(1404) Pause Young (Normal) (G1 Evacuation Pause) 390M->344M(1024M) 20.528ms
[2022-04-23T01:29:15.905+0800][gc,cpu       ] GC(1404) User=0.04s Sys=0.02s Real=0.02s
[2022-04-23T01:29:31.732+0800][gc,start     ] GC(1405) Pause Young (Normal) (G1 Evacuation Pause)
[2022-04-23T01:29:31.732+0800][gc,task      ] GC(1405) Using 8 workers of 8 for evacuation
[2022-04-23T01:29:31.746+0800][gc,phases    ] GC(1405)   Pre Evacuate Collection Set: 0.3ms
[2022-04-23T01:29:31.746+0800][gc,phases    ] GC(1405)   Evacuate Collection Set: 10.9ms
[2022-04-23T01:29:31.746+0800][gc,phases    ] GC(1405)   Post Evacuate Collection Set: 1.5ms
[2022-04-23T01:29:31.746+0800][gc,phases    ] GC(1405)   Other: 1.2ms
[2022-04-23T01:29:31.746+0800][gc,heap      ] GC(1405) Eden regions: 47->0(47)
[2022-04-23T01:29:31.746+0800][gc,heap      ] GC(1405) Survivor regions: 4->4(7)
[2022-04-23T01:29:31.746+0800][gc,heap      ] GC(1405) Old regions: 212->212
[2022-04-23T01:29:31.746+0800][gc,heap      ] GC(1405) Archive regions: 2->2
[2022-04-23T01:29:31.746+0800][gc,heap      ] GC(1405) Humongous regions: 129->129
[2022-04-23T01:29:31.746+0800][gc,metaspace ] GC(1405) Metaspace: 43873K->43873K(1089536K)
[2022-04-23T01:29:31.746+0800][gc           ] GC(1405) Pause Young (Normal) (G1 Evacuation Pause) 391M->344M(1024M) 14.338ms
[2022-04-23T01:29:31.747+0800][gc,cpu       ] GC(1405) User=0.03s Sys=0.00s Real=0.01s
[2022-04-23T01:29:47.272+0800][gc,start     ] GC(1406) Pause Young (Normal) (G1 Evacuation Pause)
[2022-04-23T01:29:47.273+0800][gc,task      ] GC(1406) Using 8 workers of 8 for evacuation
[2022-04-23T01:29:47.294+0800][gc,mmu       ] GC(1406) MMU target violated: 21.0ms (20.0ms/21.0ms)
[2022-04-23T01:29:47.295+0800][gc,phases    ] GC(1406)   Pre Evacuate Collection Set: 0.7ms
[2022-04-23T01:29:47.295+0800][gc,phases    ] GC(1406)   Evacuate Collection Set: 18.0ms
[2022-04-23T01:29:47.295+0800][gc,phases    ] GC(1406)   Post Evacuate Collection Set: 0.9ms
[2022-04-23T01:29:47.295+0800][gc,phases    ] GC(1406)   Other: 2.9ms
[2022-04-23T01:29:47.295+0800][gc,heap      ] GC(1406) Eden regions: 47->0(47)
[2022-04-23T01:29:47.295+0800][gc,heap      ] GC(1406) Survivor regions: 4->4(7)
[2022-04-23T01:29:47.295+0800][gc,heap      ] GC(1406) Old regions: 212->212
[2022-04-23T01:29:47.295+0800][gc,heap      ] GC(1406) Archive regions: 2->2
[2022-04-23T01:29:47.295+0800][gc,heap      ] GC(1406) Humongous regions: 129->129
[2022-04-23T01:29:47.295+0800][gc,metaspace ] GC(1406) Metaspace: 43873K->43873K(1089536K)
[2022-04-23T01:29:47.295+0800][gc           ] GC(1406) Pause Young (Normal) (G1 Evacuation Pause) 391M->344M(1024M) 22.674ms
[2022-04-23T01:29:47.295+0800][gc,cpu       ] GC(1406) User=0.03s Sys=0.02s Real=0.02s
[2022-04-23T01:30:02.832+0800][gc,start     ] GC(1407) Pause Young (Normal) (G1 Evacuation Pause)
[2022-04-23T01:30:02.833+0800][gc,task      ] GC(1407) Using 8 workers of 8 for evacuation
[2022-04-23T01:30:02.852+0800][gc,phases    ] GC(1407)   Pre Evacuate Collection Set: 0.5ms
[2022-04-23T01:30:02.852+0800][gc,phases    ] GC(1407)   Evacuate Collection Set: 16.1ms
[2022-04-23T01:30:02.852+0800][gc,phases    ] GC(1407)   Post Evacuate Collection Set: 1.5ms
[2022-04-23T01:30:02.852+0800][gc,phases    ] GC(1407)   Other: 2.1ms
[2022-04-23T01:30:02.852+0800][gc,heap      ] GC(1407) Eden regions: 47->0(45)
[2022-04-23T01:30:02.852+0800][gc,heap      ] GC(1407) Survivor regions: 4->6(7)
[2022-04-23T01:30:02.852+0800][gc,heap      ] GC(1407) Old regions: 212->212
[2022-04-23T01:30:02.852+0800][gc,heap      ] GC(1407) Archive regions: 2->2
[2022-04-23T01:30:02.852+0800][gc,heap      ] GC(1407) Humongous regions: 129->129
[2022-04-23T01:30:02.852+0800][gc,metaspace ] GC(1407) Metaspace: 43873K->43873K(1089536K)
[2022-04-23T01:30:02.853+0800][gc           ] GC(1407) Pause Young (Normal) (G1 Evacuation Pause) 391M->346M(1024M) 20.461ms
[2022-04-23T01:30:02.853+0800][gc,cpu       ] GC(1407) User=0.04s Sys=0.02s Real=0.02s
[2022-04-23T01:30:17.623+0800][gc,start     ] GC(1408) Pause Young (Normal) (G1 Evacuation Pause)
[2022-04-23T01:30:17.623+0800][gc,task      ] GC(1408) Using 8 workers of 8 for evacuation
[2022-04-23T01:30:17.660+0800][gc,mmu       ] GC(1408) MMU target violated: 21.0ms (20.0ms/21.0ms)
[2022-04-23T01:30:17.661+0800][gc,phases    ] GC(1408)   Pre Evacuate Collection Set: 0.1ms
[2022-04-23T01:30:17.661+0800][gc,phases    ] GC(1408)   Evacuate Collection Set: 36.9ms
[2022-04-23T01:30:17.661+0800][gc,phases    ] GC(1408)   Post Evacuate Collection Set: 0.3ms
[2022-04-23T01:30:17.661+0800][gc,phases    ] GC(1408)   Other: 0.6ms
[2022-04-23T01:30:17.661+0800][gc,heap      ] GC(1408) Eden regions: 45->0(47)
[2022-04-23T01:30:17.661+0800][gc,heap      ] GC(1408) Survivor regions: 6->4(7)
[2022-04-23T01:30:17.661+0800][gc,heap      ] GC(1408) Old regions: 212->214
[2022-04-23T01:30:17.661+0800][gc,heap      ] GC(1408) Archive regions: 2->2
[2022-04-23T01:30:17.661+0800][gc,heap      ] GC(1408) Humongous regions: 129->129
[2022-04-23T01:30:17.661+0800][gc,metaspace ] GC(1408) Metaspace: 43873K->43873K(1089536K)
[2022-04-23T01:30:17.661+0800][gc           ] GC(1408) Pause Young (Normal) (G1 Evacuation Pause) 391M->346M(1024M) 37.994ms
[2022-04-23T01:30:17.661+0800][gc,cpu       ] GC(1408) User=0.03s Sys=0.02s Real=0.04s
[2022-04-23T01:30:33.157+0800][gc,start     ] GC(1409) Pause Young (Normal) (G1 Evacuation Pause)
[2022-04-23T01:30:33.160+0800][gc,task      ] GC(1409) Using 8 workers of 8 for evacuation
[2022-04-23T01:30:33.171+0800][gc,phases    ] GC(1409)   Pre Evacuate Collection Set: 0.2ms
[2022-04-23T01:30:33.171+0800][gc,phases    ] GC(1409)   Evacuate Collection Set: 9.3ms
[2022-04-23T01:30:33.171+0800][gc,phases    ] GC(1409)   Post Evacuate Collection Set: 1.0ms
[2022-04-23T01:30:33.171+0800][gc,phases    ] GC(1409)   Other: 3.9ms
[2022-04-23T01:30:33.171+0800][gc,heap      ] GC(1409) Eden regions: 47->0(47)
[2022-04-23T01:30:33.172+0800][gc,heap      ] GC(1409) Survivor regions: 4->4(7)
[2022-04-23T01:30:33.172+0800][gc,heap      ] GC(1409) Old regions: 214->214
[2022-04-23T01:30:33.172+0800][gc,heap      ] GC(1409) Archive regions: 2->2
[2022-04-23T01:30:33.172+0800][gc,heap      ] GC(1409) Humongous regions: 129->129
[2022-04-23T01:30:33.172+0800][gc,metaspace ] GC(1409) Metaspace: 43873K->43873K(1089536K)
[2022-04-23T01:30:33.172+0800][gc           ] GC(1409) Pause Young (Normal) (G1 Evacuation Pause) 393M->346M(1024M) 14.639ms
[2022-04-23T01:30:33.172+0800][gc,cpu       ] GC(1409) User=0.03s Sys=0.01s Real=0.02s
[2022-04-23T01:30:48.774+0800][gc,start     ] GC(1410) Pause Young (Normal) (G1 Evacuation Pause)
[2022-04-23T01:30:48.774+0800][gc,task      ] GC(1410) Using 8 workers of 8 for evacuation
[2022-04-23T01:30:48.788+0800][gc,phases    ] GC(1410)   Pre Evacuate Collection Set: 0.4ms
[2022-04-23T01:30:48.789+0800][gc,phases    ] GC(1410)   Evacuate Collection Set: 12.3ms
[2022-04-23T01:30:48.789+0800][gc,phases    ] GC(1410)   Post Evacuate Collection Set: 0.7ms
[2022-04-23T01:30:48.789+0800][gc,phases    ] GC(1410)   Other: 1.4ms
[2022-04-23T01:30:48.789+0800][gc,heap      ] GC(1410) Eden regions: 47->0(47)
[2022-04-23T01:30:48.789+0800][gc,heap      ] GC(1410) Survivor regions: 4->5(7)
[2022-04-23T01:30:48.789+0800][gc,heap      ] GC(1410) Old regions: 214->214
[2022-04-23T01:30:48.789+0800][gc,heap      ] GC(1410) Archive regions: 2->2
[2022-04-23T01:30:48.789+0800][gc,heap      ] GC(1410) Humongous regions: 129->129
[2022-04-23T01:30:48.789+0800][gc,metaspace ] GC(1410) Metaspace: 43873K->43873K(1089536K)
[2022-04-23T01:30:48.789+0800][gc           ] GC(1410) Pause Young (Normal) (G1 Evacuation Pause) 393M->347M(1024M) 14.988ms
[2022-04-23T01:30:48.789+0800][gc,cpu       ] GC(1410) User=0.05s Sys=0.00s Real=0.01s
[2022-04-23T01:31:04.477+0800][gc,start     ] GC(1411) Pause Young (Normal) (G1 Evacuation Pause)
[2022-04-23T01:31:04.478+0800][gc,task      ] GC(1411) Using 8 workers of 8 for evacuation
[2022-04-23T01:31:04.501+0800][gc,mmu       ] GC(1411) MMU target violated: 21.0ms (20.0ms/21.0ms)
[2022-04-23T01:31:04.502+0800][gc,phases    ] GC(1411)   Pre Evacuate Collection Set: 0.4ms
[2022-04-23T01:31:04.502+0800][gc,phases    ] GC(1411)   Evacuate Collection Set: 20.7ms
[2022-04-23T01:31:04.502+0800][gc,phases    ] GC(1411)   Post Evacuate Collection Set: 0.8ms
[2022-04-23T01:31:04.502+0800][gc,phases    ] GC(1411)   Other: 2.5ms
[2022-04-23T01:31:04.502+0800][gc,heap      ] GC(1411) Eden regions: 47->0(47)
[2022-04-23T01:31:04.502+0800][gc,heap      ] GC(1411) Survivor regions: 5->4(7)
[2022-04-23T01:31:04.502+0800][gc,heap      ] GC(1411) Old regions: 214->214
[2022-04-23T01:31:04.502+0800][gc,heap      ] GC(1411) Archive regions: 2->2
[2022-04-23T01:31:04.502+0800][gc,heap      ] GC(1411) Humongous regions: 129->129
[2022-04-23T01:31:04.502+0800][gc,metaspace ] GC(1411) Metaspace: 43873K->43873K(1089536K)
[2022-04-23T01:31:04.502+0800][gc           ] GC(1411) Pause Young (Normal) (G1 Evacuation Pause) 394M->347M(1024M) 24.473ms
[2022-04-23T01:31:04.502+0800][gc,cpu       ] GC(1411) User=0.04s Sys=0.01s Real=0.03s
[2022-04-23T01:31:20.248+0800][gc,start     ] GC(1412) Pause Young (Normal) (G1 Evacuation Pause)
[2022-04-23T01:31:20.254+0800][gc,task      ] GC(1412) Using 8 workers of 8 for evacuation
[2022-04-23T01:31:20.275+0800][gc,mmu       ] GC(1412) MMU target violated: 20.6ms (20.0ms/21.0ms)
[2022-04-23T01:31:20.275+0800][gc,phases    ] GC(1412)   Pre Evacuate Collection Set: 0.2ms
[2022-04-23T01:31:20.275+0800][gc,phases    ] GC(1412)   Evacuate Collection Set: 19.4ms
[2022-04-23T01:31:20.275+0800][gc,phases    ] GC(1412)   Post Evacuate Collection Set: 0.7ms
[2022-04-23T01:31:20.275+0800][gc,phases    ] GC(1412)   Other: 6.7ms
[2022-04-23T01:31:20.275+0800][gc,heap      ] GC(1412) Eden regions: 47->0(48)
[2022-04-23T01:31:20.275+0800][gc,heap      ] GC(1412) Survivor regions: 4->5(7)
[2022-04-23T01:31:20.275+0800][gc,heap      ] GC(1412) Old regions: 214->214
[2022-04-23T01:31:20.275+0800][gc,heap      ] GC(1412) Archive regions: 2->2
[2022-04-23T01:31:20.275+0800][gc,heap      ] GC(1412) Humongous regions: 129->129
[2022-04-23T01:31:20.275+0800][gc,metaspace ] GC(1412) Metaspace: 43873K->43873K(1089536K)
[2022-04-23T01:31:20.275+0800][gc           ] GC(1412) Pause Young (Normal) (G1 Evacuation Pause) 394M->347M(1024M) 27.210ms
[2022-04-23T01:31:20.275+0800][gc,cpu       ] GC(1412) User=0.05s Sys=0.01s Real=0.03s
[2022-04-23T01:31:36.181+0800][gc,start     ] GC(1413) Pause Young (Normal) (G1 Evacuation Pause)
[2022-04-23T01:31:36.195+0800][gc,task      ] GC(1413) Using 8 workers of 8 for evacuation
[2022-04-23T01:31:36.215+0800][gc,mmu       ] GC(1413) MMU target violated: 20.3ms (20.0ms/21.0ms)
[2022-04-23T01:31:36.215+0800][gc,phases    ] GC(1413)   Pre Evacuate Collection Set: 0.2ms
[2022-04-23T01:31:36.215+0800][gc,phases    ] GC(1413)   Evacuate Collection Set: 19.2ms
[2022-04-23T01:31:36.215+0800][gc,phases    ] GC(1413)   Post Evacuate Collection Set: 0.6ms
[2022-04-23T01:31:36.215+0800][gc,phases    ] GC(1413)   Other: 14.7ms
[2022-04-23T01:31:36.215+0800][gc,heap      ] GC(1413) Eden regions: 48->0(47)
[2022-04-23T01:31:36.215+0800][gc,heap      ] GC(1413) Survivor regions: 5->4(7)
[2022-04-23T01:31:36.215+0800][gc,heap      ] GC(1413) Old regions: 214->215
[2022-04-23T01:31:36.215+0800][gc,heap      ] GC(1413) Archive regions: 2->2
[2022-04-23T01:31:36.215+0800][gc,heap      ] GC(1413) Humongous regions: 129->129
[2022-04-23T01:31:36.215+0800][gc,metaspace ] GC(1413) Metaspace: 43873K->43873K(1089536K)
[2022-04-23T01:31:36.216+0800][gc           ] GC(1413) Pause Young (Normal) (G1 Evacuation Pause) 395M->347M(1024M) 34.891ms
[2022-04-23T01:31:36.216+0800][gc,cpu       ] GC(1413) User=0.04s Sys=0.01s Real=0.03s
[2022-04-23T01:31:51.728+0800][gc,start     ] GC(1414) Pause Young (Normal) (G1 Evacuation Pause)
[2022-04-23T01:31:51.743+0800][gc,task      ] GC(1414) Using 8 workers of 8 for evacuation
[2022-04-23T01:31:51.766+0800][gc,mmu       ] GC(1414) MMU target violated: 21.0ms (20.0ms/21.0ms)
[2022-04-23T01:31:51.766+0800][gc,phases    ] GC(1414)   Pre Evacuate Collection Set: 0.3ms
[2022-04-23T01:31:51.766+0800][gc,phases    ] GC(1414)   Evacuate Collection Set: 21.4ms
[2022-04-23T01:31:51.766+0800][gc,phases    ] GC(1414)   Post Evacuate Collection Set: 0.8ms
[2022-04-23T01:31:51.767+0800][gc,phases    ] GC(1414)   Other: 15.9ms
[2022-04-23T01:31:51.767+0800][gc,heap      ] GC(1414) Eden regions: 47->0(47)
[2022-04-23T01:31:51.767+0800][gc,heap      ] GC(1414) Survivor regions: 4->6(7)
[2022-04-23T01:31:51.767+0800][gc,heap      ] GC(1414) Old regions: 215->215
[2022-04-23T01:31:51.767+0800][gc,heap      ] GC(1414) Archive regions: 2->2
[2022-04-23T01:31:51.767+0800][gc,heap      ] GC(1414) Humongous regions: 129->129
[2022-04-23T01:31:51.767+0800][gc,metaspace ] GC(1414) Metaspace: 43873K->43873K(1089536K)
[2022-04-23T01:31:51.767+0800][gc           ] GC(1414) Pause Young (Normal) (G1 Evacuation Pause) 394M->349M(1024M) 38.561ms
[2022-04-23T01:31:51.767+0800][gc,cpu       ] GC(1414) User=0.05s Sys=0.02s Real=0.04s
[2022-04-23T01:32:06.646+0800][gc,start     ] GC(1415) Pause Young (Normal) (G1 Evacuation Pause)
[2022-04-23T01:32:06.659+0800][gc,task      ] GC(1415) Using 8 workers of 8 for evacuation
[2022-04-23T01:32:06.686+0800][gc,mmu       ] GC(1415) MMU target violated: 21.0ms (20.0ms/21.0ms)
[2022-04-23T01:32:06.687+0800][gc,phases    ] GC(1415)   Pre Evacuate Collection Set: 0.2ms
[2022-04-23T01:32:06.687+0800][gc,phases    ] GC(1415)   Evacuate Collection Set: 24.7ms
[2022-04-23T01:32:06.687+0800][gc,phases    ] GC(1415)   Post Evacuate Collection Set: 1.4ms
[2022-04-23T01:32:06.687+0800][gc,phases    ] GC(1415)   Other: 14.7ms
[2022-04-23T01:32:06.687+0800][gc,heap      ] GC(1415) Eden regions: 45->0(47)
[2022-04-23T01:32:06.687+0800][gc,heap      ] GC(1415) Survivor regions: 6->4(7)
[2022-04-23T01:32:06.687+0800][gc,heap      ] GC(1415) Old regions: 215->217
[2022-04-23T01:32:06.687+0800][gc,heap      ] GC(1415) Archive regions: 2->2
[2022-04-23T01:32:06.687+0800][gc,heap      ] GC(1415) Humongous regions: 129->129
[2022-04-23T01:32:06.687+0800][gc,metaspace ] GC(1415) Metaspace: 43873K->43873K(1089536K)
[2022-04-23T01:32:06.687+0800][gc           ] GC(1415) Pause Young (Normal) (G1 Evacuation Pause) 394M->349M(1024M) 41.022ms
[2022-04-23T01:32:06.687+0800][gc,cpu       ] GC(1415) User=0.05s Sys=0.03s Real=0.04s
[2022-04-23T01:32:22.263+0800][gc,start     ] GC(1416) Pause Young (Normal) (G1 Evacuation Pause)
[2022-04-23T01:32:22.277+0800][gc,task      ] GC(1416) Using 8 workers of 8 for evacuation
[2022-04-23T01:32:22.308+0800][gc,phases    ] GC(1416)   Pre Evacuate Collection Set: 0.2ms
[2022-04-23T01:32:22.308+0800][gc,phases    ] GC(1416)   Evacuate Collection Set: 12.7ms
[2022-04-23T01:32:22.309+0800][gc,phases    ] GC(1416)   Post Evacuate Collection Set: 1.2ms
[2022-04-23T01:32:22.309+0800][gc,phases    ] GC(1416)   Other: 31.6ms
[2022-04-23T01:32:22.309+0800][gc,heap      ] GC(1416) Eden regions: 47->0(47)
[2022-04-23T01:32:22.309+0800][gc,heap      ] GC(1416) Survivor regions: 4->4(7)
[2022-04-23T01:32:22.309+0800][gc,heap      ] GC(1416) Old regions: 217->217
[2022-04-23T01:32:22.309+0800][gc,heap      ] GC(1416) Archive regions: 2->2
[2022-04-23T01:32:22.309+0800][gc,heap      ] GC(1416) Humongous regions: 129->129
[2022-04-23T01:32:22.309+0800][gc,metaspace ] GC(1416) Metaspace: 43873K->43873K(1089536K)
[2022-04-23T01:32:22.309+0800][gc           ] GC(1416) Pause Young (Normal) (G1 Evacuation Pause) 396M->349M(1024M) 45.733ms
[2022-04-23T01:32:22.309+0800][gc,cpu       ] GC(1416) User=0.03s Sys=0.00s Real=0.04s
[2022-04-23T01:32:37.868+0800][gc,start     ] GC(1417) Pause Young (Normal) (G1 Evacuation Pause)
[2022-04-23T01:32:37.869+0800][gc,task      ] GC(1417) Using 8 workers of 8 for evacuation
[2022-04-23T01:32:37.882+0800][gc,phases    ] GC(1417)   Pre Evacuate Collection Set: 0.1ms
[2022-04-23T01:32:37.883+0800][gc,phases    ] GC(1417)   Evacuate Collection Set: 12.4ms
[2022-04-23T01:32:37.883+0800][gc,phases    ] GC(1417)   Post Evacuate Collection Set: 0.7ms
[2022-04-23T01:32:37.883+0800][gc,phases    ] GC(1417)   Other: 1.3ms
[2022-04-23T01:32:37.883+0800][gc,heap      ] GC(1417) Eden regions: 47->0(49)
[2022-04-23T01:32:37.883+0800][gc,heap      ] GC(1417) Survivor regions: 4->4(7)
[2022-04-23T01:32:37.883+0800][gc,heap      ] GC(1417) Old regions: 217->217
[2022-04-23T01:32:37.883+0800][gc,heap      ] GC(1417) Archive regions: 2->2
[2022-04-23T01:32:37.883+0800][gc,heap      ] GC(1417) Humongous regions: 129->129
[2022-04-23T01:32:37.883+0800][gc,metaspace ] GC(1417) Metaspace: 43873K->43873K(1089536K)
[2022-04-23T01:32:37.883+0800][gc           ] GC(1417) Pause Young (Normal) (G1 Evacuation Pause) 396M->349M(1024M) 14.848ms
[2022-04-23T01:32:37.883+0800][gc,cpu       ] GC(1417) User=0.03s Sys=0.00s Real=0.02s
[2022-04-23T01:32:53.549+0800][gc,start     ] GC(1418) Pause Young (Normal) (G1 Evacuation Pause)
[2022-04-23T01:32:53.549+0800][gc,task      ] GC(1418) Using 8 workers of 8 for evacuation
[2022-04-23T01:32:53.563+0800][gc,phases    ] GC(1418)   Pre Evacuate Collection Set: 0.7ms
[2022-04-23T01:32:53.563+0800][gc,phases    ] GC(1418)   Evacuate Collection Set: 11.4ms
[2022-04-23T01:32:53.563+0800][gc,phases    ] GC(1418)   Post Evacuate Collection Set: 0.5ms
[2022-04-23T01:32:53.563+0800][gc,phases    ] GC(1418)   Other: 1.5ms
[2022-04-23T01:32:53.563+0800][gc,heap      ] GC(1418) Eden regions: 47->0(51)
[2022-04-23T01:32:53.563+0800][gc,heap      ] GC(1418) Survivor regions: 4->4(7)
[2022-04-23T01:32:53.563+0800][gc,heap      ] GC(1418) Old regions: 217->217
[2022-04-23T01:32:53.563+0800][gc,heap      ] GC(1418) Archive regions: 2->2
[2022-04-23T01:32:53.563+0800][gc,heap      ] GC(1418) Humongous regions: 129->129
[2022-04-23T01:32:53.563+0800][gc,metaspace ] GC(1418) Metaspace: 43873K->43873K(1089536K)
[2022-04-23T01:32:53.563+0800][gc           ] GC(1418) Pause Young (Normal) (G1 Evacuation Pause) 396M->350M(1024M) 14.268ms
[2022-04-23T01:32:53.563+0800][gc,cpu       ] GC(1418) User=0.03s Sys=0.00s Real=0.02s
[2022-04-23T01:33:12.680+0800][gc,start     ] GC(1419) Pause Young (Normal) (G1 Evacuation Pause)
[2022-04-23T01:33:12.680+0800][gc,task      ] GC(1419) Using 8 workers of 8 for evacuation
[2022-04-23T01:33:12.720+0800][gc,mmu       ] GC(1419) MMU target violated: 21.0ms (20.0ms/21.0ms)
[2022-04-23T01:33:12.720+0800][gc,phases    ] GC(1419)   Pre Evacuate Collection Set: 0.3ms
[2022-04-23T01:33:12.720+0800][gc,phases    ] GC(1419)   Evacuate Collection Set: 36.7ms
[2022-04-23T01:33:12.720+0800][gc,phases    ] GC(1419)   Post Evacuate Collection Set: 1.8ms
[2022-04-23T01:33:12.721+0800][gc,phases    ] GC(1419)   Other: 1.7ms
[2022-04-23T01:33:12.721+0800][gc,heap      ] GC(1419) Eden regions: 51->0(46)
[2022-04-23T01:33:12.721+0800][gc,heap      ] GC(1419) Survivor regions: 4->5(7)
[2022-04-23T01:33:12.721+0800][gc,heap      ] GC(1419) Old regions: 217->217
[2022-04-23T01:33:12.721+0800][gc,heap      ] GC(1419) Archive regions: 2->2
[2022-04-23T01:33:12.721+0800][gc,heap      ] GC(1419) Humongous regions: 129->129
[2022-04-23T01:33:12.721+0800][gc,metaspace ] GC(1419) Metaspace: 43873K->43873K(1089536K)
[2022-04-23T01:33:12.721+0800][gc           ] GC(1419) Pause Young (Normal) (G1 Evacuation Pause) 401M->350M(1024M) 40.604ms
[2022-04-23T01:33:12.721+0800][gc,cpu       ] GC(1419) User=0.03s Sys=0.03s Real=0.04s
[2022-04-23T01:33:28.097+0800][gc,start     ] GC(1420) Pause Young (Normal) (G1 Evacuation Pause)
[2022-04-23T01:33:28.097+0800][gc,task      ] GC(1420) Using 8 workers of 8 for evacuation
[2022-04-23T01:33:28.116+0800][gc,phases    ] GC(1420)   Pre Evacuate Collection Set: 0.1ms
[2022-04-23T01:33:28.116+0800][gc,phases    ] GC(1420)   Evacuate Collection Set: 17.0ms
[2022-04-23T01:33:28.116+0800][gc,phases    ] GC(1420)   Post Evacuate Collection Set: 0.5ms
[2022-04-23T01:33:28.116+0800][gc,phases    ] GC(1420)   Other: 0.8ms
[2022-04-23T01:33:28.116+0800][gc,heap      ] GC(1420) Eden regions: 46->0(47)
[2022-04-23T01:33:28.116+0800][gc,heap      ] GC(1420) Survivor regions: 5->4(7)
[2022-04-23T01:33:28.116+0800][gc,heap      ] GC(1420) Old regions: 217->218
[2022-04-23T01:33:28.116+0800][gc,heap      ] GC(1420) Archive regions: 2->2
[2022-04-23T01:33:28.116+0800][gc,heap      ] GC(1420) Humongous regions: 129->129
[2022-04-23T01:33:28.116+0800][gc,metaspace ] GC(1420) Metaspace: 43873K->43873K(1089536K)
[2022-04-23T01:33:28.116+0800][gc           ] GC(1420) Pause Young (Normal) (G1 Evacuation Pause) 396M->350M(1024M) 18.783ms
[2022-04-23T01:33:28.116+0800][gc,cpu       ] GC(1420) User=0.05s Sys=0.01s Real=0.02s
[2022-04-23T01:33:43.828+0800][gc,start     ] GC(1421) Pause Young (Normal) (G1 Evacuation Pause)
[2022-04-23T01:33:43.828+0800][gc,task      ] GC(1421) Using 8 workers of 8 for evacuation
[2022-04-23T01:33:43.845+0800][gc,phases    ] GC(1421)   Pre Evacuate Collection Set: 0.4ms
[2022-04-23T01:33:43.845+0800][gc,phases    ] GC(1421)   Evacuate Collection Set: 15.3ms
[2022-04-23T01:33:43.846+0800][gc,phases    ] GC(1421)   Post Evacuate Collection Set: 0.7ms
[2022-04-23T01:33:43.846+0800][gc,phases    ] GC(1421)   Other: 1.5ms
[2022-04-23T01:33:43.846+0800][gc,heap      ] GC(1421) Eden regions: 47->0(49)
[2022-04-23T01:33:43.846+0800][gc,heap      ] GC(1421) Survivor regions: 4->4(7)
[2022-04-23T01:33:43.846+0800][gc,heap      ] GC(1421) Old regions: 218->218
[2022-04-23T01:33:43.846+0800][gc,heap      ] GC(1421) Archive regions: 2->2
[2022-04-23T01:33:43.846+0800][gc,heap      ] GC(1421) Humongous regions: 129->129
[2022-04-23T01:33:43.846+0800][gc,metaspace ] GC(1421) Metaspace: 43874K->43874K(1089536K)
[2022-04-23T01:33:43.846+0800][gc           ] GC(1421) Pause Young (Normal) (G1 Evacuation Pause) 397M->351M(1024M) 18.059ms
[2022-04-23T01:33:43.846+0800][gc,cpu       ] GC(1421) User=0.05s Sys=0.01s Real=0.02s
[2022-04-23T01:33:59.235+0800][gc,start     ] GC(1422) Pause Young (Normal) (G1 Evacuation Pause)
[2022-04-23T01:33:59.236+0800][gc,task      ] GC(1422) Using 8 workers of 8 for evacuation
[2022-04-23T01:33:59.248+0800][gc,phases    ] GC(1422)   Pre Evacuate Collection Set: 0.2ms
[2022-04-23T01:33:59.248+0800][gc,phases    ] GC(1422)   Evacuate Collection Set: 10.8ms
[2022-04-23T01:33:59.248+0800][gc,phases    ] GC(1422)   Post Evacuate Collection Set: 0.6ms
[2022-04-23T01:33:59.248+0800][gc,phases    ] GC(1422)   Other: 1.6ms
[2022-04-23T01:33:59.248+0800][gc,heap      ] GC(1422) Eden regions: 47->0(50)
[2022-04-23T01:33:59.248+0800][gc,heap      ] GC(1422) Survivor regions: 4->4(7)
[2022-04-23T01:33:59.248+0800][gc,heap      ] GC(1422) Old regions: 218->218
[2022-04-23T01:33:59.248+0800][gc,heap      ] GC(1422) Archive regions: 2->2
[2022-04-23T01:33:59.248+0800][gc,heap      ] GC(1422) Humongous regions: 129->129
[2022-04-23T01:33:59.248+0800][gc,metaspace ] GC(1422) Metaspace: 43874K->43874K(1089536K)
[2022-04-23T01:33:59.248+0800][gc           ] GC(1422) Pause Young (Normal) (G1 Evacuation Pause) 398M->351M(1024M) 13.472ms
[2022-04-23T01:33:59.248+0800][gc,cpu       ] GC(1422) User=0.03s Sys=0.00s Real=0.01s
[2022-04-23T01:34:15.044+0800][gc,start     ] GC(1423) Pause Young (Normal) (G1 Evacuation Pause)
[2022-04-23T01:34:15.044+0800][gc,task      ] GC(1423) Using 8 workers of 8 for evacuation
[2022-04-23T01:34:15.061+0800][gc,phases    ] GC(1423)   Pre Evacuate Collection Set: 0.2ms
[2022-04-23T01:34:15.061+0800][gc,phases    ] GC(1423)   Evacuate Collection Set: 15.7ms
[2022-04-23T01:34:15.061+0800][gc,phases    ] GC(1423)   Post Evacuate Collection Set: 0.6ms
[2022-04-23T01:34:15.061+0800][gc,phases    ] GC(1423)   Other: 1.1ms
[2022-04-23T01:34:15.061+0800][gc,heap      ] GC(1423) Eden regions: 48->0(49)
[2022-04-23T01:34:15.061+0800][gc,heap      ] GC(1423) Survivor regions: 4->4(7)
[2022-04-23T01:34:15.061+0800][gc,heap      ] GC(1423) Old regions: 218->219
[2022-04-23T01:34:15.061+0800][gc,heap      ] GC(1423) Archive regions: 2->2
[2022-04-23T01:34:15.061+0800][gc,heap      ] GC(1423) Humongous regions: 129->129
[2022-04-23T01:34:15.061+0800][gc,metaspace ] GC(1423) Metaspace: 43874K->43874K(1089536K)
[2022-04-23T01:34:15.061+0800][gc           ] GC(1423) Pause Young (Normal) (G1 Evacuation Pause) 399M->351M(1024M) 17.766ms
[2022-04-23T01:34:15.061+0800][gc,cpu       ] GC(1423) User=0.04s Sys=0.01s Real=0.02s
[2022-04-23T01:34:31.000+0800][gc,start     ] GC(1424) Pause Young (Normal) (G1 Evacuation Pause)
[2022-04-23T01:34:31.001+0800][gc,task      ] GC(1424) Using 8 workers of 8 for evacuation
[2022-04-23T01:34:31.028+0800][gc,mmu       ] GC(1424) MMU target violated: 21.0ms (20.0ms/21.0ms)
[2022-04-23T01:34:31.028+0800][gc,phases    ] GC(1424)   Pre Evacuate Collection Set: 0.4ms
[2022-04-23T01:34:31.028+0800][gc,phases    ] GC(1424)   Evacuate Collection Set: 24.9ms
[2022-04-23T01:34:31.028+0800][gc,phases    ] GC(1424)   Post Evacuate Collection Set: 0.3ms
[2022-04-23T01:34:31.028+0800][gc,phases    ] GC(1424)   Other: 1.9ms
[2022-04-23T01:34:31.028+0800][gc,heap      ] GC(1424) Eden regions: 48->0(48)
[2022-04-23T01:34:31.028+0800][gc,heap      ] GC(1424) Survivor regions: 4->5(7)
[2022-04-23T01:34:31.028+0800][gc,heap      ] GC(1424) Old regions: 219->219
[2022-04-23T01:34:31.028+0800][gc,heap      ] GC(1424) Archive regions: 2->2
[2022-04-23T01:34:31.028+0800][gc,heap      ] GC(1424) Humongous regions: 129->129
[2022-04-23T01:34:31.028+0800][gc,metaspace ] GC(1424) Metaspace: 43874K->43874K(1089536K)
[2022-04-23T01:34:31.028+0800][gc           ] GC(1424) Pause Young (Normal) (G1 Evacuation Pause) 399M->352M(1024M) 27.517ms
[2022-04-23T01:34:31.028+0800][gc,cpu       ] GC(1424) User=0.06s Sys=0.02s Real=0.02s
[2022-04-23T01:34:47.014+0800][gc,start     ] GC(1425) Pause Young (Normal) (G1 Evacuation Pause)
[2022-04-23T01:34:47.015+0800][gc,task      ] GC(1425) Using 8 workers of 8 for evacuation
[2022-04-23T01:34:47.035+0800][gc,phases    ] GC(1425)   Pre Evacuate Collection Set: 0.3ms
[2022-04-23T01:34:47.035+0800][gc,phases    ] GC(1425)   Evacuate Collection Set: 18.0ms
[2022-04-23T01:34:47.035+0800][gc,phases    ] GC(1425)   Post Evacuate Collection Set: 0.7ms
[2022-04-23T01:34:47.035+0800][gc,phases    ] GC(1425)   Other: 1.8ms
[2022-04-23T01:34:47.035+0800][gc,heap      ] GC(1425) Eden regions: 48->0(48)
[2022-04-23T01:34:47.035+0800][gc,heap      ] GC(1425) Survivor regions: 5->6(7)
[2022-04-23T01:34:47.035+0800][gc,heap      ] GC(1425) Old regions: 219->219
[2022-04-23T01:34:47.035+0800][gc,heap      ] GC(1425) Archive regions: 2->2
[2022-04-23T01:34:47.035+0800][gc,heap      ] GC(1425) Humongous regions: 129->129
[2022-04-23T01:34:47.035+0800][gc,metaspace ] GC(1425) Metaspace: 43874K->43874K(1089536K)
[2022-04-23T01:34:47.035+0800][gc           ] GC(1425) Pause Young (Normal) (G1 Evacuation Pause) 400M->354M(1024M) 20.809ms
[2022-04-23T01:34:47.035+0800][gc,cpu       ] GC(1425) User=0.05s Sys=0.02s Real=0.02s
[2022-04-23T01:35:07.197+0800][gc,start     ] GC(1426) Pause Young (Normal) (G1 Evacuation Pause)
[2022-04-23T01:35:07.198+0800][gc,task      ] GC(1426) Using 8 workers of 8 for evacuation
[2022-04-23T01:35:07.228+0800][gc,mmu       ] GC(1426) MMU target violated: 21.0ms (20.0ms/21.0ms)
[2022-04-23T01:35:07.228+0800][gc,phases    ] GC(1426)   Pre Evacuate Collection Set: 0.2ms
[2022-04-23T01:35:07.228+0800][gc,phases    ] GC(1426)   Evacuate Collection Set: 28.7ms
[2022-04-23T01:35:07.228+0800][gc,phases    ] GC(1426)   Post Evacuate Collection Set: 0.7ms
[2022-04-23T01:35:07.228+0800][gc,phases    ] GC(1426)   Other: 1.2ms
[2022-04-23T01:35:07.228+0800][gc,heap      ] GC(1426) Eden regions: 46->0(47)
[2022-04-23T01:35:07.228+0800][gc,heap      ] GC(1426) Survivor regions: 6->4(7)
[2022-04-23T01:35:07.228+0800][gc,heap      ] GC(1426) Old regions: 219->221
[2022-04-23T01:35:07.228+0800][gc,heap      ] GC(1426) Archive regions: 2->2
[2022-04-23T01:35:07.228+0800][gc,heap      ] GC(1426) Humongous regions: 129->129
[2022-04-23T01:35:07.228+0800][gc,metaspace ] GC(1426) Metaspace: 43874K->43874K(1089536K)
[2022-04-23T01:35:07.228+0800][gc           ] GC(1426) Pause Young (Normal) (G1 Evacuation Pause) 400M->354M(1024M) 30.889ms
[2022-04-23T01:35:07.228+0800][gc,cpu       ] GC(1426) User=0.04s Sys=0.03s Real=0.03s
[2022-04-23T01:35:23.024+0800][gc,start     ] GC(1427) Pause Young (Normal) (G1 Evacuation Pause)
[2022-04-23T01:35:23.025+0800][gc,task      ] GC(1427) Using 8 workers of 8 for evacuation
[2022-04-23T01:35:23.047+0800][gc,mmu       ] GC(1427) MMU target violated: 21.0ms (20.0ms/21.0ms)
[2022-04-23T01:35:23.047+0800][gc,phases    ] GC(1427)   Pre Evacuate Collection Set: 0.4ms
[2022-04-23T01:35:23.047+0800][gc,phases    ] GC(1427)   Evacuate Collection Set: 20.3ms
[2022-04-23T01:35:23.047+0800][gc,phases    ] GC(1427)   Post Evacuate Collection Set: 0.7ms
[2022-04-23T01:35:23.047+0800][gc,phases    ] GC(1427)   Other: 2.2ms
[2022-04-23T01:35:23.047+0800][gc,heap      ] GC(1427) Eden regions: 47->0(47)
[2022-04-23T01:35:23.047+0800][gc,heap      ] GC(1427) Survivor regions: 4->5(7)
[2022-04-23T01:35:23.047+0800][gc,heap      ] GC(1427) Old regions: 221->221
[2022-04-23T01:35:23.047+0800][gc,heap      ] GC(1427) Archive regions: 2->2
[2022-04-23T01:35:23.047+0800][gc,heap      ] GC(1427) Humongous regions: 129->129
[2022-04-23T01:35:23.047+0800][gc,metaspace ] GC(1427) Metaspace: 43874K->43874K(1089536K)
[2022-04-23T01:35:23.047+0800][gc           ] GC(1427) Pause Young (Normal) (G1 Evacuation Pause) 401M->354M(1024M) 23.716ms
[2022-04-23T01:35:23.047+0800][gc,cpu       ] GC(1427) User=0.06s Sys=0.01s Real=0.02s
[2022-04-23T01:35:38.429+0800][gc,start     ] GC(1428) Pause Young (Normal) (G1 Evacuation Pause)
[2022-04-23T01:35:38.430+0800][gc,task      ] GC(1428) Using 8 workers of 8 for evacuation
[2022-04-23T01:35:38.447+0800][gc,phases    ] GC(1428)   Pre Evacuate Collection Set: 0.2ms
[2022-04-23T01:35:38.447+0800][gc,phases    ] GC(1428)   Evacuate Collection Set: 15.9ms
[2022-04-23T01:35:38.447+0800][gc,phases    ] GC(1428)   Post Evacuate Collection Set: 0.7ms
[2022-04-23T01:35:38.447+0800][gc,phases    ] GC(1428)   Other: 0.9ms
[2022-04-23T01:35:38.447+0800][gc,heap      ] GC(1428) Eden regions: 46->0(47)
[2022-04-23T01:35:38.447+0800][gc,heap      ] GC(1428) Survivor regions: 5->4(7)
[2022-04-23T01:35:38.447+0800][gc,heap      ] GC(1428) Old regions: 221->222
[2022-04-23T01:35:38.447+0800][gc,heap      ] GC(1428) Archive regions: 2->2
[2022-04-23T01:35:38.447+0800][gc,heap      ] GC(1428) Humongous regions: 129->129
[2022-04-23T01:35:38.447+0800][gc,metaspace ] GC(1428) Metaspace: 43874K->43874K(1089536K)
[2022-04-23T01:35:38.447+0800][gc           ] GC(1428) Pause Young (Normal) (G1 Evacuation Pause) 400M->354M(1024M) 17.923ms
[2022-04-23T01:35:38.447+0800][gc,cpu       ] GC(1428) User=0.04s Sys=0.01s Real=0.02s
[2022-04-23T01:35:54.358+0800][gc,start     ] GC(1429) Pause Young (Normal) (G1 Evacuation Pause)
[2022-04-23T01:35:54.359+0800][gc,task      ] GC(1429) Using 8 workers of 8 for evacuation
[2022-04-23T01:35:54.385+0800][gc,mmu       ] GC(1429) MMU target violated: 21.0ms (20.0ms/21.0ms)
[2022-04-23T01:35:54.385+0800][gc,phases    ] GC(1429)   Pre Evacuate Collection Set: 0.2ms
[2022-04-23T01:35:54.385+0800][gc,phases    ] GC(1429)   Evacuate Collection Set: 24.4ms
[2022-04-23T01:35:54.385+0800][gc,phases    ] GC(1429)   Post Evacuate Collection Set: 0.6ms
[2022-04-23T01:35:54.385+0800][gc,phases    ] GC(1429)   Other: 1.4ms
[2022-04-23T01:35:54.385+0800][gc,heap      ] GC(1429) Eden regions: 47->0(46)
[2022-04-23T01:35:54.385+0800][gc,heap      ] GC(1429) Survivor regions: 4->6(7)
[2022-04-23T01:35:54.385+0800][gc,heap      ] GC(1429) Old regions: 222->222
[2022-04-23T01:35:54.385+0800][gc,heap      ] GC(1429) Archive regions: 2->2
[2022-04-23T01:35:54.385+0800][gc,heap      ] GC(1429) Humongous regions: 129->129
[2022-04-23T01:35:54.385+0800][gc,metaspace ] GC(1429) Metaspace: 43874K->43874K(1089536K)
[2022-04-23T01:35:54.385+0800][gc           ] GC(1429) Pause Young (Normal) (G1 Evacuation Pause) 401M->356M(1024M) 26.605ms
[2022-04-23T01:35:54.385+0800][gc,cpu       ] GC(1429) User=0.06s Sys=0.01s Real=0.03s
[2022-04-23T01:36:09.432+0800][gc,start     ] GC(1430) Pause Young (Normal) (G1 Evacuation Pause)
[2022-04-23T01:36:09.432+0800][gc,task      ] GC(1430) Using 8 workers of 8 for evacuation
[2022-04-23T01:36:09.508+0800][gc,mmu       ] GC(1430) MMU target violated: 21.0ms (20.0ms/21.0ms)
[2022-04-23T01:36:09.508+0800][gc,phases    ] GC(1430)   Pre Evacuate Collection Set: 0.2ms
[2022-04-23T01:36:09.508+0800][gc,phases    ] GC(1430)   Evacuate Collection Set: 74.4ms
[2022-04-23T01:36:09.508+0800][gc,phases    ] GC(1430)   Post Evacuate Collection Set: 0.5ms
[2022-04-23T01:36:09.508+0800][gc,phases    ] GC(1430)   Other: 1.0ms
[2022-04-23T01:36:09.508+0800][gc,heap      ] GC(1430) Eden regions: 45->0(47)
[2022-04-23T01:36:09.508+0800][gc,heap      ] GC(1430) Survivor regions: 6->4(7)
[2022-04-23T01:36:09.508+0800][gc,heap      ] GC(1430) Old regions: 222->224
[2022-04-23T01:36:09.508+0800][gc,heap      ] GC(1430) Archive regions: 2->2
[2022-04-23T01:36:09.508+0800][gc,heap      ] GC(1430) Humongous regions: 129->129
[2022-04-23T01:36:09.508+0800][gc,metaspace ] GC(1430) Metaspace: 43874K->43874K(1089536K)
[2022-04-23T01:36:09.508+0800][gc           ] GC(1430) Pause Young (Normal) (G1 Evacuation Pause) 401M->356M(1024M) 76.129ms
[2022-04-23T01:36:09.508+0800][gc,cpu       ] GC(1430) User=0.05s Sys=0.04s Real=0.07s
[2022-04-23T01:36:29.143+0800][gc,start     ] GC(1431) Pause Young (Normal) (G1 Evacuation Pause)
[2022-04-23T01:36:29.144+0800][gc,task      ] GC(1431) Using 8 workers of 8 for evacuation
[2022-04-23T01:36:29.165+0800][gc,mmu       ] GC(1431) MMU target violated: 20.7ms (20.0ms/21.0ms)
[2022-04-23T01:36:29.166+0800][gc,phases    ] GC(1431)   Pre Evacuate Collection Set: 0.2ms
[2022-04-23T01:36:29.166+0800][gc,phases    ] GC(1431)   Evacuate Collection Set: 16.6ms
[2022-04-23T01:36:29.166+0800][gc,phases    ] GC(1431)   Post Evacuate Collection Set: 3.4ms
[2022-04-23T01:36:29.166+0800][gc,phases    ] GC(1431)   Other: 2.0ms
[2022-04-23T01:36:29.166+0800][gc,heap      ] GC(1431) Eden regions: 47->0(48)
[2022-04-23T01:36:29.166+0800][gc,heap      ] GC(1431) Survivor regions: 4->3(7)
[2022-04-23T01:36:29.166+0800][gc,heap      ] GC(1431) Old regions: 224->224
[2022-04-23T01:36:29.166+0800][gc,heap      ] GC(1431) Archive regions: 2->2
[2022-04-23T01:36:29.166+0800][gc,heap      ] GC(1431) Humongous regions: 129->129
[2022-04-23T01:36:29.166+0800][gc,metaspace ] GC(1431) Metaspace: 43874K->43874K(1089536K)
[2022-04-23T01:36:29.166+0800][gc           ] GC(1431) Pause Young (Normal) (G1 Evacuation Pause) 403M->356M(1024M) 22.352ms
[2022-04-23T01:36:29.166+0800][gc,cpu       ] GC(1431) User=0.04s Sys=0.02s Real=0.02s
[2022-04-23T01:36:44.953+0800][gc,start     ] GC(1432) Pause Young (Normal) (G1 Evacuation Pause)
[2022-04-23T01:36:44.954+0800][gc,task      ] GC(1432) Using 8 workers of 8 for evacuation
[2022-04-23T01:36:44.971+0800][gc,phases    ] GC(1432)   Pre Evacuate Collection Set: 0.4ms
[2022-04-23T01:36:44.971+0800][gc,phases    ] GC(1432)   Evacuate Collection Set: 15.1ms
[2022-04-23T01:36:44.971+0800][gc,phases    ] GC(1432)   Post Evacuate Collection Set: 0.7ms
[2022-04-23T01:36:44.971+0800][gc,phases    ] GC(1432)   Other: 1.5ms
[2022-04-23T01:36:44.971+0800][gc,heap      ] GC(1432) Eden regions: 48->0(47)
[2022-04-23T01:36:44.971+0800][gc,heap      ] GC(1432) Survivor regions: 3->4(7)
[2022-04-23T01:36:44.971+0800][gc,heap      ] GC(1432) Old regions: 224->224
[2022-04-23T01:36:44.971+0800][gc,heap      ] GC(1432) Archive regions: 2->2
[2022-04-23T01:36:44.971+0800][gc,heap      ] GC(1432) Humongous regions: 129->129
[2022-04-23T01:36:44.971+0800][gc,metaspace ] GC(1432) Metaspace: 43874K->43874K(1089536K)
[2022-04-23T01:36:44.971+0800][gc           ] GC(1432) Pause Young (Normal) (G1 Evacuation Pause) 404M->356M(1024M) 17.912ms
[2022-04-23T01:36:44.971+0800][gc,cpu       ] GC(1432) User=0.04s Sys=0.01s Real=0.02s
[2022-04-23T01:37:00.444+0800][gc,start     ] GC(1433) Pause Young (Normal) (G1 Evacuation Pause)
[2022-04-23T01:37:00.457+0800][gc,task      ] GC(1433) Using 8 workers of 8 for evacuation
[2022-04-23T01:37:00.485+0800][gc,mmu       ] GC(1433) MMU target violated: 21.0ms (20.0ms/21.0ms)
[2022-04-23T01:37:00.485+0800][gc,phases    ] GC(1433)   Pre Evacuate Collection Set: 0.3ms
[2022-04-23T01:37:00.485+0800][gc,phases    ] GC(1433)   Evacuate Collection Set: 26.0ms
[2022-04-23T01:37:00.486+0800][gc,phases    ] GC(1433)   Post Evacuate Collection Set: 1.2ms
[2022-04-23T01:37:00.486+0800][gc,phases    ] GC(1433)   Other: 14.0ms
[2022-04-23T01:37:00.486+0800][gc,heap      ] GC(1433) Eden regions: 47->0(47)
[2022-04-23T01:37:00.486+0800][gc,heap      ] GC(1433) Survivor regions: 4->4(7)
[2022-04-23T01:37:00.486+0800][gc,heap      ] GC(1433) Old regions: 224->224
[2022-04-23T01:37:00.486+0800][gc,heap      ] GC(1433) Archive regions: 2->2
[2022-04-23T01:37:00.486+0800][gc,heap      ] GC(1433) Humongous regions: 129->129
[2022-04-23T01:37:00.486+0800][gc,metaspace ] GC(1433) Metaspace: 43874K->43874K(1089536K)
[2022-04-23T01:37:00.486+0800][gc           ] GC(1433) Pause Young (Normal) (G1 Evacuation Pause) 403M->356M(1024M) 41.569ms
[2022-04-23T01:37:00.486+0800][gc,cpu       ] GC(1433) User=0.05s Sys=0.02s Real=0.04s
[2022-04-23T01:37:16.201+0800][gc,start     ] GC(1434) Pause Young (Normal) (G1 Evacuation Pause)
[2022-04-23T01:37:16.201+0800][gc,task      ] GC(1434) Using 8 workers of 8 for evacuation
[2022-04-23T01:37:16.226+0800][gc,mmu       ] GC(1434) MMU target violated: 21.0ms (20.0ms/21.0ms)
[2022-04-23T01:37:16.226+0800][gc,phases    ] GC(1434)   Pre Evacuate Collection Set: 0.3ms
[2022-04-23T01:37:16.226+0800][gc,phases    ] GC(1434)   Evacuate Collection Set: 23.0ms
[2022-04-23T01:37:16.226+0800][gc,phases    ] GC(1434)   Post Evacuate Collection Set: 0.6ms
[2022-04-23T01:37:16.226+0800][gc,phases    ] GC(1434)   Other: 1.3ms
[2022-04-23T01:37:16.226+0800][gc,heap      ] GC(1434) Eden regions: 47->0(45)
[2022-04-23T01:37:16.226+0800][gc,heap      ] GC(1434) Survivor regions: 4->6(7)
[2022-04-23T01:37:16.226+0800][gc,heap      ] GC(1434) Old regions: 224->224
[2022-04-23T01:37:16.226+0800][gc,heap      ] GC(1434) Archive regions: 2->2
[2022-04-23T01:37:16.226+0800][gc,heap      ] GC(1434) Humongous regions: 129->129
[2022-04-23T01:37:16.226+0800][gc,metaspace ] GC(1434) Metaspace: 43874K->43874K(1089536K)
[2022-04-23T01:37:16.226+0800][gc           ] GC(1434) Pause Young (Normal) (G1 Evacuation Pause) 403M->358M(1024M) 25.305ms
[2022-04-23T01:37:16.226+0800][gc,cpu       ] GC(1434) User=0.06s Sys=0.02s Real=0.02s
[2022-04-23T01:37:31.018+0800][gc,start     ] GC(1435) Pause Young (Normal) (G1 Evacuation Pause)
[2022-04-23T01:37:31.018+0800][gc,task      ] GC(1435) Using 8 workers of 8 for evacuation
[2022-04-23T01:37:31.069+0800][gc,mmu       ] GC(1435) MMU target violated: 21.0ms (20.0ms/21.0ms)
[2022-04-23T01:37:31.069+0800][gc,phases    ] GC(1435)   Pre Evacuate Collection Set: 0.2ms
[2022-04-23T01:37:31.069+0800][gc,phases    ] GC(1435)   Evacuate Collection Set: 48.8ms
[2022-04-23T01:37:31.069+0800][gc,phases    ] GC(1435)   Post Evacuate Collection Set: 0.7ms
[2022-04-23T01:37:31.069+0800][gc,phases    ] GC(1435)   Other: 1.7ms
[2022-04-23T01:37:31.069+0800][gc,heap      ] GC(1435) Eden regions: 45->0(46)
[2022-04-23T01:37:31.069+0800][gc,heap      ] GC(1435) Survivor regions: 6->5(7)
[2022-04-23T01:37:31.069+0800][gc,heap      ] GC(1435) Old regions: 224->226
[2022-04-23T01:37:31.069+0800][gc,heap      ] GC(1435) Archive regions: 2->2
[2022-04-23T01:37:31.069+0800][gc,heap      ] GC(1435) Humongous regions: 129->129
[2022-04-23T01:37:31.069+0800][gc,metaspace ] GC(1435) Metaspace: 43874K->43874K(1089536K)
[2022-04-23T01:37:31.069+0800][gc           ] GC(1435) Pause Young (Normal) (G1 Evacuation Pause) 403M->359M(1024M) 51.583ms
[2022-04-23T01:37:31.069+0800][gc,cpu       ] GC(1435) User=0.05s Sys=0.03s Real=0.05s
[2022-04-23T01:37:46.198+0800][gc,start     ] GC(1436) Pause Young (Normal) (G1 Evacuation Pause)
[2022-04-23T01:37:46.198+0800][gc,task      ] GC(1436) Using 8 workers of 8 for evacuation
[2022-04-23T01:37:46.224+0800][gc,mmu       ] GC(1436) MMU target violated: 21.0ms (20.0ms/21.0ms)
[2022-04-23T01:37:46.224+0800][gc,phases    ] GC(1436)   Pre Evacuate Collection Set: 0.2ms
[2022-04-23T01:37:46.224+0800][gc,phases    ] GC(1436)   Evacuate Collection Set: 24.2ms
[2022-04-23T01:37:46.224+0800][gc,phases    ] GC(1436)   Post Evacuate Collection Set: 0.6ms
[2022-04-23T01:37:46.224+0800][gc,phases    ] GC(1436)   Other: 1.0ms
[2022-04-23T01:37:46.224+0800][gc,heap      ] GC(1436) Eden regions: 46->0(47)
[2022-04-23T01:37:46.224+0800][gc,heap      ] GC(1436) Survivor regions: 5->4(7)
[2022-04-23T01:37:46.224+0800][gc,heap      ] GC(1436) Old regions: 226->227
[2022-04-23T01:37:46.224+0800][gc,heap      ] GC(1436) Archive regions: 2->2
[2022-04-23T01:37:46.224+0800][gc,heap      ] GC(1436) Humongous regions: 129->129
[2022-04-23T01:37:46.224+0800][gc,metaspace ] GC(1436) Metaspace: 43874K->43874K(1089536K)
[2022-04-23T01:37:46.224+0800][gc           ] GC(1436) Pause Young (Normal) (G1 Evacuation Pause) 405M->359M(1024M) 26.099ms
[2022-04-23T01:37:46.224+0800][gc,cpu       ] GC(1436) User=0.04s Sys=0.02s Real=0.03s
[2022-04-23T01:38:01.964+0800][gc,start     ] GC(1437) Pause Young (Normal) (G1 Evacuation Pause)
[2022-04-23T01:38:01.965+0800][gc,task      ] GC(1437) Using 8 workers of 8 for evacuation
[2022-04-23T01:38:01.981+0800][gc,phases    ] GC(1437)   Pre Evacuate Collection Set: 0.4ms
[2022-04-23T01:38:01.981+0800][gc,phases    ] GC(1437)   Evacuate Collection Set: 14.0ms
[2022-04-23T01:38:01.981+0800][gc,phases    ] GC(1437)   Post Evacuate Collection Set: 0.6ms
[2022-04-23T01:38:01.981+0800][gc,phases    ] GC(1437)   Other: 2.3ms
[2022-04-23T01:38:01.981+0800][gc,heap      ] GC(1437) Eden regions: 47->0(47)
[2022-04-23T01:38:01.981+0800][gc,heap      ] GC(1437) Survivor regions: 4->4(7)
[2022-04-23T01:38:01.981+0800][gc,heap      ] GC(1437) Old regions: 227->227
[2022-04-23T01:38:01.981+0800][gc,heap      ] GC(1437) Archive regions: 2->2
[2022-04-23T01:38:01.981+0800][gc,heap      ] GC(1437) Humongous regions: 129->129
[2022-04-23T01:38:01.981+0800][gc,metaspace ] GC(1437) Metaspace: 43874K->43874K(1089536K)
[2022-04-23T01:38:01.981+0800][gc           ] GC(1437) Pause Young (Normal) (G1 Evacuation Pause) 406M->359M(1024M) 17.471ms
[2022-04-23T01:38:01.981+0800][gc,cpu       ] GC(1437) User=0.06s Sys=0.00s Real=0.02s
[2022-04-23T01:38:17.471+0800][gc,start     ] GC(1438) Pause Young (Normal) (G1 Evacuation Pause)
[2022-04-23T01:38:17.473+0800][gc,task      ] GC(1438) Using 8 workers of 8 for evacuation
[2022-04-23T01:38:17.490+0800][gc,phases    ] GC(1438)   Pre Evacuate Collection Set: 0.2ms
[2022-04-23T01:38:17.490+0800][gc,phases    ] GC(1438)   Evacuate Collection Set: 15.8ms
[2022-04-23T01:38:17.490+0800][gc,phases    ] GC(1438)   Post Evacuate Collection Set: 0.7ms
[2022-04-23T01:38:17.490+0800][gc,phases    ] GC(1438)   Other: 2.7ms
[2022-04-23T01:38:17.490+0800][gc,heap      ] GC(1438) Eden regions: 47->0(47)
[2022-04-23T01:38:17.490+0800][gc,heap      ] GC(1438) Survivor regions: 4->4(7)
[2022-04-23T01:38:17.490+0800][gc,heap      ] GC(1438) Old regions: 227->227
[2022-04-23T01:38:17.490+0800][gc,heap      ] GC(1438) Archive regions: 2->2
[2022-04-23T01:38:17.490+0800][gc,heap      ] GC(1438) Humongous regions: 129->129
[2022-04-23T01:38:17.490+0800][gc,metaspace ] GC(1438) Metaspace: 43875K->43875K(1089536K)
[2022-04-23T01:38:17.490+0800][gc           ] GC(1438) Pause Young (Normal) (G1 Evacuation Pause) 406M->359M(1024M) 19.533ms
[2022-04-23T01:38:17.490+0800][gc,cpu       ] GC(1438) User=0.05s Sys=0.02s Real=0.02s
[2022-04-23T01:38:33.170+0800][gc,start     ] GC(1439) Pause Young (Normal) (G1 Evacuation Pause)
[2022-04-23T01:38:33.171+0800][gc,task      ] GC(1439) Using 8 workers of 8 for evacuation
[2022-04-23T01:38:33.199+0800][gc,mmu       ] GC(1439) MMU target violated: 21.0ms (20.0ms/21.0ms)
[2022-04-23T01:38:33.199+0800][gc,phases    ] GC(1439)   Pre Evacuate Collection Set: 0.5ms
[2022-04-23T01:38:33.199+0800][gc,phases    ] GC(1439)   Evacuate Collection Set: 26.3ms
[2022-04-23T01:38:33.199+0800][gc,phases    ] GC(1439)   Post Evacuate Collection Set: 0.7ms
[2022-04-23T01:38:33.199+0800][gc,phases    ] GC(1439)   Other: 1.7ms
[2022-04-23T01:38:33.200+0800][gc,heap      ] GC(1439) Eden regions: 47->0(47)
[2022-04-23T01:38:33.200+0800][gc,heap      ] GC(1439) Survivor regions: 4->4(7)
[2022-04-23T01:38:33.200+0800][gc,heap      ] GC(1439) Old regions: 227->227
[2022-04-23T01:38:33.200+0800][gc,heap      ] GC(1439) Archive regions: 2->2
[2022-04-23T01:38:33.200+0800][gc,heap      ] GC(1439) Humongous regions: 129->129
[2022-04-23T01:38:33.200+0800][gc,metaspace ] GC(1439) Metaspace: 43875K->43875K(1089536K)
[2022-04-23T01:38:33.200+0800][gc           ] GC(1439) Pause Young (Normal) (G1 Evacuation Pause) 406M->360M(1024M) 29.125ms
[2022-04-23T01:38:33.200+0800][gc,cpu       ] GC(1439) User=0.03s Sys=0.05s Real=0.03s
[2022-04-23T01:38:48.854+0800][gc,start     ] GC(1440) Pause Young (Normal) (G1 Evacuation Pause)
[2022-04-23T01:38:48.854+0800][gc,task      ] GC(1440) Using 8 workers of 8 for evacuation
[2022-04-23T01:38:48.876+0800][gc,mmu       ] GC(1440) MMU target violated: 21.0ms (20.0ms/21.0ms)
[2022-04-23T01:38:48.876+0800][gc,phases    ] GC(1440)   Pre Evacuate Collection Set: 0.2ms
[2022-04-23T01:38:48.876+0800][gc,phases    ] GC(1440)   Evacuate Collection Set: 19.1ms
[2022-04-23T01:38:48.876+0800][gc,phases    ] GC(1440)   Post Evacuate Collection Set: 1.3ms
[2022-04-23T01:38:48.876+0800][gc,phases    ] GC(1440)   Other: 1.2ms
[2022-04-23T01:38:48.876+0800][gc,heap      ] GC(1440) Eden regions: 47->0(46)
[2022-04-23T01:38:48.876+0800][gc,heap      ] GC(1440) Survivor regions: 4->6(7)
[2022-04-23T01:38:48.876+0800][gc,heap      ] GC(1440) Old regions: 227->227
[2022-04-23T01:38:48.876+0800][gc,heap      ] GC(1440) Archive regions: 2->2
[2022-04-23T01:38:48.876+0800][gc,heap      ] GC(1440) Humongous regions: 129->129
[2022-04-23T01:38:48.876+0800][gc,metaspace ] GC(1440) Metaspace: 43875K->43875K(1089536K)
[2022-04-23T01:38:48.876+0800][gc           ] GC(1440) Pause Young (Normal) (G1 Evacuation Pause) 407M->361M(1024M) 22.136ms
[2022-04-23T01:38:48.876+0800][gc,cpu       ] GC(1440) User=0.06s Sys=0.02s Real=0.02s
[2022-04-23T01:39:03.971+0800][gc,start     ] GC(1441) Pause Young (Normal) (G1 Evacuation Pause)
[2022-04-23T01:39:03.972+0800][gc,task      ] GC(1441) Using 8 workers of 8 for evacuation
[2022-04-23T01:39:04.020+0800][gc,mmu       ] GC(1441) MMU target violated: 21.0ms (20.0ms/21.0ms)
[2022-04-23T01:39:04.020+0800][gc,phases    ] GC(1441)   Pre Evacuate Collection Set: 0.4ms
[2022-04-23T01:39:04.020+0800][gc,phases    ] GC(1441)   Evacuate Collection Set: 46.3ms
[2022-04-23T01:39:04.020+0800][gc,phases    ] GC(1441)   Post Evacuate Collection Set: 0.4ms
[2022-04-23T01:39:04.020+0800][gc,phases    ] GC(1441)   Other: 2.3ms
[2022-04-23T01:39:04.020+0800][gc,heap      ] GC(1441) Eden regions: 45->0(47)
[2022-04-23T01:39:04.020+0800][gc,heap      ] GC(1441) Survivor regions: 6->4(7)
[2022-04-23T01:39:04.020+0800][gc,heap      ] GC(1441) Old regions: 227->229
[2022-04-23T01:39:04.020+0800][gc,heap      ] GC(1441) Archive regions: 2->2
[2022-04-23T01:39:04.020+0800][gc,heap      ] GC(1441) Humongous regions: 129->129
[2022-04-23T01:39:04.020+0800][gc,metaspace ] GC(1441) Metaspace: 43875K->43875K(1089536K)
[2022-04-23T01:39:04.020+0800][gc           ] GC(1441) Pause Young (Normal) (G1 Evacuation Pause) 406M->361M(1024M) 49.486ms
[2022-04-23T01:39:04.020+0800][gc,cpu       ] GC(1441) User=0.05s Sys=0.03s Real=0.05s
[2022-04-23T01:39:19.637+0800][gc,start     ] GC(1442) Pause Young (Normal) (G1 Evacuation Pause)
[2022-04-23T01:39:19.638+0800][gc,task      ] GC(1442) Using 8 workers of 8 for evacuation
[2022-04-23T01:39:19.651+0800][gc,phases    ] GC(1442)   Pre Evacuate Collection Set: 0.4ms
[2022-04-23T01:39:19.651+0800][gc,phases    ] GC(1442)   Evacuate Collection Set: 11.8ms
[2022-04-23T01:39:19.651+0800][gc,phases    ] GC(1442)   Post Evacuate Collection Set: 0.5ms
[2022-04-23T01:39:19.651+0800][gc,phases    ] GC(1442)   Other: 2.0ms
[2022-04-23T01:39:19.651+0800][gc,heap      ] GC(1442) Eden regions: 47->0(47)
[2022-04-23T01:39:19.651+0800][gc,heap      ] GC(1442) Survivor regions: 4->4(7)
[2022-04-23T01:39:19.651+0800][gc,heap      ] GC(1442) Old regions: 229->229
[2022-04-23T01:39:19.651+0800][gc,heap      ] GC(1442) Archive regions: 2->2
[2022-04-23T01:39:19.651+0800][gc,heap      ] GC(1442) Humongous regions: 129->129
[2022-04-23T01:39:19.651+0800][gc,metaspace ] GC(1442) Metaspace: 43875K->43875K(1089536K)
[2022-04-23T01:39:19.652+0800][gc           ] GC(1442) Pause Young (Normal) (G1 Evacuation Pause) 408M->361M(1024M) 14.882ms
[2022-04-23T01:39:19.652+0800][gc,cpu       ] GC(1442) User=0.05s Sys=0.00s Real=0.02s
[2022-04-23T01:39:35.236+0800][gc,start     ] GC(1443) Pause Young (Normal) (G1 Evacuation Pause)
[2022-04-23T01:39:35.237+0800][gc,task      ] GC(1443) Using 8 workers of 8 for evacuation
[2022-04-23T01:39:35.251+0800][gc,phases    ] GC(1443)   Pre Evacuate Collection Set: 0.2ms
[2022-04-23T01:39:35.251+0800][gc,phases    ] GC(1443)   Evacuate Collection Set: 13.0ms
[2022-04-23T01:39:35.251+0800][gc,phases    ] GC(1443)   Post Evacuate Collection Set: 0.8ms
[2022-04-23T01:39:35.251+0800][gc,phases    ] GC(1443)   Other: 1.5ms
[2022-04-23T01:39:35.251+0800][gc,heap      ] GC(1443) Eden regions: 47->0(47)
[2022-04-23T01:39:35.251+0800][gc,heap      ] GC(1443) Survivor regions: 4->4(7)
[2022-04-23T01:39:35.251+0800][gc,heap      ] GC(1443) Old regions: 229->229
[2022-04-23T01:39:35.251+0800][gc,heap      ] GC(1443) Archive regions: 2->2
[2022-04-23T01:39:35.252+0800][gc,heap      ] GC(1443) Humongous regions: 129->129
[2022-04-23T01:39:35.252+0800][gc,metaspace ] GC(1443) Metaspace: 43875K->43875K(1089536K)
[2022-04-23T01:39:35.252+0800][gc           ] GC(1443) Pause Young (Normal) (G1 Evacuation Pause) 408M->361M(1024M) 15.826ms
[2022-04-23T01:39:35.252+0800][gc,cpu       ] GC(1443) User=0.04s Sys=0.01s Real=0.02s
[2022-04-23T01:39:50.980+0800][gc,start     ] GC(1444) Pause Young (Normal) (G1 Evacuation Pause)
[2022-04-23T01:39:50.982+0800][gc,task      ] GC(1444) Using 8 workers of 8 for evacuation
[2022-04-23T01:39:51.009+0800][gc,mmu       ] GC(1444) MMU target violated: 21.0ms (20.0ms/21.0ms)
[2022-04-23T01:39:51.009+0800][gc,phases    ] GC(1444)   Pre Evacuate Collection Set: 0.3ms
[2022-04-23T01:39:51.009+0800][gc,phases    ] GC(1444)   Evacuate Collection Set: 25.5ms
[2022-04-23T01:39:51.009+0800][gc,phases    ] GC(1444)   Post Evacuate Collection Set: 1.0ms
[2022-04-23T01:39:51.010+0800][gc,phases    ] GC(1444)   Other: 2.4ms
[2022-04-23T01:39:51.010+0800][gc,heap      ] GC(1444) Eden regions: 47->0(47)
[2022-04-23T01:39:51.010+0800][gc,heap      ] GC(1444) Survivor regions: 4->4(7)
[2022-04-23T01:39:51.010+0800][gc,heap      ] GC(1444) Old regions: 229->229
[2022-04-23T01:39:51.010+0800][gc,heap      ] GC(1444) Archive regions: 2->2
[2022-04-23T01:39:51.010+0800][gc,heap      ] GC(1444) Humongous regions: 129->129
[2022-04-23T01:39:51.010+0800][gc,metaspace ] GC(1444) Metaspace: 43875K->43875K(1089536K)
[2022-04-23T01:39:51.010+0800][gc           ] GC(1444) Pause Young (Normal) (G1 Evacuation Pause) 408M->362M(1024M) 29.435ms
[2022-04-23T01:39:51.010+0800][gc,cpu       ] GC(1444) User=0.05s Sys=0.01s Real=0.03s
[2022-04-23T01:40:06.697+0800][gc,start     ] GC(1445) Pause Young (Normal) (G1 Evacuation Pause)
[2022-04-23T01:40:06.698+0800][gc,task      ] GC(1445) Using 8 workers of 8 for evacuation
[2022-04-23T01:40:06.719+0800][gc,mmu       ] GC(1445) MMU target violated: 21.0ms (20.0ms/21.0ms)
[2022-04-23T01:40:06.719+0800][gc,phases    ] GC(1445)   Pre Evacuate Collection Set: 0.3ms
[2022-04-23T01:40:06.719+0800][gc,phases    ] GC(1445)   Evacuate Collection Set: 16.0ms
[2022-04-23T01:40:06.719+0800][gc,phases    ] GC(1445)   Post Evacuate Collection Set: 4.4ms
[2022-04-23T01:40:06.719+0800][gc,phases    ] GC(1445)   Other: 2.0ms
[2022-04-23T01:40:06.719+0800][gc,heap      ] GC(1445) Eden regions: 47->0(47)
[2022-04-23T01:40:06.719+0800][gc,heap      ] GC(1445) Survivor regions: 4->4(7)
[2022-04-23T01:40:06.719+0800][gc,heap      ] GC(1445) Old regions: 229->229
[2022-04-23T01:40:06.719+0800][gc,heap      ] GC(1445) Archive regions: 2->2
[2022-04-23T01:40:06.719+0800][gc,heap      ] GC(1445) Humongous regions: 129->129
[2022-04-23T01:40:06.719+0800][gc,metaspace ] GC(1445) Metaspace: 43875K->43875K(1089536K)
[2022-04-23T01:40:06.719+0800][gc           ] GC(1445) Pause Young (Normal) (G1 Evacuation Pause) 409M->362M(1024M) 22.787ms
[2022-04-23T01:40:06.719+0800][gc,cpu       ] GC(1445) User=0.04s Sys=0.02s Real=0.02s
[2022-04-23T01:40:22.510+0800][gc,start     ] GC(1446) Pause Young (Normal) (G1 Evacuation Pause)
[2022-04-23T01:40:22.510+0800][gc,task      ] GC(1446) Using 8 workers of 8 for evacuation
[2022-04-23T01:40:22.531+0800][gc,mmu       ] GC(1446) MMU target violated: 20.7ms (20.0ms/21.0ms)
[2022-04-23T01:40:22.532+0800][gc,phases    ] GC(1446)   Pre Evacuate Collection Set: 0.3ms
[2022-04-23T01:40:22.532+0800][gc,phases    ] GC(1446)   Evacuate Collection Set: 19.5ms
[2022-04-23T01:40:22.532+0800][gc,phases    ] GC(1446)   Post Evacuate Collection Set: 0.5ms
[2022-04-23T01:40:22.532+0800][gc,phases    ] GC(1446)   Other: 1.5ms
[2022-04-23T01:40:22.532+0800][gc,heap      ] GC(1446) Eden regions: 47->0(47)
[2022-04-23T01:40:22.532+0800][gc,heap      ] GC(1446) Survivor regions: 4->6(7)
[2022-04-23T01:40:22.532+0800][gc,heap      ] GC(1446) Old regions: 229->230
[2022-04-23T01:40:22.532+0800][gc,heap      ] GC(1446) Archive regions: 2->2
[2022-04-23T01:40:22.532+0800][gc,heap      ] GC(1446) Humongous regions: 129->129
[2022-04-23T01:40:22.532+0800][gc,metaspace ] GC(1446) Metaspace: 43875K->43875K(1089536K)
[2022-04-23T01:40:22.532+0800][gc           ] GC(1446) Pause Young (Normal) (G1 Evacuation Pause) 409M->363M(1024M) 21.921ms
[2022-04-23T01:40:22.532+0800][gc,cpu       ] GC(1446) User=0.05s Sys=0.01s Real=0.02s
[2022-04-23T01:40:38.217+0800][gc,start     ] GC(1447) Pause Young (Normal) (G1 Evacuation Pause)
[2022-04-23T01:40:38.219+0800][gc,task      ] GC(1447) Using 8 workers of 8 for evacuation
[2022-04-23T01:40:38.234+0800][gc,phases    ] GC(1447)   Pre Evacuate Collection Set: 0.3ms
[2022-04-23T01:40:38.234+0800][gc,phases    ] GC(1447)   Evacuate Collection Set: 13.9ms
[2022-04-23T01:40:38.234+0800][gc,phases    ] GC(1447)   Post Evacuate Collection Set: 0.4ms
[2022-04-23T01:40:38.234+0800][gc,phases    ] GC(1447)   Other: 2.3ms
[2022-04-23T01:40:38.234+0800][gc,heap      ] GC(1447) Eden regions: 47->0(47)
[2022-04-23T01:40:38.234+0800][gc,heap      ] GC(1447) Survivor regions: 6->5(7)
[2022-04-23T01:40:38.234+0800][gc,heap      ] GC(1447) Old regions: 230->231
[2022-04-23T01:40:38.234+0800][gc,heap      ] GC(1447) Archive regions: 2->2
[2022-04-23T01:40:38.234+0800][gc,heap      ] GC(1447) Humongous regions: 129->129
[2022-04-23T01:40:38.234+0800][gc,metaspace ] GC(1447) Metaspace: 43875K->43875K(1089536K)
[2022-04-23T01:40:38.234+0800][gc           ] GC(1447) Pause Young (Normal) (G1 Evacuation Pause) 410M->364M(1024M) 16.927ms
[2022-04-23T01:40:38.234+0800][gc,cpu       ] GC(1447) User=0.05s Sys=0.00s Real=0.02s
[2022-04-23T01:40:53.921+0800][gc,start     ] GC(1448) Pause Young (Normal) (G1 Evacuation Pause)
[2022-04-23T01:40:53.922+0800][gc,task      ] GC(1448) Using 8 workers of 8 for evacuation
[2022-04-23T01:40:53.939+0800][gc,phases    ] GC(1448)   Pre Evacuate Collection Set: 0.4ms
[2022-04-23T01:40:53.940+0800][gc,phases    ] GC(1448)   Evacuate Collection Set: 14.5ms
[2022-04-23T01:40:53.940+0800][gc,phases    ] GC(1448)   Post Evacuate Collection Set: 1.5ms
[2022-04-23T01:40:53.940+0800][gc,phases    ] GC(1448)   Other: 2.4ms
[2022-04-23T01:40:53.940+0800][gc,heap      ] GC(1448) Eden regions: 47->0(49)
[2022-04-23T01:40:53.940+0800][gc,heap      ] GC(1448) Survivor regions: 5->4(7)
[2022-04-23T01:40:53.940+0800][gc,heap      ] GC(1448) Old regions: 231->232
[2022-04-23T01:40:53.940+0800][gc,heap      ] GC(1448) Archive regions: 2->2
[2022-04-23T01:40:53.940+0800][gc,heap      ] GC(1448) Humongous regions: 129->129
[2022-04-23T01:40:53.940+0800][gc,metaspace ] GC(1448) Metaspace: 43875K->43875K(1089536K)
[2022-04-23T01:40:53.940+0800][gc           ] GC(1448) Pause Young (Normal) (G1 Evacuation Pause) 411M->364M(1024M) 18.979ms
[2022-04-23T01:40:53.940+0800][gc,cpu       ] GC(1448) User=0.06s Sys=0.01s Real=0.02s
[2022-04-23T01:41:10.290+0800][gc,start     ] GC(1449) Pause Young (Normal) (G1 Evacuation Pause)
[2022-04-23T01:41:10.291+0800][gc,task      ] GC(1449) Using 8 workers of 8 for evacuation
[2022-04-23T01:41:10.305+0800][gc,phases    ] GC(1449)   Pre Evacuate Collection Set: 0.4ms
[2022-04-23T01:41:10.305+0800][gc,phases    ] GC(1449)   Evacuate Collection Set: 12.3ms
[2022-04-23T01:41:10.305+0800][gc,phases    ] GC(1449)   Post Evacuate Collection Set: 0.5ms
[2022-04-23T01:41:10.305+0800][gc,phases    ] GC(1449)   Other: 1.5ms
[2022-04-23T01:41:10.305+0800][gc,heap      ] GC(1449) Eden regions: 49->0(53)
[2022-04-23T01:41:10.305+0800][gc,heap      ] GC(1449) Survivor regions: 4->4(7)
[2022-04-23T01:41:10.305+0800][gc,heap      ] GC(1449) Old regions: 232->232
[2022-04-23T01:41:10.305+0800][gc,heap      ] GC(1449) Archive regions: 2->2
[2022-04-23T01:41:10.305+0800][gc,heap      ] GC(1449) Humongous regions: 129->129
[2022-04-23T01:41:10.305+0800][gc,metaspace ] GC(1449) Metaspace: 43875K->43875K(1089536K)
[2022-04-23T01:41:10.305+0800][gc           ] GC(1449) Pause Young (Normal) (G1 Evacuation Pause) 413M->365M(1024M) 14.931ms
[2022-04-23T01:41:10.305+0800][gc,cpu       ] GC(1449) User=0.05s Sys=0.01s Real=0.01s
[2022-04-23T01:41:27.984+0800][gc,start     ] GC(1450) Pause Young (Normal) (G1 Evacuation Pause)
[2022-04-23T01:41:27.985+0800][gc,task      ] GC(1450) Using 8 workers of 8 for evacuation
[2022-04-23T01:41:28.001+0800][gc,phases    ] GC(1450)   Pre Evacuate Collection Set: 0.2ms
[2022-04-23T01:41:28.001+0800][gc,phases    ] GC(1450)   Evacuate Collection Set: 14.7ms
[2022-04-23T01:41:28.001+0800][gc,phases    ] GC(1450)   Post Evacuate Collection Set: 0.6ms
[2022-04-23T01:41:28.001+0800][gc,phases    ] GC(1450)   Other: 1.4ms
[2022-04-23T01:41:28.001+0800][gc,heap      ] GC(1450) Eden regions: 53->0(54)
[2022-04-23T01:41:28.001+0800][gc,heap      ] GC(1450) Survivor regions: 4->4(8)
[2022-04-23T01:41:28.001+0800][gc,heap      ] GC(1450) Old regions: 232->232
[2022-04-23T01:41:28.001+0800][gc,heap      ] GC(1450) Archive regions: 2->2
[2022-04-23T01:41:28.001+0800][gc,heap      ] GC(1450) Humongous regions: 129->129
[2022-04-23T01:41:28.001+0800][gc,metaspace ] GC(1450) Metaspace: 43875K->43875K(1089536K)
[2022-04-23T01:41:28.001+0800][gc           ] GC(1450) Pause Young (Normal) (G1 Evacuation Pause) 418M->364M(1024M) 17.173ms
[2022-04-23T01:41:28.001+0800][gc,cpu       ] GC(1450) User=0.03s Sys=0.01s Real=0.02s
[2022-04-23T01:41:45.960+0800][gc,start     ] GC(1451) Pause Young (Normal) (G1 Evacuation Pause)
[2022-04-23T01:41:45.961+0800][gc,task      ] GC(1451) Using 8 workers of 8 for evacuation
[2022-04-23T01:41:45.980+0800][gc,phases    ] GC(1451)   Pre Evacuate Collection Set: 0.4ms
[2022-04-23T01:41:45.980+0800][gc,phases    ] GC(1451)   Evacuate Collection Set: 16.6ms
[2022-04-23T01:41:45.980+0800][gc,phases    ] GC(1451)   Post Evacuate Collection Set: 0.7ms
[2022-04-23T01:41:45.980+0800][gc,phases    ] GC(1451)   Other: 2.3ms
[2022-04-23T01:41:45.980+0800][gc,heap      ] GC(1451) Eden regions: 54->0(54)
[2022-04-23T01:41:45.980+0800][gc,heap      ] GC(1451) Survivor regions: 4->5(8)
[2022-04-23T01:41:45.980+0800][gc,heap      ] GC(1451) Old regions: 232->232
[2022-04-23T01:41:45.980+0800][gc,heap      ] GC(1451) Archive regions: 2->2
[2022-04-23T01:41:45.980+0800][gc,heap      ] GC(1451) Humongous regions: 129->129
[2022-04-23T01:41:45.980+0800][gc,metaspace ] GC(1451) Metaspace: 43875K->43875K(1089536K)
[2022-04-23T01:41:45.980+0800][gc           ] GC(1451) Pause Young (Normal) (G1 Evacuation Pause) 418M->365M(1024M) 20.227ms
[2022-04-23T01:41:45.980+0800][gc,cpu       ] GC(1451) User=0.05s Sys=0.02s Real=0.02s
[2022-04-23T01:42:03.641+0800][gc,start     ] GC(1452) Pause Young (Normal) (G1 Evacuation Pause)
[2022-04-23T01:42:03.642+0800][gc,task      ] GC(1452) Using 8 workers of 8 for evacuation
[2022-04-23T01:42:03.661+0800][gc,phases    ] GC(1452)   Pre Evacuate Collection Set: 0.1ms
[2022-04-23T01:42:03.661+0800][gc,phases    ] GC(1452)   Evacuate Collection Set: 18.2ms
[2022-04-23T01:42:03.661+0800][gc,phases    ] GC(1452)   Post Evacuate Collection Set: 0.4ms
[2022-04-23T01:42:03.661+0800][gc,phases    ] GC(1452)   Other: 1.4ms
[2022-04-23T01:42:03.661+0800][gc,heap      ] GC(1452) Eden regions: 54->0(56)
[2022-04-23T01:42:03.661+0800][gc,heap      ] GC(1452) Survivor regions: 5->4(8)
[2022-04-23T01:42:03.661+0800][gc,heap      ] GC(1452) Old regions: 232->232
[2022-04-23T01:42:03.661+0800][gc,heap      ] GC(1452) Archive regions: 2->2
[2022-04-23T01:42:03.661+0800][gc,heap      ] GC(1452) Humongous regions: 129->129
[2022-04-23T01:42:03.661+0800][gc,metaspace ] GC(1452) Metaspace: 43875K->43875K(1089536K)
[2022-04-23T01:42:03.661+0800][gc           ] GC(1452) Pause Young (Normal) (G1 Evacuation Pause) 419M->365M(1024M) 20.237ms
[2022-04-23T01:42:03.661+0800][gc,cpu       ] GC(1452) User=0.04s Sys=0.01s Real=0.02s
[2022-04-23T01:42:21.996+0800][gc,start     ] GC(1453) Pause Young (Normal) (G1 Evacuation Pause)
[2022-04-23T01:42:21.997+0800][gc,task      ] GC(1453) Using 8 workers of 8 for evacuation
[2022-04-23T01:42:22.029+0800][gc,mmu       ] GC(1453) MMU target violated: 21.0ms (20.0ms/21.0ms)
[2022-04-23T01:42:22.029+0800][gc,phases    ] GC(1453)   Pre Evacuate Collection Set: 0.4ms
[2022-04-23T01:42:22.029+0800][gc,phases    ] GC(1453)   Evacuate Collection Set: 29.6ms
[2022-04-23T01:42:22.029+0800][gc,phases    ] GC(1453)   Post Evacuate Collection Set: 0.7ms
[2022-04-23T01:42:22.029+0800][gc,phases    ] GC(1453)   Other: 1.9ms
[2022-04-23T01:42:22.029+0800][gc,heap      ] GC(1453) Eden regions: 56->0(46)
[2022-04-23T01:42:22.029+0800][gc,heap      ] GC(1453) Survivor regions: 4->5(8)
[2022-04-23T01:42:22.029+0800][gc,heap      ] GC(1453) Old regions: 232->232
[2022-04-23T01:42:22.029+0800][gc,heap      ] GC(1453) Archive regions: 2->2
[2022-04-23T01:42:22.029+0800][gc,heap      ] GC(1453) Humongous regions: 129->129
[2022-04-23T01:42:22.029+0800][gc,metaspace ] GC(1453) Metaspace: 43875K->43875K(1089536K)
[2022-04-23T01:42:22.029+0800][gc           ] GC(1453) Pause Young (Normal) (G1 Evacuation Pause) 421M->366M(1024M) 32.712ms
[2022-04-23T01:42:22.029+0800][gc,cpu       ] GC(1453) User=0.06s Sys=0.03s Real=0.03s
[2022-04-23T01:42:37.168+0800][gc,start     ] GC(1454) Pause Young (Normal) (G1 Evacuation Pause)
[2022-04-23T01:42:37.168+0800][gc,task      ] GC(1454) Using 8 workers of 8 for evacuation
[2022-04-23T01:42:37.183+0800][gc,phases    ] GC(1454)   Pre Evacuate Collection Set: 0.2ms
[2022-04-23T01:42:37.183+0800][gc,phases    ] GC(1454)   Evacuate Collection Set: 13.3ms
[2022-04-23T01:42:37.183+0800][gc,phases    ] GC(1454)   Post Evacuate Collection Set: 0.9ms
[2022-04-23T01:42:37.183+0800][gc,phases    ] GC(1454)   Other: 0.9ms
[2022-04-23T01:42:37.183+0800][gc,heap      ] GC(1454) Eden regions: 46->0(47)
[2022-04-23T01:42:37.183+0800][gc,heap      ] GC(1454) Survivor regions: 5->4(7)
[2022-04-23T01:42:37.183+0800][gc,heap      ] GC(1454) Old regions: 232->234
[2022-04-23T01:42:37.183+0800][gc,heap      ] GC(1454) Archive regions: 2->2
[2022-04-23T01:42:37.183+0800][gc,heap      ] GC(1454) Humongous regions: 129->129
[2022-04-23T01:42:37.183+0800][gc,metaspace ] GC(1454) Metaspace: 43875K->43875K(1089536K)
[2022-04-23T01:42:37.183+0800][gc           ] GC(1454) Pause Young (Normal) (G1 Evacuation Pause) 412M->366M(1024M) 15.450ms
[2022-04-23T01:42:37.183+0800][gc,cpu       ] GC(1454) User=0.04s Sys=0.02s Real=0.02s
[2022-04-23T01:42:52.628+0800][gc,start     ] GC(1455) Pause Young (Normal) (G1 Evacuation Pause)
[2022-04-23T01:42:52.628+0800][gc,task      ] GC(1455) Using 8 workers of 8 for evacuation
[2022-04-23T01:42:52.644+0800][gc,phases    ] GC(1455)   Pre Evacuate Collection Set: 0.3ms
[2022-04-23T01:42:52.644+0800][gc,phases    ] GC(1455)   Evacuate Collection Set: 14.1ms
[2022-04-23T01:42:52.644+0800][gc,phases    ] GC(1455)   Post Evacuate Collection Set: 0.8ms
[2022-04-23T01:42:52.644+0800][gc,phases    ] GC(1455)   Other: 1.2ms
[2022-04-23T01:42:52.644+0800][gc,heap      ] GC(1455) Eden regions: 47->0(50)
[2022-04-23T01:42:52.644+0800][gc,heap      ] GC(1455) Survivor regions: 4->4(7)
[2022-04-23T01:42:52.644+0800][gc,heap      ] GC(1455) Old regions: 234->234
[2022-04-23T01:42:52.644+0800][gc,heap      ] GC(1455) Archive regions: 2->2
[2022-04-23T01:42:52.644+0800][gc,heap      ] GC(1455) Humongous regions: 129->129
[2022-04-23T01:42:52.644+0800][gc,metaspace ] GC(1455) Metaspace: 43875K->43875K(1089536K)
[2022-04-23T01:42:52.644+0800][gc           ] GC(1455) Pause Young (Normal) (G1 Evacuation Pause) 413M->366M(1024M) 16.532ms
[2022-04-23T01:42:52.644+0800][gc,cpu       ] GC(1455) User=0.03s Sys=0.02s Real=0.02s
[2022-04-23T01:43:13.796+0800][gc,start     ] GC(1456) Pause Young (Normal) (G1 Evacuation Pause)
[2022-04-23T01:43:13.804+0800][gc,task      ] GC(1456) Using 8 workers of 8 for evacuation
[2022-04-23T01:43:13.823+0800][gc,phases    ] GC(1456)   Pre Evacuate Collection Set: 0.2ms
[2022-04-23T01:43:13.823+0800][gc,phases    ] GC(1456)   Evacuate Collection Set: 16.9ms
[2022-04-23T01:43:13.823+0800][gc,phases    ] GC(1456)   Post Evacuate Collection Set: 0.9ms
[2022-04-23T01:43:13.823+0800][gc,phases    ] GC(1456)   Other: 8.7ms
[2022-04-23T01:43:13.823+0800][gc,heap      ] GC(1456) Eden regions: 47->0(52)
[2022-04-23T01:43:13.823+0800][gc,heap      ] GC(1456) Survivor regions: 4->6(7)
[2022-04-23T01:43:13.823+0800][gc,heap      ] GC(1456) Old regions: 234->234
[2022-04-23T01:43:13.823+0800][gc,heap      ] GC(1456) Archive regions: 2->2
[2022-04-23T01:43:13.823+0800][gc,heap      ] GC(1456) Humongous regions: 129->129
[2022-04-23T01:43:13.823+0800][gc,metaspace ] GC(1456) Metaspace: 43875K->43875K(1089536K)
[2022-04-23T01:43:13.823+0800][gc           ] GC(1456) Pause Young (Normal) (G1 Evacuation Pause) 413M->368M(1024M) 26.851ms
[2022-04-23T01:43:13.823+0800][gc,cpu       ] GC(1456) User=0.04s Sys=0.01s Real=0.03s
[2022-04-23T01:43:29.791+0800][gc,start     ] GC(1457) Pause Young (Normal) (G1 Evacuation Pause)
[2022-04-23T01:43:29.792+0800][gc,task      ] GC(1457) Using 8 workers of 8 for evacuation
[2022-04-23T01:43:29.813+0800][gc,mmu       ] GC(1457) MMU target violated: 21.0ms (20.0ms/21.0ms)
[2022-04-23T01:43:29.813+0800][gc,phases    ] GC(1457)   Pre Evacuate Collection Set: 0.3ms
[2022-04-23T01:43:29.813+0800][gc,phases    ] GC(1457)   Evacuate Collection Set: 19.7ms
[2022-04-23T01:43:29.813+0800][gc,phases    ] GC(1457)   Post Evacuate Collection Set: 0.7ms
[2022-04-23T01:43:29.813+0800][gc,phases    ] GC(1457)   Other: 1.3ms
[2022-04-23T01:43:29.813+0800][gc,heap      ] GC(1457) Eden regions: 49->0(51)
[2022-04-23T01:43:29.813+0800][gc,heap      ] GC(1457) Survivor regions: 6->4(7)
[2022-04-23T01:43:29.813+0800][gc,heap      ] GC(1457) Old regions: 234->236
[2022-04-23T01:43:29.813+0800][gc,heap      ] GC(1457) Archive regions: 2->2
[2022-04-23T01:43:29.813+0800][gc,heap      ] GC(1457) Humongous regions: 129->129
[2022-04-23T01:43:29.813+0800][gc,metaspace ] GC(1457) Metaspace: 43875K->43875K(1089536K)
[2022-04-23T01:43:29.813+0800][gc           ] GC(1457) Pause Young (Normal) (G1 Evacuation Pause) 417M->369M(1024M) 22.256ms
[2022-04-23T01:43:29.814+0800][gc,cpu       ] GC(1457) User=0.05s Sys=0.01s Real=0.02s
[2022-04-23T01:43:45.797+0800][gc,start     ] GC(1458) Pause Young (Normal) (G1 Evacuation Pause)
[2022-04-23T01:43:45.798+0800][gc,task      ] GC(1458) Using 8 workers of 8 for evacuation
[2022-04-23T01:43:45.810+0800][gc,phases    ] GC(1458)   Pre Evacuate Collection Set: 0.2ms
[2022-04-23T01:43:45.810+0800][gc,phases    ] GC(1458)   Evacuate Collection Set: 11.0ms
[2022-04-23T01:43:45.810+0800][gc,phases    ] GC(1458)   Post Evacuate Collection Set: 0.4ms
[2022-04-23T01:43:45.810+0800][gc,phases    ] GC(1458)   Other: 1.5ms
[2022-04-23T01:43:45.810+0800][gc,heap      ] GC(1458) Eden regions: 48->0(56)
[2022-04-23T01:43:45.810+0800][gc,heap      ] GC(1458) Survivor regions: 4->4(7)
[2022-04-23T01:43:45.810+0800][gc,heap      ] GC(1458) Old regions: 236->236
[2022-04-23T01:43:45.810+0800][gc,heap      ] GC(1458) Archive regions: 2->2
[2022-04-23T01:43:45.810+0800][gc,heap      ] GC(1458) Humongous regions: 129->129
[2022-04-23T01:43:45.810+0800][gc,metaspace ] GC(1458) Metaspace: 43875K->43875K(1089536K)
[2022-04-23T01:43:45.810+0800][gc           ] GC(1458) Pause Young (Normal) (G1 Evacuation Pause) 417M->369M(1024M) 13.341ms
[2022-04-23T01:43:45.810+0800][gc,cpu       ] GC(1458) User=0.03s Sys=0.00s Real=0.02s
[2022-04-23T01:44:04.175+0800][gc,start     ] GC(1459) Pause Young (Normal) (G1 Evacuation Pause)
[2022-04-23T01:44:04.176+0800][gc,task      ] GC(1459) Using 8 workers of 8 for evacuation
[2022-04-23T01:44:04.195+0800][gc,phases    ] GC(1459)   Pre Evacuate Collection Set: 0.3ms
[2022-04-23T01:44:04.195+0800][gc,phases    ] GC(1459)   Evacuate Collection Set: 16.1ms
[2022-04-23T01:44:04.195+0800][gc,phases    ] GC(1459)   Post Evacuate Collection Set: 1.7ms
[2022-04-23T01:44:04.195+0800][gc,phases    ] GC(1459)   Other: 2.0ms
[2022-04-23T01:44:04.195+0800][gc,heap      ] GC(1459) Eden regions: 56->0(57)
[2022-04-23T01:44:04.195+0800][gc,heap      ] GC(1459) Survivor regions: 4->4(8)
[2022-04-23T01:44:04.195+0800][gc,heap      ] GC(1459) Old regions: 236->236
[2022-04-23T01:44:04.195+0800][gc,heap      ] GC(1459) Archive regions: 2->2
[2022-04-23T01:44:04.195+0800][gc,heap      ] GC(1459) Humongous regions: 129->129
[2022-04-23T01:44:04.195+0800][gc,metaspace ] GC(1459) Metaspace: 43876K->43876K(1089536K)
[2022-04-23T01:44:04.196+0800][gc           ] GC(1459) Pause Young (Normal) (G1 Evacuation Pause) 425M->369M(1024M) 20.321ms
[2022-04-23T01:44:04.196+0800][gc,cpu       ] GC(1459) User=0.04s Sys=0.03s Real=0.02s
[2022-04-23T01:44:22.042+0800][gc,start     ] GC(1460) Pause Young (Normal) (G1 Evacuation Pause)
[2022-04-23T01:44:22.043+0800][gc,task      ] GC(1460) Using 8 workers of 8 for evacuation
[2022-04-23T01:44:22.059+0800][gc,phases    ] GC(1460)   Pre Evacuate Collection Set: 0.1ms
[2022-04-23T01:44:22.059+0800][gc,phases    ] GC(1460)   Evacuate Collection Set: 15.2ms
[2022-04-23T01:44:22.059+0800][gc,phases    ] GC(1460)   Post Evacuate Collection Set: 0.3ms
[2022-04-23T01:44:22.059+0800][gc,phases    ] GC(1460)   Other: 1.8ms
[2022-04-23T01:44:22.059+0800][gc,heap      ] GC(1460) Eden regions: 54->0(59)
[2022-04-23T01:44:22.059+0800][gc,heap      ] GC(1460) Survivor regions: 4->5(8)
[2022-04-23T01:44:22.059+0800][gc,heap      ] GC(1460) Old regions: 236->236
[2022-04-23T01:44:22.059+0800][gc,heap      ] GC(1460) Archive regions: 2->2
[2022-04-23T01:44:22.059+0800][gc,heap      ] GC(1460) Humongous regions: 129->129
[2022-04-23T01:44:22.059+0800][gc,metaspace ] GC(1460) Metaspace: 43876K->43876K(1089536K)
[2022-04-23T01:44:22.059+0800][gc           ] GC(1460) Pause Young (Normal) (G1 Evacuation Pause) 423M->370M(1024M) 17.590ms
[2022-04-23T01:44:22.059+0800][gc,cpu       ] GC(1460) User=0.05s Sys=0.01s Real=0.01s
[2022-04-23T01:44:40.120+0800][gc,start     ] GC(1461) Pause Young (Normal) (G1 Evacuation Pause)
[2022-04-23T01:44:40.132+0800][gc,task      ] GC(1461) Using 8 workers of 8 for evacuation
[2022-04-23T01:44:40.147+0800][gc,phases    ] GC(1461)   Pre Evacuate Collection Set: 0.3ms
[2022-04-23T01:44:40.147+0800][gc,phases    ] GC(1461)   Evacuate Collection Set: 14.4ms
[2022-04-23T01:44:40.147+0800][gc,phases    ] GC(1461)   Post Evacuate Collection Set: 0.4ms
[2022-04-23T01:44:40.147+0800][gc,phases    ] GC(1461)   Other: 12.6ms
[2022-04-23T01:44:40.147+0800][gc,heap      ] GC(1461) Eden regions: 55->0(63)
[2022-04-23T01:44:40.147+0800][gc,heap      ] GC(1461) Survivor regions: 5->4(8)
[2022-04-23T01:44:40.147+0800][gc,heap      ] GC(1461) Old regions: 236->237
[2022-04-23T01:44:40.147+0800][gc,heap      ] GC(1461) Archive regions: 2->2
[2022-04-23T01:44:40.147+0800][gc,heap      ] GC(1461) Humongous regions: 129->129
[2022-04-23T01:44:40.147+0800][gc,metaspace ] GC(1461) Metaspace: 43876K->43876K(1089536K)
[2022-04-23T01:44:40.147+0800][gc           ] GC(1461) Pause Young (Normal) (G1 Evacuation Pause) 425M->370M(1024M) 27.768ms
[2022-04-23T01:44:40.147+0800][gc,cpu       ] GC(1461) User=0.06s Sys=0.00s Real=0.02s
[2022-04-23T01:45:00.962+0800][gc,start     ] GC(1462) Pause Young (Normal) (G1 Evacuation Pause)
[2022-04-23T01:45:00.963+0800][gc,task      ] GC(1462) Using 8 workers of 8 for evacuation
[2022-04-23T01:45:01.038+0800][gc,mmu       ] GC(1462) MMU target violated: 21.0ms (20.0ms/21.0ms)
[2022-04-23T01:45:01.038+0800][gc,phases    ] GC(1462)   Pre Evacuate Collection Set: 0.4ms
[2022-04-23T01:45:01.038+0800][gc,phases    ] GC(1462)   Evacuate Collection Set: 72.3ms
[2022-04-23T01:45:01.038+0800][gc,phases    ] GC(1462)   Post Evacuate Collection Set: 1.0ms
[2022-04-23T01:45:01.038+0800][gc,phases    ] GC(1462)   Other: 2.5ms
[2022-04-23T01:45:01.038+0800][gc,heap      ] GC(1462) Eden regions: 63->0(46)
[2022-04-23T01:45:01.038+0800][gc,heap      ] GC(1462) Survivor regions: 4->5(9)
[2022-04-23T01:45:01.038+0800][gc,heap      ] GC(1462) Old regions: 237->237
[2022-04-23T01:45:01.038+0800][gc,heap      ] GC(1462) Archive regions: 2->2
[2022-04-23T01:45:01.038+0800][gc,heap      ] GC(1462) Humongous regions: 129->129
[2022-04-23T01:45:01.038+0800][gc,metaspace ] GC(1462) Metaspace: 43876K->43876K(1089536K)
[2022-04-23T01:45:01.038+0800][gc           ] GC(1462) Pause Young (Normal) (G1 Evacuation Pause) 433M->371M(1024M) 76.132ms
[2022-04-23T01:45:01.038+0800][gc,cpu       ] GC(1462) User=0.05s Sys=0.05s Real=0.07s
[2022-04-23T01:45:16.261+0800][gc,start     ] GC(1463) Pause Young (Normal) (G1 Evacuation Pause)
[2022-04-23T01:45:16.262+0800][gc,task      ] GC(1463) Using 8 workers of 8 for evacuation
[2022-04-23T01:45:16.280+0800][gc,phases    ] GC(1463)   Pre Evacuate Collection Set: 0.4ms
[2022-04-23T01:45:16.280+0800][gc,phases    ] GC(1463)   Evacuate Collection Set: 16.6ms
[2022-04-23T01:45:16.280+0800][gc,phases    ] GC(1463)   Post Evacuate Collection Set: 0.4ms
[2022-04-23T01:45:16.280+0800][gc,phases    ] GC(1463)   Other: 1.4ms
[2022-04-23T01:45:16.280+0800][gc,heap      ] GC(1463) Eden regions: 46->0(47)
[2022-04-23T01:45:16.280+0800][gc,heap      ] GC(1463) Survivor regions: 5->4(7)
[2022-04-23T01:45:16.280+0800][gc,heap      ] GC(1463) Old regions: 237->238
[2022-04-23T01:45:16.280+0800][gc,heap      ] GC(1463) Archive regions: 2->2
[2022-04-23T01:45:16.280+0800][gc,heap      ] GC(1463) Humongous regions: 129->129
[2022-04-23T01:45:16.280+0800][gc,metaspace ] GC(1463) Metaspace: 43876K->43876K(1089536K)
[2022-04-23T01:45:16.280+0800][gc           ] GC(1463) Pause Young (Normal) (G1 Evacuation Pause) 417M->371M(1024M) 18.786ms
[2022-04-23T01:45:16.280+0800][gc,cpu       ] GC(1463) User=0.05s Sys=0.01s Real=0.02s
[2022-04-23T01:45:31.812+0800][gc,start     ] GC(1464) Pause Young (Normal) (G1 Evacuation Pause)
[2022-04-23T01:45:31.812+0800][gc,task      ] GC(1464) Using 8 workers of 8 for evacuation
[2022-04-23T01:45:31.827+0800][gc,phases    ] GC(1464)   Pre Evacuate Collection Set: 0.1ms
[2022-04-23T01:45:31.828+0800][gc,phases    ] GC(1464)   Evacuate Collection Set: 14.1ms
[2022-04-23T01:45:31.828+0800][gc,phases    ] GC(1464)   Post Evacuate Collection Set: 0.4ms
[2022-04-23T01:45:31.828+0800][gc,phases    ] GC(1464)   Other: 0.8ms
[2022-04-23T01:45:31.828+0800][gc,heap      ] GC(1464) Eden regions: 47->0(47)
[2022-04-23T01:45:31.828+0800][gc,heap      ] GC(1464) Survivor regions: 4->4(7)
[2022-04-23T01:45:31.828+0800][gc,heap      ] GC(1464) Old regions: 238->238
[2022-04-23T01:45:31.828+0800][gc,heap      ] GC(1464) Archive regions: 2->2
[2022-04-23T01:45:31.828+0800][gc,heap      ] GC(1464) Humongous regions: 129->129
[2022-04-23T01:45:31.828+0800][gc,metaspace ] GC(1464) Metaspace: 43876K->43876K(1089536K)
[2022-04-23T01:45:31.828+0800][gc           ] GC(1464) Pause Young (Normal) (G1 Evacuation Pause) 418M->371M(1024M) 15.673ms
[2022-04-23T01:45:31.828+0800][gc,cpu       ] GC(1464) User=0.05s Sys=0.00s Real=0.01s
[2022-04-23T01:45:47.291+0800][gc,start     ] GC(1465) Pause Young (Normal) (G1 Evacuation Pause)
[2022-04-23T01:45:47.291+0800][gc,task      ] GC(1465) Using 8 workers of 8 for evacuation
[2022-04-23T01:45:47.312+0800][gc,phases    ] GC(1465)   Pre Evacuate Collection Set: 0.4ms
[2022-04-23T01:45:47.312+0800][gc,phases    ] GC(1465)   Evacuate Collection Set: 17.1ms
[2022-04-23T01:45:47.312+0800][gc,phases    ] GC(1465)   Post Evacuate Collection Set: 1.7ms
[2022-04-23T01:45:47.312+0800][gc,phases    ] GC(1465)   Other: 1.6ms
[2022-04-23T01:45:47.312+0800][gc,heap      ] GC(1465) Eden regions: 47->0(46)
[2022-04-23T01:45:47.312+0800][gc,heap      ] GC(1465) Survivor regions: 4->5(7)
[2022-04-23T01:45:47.312+0800][gc,heap      ] GC(1465) Old regions: 238->238
[2022-04-23T01:45:47.312+0800][gc,heap      ] GC(1465) Archive regions: 2->2
[2022-04-23T01:45:47.312+0800][gc,heap      ] GC(1465) Humongous regions: 129->129
[2022-04-23T01:45:47.312+0800][gc,metaspace ] GC(1465) Metaspace: 43876K->43876K(1089536K)
[2022-04-23T01:45:47.312+0800][gc           ] GC(1465) Pause Young (Normal) (G1 Evacuation Pause) 418M->371M(1024M) 21.154ms
[2022-04-23T01:45:47.312+0800][gc,cpu       ] GC(1465) User=0.05s Sys=0.04s Real=0.02s
[2022-04-23T01:46:02.486+0800][gc,start     ] GC(1466) Pause Young (Normal) (G1 Evacuation Pause)
[2022-04-23T01:46:02.486+0800][gc,task      ] GC(1466) Using 8 workers of 8 for evacuation
[2022-04-23T01:46:02.501+0800][gc,phases    ] GC(1466)   Pre Evacuate Collection Set: 0.3ms
[2022-04-23T01:46:02.501+0800][gc,phases    ] GC(1466)   Evacuate Collection Set: 13.6ms
[2022-04-23T01:46:02.501+0800][gc,phases    ] GC(1466)   Post Evacuate Collection Set: 0.8ms
[2022-04-23T01:46:02.502+0800][gc,phases    ] GC(1466)   Other: 1.1ms
[2022-04-23T01:46:02.502+0800][gc,heap      ] GC(1466) Eden regions: 46->0(45)
[2022-04-23T01:46:02.502+0800][gc,heap      ] GC(1466) Survivor regions: 5->6(7)
[2022-04-23T01:46:02.502+0800][gc,heap      ] GC(1466) Old regions: 238->239
[2022-04-23T01:46:02.502+0800][gc,heap      ] GC(1466) Archive regions: 2->2
[2022-04-23T01:46:02.502+0800][gc,heap      ] GC(1466) Humongous regions: 129->129
[2022-04-23T01:46:02.502+0800][gc,metaspace ] GC(1466) Metaspace: 43876K->43876K(1089536K)
[2022-04-23T01:46:02.502+0800][gc           ] GC(1466) Pause Young (Normal) (G1 Evacuation Pause) 417M->373M(1024M) 16.057ms
[2022-04-23T01:46:02.502+0800][gc,cpu       ] GC(1466) User=0.05s Sys=0.00s Real=0.02s
[2022-04-23T01:46:17.306+0800][gc,start     ] GC(1467) Pause Young (Normal) (G1 Evacuation Pause)
[2022-04-23T01:46:17.307+0800][gc,task      ] GC(1467) Using 8 workers of 8 for evacuation
[2022-04-23T01:46:17.327+0800][gc,mmu       ] GC(1467) MMU target violated: 20.2ms (20.0ms/21.0ms)
[2022-04-23T01:46:17.328+0800][gc,phases    ] GC(1467)   Pre Evacuate Collection Set: 0.3ms
[2022-04-23T01:46:17.328+0800][gc,phases    ] GC(1467)   Evacuate Collection Set: 15.6ms
[2022-04-23T01:46:17.328+0800][gc,phases    ] GC(1467)   Post Evacuate Collection Set: 4.0ms
[2022-04-23T01:46:17.328+0800][gc,phases    ] GC(1467)   Other: 1.5ms
[2022-04-23T01:46:17.328+0800][gc,heap      ] GC(1467) Eden regions: 45->0(47)
[2022-04-23T01:46:17.328+0800][gc,heap      ] GC(1467) Survivor regions: 6->4(7)
[2022-04-23T01:46:17.328+0800][gc,heap      ] GC(1467) Old regions: 239->240
[2022-04-23T01:46:17.328+0800][gc,heap      ] GC(1467) Archive regions: 2->2
[2022-04-23T01:46:17.328+0800][gc,heap      ] GC(1467) Humongous regions: 129->129
[2022-04-23T01:46:17.328+0800][gc,metaspace ] GC(1467) Metaspace: 43876K->43876K(1089536K)
[2022-04-23T01:46:17.328+0800][gc           ] GC(1467) Pause Young (Normal) (G1 Evacuation Pause) 418M->373M(1024M) 21.639ms
[2022-04-23T01:46:17.328+0800][gc,cpu       ] GC(1467) User=0.04s Sys=0.01s Real=0.02s
[2022-04-23T01:46:32.989+0800][gc,start     ] GC(1468) Pause Young (Normal) (G1 Evacuation Pause)
[2022-04-23T01:46:32.990+0800][gc,task      ] GC(1468) Using 8 workers of 8 for evacuation
[2022-04-23T01:46:33.004+0800][gc,phases    ] GC(1468)   Pre Evacuate Collection Set: 0.1ms
[2022-04-23T01:46:33.004+0800][gc,phases    ] GC(1468)   Evacuate Collection Set: 13.3ms
[2022-04-23T01:46:33.004+0800][gc,phases    ] GC(1468)   Post Evacuate Collection Set: 0.3ms
[2022-04-23T01:46:33.004+0800][gc,phases    ] GC(1468)   Other: 0.9ms
[2022-04-23T01:46:33.004+0800][gc,heap      ] GC(1468) Eden regions: 47->0(53)
[2022-04-23T01:46:33.004+0800][gc,heap      ] GC(1468) Survivor regions: 4->4(7)
[2022-04-23T01:46:33.004+0800][gc,heap      ] GC(1468) Old regions: 240->240
[2022-04-23T01:46:33.004+0800][gc,heap      ] GC(1468) Archive regions: 2->2
[2022-04-23T01:46:33.004+0800][gc,heap      ] GC(1468) Humongous regions: 129->129
[2022-04-23T01:46:33.004+0800][gc,metaspace ] GC(1468) Metaspace: 43876K->43876K(1089536K)
[2022-04-23T01:46:33.004+0800][gc           ] GC(1468) Pause Young (Normal) (G1 Evacuation Pause) 420M->373M(1024M) 14.592ms
[2022-04-23T01:46:33.004+0800][gc,cpu       ] GC(1468) User=0.04s Sys=0.00s Real=0.02s
[2022-04-23T01:46:50.429+0800][gc,start     ] GC(1469) Pause Young (Normal) (G1 Evacuation Pause)
[2022-04-23T01:46:50.430+0800][gc,task      ] GC(1469) Using 8 workers of 8 for evacuation
[2022-04-23T01:46:50.455+0800][gc,mmu       ] GC(1469) MMU target violated: 21.0ms (20.0ms/21.0ms)
[2022-04-23T01:46:50.455+0800][gc,phases    ] GC(1469)   Pre Evacuate Collection Set: 0.3ms
[2022-04-23T01:46:50.455+0800][gc,phases    ] GC(1469)   Evacuate Collection Set: 13.7ms
[2022-04-23T01:46:50.455+0800][gc,phases    ] GC(1469)   Post Evacuate Collection Set: 1.5ms
[2022-04-23T01:46:50.455+0800][gc,phases    ] GC(1469)   Other: 11.2ms
[2022-04-23T01:46:50.455+0800][gc,heap      ] GC(1469) Eden regions: 53->0(46)
[2022-04-23T01:46:50.455+0800][gc,heap      ] GC(1469) Survivor regions: 4->5(8)
[2022-04-23T01:46:50.455+0800][gc,heap      ] GC(1469) Old regions: 240->240
[2022-04-23T01:46:50.455+0800][gc,heap      ] GC(1469) Archive regions: 2->2
[2022-04-23T01:46:50.455+0800][gc,heap      ] GC(1469) Humongous regions: 129->129
[2022-04-23T01:46:50.455+0800][gc,metaspace ] GC(1469) Metaspace: 43876K->43876K(1089536K)
[2022-04-23T01:46:50.456+0800][gc           ] GC(1469) Pause Young (Normal) (G1 Evacuation Pause) 426M->374M(1024M) 26.778ms
[2022-04-23T01:46:50.456+0800][gc,cpu       ] GC(1469) User=0.04s Sys=0.03s Real=0.03s
[2022-04-23T01:47:05.751+0800][gc,start     ] GC(1470) Pause Young (Normal) (G1 Evacuation Pause)
[2022-04-23T01:47:05.752+0800][gc,task      ] GC(1470) Using 8 workers of 8 for evacuation
[2022-04-23T01:47:05.765+0800][gc,phases    ] GC(1470)   Pre Evacuate Collection Set: 0.3ms
[2022-04-23T01:47:05.765+0800][gc,phases    ] GC(1470)   Evacuate Collection Set: 12.2ms
[2022-04-23T01:47:05.765+0800][gc,phases    ] GC(1470)   Post Evacuate Collection Set: 0.4ms
[2022-04-23T01:47:05.765+0800][gc,phases    ] GC(1470)   Other: 1.2ms
[2022-04-23T01:47:05.765+0800][gc,heap      ] GC(1470) Eden regions: 46->0(53)
[2022-04-23T01:47:05.765+0800][gc,heap      ] GC(1470) Survivor regions: 5->4(7)
[2022-04-23T01:47:05.765+0800][gc,heap      ] GC(1470) Old regions: 240->241
[2022-04-23T01:47:05.765+0800][gc,heap      ] GC(1470) Archive regions: 2->2
[2022-04-23T01:47:05.765+0800][gc,heap      ] GC(1470) Humongous regions: 129->129
[2022-04-23T01:47:05.765+0800][gc,metaspace ] GC(1470) Metaspace: 43876K->43876K(1089536K)
[2022-04-23T01:47:05.765+0800][gc           ] GC(1470) Pause Young (Normal) (G1 Evacuation Pause) 420M->374M(1024M) 14.104ms
[2022-04-23T01:47:05.765+0800][gc,cpu       ] GC(1470) User=0.05s Sys=0.00s Real=0.01s
[2022-04-23T01:47:23.275+0800][gc,start     ] GC(1471) Pause Young (Normal) (G1 Evacuation Pause)
[2022-04-23T01:47:23.276+0800][gc,task      ] GC(1471) Using 8 workers of 8 for evacuation
[2022-04-23T01:47:23.291+0800][gc,phases    ] GC(1471)   Pre Evacuate Collection Set: 0.3ms
[2022-04-23T01:47:23.291+0800][gc,phases    ] GC(1471)   Evacuate Collection Set: 13.8ms
[2022-04-23T01:47:23.291+0800][gc,phases    ] GC(1471)   Post Evacuate Collection Set: 0.5ms
[2022-04-23T01:47:23.291+0800][gc,phases    ] GC(1471)   Other: 1.8ms
[2022-04-23T01:47:23.291+0800][gc,heap      ] GC(1471) Eden regions: 53->0(56)
[2022-04-23T01:47:23.291+0800][gc,heap      ] GC(1471) Survivor regions: 4->5(8)
[2022-04-23T01:47:23.291+0800][gc,heap      ] GC(1471) Old regions: 241->241
[2022-04-23T01:47:23.291+0800][gc,heap      ] GC(1471) Archive regions: 2->2
[2022-04-23T01:47:23.291+0800][gc,heap      ] GC(1471) Humongous regions: 129->129
[2022-04-23T01:47:23.291+0800][gc,metaspace ] GC(1471) Metaspace: 43876K->43876K(1089536K)
[2022-04-23T01:47:23.291+0800][gc           ] GC(1471) Pause Young (Normal) (G1 Evacuation Pause) 427M->375M(1024M) 16.501ms
[2022-04-23T01:47:23.291+0800][gc,cpu       ] GC(1471) User=0.05s Sys=0.01s Real=0.02s
[2022-04-23T01:47:41.779+0800][gc,start     ] GC(1472) Pause Young (Normal) (G1 Evacuation Pause)
[2022-04-23T01:47:41.780+0800][gc,task      ] GC(1472) Using 8 workers of 8 for evacuation
[2022-04-23T01:47:41.798+0800][gc,phases    ] GC(1472)   Pre Evacuate Collection Set: 0.4ms
[2022-04-23T01:47:41.798+0800][gc,phases    ] GC(1472)   Evacuate Collection Set: 15.9ms
[2022-04-23T01:47:41.798+0800][gc,phases    ] GC(1472)   Post Evacuate Collection Set: 0.8ms
[2022-04-23T01:47:41.798+0800][gc,phases    ] GC(1472)   Other: 2.4ms
[2022-04-23T01:47:41.798+0800][gc,heap      ] GC(1472) Eden regions: 56->0(56)
[2022-04-23T01:47:41.798+0800][gc,heap      ] GC(1472) Survivor regions: 5->4(8)
[2022-04-23T01:47:41.798+0800][gc,heap      ] GC(1472) Old regions: 241->242
[2022-04-23T01:47:41.798+0800][gc,heap      ] GC(1472) Archive regions: 2->2
[2022-04-23T01:47:41.798+0800][gc,heap      ] GC(1472) Humongous regions: 129->129
[2022-04-23T01:47:41.798+0800][gc,metaspace ] GC(1472) Metaspace: 43876K->43876K(1089536K)
[2022-04-23T01:47:41.799+0800][gc           ] GC(1472) Pause Young (Normal) (G1 Evacuation Pause) 431M->374M(1024M) 19.769ms
[2022-04-23T01:47:41.799+0800][gc,cpu       ] GC(1472) User=0.06s Sys=0.01s Real=0.02s
[2022-04-23T01:48:00.101+0800][gc,start     ] GC(1473) Pause Young (Normal) (G1 Evacuation Pause)
[2022-04-23T01:48:00.110+0800][gc,task      ] GC(1473) Using 8 workers of 8 for evacuation
[2022-04-23T01:48:00.125+0800][gc,phases    ] GC(1473)   Pre Evacuate Collection Set: 0.2ms
[2022-04-23T01:48:00.125+0800][gc,phases    ] GC(1473)   Evacuate Collection Set: 13.4ms
[2022-04-23T01:48:00.125+0800][gc,phases    ] GC(1473)   Post Evacuate Collection Set: 0.4ms
[2022-04-23T01:48:00.125+0800][gc,phases    ] GC(1473)   Other: 10.3ms
[2022-04-23T01:48:00.125+0800][gc,heap      ] GC(1473) Eden regions: 56->0(57)
[2022-04-23T01:48:00.125+0800][gc,heap      ] GC(1473) Survivor regions: 4->4(8)
[2022-04-23T01:48:00.125+0800][gc,heap      ] GC(1473) Old regions: 242->242
[2022-04-23T01:48:00.125+0800][gc,heap      ] GC(1473) Archive regions: 2->2
[2022-04-23T01:48:00.125+0800][gc,heap      ] GC(1473) Humongous regions: 129->129
[2022-04-23T01:48:00.125+0800][gc,metaspace ] GC(1473) Metaspace: 43876K->43876K(1089536K)
[2022-04-23T01:48:00.125+0800][gc           ] GC(1473) Pause Young (Normal) (G1 Evacuation Pause) 430M->374M(1024M) 24.401ms
[2022-04-23T01:48:00.125+0800][gc,cpu       ] GC(1473) User=0.04s Sys=0.01s Real=0.02s
[2022-04-23T01:48:18.463+0800][gc,start     ] GC(1474) Pause Young (Normal) (G1 Evacuation Pause)
[2022-04-23T01:48:18.465+0800][gc,task      ] GC(1474) Using 8 workers of 8 for evacuation
[2022-04-23T01:48:18.482+0800][gc,phases    ] GC(1474)   Pre Evacuate Collection Set: 0.2ms
[2022-04-23T01:48:18.482+0800][gc,phases    ] GC(1474)   Evacuate Collection Set: 16.1ms
[2022-04-23T01:48:18.482+0800][gc,phases    ] GC(1474)   Post Evacuate Collection Set: 0.3ms
[2022-04-23T01:48:18.482+0800][gc,phases    ] GC(1474)   Other: 2.2ms
[2022-04-23T01:48:18.482+0800][gc,heap      ] GC(1474) Eden regions: 56->0(59)
[2022-04-23T01:48:18.482+0800][gc,heap      ] GC(1474) Survivor regions: 4->6(8)
[2022-04-23T01:48:18.482+0800][gc,heap      ] GC(1474) Old regions: 242->242
[2022-04-23T01:48:18.482+0800][gc,heap      ] GC(1474) Archive regions: 2->2
[2022-04-23T01:48:18.482+0800][gc,heap      ] GC(1474) Humongous regions: 129->129
[2022-04-23T01:48:18.482+0800][gc,metaspace ] GC(1474) Metaspace: 43876K->43876K(1089536K)
[2022-04-23T01:48:18.482+0800][gc           ] GC(1474) Pause Young (Normal) (G1 Evacuation Pause) 430M->376M(1024M) 18.879ms
[2022-04-23T01:48:18.482+0800][gc,cpu       ] GC(1474) User=0.06s Sys=0.01s Real=0.02s
[2022-04-23T01:48:37.208+0800][gc,start     ] GC(1475) Pause Young (Normal) (G1 Evacuation Pause)
[2022-04-23T01:48:37.209+0800][gc,task      ] GC(1475) Using 8 workers of 8 for evacuation
[2022-04-23T01:48:37.235+0800][gc,mmu       ] GC(1475) MMU target violated: 21.0ms (20.0ms/21.0ms)
[2022-04-23T01:48:37.235+0800][gc,phases    ] GC(1475)   Pre Evacuate Collection Set: 0.8ms
[2022-04-23T01:48:37.235+0800][gc,phases    ] GC(1475)   Evacuate Collection Set: 23.5ms
[2022-04-23T01:48:37.235+0800][gc,phases    ] GC(1475)   Post Evacuate Collection Set: 0.5ms
[2022-04-23T01:48:37.235+0800][gc,phases    ] GC(1475)   Other: 1.7ms
[2022-04-23T01:48:37.235+0800][gc,heap      ] GC(1475) Eden regions: 57->0(59)
[2022-04-23T01:48:37.235+0800][gc,heap      ] GC(1475) Survivor regions: 6->5(8)
[2022-04-23T01:48:37.235+0800][gc,heap      ] GC(1475) Old regions: 242->243
[2022-04-23T01:48:37.235+0800][gc,heap      ] GC(1475) Archive regions: 2->2
[2022-04-23T01:48:37.235+0800][gc,heap      ] GC(1475) Humongous regions: 129->129
[2022-04-23T01:48:37.235+0800][gc,metaspace ] GC(1475) Metaspace: 43876K->43876K(1089536K)
[2022-04-23T01:48:37.235+0800][gc           ] GC(1475) Pause Young (Normal) (G1 Evacuation Pause) 433M->376M(1024M) 26.477ms
[2022-04-23T01:48:37.235+0800][gc,cpu       ] GC(1475) User=0.04s Sys=0.02s Real=0.03s
[2022-04-23T01:48:56.818+0800][gc,start     ] GC(1476) Pause Young (Normal) (G1 Evacuation Pause)
[2022-04-23T01:48:56.819+0800][gc,task      ] GC(1476) Using 8 workers of 8 for evacuation
[2022-04-23T01:48:56.849+0800][gc,mmu       ] GC(1476) MMU target violated: 21.0ms (20.0ms/21.0ms)
[2022-04-23T01:48:56.849+0800][gc,phases    ] GC(1476)   Pre Evacuate Collection Set: 0.3ms
[2022-04-23T01:48:56.849+0800][gc,phases    ] GC(1476)   Evacuate Collection Set: 27.8ms
[2022-04-23T01:48:56.849+0800][gc,phases    ] GC(1476)   Post Evacuate Collection Set: 1.0ms
[2022-04-23T01:48:56.849+0800][gc,phases    ] GC(1476)   Other: 1.9ms
[2022-04-23T01:48:56.849+0800][gc,heap      ] GC(1476) Eden regions: 59->0(54)
[2022-04-23T01:48:56.849+0800][gc,heap      ] GC(1476) Survivor regions: 5->5(8)
[2022-04-23T01:48:56.850+0800][gc,heap      ] GC(1476) Old regions: 243->243
[2022-04-23T01:48:56.850+0800][gc,heap      ] GC(1476) Archive regions: 2->2
[2022-04-23T01:48:56.850+0800][gc,heap      ] GC(1476) Humongous regions: 129->129
[2022-04-23T01:48:56.850+0800][gc,metaspace ] GC(1476) Metaspace: 43876K->43876K(1089536K)
[2022-04-23T01:48:56.850+0800][gc           ] GC(1476) Pause Young (Normal) (G1 Evacuation Pause) 435M->376M(1024M) 31.214ms
[2022-04-23T01:48:56.850+0800][gc,cpu       ] GC(1476) User=0.03s Sys=0.04s Real=0.04s
[2022-04-23T01:49:12.099+0800][gc,start     ] GC(1477) Pause Young (Normal) (G1 Evacuation Pause)
[2022-04-23T01:49:12.100+0800][gc,task      ] GC(1477) Using 8 workers of 8 for evacuation
[2022-04-23T01:49:12.113+0800][gc,phases    ] GC(1477)   Pre Evacuate Collection Set: 0.2ms
[2022-04-23T01:49:12.113+0800][gc,phases    ] GC(1477)   Evacuate Collection Set: 12.4ms
[2022-04-23T01:49:12.113+0800][gc,phases    ] GC(1477)   Post Evacuate Collection Set: 0.4ms
[2022-04-23T01:49:12.113+0800][gc,phases    ] GC(1477)   Other: 1.0ms
[2022-04-23T01:49:12.113+0800][gc,heap      ] GC(1477) Eden regions: 46->0(56)
[2022-04-23T01:49:12.113+0800][gc,heap      ] GC(1477) Survivor regions: 5->4(7)
[2022-04-23T01:49:12.113+0800][gc,heap      ] GC(1477) Old regions: 243->244
[2022-04-23T01:49:12.113+0800][gc,heap      ] GC(1477) Archive regions: 2->2
[2022-04-23T01:49:12.113+0800][gc,heap      ] GC(1477) Humongous regions: 129->129
[2022-04-23T01:49:12.113+0800][gc,metaspace ] GC(1477) Metaspace: 43876K->43876K(1089536K)
[2022-04-23T01:49:12.113+0800][gc           ] GC(1477) Pause Young (Normal) (G1 Evacuation Pause) 422M->376M(1024M) 14.056ms
[2022-04-23T01:49:12.113+0800][gc,cpu       ] GC(1477) User=0.05s Sys=0.00s Real=0.02s
[2022-04-23T01:49:30.762+0800][gc,start     ] GC(1478) Pause Young (Normal) (G1 Evacuation Pause)
[2022-04-23T01:49:30.763+0800][gc,task      ] GC(1478) Using 8 workers of 8 for evacuation
[2022-04-23T01:49:30.778+0800][gc,phases    ] GC(1478)   Pre Evacuate Collection Set: 0.3ms
[2022-04-23T01:49:30.778+0800][gc,phases    ] GC(1478)   Evacuate Collection Set: 14.1ms
[2022-04-23T01:49:30.778+0800][gc,phases    ] GC(1478)   Post Evacuate Collection Set: 0.5ms
[2022-04-23T01:49:30.778+0800][gc,phases    ] GC(1478)   Other: 1.3ms
[2022-04-23T01:49:30.778+0800][gc,heap      ] GC(1478) Eden regions: 56->0(58)
[2022-04-23T01:49:30.778+0800][gc,heap      ] GC(1478) Survivor regions: 4->5(8)
[2022-04-23T01:49:30.778+0800][gc,heap      ] GC(1478) Old regions: 244->244
[2022-04-23T01:49:30.778+0800][gc,heap      ] GC(1478) Archive regions: 2->2
[2022-04-23T01:49:30.778+0800][gc,heap      ] GC(1478) Humongous regions: 129->129
[2022-04-23T01:49:30.778+0800][gc,metaspace ] GC(1478) Metaspace: 43876K->43876K(1089536K)
[2022-04-23T01:49:30.778+0800][gc           ] GC(1478) Pause Young (Normal) (G1 Evacuation Pause) 432M->377M(1024M) 16.275ms
[2022-04-23T01:49:30.779+0800][gc,cpu       ] GC(1478) User=0.06s Sys=0.00s Real=0.01s
[2022-04-23T01:49:53.934+0800][gc,start     ] GC(1479) Pause Young (Normal) (G1 Evacuation Pause)
[2022-04-23T01:49:53.935+0800][gc,task      ] GC(1479) Using 8 workers of 8 for evacuation
[2022-04-23T01:49:53.971+0800][gc,mmu       ] GC(1479) MMU target violated: 21.0ms (20.0ms/21.0ms)
[2022-04-23T01:49:53.971+0800][gc,phases    ] GC(1479)   Pre Evacuate Collection Set: 0.3ms
[2022-04-23T01:49:53.971+0800][gc,phases    ] GC(1479)   Evacuate Collection Set: 32.7ms
[2022-04-23T01:49:53.971+0800][gc,phases    ] GC(1479)   Post Evacuate Collection Set: 1.3ms
[2022-04-23T01:49:53.971+0800][gc,phases    ] GC(1479)   Other: 2.9ms
[2022-04-23T01:49:53.971+0800][gc,heap      ] GC(1479) Eden regions: 58->0(46)
[2022-04-23T01:49:53.971+0800][gc,heap      ] GC(1479) Survivor regions: 5->5(8)
[2022-04-23T01:49:53.971+0800][gc,heap      ] GC(1479) Old regions: 244->245
[2022-04-23T01:49:53.971+0800][gc,heap      ] GC(1479) Archive regions: 2->2
[2022-04-23T01:49:53.971+0800][gc,heap      ] GC(1479) Humongous regions: 129->129
[2022-04-23T01:49:53.971+0800][gc,metaspace ] GC(1479) Metaspace: 43876K->43876K(1089536K)
[2022-04-23T01:49:53.971+0800][gc           ] GC(1479) Pause Young (Normal) (G1 Evacuation Pause) 435M->378M(1024M) 37.222ms
[2022-04-23T01:49:53.971+0800][gc,cpu       ] GC(1479) User=0.05s Sys=0.04s Real=0.04s
[2022-04-23T01:50:10.084+0800][gc,start     ] GC(1480) Pause Young (Normal) (G1 Evacuation Pause)
[2022-04-23T01:50:10.085+0800][gc,task      ] GC(1480) Using 8 workers of 8 for evacuation
[2022-04-23T01:50:10.093+0800][gc,phases    ] GC(1480)   Pre Evacuate Collection Set: 0.1ms
[2022-04-23T01:50:10.093+0800][gc,phases    ] GC(1480)   Evacuate Collection Set: 6.9ms
[2022-04-23T01:50:10.093+0800][gc,phases    ] GC(1480)   Post Evacuate Collection Set: 1.0ms
[2022-04-23T01:50:10.093+0800][gc,phases    ] GC(1480)   Other: 0.8ms
[2022-04-23T01:50:10.093+0800][gc,heap      ] GC(1480) Eden regions: 46->0(56)
[2022-04-23T01:50:10.093+0800][gc,heap      ] GC(1480) Survivor regions: 5->4(7)
[2022-04-23T01:50:10.093+0800][gc,heap      ] GC(1480) Old regions: 245->245
[2022-04-23T01:50:10.093+0800][gc,heap      ] GC(1480) Archive regions: 2->2
[2022-04-23T01:50:10.093+0800][gc,heap      ] GC(1480) Humongous regions: 129->129
[2022-04-23T01:50:10.093+0800][gc,metaspace ] GC(1480) Metaspace: 43876K->43876K(1089536K)
[2022-04-23T01:50:10.094+0800][gc           ] GC(1480) Pause Young (Normal) (G1 Evacuation Pause) 424M->378M(1024M) 9.018ms
[2022-04-23T01:50:10.094+0800][gc,cpu       ] GC(1480) User=0.04s Sys=0.01s Real=0.01s
[2022-04-23T01:50:25.627+0800][gc,start     ] GC(1481) Pause Young (Normal) (G1 Evacuation Pause)
[2022-04-23T01:50:25.629+0800][gc,task      ] GC(1481) Using 8 workers of 8 for evacuation
[2022-04-23T01:50:25.643+0800][gc,phases    ] GC(1481)   Pre Evacuate Collection Set: 0.1ms
[2022-04-23T01:50:25.643+0800][gc,phases    ] GC(1481)   Evacuate Collection Set: 12.4ms
[2022-04-23T01:50:25.643+0800][gc,phases    ] GC(1481)   Post Evacuate Collection Set: 0.6ms
[2022-04-23T01:50:25.643+0800][gc,phases    ] GC(1481)   Other: 2.3ms
[2022-04-23T01:50:25.643+0800][gc,heap      ] GC(1481) Eden regions: 47->0(53)
[2022-04-23T01:50:25.643+0800][gc,heap      ] GC(1481) Survivor regions: 4->4(7)
[2022-04-23T01:50:25.643+0800][gc,heap      ] GC(1481) Old regions: 245->246
[2022-04-23T01:50:25.643+0800][gc,heap      ] GC(1481) Archive regions: 2->2
[2022-04-23T01:50:25.643+0800][gc,heap      ] GC(1481) Humongous regions: 129->129
[2022-04-23T01:50:25.643+0800][gc,metaspace ] GC(1481) Metaspace: 43876K->43876K(1089536K)
[2022-04-23T01:50:25.643+0800][gc           ] GC(1481) Pause Young (Normal) (G1 Evacuation Pause) 425M->378M(1024M) 15.523ms
[2022-04-23T01:50:25.643+0800][gc,cpu       ] GC(1481) User=0.05s Sys=0.00s Real=0.02s
[2022-04-23T01:50:43.309+0800][gc,start     ] GC(1482) Pause Young (Normal) (G1 Evacuation Pause)
[2022-04-23T01:50:43.309+0800][gc,task      ] GC(1482) Using 8 workers of 8 for evacuation
[2022-04-23T01:50:43.323+0800][gc,phases    ] GC(1482)   Pre Evacuate Collection Set: 0.3ms
[2022-04-23T01:50:43.323+0800][gc,phases    ] GC(1482)   Evacuate Collection Set: 11.8ms
[2022-04-23T01:50:43.323+0800][gc,phases    ] GC(1482)   Post Evacuate Collection Set: 1.1ms
[2022-04-23T01:50:43.323+0800][gc,phases    ] GC(1482)   Other: 1.3ms
[2022-04-23T01:50:43.323+0800][gc,heap      ] GC(1482) Eden regions: 53->0(57)
[2022-04-23T01:50:43.323+0800][gc,heap      ] GC(1482) Survivor regions: 4->5(8)
[2022-04-23T01:50:43.323+0800][gc,heap      ] GC(1482) Old regions: 246->246
[2022-04-23T01:50:43.323+0800][gc,heap      ] GC(1482) Archive regions: 2->2
[2022-04-23T01:50:43.323+0800][gc,heap      ] GC(1482) Humongous regions: 129->129
[2022-04-23T01:50:43.323+0800][gc,metaspace ] GC(1482) Metaspace: 43876K->43876K(1089536K)
[2022-04-23T01:50:43.323+0800][gc           ] GC(1482) Pause Young (Normal) (G1 Evacuation Pause) 431M->379M(1024M) 14.759ms
[2022-04-23T01:50:43.323+0800][gc,cpu       ] GC(1482) User=0.05s Sys=0.01s Real=0.02s
[2022-04-23T01:51:02.100+0800][gc,start     ] GC(1483) Pause Young (Normal) (G1 Evacuation Pause)
[2022-04-23T01:51:02.101+0800][gc,task      ] GC(1483) Using 8 workers of 8 for evacuation
[2022-04-23T01:51:02.127+0800][gc,mmu       ] GC(1483) MMU target violated: 21.0ms (20.0ms/21.0ms)
[2022-04-23T01:51:02.127+0800][gc,phases    ] GC(1483)   Pre Evacuate Collection Set: 0.3ms
[2022-04-23T01:51:02.127+0800][gc,phases    ] GC(1483)   Evacuate Collection Set: 18.7ms
[2022-04-23T01:51:02.127+0800][gc,phases    ] GC(1483)   Post Evacuate Collection Set: 6.1ms
[2022-04-23T01:51:02.127+0800][gc,phases    ] GC(1483)   Other: 2.2ms
[2022-04-23T01:51:02.127+0800][gc,heap      ] GC(1483) Eden regions: 57->0(57)
[2022-04-23T01:51:02.127+0800][gc,heap      ] GC(1483) Survivor regions: 5->5(8)
[2022-04-23T01:51:02.127+0800][gc,heap      ] GC(1483) Old regions: 246->246
[2022-04-23T01:51:02.127+0800][gc,heap      ] GC(1483) Archive regions: 2->2
[2022-04-23T01:51:02.127+0800][gc,heap      ] GC(1483) Humongous regions: 129->129
[2022-04-23T01:51:02.127+0800][gc,metaspace ] GC(1483) Metaspace: 43876K->43876K(1089536K)
[2022-04-23T01:51:02.127+0800][gc           ] GC(1483) Pause Young (Normal) (G1 Evacuation Pause) 436M->379M(1024M) 27.541ms
[2022-04-23T01:51:02.128+0800][gc,cpu       ] GC(1483) User=0.04s Sys=0.03s Real=0.02s
[2022-04-23T01:51:19.851+0800][gc,start     ] GC(1484) Pause Young (Normal) (G1 Evacuation Pause)
[2022-04-23T01:51:19.852+0800][gc,task      ] GC(1484) Using 8 workers of 8 for evacuation
[2022-04-23T01:51:19.866+0800][gc,phases    ] GC(1484)   Pre Evacuate Collection Set: 0.4ms
[2022-04-23T01:51:19.866+0800][gc,phases    ] GC(1484)   Evacuate Collection Set: 12.5ms
[2022-04-23T01:51:19.866+0800][gc,phases    ] GC(1484)   Post Evacuate Collection Set: 0.5ms
[2022-04-23T01:51:19.866+0800][gc,phases    ] GC(1484)   Other: 2.0ms
[2022-04-23T01:51:19.866+0800][gc,heap      ] GC(1484) Eden regions: 53->0(60)
[2022-04-23T01:51:19.866+0800][gc,heap      ] GC(1484) Survivor regions: 5->5(8)
[2022-04-23T01:51:19.866+0800][gc,heap      ] GC(1484) Old regions: 246->246
[2022-04-23T01:51:19.866+0800][gc,heap      ] GC(1484) Archive regions: 2->2
[2022-04-23T01:51:19.866+0800][gc,heap      ] GC(1484) Humongous regions: 129->129
[2022-04-23T01:51:19.866+0800][gc,metaspace ] GC(1484) Metaspace: 43876K->43876K(1089536K)
[2022-04-23T01:51:19.866+0800][gc           ] GC(1484) Pause Young (Normal) (G1 Evacuation Pause) 432M->380M(1024M) 15.512ms
[2022-04-23T01:51:19.866+0800][gc,cpu       ] GC(1484) User=0.06s Sys=0.00s Real=0.01s
[2022-04-23T01:51:38.763+0800][gc,start     ] GC(1485) Pause Young (Normal) (G1 Evacuation Pause)
[2022-04-23T01:51:38.764+0800][gc,task      ] GC(1485) Using 8 workers of 8 for evacuation
[2022-04-23T01:51:38.780+0800][gc,phases    ] GC(1485)   Pre Evacuate Collection Set: 0.2ms
[2022-04-23T01:51:38.780+0800][gc,phases    ] GC(1485)   Evacuate Collection Set: 14.2ms
[2022-04-23T01:51:38.780+0800][gc,phases    ] GC(1485)   Post Evacuate Collection Set: 0.8ms
[2022-04-23T01:51:38.780+0800][gc,phases    ] GC(1485)   Other: 1.5ms
[2022-04-23T01:51:38.780+0800][gc,heap      ] GC(1485) Eden regions: 56->0(63)
[2022-04-23T01:51:38.780+0800][gc,heap      ] GC(1485) Survivor regions: 5->5(8)
[2022-04-23T01:51:38.780+0800][gc,heap      ] GC(1485) Old regions: 246->247
[2022-04-23T01:51:38.780+0800][gc,heap      ] GC(1485) Archive regions: 2->2
[2022-04-23T01:51:38.780+0800][gc,heap      ] GC(1485) Humongous regions: 129->129
[2022-04-23T01:51:38.780+0800][gc,metaspace ] GC(1485) Metaspace: 43876K->43876K(1089536K)
[2022-04-23T01:51:38.780+0800][gc           ] GC(1485) Pause Young (Normal) (G1 Evacuation Pause) 436M->380M(1024M) 16.838ms
[2022-04-23T01:51:38.780+0800][gc,cpu       ] GC(1485) User=0.05s Sys=0.00s Real=0.02s
[2022-04-23T01:51:59.809+0800][gc,start     ] GC(1486) Pause Young (Normal) (G1 Evacuation Pause)
[2022-04-23T01:51:59.822+0800][gc,task      ] GC(1486) Using 8 workers of 8 for evacuation
[2022-04-23T01:51:59.850+0800][gc,mmu       ] GC(1486) MMU target violated: 21.0ms (20.0ms/21.0ms)
[2022-04-23T01:51:59.850+0800][gc,phases    ] GC(1486)   Pre Evacuate Collection Set: 0.3ms
[2022-04-23T01:51:59.850+0800][gc,phases    ] GC(1486)   Evacuate Collection Set: 24.9ms
[2022-04-23T01:51:59.850+0800][gc,phases    ] GC(1486)   Post Evacuate Collection Set: 1.3ms
[2022-04-23T01:51:59.850+0800][gc,phases    ] GC(1486)   Other: 14.8ms
[2022-04-23T01:51:59.850+0800][gc,heap      ] GC(1486) Eden regions: 63->0(57)
[2022-04-23T01:51:59.850+0800][gc,heap      ] GC(1486) Survivor regions: 5->5(9)
[2022-04-23T01:51:59.850+0800][gc,heap      ] GC(1486) Old regions: 247->247
[2022-04-23T01:51:59.850+0800][gc,heap      ] GC(1486) Archive regions: 2->2
[2022-04-23T01:51:59.850+0800][gc,heap      ] GC(1486) Humongous regions: 129->129
[2022-04-23T01:51:59.850+0800][gc,metaspace ] GC(1486) Metaspace: 43876K->43876K(1089536K)
[2022-04-23T01:51:59.850+0800][gc           ] GC(1486) Pause Young (Normal) (G1 Evacuation Pause) 443M->381M(1024M) 41.414ms
[2022-04-23T01:51:59.850+0800][gc,cpu       ] GC(1486) User=0.05s Sys=0.04s Real=0.05s
[2022-04-23T01:52:16.925+0800][gc,start     ] GC(1487) Pause Young (Normal) (G1 Evacuation Pause)
[2022-04-23T01:52:16.926+0800][gc,task      ] GC(1487) Using 8 workers of 8 for evacuation
[2022-04-23T01:52:16.940+0800][gc,phases    ] GC(1487)   Pre Evacuate Collection Set: 0.2ms
[2022-04-23T01:52:16.940+0800][gc,phases    ] GC(1487)   Evacuate Collection Set: 12.9ms
[2022-04-23T01:52:16.940+0800][gc,phases    ] GC(1487)   Post Evacuate Collection Set: 0.5ms
[2022-04-23T01:52:16.940+0800][gc,phases    ] GC(1487)   Other: 1.5ms
[2022-04-23T01:52:16.940+0800][gc,heap      ] GC(1487) Eden regions: 52->0(57)
[2022-04-23T01:52:16.940+0800][gc,heap      ] GC(1487) Survivor regions: 5->5(8)
[2022-04-23T01:52:16.940+0800][gc,heap      ] GC(1487) Old regions: 247->248
[2022-04-23T01:52:16.940+0800][gc,heap      ] GC(1487) Archive regions: 2->2
[2022-04-23T01:52:16.940+0800][gc,heap      ] GC(1487) Humongous regions: 129->129
[2022-04-23T01:52:16.940+0800][gc,metaspace ] GC(1487) Metaspace: 43876K->43876K(1089536K)
[2022-04-23T01:52:16.940+0800][gc           ] GC(1487) Pause Young (Normal) (G1 Evacuation Pause) 433M->381M(1024M) 15.276ms
[2022-04-23T01:52:16.940+0800][gc,cpu       ] GC(1487) User=0.05s Sys=0.01s Real=0.02s
[2022-04-23T01:52:35.909+0800][gc,start     ] GC(1488) Pause Young (Normal) (G1 Evacuation Pause)
[2022-04-23T01:52:35.910+0800][gc,task      ] GC(1488) Using 8 workers of 8 for evacuation
[2022-04-23T01:52:35.927+0800][gc,phases    ] GC(1488)   Pre Evacuate Collection Set: 0.3ms
[2022-04-23T01:52:35.927+0800][gc,phases    ] GC(1488)   Evacuate Collection Set: 15.5ms
[2022-04-23T01:52:35.927+0800][gc,phases    ] GC(1488)   Post Evacuate Collection Set: 0.6ms
[2022-04-23T01:52:35.927+0800][gc,phases    ] GC(1488)   Other: 1.0ms
[2022-04-23T01:52:35.927+0800][gc,heap      ] GC(1488) Eden regions: 57->0(59)
[2022-04-23T01:52:35.927+0800][gc,heap      ] GC(1488) Survivor regions: 5->5(8)
[2022-04-23T01:52:35.927+0800][gc,heap      ] GC(1488) Old regions: 248->249
[2022-04-23T01:52:35.927+0800][gc,heap      ] GC(1488) Archive regions: 2->2
[2022-04-23T01:52:35.927+0800][gc,heap      ] GC(1488) Humongous regions: 129->129
[2022-04-23T01:52:35.927+0800][gc,metaspace ] GC(1488) Metaspace: 43876K->43876K(1089536K)
[2022-04-23T01:52:35.927+0800][gc           ] GC(1488) Pause Young (Normal) (G1 Evacuation Pause) 438M->382M(1024M) 17.776ms
[2022-04-23T01:52:35.927+0800][gc,cpu       ] GC(1488) User=0.06s Sys=0.01s Real=0.02s
[2022-04-23T01:52:55.321+0800][gc,start     ] GC(1489) Pause Young (Normal) (G1 Evacuation Pause)
[2022-04-23T01:52:55.367+0800][gc,task      ] GC(1489) Using 8 workers of 8 for evacuation
[2022-04-23T01:52:55.420+0800][gc,mmu       ] GC(1489) MMU target violated: 21.0ms (20.0ms/21.0ms)
[2022-04-23T01:52:55.420+0800][gc,phases    ] GC(1489)   Pre Evacuate Collection Set: 1.4ms
[2022-04-23T01:52:55.420+0800][gc,phases    ] GC(1489)   Evacuate Collection Set: 47.9ms
[2022-04-23T01:52:55.420+0800][gc,phases    ] GC(1489)   Post Evacuate Collection Set: 1.5ms
[2022-04-23T01:52:55.420+0800][gc,phases    ] GC(1489)   Other: 49.2ms
[2022-04-23T01:52:55.420+0800][gc,heap      ] GC(1489) Eden regions: 59->0(46)
[2022-04-23T01:52:55.420+0800][gc,heap      ] GC(1489) Survivor regions: 5->5(8)
[2022-04-23T01:52:55.420+0800][gc,heap      ] GC(1489) Old regions: 249->249
[2022-04-23T01:52:55.420+0800][gc,heap      ] GC(1489) Archive regions: 2->2
[2022-04-23T01:52:55.420+0800][gc,heap      ] GC(1489) Humongous regions: 129->129
[2022-04-23T01:52:55.420+0800][gc,metaspace ] GC(1489) Metaspace: 43876K->43876K(1089536K)
[2022-04-23T01:52:55.421+0800][gc           ] GC(1489) Pause Young (Normal) (G1 Evacuation Pause) 441M->382M(1024M) 99.834ms
[2022-04-23T01:52:55.421+0800][gc,cpu       ] GC(1489) User=0.03s Sys=0.07s Real=0.10s
[2022-04-23T01:53:11.807+0800][gc,start     ] GC(1490) Pause Young (Normal) (G1 Evacuation Pause)
[2022-04-23T01:53:11.808+0800][gc,task      ] GC(1490) Using 8 workers of 8 for evacuation
[2022-04-23T01:53:11.832+0800][gc,mmu       ] GC(1490) MMU target violated: 21.0ms (20.0ms/21.0ms)
[2022-04-23T01:53:11.832+0800][gc,phases    ] GC(1490)   Pre Evacuate Collection Set: 0.9ms
[2022-04-23T01:53:11.832+0800][gc,phases    ] GC(1490)   Evacuate Collection Set: 15.5ms
[2022-04-23T01:53:11.832+0800][gc,phases    ] GC(1490)   Post Evacuate Collection Set: 2.8ms
[2022-04-23T01:53:11.832+0800][gc,phases    ] GC(1490)   Other: 6.9ms
[2022-04-23T01:53:11.832+0800][gc,heap      ] GC(1490) Eden regions: 46->0(45)
[2022-04-23T01:53:11.832+0800][gc,heap      ] GC(1490) Survivor regions: 5->6(7)
[2022-04-23T01:53:11.832+0800][gc,heap      ] GC(1490) Old regions: 249->249
[2022-04-23T01:53:11.832+0800][gc,heap      ] GC(1490) Archive regions: 2->2
[2022-04-23T01:53:11.832+0800][gc,heap      ] GC(1490) Humongous regions: 129->129
[2022-04-23T01:53:11.832+0800][gc,metaspace ] GC(1490) Metaspace: 43876K->43876K(1089536K)
[2022-04-23T01:53:11.832+0800][gc           ] GC(1490) Pause Young (Normal) (G1 Evacuation Pause) 428M->383M(1024M) 25.182ms
[2022-04-23T01:53:11.832+0800][gc,cpu       ] GC(1490) User=0.04s Sys=0.03s Real=0.03s
[2022-04-23T01:53:26.810+0800][gc,start     ] GC(1491) Pause Young (Normal) (G1 Evacuation Pause)
[2022-04-23T01:53:26.811+0800][gc,task      ] GC(1491) Using 8 workers of 8 for evacuation
[2022-04-23T01:53:26.829+0800][gc,phases    ] GC(1491)   Pre Evacuate Collection Set: 0.3ms
[2022-04-23T01:53:26.829+0800][gc,phases    ] GC(1491)   Evacuate Collection Set: 16.0ms
[2022-04-23T01:53:26.829+0800][gc,phases    ] GC(1491)   Post Evacuate Collection Set: 0.7ms
[2022-04-23T01:53:26.829+0800][gc,phases    ] GC(1491)   Other: 1.6ms
[2022-04-23T01:53:26.829+0800][gc,heap      ] GC(1491) Eden regions: 45->0(47)
[2022-04-23T01:53:26.829+0800][gc,heap      ] GC(1491) Survivor regions: 6->4(7)
[2022-04-23T01:53:26.829+0800][gc,heap      ] GC(1491) Old regions: 249->251
[2022-04-23T01:53:26.829+0800][gc,heap      ] GC(1491) Archive regions: 2->2
[2022-04-23T01:53:26.829+0800][gc,heap      ] GC(1491) Humongous regions: 129->129
[2022-04-23T01:53:26.829+0800][gc,metaspace ] GC(1491) Metaspace: 43876K->43876K(1089536K)
[2022-04-23T01:53:26.829+0800][gc           ] GC(1491) Pause Young (Normal) (G1 Evacuation Pause) 428M->383M(1024M) 18.813ms
[2022-04-23T01:53:26.829+0800][gc,cpu       ] GC(1491) User=0.05s Sys=0.01s Real=0.01s
[2022-04-23T01:53:42.531+0800][gc,start     ] GC(1492) Pause Young (Normal) (G1 Evacuation Pause)
[2022-04-23T01:53:42.532+0800][gc,task      ] GC(1492) Using 8 workers of 8 for evacuation
[2022-04-23T01:53:42.555+0800][gc,mmu       ] GC(1492) MMU target violated: 21.0ms (20.0ms/21.0ms)
[2022-04-23T01:53:42.555+0800][gc,phases    ] GC(1492)   Pre Evacuate Collection Set: 0.3ms
[2022-04-23T01:53:42.555+0800][gc,phases    ] GC(1492)   Evacuate Collection Set: 20.3ms
[2022-04-23T01:53:42.555+0800][gc,phases    ] GC(1492)   Post Evacuate Collection Set: 1.1ms
[2022-04-23T01:53:42.555+0800][gc,phases    ] GC(1492)   Other: 2.4ms
[2022-04-23T01:53:42.555+0800][gc,heap      ] GC(1492) Eden regions: 47->0(47)
[2022-04-23T01:53:42.555+0800][gc,heap      ] GC(1492) Survivor regions: 4->4(7)
[2022-04-23T01:53:42.555+0800][gc,heap      ] GC(1492) Old regions: 251->251
[2022-04-23T01:53:42.555+0800][gc,heap      ] GC(1492) Archive regions: 2->2
[2022-04-23T01:53:42.555+0800][gc,heap      ] GC(1492) Humongous regions: 129->129
[2022-04-23T01:53:42.555+0800][gc,metaspace ] GC(1492) Metaspace: 43876K->43876K(1089536K)
[2022-04-23T01:53:42.555+0800][gc           ] GC(1492) Pause Young (Normal) (G1 Evacuation Pause) 430M->384M(1024M) 24.021ms
[2022-04-23T01:53:42.555+0800][gc,cpu       ] GC(1492) User=0.04s Sys=0.04s Real=0.02s
[2022-04-23T01:53:58.265+0800][gc,start     ] GC(1493) Pause Young (Normal) (G1 Evacuation Pause)
[2022-04-23T01:53:58.265+0800][gc,task      ] GC(1493) Using 8 workers of 8 for evacuation
[2022-04-23T01:53:58.281+0800][gc,phases    ] GC(1493)   Pre Evacuate Collection Set: 0.1ms
[2022-04-23T01:53:58.281+0800][gc,phases    ] GC(1493)   Evacuate Collection Set: 14.2ms
[2022-04-23T01:53:58.281+0800][gc,phases    ] GC(1493)   Post Evacuate Collection Set: 0.4ms
[2022-04-23T01:53:58.281+0800][gc,phases    ] GC(1493)   Other: 1.2ms
[2022-04-23T01:53:58.281+0800][gc,heap      ] GC(1493) Eden regions: 47->0(47)
[2022-04-23T01:53:58.281+0800][gc,heap      ] GC(1493) Survivor regions: 4->4(7)
[2022-04-23T01:53:58.281+0800][gc,heap      ] GC(1493) Old regions: 251->251
[2022-04-23T01:53:58.281+0800][gc,heap      ] GC(1493) Archive regions: 2->2
[2022-04-23T01:53:58.281+0800][gc,heap      ] GC(1493) Humongous regions: 129->129
[2022-04-23T01:53:58.281+0800][gc,metaspace ] GC(1493) Metaspace: 43876K->43876K(1089536K)
[2022-04-23T01:53:58.281+0800][gc           ] GC(1493) Pause Young (Normal) (G1 Evacuation Pause) 431M->384M(1024M) 16.079ms
[2022-04-23T01:53:58.281+0800][gc,cpu       ] GC(1493) User=0.03s Sys=0.00s Real=0.02s
[2022-04-23T01:54:14.072+0800][gc,start     ] GC(1494) Pause Young (Normal) (G1 Evacuation Pause)
[2022-04-23T01:54:14.072+0800][gc,task      ] GC(1494) Using 8 workers of 8 for evacuation
[2022-04-23T01:54:14.086+0800][gc,phases    ] GC(1494)   Pre Evacuate Collection Set: 0.2ms
[2022-04-23T01:54:14.086+0800][gc,phases    ] GC(1494)   Evacuate Collection Set: 11.8ms
[2022-04-23T01:54:14.086+0800][gc,phases    ] GC(1494)   Post Evacuate Collection Set: 0.6ms
[2022-04-23T01:54:14.086+0800][gc,phases    ] GC(1494)   Other: 0.9ms
[2022-04-23T01:54:14.086+0800][gc,heap      ] GC(1494) Eden regions: 47->0(50)
[2022-04-23T01:54:14.086+0800][gc,heap      ] GC(1494) Survivor regions: 4->4(7)
[2022-04-23T01:54:14.086+0800][gc,heap      ] GC(1494) Old regions: 251->251
[2022-04-23T01:54:14.086+0800][gc,heap      ] GC(1494) Archive regions: 2->2
[2022-04-23T01:54:14.086+0800][gc,heap      ] GC(1494) Humongous regions: 129->129
[2022-04-23T01:54:14.086+0800][gc,metaspace ] GC(1494) Metaspace: 43876K->43876K(1089536K)
[2022-04-23T01:54:14.086+0800][gc           ] GC(1494) Pause Young (Normal) (G1 Evacuation Pause) 431M->384M(1024M) 13.751ms
[2022-04-23T01:54:14.086+0800][gc,cpu       ] GC(1494) User=0.05s Sys=0.01s Real=0.01s
[2022-04-23T01:54:29.636+0800][gc,start     ] GC(1495) Pause Young (Normal) (G1 Evacuation Pause)
[2022-04-23T01:54:29.636+0800][gc,task      ] GC(1495) Using 8 workers of 8 for evacuation
[2022-04-23T01:54:29.653+0800][gc,phases    ] GC(1495)   Pre Evacuate Collection Set: 0.4ms
[2022-04-23T01:54:29.653+0800][gc,phases    ] GC(1495)   Evacuate Collection Set: 15.0ms
[2022-04-23T01:54:29.653+0800][gc,phases    ] GC(1495)   Post Evacuate Collection Set: 0.4ms
[2022-04-23T01:54:29.653+0800][gc,phases    ] GC(1495)   Other: 1.6ms
[2022-04-23T01:54:29.653+0800][gc,heap      ] GC(1495) Eden regions: 47->0(51)
[2022-04-23T01:54:29.653+0800][gc,heap      ] GC(1495) Survivor regions: 4->4(7)
[2022-04-23T01:54:29.653+0800][gc,heap      ] GC(1495) Old regions: 251->252
[2022-04-23T01:54:29.653+0800][gc,heap      ] GC(1495) Archive regions: 2->2
[2022-04-23T01:54:29.653+0800][gc,heap      ] GC(1495) Humongous regions: 129->129
[2022-04-23T01:54:29.653+0800][gc,metaspace ] GC(1495) Metaspace: 43876K->43876K(1089536K)
[2022-04-23T01:54:29.653+0800][gc           ] GC(1495) Pause Young (Normal) (G1 Evacuation Pause) 431M->384M(1024M) 16.998ms
[2022-04-23T01:54:29.653+0800][gc,cpu       ] GC(1495) User=0.05s Sys=0.00s Real=0.02s
[2022-04-23T01:54:46.567+0800][gc,start     ] GC(1496) Pause Young (Normal) (G1 Evacuation Pause)
[2022-04-23T01:54:46.568+0800][gc,task      ] GC(1496) Using 8 workers of 8 for evacuation
[2022-04-23T01:54:46.589+0800][gc,mmu       ] GC(1496) MMU target violated: 21.0ms (20.0ms/21.0ms)
[2022-04-23T01:54:46.589+0800][gc,phases    ] GC(1496)   Pre Evacuate Collection Set: 0.3ms
[2022-04-23T01:54:46.589+0800][gc,phases    ] GC(1496)   Evacuate Collection Set: 18.9ms
[2022-04-23T01:54:46.589+0800][gc,phases    ] GC(1496)   Post Evacuate Collection Set: 0.9ms
[2022-04-23T01:54:46.589+0800][gc,phases    ] GC(1496)   Other: 2.4ms
[2022-04-23T01:54:46.589+0800][gc,heap      ] GC(1496) Eden regions: 51->0(52)
[2022-04-23T01:54:46.590+0800][gc,heap      ] GC(1496) Survivor regions: 4->5(7)
[2022-04-23T01:54:46.590+0800][gc,heap      ] GC(1496) Old regions: 252->252
[2022-04-23T01:54:46.590+0800][gc,heap      ] GC(1496) Archive regions: 2->2
[2022-04-23T01:54:46.590+0800][gc,heap      ] GC(1496) Humongous regions: 129->129
[2022-04-23T01:54:46.590+0800][gc,metaspace ] GC(1496) Metaspace: 43876K->43876K(1089536K)
[2022-04-23T01:54:46.590+0800][gc           ] GC(1496) Pause Young (Normal) (G1 Evacuation Pause) 435M->385M(1024M) 22.609ms
[2022-04-23T01:54:46.590+0800][gc,cpu       ] GC(1496) User=0.04s Sys=0.03s Real=0.03s
[2022-04-23T01:55:03.772+0800][gc,start     ] GC(1497) Pause Young (Normal) (G1 Evacuation Pause)
[2022-04-23T01:55:03.773+0800][gc,task      ] GC(1497) Using 8 workers of 8 for evacuation
[2022-04-23T01:55:03.801+0800][gc,mmu       ] GC(1497) MMU target violated: 21.0ms (20.0ms/21.0ms)
[2022-04-23T01:55:03.801+0800][gc,phases    ] GC(1497)   Pre Evacuate Collection Set: 0.3ms
[2022-04-23T01:55:03.801+0800][gc,phases    ] GC(1497)   Evacuate Collection Set: 25.4ms
[2022-04-23T01:55:03.801+0800][gc,phases    ] GC(1497)   Post Evacuate Collection Set: 1.3ms
[2022-04-23T01:55:03.801+0800][gc,phases    ] GC(1497)   Other: 1.9ms
[2022-04-23T01:55:03.801+0800][gc,heap      ] GC(1497) Eden regions: 52->0(48)
[2022-04-23T01:55:03.801+0800][gc,heap      ] GC(1497) Survivor regions: 5->5(8)
[2022-04-23T01:55:03.801+0800][gc,heap      ] GC(1497) Old regions: 252->252
[2022-04-23T01:55:03.801+0800][gc,heap      ] GC(1497) Archive regions: 2->2
[2022-04-23T01:55:03.801+0800][gc,heap      ] GC(1497) Humongous regions: 129->129
[2022-04-23T01:55:03.801+0800][gc,metaspace ] GC(1497) Metaspace: 43876K->43876K(1089536K)
[2022-04-23T01:55:03.801+0800][gc           ] GC(1497) Pause Young (Normal) (G1 Evacuation Pause) 437M->386M(1024M) 28.980ms
[2022-04-23T01:55:03.801+0800][gc,cpu       ] GC(1497) User=0.05s Sys=0.03s Real=0.03s
[2022-04-23T01:55:19.108+0800][gc,start     ] GC(1498) Pause Young (Normal) (G1 Evacuation Pause)
[2022-04-23T01:55:19.108+0800][gc,task      ] GC(1498) Using 8 workers of 8 for evacuation
[2022-04-23T01:55:19.123+0800][gc,phases    ] GC(1498)   Pre Evacuate Collection Set: 0.4ms
[2022-04-23T01:55:19.123+0800][gc,phases    ] GC(1498)   Evacuate Collection Set: 13.2ms
[2022-04-23T01:55:19.123+0800][gc,phases    ] GC(1498)   Post Evacuate Collection Set: 0.4ms
[2022-04-23T01:55:19.123+0800][gc,phases    ] GC(1498)   Other: 1.3ms
[2022-04-23T01:55:19.123+0800][gc,heap      ] GC(1498) Eden regions: 46->0(52)
[2022-04-23T01:55:19.123+0800][gc,heap      ] GC(1498) Survivor regions: 5->4(7)
[2022-04-23T01:55:19.123+0800][gc,heap      ] GC(1498) Old regions: 252->253
[2022-04-23T01:55:19.123+0800][gc,heap      ] GC(1498) Archive regions: 2->2
[2022-04-23T01:55:19.123+0800][gc,heap      ] GC(1498) Humongous regions: 129->129
[2022-04-23T01:55:19.123+0800][gc,metaspace ] GC(1498) Metaspace: 43876K->43876K(1089536K)
[2022-04-23T01:55:19.123+0800][gc           ] GC(1498) Pause Young (Normal) (G1 Evacuation Pause) 432M->386M(1024M) 15.273ms
[2022-04-23T01:55:19.123+0800][gc,cpu       ] GC(1498) User=0.05s Sys=0.01s Real=0.02s
[2022-04-23T01:55:36.563+0800][gc,start     ] GC(1499) Pause Young (Normal) (G1 Evacuation Pause)
[2022-04-23T01:55:36.563+0800][gc,task      ] GC(1499) Using 8 workers of 8 for evacuation
[2022-04-23T01:55:36.579+0800][gc,phases    ] GC(1499)   Pre Evacuate Collection Set: 0.2ms
[2022-04-23T01:55:36.580+0800][gc,phases    ] GC(1499)   Evacuate Collection Set: 13.9ms
[2022-04-23T01:55:36.580+0800][gc,phases    ] GC(1499)   Post Evacuate Collection Set: 1.0ms
[2022-04-23T01:55:36.580+0800][gc,phases    ] GC(1499)   Other: 1.7ms
[2022-04-23T01:55:36.580+0800][gc,heap      ] GC(1499) Eden regions: 52->0(55)
[2022-04-23T01:55:36.580+0800][gc,heap      ] GC(1499) Survivor regions: 4->5(7)
[2022-04-23T01:55:36.580+0800][gc,heap      ] GC(1499) Old regions: 253->253
[2022-04-23T01:55:36.580+0800][gc,heap      ] GC(1499) Archive regions: 2->2
[2022-04-23T01:55:36.580+0800][gc,heap      ] GC(1499) Humongous regions: 129->129
[2022-04-23T01:55:36.580+0800][gc,metaspace ] GC(1499) Metaspace: 43876K->43876K(1089536K)
[2022-04-23T01:55:36.580+0800][gc           ] GC(1499) Pause Young (Normal) (G1 Evacuation Pause) 438M->387M(1024M) 17.445ms
[2022-04-23T01:55:36.580+0800][gc,cpu       ] GC(1499) User=0.04s Sys=0.02s Real=0.02s
[2022-04-23T11:32:09.069+0800][gc,start     ] GC(1500) Pause Young (Normal) (G1 Evacuation Pause)
[2022-04-23T11:32:09.072+0800][gc,task      ] GC(1500) Using 8 workers of 8 for evacuation
[2022-04-23T11:32:09.276+0800][gc,mmu       ] GC(1500) MMU target violated: 21.0ms (20.0ms/21.0ms)
[2022-04-23T11:32:09.277+0800][gc,phases    ] GC(1500)   Pre Evacuate Collection Set: 2.1ms
[2022-04-23T11:32:09.277+0800][gc,phases    ] GC(1500)   Evacuate Collection Set: 169.7ms
[2022-04-23T11:32:09.277+0800][gc,phases    ] GC(1500)   Post Evacuate Collection Set: 23.8ms
[2022-04-23T11:32:09.277+0800][gc,phases    ] GC(1500)   Other: 17.7ms
[2022-04-23T11:32:09.278+0800][gc,heap      ] GC(1500) Eden regions: 55->0(47)
[2022-04-23T11:32:09.278+0800][gc,heap      ] GC(1500) Survivor regions: 5->4(8)
[2022-04-23T11:32:09.278+0800][gc,heap      ] GC(1500) Old regions: 253->254
[2022-04-23T11:32:09.278+0800][gc,heap      ] GC(1500) Archive regions: 2->2
[2022-04-23T11:32:09.278+0800][gc,heap      ] GC(1500) Humongous regions: 129->129
[2022-04-23T11:32:09.279+0800][gc,metaspace ] GC(1500) Metaspace: 43898K->43898K(1089536K)
[2022-04-23T11:32:09.280+0800][gc           ] GC(1500) Pause Young (Normal) (G1 Evacuation Pause) 442M->386M(1024M) 212.198ms
[2022-04-23T11:32:09.280+0800][gc,cpu       ] GC(1500) User=0.03s Sys=0.07s Real=0.22s
[2022-04-23T12:20:02.273+0800][gc,start     ] GC(1501) Pause Young (Normal) (G1 Evacuation Pause)
[2022-04-23T12:20:02.278+0800][gc,task      ] GC(1501) Using 8 workers of 8 for evacuation
[2022-04-23T12:20:02.443+0800][gc,mmu       ] GC(1501) MMU target violated: 21.0ms (20.0ms/21.0ms)
[2022-04-23T12:20:02.443+0800][gc,phases    ] GC(1501)   Pre Evacuate Collection Set: 2.2ms
[2022-04-23T12:20:02.443+0800][gc,phases    ] GC(1501)   Evacuate Collection Set: 134.0ms
[2022-04-23T12:20:02.443+0800][gc,phases    ] GC(1501)   Post Evacuate Collection Set: 12.4ms
[2022-04-23T12:20:02.443+0800][gc,phases    ] GC(1501)   Other: 21.5ms
[2022-04-23T12:20:02.443+0800][gc,heap      ] GC(1501) Eden regions: 47->0(45)
[2022-04-23T12:20:02.443+0800][gc,heap      ] GC(1501) Survivor regions: 4->6(7)
[2022-04-23T12:20:02.443+0800][gc,heap      ] GC(1501) Old regions: 254->254
[2022-04-23T12:20:02.443+0800][gc,heap      ] GC(1501) Archive regions: 2->2
[2022-04-23T12:20:02.443+0800][gc,heap      ] GC(1501) Humongous regions: 129->129
[2022-04-23T12:20:02.443+0800][gc,metaspace ] GC(1501) Metaspace: 43902K->43902K(1089536K)
[2022-04-23T12:20:02.443+0800][gc           ] GC(1501) Pause Young (Normal) (G1 Evacuation Pause) 433M->388M(1024M) 169.633ms
[2022-04-23T12:20:02.443+0800][gc,cpu       ] GC(1501) User=0.02s Sys=0.08s Real=0.17s
[2022-04-23T12:26:57.414+0800][gc,start     ] GC(1502) Pause Young (Normal) (G1 Evacuation Pause)
[2022-04-23T12:26:57.415+0800][gc,task      ] GC(1502) Using 8 workers of 8 for evacuation
[2022-04-23T12:26:57.473+0800][gc,mmu       ] GC(1502) MMU target violated: 21.0ms (20.0ms/21.0ms)
[2022-04-23T12:26:57.473+0800][gc,phases    ] GC(1502)   Pre Evacuate Collection Set: 0.2ms
[2022-04-23T12:26:57.473+0800][gc,phases    ] GC(1502)   Evacuate Collection Set: 54.2ms
[2022-04-23T12:26:57.473+0800][gc,phases    ] GC(1502)   Post Evacuate Collection Set: 1.9ms
[2022-04-23T12:26:57.473+0800][gc,phases    ] GC(1502)   Other: 3.0ms
[2022-04-23T12:26:57.473+0800][gc,heap      ] GC(1502) Eden regions: 45->0(44)
[2022-04-23T12:26:57.473+0800][gc,heap      ] GC(1502) Survivor regions: 6->7(7)
[2022-04-23T12:26:57.473+0800][gc,heap      ] GC(1502) Old regions: 254->255
[2022-04-23T12:26:57.473+0800][gc,heap      ] GC(1502) Archive regions: 2->2
[2022-04-23T12:26:57.473+0800][gc,heap      ] GC(1502) Humongous regions: 129->129
[2022-04-23T12:26:57.473+0800][gc,metaspace ] GC(1502) Metaspace: 43902K->43902K(1089536K)
[2022-04-23T12:26:57.473+0800][gc           ] GC(1502) Pause Young (Normal) (G1 Evacuation Pause) 433M->391M(1024M) 58.912ms
[2022-04-23T12:26:57.473+0800][gc,cpu       ] GC(1502) User=0.07s Sys=0.07s Real=0.06s
[2022-04-23T12:27:11.135+0800][gc,start     ] GC(1503) Pause Young (Normal) (G1 Evacuation Pause)
[2022-04-23T12:27:11.136+0800][gc,task      ] GC(1503) Using 8 workers of 8 for evacuation
[2022-04-23T12:27:11.153+0800][gc,phases    ] GC(1503)   Pre Evacuate Collection Set: 0.4ms
[2022-04-23T12:27:11.153+0800][gc,phases    ] GC(1503)   Evacuate Collection Set: 15.1ms
[2022-04-23T12:27:11.153+0800][gc,phases    ] GC(1503)   Post Evacuate Collection Set: 0.7ms
[2022-04-23T12:27:11.153+0800][gc,phases    ] GC(1503)   Other: 1.6ms
[2022-04-23T12:27:11.153+0800][gc,heap      ] GC(1503) Eden regions: 44->0(49)
[2022-04-23T12:27:11.153+0800][gc,heap      ] GC(1503) Survivor regions: 7->2(7)
[2022-04-23T12:27:11.153+0800][gc,heap      ] GC(1503) Old regions: 255->261
[2022-04-23T12:27:11.153+0800][gc,heap      ] GC(1503) Archive regions: 2->2
[2022-04-23T12:27:11.153+0800][gc,heap      ] GC(1503) Humongous regions: 129->129
[2022-04-23T12:27:11.153+0800][gc,metaspace ] GC(1503) Metaspace: 43902K->43902K(1089536K)
[2022-04-23T12:27:11.153+0800][gc           ] GC(1503) Pause Young (Normal) (G1 Evacuation Pause) 435M->391M(1024M) 17.997ms
[2022-04-23T12:27:11.153+0800][gc,cpu       ] GC(1503) User=0.05s Sys=0.03s Real=0.02s
[2022-04-23T12:27:26.125+0800][gc,start     ] GC(1504) Pause Young (Normal) (G1 Evacuation Pause)
[2022-04-23T12:27:26.126+0800][gc,task      ] GC(1504) Using 8 workers of 8 for evacuation
[2022-04-23T12:27:26.143+0800][gc,phases    ] GC(1504)   Pre Evacuate Collection Set: 0.3ms
[2022-04-23T12:27:26.144+0800][gc,phases    ] GC(1504)   Evacuate Collection Set: 14.2ms
[2022-04-23T12:27:26.144+0800][gc,phases    ] GC(1504)   Post Evacuate Collection Set: 1.4ms
[2022-04-23T12:27:26.144+0800][gc,phases    ] GC(1504)   Other: 3.0ms
[2022-04-23T12:27:26.144+0800][gc,heap      ] GC(1504) Eden regions: 49->0(47)
[2022-04-23T12:27:26.144+0800][gc,heap      ] GC(1504) Survivor regions: 2->4(7)
[2022-04-23T12:27:26.144+0800][gc,heap      ] GC(1504) Old regions: 261->261
[2022-04-23T12:27:26.144+0800][gc,heap      ] GC(1504) Archive regions: 2->2
[2022-04-23T12:27:26.144+0800][gc,heap      ] GC(1504) Humongous regions: 129->129
[2022-04-23T12:27:26.144+0800][gc,metaspace ] GC(1504) Metaspace: 43902K->43902K(1089536K)
[2022-04-23T12:27:26.144+0800][gc           ] GC(1504) Pause Young (Normal) (G1 Evacuation Pause) 440M->393M(1024M) 19.185ms
[2022-04-23T12:27:26.144+0800][gc,cpu       ] GC(1504) User=0.04s Sys=0.03s Real=0.02s
[2022-04-23T12:27:40.695+0800][gc,start     ] GC(1505) Pause Young (Normal) (G1 Evacuation Pause)
[2022-04-23T12:27:40.695+0800][gc,task      ] GC(1505) Using 8 workers of 8 for evacuation
[2022-04-23T12:27:40.709+0800][gc,phases    ] GC(1505)   Pre Evacuate Collection Set: 0.2ms
[2022-04-23T12:27:40.709+0800][gc,phases    ] GC(1505)   Evacuate Collection Set: 12.6ms
[2022-04-23T12:27:40.709+0800][gc,phases    ] GC(1505)   Post Evacuate Collection Set: 0.7ms
[2022-04-23T12:27:40.709+0800][gc,phases    ] GC(1505)   Other: 1.2ms
[2022-04-23T12:27:40.709+0800][gc,heap      ] GC(1505) Eden regions: 47->0(47)
[2022-04-23T12:27:40.709+0800][gc,heap      ] GC(1505) Survivor regions: 4->4(7)
[2022-04-23T12:27:40.709+0800][gc,heap      ] GC(1505) Old regions: 261->261
[2022-04-23T12:27:40.709+0800][gc,heap      ] GC(1505) Archive regions: 2->2
[2022-04-23T12:27:40.709+0800][gc,heap      ] GC(1505) Humongous regions: 129->129
[2022-04-23T12:27:40.709+0800][gc,metaspace ] GC(1505) Metaspace: 43902K->43902K(1089536K)
[2022-04-23T12:27:40.709+0800][gc           ] GC(1505) Pause Young (Normal) (G1 Evacuation Pause) 440M->394M(1024M) 14.732ms
[2022-04-23T12:27:40.709+0800][gc,cpu       ] GC(1505) User=0.03s Sys=0.00s Real=0.01s
[2022-04-23T12:27:55.204+0800][gc,start     ] GC(1506) Pause Young (Normal) (G1 Evacuation Pause)
[2022-04-23T12:27:55.205+0800][gc,task      ] GC(1506) Using 8 workers of 8 for evacuation
[2022-04-23T12:27:55.223+0800][gc,phases    ] GC(1506)   Pre Evacuate Collection Set: 0.2ms
[2022-04-23T12:27:55.223+0800][gc,phases    ] GC(1506)   Evacuate Collection Set: 15.9ms
[2022-04-23T12:27:55.223+0800][gc,phases    ] GC(1506)   Post Evacuate Collection Set: 1.3ms
[2022-04-23T12:27:55.223+0800][gc,phases    ] GC(1506)   Other: 1.6ms
[2022-04-23T12:27:55.223+0800][gc,heap      ] GC(1506) Eden regions: 47->0(46)
[2022-04-23T12:27:55.223+0800][gc,heap      ] GC(1506) Survivor regions: 4->5(7)
[2022-04-23T12:27:55.223+0800][gc,heap      ] GC(1506) Old regions: 261->261
[2022-04-23T12:27:55.223+0800][gc,heap      ] GC(1506) Archive regions: 2->2
[2022-04-23T12:27:55.223+0800][gc,heap      ] GC(1506) Humongous regions: 129->129
[2022-04-23T12:27:55.223+0800][gc,metaspace ] GC(1506) Metaspace: 43902K->43902K(1089536K)
[2022-04-23T12:27:55.223+0800][gc           ] GC(1506) Pause Young (Normal) (G1 Evacuation Pause) 441M->394M(1024M) 19.240ms
[2022-04-23T12:27:55.223+0800][gc,cpu       ] GC(1506) User=0.04s Sys=0.01s Real=0.02s
[2022-04-23T12:28:10.788+0800][gc,start     ] GC(1507) Pause Young (Normal) (G1 Evacuation Pause)
[2022-04-23T12:28:10.790+0800][gc,task      ] GC(1507) Using 8 workers of 8 for evacuation
[2022-04-23T12:28:10.820+0800][gc,mmu       ] GC(1507) MMU target violated: 21.0ms (20.0ms/21.0ms)
[2022-04-23T12:28:10.820+0800][gc,phases    ] GC(1507)   Pre Evacuate Collection Set: 0.3ms
[2022-04-23T12:28:10.820+0800][gc,phases    ] GC(1507)   Evacuate Collection Set: 25.9ms
[2022-04-23T12:28:10.820+0800][gc,phases    ] GC(1507)   Post Evacuate Collection Set: 1.9ms
[2022-04-23T12:28:10.820+0800][gc,phases    ] GC(1507)   Other: 3.8ms
[2022-04-23T12:28:10.820+0800][gc,heap      ] GC(1507) Eden regions: 46->0(48)
[2022-04-23T12:28:10.820+0800][gc,heap      ] GC(1507) Survivor regions: 5->3(7)
[2022-04-23T12:28:10.820+0800][gc,heap      ] GC(1507) Old regions: 261->263
[2022-04-23T12:28:10.820+0800][gc,heap      ] GC(1507) Archive regions: 2->2
[2022-04-23T12:28:10.820+0800][gc,heap      ] GC(1507) Humongous regions: 129->129
[2022-04-23T12:28:10.820+0800][gc,metaspace ] GC(1507) Metaspace: 43902K->43902K(1089536K)
[2022-04-23T12:28:10.820+0800][gc           ] GC(1507) Pause Young (Normal) (G1 Evacuation Pause) 440M->395M(1024M) 32.104ms
[2022-04-23T12:28:10.820+0800][gc,cpu       ] GC(1507) User=0.04s Sys=0.03s Real=0.04s
[2022-04-23T12:28:25.799+0800][gc,start     ] GC(1508) Pause Young (Normal) (G1 Evacuation Pause)
[2022-04-23T12:28:25.800+0800][gc,task      ] GC(1508) Using 8 workers of 8 for evacuation
[2022-04-23T12:28:25.813+0800][gc,phases    ] GC(1508)   Pre Evacuate Collection Set: 0.2ms
[2022-04-23T12:28:25.814+0800][gc,phases    ] GC(1508)   Evacuate Collection Set: 12.3ms
[2022-04-23T12:28:25.814+0800][gc,phases    ] GC(1508)   Post Evacuate Collection Set: 0.7ms
[2022-04-23T12:28:25.814+0800][gc,phases    ] GC(1508)   Other: 1.0ms
[2022-04-23T12:28:25.814+0800][gc,heap      ] GC(1508) Eden regions: 48->0(47)
[2022-04-23T12:28:25.814+0800][gc,heap      ] GC(1508) Survivor regions: 3->4(7)
[2022-04-23T12:28:25.814+0800][gc,heap      ] GC(1508) Old regions: 263->263
[2022-04-23T12:28:25.814+0800][gc,heap      ] GC(1508) Archive regions: 2->2
[2022-04-23T12:28:25.814+0800][gc,heap      ] GC(1508) Humongous regions: 129->129
[2022-04-23T12:28:25.814+0800][gc,metaspace ] GC(1508) Metaspace: 43902K->43902K(1089536K)
[2022-04-23T12:28:25.814+0800][gc           ] GC(1508) Pause Young (Normal) (G1 Evacuation Pause) 443M->395M(1024M) 14.342ms
[2022-04-23T12:28:25.814+0800][gc,cpu       ] GC(1508) User=0.03s Sys=0.01s Real=0.02s
[2022-04-23T12:28:40.951+0800][gc,start     ] GC(1509) Pause Young (Normal) (G1 Evacuation Pause)
[2022-04-23T12:28:40.952+0800][gc,task      ] GC(1509) Using 8 workers of 8 for evacuation
[2022-04-23T12:28:40.957+0800][gc,phases    ] GC(1509)   Pre Evacuate Collection Set: 0.0ms
[2022-04-23T12:28:40.958+0800][gc,phases    ] GC(1509)   Evacuate Collection Set: 4.9ms
[2022-04-23T12:28:40.958+0800][gc,phases    ] GC(1509)   Post Evacuate Collection Set: 0.4ms
[2022-04-23T12:28:40.958+0800][gc,phases    ] GC(1509)   Other: 0.8ms
[2022-04-23T12:28:40.958+0800][gc,heap      ] GC(1509) Eden regions: 47->0(47)
[2022-04-23T12:28:40.958+0800][gc,heap      ] GC(1509) Survivor regions: 4->4(7)
[2022-04-23T12:28:40.958+0800][gc,heap      ] GC(1509) Old regions: 263->263
[2022-04-23T12:28:40.958+0800][gc,heap      ] GC(1509) Archive regions: 2->2
[2022-04-23T12:28:40.958+0800][gc,heap      ] GC(1509) Humongous regions: 129->129
[2022-04-23T12:28:40.958+0800][gc,metaspace ] GC(1509) Metaspace: 43902K->43902K(1089536K)
[2022-04-23T12:28:40.958+0800][gc           ] GC(1509) Pause Young (Normal) (G1 Evacuation Pause) 442M->395M(1024M) 6.342ms
[2022-04-23T12:28:40.958+0800][gc,cpu       ] GC(1509) User=0.03s Sys=0.01s Real=0.00s
[2022-04-23T12:28:55.572+0800][gc,start     ] GC(1510) Pause Young (Normal) (G1 Evacuation Pause)
[2022-04-23T12:28:55.572+0800][gc,task      ] GC(1510) Using 8 workers of 8 for evacuation
[2022-04-23T12:28:55.586+0800][gc,phases    ] GC(1510)   Pre Evacuate Collection Set: 0.1ms
[2022-04-23T12:28:55.586+0800][gc,phases    ] GC(1510)   Evacuate Collection Set: 10.4ms
[2022-04-23T12:28:55.586+0800][gc,phases    ] GC(1510)   Post Evacuate Collection Set: 1.9ms
[2022-04-23T12:28:55.586+0800][gc,phases    ] GC(1510)   Other: 1.4ms
[2022-04-23T12:28:55.586+0800][gc,heap      ] GC(1510) Eden regions: 47->0(47)
[2022-04-23T12:28:55.586+0800][gc,heap      ] GC(1510) Survivor regions: 4->4(7)
[2022-04-23T12:28:55.586+0800][gc,heap      ] GC(1510) Old regions: 263->263
[2022-04-23T12:28:55.586+0800][gc,heap      ] GC(1510) Archive regions: 2->2
[2022-04-23T12:28:55.586+0800][gc,heap      ] GC(1510) Humongous regions: 129->129
[2022-04-23T12:28:55.586+0800][gc,metaspace ] GC(1510) Metaspace: 43902K->43902K(1089536K)
[2022-04-23T12:28:55.586+0800][gc           ] GC(1510) Pause Young (Normal) (G1 Evacuation Pause) 442M->396M(1024M) 14.144ms
[2022-04-23T12:28:55.586+0800][gc,cpu       ] GC(1510) User=0.03s Sys=0.01s Real=0.01s
[2022-04-23T12:29:10.217+0800][gc,start     ] GC(1511) Pause Young (Normal) (G1 Evacuation Pause)
[2022-04-23T12:29:10.219+0800][gc,task      ] GC(1511) Using 8 workers of 8 for evacuation
[2022-04-23T12:29:10.241+0800][gc,mmu       ] GC(1511) MMU target violated: 21.0ms (20.0ms/21.0ms)
[2022-04-23T12:29:10.241+0800][gc,phases    ] GC(1511)   Pre Evacuate Collection Set: 0.2ms
[2022-04-23T12:29:10.241+0800][gc,phases    ] GC(1511)   Evacuate Collection Set: 20.6ms
[2022-04-23T12:29:10.241+0800][gc,phases    ] GC(1511)   Post Evacuate Collection Set: 0.8ms
[2022-04-23T12:29:10.241+0800][gc,phases    ] GC(1511)   Other: 2.4ms
[2022-04-23T12:29:10.241+0800][gc,heap      ] GC(1511) Eden regions: 47->0(47)
[2022-04-23T12:29:10.241+0800][gc,heap      ] GC(1511) Survivor regions: 4->4(7)
[2022-04-23T12:29:10.241+0800][gc,heap      ] GC(1511) Old regions: 263->264
[2022-04-23T12:29:10.241+0800][gc,heap      ] GC(1511) Archive regions: 2->2
[2022-04-23T12:29:10.241+0800][gc,heap      ] GC(1511) Humongous regions: 129->129
[2022-04-23T12:29:10.241+0800][gc,metaspace ] GC(1511) Metaspace: 43902K->43902K(1089536K)
[2022-04-23T12:29:10.242+0800][gc           ] GC(1511) Pause Young (Normal) (G1 Evacuation Pause) 443M->396M(1024M) 24.062ms
[2022-04-23T12:29:10.242+0800][gc,cpu       ] GC(1511) User=0.03s Sys=0.02s Real=0.03s
[2022-04-23T12:29:25.352+0800][gc,start     ] GC(1512) Pause Young (Normal) (G1 Evacuation Pause)
[2022-04-23T12:29:25.353+0800][gc,task      ] GC(1512) Using 8 workers of 8 for evacuation
[2022-04-23T12:29:25.367+0800][gc,phases    ] GC(1512)   Pre Evacuate Collection Set: 0.4ms
[2022-04-23T12:29:25.367+0800][gc,phases    ] GC(1512)   Evacuate Collection Set: 12.8ms
[2022-04-23T12:29:25.367+0800][gc,phases    ] GC(1512)   Post Evacuate Collection Set: 0.4ms
[2022-04-23T12:29:25.367+0800][gc,phases    ] GC(1512)   Other: 1.2ms
[2022-04-23T12:29:25.367+0800][gc,heap      ] GC(1512) Eden regions: 47->0(48)
[2022-04-23T12:29:25.367+0800][gc,heap      ] GC(1512) Survivor regions: 4->6(7)
[2022-04-23T12:29:25.367+0800][gc,heap      ] GC(1512) Old regions: 264->264
[2022-04-23T12:29:25.367+0800][gc,heap      ] GC(1512) Archive regions: 2->2
[2022-04-23T12:29:25.367+0800][gc,heap      ] GC(1512) Humongous regions: 129->129
[2022-04-23T12:29:25.367+0800][gc,metaspace ] GC(1512) Metaspace: 43902K->43902K(1089536K)
[2022-04-23T12:29:25.367+0800][gc           ] GC(1512) Pause Young (Normal) (G1 Evacuation Pause) 443M->397M(1024M) 14.887ms
[2022-04-23T12:29:25.367+0800][gc,cpu       ] GC(1512) User=0.04s Sys=0.01s Real=0.01s
[2022-04-23T12:29:40.650+0800][gc,start     ] GC(1513) Pause Young (Normal) (G1 Evacuation Pause)
[2022-04-23T12:29:40.664+0800][gc,task      ] GC(1513) Using 8 workers of 8 for evacuation
[2022-04-23T12:29:40.704+0800][gc,mmu       ] GC(1513) MMU target violated: 21.0ms (20.0ms/21.0ms)
[2022-04-23T12:29:40.704+0800][gc,phases    ] GC(1513)   Pre Evacuate Collection Set: 0.3ms
[2022-04-23T12:29:40.704+0800][gc,phases    ] GC(1513)   Evacuate Collection Set: 36.6ms
[2022-04-23T12:29:40.704+0800][gc,phases    ] GC(1513)   Post Evacuate Collection Set: 1.4ms
[2022-04-23T12:29:40.705+0800][gc,phases    ] GC(1513)   Other: 16.1ms
[2022-04-23T12:29:40.705+0800][gc,heap      ] GC(1513) Eden regions: 48->0(47)
[2022-04-23T12:29:40.705+0800][gc,heap      ] GC(1513) Survivor regions: 6->4(7)
[2022-04-23T12:29:40.705+0800][gc,heap      ] GC(1513) Old regions: 264->265
[2022-04-23T12:29:40.705+0800][gc,heap      ] GC(1513) Archive regions: 2->2
[2022-04-23T12:29:40.705+0800][gc,heap      ] GC(1513) Humongous regions: 129->129
[2022-04-23T12:29:40.705+0800][gc,metaspace ] GC(1513) Metaspace: 43902K->43902K(1089536K)
[2022-04-23T12:29:40.705+0800][gc           ] GC(1513) Pause Young (Normal) (G1 Evacuation Pause) 445M->398M(1024M) 54.832ms
[2022-04-23T12:29:40.705+0800][gc,cpu       ] GC(1513) User=0.05s Sys=0.02s Real=0.05s
[2022-04-23T12:29:55.568+0800][gc,start     ] GC(1514) Pause Young (Normal) (G1 Evacuation Pause)
[2022-04-23T12:29:55.582+0800][gc,task      ] GC(1514) Using 8 workers of 8 for evacuation
[2022-04-23T12:29:55.596+0800][gc,phases    ] GC(1514)   Pre Evacuate Collection Set: 0.2ms
[2022-04-23T12:29:55.601+0800][gc,phases    ] GC(1514)   Evacuate Collection Set: 13.1ms
[2022-04-23T12:29:55.601+0800][gc,phases    ] GC(1514)   Post Evacuate Collection Set: 0.4ms
[2022-04-23T12:29:55.601+0800][gc,phases    ] GC(1514)   Other: 14.5ms
[2022-04-23T12:29:55.601+0800][gc,heap      ] GC(1514) Eden regions: 47->0(47)
[2022-04-23T12:29:55.601+0800][gc,heap      ] GC(1514) Survivor regions: 4->4(7)
[2022-04-23T12:29:55.601+0800][gc,heap      ] GC(1514) Old regions: 265->266
[2022-04-23T12:29:55.601+0800][gc,heap      ] GC(1514) Archive regions: 2->2
[2022-04-23T12:29:55.601+0800][gc,heap      ] GC(1514) Humongous regions: 129->129
[2022-04-23T12:29:55.601+0800][gc,metaspace ] GC(1514) Metaspace: 43902K->43902K(1089536K)
[2022-04-23T12:29:55.601+0800][gc           ] GC(1514) Pause Young (Normal) (G1 Evacuation Pause) 445M->398M(1024M) 33.397ms
[2022-04-23T12:29:55.601+0800][gc,cpu       ] GC(1514) User=0.04s Sys=0.01s Real=0.04s
[2022-04-23T12:30:10.559+0800][gc,start     ] GC(1515) Pause Young (Normal) (G1 Evacuation Pause)
[2022-04-23T12:30:10.560+0800][gc,task      ] GC(1515) Using 8 workers of 8 for evacuation
[2022-04-23T12:30:10.576+0800][gc,phases    ] GC(1515)   Pre Evacuate Collection Set: 0.2ms
[2022-04-23T12:30:10.576+0800][gc,phases    ] GC(1515)   Evacuate Collection Set: 14.7ms
[2022-04-23T12:30:10.576+0800][gc,phases    ] GC(1515)   Post Evacuate Collection Set: 0.7ms
[2022-04-23T12:30:10.576+0800][gc,phases    ] GC(1515)   Other: 1.0ms
[2022-04-23T12:30:10.576+0800][gc,heap      ] GC(1515) Eden regions: 47->0(47)
[2022-04-23T12:30:10.576+0800][gc,heap      ] GC(1515) Survivor regions: 4->4(7)
[2022-04-23T12:30:10.576+0800][gc,heap      ] GC(1515) Old regions: 266->266
[2022-04-23T12:30:10.576+0800][gc,heap      ] GC(1515) Archive regions: 2->2
[2022-04-23T12:30:10.576+0800][gc,heap      ] GC(1515) Humongous regions: 129->129
[2022-04-23T12:30:10.576+0800][gc,metaspace ] GC(1515) Metaspace: 43902K->43902K(1089536K)
[2022-04-23T12:30:10.576+0800][gc           ] GC(1515) Pause Young (Normal) (G1 Evacuation Pause) 445M->398M(1024M) 16.673ms
[2022-04-23T12:30:10.576+0800][gc,cpu       ] GC(1515) User=0.03s Sys=0.01s Real=0.02s
[2022-04-23T12:30:25.430+0800][gc,start     ] GC(1516) Pause Young (Normal) (G1 Evacuation Pause)
[2022-04-23T12:30:25.441+0800][gc,task      ] GC(1516) Using 8 workers of 8 for evacuation
[2022-04-23T12:30:25.469+0800][gc,mmu       ] GC(1516) MMU target violated: 21.0ms (20.0ms/21.0ms)
[2022-04-23T12:30:25.469+0800][gc,phases    ] GC(1516)   Pre Evacuate Collection Set: 0.1ms
[2022-04-23T12:30:25.469+0800][gc,phases    ] GC(1516)   Evacuate Collection Set: 25.7ms
[2022-04-23T12:30:25.469+0800][gc,phases    ] GC(1516)   Post Evacuate Collection Set: 1.0ms
[2022-04-23T12:30:25.469+0800][gc,phases    ] GC(1516)   Other: 12.0ms
[2022-04-23T12:30:25.469+0800][gc,heap      ] GC(1516) Eden regions: 47->0(49)
[2022-04-23T12:30:25.469+0800][gc,heap      ] GC(1516) Survivor regions: 4->5(7)
[2022-04-23T12:30:25.469+0800][gc,heap      ] GC(1516) Old regions: 266->266
[2022-04-23T12:30:25.469+0800][gc,heap      ] GC(1516) Archive regions: 2->2
[2022-04-23T12:30:25.469+0800][gc,heap      ] GC(1516) Humongous regions: 129->129
[2022-04-23T12:30:25.469+0800][gc,metaspace ] GC(1516) Metaspace: 43902K->43902K(1089536K)
[2022-04-23T12:30:25.469+0800][gc           ] GC(1516) Pause Young (Normal) (G1 Evacuation Pause) 445M->399M(1024M) 39.007ms
[2022-04-23T12:30:25.469+0800][gc,cpu       ] GC(1516) User=0.03s Sys=0.01s Real=0.03s
[2022-04-23T12:30:40.215+0800][gc,start     ] GC(1517) Pause Young (Normal) (G1 Evacuation Pause)
[2022-04-23T12:30:40.216+0800][gc,task      ] GC(1517) Using 8 workers of 8 for evacuation
[2022-04-23T12:30:40.229+0800][gc,phases    ] GC(1517)   Pre Evacuate Collection Set: 0.2ms
[2022-04-23T12:30:40.229+0800][gc,phases    ] GC(1517)   Evacuate Collection Set: 12.3ms
[2022-04-23T12:30:40.229+0800][gc,phases    ] GC(1517)   Post Evacuate Collection Set: 0.6ms
[2022-04-23T12:30:40.229+0800][gc,phases    ] GC(1517)   Other: 1.9ms
[2022-04-23T12:30:40.230+0800][gc,heap      ] GC(1517) Eden regions: 46->0(51)
[2022-04-23T12:30:40.230+0800][gc,heap      ] GC(1517) Survivor regions: 5->4(7)
[2022-04-23T12:30:40.230+0800][gc,heap      ] GC(1517) Old regions: 266->266
[2022-04-23T12:30:40.230+0800][gc,heap      ] GC(1517) Archive regions: 2->2
[2022-04-23T12:30:40.230+0800][gc,heap      ] GC(1517) Humongous regions: 129->129
[2022-04-23T12:30:40.230+0800][gc,metaspace ] GC(1517) Metaspace: 43902K->43902K(1089536K)
[2022-04-23T12:30:40.230+0800][gc           ] GC(1517) Pause Young (Normal) (G1 Evacuation Pause) 445M->398M(1024M) 15.146ms
[2022-04-23T12:30:40.230+0800][gc,cpu       ] GC(1517) User=0.04s Sys=0.01s Real=0.02s
[2022-04-23T12:30:56.746+0800][gc,start     ] GC(1518) Pause Young (Normal) (G1 Evacuation Pause)
[2022-04-23T12:30:56.747+0800][gc,task      ] GC(1518) Using 8 workers of 8 for evacuation
[2022-04-23T12:30:56.772+0800][gc,mmu       ] GC(1518) MMU target violated: 21.0ms (20.0ms/21.0ms)
[2022-04-23T12:30:56.772+0800][gc,phases    ] GC(1518)   Pre Evacuate Collection Set: 0.3ms
[2022-04-23T12:30:56.772+0800][gc,phases    ] GC(1518)   Evacuate Collection Set: 22.8ms
[2022-04-23T12:30:56.772+0800][gc,phases    ] GC(1518)   Post Evacuate Collection Set: 1.2ms
[2022-04-23T12:30:56.772+0800][gc,phases    ] GC(1518)   Other: 2.4ms
[2022-04-23T12:30:56.772+0800][gc,heap      ] GC(1518) Eden regions: 51->0(49)
[2022-04-23T12:30:56.772+0800][gc,heap      ] GC(1518) Survivor regions: 4->5(7)
[2022-04-23T12:30:56.772+0800][gc,heap      ] GC(1518) Old regions: 266->266
[2022-04-23T12:30:56.772+0800][gc,heap      ] GC(1518) Archive regions: 2->2
[2022-04-23T12:30:56.772+0800][gc,heap      ] GC(1518) Humongous regions: 129->129
[2022-04-23T12:30:56.772+0800][gc,metaspace ] GC(1518) Metaspace: 43902K->43902K(1089536K)
[2022-04-23T12:30:56.772+0800][gc           ] GC(1518) Pause Young (Normal) (G1 Evacuation Pause) 449M->399M(1024M) 26.809ms
[2022-04-23T12:30:56.772+0800][gc,cpu       ] GC(1518) User=0.04s Sys=0.03s Real=0.03s
[2022-04-23T12:31:12.399+0800][gc,start     ] GC(1519) Pause Young (Normal) (G1 Evacuation Pause)
[2022-04-23T12:31:12.400+0800][gc,task      ] GC(1519) Using 8 workers of 8 for evacuation
[2022-04-23T12:31:12.427+0800][gc,mmu       ] GC(1519) MMU target violated: 21.0ms (20.0ms/21.0ms)
[2022-04-23T12:31:12.427+0800][gc,phases    ] GC(1519)   Pre Evacuate Collection Set: 0.2ms
[2022-04-23T12:31:12.427+0800][gc,phases    ] GC(1519)   Evacuate Collection Set: 25.0ms
[2022-04-23T12:31:12.427+0800][gc,phases    ] GC(1519)   Post Evacuate Collection Set: 1.2ms
[2022-04-23T12:31:12.427+0800][gc,phases    ] GC(1519)   Other: 1.7ms
[2022-04-23T12:31:12.427+0800][gc,heap      ] GC(1519) Eden regions: 49->0(49)
[2022-04-23T12:31:12.427+0800][gc,heap      ] GC(1519) Survivor regions: 5->5(7)
[2022-04-23T12:31:12.427+0800][gc,heap      ] GC(1519) Old regions: 266->267
[2022-04-23T12:31:12.427+0800][gc,heap      ] GC(1519) Archive regions: 2->2
[2022-04-23T12:31:12.427+0800][gc,heap      ] GC(1519) Humongous regions: 129->129
[2022-04-23T12:31:12.427+0800][gc,metaspace ] GC(1519) Metaspace: 43902K->43902K(1089536K)
[2022-04-23T12:31:12.427+0800][gc           ] GC(1519) Pause Young (Normal) (G1 Evacuation Pause) 448M->400M(1024M) 28.302ms
[2022-04-23T12:31:12.427+0800][gc,cpu       ] GC(1519) User=0.05s Sys=0.02s Real=0.03s
[2022-04-23T12:31:26.987+0800][gc,start     ] GC(1520) Pause Young (Normal) (G1 Evacuation Pause)
[2022-04-23T12:31:26.988+0800][gc,task      ] GC(1520) Using 8 workers of 8 for evacuation
[2022-04-23T12:31:27.010+0800][gc,mmu       ] GC(1520) MMU target violated: 21.0ms (20.0ms/21.0ms)
[2022-04-23T12:31:27.010+0800][gc,phases    ] GC(1520)   Pre Evacuate Collection Set: 0.3ms
[2022-04-23T12:31:27.010+0800][gc,phases    ] GC(1520)   Evacuate Collection Set: 19.0ms
[2022-04-23T12:31:27.010+0800][gc,phases    ] GC(1520)   Post Evacuate Collection Set: 1.4ms
[2022-04-23T12:31:27.010+0800][gc,phases    ] GC(1520)   Other: 2.3ms
[2022-04-23T12:31:27.010+0800][gc,heap      ] GC(1520) Eden regions: 46->0(53)
[2022-04-23T12:31:27.010+0800][gc,heap      ] GC(1520) Survivor regions: 5->4(7)
[2022-04-23T12:31:27.010+0800][gc,heap      ] GC(1520) Old regions: 267->267
[2022-04-23T12:31:27.010+0800][gc,heap      ] GC(1520) Archive regions: 2->2
[2022-04-23T12:31:27.010+0800][gc,heap      ] GC(1520) Humongous regions: 129->129
[2022-04-23T12:31:27.010+0800][gc,metaspace ] GC(1520) Metaspace: 43902K->43902K(1089536K)
[2022-04-23T12:31:27.010+0800][gc           ] GC(1520) Pause Young (Normal) (G1 Evacuation Pause) 446M->400M(1024M) 23.078ms
[2022-04-23T12:31:27.010+0800][gc,cpu       ] GC(1520) User=0.06s Sys=0.01s Real=0.03s
[2022-04-23T12:31:46.796+0800][gc,start     ] GC(1521) Pause Young (Normal) (G1 Evacuation Pause)
[2022-04-23T12:31:46.797+0800][gc,task      ] GC(1521) Using 8 workers of 8 for evacuation
[2022-04-23T12:31:46.819+0800][gc,mmu       ] GC(1521) MMU target violated: 21.0ms (20.0ms/21.0ms)
[2022-04-23T12:31:46.819+0800][gc,phases    ] GC(1521)   Pre Evacuate Collection Set: 0.3ms
[2022-04-23T12:31:46.819+0800][gc,phases    ] GC(1521)   Evacuate Collection Set: 20.3ms
[2022-04-23T12:31:46.819+0800][gc,phases    ] GC(1521)   Post Evacuate Collection Set: 1.2ms
[2022-04-23T12:31:46.820+0800][gc,phases    ] GC(1521)   Other: 1.3ms
[2022-04-23T12:31:46.820+0800][gc,heap      ] GC(1521) Eden regions: 53->0(52)
[2022-04-23T12:31:46.820+0800][gc,heap      ] GC(1521) Survivor regions: 4->5(8)
[2022-04-23T12:31:46.820+0800][gc,heap      ] GC(1521) Old regions: 267->267
[2022-04-23T12:31:46.820+0800][gc,heap      ] GC(1521) Archive regions: 2->2
[2022-04-23T12:31:46.820+0800][gc,heap      ] GC(1521) Humongous regions: 129->129
[2022-04-23T12:31:46.820+0800][gc,metaspace ] GC(1521) Metaspace: 43902K->43902K(1089536K)
[2022-04-23T12:31:46.820+0800][gc           ] GC(1521) Pause Young (Normal) (G1 Evacuation Pause) 453M->400M(1024M) 23.307ms
[2022-04-23T12:31:46.820+0800][gc,cpu       ] GC(1521) User=0.05s Sys=0.03s Real=0.03s
[2022-04-23T12:32:01.025+0800][gc,start     ] GC(1522) Pause Young (Normal) (G1 Evacuation Pause)
[2022-04-23T12:32:01.026+0800][gc,task      ] GC(1522) Using 8 workers of 8 for evacuation
[2022-04-23T12:32:01.041+0800][gc,phases    ] GC(1522)   Pre Evacuate Collection Set: 0.4ms
[2022-04-23T12:32:01.042+0800][gc,phases    ] GC(1522)   Evacuate Collection Set: 13.5ms
[2022-04-23T12:32:01.042+0800][gc,phases    ] GC(1522)   Post Evacuate Collection Set: 1.1ms
[2022-04-23T12:32:01.042+0800][gc,phases    ] GC(1522)   Other: 1.6ms
[2022-04-23T12:32:01.042+0800][gc,heap      ] GC(1522) Eden regions: 46->0(52)
[2022-04-23T12:32:01.042+0800][gc,heap      ] GC(1522) Survivor regions: 5->4(7)
[2022-04-23T12:32:01.042+0800][gc,heap      ] GC(1522) Old regions: 267->268
[2022-04-23T12:32:01.042+0800][gc,heap      ] GC(1522) Archive regions: 2->2
[2022-04-23T12:32:01.042+0800][gc,heap      ] GC(1522) Humongous regions: 129->129
[2022-04-23T12:32:01.042+0800][gc,metaspace ] GC(1522) Metaspace: 43902K->43902K(1089536K)
[2022-04-23T12:32:01.042+0800][gc           ] GC(1522) Pause Young (Normal) (G1 Evacuation Pause) 446M->400M(1024M) 16.993ms
[2022-04-23T12:32:01.042+0800][gc,cpu       ] GC(1522) User=0.05s Sys=0.01s Real=0.02s
[2022-04-23T12:32:16.206+0800][gc,start     ] GC(1523) Pause Young (Normal) (G1 Evacuation Pause)
[2022-04-23T12:32:16.207+0800][gc,task      ] GC(1523) Using 8 workers of 8 for evacuation
[2022-04-23T12:32:16.226+0800][gc,phases    ] GC(1523)   Pre Evacuate Collection Set: 0.1ms
[2022-04-23T12:32:16.226+0800][gc,phases    ] GC(1523)   Evacuate Collection Set: 17.6ms
[2022-04-23T12:32:16.226+0800][gc,phases    ] GC(1523)   Post Evacuate Collection Set: 0.8ms
[2022-04-23T12:32:16.226+0800][gc,phases    ] GC(1523)   Other: 2.0ms
[2022-04-23T12:32:16.226+0800][gc,heap      ] GC(1523) Eden regions: 47->0(49)
[2022-04-23T12:32:16.226+0800][gc,heap      ] GC(1523) Survivor regions: 4->6(7)
[2022-04-23T12:32:16.226+0800][gc,heap      ] GC(1523) Old regions: 268->268
[2022-04-23T12:32:16.226+0800][gc,heap      ] GC(1523) Archive regions: 2->2
[2022-04-23T12:32:16.226+0800][gc,heap      ] GC(1523) Humongous regions: 129->129
[2022-04-23T12:32:16.227+0800][gc,metaspace ] GC(1523) Metaspace: 43902K->43902K(1089536K)
[2022-04-23T12:32:16.227+0800][gc           ] GC(1523) Pause Young (Normal) (G1 Evacuation Pause) 447M->402M(1024M) 20.807ms
[2022-04-23T12:32:16.227+0800][gc,cpu       ] GC(1523) User=0.05s Sys=0.02s Real=0.02s
[2022-04-23T12:32:30.683+0800][gc,start     ] GC(1524) Pause Young (Normal) (G1 Evacuation Pause)
[2022-04-23T12:32:30.683+0800][gc,task      ] GC(1524) Using 8 workers of 8 for evacuation
[2022-04-23T12:32:30.709+0800][gc,mmu       ] GC(1524) MMU target violated: 21.0ms (20.0ms/21.0ms)
[2022-04-23T12:32:30.709+0800][gc,phases    ] GC(1524)   Pre Evacuate Collection Set: 0.2ms
[2022-04-23T12:32:30.709+0800][gc,phases    ] GC(1524)   Evacuate Collection Set: 23.5ms
[2022-04-23T12:32:30.709+0800][gc,phases    ] GC(1524)   Post Evacuate Collection Set: 1.4ms
[2022-04-23T12:32:30.710+0800][gc,phases    ] GC(1524)   Other: 1.9ms
[2022-04-23T12:32:30.710+0800][gc,heap      ] GC(1524) Eden regions: 45->0(47)
[2022-04-23T12:32:30.710+0800][gc,heap      ] GC(1524) Survivor regions: 6->4(7)
[2022-04-23T12:32:30.710+0800][gc,heap      ] GC(1524) Old regions: 268->270
[2022-04-23T12:32:30.710+0800][gc,heap      ] GC(1524) Archive regions: 2->2
[2022-04-23T12:32:30.710+0800][gc,heap      ] GC(1524) Humongous regions: 129->129
[2022-04-23T12:32:30.710+0800][gc,metaspace ] GC(1524) Metaspace: 43902K->43902K(1089536K)
[2022-04-23T12:32:30.710+0800][gc           ] GC(1524) Pause Young (Normal) (G1 Evacuation Pause) 447M->402M(1024M) 27.178ms
[2022-04-23T12:32:30.710+0800][gc,cpu       ] GC(1524) User=0.06s Sys=0.02s Real=0.03s
[2022-04-23T12:32:45.708+0800][gc,start     ] GC(1525) Pause Young (Normal) (G1 Evacuation Pause)
[2022-04-23T12:32:45.709+0800][gc,task      ] GC(1525) Using 8 workers of 8 for evacuation
[2022-04-23T12:32:45.726+0800][gc,phases    ] GC(1525)   Pre Evacuate Collection Set: 0.2ms
[2022-04-23T12:32:45.726+0800][gc,phases    ] GC(1525)   Evacuate Collection Set: 14.4ms
[2022-04-23T12:32:45.726+0800][gc,phases    ] GC(1525)   Post Evacuate Collection Set: 1.8ms
[2022-04-23T12:32:45.726+0800][gc,phases    ] GC(1525)   Other: 1.1ms
[2022-04-23T12:32:45.726+0800][gc,heap      ] GC(1525) Eden regions: 47->0(50)
[2022-04-23T12:32:45.726+0800][gc,heap      ] GC(1525) Survivor regions: 4->4(7)
[2022-04-23T12:32:45.726+0800][gc,heap      ] GC(1525) Old regions: 270->270
[2022-04-23T12:32:45.726+0800][gc,heap      ] GC(1525) Archive regions: 2->2
[2022-04-23T12:32:45.726+0800][gc,heap      ] GC(1525) Humongous regions: 129->129
[2022-04-23T12:32:45.726+0800][gc,metaspace ] GC(1525) Metaspace: 43902K->43902K(1089536K)
[2022-04-23T12:32:45.726+0800][gc           ] GC(1525) Pause Young (Normal) (G1 Evacuation Pause) 449M->402M(1024M) 17.814ms
[2022-04-23T12:32:45.726+0800][gc,cpu       ] GC(1525) User=0.04s Sys=0.02s Real=0.02s
[2022-04-23T12:33:00.571+0800][gc,start     ] GC(1526) Pause Young (Normal) (G1 Evacuation Pause)
[2022-04-23T12:33:00.571+0800][gc,task      ] GC(1526) Using 8 workers of 8 for evacuation
[2022-04-23T12:33:00.585+0800][gc,phases    ] GC(1526)   Pre Evacuate Collection Set: 0.2ms
[2022-04-23T12:33:00.585+0800][gc,phases    ] GC(1526)   Evacuate Collection Set: 13.3ms
[2022-04-23T12:33:00.585+0800][gc,phases    ] GC(1526)   Post Evacuate Collection Set: 0.4ms
[2022-04-23T12:33:00.585+0800][gc,phases    ] GC(1526)   Other: 0.8ms
[2022-04-23T12:33:00.585+0800][gc,heap      ] GC(1526) Eden regions: 47->0(53)
[2022-04-23T12:33:00.585+0800][gc,heap      ] GC(1526) Survivor regions: 4->4(7)
[2022-04-23T12:33:00.585+0800][gc,heap      ] GC(1526) Old regions: 270->270
[2022-04-23T12:33:00.585+0800][gc,heap      ] GC(1526) Archive regions: 2->2
[2022-04-23T12:33:00.585+0800][gc,heap      ] GC(1526) Humongous regions: 129->129
[2022-04-23T12:33:00.585+0800][gc,metaspace ] GC(1526) Metaspace: 43902K->43902K(1089536K)
[2022-04-23T12:33:00.585+0800][gc           ] GC(1526) Pause Young (Normal) (G1 Evacuation Pause) 449M->402M(1024M) 14.666ms
[2022-04-23T12:33:00.585+0800][gc,cpu       ] GC(1526) User=0.04s Sys=0.01s Real=0.01s
[2022-04-23T12:33:15.697+0800][gc,start     ] GC(1527) Pause Young (Normal) (G1 Evacuation Pause)
[2022-04-23T12:33:15.698+0800][gc,task      ] GC(1527) Using 8 workers of 8 for evacuation
[2022-04-23T12:33:15.714+0800][gc,phases    ] GC(1527)   Pre Evacuate Collection Set: 0.2ms
[2022-04-23T12:33:15.714+0800][gc,phases    ] GC(1527)   Evacuate Collection Set: 14.1ms
[2022-04-23T12:33:15.714+0800][gc,phases    ] GC(1527)   Post Evacuate Collection Set: 1.2ms
[2022-04-23T12:33:15.714+0800][gc,phases    ] GC(1527)   Other: 1.3ms
[2022-04-23T12:33:15.714+0800][gc,heap      ] GC(1527) Eden regions: 48->0(52)
[2022-04-23T12:33:15.714+0800][gc,heap      ] GC(1527) Survivor regions: 4->4(7)
[2022-04-23T12:33:15.714+0800][gc,heap      ] GC(1527) Old regions: 270->270
[2022-04-23T12:33:15.714+0800][gc,heap      ] GC(1527) Archive regions: 2->2
[2022-04-23T12:33:15.714+0800][gc,heap      ] GC(1527) Humongous regions: 129->129
[2022-04-23T12:33:15.714+0800][gc,metaspace ] GC(1527) Metaspace: 43902K->43902K(1089536K)
[2022-04-23T12:33:15.714+0800][gc           ] GC(1527) Pause Young (Normal) (G1 Evacuation Pause) 450M->403M(1024M) 17.102ms
[2022-04-23T12:33:15.714+0800][gc,cpu       ] GC(1527) User=0.04s Sys=0.02s Real=0.02s
[2022-04-23T12:33:31.035+0800][gc,start     ] GC(1528) Pause Young (Normal) (G1 Evacuation Pause)
[2022-04-23T12:33:31.036+0800][gc,task      ] GC(1528) Using 8 workers of 8 for evacuation
[2022-04-23T12:33:31.053+0800][gc,phases    ] GC(1528)   Pre Evacuate Collection Set: 0.4ms
[2022-04-23T12:33:31.053+0800][gc,phases    ] GC(1528)   Evacuate Collection Set: 15.1ms
[2022-04-23T12:33:31.053+0800][gc,phases    ] GC(1528)   Post Evacuate Collection Set: 0.5ms
[2022-04-23T12:33:31.053+0800][gc,phases    ] GC(1528)   Other: 1.9ms
[2022-04-23T12:33:31.053+0800][gc,heap      ] GC(1528) Eden regions: 48->0(51)
[2022-04-23T12:33:31.053+0800][gc,heap      ] GC(1528) Survivor regions: 4->4(7)
[2022-04-23T12:33:31.053+0800][gc,heap      ] GC(1528) Old regions: 270->270
[2022-04-23T12:33:31.053+0800][gc,heap      ] GC(1528) Archive regions: 2->2
[2022-04-23T12:33:31.053+0800][gc,heap      ] GC(1528) Humongous regions: 129->129
[2022-04-23T12:33:31.053+0800][gc,metaspace ] GC(1528) Metaspace: 43902K->43902K(1089536K)
[2022-04-23T12:33:31.053+0800][gc           ] GC(1528) Pause Young (Normal) (G1 Evacuation Pause) 451M->403M(1024M) 17.913ms
[2022-04-23T12:33:31.053+0800][gc,cpu       ] GC(1528) User=0.05s Sys=0.01s Real=0.02s
[2022-04-23T12:33:55.555+0800][gc,start     ] GC(1529) Pause Young (Normal) (G1 Evacuation Pause)
[2022-04-23T12:33:55.556+0800][gc,task      ] GC(1529) Using 8 workers of 8 for evacuation
[2022-04-23T12:33:55.577+0800][gc,mmu       ] GC(1529) MMU target violated: 21.0ms (20.0ms/21.0ms)
[2022-04-23T12:33:55.578+0800][gc,phases    ] GC(1529)   Pre Evacuate Collection Set: 0.2ms
[2022-04-23T12:33:55.578+0800][gc,phases    ] GC(1529)   Evacuate Collection Set: 19.3ms
[2022-04-23T12:33:55.578+0800][gc,phases    ] GC(1529)   Post Evacuate Collection Set: 1.0ms
[2022-04-23T12:33:55.578+0800][gc,phases    ] GC(1529)   Other: 1.9ms
[2022-04-23T12:33:55.578+0800][gc,heap      ] GC(1529) Eden regions: 47->0(51)
[2022-04-23T12:33:55.578+0800][gc,heap      ] GC(1529) Survivor regions: 4->5(7)
[2022-04-23T12:33:55.578+0800][gc,heap      ] GC(1529) Old regions: 270->271
[2022-04-23T12:33:55.578+0800][gc,heap      ] GC(1529) Archive regions: 2->2
[2022-04-23T12:33:55.578+0800][gc,heap      ] GC(1529) Humongous regions: 129->129
[2022-04-23T12:33:55.578+0800][gc,metaspace ] GC(1529) Metaspace: 43902K->43902K(1089536K)
[2022-04-23T12:33:55.578+0800][gc           ] GC(1529) Pause Young (Normal) (G1 Evacuation Pause) 450M->404M(1024M) 22.739ms
[2022-04-23T12:33:55.578+0800][gc,cpu       ] GC(1529) User=0.06s Sys=0.02s Real=0.02s
[2022-04-23T12:34:11.152+0800][gc,start     ] GC(1530) Pause Young (Normal) (G1 Evacuation Pause)
[2022-04-23T12:34:11.152+0800][gc,task      ] GC(1530) Using 8 workers of 8 for evacuation
[2022-04-23T12:34:11.167+0800][gc,phases    ] GC(1530)   Pre Evacuate Collection Set: 0.4ms
[2022-04-23T12:34:11.167+0800][gc,phases    ] GC(1530)   Evacuate Collection Set: 12.9ms
[2022-04-23T12:34:11.167+0800][gc,phases    ] GC(1530)   Post Evacuate Collection Set: 0.5ms
[2022-04-23T12:34:11.167+0800][gc,phases    ] GC(1530)   Other: 2.5ms
[2022-04-23T12:34:11.167+0800][gc,heap      ] GC(1530) Eden regions: 48->0(54)
[2022-04-23T12:34:11.167+0800][gc,heap      ] GC(1530) Survivor regions: 5->4(7)
[2022-04-23T12:34:11.167+0800][gc,heap      ] GC(1530) Old regions: 271->272
[2022-04-23T12:34:11.167+0800][gc,heap      ] GC(1530) Archive regions: 2->2
[2022-04-23T12:34:11.167+0800][gc,heap      ] GC(1530) Humongous regions: 129->129
[2022-04-23T12:34:11.167+0800][gc,metaspace ] GC(1530) Metaspace: 43902K->43902K(1089536K)
[2022-04-23T12:34:11.167+0800][gc           ] GC(1530) Pause Young (Normal) (G1 Evacuation Pause) 452M->404M(1024M) 14.993ms
[2022-04-23T12:34:11.167+0800][gc,cpu       ] GC(1530) User=0.04s Sys=0.01s Real=0.01s
[2022-04-23T12:34:26.979+0800][gc,start     ] GC(1531) Pause Young (Normal) (G1 Evacuation Pause)
[2022-04-23T12:34:26.981+0800][gc,task      ] GC(1531) Using 8 workers of 8 for evacuation
[2022-04-23T12:34:26.994+0800][gc,phases    ] GC(1531)   Pre Evacuate Collection Set: 0.4ms
[2022-04-23T12:34:26.994+0800][gc,phases    ] GC(1531)   Evacuate Collection Set: 12.1ms
[2022-04-23T12:34:26.994+0800][gc,phases    ] GC(1531)   Post Evacuate Collection Set: 0.5ms
[2022-04-23T12:34:26.994+0800][gc,phases    ] GC(1531)   Other: 2.0ms
[2022-04-23T12:34:26.994+0800][gc,heap      ] GC(1531) Eden regions: 50->0(57)
[2022-04-23T12:34:26.994+0800][gc,heap      ] GC(1531) Survivor regions: 4->5(7)
[2022-04-23T12:34:26.994+0800][gc,heap      ] GC(1531) Old regions: 272->272
[2022-04-23T12:34:26.994+0800][gc,heap      ] GC(1531) Archive regions: 2->2
[2022-04-23T12:34:26.994+0800][gc,heap      ] GC(1531) Humongous regions: 129->129
[2022-04-23T12:34:26.994+0800][gc,metaspace ] GC(1531) Metaspace: 43902K->43902K(1089536K)
[2022-04-23T12:34:26.994+0800][gc           ] GC(1531) Pause Young (Normal) (G1 Evacuation Pause) 454M->405M(1024M) 15.140ms
[2022-04-23T12:34:26.995+0800][gc,cpu       ] GC(1531) User=0.05s Sys=0.01s Real=0.02s
[2022-04-23T12:34:44.062+0800][gc,start     ] GC(1532) Pause Young (Normal) (G1 Evacuation Pause)
[2022-04-23T12:34:44.062+0800][gc,task      ] GC(1532) Using 8 workers of 8 for evacuation
[2022-04-23T12:34:44.089+0800][gc,mmu       ] GC(1532) MMU target violated: 21.0ms (20.0ms/21.0ms)
[2022-04-23T12:34:44.089+0800][gc,phases    ] GC(1532)   Pre Evacuate Collection Set: 0.2ms
[2022-04-23T12:34:44.089+0800][gc,phases    ] GC(1532)   Evacuate Collection Set: 25.3ms
[2022-04-23T12:34:44.089+0800][gc,phases    ] GC(1532)   Post Evacuate Collection Set: 0.6ms
[2022-04-23T12:34:44.089+0800][gc,phases    ] GC(1532)   Other: 0.9ms
[2022-04-23T12:34:44.089+0800][gc,heap      ] GC(1532) Eden regions: 54->0(50)
[2022-04-23T12:34:44.089+0800][gc,heap      ] GC(1532) Survivor regions: 5->6(8)
[2022-04-23T12:34:44.089+0800][gc,heap      ] GC(1532) Old regions: 272->272
[2022-04-23T12:34:44.089+0800][gc,heap      ] GC(1532) Archive regions: 2->2
[2022-04-23T12:34:44.089+0800][gc,heap      ] GC(1532) Humongous regions: 129->129
[2022-04-23T12:34:44.089+0800][gc,metaspace ] GC(1532) Metaspace: 43902K->43902K(1089536K)
[2022-04-23T12:34:44.089+0800][gc           ] GC(1532) Pause Young (Normal) (G1 Evacuation Pause) 459M->406M(1024M) 27.125ms
[2022-04-23T12:34:44.089+0800][gc,cpu       ] GC(1532) User=0.04s Sys=0.03s Real=0.02s
[2022-04-23T12:34:59.552+0800][gc,start     ] GC(1533) Pause Young (Normal) (G1 Evacuation Pause)
[2022-04-23T12:34:59.553+0800][gc,task      ] GC(1533) Using 8 workers of 8 for evacuation
[2022-04-23T12:34:59.574+0800][gc,mmu       ] GC(1533) MMU target violated: 20.5ms (20.0ms/21.0ms)
[2022-04-23T12:34:59.585+0800][gc,phases    ] GC(1533)   Pre Evacuate Collection Set: 0.1ms
[2022-04-23T12:34:59.585+0800][gc,phases    ] GC(1533)   Evacuate Collection Set: 19.6ms
[2022-04-23T12:34:59.585+0800][gc,phases    ] GC(1533)   Post Evacuate Collection Set: 0.4ms
[2022-04-23T12:34:59.588+0800][gc,phases    ] GC(1533)   Other: 12.6ms
[2022-04-23T12:34:59.588+0800][gc,heap      ] GC(1533) Eden regions: 48->0(52)
[2022-04-23T12:34:59.588+0800][gc,heap      ] GC(1533) Survivor regions: 6->5(7)
[2022-04-23T12:34:59.588+0800][gc,heap      ] GC(1533) Old regions: 272->274
[2022-04-23T12:34:59.588+0800][gc,heap      ] GC(1533) Archive regions: 2->2
[2022-04-23T12:34:59.588+0800][gc,heap      ] GC(1533) Humongous regions: 129->129
[2022-04-23T12:34:59.588+0800][gc,metaspace ] GC(1533) Metaspace: 43902K->43902K(1089536K)
[2022-04-23T12:34:59.588+0800][gc           ] GC(1533) Pause Young (Normal) (G1 Evacuation Pause) 454M->407M(1024M) 35.987ms
[2022-04-23T12:34:59.589+0800][gc,cpu       ] GC(1533) User=0.06s Sys=0.02s Real=0.03s
[2022-04-23T12:35:19.422+0800][gc,start     ] GC(1534) Pause Young (Normal) (G1 Evacuation Pause)
[2022-04-23T12:35:19.424+0800][gc,task      ] GC(1534) Using 8 workers of 8 for evacuation
[2022-04-23T12:35:19.444+0800][gc,phases    ] GC(1534)   Pre Evacuate Collection Set: 0.3ms
[2022-04-23T12:35:19.444+0800][gc,phases    ] GC(1534)   Evacuate Collection Set: 18.3ms
[2022-04-23T12:35:19.444+0800][gc,phases    ] GC(1534)   Post Evacuate Collection Set: 1.0ms
[2022-04-23T12:35:19.444+0800][gc,phases    ] GC(1534)   Other: 2.2ms
[2022-04-23T12:35:19.444+0800][gc,heap      ] GC(1534) Eden regions: 52->0(52)
[2022-04-23T12:35:19.444+0800][gc,heap      ] GC(1534) Survivor regions: 5->5(8)
[2022-04-23T12:35:19.444+0800][gc,heap      ] GC(1534) Old regions: 274->274
[2022-04-23T12:35:19.444+0800][gc,heap      ] GC(1534) Archive regions: 2->2
[2022-04-23T12:35:19.444+0800][gc,heap      ] GC(1534) Humongous regions: 129->129
[2022-04-23T12:35:19.444+0800][gc,metaspace ] GC(1534) Metaspace: 43902K->43902K(1089536K)
[2022-04-23T12:35:19.444+0800][gc           ] GC(1534) Pause Young (Normal) (G1 Evacuation Pause) 459M->407M(1024M) 21.927ms
[2022-04-23T12:35:19.444+0800][gc,cpu       ] GC(1534) User=0.04s Sys=0.02s Real=0.02s
[2022-04-23T12:35:35.735+0800][gc,start     ] GC(1535) Pause Young (Normal) (G1 Evacuation Pause)
[2022-04-23T12:35:35.735+0800][gc,task      ] GC(1535) Using 8 workers of 8 for evacuation
[2022-04-23T12:35:35.761+0800][gc,mmu       ] GC(1535) MMU target violated: 21.0ms (20.0ms/21.0ms)
[2022-04-23T12:35:35.761+0800][gc,phases    ] GC(1535)   Pre Evacuate Collection Set: 0.2ms
[2022-04-23T12:35:35.761+0800][gc,phases    ] GC(1535)   Evacuate Collection Set: 24.4ms
[2022-04-23T12:35:35.761+0800][gc,phases    ] GC(1535)   Post Evacuate Collection Set: 0.7ms
[2022-04-23T12:35:35.761+0800][gc,phases    ] GC(1535)   Other: 1.0ms
[2022-04-23T12:35:35.761+0800][gc,heap      ] GC(1535) Eden regions: 52->0(50)
[2022-04-23T12:35:35.761+0800][gc,heap      ] GC(1535) Survivor regions: 5->4(8)
[2022-04-23T12:35:35.761+0800][gc,heap      ] GC(1535) Old regions: 274->274
[2022-04-23T12:35:35.761+0800][gc,heap      ] GC(1535) Archive regions: 2->2
[2022-04-23T12:35:35.761+0800][gc,heap      ] GC(1535) Humongous regions: 129->129
[2022-04-23T12:35:35.761+0800][gc,metaspace ] GC(1535) Metaspace: 43902K->43902K(1089536K)
[2022-04-23T12:35:35.761+0800][gc           ] GC(1535) Pause Young (Normal) (G1 Evacuation Pause) 459M->406M(1024M) 26.420ms
[2022-04-23T12:35:35.761+0800][gc,cpu       ] GC(1535) User=0.04s Sys=0.01s Real=0.03s
[2022-04-23T12:35:51.697+0800][gc,start     ] GC(1536) Pause Young (Normal) (G1 Evacuation Pause)
[2022-04-23T12:35:51.698+0800][gc,task      ] GC(1536) Using 8 workers of 8 for evacuation
[2022-04-23T12:35:51.711+0800][gc,phases    ] GC(1536)   Pre Evacuate Collection Set: 0.3ms
[2022-04-23T12:35:51.711+0800][gc,phases    ] GC(1536)   Evacuate Collection Set: 11.7ms
[2022-04-23T12:35:51.711+0800][gc,phases    ] GC(1536)   Post Evacuate Collection Set: 0.4ms
[2022-04-23T12:35:51.711+0800][gc,phases    ] GC(1536)   Other: 1.9ms
[2022-04-23T12:35:51.711+0800][gc,heap      ] GC(1536) Eden regions: 50->0(53)
[2022-04-23T12:35:51.711+0800][gc,heap      ] GC(1536) Survivor regions: 4->4(7)
[2022-04-23T12:35:51.711+0800][gc,heap      ] GC(1536) Old regions: 274->274
[2022-04-23T12:35:51.711+0800][gc,heap      ] GC(1536) Archive regions: 2->2
[2022-04-23T12:35:51.711+0800][gc,heap      ] GC(1536) Humongous regions: 129->129
[2022-04-23T12:35:51.711+0800][gc,metaspace ] GC(1536) Metaspace: 43902K->43902K(1089536K)
[2022-04-23T12:35:51.711+0800][gc           ] GC(1536) Pause Young (Normal) (G1 Evacuation Pause) 456M->407M(1024M) 14.426ms
[2022-04-23T12:35:51.711+0800][gc,cpu       ] GC(1536) User=0.04s Sys=0.01s Real=0.02s
[2022-04-23T12:36:08.565+0800][gc,start     ] GC(1537) Pause Young (Normal) (G1 Evacuation Pause)
[2022-04-23T12:36:08.565+0800][gc,task      ] GC(1537) Using 8 workers of 8 for evacuation
[2022-04-23T12:36:08.589+0800][gc,mmu       ] GC(1537) MMU target violated: 21.0ms (20.0ms/21.0ms)
[2022-04-23T12:36:08.589+0800][gc,phases    ] GC(1537)   Pre Evacuate Collection Set: 0.3ms
[2022-04-23T12:36:08.589+0800][gc,phases    ] GC(1537)   Evacuate Collection Set: 21.2ms
[2022-04-23T12:36:08.589+0800][gc,phases    ] GC(1537)   Post Evacuate Collection Set: 1.1ms
[2022-04-23T12:36:08.589+0800][gc,phases    ] GC(1537)   Other: 1.7ms
[2022-04-23T12:36:08.589+0800][gc,heap      ] GC(1537) Eden regions: 53->0(52)
[2022-04-23T12:36:08.589+0800][gc,heap      ] GC(1537) Survivor regions: 4->5(8)
[2022-04-23T12:36:08.589+0800][gc,heap      ] GC(1537) Old regions: 274->274
[2022-04-23T12:36:08.589+0800][gc,heap      ] GC(1537) Archive regions: 2->2
[2022-04-23T12:36:08.589+0800][gc,heap      ] GC(1537) Humongous regions: 129->129
[2022-04-23T12:36:08.589+0800][gc,metaspace ] GC(1537) Metaspace: 43902K->43902K(1089536K)
[2022-04-23T12:36:08.589+0800][gc           ] GC(1537) Pause Young (Normal) (G1 Evacuation Pause) 460M->408M(1024M) 24.284ms
[2022-04-23T12:36:08.589+0800][gc,cpu       ] GC(1537) User=0.04s Sys=0.02s Real=0.02s
[2022-04-23T12:36:24.230+0800][gc,start     ] GC(1538) Pause Young (Normal) (G1 Evacuation Pause)
[2022-04-23T12:36:24.231+0800][gc,task      ] GC(1538) Using 8 workers of 8 for evacuation
[2022-04-23T12:36:24.246+0800][gc,phases    ] GC(1538)   Pre Evacuate Collection Set: 0.3ms
[2022-04-23T12:36:24.247+0800][gc,phases    ] GC(1538)   Evacuate Collection Set: 14.0ms
[2022-04-23T12:36:24.247+0800][gc,phases    ] GC(1538)   Post Evacuate Collection Set: 0.5ms
[2022-04-23T12:36:24.247+0800][gc,phases    ] GC(1538)   Other: 1.6ms
[2022-04-23T12:36:24.247+0800][gc,heap      ] GC(1538) Eden regions: 49->0(53)
[2022-04-23T12:36:24.247+0800][gc,heap      ] GC(1538) Survivor regions: 5->4(7)
[2022-04-23T12:36:24.247+0800][gc,heap      ] GC(1538) Old regions: 274->276
[2022-04-23T12:36:24.247+0800][gc,heap      ] GC(1538) Archive regions: 2->2
[2022-04-23T12:36:24.247+0800][gc,heap      ] GC(1538) Humongous regions: 129->129
[2022-04-23T12:36:24.247+0800][gc,metaspace ] GC(1538) Metaspace: 43902K->43902K(1089536K)
[2022-04-23T12:36:24.247+0800][gc           ] GC(1538) Pause Young (Normal) (G1 Evacuation Pause) 457M->408M(1024M) 16.709ms
[2022-04-23T12:36:24.247+0800][gc,cpu       ] GC(1538) User=0.05s Sys=0.00s Real=0.01s
[2022-04-23T12:36:41.187+0800][gc,start     ] GC(1539) Pause Young (Normal) (G1 Evacuation Pause)
[2022-04-23T12:36:41.188+0800][gc,task      ] GC(1539) Using 8 workers of 8 for evacuation
[2022-04-23T12:36:41.205+0800][gc,phases    ] GC(1539)   Pre Evacuate Collection Set: 0.2ms
[2022-04-23T12:36:41.205+0800][gc,phases    ] GC(1539)   Evacuate Collection Set: 14.9ms
[2022-04-23T12:36:41.205+0800][gc,phases    ] GC(1539)   Post Evacuate Collection Set: 0.6ms
[2022-04-23T12:36:41.205+0800][gc,phases    ] GC(1539)   Other: 2.4ms
[2022-04-23T12:36:41.205+0800][gc,heap      ] GC(1539) Eden regions: 53->0(57)
[2022-04-23T12:36:41.205+0800][gc,heap      ] GC(1539) Survivor regions: 4->5(8)
[2022-04-23T12:36:41.206+0800][gc,heap      ] GC(1539) Old regions: 276->276
[2022-04-23T12:36:41.206+0800][gc,heap      ] GC(1539) Archive regions: 2->2
[2022-04-23T12:36:41.206+0800][gc,heap      ] GC(1539) Humongous regions: 129->129
[2022-04-23T12:36:41.206+0800][gc,metaspace ] GC(1539) Metaspace: 43902K->43902K(1089536K)
[2022-04-23T12:36:41.206+0800][gc           ] GC(1539) Pause Young (Normal) (G1 Evacuation Pause) 461M->409M(1024M) 18.269ms
[2022-04-23T12:36:41.206+0800][gc,cpu       ] GC(1539) User=0.04s Sys=0.00s Real=0.02s
[2022-04-23T12:36:59.506+0800][gc,start     ] GC(1540) Pause Young (Normal) (G1 Evacuation Pause)
[2022-04-23T12:36:59.507+0800][gc,task      ] GC(1540) Using 8 workers of 8 for evacuation
[2022-04-23T12:36:59.528+0800][gc,mmu       ] GC(1540) MMU target violated: 21.0ms (20.0ms/21.0ms)
[2022-04-23T12:36:59.528+0800][gc,phases    ] GC(1540)   Pre Evacuate Collection Set: 0.3ms
[2022-04-23T12:36:59.528+0800][gc,phases    ] GC(1540)   Evacuate Collection Set: 20.0ms
[2022-04-23T12:36:59.528+0800][gc,phases    ] GC(1540)   Post Evacuate Collection Set: 0.4ms
[2022-04-23T12:36:59.528+0800][gc,phases    ] GC(1540)   Other: 1.9ms
[2022-04-23T12:36:59.528+0800][gc,heap      ] GC(1540) Eden regions: 57->0(54)
[2022-04-23T12:36:59.528+0800][gc,heap      ] GC(1540) Survivor regions: 5->4(8)
[2022-04-23T12:36:59.528+0800][gc,heap      ] GC(1540) Old regions: 276->277
[2022-04-23T12:36:59.528+0800][gc,heap      ] GC(1540) Archive regions: 2->2
[2022-04-23T12:36:59.528+0800][gc,heap      ] GC(1540) Humongous regions: 129->129
[2022-04-23T12:36:59.528+0800][gc,metaspace ] GC(1540) Metaspace: 43902K->43902K(1089536K)
[2022-04-23T12:36:59.528+0800][gc           ] GC(1540) Pause Young (Normal) (G1 Evacuation Pause) 466M->409M(1024M) 22.637ms
[2022-04-23T12:36:59.528+0800][gc,cpu       ] GC(1540) User=0.05s Sys=0.03s Real=0.02s
[2022-04-23T12:37:16.662+0800][gc,start     ] GC(1541) Pause Young (Normal) (G1 Evacuation Pause)
[2022-04-23T12:37:16.663+0800][gc,task      ] GC(1541) Using 8 workers of 8 for evacuation
[2022-04-23T12:37:16.678+0800][gc,phases    ] GC(1541)   Pre Evacuate Collection Set: 0.2ms
[2022-04-23T12:37:16.679+0800][gc,phases    ] GC(1541)   Evacuate Collection Set: 14.5ms
[2022-04-23T12:37:16.679+0800][gc,phases    ] GC(1541)   Post Evacuate Collection Set: 0.6ms
[2022-04-23T12:37:16.679+0800][gc,phases    ] GC(1541)   Other: 1.6ms
[2022-04-23T12:37:16.679+0800][gc,heap      ] GC(1541) Eden regions: 54->0(57)
[2022-04-23T12:37:16.679+0800][gc,heap      ] GC(1541) Survivor regions: 4->5(8)
[2022-04-23T12:37:16.679+0800][gc,heap      ] GC(1541) Old regions: 277->277
[2022-04-23T12:37:16.679+0800][gc,heap      ] GC(1541) Archive regions: 2->2
[2022-04-23T12:37:16.679+0800][gc,heap      ] GC(1541) Humongous regions: 129->129
[2022-04-23T12:37:16.679+0800][gc,metaspace ] GC(1541) Metaspace: 43902K->43902K(1089536K)
[2022-04-23T12:37:16.679+0800][gc           ] GC(1541) Pause Young (Normal) (G1 Evacuation Pause) 463M->410M(1024M) 17.032ms
[2022-04-23T12:37:16.679+0800][gc,cpu       ] GC(1541) User=0.04s Sys=0.01s Real=0.01s
[2022-04-23T12:37:33.712+0800][gc,start     ] GC(1542) Pause Young (Normal) (G1 Evacuation Pause)
[2022-04-23T12:37:33.713+0800][gc,task      ] GC(1542) Using 8 workers of 8 for evacuation
[2022-04-23T12:37:33.732+0800][gc,phases    ] GC(1542)   Pre Evacuate Collection Set: 0.2ms
[2022-04-23T12:37:33.732+0800][gc,phases    ] GC(1542)   Evacuate Collection Set: 16.3ms
[2022-04-23T12:37:33.732+0800][gc,phases    ] GC(1542)   Post Evacuate Collection Set: 1.7ms
[2022-04-23T12:37:33.732+0800][gc,phases    ] GC(1542)   Other: 1.5ms
[2022-04-23T12:37:33.732+0800][gc,heap      ] GC(1542) Eden regions: 54->0(57)
[2022-04-23T12:37:33.732+0800][gc,heap      ] GC(1542) Survivor regions: 5->4(8)
[2022-04-23T12:37:33.732+0800][gc,heap      ] GC(1542) Old regions: 277->277
[2022-04-23T12:37:33.732+0800][gc,heap      ] GC(1542) Archive regions: 2->2
[2022-04-23T12:37:33.732+0800][gc,heap      ] GC(1542) Humongous regions: 129->129
[2022-04-23T12:37:33.732+0800][gc,metaspace ] GC(1542) Metaspace: 43902K->43902K(1089536K)
[2022-04-23T12:37:33.732+0800][gc           ] GC(1542) Pause Young (Normal) (G1 Evacuation Pause) 464M->410M(1024M) 19.984ms
[2022-04-23T12:37:33.732+0800][gc,cpu       ] GC(1542) User=0.04s Sys=0.01s Real=0.02s
[2022-04-23T12:37:51.968+0800][gc,start     ] GC(1543) Pause Young (Normal) (G1 Evacuation Pause)
[2022-04-23T12:37:51.969+0800][gc,task      ] GC(1543) Using 8 workers of 8 for evacuation
[2022-04-23T12:37:51.984+0800][gc,phases    ] GC(1543)   Pre Evacuate Collection Set: 0.2ms
[2022-04-23T12:37:51.984+0800][gc,phases    ] GC(1543)   Evacuate Collection Set: 13.5ms
[2022-04-23T12:37:51.984+0800][gc,phases    ] GC(1543)   Post Evacuate Collection Set: 0.9ms
[2022-04-23T12:37:51.985+0800][gc,phases    ] GC(1543)   Other: 1.4ms
[2022-04-23T12:37:51.985+0800][gc,heap      ] GC(1543) Eden regions: 57->0(59)
[2022-04-23T12:37:51.985+0800][gc,heap      ] GC(1543) Survivor regions: 4->4(8)
[2022-04-23T12:37:51.985+0800][gc,heap      ] GC(1543) Old regions: 277->277
[2022-04-23T12:37:51.985+0800][gc,heap      ] GC(1543) Archive regions: 2->2
[2022-04-23T12:37:51.985+0800][gc,heap      ] GC(1543) Humongous regions: 129->129
[2022-04-23T12:37:51.985+0800][gc,metaspace ] GC(1543) Metaspace: 43902K->43902K(1089536K)
[2022-04-23T12:37:51.985+0800][gc           ] GC(1543) Pause Young (Normal) (G1 Evacuation Pause) 467M->410M(1024M) 16.367ms
[2022-04-23T12:37:51.985+0800][gc,cpu       ] GC(1543) User=0.03s Sys=0.01s Real=0.02s
[2022-04-23T12:38:11.124+0800][gc,start     ] GC(1544) Pause Young (Normal) (G1 Evacuation Pause)
[2022-04-23T12:38:11.124+0800][gc,task      ] GC(1544) Using 8 workers of 8 for evacuation
[2022-04-23T12:38:11.153+0800][gc,mmu       ] GC(1544) MMU target violated: 21.0ms (20.0ms/21.0ms)
[2022-04-23T12:38:11.153+0800][gc,phases    ] GC(1544)   Pre Evacuate Collection Set: 0.3ms
[2022-04-23T12:38:11.153+0800][gc,phases    ] GC(1544)   Evacuate Collection Set: 25.3ms
[2022-04-23T12:38:11.153+0800][gc,phases    ] GC(1544)   Post Evacuate Collection Set: 1.0ms
[2022-04-23T12:38:11.153+0800][gc,phases    ] GC(1544)   Other: 3.3ms
[2022-04-23T12:38:11.153+0800][gc,heap      ] GC(1544) Eden regions: 59->0(55)
[2022-04-23T12:38:11.153+0800][gc,heap      ] GC(1544) Survivor regions: 4->6(8)
[2022-04-23T12:38:11.153+0800][gc,heap      ] GC(1544) Old regions: 277->277
[2022-04-23T12:38:11.154+0800][gc,heap      ] GC(1544) Archive regions: 2->2
[2022-04-23T12:38:11.154+0800][gc,heap      ] GC(1544) Humongous regions: 129->129
[2022-04-23T12:38:11.154+0800][gc,metaspace ] GC(1544) Metaspace: 43902K->43902K(1089536K)
[2022-04-23T12:38:11.154+0800][gc           ] GC(1544) Pause Young (Normal) (G1 Evacuation Pause) 469M->412M(1024M) 30.086ms
[2022-04-23T12:38:11.154+0800][gc,cpu       ] GC(1544) User=0.05s Sys=0.05s Real=0.03s
[2022-04-23T12:38:27.017+0800][gc,start     ] GC(1545) Pause Young (Normal) (G1 Evacuation Pause)
[2022-04-23T12:38:27.018+0800][gc,task      ] GC(1545) Using 8 workers of 8 for evacuation
[2022-04-23T12:38:27.032+0800][gc,phases    ] GC(1545)   Pre Evacuate Collection Set: 0.3ms
[2022-04-23T12:38:27.032+0800][gc,phases    ] GC(1545)   Evacuate Collection Set: 12.7ms
[2022-04-23T12:38:27.032+0800][gc,phases    ] GC(1545)   Post Evacuate Collection Set: 0.3ms
[2022-04-23T12:38:27.032+0800][gc,phases    ] GC(1545)   Other: 1.6ms
[2022-04-23T12:38:27.032+0800][gc,heap      ] GC(1545) Eden regions: 50->0(60)
[2022-04-23T12:38:27.032+0800][gc,heap      ] GC(1545) Survivor regions: 6->3(7)
[2022-04-23T12:38:27.032+0800][gc,heap      ] GC(1545) Old regions: 277->279
[2022-04-23T12:38:27.032+0800][gc,heap      ] GC(1545) Archive regions: 2->2
[2022-04-23T12:38:27.032+0800][gc,heap      ] GC(1545) Humongous regions: 129->129
[2022-04-23T12:38:27.032+0800][gc,metaspace ] GC(1545) Metaspace: 43902K->43902K(1089536K)
[2022-04-23T12:38:27.032+0800][gc           ] GC(1545) Pause Young (Normal) (G1 Evacuation Pause) 462M->411M(1024M) 14.478ms
[2022-04-23T12:38:27.032+0800][gc,cpu       ] GC(1545) User=0.03s Sys=0.00s Real=0.02s
[2022-04-23T12:38:46.144+0800][gc,start     ] GC(1546) Pause Young (Normal) (G1 Evacuation Pause)
[2022-04-23T12:38:46.145+0800][gc,task      ] GC(1546) Using 8 workers of 8 for evacuation
[2022-04-23T12:38:46.164+0800][gc,phases    ] GC(1546)   Pre Evacuate Collection Set: 0.3ms
[2022-04-23T12:38:46.164+0800][gc,phases    ] GC(1546)   Evacuate Collection Set: 16.4ms
[2022-04-23T12:38:46.164+0800][gc,phases    ] GC(1546)   Post Evacuate Collection Set: 1.6ms
[2022-04-23T12:38:46.164+0800][gc,phases    ] GC(1546)   Other: 2.2ms
[2022-04-23T12:38:46.165+0800][gc,heap      ] GC(1546) Eden regions: 60->0(59)
[2022-04-23T12:38:46.165+0800][gc,heap      ] GC(1546) Survivor regions: 3->3(8)
[2022-04-23T12:38:46.165+0800][gc,heap      ] GC(1546) Old regions: 279->279
[2022-04-23T12:38:46.165+0800][gc,heap      ] GC(1546) Archive regions: 2->2
[2022-04-23T12:38:46.165+0800][gc,heap      ] GC(1546) Humongous regions: 129->129
[2022-04-23T12:38:46.165+0800][gc,metaspace ] GC(1546) Metaspace: 43902K->43902K(1089536K)
[2022-04-23T12:38:46.165+0800][gc           ] GC(1546) Pause Young (Normal) (G1 Evacuation Pause) 471M->411M(1024M) 20.713ms
[2022-04-23T12:38:46.165+0800][gc,cpu       ] GC(1546) User=0.03s Sys=0.02s Real=0.02s
[2022-04-23T12:39:04.809+0800][gc,start     ] GC(1547) Pause Young (Normal) (G1 Evacuation Pause)
[2022-04-23T12:39:04.810+0800][gc,task      ] GC(1547) Using 8 workers of 8 for evacuation
[2022-04-23T12:39:04.825+0800][gc,phases    ] GC(1547)   Pre Evacuate Collection Set: 0.2ms
[2022-04-23T12:39:04.825+0800][gc,phases    ] GC(1547)   Evacuate Collection Set: 13.0ms
[2022-04-23T12:39:04.825+0800][gc,phases    ] GC(1547)   Post Evacuate Collection Set: 0.7ms
[2022-04-23T12:39:04.825+0800][gc,phases    ] GC(1547)   Other: 1.5ms
[2022-04-23T12:39:04.825+0800][gc,heap      ] GC(1547) Eden regions: 59->0(59)
[2022-04-23T12:39:04.825+0800][gc,heap      ] GC(1547) Survivor regions: 3->5(8)
[2022-04-23T12:39:04.825+0800][gc,heap      ] GC(1547) Old regions: 279->279
[2022-04-23T12:39:04.825+0800][gc,heap      ] GC(1547) Archive regions: 2->2
[2022-04-23T12:39:04.825+0800][gc,heap      ] GC(1547) Humongous regions: 129->129
[2022-04-23T12:39:04.825+0800][gc,metaspace ] GC(1547) Metaspace: 43902K->43902K(1089536K)
[2022-04-23T12:39:04.825+0800][gc           ] GC(1547) Pause Young (Normal) (G1 Evacuation Pause) 470M->413M(1024M) 15.473ms
[2022-04-23T12:39:04.825+0800][gc,cpu       ] GC(1547) User=0.04s Sys=0.02s Real=0.02s
[2022-04-23T12:39:23.189+0800][gc,start     ] GC(1548) Pause Young (Normal) (G1 Evacuation Pause)
[2022-04-23T12:39:23.191+0800][gc,task      ] GC(1548) Using 8 workers of 8 for evacuation
[2022-04-23T12:39:23.207+0800][gc,phases    ] GC(1548)   Pre Evacuate Collection Set: 0.4ms
[2022-04-23T12:39:23.207+0800][gc,phases    ] GC(1548)   Evacuate Collection Set: 14.1ms
[2022-04-23T12:39:23.207+0800][gc,phases    ] GC(1548)   Post Evacuate Collection Set: 0.6ms
[2022-04-23T12:39:23.207+0800][gc,phases    ] GC(1548)   Other: 3.4ms
[2022-04-23T12:39:23.207+0800][gc,heap      ] GC(1548) Eden regions: 58->0(62)
[2022-04-23T12:39:23.207+0800][gc,heap      ] GC(1548) Survivor regions: 5->5(8)
[2022-04-23T12:39:23.207+0800][gc,heap      ] GC(1548) Old regions: 279->280
[2022-04-23T12:39:23.207+0800][gc,heap      ] GC(1548) Archive regions: 2->2
[2022-04-23T12:39:23.207+0800][gc,heap      ] GC(1548) Humongous regions: 129->129
[2022-04-23T12:39:23.207+0800][gc,metaspace ] GC(1548) Metaspace: 43902K->43902K(1089536K)
[2022-04-23T12:39:23.208+0800][gc           ] GC(1548) Pause Young (Normal) (G1 Evacuation Pause) 471M->413M(1024M) 18.496ms
[2022-04-23T12:39:23.208+0800][gc,cpu       ] GC(1548) User=0.05s Sys=0.01s Real=0.02s
[2022-04-23T12:39:42.851+0800][gc,start     ] GC(1549) Pause Young (Normal) (G1 Evacuation Pause)
[2022-04-23T12:39:42.852+0800][gc,task      ] GC(1549) Using 8 workers of 8 for evacuation
[2022-04-23T12:39:42.892+0800][gc,mmu       ] GC(1549) MMU target violated: 21.0ms (20.0ms/21.0ms)
[2022-04-23T12:39:42.892+0800][gc,phases    ] GC(1549)   Pre Evacuate Collection Set: 0.4ms
[2022-04-23T12:39:42.892+0800][gc,phases    ] GC(1549)   Evacuate Collection Set: 38.1ms
[2022-04-23T12:39:42.892+0800][gc,phases    ] GC(1549)   Post Evacuate Collection Set: 0.9ms
[2022-04-23T12:39:42.892+0800][gc,phases    ] GC(1549)   Other: 1.2ms
[2022-04-23T12:39:42.892+0800][gc,heap      ] GC(1549) Eden regions: 62->0(46)
[2022-04-23T12:39:42.892+0800][gc,heap      ] GC(1549) Survivor regions: 5->5(9)
[2022-04-23T12:39:42.892+0800][gc,heap      ] GC(1549) Old regions: 280->280
[2022-04-23T12:39:42.892+0800][gc,heap      ] GC(1549) Archive regions: 2->2
[2022-04-23T12:39:42.892+0800][gc,heap      ] GC(1549) Humongous regions: 129->129
[2022-04-23T12:39:42.892+0800][gc,metaspace ] GC(1549) Metaspace: 43902K->43902K(1089536K)
[2022-04-23T12:39:42.892+0800][gc           ] GC(1549) Pause Young (Normal) (G1 Evacuation Pause) 475M->414M(1024M) 40.568ms
[2022-04-23T12:39:42.892+0800][gc,cpu       ] GC(1549) User=0.04s Sys=0.04s Real=0.04s
[2022-04-23T12:39:57.493+0800][gc,start     ] GC(1550) Pause Young (Normal) (G1 Evacuation Pause)
[2022-04-23T12:39:57.502+0800][gc,task      ] GC(1550) Using 8 workers of 8 for evacuation
[2022-04-23T12:39:57.527+0800][gc,mmu       ] GC(1550) MMU target violated: 21.0ms (20.0ms/21.0ms)
[2022-04-23T12:39:57.528+0800][gc,phases    ] GC(1550)   Pre Evacuate Collection Set: 0.8ms
[2022-04-23T12:39:57.528+0800][gc,phases    ] GC(1550)   Evacuate Collection Set: 17.6ms
[2022-04-23T12:39:57.528+0800][gc,phases    ] GC(1550)   Post Evacuate Collection Set: 0.9ms
[2022-04-23T12:39:57.528+0800][gc,phases    ] GC(1550)   Other: 15.7ms
[2022-04-23T12:39:57.528+0800][gc,heap      ] GC(1550) Eden regions: 46->0(47)
[2022-04-23T12:39:57.528+0800][gc,heap      ] GC(1550) Survivor regions: 5->4(7)
[2022-04-23T12:39:57.528+0800][gc,heap      ] GC(1550) Old regions: 280->281
[2022-04-23T12:39:57.528+0800][gc,heap      ] GC(1550) Archive regions: 2->2
[2022-04-23T12:39:57.528+0800][gc,heap      ] GC(1550) Humongous regions: 129->129
[2022-04-23T12:39:57.528+0800][gc,metaspace ] GC(1550) Metaspace: 43902K->43902K(1089536K)
[2022-04-23T12:39:57.528+0800][gc           ] GC(1550) Pause Young (Normal) (G1 Evacuation Pause) 460M->414M(1024M) 34.970ms
[2022-04-23T12:39:57.528+0800][gc,cpu       ] GC(1550) User=0.03s Sys=0.02s Real=0.03s
[2022-04-23T12:40:12.173+0800][gc,start     ] GC(1551) Pause Young (Normal) (G1 Evacuation Pause)
[2022-04-23T12:40:12.186+0800][gc,task      ] GC(1551) Using 8 workers of 8 for evacuation
[2022-04-23T12:40:12.202+0800][gc,phases    ] GC(1551)   Pre Evacuate Collection Set: 0.2ms
[2022-04-23T12:40:12.202+0800][gc,phases    ] GC(1551)   Evacuate Collection Set: 14.4ms
[2022-04-23T12:40:12.202+0800][gc,phases    ] GC(1551)   Post Evacuate Collection Set: 1.1ms
[2022-04-23T12:40:12.202+0800][gc,phases    ] GC(1551)   Other: 13.5ms
[2022-04-23T12:40:12.202+0800][gc,heap      ] GC(1551) Eden regions: 47->0(46)
[2022-04-23T12:40:12.202+0800][gc,heap      ] GC(1551) Survivor regions: 4->5(7)
[2022-04-23T12:40:12.202+0800][gc,heap      ] GC(1551) Old regions: 281->281
[2022-04-23T12:40:12.202+0800][gc,heap      ] GC(1551) Archive regions: 2->2
[2022-04-23T12:40:12.202+0800][gc,heap      ] GC(1551) Humongous regions: 129->129
[2022-04-23T12:40:12.202+0800][gc,metaspace ] GC(1551) Metaspace: 43902K->43902K(1089536K)
[2022-04-23T12:40:12.202+0800][gc           ] GC(1551) Pause Young (Normal) (G1 Evacuation Pause) 461M->414M(1024M) 29.425ms
[2022-04-23T12:40:12.202+0800][gc,cpu       ] GC(1551) User=0.03s Sys=0.01s Real=0.03s
[2022-04-23T12:40:26.292+0800][gc,start     ] GC(1552) Pause Young (Normal) (G1 Evacuation Pause)
[2022-04-23T12:40:26.293+0800][gc,task      ] GC(1552) Using 8 workers of 8 for evacuation
[2022-04-23T12:40:26.308+0800][gc,phases    ] GC(1552)   Pre Evacuate Collection Set: 0.2ms
[2022-04-23T12:40:26.308+0800][gc,phases    ] GC(1552)   Evacuate Collection Set: 13.3ms
[2022-04-23T12:40:26.308+0800][gc,phases    ] GC(1552)   Post Evacuate Collection Set: 0.5ms
[2022-04-23T12:40:26.308+0800][gc,phases    ] GC(1552)   Other: 1.5ms
[2022-04-23T12:40:26.308+0800][gc,heap      ] GC(1552) Eden regions: 46->0(50)
[2022-04-23T12:40:26.308+0800][gc,heap      ] GC(1552) Survivor regions: 5->4(7)
[2022-04-23T12:40:26.308+0800][gc,heap      ] GC(1552) Old regions: 281->281
[2022-04-23T12:40:26.308+0800][gc,heap      ] GC(1552) Archive regions: 2->2
[2022-04-23T12:40:26.308+0800][gc,heap      ] GC(1552) Humongous regions: 129->129
[2022-04-23T12:40:26.308+0800][gc,metaspace ] GC(1552) Metaspace: 43902K->43902K(1089536K)
[2022-04-23T12:40:26.308+0800][gc           ] GC(1552) Pause Young (Normal) (G1 Evacuation Pause) 460M->414M(1024M) 15.583ms
[2022-04-23T12:40:26.308+0800][gc,cpu       ] GC(1552) User=0.05s Sys=0.01s Real=0.01s
[2022-04-23T12:40:40.763+0800][gc,start     ] GC(1553) Pause Young (Normal) (G1 Evacuation Pause)
[2022-04-23T12:40:40.764+0800][gc,task      ] GC(1553) Using 8 workers of 8 for evacuation
[2022-04-23T12:40:40.785+0800][gc,phases    ] GC(1553)   Pre Evacuate Collection Set: 0.4ms
[2022-04-23T12:40:40.785+0800][gc,phases    ] GC(1553)   Evacuate Collection Set: 18.2ms
[2022-04-23T12:40:40.785+0800][gc,phases    ] GC(1553)   Post Evacuate Collection Set: 0.7ms
[2022-04-23T12:40:40.785+0800][gc,phases    ] GC(1553)   Other: 2.4ms
[2022-04-23T12:40:40.785+0800][gc,heap      ] GC(1553) Eden regions: 47->0(48)
[2022-04-23T12:40:40.785+0800][gc,heap      ] GC(1553) Survivor regions: 4->4(7)
[2022-04-23T12:40:40.785+0800][gc,heap      ] GC(1553) Old regions: 281->281
[2022-04-23T12:40:40.785+0800][gc,heap      ] GC(1553) Archive regions: 2->2
[2022-04-23T12:40:40.785+0800][gc,heap      ] GC(1553) Humongous regions: 129->129
[2022-04-23T12:40:40.785+0800][gc,metaspace ] GC(1553) Metaspace: 43902K->43902K(1089536K)
[2022-04-23T12:40:40.785+0800][gc           ] GC(1553) Pause Young (Normal) (G1 Evacuation Pause) 461M->414M(1024M) 21.844ms
[2022-04-23T12:40:40.785+0800][gc,cpu       ] GC(1553) User=0.05s Sys=0.01s Real=0.02s
[2022-04-23T12:40:55.785+0800][gc,start     ] GC(1554) Pause Young (Normal) (G1 Evacuation Pause)
[2022-04-23T12:40:55.786+0800][gc,task      ] GC(1554) Using 8 workers of 8 for evacuation
[2022-04-23T12:40:55.810+0800][gc,mmu       ] GC(1554) MMU target violated: 21.0ms (20.0ms/21.0ms)
[2022-04-23T12:40:55.811+0800][gc,phases    ] GC(1554)   Pre Evacuate Collection Set: 0.3ms
[2022-04-23T12:40:55.811+0800][gc,phases    ] GC(1554)   Evacuate Collection Set: 22.9ms
[2022-04-23T12:40:55.811+0800][gc,phases    ] GC(1554)   Post Evacuate Collection Set: 0.8ms
[2022-04-23T12:40:55.811+0800][gc,phases    ] GC(1554)   Other: 1.8ms
[2022-04-23T12:40:55.811+0800][gc,heap      ] GC(1554) Eden regions: 47->0(47)
[2022-04-23T12:40:55.811+0800][gc,heap      ] GC(1554) Survivor regions: 4->5(7)
[2022-04-23T12:40:55.811+0800][gc,heap      ] GC(1554) Old regions: 281->282
[2022-04-23T12:40:55.811+0800][gc,heap      ] GC(1554) Archive regions: 2->2
[2022-04-23T12:40:55.811+0800][gc,heap      ] GC(1554) Humongous regions: 129->129
[2022-04-23T12:40:55.811+0800][gc,metaspace ] GC(1554) Metaspace: 43902K->43902K(1089536K)
[2022-04-23T12:40:55.811+0800][gc           ] GC(1554) Pause Young (Normal) (G1 Evacuation Pause) 461M->416M(1024M) 25.801ms
[2022-04-23T12:40:55.811+0800][gc,cpu       ] GC(1554) User=0.04s Sys=0.03s Real=0.03s
[2022-04-23T12:41:10.480+0800][gc,start     ] GC(1555) Pause Young (Normal) (G1 Evacuation Pause)
[2022-04-23T12:41:10.481+0800][gc,task      ] GC(1555) Using 8 workers of 8 for evacuation
[2022-04-23T12:41:10.499+0800][gc,phases    ] GC(1555)   Pre Evacuate Collection Set: 0.2ms
[2022-04-23T12:41:10.499+0800][gc,phases    ] GC(1555)   Evacuate Collection Set: 16.5ms
[2022-04-23T12:41:10.499+0800][gc,phases    ] GC(1555)   Post Evacuate Collection Set: 0.5ms
[2022-04-23T12:41:10.499+0800][gc,phases    ] GC(1555)   Other: 1.8ms
[2022-04-23T12:41:10.499+0800][gc,heap      ] GC(1555) Eden regions: 46->0(50)
[2022-04-23T12:41:10.499+0800][gc,heap      ] GC(1555) Survivor regions: 5->4(7)
[2022-04-23T12:41:10.499+0800][gc,heap      ] GC(1555) Old regions: 282->283
[2022-04-23T12:41:10.499+0800][gc,heap      ] GC(1555) Archive regions: 2->2
[2022-04-23T12:41:10.499+0800][gc,heap      ] GC(1555) Humongous regions: 129->129
[2022-04-23T12:41:10.499+0800][gc,metaspace ] GC(1555) Metaspace: 43902K->43902K(1089536K)
[2022-04-23T12:41:10.499+0800][gc           ] GC(1555) Pause Young (Normal) (G1 Evacuation Pause) 462M->416M(1024M) 19.235ms
[2022-04-23T12:41:10.499+0800][gc,cpu       ] GC(1555) User=0.04s Sys=0.01s Real=0.01s
[2022-04-23T12:41:26.609+0800][gc,start     ] GC(1556) Pause Young (Normal) (G1 Evacuation Pause)
[2022-04-23T12:41:26.610+0800][gc,task      ] GC(1556) Using 8 workers of 8 for evacuation
[2022-04-23T12:41:26.619+0800][gc,phases    ] GC(1556)   Pre Evacuate Collection Set: 0.1ms
[2022-04-23T12:41:26.619+0800][gc,phases    ] GC(1556)   Evacuate Collection Set: 7.9ms
[2022-04-23T12:41:26.619+0800][gc,phases    ] GC(1556)   Post Evacuate Collection Set: 0.9ms
[2022-04-23T12:41:26.619+0800][gc,phases    ] GC(1556)   Other: 0.8ms
[2022-04-23T12:41:26.619+0800][gc,heap      ] GC(1556) Eden regions: 50->0(55)
[2022-04-23T12:41:26.619+0800][gc,heap      ] GC(1556) Survivor regions: 4->5(7)
[2022-04-23T12:41:26.619+0800][gc,heap      ] GC(1556) Old regions: 283->283
[2022-04-23T12:41:26.619+0800][gc,heap      ] GC(1556) Archive regions: 2->2
[2022-04-23T12:41:26.619+0800][gc,heap      ] GC(1556) Humongous regions: 129->129
[2022-04-23T12:41:26.619+0800][gc,metaspace ] GC(1556) Metaspace: 43902K->43902K(1089536K)
[2022-04-23T12:41:26.619+0800][gc           ] GC(1556) Pause Young (Normal) (G1 Evacuation Pause) 466M->416M(1024M) 10.006ms
[2022-04-23T12:41:26.619+0800][gc,cpu       ] GC(1556) User=0.04s Sys=0.01s Real=0.01s
[2022-04-23T12:42:50.537+0800][gc,start     ] GC(1557) Pause Young (Normal) (G1 Evacuation Pause)
[2022-04-23T12:42:50.539+0800][gc,task      ] GC(1557) Using 8 workers of 8 for evacuation
[2022-04-23T12:42:50.558+0800][gc,phases    ] GC(1557)   Pre Evacuate Collection Set: 0.2ms
[2022-04-23T12:42:50.558+0800][gc,phases    ] GC(1557)   Evacuate Collection Set: 17.2ms
[2022-04-23T12:42:50.558+0800][gc,phases    ] GC(1557)   Post Evacuate Collection Set: 1.0ms
[2022-04-23T12:42:50.558+0800][gc,phases    ] GC(1557)   Other: 3.3ms
[2022-04-23T12:42:50.558+0800][gc,heap      ] GC(1557) Eden regions: 52->0(54)
[2022-04-23T12:42:50.558+0800][gc,heap      ] GC(1557) Survivor regions: 5->5(8)
[2022-04-23T12:42:50.558+0800][gc,heap      ] GC(1557) Old regions: 283->283
[2022-04-23T12:42:50.558+0800][gc,heap      ] GC(1557) Archive regions: 2->2
[2022-04-23T12:42:50.558+0800][gc,heap      ] GC(1557) Humongous regions: 129->129
[2022-04-23T12:42:50.559+0800][gc,metaspace ] GC(1557) Metaspace: 43902K->43902K(1089536K)
[2022-04-23T12:42:50.559+0800][gc           ] GC(1557) Pause Young (Normal) (G1 Evacuation Pause) 468M->417M(1024M) 22.054ms
[2022-04-23T12:42:50.559+0800][gc,cpu       ] GC(1557) User=0.05s Sys=0.02s Real=0.02s
[2022-04-23T12:43:06.721+0800][gc,start     ] GC(1558) Pause Young (Normal) (G1 Evacuation Pause)
[2022-04-23T12:43:06.721+0800][gc,task      ] GC(1558) Using 8 workers of 8 for evacuation
[2022-04-23T12:43:06.748+0800][gc,mmu       ] GC(1558) MMU target violated: 21.0ms (20.0ms/21.0ms)
[2022-04-23T12:43:06.748+0800][gc,phases    ] GC(1558)   Pre Evacuate Collection Set: 0.2ms
[2022-04-23T12:43:06.748+0800][gc,phases    ] GC(1558)   Evacuate Collection Set: 25.8ms
[2022-04-23T12:43:06.748+0800][gc,phases    ] GC(1558)   Post Evacuate Collection Set: 0.4ms
[2022-04-23T12:43:06.748+0800][gc,phases    ] GC(1558)   Other: 0.9ms
[2022-04-23T12:43:06.748+0800][gc,heap      ] GC(1558) Eden regions: 51->0(49)
[2022-04-23T12:43:06.748+0800][gc,heap      ] GC(1558) Survivor regions: 5->5(7)
[2022-04-23T12:43:06.748+0800][gc,heap      ] GC(1558) Old regions: 283->284
[2022-04-23T12:43:06.748+0800][gc,heap      ] GC(1558) Archive regions: 2->2
[2022-04-23T12:43:06.748+0800][gc,heap      ] GC(1558) Humongous regions: 129->129
[2022-04-23T12:43:06.748+0800][gc,metaspace ] GC(1558) Metaspace: 43902K->43902K(1089536K)
[2022-04-23T12:43:06.748+0800][gc           ] GC(1558) Pause Young (Normal) (G1 Evacuation Pause) 468M->418M(1024M) 27.289ms
[2022-04-23T12:43:06.748+0800][gc,cpu       ] GC(1558) User=0.05s Sys=0.01s Real=0.02s
[2022-04-23T12:43:22.329+0800][gc,start     ] GC(1559) Pause Young (Normal) (G1 Evacuation Pause)
[2022-04-23T12:43:22.331+0800][gc,task      ] GC(1559) Using 8 workers of 8 for evacuation
[2022-04-23T12:43:22.363+0800][gc,mmu       ] GC(1559) MMU target violated: 21.0ms (20.0ms/21.0ms)
[2022-04-23T12:43:22.363+0800][gc,phases    ] GC(1559)   Pre Evacuate Collection Set: 0.5ms
[2022-04-23T12:43:22.363+0800][gc,phases    ] GC(1559)   Evacuate Collection Set: 29.2ms
[2022-04-23T12:43:22.363+0800][gc,phases    ] GC(1559)   Post Evacuate Collection Set: 1.1ms
[2022-04-23T12:43:22.364+0800][gc,phases    ] GC(1559)   Other: 3.4ms
[2022-04-23T12:43:22.364+0800][gc,heap      ] GC(1559) Eden regions: 49->0(47)
[2022-04-23T12:43:22.364+0800][gc,heap      ] GC(1559) Survivor regions: 5->5(7)
[2022-04-23T12:43:22.364+0800][gc,heap      ] GC(1559) Old regions: 284->285
[2022-04-23T12:43:22.364+0800][gc,heap      ] GC(1559) Archive regions: 2->2
[2022-04-23T12:43:22.364+0800][gc,heap      ] GC(1559) Humongous regions: 129->129
[2022-04-23T12:43:22.364+0800][gc,metaspace ] GC(1559) Metaspace: 43902K->43902K(1089536K)
[2022-04-23T12:43:22.364+0800][gc           ] GC(1559) Pause Young (Normal) (G1 Evacuation Pause) 467M->418M(1024M) 34.411ms
[2022-04-23T12:43:22.364+0800][gc,cpu       ] GC(1559) User=0.05s Sys=0.02s Real=0.04s
[2022-04-23T12:43:37.261+0800][gc,start     ] GC(1560) Pause Young (Normal) (G1 Evacuation Pause)
[2022-04-23T12:43:37.262+0800][gc,task      ] GC(1560) Using 8 workers of 8 for evacuation
[2022-04-23T12:43:37.277+0800][gc,phases    ] GC(1560)   Pre Evacuate Collection Set: 0.3ms
[2022-04-23T12:43:37.277+0800][gc,phases    ] GC(1560)   Evacuate Collection Set: 13.9ms
[2022-04-23T12:43:37.277+0800][gc,phases    ] GC(1560)   Post Evacuate Collection Set: 0.5ms
[2022-04-23T12:43:37.277+0800][gc,phases    ] GC(1560)   Other: 1.9ms
[2022-04-23T12:43:37.277+0800][gc,heap      ] GC(1560) Eden regions: 47->0(51)
[2022-04-23T12:43:37.277+0800][gc,heap      ] GC(1560) Survivor regions: 5->4(7)
[2022-04-23T12:43:37.277+0800][gc,heap      ] GC(1560) Old regions: 285->286
[2022-04-23T12:43:37.277+0800][gc,heap      ] GC(1560) Archive regions: 2->2
[2022-04-23T12:43:37.277+0800][gc,heap      ] GC(1560) Humongous regions: 129->129
[2022-04-23T12:43:37.277+0800][gc,metaspace ] GC(1560) Metaspace: 43902K->43902K(1089536K)
[2022-04-23T12:43:37.277+0800][gc           ] GC(1560) Pause Young (Normal) (G1 Evacuation Pause) 465M->419M(1024M) 16.682ms
[2022-04-23T12:43:37.277+0800][gc,cpu       ] GC(1560) User=0.05s Sys=0.00s Real=0.01s
[2022-04-23T12:43:53.830+0800][gc,start     ] GC(1561) Pause Young (Normal) (G1 Evacuation Pause)
[2022-04-23T12:43:53.832+0800][gc,task      ] GC(1561) Using 8 workers of 8 for evacuation
[2022-04-23T12:43:53.850+0800][gc,phases    ] GC(1561)   Pre Evacuate Collection Set: 0.2ms
[2022-04-23T12:43:53.850+0800][gc,phases    ] GC(1561)   Evacuate Collection Set: 15.7ms
[2022-04-23T12:43:53.850+0800][gc,phases    ] GC(1561)   Post Evacuate Collection Set: 0.9ms
[2022-04-23T12:43:53.850+0800][gc,phases    ] GC(1561)   Other: 2.8ms
[2022-04-23T12:43:53.850+0800][gc,heap      ] GC(1561) Eden regions: 51->0(52)
[2022-04-23T12:43:53.850+0800][gc,heap      ] GC(1561) Survivor regions: 4->5(7)
[2022-04-23T12:43:53.850+0800][gc,heap      ] GC(1561) Old regions: 286->286
[2022-04-23T12:43:53.850+0800][gc,heap      ] GC(1561) Archive regions: 2->2
[2022-04-23T12:43:53.850+0800][gc,heap      ] GC(1561) Humongous regions: 129->129
[2022-04-23T12:43:53.850+0800][gc,metaspace ] GC(1561) Metaspace: 43902K->43902K(1089536K)
[2022-04-23T12:43:53.850+0800][gc           ] GC(1561) Pause Young (Normal) (G1 Evacuation Pause) 470M->420M(1024M) 19.892ms
[2022-04-23T12:43:53.850+0800][gc,cpu       ] GC(1561) User=0.05s Sys=0.01s Real=0.02s
[2022-04-23T12:44:35.973+0800][gc,start     ] GC(1562) Pause Young (Normal) (G1 Evacuation Pause)
[2022-04-23T12:44:35.974+0800][gc,task      ] GC(1562) Using 8 workers of 8 for evacuation
[2022-04-23T12:44:36.007+0800][gc,mmu       ] GC(1562) MMU target violated: 21.0ms (20.0ms/21.0ms)
[2022-04-23T12:44:36.007+0800][gc,phases    ] GC(1562)   Pre Evacuate Collection Set: 0.3ms
[2022-04-23T12:44:36.007+0800][gc,phases    ] GC(1562)   Evacuate Collection Set: 30.3ms
[2022-04-23T12:44:36.007+0800][gc,phases    ] GC(1562)   Post Evacuate Collection Set: 1.1ms
[2022-04-23T12:44:36.007+0800][gc,phases    ] GC(1562)   Other: 2.1ms
[2022-04-23T12:44:36.007+0800][gc,heap      ] GC(1562) Eden regions: 52->0(47)
[2022-04-23T12:44:36.007+0800][gc,heap      ] GC(1562) Survivor regions: 5->4(8)
[2022-04-23T12:44:36.007+0800][gc,heap      ] GC(1562) Old regions: 286->287
[2022-04-23T12:44:36.007+0800][gc,heap      ] GC(1562) Archive regions: 2->2
[2022-04-23T12:44:36.007+0800][gc,heap      ] GC(1562) Humongous regions: 129->129
[2022-04-23T12:44:36.007+0800][gc,metaspace ] GC(1562) Metaspace: 43912K->43912K(1089536K)
[2022-04-23T12:44:36.007+0800][gc           ] GC(1562) Pause Young (Normal) (G1 Evacuation Pause) 472M->420M(1024M) 33.913ms
[2022-04-23T12:44:36.007+0800][gc,cpu       ] GC(1562) User=0.04s Sys=0.03s Real=0.03s
[2022-04-23T12:44:50.938+0800][gc,start     ] GC(1563) Pause Young (Normal) (G1 Evacuation Pause)
[2022-04-23T12:44:50.939+0800][gc,task      ] GC(1563) Using 8 workers of 8 for evacuation
[2022-04-23T12:44:50.954+0800][gc,phases    ] GC(1563)   Pre Evacuate Collection Set: 0.1ms
[2022-04-23T12:44:50.954+0800][gc,phases    ] GC(1563)   Evacuate Collection Set: 13.9ms
[2022-04-23T12:44:50.954+0800][gc,phases    ] GC(1563)   Post Evacuate Collection Set: 0.5ms
[2022-04-23T12:44:50.954+0800][gc,phases    ] GC(1563)   Other: 0.7ms
[2022-04-23T12:44:50.954+0800][gc,heap      ] GC(1563) Eden regions: 47->0(46)
[2022-04-23T12:44:50.954+0800][gc,heap      ] GC(1563) Survivor regions: 4->6(7)
[2022-04-23T12:44:50.954+0800][gc,heap      ] GC(1563) Old regions: 287->287
[2022-04-23T12:44:50.954+0800][gc,heap      ] GC(1563) Archive regions: 2->2
[2022-04-23T12:44:50.954+0800][gc,heap      ] GC(1563) Humongous regions: 129->129
[2022-04-23T12:44:50.954+0800][gc,metaspace ] GC(1563) Metaspace: 43912K->43912K(1089536K)
[2022-04-23T12:44:50.954+0800][gc           ] GC(1563) Pause Young (Normal) (G1 Evacuation Pause) 467M->422M(1024M) 15.321ms
[2022-04-23T12:44:50.954+0800][gc,cpu       ] GC(1563) User=0.05s Sys=0.00s Real=0.02s
[2022-04-23T12:45:39.175+0800][gc,start     ] GC(1564) Pause Young (Normal) (G1 Evacuation Pause)
[2022-04-23T12:45:39.177+0800][gc,task      ] GC(1564) Using 8 workers of 8 for evacuation
[2022-04-23T12:45:39.210+0800][gc,mmu       ] GC(1564) MMU target violated: 21.0ms (20.0ms/21.0ms)
[2022-04-23T12:45:39.211+0800][gc,phases    ] GC(1564)   Pre Evacuate Collection Set: 0.4ms
[2022-04-23T12:45:39.211+0800][gc,phases    ] GC(1564)   Evacuate Collection Set: 30.1ms
[2022-04-23T12:45:39.211+0800][gc,phases    ] GC(1564)   Post Evacuate Collection Set: 1.2ms
[2022-04-23T12:45:39.211+0800][gc,phases    ] GC(1564)   Other: 3.6ms
[2022-04-23T12:45:39.211+0800][gc,heap      ] GC(1564) Eden regions: 46->0(47)
[2022-04-23T12:45:39.211+0800][gc,heap      ] GC(1564) Survivor regions: 6->4(7)
[2022-04-23T12:45:39.211+0800][gc,heap      ] GC(1564) Old regions: 287->289
[2022-04-23T12:45:39.211+0800][gc,heap      ] GC(1564) Archive regions: 2->2
[2022-04-23T12:45:39.211+0800][gc,heap      ] GC(1564) Humongous regions: 129->129
[2022-04-23T12:45:39.211+0800][gc,metaspace ] GC(1564) Metaspace: 43912K->43912K(1089536K)
[2022-04-23T12:45:39.211+0800][gc           ] GC(1564) Pause Young (Normal) (G1 Evacuation Pause) 468M->421M(1024M) 35.398ms
[2022-04-23T12:45:39.211+0800][gc,cpu       ] GC(1564) User=0.04s Sys=0.03s Real=0.04s
[2022-04-23T13:10:38.434+0800][gc,start     ] GC(1565) Pause Young (Normal) (G1 Evacuation Pause)
[2022-04-23T13:10:38.435+0800][gc,task      ] GC(1565) Using 8 workers of 8 for evacuation
[2022-04-23T13:10:38.462+0800][gc,mmu       ] GC(1565) MMU target violated: 21.0ms (20.0ms/21.0ms)
[2022-04-23T13:10:38.462+0800][gc,phases    ] GC(1565)   Pre Evacuate Collection Set: 0.2ms
[2022-04-23T13:10:38.462+0800][gc,phases    ] GC(1565)   Evacuate Collection Set: 23.3ms
[2022-04-23T13:10:38.462+0800][gc,phases    ] GC(1565)   Post Evacuate Collection Set: 1.4ms
[2022-04-23T13:10:38.462+0800][gc,phases    ] GC(1565)   Other: 2.5ms
[2022-04-23T13:10:38.462+0800][gc,heap      ] GC(1565) Eden regions: 47->0(45)
[2022-04-23T13:10:38.462+0800][gc,heap      ] GC(1565) Survivor regions: 4->6(7)
[2022-04-23T13:10:38.462+0800][gc,heap      ] GC(1565) Old regions: 289->289
[2022-04-23T13:10:38.462+0800][gc,heap      ] GC(1565) Archive regions: 2->2
[2022-04-23T13:10:38.462+0800][gc,heap      ] GC(1565) Humongous regions: 129->129
[2022-04-23T13:10:38.462+0800][gc,metaspace ] GC(1565) Metaspace: 43912K->43912K(1089536K)
[2022-04-23T13:10:38.462+0800][gc           ] GC(1565) Pause Young (Normal) (G1 Evacuation Pause) 468M->423M(1024M) 27.609ms
[2022-04-23T13:10:38.462+0800][gc,cpu       ] GC(1565) User=0.05s Sys=0.05s Real=0.03s
[2022-04-23T13:10:51.861+0800][gc,start     ] GC(1566) Pause Young (Normal) (G1 Evacuation Pause)
[2022-04-23T13:10:51.862+0800][gc,task      ] GC(1566) Using 8 workers of 8 for evacuation
[2022-04-23T13:10:51.883+0800][gc,mmu       ] GC(1566) MMU target violated: 21.0ms (20.0ms/21.0ms)
[2022-04-23T13:10:51.884+0800][gc,phases    ] GC(1566)   Pre Evacuate Collection Set: 0.1ms
[2022-04-23T13:10:51.884+0800][gc,phases    ] GC(1566)   Evacuate Collection Set: 20.6ms
[2022-04-23T13:10:51.884+0800][gc,phases    ] GC(1566)   Post Evacuate Collection Set: 0.7ms
[2022-04-23T13:10:51.884+0800][gc,phases    ] GC(1566)   Other: 1.1ms
[2022-04-23T13:10:51.884+0800][gc,heap      ] GC(1566) Eden regions: 45->0(45)
[2022-04-23T13:10:51.884+0800][gc,heap      ] GC(1566) Survivor regions: 6->6(7)
[2022-04-23T13:10:51.884+0800][gc,heap      ] GC(1566) Old regions: 289->291
[2022-04-23T13:10:51.884+0800][gc,heap      ] GC(1566) Archive regions: 2->2
[2022-04-23T13:10:51.884+0800][gc,heap      ] GC(1566) Humongous regions: 129->129
[2022-04-23T13:10:51.884+0800][gc,metaspace ] GC(1566) Metaspace: 43912K->43912K(1089536K)
[2022-04-23T13:10:51.884+0800][gc           ] GC(1566) Pause Young (Normal) (G1 Evacuation Pause) 468M->425M(1024M) 22.675ms
[2022-04-23T13:10:51.884+0800][gc,cpu       ] GC(1566) User=0.06s Sys=0.01s Real=0.02s
[2022-04-23T13:11:10.862+0800][gc,start     ] GC(1567) Pause Young (Normal) (G1 Evacuation Pause)
[2022-04-23T13:11:10.864+0800][gc,task      ] GC(1567) Using 8 workers of 8 for evacuation
[2022-04-23T13:11:10.905+0800][gc,mmu       ] GC(1567) MMU target violated: 21.0ms (20.0ms/21.0ms)
[2022-04-23T13:11:10.905+0800][gc,phases    ] GC(1567)   Pre Evacuate Collection Set: 0.4ms
[2022-04-23T13:11:10.905+0800][gc,phases    ] GC(1567)   Evacuate Collection Set: 38.2ms
[2022-04-23T13:11:10.905+0800][gc,phases    ] GC(1567)   Post Evacuate Collection Set: 1.4ms
[2022-04-23T13:11:10.905+0800][gc,phases    ] GC(1567)   Other: 3.2ms
[2022-04-23T13:11:10.905+0800][gc,heap      ] GC(1567) Eden regions: 45->0(48)
[2022-04-23T13:11:10.905+0800][gc,heap      ] GC(1567) Survivor regions: 6->3(7)
[2022-04-23T13:11:10.905+0800][gc,heap      ] GC(1567) Old regions: 291->295
[2022-04-23T13:11:10.905+0800][gc,heap      ] GC(1567) Archive regions: 2->2
[2022-04-23T13:11:10.905+0800][gc,heap      ] GC(1567) Humongous regions: 129->129
[2022-04-23T13:11:10.905+0800][gc,metaspace ] GC(1567) Metaspace: 43912K->43912K(1089536K)
[2022-04-23T13:11:10.905+0800][gc           ] GC(1567) Pause Young (Normal) (G1 Evacuation Pause) 470M->427M(1024M) 43.189ms
[2022-04-23T13:11:10.906+0800][gc,cpu       ] GC(1567) User=0.06s Sys=0.04s Real=0.04s
[2022-04-23T13:11:25.961+0800][gc,start     ] GC(1568) Pause Young (Normal) (G1 Evacuation Pause)
[2022-04-23T13:11:25.961+0800][gc,task      ] GC(1568) Using 8 workers of 8 for evacuation
[2022-04-23T13:11:25.976+0800][gc,phases    ] GC(1568)   Pre Evacuate Collection Set: 0.3ms
[2022-04-23T13:11:25.976+0800][gc,phases    ] GC(1568)   Evacuate Collection Set: 12.6ms
[2022-04-23T13:11:25.976+0800][gc,phases    ] GC(1568)   Post Evacuate Collection Set: 0.9ms
[2022-04-23T13:11:25.976+0800][gc,phases    ] GC(1568)   Other: 1.4ms
[2022-04-23T13:11:25.976+0800][gc,heap      ] GC(1568) Eden regions: 48->0(47)
[2022-04-23T13:11:25.976+0800][gc,heap      ] GC(1568) Survivor regions: 3->4(7)
[2022-04-23T13:11:25.976+0800][gc,heap      ] GC(1568) Old regions: 295->295
[2022-04-23T13:11:25.976+0800][gc,heap      ] GC(1568) Archive regions: 2->2
[2022-04-23T13:11:25.976+0800][gc,heap      ] GC(1568) Humongous regions: 129->129
[2022-04-23T13:11:25.976+0800][gc,metaspace ] GC(1568) Metaspace: 43912K->43912K(1089536K)
[2022-04-23T13:11:25.976+0800][gc           ] GC(1568) Pause Young (Normal) (G1 Evacuation Pause) 475M->428M(1024M) 15.389ms
[2022-04-23T13:11:25.976+0800][gc,cpu       ] GC(1568) User=0.04s Sys=0.00s Real=0.01s
[2022-04-23T13:11:40.799+0800][gc,start     ] GC(1569) Pause Young (Normal) (G1 Evacuation Pause)
[2022-04-23T13:11:40.800+0800][gc,task      ] GC(1569) Using 8 workers of 8 for evacuation
[2022-04-23T13:11:40.829+0800][gc,mmu       ] GC(1569) MMU target violated: 21.0ms (20.0ms/21.0ms)
[2022-04-23T13:11:40.829+0800][gc,phases    ] GC(1569)   Pre Evacuate Collection Set: 0.3ms
[2022-04-23T13:11:40.829+0800][gc,phases    ] GC(1569)   Evacuate Collection Set: 26.4ms
[2022-04-23T13:11:40.829+0800][gc,phases    ] GC(1569)   Post Evacuate Collection Set: 1.6ms
[2022-04-23T13:11:40.829+0800][gc,phases    ] GC(1569)   Other: 1.7ms
[2022-04-23T13:11:40.829+0800][gc,heap      ] GC(1569) Eden regions: 47->0(47)
[2022-04-23T13:11:40.829+0800][gc,heap      ] GC(1569) Survivor regions: 4->4(7)
[2022-04-23T13:11:40.829+0800][gc,heap      ] GC(1569) Old regions: 295->295
