[2022-04-21T14:08:08.691+0800][gc,heap] Heap region size: 1M
[2022-04-21T14:08:08.700+0800][gc     ] Using G1
[2022-04-21T14:08:08.700+0800][gc,heap,coops] Heap address: 0x00000007c0000000, size: 1024 MB, Compressed Oops mode: Zero based, Oop shift amount: 3
[2022-04-21T14:08:08.702+0800][gc,cds       ] Mark closed archive regions in map: [0x00000007fff00000, 0x00000007fff76ff8]
[2022-04-21T14:08:08.702+0800][gc,cds       ] Mark open archive regions in map: [0x00000007ffe00000, 0x00000007ffe46ff8]
[2022-04-21T14:08:08.727+0800][gc           ] Periodic GC disabled
[2022-04-21T14:08:10.914+0800][gc,start     ] GC(0) Pause Young (Normal) (G1 Evacuation Pause)
[2022-04-21T14:08:10.915+0800][gc,task      ] GC(0) Using 8 workers of 8 for evacuation
[2022-04-21T14:08:10.924+0800][gc,phases    ] GC(0)   Pre Evacuate Collection Set: 0.0ms
[2022-04-21T14:08:10.924+0800][gc,phases    ] GC(0)   Evacuate Collection Set: 8.9ms
[2022-04-21T14:08:10.924+0800][gc,phases    ] GC(0)   Post Evacuate Collection Set: 0.3ms
[2022-04-21T14:08:10.924+0800][gc,phases    ] GC(0)   Other: 0.6ms
[2022-04-21T14:08:10.924+0800][gc,heap      ] GC(0) Eden regions: 51->0(44)
[2022-04-21T14:08:10.924+0800][gc,heap      ] GC(0) Survivor regions: 0->7(7)
[2022-04-21T14:08:10.924+0800][gc,heap      ] GC(0) Old regions: 0->0
[2022-04-21T14:08:10.924+0800][gc,heap      ] GC(0) Archive regions: 2->2
[2022-04-21T14:08:10.924+0800][gc,heap      ] GC(0) Humongous regions: 0->0
[2022-04-21T14:08:10.924+0800][gc,metaspace ] GC(0) Metaspace: 14198K->14198K(1062912K)
[2022-04-21T14:08:10.924+0800][gc           ] GC(0) Pause Young (Normal) (G1 Evacuation Pause) 51M->6M(1024M) 9.970ms
[2022-04-21T14:08:10.924+0800][gc,cpu       ] GC(0) User=0.03s Sys=0.01s Real=0.01s
[2022-04-21T14:08:12.803+0800][gc,start     ] GC(1) Pause Young (Concurrent Start) (Metadata GC Threshold)
[2022-04-21T14:08:12.803+0800][gc,task      ] GC(1) Using 8 workers of 8 for evacuation
[2022-04-21T14:08:12.812+0800][gc,phases    ] GC(1)   Pre Evacuate Collection Set: 0.0ms
[2022-04-21T14:08:12.812+0800][gc,phases    ] GC(1)   Evacuate Collection Set: 9.0ms
[2022-04-21T14:08:12.812+0800][gc,phases    ] GC(1)   Post Evacuate Collection Set: 0.2ms
[2022-04-21T14:08:12.812+0800][gc,phases    ] GC(1)   Other: 0.2ms
[2022-04-21T14:08:12.812+0800][gc,heap      ] GC(1) Eden regions: 30->0(49)
[2022-04-21T14:08:12.812+0800][gc,heap      ] GC(1) Survivor regions: 7->2(7)
[2022-04-21T14:08:12.812+0800][gc,heap      ] GC(1) Old regions: 0->7
[2022-04-21T14:08:12.812+0800][gc,heap      ] GC(1) Archive regions: 2->2
[2022-04-21T14:08:12.812+0800][gc,heap      ] GC(1) Humongous regions: 0->0
[2022-04-21T14:08:12.812+0800][gc,metaspace ] GC(1) Metaspace: 20679K->20679K(1069056K)
[2022-04-21T14:08:12.812+0800][gc           ] GC(1) Pause Young (Concurrent Start) (Metadata GC Threshold) 36M->8M(1024M) 9.572ms
[2022-04-21T14:08:12.812+0800][gc,cpu       ] GC(1) User=0.03s Sys=0.00s Real=0.01s
[2022-04-21T14:08:12.813+0800][gc           ] GC(2) Concurrent Cycle
[2022-04-21T14:08:12.813+0800][gc,marking   ] GC(2) Concurrent Clear Claimed Marks
[2022-04-21T14:08:12.813+0800][gc,marking   ] GC(2) Concurrent Clear Claimed Marks 0.016ms
[2022-04-21T14:08:12.813+0800][gc,marking   ] GC(2) Concurrent Scan Root Regions
[2022-04-21T14:08:12.815+0800][gc,marking   ] GC(2) Concurrent Scan Root Regions 2.256ms
[2022-04-21T14:08:12.815+0800][gc,marking   ] GC(2) Concurrent Mark (4.157s)
[2022-04-21T14:08:12.815+0800][gc,marking   ] GC(2) Concurrent Mark From Roots
[2022-04-21T14:08:12.815+0800][gc,task      ] GC(2) Using 2 workers of 2 for marking
[2022-04-21T14:08:12.816+0800][gc,marking   ] GC(2) Concurrent Mark From Roots 0.636ms
[2022-04-21T14:08:12.816+0800][gc,marking   ] GC(2) Concurrent Preclean
[2022-04-21T14:08:12.816+0800][gc,marking   ] GC(2) Concurrent Preclean 0.026ms
[2022-04-21T14:08:12.816+0800][gc,marking   ] GC(2) Concurrent Mark (4.157s, 4.158s) 0.692ms
[2022-04-21T14:08:12.816+0800][gc,start     ] GC(2) Pause Remark
[2022-04-21T14:08:12.820+0800][gc           ] GC(2) Pause Remark 8M->8M(1024M) 4.192ms
[2022-04-21T14:08:12.820+0800][gc,cpu       ] GC(2) User=0.01s Sys=0.00s Real=0.01s
[2022-04-21T14:08:12.820+0800][gc,marking   ] GC(2) Concurrent Rebuild Remembered Sets
[2022-04-21T14:08:12.822+0800][gc,marking   ] GC(2) Concurrent Rebuild Remembered Sets 1.512ms
[2022-04-21T14:08:12.822+0800][gc,start     ] GC(2) Pause Cleanup
[2022-04-21T14:08:12.822+0800][gc           ] GC(2) Pause Cleanup 8M->8M(1024M) 0.123ms
[2022-04-21T14:08:12.822+0800][gc,cpu       ] GC(2) User=0.00s Sys=0.00s Real=0.00s
[2022-04-21T14:08:12.822+0800][gc,marking   ] GC(2) Concurrent Cleanup for Next Mark
[2022-04-21T14:08:12.825+0800][gc,marking   ] GC(2) Concurrent Cleanup for Next Mark 2.792ms
[2022-04-21T14:08:12.825+0800][gc           ] GC(2) Concurrent Cycle 12.541ms
[2022-04-21T14:08:15.831+0800][gc,heap,exit ] Heap
[2022-04-21T14:08:15.831+0800][gc,heap,exit ]  garbage-first heap   total 1048576K, used 11485K [0x00000007c0000000, 0x0000000800000000)
[2022-04-21T14:08:15.831+0800][gc,heap,exit ]   region size 1024K, 6 young (6144K), 2 survivors (2048K)
[2022-04-21T14:08:15.831+0800][gc,heap,exit ]  Metaspace       used 21097K, capacity 21670K, committed 21936K, reserved 1069056K
[2022-04-21T14:08:15.831+0800][gc,heap,exit ]   class space    used 2634K, capacity 2897K, committed 2944K, reserved 1048576K
