[2022-04-21T14:08:58.642+0800][gc,heap] Heap region size: 1M
[2022-04-21T14:08:58.650+0800][gc     ] Using G1
[2022-04-21T14:08:58.650+0800][gc,heap,coops] Heap address: 0x00000007c0000000, size: 1024 MB, Compressed Oops mode: Zero based, Oop shift amount: 3
[2022-04-21T14:08:58.650+0800][gc,cds       ] Mark closed archive regions in map: [0x00000007fff00000, 0x00000007fff76ff8]
[2022-04-21T14:08:58.650+0800][gc,cds       ] Mark open archive regions in map: [0x00000007ffe00000, 0x00000007ffe46ff8]
[2022-04-21T14:08:58.670+0800][gc           ] Periodic GC disabled
[2022-04-21T14:09:00.888+0800][gc,start     ] GC(0) Pause Young (Normal) (G1 Evacuation Pause)
[2022-04-21T14:09:00.888+0800][gc,task      ] GC(0) Using 8 workers of 8 for evacuation
[2022-04-21T14:09:00.899+0800][gc,phases    ] GC(0)   Pre Evacuate Collection Set: 0.0ms
[2022-04-21T14:09:00.899+0800][gc,phases    ] GC(0)   Evacuate Collection Set: 10.5ms
[2022-04-21T14:09:00.899+0800][gc,phases    ] GC(0)   Post Evacuate Collection Set: 0.5ms
[2022-04-21T14:09:00.899+0800][gc,phases    ] GC(0)   Other: 0.6ms
[2022-04-21T14:09:00.899+0800][gc,heap      ] GC(0) Eden regions: 51->0(44)
[2022-04-21T14:09:00.899+0800][gc,heap      ] GC(0) Survivor regions: 0->7(7)
[2022-04-21T14:09:00.899+0800][gc,heap      ] GC(0) Old regions: 0->0
[2022-04-21T14:09:00.899+0800][gc,heap      ] GC(0) Archive regions: 2->2
[2022-04-21T14:09:00.899+0800][gc,heap      ] GC(0) Humongous regions: 0->0
[2022-04-21T14:09:00.899+0800][gc,metaspace ] GC(0) Metaspace: 14209K->14209K(1062912K)
[2022-04-21T14:09:00.899+0800][gc           ] GC(0) Pause Young (Normal) (G1 Evacuation Pause) 51M->7M(1024M) 11.725ms
[2022-04-21T14:09:00.899+0800][gc,cpu       ] GC(0) User=0.02s Sys=0.01s Real=0.01s
[2022-04-21T14:09:02.869+0800][gc,start     ] GC(1) Pause Young (Concurrent Start) (Metadata GC Threshold)
[2022-04-21T14:09:02.869+0800][gc,task      ] GC(1) Using 8 workers of 8 for evacuation
[2022-04-21T14:09:02.879+0800][gc,phases    ] GC(1)   Pre Evacuate Collection Set: 0.0ms
[2022-04-21T14:09:02.879+0800][gc,phases    ] GC(1)   Evacuate Collection Set: 9.5ms
[2022-04-21T14:09:02.879+0800][gc,phases    ] GC(1)   Post Evacuate Collection Set: 0.3ms
[2022-04-21T14:09:02.879+0800][gc,phases    ] GC(1)   Other: 0.2ms
[2022-04-21T14:09:02.879+0800][gc,heap      ] GC(1) Eden regions: 29->0(49)
[2022-04-21T14:09:02.879+0800][gc,heap      ] GC(1) Survivor regions: 7->2(7)
[2022-04-21T14:09:02.879+0800][gc,heap      ] GC(1) Old regions: 0->7
[2022-04-21T14:09:02.879+0800][gc,heap      ] GC(1) Archive regions: 2->2
[2022-04-21T14:09:02.879+0800][gc,heap      ] GC(1) Humongous regions: 0->0
[2022-04-21T14:09:02.879+0800][gc,metaspace ] GC(1) Metaspace: 20630K->20630K(1067008K)
[2022-04-21T14:09:02.879+0800][gc           ] GC(1) Pause Young (Concurrent Start) (Metadata GC Threshold) 36M->8M(1024M) 10.093ms
[2022-04-21T14:09:02.879+0800][gc,cpu       ] GC(1) User=0.02s Sys=0.01s Real=0.01s
[2022-04-21T14:09:02.880+0800][gc           ] GC(2) Concurrent Cycle
[2022-04-21T14:09:02.880+0800][gc,marking   ] GC(2) Concurrent Clear Claimed Marks
[2022-04-21T14:09:02.880+0800][gc,marking   ] GC(2) Concurrent Clear Claimed Marks 0.017ms
[2022-04-21T14:09:02.880+0800][gc,marking   ] GC(2) Concurrent Scan Root Regions
[2022-04-21T14:09:02.882+0800][gc,marking   ] GC(2) Concurrent Scan Root Regions 2.136ms
[2022-04-21T14:09:02.882+0800][gc,marking   ] GC(2) Concurrent Mark (4.274s)
[2022-04-21T14:09:02.882+0800][gc,marking   ] GC(2) Concurrent Mark From Roots
[2022-04-21T14:09:02.882+0800][gc,task      ] GC(2) Using 2 workers of 2 for marking
[2022-04-21T14:09:02.883+0800][gc,marking   ] GC(2) Concurrent Mark From Roots 0.796ms
[2022-04-21T14:09:02.883+0800][gc,marking   ] GC(2) Concurrent Preclean
[2022-04-21T14:09:02.883+0800][gc,marking   ] GC(2) Concurrent Preclean 0.596ms
[2022-04-21T14:09:02.883+0800][gc,marking   ] GC(2) Concurrent Mark (4.274s, 4.275s) 1.432ms
[2022-04-21T14:09:02.884+0800][gc,start     ] GC(2) Pause Remark
[2022-04-21T14:09:02.888+0800][gc           ] GC(2) Pause Remark 8M->8M(1024M) 4.493ms
[2022-04-21T14:09:02.888+0800][gc,cpu       ] GC(2) User=0.01s Sys=0.00s Real=0.00s
[2022-04-21T14:09:02.888+0800][gc,marking   ] GC(2) Concurrent Rebuild Remembered Sets
[2022-04-21T14:09:02.890+0800][gc,marking   ] GC(2) Concurrent Rebuild Remembered Sets 1.682ms
[2022-04-21T14:09:02.890+0800][gc,start     ] GC(2) Pause Cleanup
[2022-04-21T14:09:02.890+0800][gc           ] GC(2) Pause Cleanup 8M->8M(1024M) 0.112ms
[2022-04-21T14:09:02.891+0800][gc,cpu       ] GC(2) User=0.00s Sys=0.00s Real=0.00s
[2022-04-21T14:09:02.891+0800][gc,marking   ] GC(2) Concurrent Cleanup for Next Mark
[2022-04-21T14:09:02.894+0800][gc,marking   ] GC(2) Concurrent Cleanup for Next Mark 3.722ms
[2022-04-21T14:09:02.894+0800][gc           ] GC(2) Concurrent Cycle 14.638ms
[2022-04-21T14:09:03.625+0800][gc,start     ] GC(3) Pause Young (Normal) (G1 Evacuation Pause)
[2022-04-21T14:09:03.625+0800][gc,task      ] GC(3) Using 8 workers of 8 for evacuation
[2022-04-21T14:09:03.628+0800][gc,phases    ] GC(3)   Pre Evacuate Collection Set: 0.0ms
[2022-04-21T14:09:03.628+0800][gc,phases    ] GC(3)   Evacuate Collection Set: 2.5ms
[2022-04-21T14:09:03.628+0800][gc,phases    ] GC(3)   Post Evacuate Collection Set: 0.3ms
[2022-04-21T14:09:03.628+0800][gc,phases    ] GC(3)   Other: 0.2ms
[2022-04-21T14:09:03.628+0800][gc,heap      ] GC(3) Eden regions: 49->0(47)
[2022-04-21T14:09:03.628+0800][gc,heap      ] GC(3) Survivor regions: 2->4(7)
[2022-04-21T14:09:03.628+0800][gc,heap      ] GC(3) Old regions: 7->7
[2022-04-21T14:09:03.628+0800][gc,heap      ] GC(3) Archive regions: 2->2
[2022-04-21T14:09:03.628+0800][gc,heap      ] GC(3) Humongous regions: 129->129
[2022-04-21T14:09:03.628+0800][gc,metaspace ] GC(3) Metaspace: 29312K->29312K(1075200K)
[2022-04-21T14:09:03.628+0800][gc           ] GC(3) Pause Young (Normal) (G1 Evacuation Pause) 186M->139M(1024M) 3.051ms
[2022-04-21T14:09:03.628+0800][gc,cpu       ] GC(3) User=0.01s Sys=0.00s Real=0.00s
[2022-04-21T14:09:04.029+0800][gc,start     ] GC(4) Pause Young (Concurrent Start) (Metadata GC Threshold)
[2022-04-21T14:09:04.029+0800][gc,task      ] GC(4) Using 8 workers of 8 for evacuation
[2022-04-21T14:09:04.035+0800][gc,phases    ] GC(4)   Pre Evacuate Collection Set: 0.0ms
[2022-04-21T14:09:04.035+0800][gc,phases    ] GC(4)   Evacuate Collection Set: 4.8ms
[2022-04-21T14:09:04.035+0800][gc,phases    ] GC(4)   Post Evacuate Collection Set: 0.3ms
[2022-04-21T14:09:04.035+0800][gc,phases    ] GC(4)   Other: 0.2ms
[2022-04-21T14:09:04.035+0800][gc,heap      ] GC(4) Eden regions: 28->0(45)
[2022-04-21T14:09:04.035+0800][gc,heap      ] GC(4) Survivor regions: 4->6(7)
[2022-04-21T14:09:04.035+0800][gc,heap      ] GC(4) Old regions: 7->8
[2022-04-21T14:09:04.035+0800][gc,heap      ] GC(4) Archive regions: 2->2
[2022-04-21T14:09:04.035+0800][gc,heap      ] GC(4) Humongous regions: 129->129
[2022-04-21T14:09:04.035+0800][gc,metaspace ] GC(4) Metaspace: 34361K->34361K(1081344K)
[2022-04-21T14:09:04.035+0800][gc           ] GC(4) Pause Young (Concurrent Start) (Metadata GC Threshold) 167M->142M(1024M) 5.392ms
[2022-04-21T14:09:04.035+0800][gc,cpu       ] GC(4) User=0.01s Sys=0.01s Real=0.01s
[2022-04-21T14:09:04.035+0800][gc           ] GC(5) Concurrent Cycle
[2022-04-21T14:09:04.035+0800][gc,marking   ] GC(5) Concurrent Clear Claimed Marks
[2022-04-21T14:09:04.035+0800][gc,marking   ] GC(5) Concurrent Clear Claimed Marks 0.034ms
[2022-04-21T14:09:04.035+0800][gc,marking   ] GC(5) Concurrent Scan Root Regions
[2022-04-21T14:09:04.037+0800][gc,marking   ] GC(5) Concurrent Scan Root Regions 2.089ms
[2022-04-21T14:09:04.037+0800][gc,marking   ] GC(5) Concurrent Mark (5.429s)
[2022-04-21T14:09:04.037+0800][gc,marking   ] GC(5) Concurrent Mark From Roots
[2022-04-21T14:09:04.037+0800][gc,task      ] GC(5) Using 2 workers of 2 for marking
[2022-04-21T14:09:04.040+0800][gc,marking   ] GC(5) Concurrent Mark From Roots 3.157ms
[2022-04-21T14:09:04.040+0800][gc,marking   ] GC(5) Concurrent Preclean
[2022-04-21T14:09:04.041+0800][gc,marking   ] GC(5) Concurrent Preclean 1.132ms
[2022-04-21T14:09:04.041+0800][gc,marking   ] GC(5) Concurrent Mark (5.429s, 5.433s) 4.339ms
[2022-04-21T14:09:04.042+0800][gc,start     ] GC(5) Pause Remark
[2022-04-21T14:09:04.050+0800][gc           ] GC(5) Pause Remark 143M->143M(1024M) 8.176ms
[2022-04-21T14:09:04.050+0800][gc,cpu       ] GC(5) User=0.01s Sys=0.01s Real=0.01s
[2022-04-21T14:09:04.050+0800][gc,marking   ] GC(5) Concurrent Rebuild Remembered Sets
[2022-04-21T14:09:04.060+0800][gc,marking   ] GC(5) Concurrent Rebuild Remembered Sets 9.882ms
[2022-04-21T14:09:04.061+0800][gc,start     ] GC(5) Pause Cleanup
[2022-04-21T14:09:04.061+0800][gc           ] GC(5) Pause Cleanup 143M->143M(1024M) 0.139ms
[2022-04-21T14:09:04.061+0800][gc,cpu       ] GC(5) User=0.00s Sys=0.00s Real=0.00s
[2022-04-21T14:09:04.061+0800][gc,marking   ] GC(5) Concurrent Cleanup for Next Mark
[2022-04-21T14:09:04.064+0800][gc,marking   ] GC(5) Concurrent Cleanup for Next Mark 3.020ms
[2022-04-21T14:09:04.064+0800][gc           ] GC(5) Concurrent Cycle 28.983ms
[2022-04-21T14:10:42.240+0800][gc,start     ] GC(6) Pause Young (Normal) (G1 Evacuation Pause)
[2022-04-21T14:10:42.240+0800][gc,task      ] GC(6) Using 8 workers of 8 for evacuation
[2022-04-21T14:10:42.285+0800][gc,mmu       ] GC(6) MMU target violated: 21.0ms (20.0ms/21.0ms)
[2022-04-21T14:10:42.285+0800][gc,phases    ] GC(6)   Pre Evacuate Collection Set: 0.3ms
[2022-04-21T14:10:42.285+0800][gc,phases    ] GC(6)   Evacuate Collection Set: 42.9ms
[2022-04-21T14:10:42.286+0800][gc,phases    ] GC(6)   Post Evacuate Collection Set: 1.0ms
[2022-04-21T14:10:42.286+0800][gc,phases    ] GC(6)   Other: 1.3ms
[2022-04-21T14:10:42.286+0800][gc,heap      ] GC(6) Eden regions: 45->0(45)
[2022-04-21T14:10:42.286+0800][gc,heap      ] GC(6) Survivor regions: 6->6(7)
[2022-04-21T14:10:42.286+0800][gc,heap      ] GC(6) Old regions: 8->11
[2022-04-21T14:10:42.286+0800][gc,heap      ] GC(6) Archive regions: 2->2
[2022-04-21T14:10:42.286+0800][gc,heap      ] GC(6) Humongous regions: 129->129
[2022-04-21T14:10:42.286+0800][gc,metaspace ] GC(6) Metaspace: 40782K->40782K(1085440K)
[2022-04-21T14:10:42.286+0800][gc           ] GC(6) Pause Young (Normal) (G1 Evacuation Pause) 187M->145M(1024M) 45.669ms
[2022-04-21T14:10:42.286+0800][gc,cpu       ] GC(6) User=0.06s Sys=0.05s Real=0.04s
[2022-04-21T14:13:04.740+0800][gc,start     ] GC(7) Pause Young (Normal) (G1 Evacuation Pause)
[2022-04-21T14:13:04.740+0800][gc,task      ] GC(7) Using 8 workers of 8 for evacuation
[2022-04-21T14:13:04.767+0800][gc,mmu       ] GC(7) MMU target violated: 21.0ms (20.0ms/21.0ms)
[2022-04-21T14:13:04.767+0800][gc,phases    ] GC(7)   Pre Evacuate Collection Set: 0.2ms
[2022-04-21T14:13:04.767+0800][gc,phases    ] GC(7)   Evacuate Collection Set: 23.3ms
[2022-04-21T14:13:04.767+0800][gc,phases    ] GC(7)   Post Evacuate Collection Set: 1.3ms
[2022-04-21T14:13:04.767+0800][gc,phases    ] GC(7)   Other: 2.3ms
[2022-04-21T14:13:04.767+0800][gc,heap      ] GC(7) Eden regions: 45->0(48)
[2022-04-21T14:13:04.767+0800][gc,heap      ] GC(7) Survivor regions: 6->3(7)
[2022-04-21T14:13:04.767+0800][gc,heap      ] GC(7) Old regions: 11->14
[2022-04-21T14:13:04.767+0800][gc,heap      ] GC(7) Archive regions: 2->2
[2022-04-21T14:13:04.767+0800][gc,heap      ] GC(7) Humongous regions: 129->129
[2022-04-21T14:13:04.767+0800][gc,metaspace ] GC(7) Metaspace: 40883K->40883K(1085440K)
[2022-04-21T14:13:04.767+0800][gc           ] GC(7) Pause Young (Normal) (G1 Evacuation Pause) 190M->146M(1024M) 27.063ms
[2022-04-21T14:13:04.767+0800][gc,cpu       ] GC(7) User=0.05s Sys=0.03s Real=0.02s
[2022-04-21T14:18:44.721+0800][gc,start     ] GC(8) Pause Young (Normal) (G1 Evacuation Pause)
[2022-04-21T14:18:44.722+0800][gc,task      ] GC(8) Using 8 workers of 8 for evacuation
[2022-04-21T14:18:44.746+0800][gc,mmu       ] GC(8) MMU target violated: 21.0ms (20.0ms/21.0ms)
[2022-04-21T14:18:44.746+0800][gc,phases    ] GC(8)   Pre Evacuate Collection Set: 0.2ms
[2022-04-21T14:18:44.746+0800][gc,phases    ] GC(8)   Evacuate Collection Set: 21.8ms
[2022-04-21T14:18:44.746+0800][gc,phases    ] GC(8)   Post Evacuate Collection Set: 0.4ms
[2022-04-21T14:18:44.746+0800][gc,phases    ] GC(8)   Other: 2.7ms
[2022-04-21T14:18:44.746+0800][gc,heap      ] GC(8) Eden regions: 48->0(44)
[2022-04-21T14:18:44.746+0800][gc,heap      ] GC(8) Survivor regions: 3->7(7)
[2022-04-21T14:18:44.746+0800][gc,heap      ] GC(8) Old regions: 14->14
[2022-04-21T14:18:44.746+0800][gc,heap      ] GC(8) Archive regions: 2->2
[2022-04-21T14:18:44.746+0800][gc,heap      ] GC(8) Humongous regions: 129->129
[2022-04-21T14:18:44.746+0800][gc,metaspace ] GC(8) Metaspace: 41016K->41016K(1087488K)
[2022-04-21T14:18:44.746+0800][gc           ] GC(8) Pause Young (Normal) (G1 Evacuation Pause) 194M->150M(1024M) 25.098ms
[2022-04-21T14:18:44.746+0800][gc,cpu       ] GC(8) User=0.03s Sys=0.04s Real=0.02s
[2022-04-21T14:21:23.352+0800][gc,start     ] GC(9) Pause Young (Normal) (G1 Evacuation Pause)
[2022-04-21T14:21:23.353+0800][gc,task      ] GC(9) Using 8 workers of 8 for evacuation
[2022-04-21T14:21:23.397+0800][gc,mmu       ] GC(9) MMU target violated: 21.0ms (20.0ms/21.0ms)
[2022-04-21T14:21:23.397+0800][gc,phases    ] GC(9)   Pre Evacuate Collection Set: 0.4ms
[2022-04-21T14:21:23.397+0800][gc,phases    ] GC(9)   Evacuate Collection Set: 41.5ms
[2022-04-21T14:21:23.397+0800][gc,phases    ] GC(9)   Post Evacuate Collection Set: 0.9ms
[2022-04-21T14:21:23.397+0800][gc,phases    ] GC(9)   Other: 2.4ms
[2022-04-21T14:21:23.397+0800][gc,heap      ] GC(9) Eden regions: 44->0(45)
[2022-04-21T14:21:23.397+0800][gc,heap      ] GC(9) Survivor regions: 7->6(7)
[2022-04-21T14:21:23.397+0800][gc,heap      ] GC(9) Old regions: 14->20
[2022-04-21T14:21:23.397+0800][gc,heap      ] GC(9) Archive regions: 2->2
[2022-04-21T14:21:23.397+0800][gc,heap      ] GC(9) Humongous regions: 129->129
[2022-04-21T14:21:23.397+0800][gc,metaspace ] GC(9) Metaspace: 41114K->41114K(1087488K)
[2022-04-21T14:21:23.398+0800][gc           ] GC(9) Pause Young (Normal) (G1 Evacuation Pause) 194M->154M(1024M) 45.191ms
[2022-04-21T14:21:23.398+0800][gc,cpu       ] GC(9) User=0.07s Sys=0.05s Real=0.04s
[2022-04-21T14:24:09.776+0800][gc,start     ] GC(10) Pause Young (Normal) (G1 Evacuation Pause)
[2022-04-21T14:24:09.777+0800][gc,task      ] GC(10) Using 8 workers of 8 for evacuation
[2022-04-21T14:24:09.815+0800][gc,mmu       ] GC(10) MMU target violated: 21.0ms (20.0ms/21.0ms)
[2022-04-21T14:24:09.815+0800][gc,phases    ] GC(10)   Pre Evacuate Collection Set: 1.3ms
[2022-04-21T14:24:09.815+0800][gc,phases    ] GC(10)   Evacuate Collection Set: 33.9ms
[2022-04-21T14:24:09.815+0800][gc,phases    ] GC(10)   Post Evacuate Collection Set: 0.6ms
[2022-04-21T14:24:09.815+0800][gc,phases    ] GC(10)   Other: 3.8ms
[2022-04-21T14:24:09.815+0800][gc,heap      ] GC(10) Eden regions: 45->0(45)
[2022-04-21T14:24:09.815+0800][gc,heap      ] GC(10) Survivor regions: 6->6(7)
[2022-04-21T14:24:09.816+0800][gc,heap      ] GC(10) Old regions: 20->24
[2022-04-21T14:24:09.816+0800][gc,heap      ] GC(10) Archive regions: 2->2
[2022-04-21T14:24:09.816+0800][gc,heap      ] GC(10) Humongous regions: 129->129
[2022-04-21T14:24:09.816+0800][gc,metaspace ] GC(10) Metaspace: 41196K->41196K(1087488K)
[2022-04-21T14:24:09.816+0800][gc           ] GC(10) Pause Young (Normal) (G1 Evacuation Pause) 199M->158M(1024M) 39.681ms
[2022-04-21T14:24:09.816+0800][gc,cpu       ] GC(10) User=0.07s Sys=0.05s Real=0.04s
[2022-04-21T14:26:58.778+0800][gc,start     ] GC(11) Pause Young (Normal) (G1 Evacuation Pause)
[2022-04-21T14:26:58.782+0800][gc,task      ] GC(11) Using 8 workers of 8 for evacuation
[2022-04-21T14:26:58.824+0800][gc,mmu       ] GC(11) MMU target violated: 21.0ms (20.0ms/21.0ms)
[2022-04-21T14:26:58.824+0800][gc,phases    ] GC(11)   Pre Evacuate Collection Set: 0.7ms
[2022-04-21T14:26:58.824+0800][gc,phases    ] GC(11)   Evacuate Collection Set: 38.7ms
[2022-04-21T14:26:58.824+0800][gc,phases    ] GC(11)   Post Evacuate Collection Set: 1.0ms
[2022-04-21T14:26:58.824+0800][gc,phases    ] GC(11)   Other: 5.8ms
[2022-04-21T14:26:58.824+0800][gc,heap      ] GC(11) Eden regions: 45->0(46)
[2022-04-21T14:26:58.824+0800][gc,heap      ] GC(11) Survivor regions: 6->5(7)
[2022-04-21T14:26:58.824+0800][gc,heap      ] GC(11) Old regions: 24->28
[2022-04-21T14:26:58.824+0800][gc,heap      ] GC(11) Archive regions: 2->2
[2022-04-21T14:26:58.824+0800][gc,heap      ] GC(11) Humongous regions: 129->129
[2022-04-21T14:26:58.824+0800][gc,metaspace ] GC(11) Metaspace: 41253K->41253K(1087488K)
[2022-04-21T14:26:58.825+0800][gc           ] GC(11) Pause Young (Normal) (G1 Evacuation Pause) 203M->161M(1024M) 46.400ms
[2022-04-21T14:26:58.825+0800][gc,cpu       ] GC(11) User=0.05s Sys=0.02s Real=0.05s
[2022-04-21T14:29:53.387+0800][gc,start     ] GC(12) Pause Young (Normal) (G1 Evacuation Pause)
[2022-04-21T14:29:53.387+0800][gc,task      ] GC(12) Using 8 workers of 8 for evacuation
[2022-04-21T14:29:53.417+0800][gc,mmu       ] GC(12) MMU target violated: 21.0ms (20.0ms/21.0ms)
[2022-04-21T14:29:53.417+0800][gc,phases    ] GC(12)   Pre Evacuate Collection Set: 0.3ms
[2022-04-21T14:29:53.417+0800][gc,phases    ] GC(12)   Evacuate Collection Set: 27.1ms
[2022-04-21T14:29:53.417+0800][gc,phases    ] GC(12)   Post Evacuate Collection Set: 1.1ms
[2022-04-21T14:29:53.417+0800][gc,phases    ] GC(12)   Other: 2.2ms
[2022-04-21T14:29:53.417+0800][gc,heap      ] GC(12) Eden regions: 46->0(46)
[2022-04-21T14:29:53.417+0800][gc,heap      ] GC(12) Survivor regions: 5->5(7)
[2022-04-21T14:29:53.417+0800][gc,heap      ] GC(12) Old regions: 28->32
[2022-04-21T14:29:53.417+0800][gc,heap      ] GC(12) Archive regions: 2->2
[2022-04-21T14:29:53.417+0800][gc,heap      ] GC(12) Humongous regions: 129->129
[2022-04-21T14:29:53.417+0800][gc,metaspace ] GC(12) Metaspace: 41296K->41296K(1087488K)
[2022-04-21T14:29:53.418+0800][gc           ] GC(12) Pause Young (Normal) (G1 Evacuation Pause) 207M->166M(1024M) 30.727ms
[2022-04-21T14:29:53.418+0800][gc,cpu       ] GC(12) User=0.04s Sys=0.04s Real=0.03s
[2022-04-21T14:32:40.725+0800][gc,start     ] GC(13) Pause Young (Normal) (G1 Evacuation Pause)
[2022-04-21T14:32:40.725+0800][gc,task      ] GC(13) Using 8 workers of 8 for evacuation
[2022-04-21T14:32:40.769+0800][gc,mmu       ] GC(13) MMU target violated: 21.0ms (20.0ms/21.0ms)
[2022-04-21T14:32:40.769+0800][gc,phases    ] GC(13)   Pre Evacuate Collection Set: 0.6ms
[2022-04-21T14:32:40.769+0800][gc,phases    ] GC(13)   Evacuate Collection Set: 40.5ms
[2022-04-21T14:32:40.769+0800][gc,phases    ] GC(13)   Post Evacuate Collection Set: 1.1ms
[2022-04-21T14:32:40.769+0800][gc,phases    ] GC(13)   Other: 2.6ms
[2022-04-21T14:32:40.769+0800][gc,heap      ] GC(13) Eden regions: 46->0(46)
[2022-04-21T14:32:40.769+0800][gc,heap      ] GC(13) Survivor regions: 5->5(7)
[2022-04-21T14:32:40.769+0800][gc,heap      ] GC(13) Old regions: 32->36
[2022-04-21T14:32:40.769+0800][gc,heap      ] GC(13) Archive regions: 2->2
[2022-04-21T14:32:40.769+0800][gc,heap      ] GC(13) Humongous regions: 129->129
[2022-04-21T14:32:40.769+0800][gc,metaspace ] GC(13) Metaspace: 41323K->41323K(1087488K)
[2022-04-21T14:32:40.769+0800][gc           ] GC(13) Pause Young (Normal) (G1 Evacuation Pause) 212M->170M(1024M) 44.800ms
[2022-04-21T14:32:40.770+0800][gc,cpu       ] GC(13) User=0.06s Sys=0.05s Real=0.05s
[2022-04-21T14:35:59.298+0800][gc,start     ] GC(14) Pause Young (Normal) (G1 Evacuation Pause)
[2022-04-21T14:35:59.298+0800][gc,task      ] GC(14) Using 8 workers of 8 for evacuation
[2022-04-21T14:35:59.331+0800][gc,mmu       ] GC(14) MMU target violated: 21.0ms (20.0ms/21.0ms)
[2022-04-21T14:35:59.331+0800][gc,phases    ] GC(14)   Pre Evacuate Collection Set: 0.6ms
[2022-04-21T14:35:59.331+0800][gc,phases    ] GC(14)   Evacuate Collection Set: 23.8ms
[2022-04-21T14:35:59.331+0800][gc,phases    ] GC(14)   Post Evacuate Collection Set: 0.7ms
[2022-04-21T14:35:59.331+0800][gc,phases    ] GC(14)   Other: 8.5ms
[2022-04-21T14:35:59.331+0800][gc,heap      ] GC(14) Eden regions: 46->0(45)
[2022-04-21T14:35:59.331+0800][gc,heap      ] GC(14) Survivor regions: 5->6(7)
[2022-04-21T14:35:59.331+0800][gc,heap      ] GC(14) Old regions: 36->40
[2022-04-21T14:35:59.331+0800][gc,heap      ] GC(14) Archive regions: 2->2
[2022-04-21T14:35:59.331+0800][gc,heap      ] GC(14) Humongous regions: 129->129
[2022-04-21T14:35:59.331+0800][gc,metaspace ] GC(14) Metaspace: 41372K->41372K(1087488K)
[2022-04-21T14:35:59.331+0800][gc           ] GC(14) Pause Young (Normal) (G1 Evacuation Pause) 216M->175M(1024M) 33.583ms
[2022-04-21T14:35:59.331+0800][gc,cpu       ] GC(14) User=0.05s Sys=0.02s Real=0.04s
[2022-04-21T14:38:46.245+0800][gc,start     ] GC(15) Pause Young (Normal) (G1 Evacuation Pause)
[2022-04-21T14:38:46.247+0800][gc,task      ] GC(15) Using 8 workers of 8 for evacuation
[2022-04-21T14:38:46.294+0800][gc,mmu       ] GC(15) MMU target violated: 21.0ms (20.0ms/21.0ms)
[2022-04-21T14:38:46.295+0800][gc,phases    ] GC(15)   Pre Evacuate Collection Set: 1.7ms
[2022-04-21T14:38:46.295+0800][gc,phases    ] GC(15)   Evacuate Collection Set: 41.6ms
[2022-04-21T14:38:46.295+0800][gc,phases    ] GC(15)   Post Evacuate Collection Set: 1.0ms
[2022-04-21T14:38:46.295+0800][gc,phases    ] GC(15)   Other: 5.3ms
[2022-04-21T14:38:46.295+0800][gc,heap      ] GC(15) Eden regions: 45->0(45)
[2022-04-21T14:38:46.295+0800][gc,heap      ] GC(15) Survivor regions: 6->6(7)
[2022-04-21T14:38:46.295+0800][gc,heap      ] GC(15) Old regions: 40->45
[2022-04-21T14:38:46.295+0800][gc,heap      ] GC(15) Archive regions: 2->2
[2022-04-21T14:38:46.295+0800][gc,heap      ] GC(15) Humongous regions: 129->129
[2022-04-21T14:38:46.295+0800][gc,metaspace ] GC(15) Metaspace: 41381K->41381K(1087488K)
[2022-04-21T14:38:46.295+0800][gc           ] GC(15) Pause Young (Normal) (G1 Evacuation Pause) 220M->179M(1024M) 49.770ms
[2022-04-21T14:38:46.295+0800][gc,cpu       ] GC(15) User=0.07s Sys=0.05s Real=0.05s
[2022-04-21T14:41:32.392+0800][gc,start     ] GC(16) Pause Young (Normal) (G1 Evacuation Pause)
[2022-04-21T14:41:32.393+0800][gc,task      ] GC(16) Using 8 workers of 8 for evacuation
[2022-04-21T14:41:32.424+0800][gc,mmu       ] GC(16) MMU target violated: 21.0ms (20.0ms/21.0ms)
[2022-04-21T14:41:32.424+0800][gc,phases    ] GC(16)   Pre Evacuate Collection Set: 0.3ms
[2022-04-21T14:41:32.424+0800][gc,phases    ] GC(16)   Evacuate Collection Set: 27.0ms
[2022-04-21T14:41:32.425+0800][gc,phases    ] GC(16)   Post Evacuate Collection Set: 1.6ms
[2022-04-21T14:41:32.425+0800][gc,phases    ] GC(16)   Other: 3.7ms
[2022-04-21T14:41:32.425+0800][gc,heap      ] GC(16) Eden regions: 45->0(45)
[2022-04-21T14:41:32.425+0800][gc,heap      ] GC(16) Survivor regions: 6->6(7)
[2022-04-21T14:41:32.425+0800][gc,heap      ] GC(16) Old regions: 45->49
[2022-04-21T14:41:32.425+0800][gc,heap      ] GC(16) Archive regions: 2->2
[2022-04-21T14:41:32.425+0800][gc,heap      ] GC(16) Humongous regions: 129->129
[2022-04-21T14:41:32.425+0800][gc,metaspace ] GC(16) Metaspace: 41425K->41425K(1087488K)
[2022-04-21T14:41:32.425+0800][gc           ] GC(16) Pause Young (Normal) (G1 Evacuation Pause) 224M->184M(1024M) 32.769ms
[2022-04-21T14:41:32.425+0800][gc,cpu       ] GC(16) User=0.07s Sys=0.04s Real=0.03s
[2022-04-21T16:59:11.631+0800][gc,start     ] GC(17) Pause Young (Normal) (G1 Evacuation Pause)
[2022-04-21T16:59:11.635+0800][gc,task      ] GC(17) Using 8 workers of 8 for evacuation
[2022-04-21T16:59:11.830+0800][gc,mmu       ] GC(17) MMU target violated: 21.0ms (20.0ms/21.0ms)
[2022-04-21T16:59:11.831+0800][gc,phases    ] GC(17)   Pre Evacuate Collection Set: 2.8ms
[2022-04-21T16:59:11.831+0800][gc,phases    ] GC(17)   Evacuate Collection Set: 168.4ms
[2022-04-21T16:59:11.831+0800][gc,phases    ] GC(17)   Post Evacuate Collection Set: 12.0ms
[2022-04-21T16:59:11.832+0800][gc,phases    ] GC(17)   Other: 19.8ms
[2022-04-21T16:59:11.833+0800][gc,heap      ] GC(17) Eden regions: 45->0(48)
[2022-04-21T16:59:11.833+0800][gc,heap      ] GC(17) Survivor regions: 6->3(7)
[2022-04-21T16:59:11.833+0800][gc,heap      ] GC(17) Old regions: 49->54
[2022-04-21T16:59:11.833+0800][gc,heap      ] GC(17) Archive regions: 2->2
[2022-04-21T16:59:11.833+0800][gc,heap      ] GC(17) Humongous regions: 129->129
[2022-04-21T16:59:11.834+0800][gc,metaspace ] GC(17) Metaspace: 41645K->41645K(1087488K)
[2022-04-21T16:59:11.836+0800][gc           ] GC(17) Pause Young (Normal) (G1 Evacuation Pause) 229M->185M(1024M) 204.113ms
[2022-04-21T16:59:11.836+0800][gc,cpu       ] GC(17) User=0.04s Sys=0.09s Real=0.20s
[2022-04-21T18:06:31.396+0800][gc,start     ] GC(18) Pause Young (Normal) (G1 Evacuation Pause)
[2022-04-21T18:06:31.400+0800][gc,task      ] GC(18) Using 8 workers of 8 for evacuation
[2022-04-21T18:06:31.494+0800][gc,mmu       ] GC(18) MMU target violated: 21.0ms (20.0ms/21.0ms)
[2022-04-21T18:06:31.494+0800][gc,phases    ] GC(18)   Pre Evacuate Collection Set: 3.0ms
[2022-04-21T18:06:31.494+0800][gc,phases    ] GC(18)   Evacuate Collection Set: 77.0ms
[2022-04-21T18:06:31.494+0800][gc,phases    ] GC(18)   Post Evacuate Collection Set: 5.8ms
[2022-04-21T18:06:31.494+0800][gc,phases    ] GC(18)   Other: 13.9ms
[2022-04-21T18:06:31.494+0800][gc,heap      ] GC(18) Eden regions: 48->0(48)
[2022-04-21T18:06:31.494+0800][gc,heap      ] GC(18) Survivor regions: 3->3(7)
[2022-04-21T18:06:31.494+0800][gc,heap      ] GC(18) Old regions: 54->54
[2022-04-21T18:06:31.494+0800][gc,heap      ] GC(18) Archive regions: 2->2
[2022-04-21T18:06:31.494+0800][gc,heap      ] GC(18) Humongous regions: 129->129
[2022-04-21T18:06:31.494+0800][gc,metaspace ] GC(18) Metaspace: 41702K->41702K(1087488K)
[2022-04-21T18:06:31.494+0800][gc           ] GC(18) Pause Young (Normal) (G1 Evacuation Pause) 233M->185M(1024M) 97.921ms
[2022-04-21T18:06:31.494+0800][gc,cpu       ] GC(18) User=0.03s Sys=0.09s Real=0.10s
[2022-04-21T19:14:31.288+0800][gc,start     ] GC(19) Pause Young (Normal) (G1 Evacuation Pause)
[2022-04-21T19:14:31.291+0800][gc,task      ] GC(19) Using 8 workers of 8 for evacuation
[2022-04-21T19:14:31.326+0800][gc,mmu       ] GC(19) MMU target violated: 21.0ms (20.0ms/21.0ms)
[2022-04-21T19:14:31.326+0800][gc,phases    ] GC(19)   Pre Evacuate Collection Set: 1.7ms
[2022-04-21T19:14:31.326+0800][gc,phases    ] GC(19)   Evacuate Collection Set: 26.3ms
[2022-04-21T19:14:31.326+0800][gc,phases    ] GC(19)   Post Evacuate Collection Set: 1.3ms
[2022-04-21T19:14:31.326+0800][gc,phases    ] GC(19)   Other: 9.7ms
[2022-04-21T19:14:31.326+0800][gc,heap      ] GC(19) Eden regions: 48->0(48)
[2022-04-21T19:14:31.326+0800][gc,heap      ] GC(19) Survivor regions: 3->3(7)
[2022-04-21T19:14:31.326+0800][gc,heap      ] GC(19) Old regions: 54->54
[2022-04-21T19:14:31.326+0800][gc,heap      ] GC(19) Archive regions: 2->2
[2022-04-21T19:14:31.326+0800][gc,heap      ] GC(19) Humongous regions: 129->129
[2022-04-21T19:14:31.326+0800][gc,metaspace ] GC(19) Metaspace: 41734K->41734K(1087488K)
[2022-04-21T19:14:31.326+0800][gc           ] GC(19) Pause Young (Normal) (G1 Evacuation Pause) 233M->185M(1024M) 37.784ms
[2022-04-21T19:14:31.326+0800][gc,cpu       ] GC(19) User=0.01s Sys=0.04s Real=0.04s
[2022-04-21T20:23:07.423+0800][gc,start     ] GC(20) Pause Young (Normal) (G1 Evacuation Pause)
[2022-04-21T20:23:07.427+0800][gc,task      ] GC(20) Using 8 workers of 8 for evacuation
[2022-04-21T20:23:07.628+0800][gc,mmu       ] GC(20) MMU target violated: 21.0ms (20.0ms/21.0ms)
[2022-04-21T20:23:07.628+0800][gc,phases    ] GC(20)   Pre Evacuate Collection Set: 1.7ms
[2022-04-21T20:23:07.628+0800][gc,phases    ] GC(20)   Evacuate Collection Set: 162.1ms
[2022-04-21T20:23:07.628+0800][gc,phases    ] GC(20)   Post Evacuate Collection Set: 22.6ms
[2022-04-21T20:23:07.628+0800][gc,phases    ] GC(20)   Other: 21.2ms
[2022-04-21T20:23:07.628+0800][gc,heap      ] GC(20) Eden regions: 48->0(48)
[2022-04-21T20:23:07.628+0800][gc,heap      ] GC(20) Survivor regions: 3->3(7)
[2022-04-21T20:23:07.628+0800][gc,heap      ] GC(20) Old regions: 54->54
[2022-04-21T20:23:07.628+0800][gc,heap      ] GC(20) Archive regions: 2->2
[2022-04-21T20:23:07.628+0800][gc,heap      ] GC(20) Humongous regions: 129->129
[2022-04-21T20:23:07.628+0800][gc,metaspace ] GC(20) Metaspace: 41749K->41749K(1087488K)
[2022-04-21T20:23:07.632+0800][gc           ] GC(20) Pause Young (Normal) (G1 Evacuation Pause) 233M->185M(1024M) 208.757ms
[2022-04-21T20:23:07.632+0800][gc,cpu       ] GC(20) User=0.02s Sys=0.07s Real=0.21s
[2022-04-21T20:39:02.711+0800][gc,heap,exit ] Heap
[2022-04-21T20:39:02.713+0800][gc,heap,exit ]  garbage-first heap   total 1048576K, used 209006K [0x00000007c0000000, 0x0000000800000000)
[2022-04-21T20:39:02.713+0800][gc,heap,exit ]   region size 1024K, 24 young (24576K), 3 survivors (3072K)
[2022-04-21T20:39:02.713+0800][gc,heap,exit ]  Metaspace       used 42591K, capacity 45014K, committed 45312K, reserved 1087488K
[2022-04-21T20:39:02.713+0800][gc,heap,exit ]   class space    used 5422K, capacity 6603K, committed 6656K, reserved 1048576K
