[2022-04-22T01:26:14.319+0800][gc,heap] Heap region size: 1M
[2022-04-22T01:26:14.323+0800][gc     ] Using G1
[2022-04-22T01:26:14.324+0800][gc,heap,coops] Heap address: 0x00000007e0000000, size: 512 MB, Compressed Oops mode: Zero based, Oop shift amount: 3
[2022-04-22T01:26:14.324+0800][gc,cds       ] Mark closed archive regions in map: [0x00000007fff00000, 0x00000007fff76ff8]
[2022-04-22T01:26:14.324+0800][gc,cds       ] Mark open archive regions in map: [0x00000007ffe00000, 0x00000007ffe46ff8]
[2022-04-22T01:26:14.347+0800][gc           ] Periodic GC disabled
[2022-04-22T01:26:15.735+0800][gc,start     ] GC(0) Pause Young (Normal) (G1 Evacuation Pause)
[2022-04-22T01:26:15.735+0800][gc,task      ] GC(0) Using 8 workers of 8 for evacuation
[2022-04-22T01:26:15.749+0800][gc,phases    ] GC(0)   Pre Evacuate Collection Set: 0.0ms
[2022-04-22T01:26:15.749+0800][gc,phases    ] GC(0)   Evacuate Collection Set: 13.0ms
[2022-04-22T01:26:15.749+0800][gc,phases    ] GC(0)   Post Evacuate Collection Set: 0.3ms
[2022-04-22T01:26:15.749+0800][gc,phases    ] GC(0)   Other: 0.7ms
[2022-04-22T01:26:15.749+0800][gc,heap      ] GC(0) Eden regions: 25->0(21)
[2022-04-22T01:26:15.749+0800][gc,heap      ] GC(0) Survivor regions: 0->4(4)
[2022-04-22T01:26:15.749+0800][gc,heap      ] GC(0) Old regions: 0->3
[2022-04-22T01:26:15.749+0800][gc,heap      ] GC(0) Archive regions: 2->2
[2022-04-22T01:26:15.749+0800][gc,heap      ] GC(0) Humongous regions: 0->0
[2022-04-22T01:26:15.749+0800][gc,metaspace ] GC(0) Metaspace: 7311K->7311K(1056768K)
[2022-04-22T01:26:15.749+0800][gc           ] GC(0) Pause Young (Normal) (G1 Evacuation Pause) 25M->7M(512M) 14.084ms
[2022-04-22T01:26:15.749+0800][gc,cpu       ] GC(0) User=0.03s Sys=0.02s Real=0.01s
[2022-04-22T01:33:53.675+0800][gc,start     ] GC(1) Pause Young (Normal) (G1 Evacuation Pause)
[2022-04-22T01:33:53.676+0800][gc,task      ] GC(1) Using 8 workers of 8 for evacuation
[2022-04-22T01:33:53.730+0800][gc,mmu       ] GC(1) MMU target violated: 21.0ms (20.0ms/21.0ms)
[2022-04-22T01:33:53.730+0800][gc,phases    ] GC(1)   Pre Evacuate Collection Set: 0.1ms
[2022-04-22T01:33:53.730+0800][gc,phases    ] GC(1)   Evacuate Collection Set: 51.7ms
[2022-04-22T01:33:53.730+0800][gc,phases    ] GC(1)   Post Evacuate Collection Set: 0.5ms
[2022-04-22T01:33:53.730+0800][gc,phases    ] GC(1)   Other: 2.6ms
[2022-04-22T01:33:53.730+0800][gc,heap      ] GC(1) Eden regions: 21->0(24)
[2022-04-22T01:33:53.730+0800][gc,heap      ] GC(1) Survivor regions: 4->1(4)
[2022-04-22T01:33:53.730+0800][gc,heap      ] GC(1) Old regions: 3->7
[2022-04-22T01:33:53.730+0800][gc,heap      ] GC(1) Archive regions: 2->2
[2022-04-22T01:33:53.730+0800][gc,heap      ] GC(1) Humongous regions: 0->0
[2022-04-22T01:33:53.730+0800][gc,metaspace ] GC(1) Metaspace: 8932K->8932K(1058816K)
[2022-04-22T01:33:53.730+0800][gc           ] GC(1) Pause Young (Normal) (G1 Evacuation Pause) 28M->8M(512M) 54.915ms
[2022-04-22T01:33:53.730+0800][gc,cpu       ] GC(1) User=0.05s Sys=0.05s Real=0.06s
[2022-04-22T01:48:44.793+0800][gc,start     ] GC(2) Pause Young (Normal) (G1 Evacuation Pause)
[2022-04-22T01:48:44.794+0800][gc,task      ] GC(2) Using 8 workers of 8 for evacuation
[2022-04-22T01:48:44.863+0800][gc,mmu       ] GC(2) MMU target violated: 21.0ms (20.0ms/21.0ms)
[2022-04-22T01:48:44.863+0800][gc,phases    ] GC(2)   Pre Evacuate Collection Set: 1.2ms
[2022-04-22T01:48:44.863+0800][gc,phases    ] GC(2)   Evacuate Collection Set: 61.5ms
[2022-04-22T01:48:44.863+0800][gc,phases    ] GC(2)   Post Evacuate Collection Set: 6.1ms
[2022-04-22T01:48:44.863+0800][gc,phases    ] GC(2)   Other: 1.5ms
[2022-04-22T01:48:44.864+0800][gc,heap      ] GC(2) Eden regions: 24->0(24)
[2022-04-22T01:48:44.864+0800][gc,heap      ] GC(2) Survivor regions: 1->1(4)
[2022-04-22T01:48:44.864+0800][gc,heap      ] GC(2) Old regions: 7->7
[2022-04-22T01:48:44.864+0800][gc,heap      ] GC(2) Archive regions: 2->2
[2022-04-22T01:48:44.864+0800][gc,heap      ] GC(2) Humongous regions: 0->0
[2022-04-22T01:48:44.864+0800][gc,metaspace ] GC(2) Metaspace: 8982K->8982K(1058816K)
[2022-04-22T01:48:44.864+0800][gc           ] GC(2) Pause Young (Normal) (G1 Evacuation Pause) 32M->8M(512M) 70.301ms
[2022-04-22T01:48:44.864+0800][gc,cpu       ] GC(2) User=0.03s Sys=0.05s Real=0.07s
[2022-04-22T02:03:18.431+0800][gc,start     ] GC(3) Pause Young (Normal) (G1 Evacuation Pause)
[2022-04-22T02:03:18.434+0800][gc,task      ] GC(3) Using 8 workers of 8 for evacuation
[2022-04-22T02:03:18.488+0800][gc,mmu       ] GC(3) MMU target violated: 21.0ms (20.0ms/21.0ms)
[2022-04-22T02:03:18.488+0800][gc,phases    ] GC(3)   Pre Evacuate Collection Set: 0.2ms
[2022-04-22T02:03:18.488+0800][gc,phases    ] GC(3)   Evacuate Collection Set: 41.0ms
[2022-04-22T02:03:18.488+0800][gc,phases    ] GC(3)   Post Evacuate Collection Set: 11.3ms
[2022-04-22T02:03:18.488+0800][gc,phases    ] GC(3)   Other: 4.4ms
[2022-04-22T02:03:18.488+0800][gc,heap      ] GC(3) Eden regions: 24->0(24)
[2022-04-22T02:03:18.488+0800][gc,heap      ] GC(3) Survivor regions: 1->1(4)
[2022-04-22T02:03:18.488+0800][gc,heap      ] GC(3) Old regions: 7->7
[2022-04-22T02:03:18.488+0800][gc,heap      ] GC(3) Archive regions: 2->2
[2022-04-22T02:03:18.488+0800][gc,heap      ] GC(3) Humongous regions: 0->0
[2022-04-22T02:03:18.488+0800][gc,metaspace ] GC(3) Metaspace: 8985K->8985K(1058816K)
[2022-04-22T02:03:18.488+0800][gc           ] GC(3) Pause Young (Normal) (G1 Evacuation Pause) 32M->8M(512M) 56.975ms
[2022-04-22T02:03:18.488+0800][gc,cpu       ] GC(3) User=0.01s Sys=0.04s Real=0.05s
[2022-04-22T02:16:53.375+0800][gc,start     ] GC(4) Pause Young (Normal) (G1 Evacuation Pause)
[2022-04-22T02:16:53.390+0800][gc,task      ] GC(4) Using 8 workers of 8 for evacuation
[2022-04-22T02:16:53.441+0800][gc,mmu       ] GC(4) MMU target violated: 21.0ms (20.0ms/21.0ms)
[2022-04-22T02:16:53.441+0800][gc,phases    ] GC(4)   Pre Evacuate Collection Set: 2.3ms
[2022-04-22T02:16:53.441+0800][gc,phases    ] GC(4)   Evacuate Collection Set: 41.0ms
[2022-04-22T02:16:53.441+0800][gc,phases    ] GC(4)   Post Evacuate Collection Set: 3.3ms
[2022-04-22T02:16:53.441+0800][gc,phases    ] GC(4)   Other: 20.5ms
[2022-04-22T02:16:53.441+0800][gc,heap      ] GC(4) Eden regions: 24->0(24)
[2022-04-22T02:16:53.441+0800][gc,heap      ] GC(4) Survivor regions: 1->1(4)
[2022-04-22T02:16:53.441+0800][gc,heap      ] GC(4) Old regions: 7->7
[2022-04-22T02:16:53.441+0800][gc,heap      ] GC(4) Archive regions: 2->2
[2022-04-22T02:16:53.441+0800][gc,heap      ] GC(4) Humongous regions: 0->0
[2022-04-22T02:16:53.441+0800][gc,metaspace ] GC(4) Metaspace: 8985K->8985K(1058816K)
[2022-04-22T02:16:53.441+0800][gc           ] GC(4) Pause Young (Normal) (G1 Evacuation Pause) 32M->8M(512M) 66.303ms
[2022-04-22T02:16:53.441+0800][gc,cpu       ] GC(4) User=0.02s Sys=0.05s Real=0.07s
[2022-04-22T02:28:00.608+0800][gc,start     ] GC(5) Pause Young (Normal) (G1 Evacuation Pause)
[2022-04-22T02:28:00.636+0800][gc,task      ] GC(5) Using 8 workers of 8 for evacuation
[2022-04-22T02:28:00.674+0800][gc,mmu       ] GC(5) MMU target violated: 21.0ms (20.0ms/21.0ms)
[2022-04-22T02:28:00.674+0800][gc,phases    ] GC(5)   Pre Evacuate Collection Set: 0.8ms
[2022-04-22T02:28:00.674+0800][gc,phases    ] GC(5)   Evacuate Collection Set: 33.5ms
[2022-04-22T02:28:00.674+0800][gc,phases    ] GC(5)   Post Evacuate Collection Set: 1.6ms
[2022-04-22T02:28:00.674+0800][gc,phases    ] GC(5)   Other: 30.3ms
[2022-04-22T02:28:00.674+0800][gc,heap      ] GC(5) Eden regions: 24->0(24)
[2022-04-22T02:28:00.674+0800][gc,heap      ] GC(5) Survivor regions: 1->1(4)
[2022-04-22T02:28:00.674+0800][gc,heap      ] GC(5) Old regions: 7->7
[2022-04-22T02:28:00.674+0800][gc,heap      ] GC(5) Archive regions: 2->2
[2022-04-22T02:28:00.674+0800][gc,heap      ] GC(5) Humongous regions: 0->0
[2022-04-22T02:28:00.674+0800][gc,metaspace ] GC(5) Metaspace: 8989K->8989K(1058816K)
[2022-04-22T02:28:00.674+0800][gc           ] GC(5) Pause Young (Normal) (G1 Evacuation Pause) 32M->8M(512M) 66.099ms
[2022-04-22T02:28:00.674+0800][gc,cpu       ] GC(5) User=0.02s Sys=0.04s Real=0.07s
[2022-04-22T09:02:00.671+0800][gc,start     ] GC(6) Pause Young (Normal) (G1 Evacuation Pause)
[2022-04-22T09:02:00.686+0800][gc,task      ] GC(6) Using 8 workers of 8 for evacuation
[2022-04-22T09:02:00.730+0800][gc,mmu       ] GC(6) MMU target violated: 21.0ms (20.0ms/21.0ms)
[2022-04-22T09:02:00.732+0800][gc,phases    ] GC(6)   Pre Evacuate Collection Set: 0.4ms
[2022-04-22T09:02:00.732+0800][gc,phases    ] GC(6)   Evacuate Collection Set: 37.3ms
[2022-04-22T09:02:00.732+0800][gc,phases    ] GC(6)   Post Evacuate Collection Set: 2.1ms
[2022-04-22T09:02:00.732+0800][gc,phases    ] GC(6)   Other: 22.3ms
[2022-04-22T09:02:00.732+0800][gc,heap      ] GC(6) Eden regions: 24->0(24)
[2022-04-22T09:02:00.732+0800][gc,heap      ] GC(6) Survivor regions: 1->1(4)
[2022-04-22T09:02:00.732+0800][gc,heap      ] GC(6) Old regions: 7->7
[2022-04-22T09:02:00.732+0800][gc,heap      ] GC(6) Archive regions: 2->2
[2022-04-22T09:02:00.732+0800][gc,heap      ] GC(6) Humongous regions: 0->0
[2022-04-22T09:02:00.732+0800][gc,metaspace ] GC(6) Metaspace: 8998K->8998K(1058816K)
[2022-04-22T09:02:00.733+0800][gc           ] GC(6) Pause Young (Normal) (G1 Evacuation Pause) 32M->8M(512M) 61.999ms
[2022-04-22T09:02:00.733+0800][gc,cpu       ] GC(6) User=0.00s Sys=0.04s Real=0.06s
[2022-04-22T18:36:00.197+0800][gc,heap,exit ] Heap
[2022-04-22T18:36:00.199+0800][gc,heap,exit ]  garbage-first heap   total 524288K, used 31054K [0x00000007e0000000, 0x0000000800000000)
[2022-04-22T18:36:00.199+0800][gc,heap,exit ]   region size 1024K, 24 young (24576K), 1 survivors (1024K)
[2022-04-22T18:36:00.199+0800][gc,heap,exit ]  Metaspace       used 9004K, capacity 9294K, committed 9600K, reserved 1058816K
[2022-04-22T18:36:00.199+0800][gc,heap,exit ]   class space    used 942K, capacity 1043K, committed 1152K, reserved 1048576K
