[2022-04-23T11:56:51.048+0800][gc,heap] Heap region size: 1M
[2022-04-23T11:56:51.053+0800][gc     ] Using G1
[2022-04-23T11:56:51.053+0800][gc,heap,coops] Heap address: 0x00000007e0000000, size: 512 MB, Compressed Oops mode: Zero based, Oop shift amount: 3
[2022-04-23T11:56:51.053+0800][gc,cds       ] Mark closed archive regions in map: [0x00000007fff00000, 0x00000007fff76ff8]
[2022-04-23T11:56:51.053+0800][gc,cds       ] Mark open archive regions in map: [0x00000007ffe00000, 0x00000007ffe46ff8]
[2022-04-23T11:56:51.074+0800][gc           ] Periodic GC disabled
[2022-04-23T11:56:52.500+0800][gc,start     ] GC(0) Pause Young (Normal) (G1 Evacuation Pause)
[2022-04-23T11:56:52.500+0800][gc,task      ] GC(0) Using 8 workers of 8 for evacuation
[2022-04-23T11:56:52.519+0800][gc,phases    ] GC(0)   Pre Evacuate Collection Set: 0.0ms
[2022-04-23T11:56:52.519+0800][gc,phases    ] GC(0)   Evacuate Collection Set: 18.0ms
[2022-04-23T11:56:52.519+0800][gc,phases    ] GC(0)   Post Evacuate Collection Set: 0.3ms
[2022-04-23T11:56:52.519+0800][gc,phases    ] GC(0)   Other: 8.3ms
[2022-04-23T11:56:52.519+0800][gc,heap      ] GC(0) Eden regions: 25->0(21)
[2022-04-23T11:56:52.519+0800][gc,heap      ] GC(0) Survivor regions: 0->4(4)
[2022-04-23T11:56:52.519+0800][gc,heap      ] GC(0) Old regions: 0->3
[2022-04-23T11:56:52.519+0800][gc,heap      ] GC(0) Archive regions: 2->2
[2022-04-23T11:56:52.519+0800][gc,heap      ] GC(0) Humongous regions: 0->0
[2022-04-23T11:56:52.519+0800][gc,metaspace ] GC(0) Metaspace: 7297K->7297K(1056768K)
[2022-04-23T11:56:52.524+0800][gc           ] GC(0) Pause Young (Normal) (G1 Evacuation Pause) 25M->7M(512M) 20.922ms
[2022-04-23T11:56:52.524+0800][gc,cpu       ] GC(0) User=0.03s Sys=0.01s Real=0.02s
[2022-04-23T11:56:52.793+0800][gc,start     ] GC(1) Pause Young (Normal) (G1 Evacuation Pause)
[2022-04-23T11:56:52.793+0800][gc,task      ] GC(1) Using 8 workers of 8 for evacuation
[2022-04-23T11:56:52.800+0800][gc,phases    ] GC(1)   Pre Evacuate Collection Set: 0.0ms
[2022-04-23T11:56:52.800+0800][gc,phases    ] GC(1)   Evacuate Collection Set: 6.3ms
[2022-04-23T11:56:52.800+0800][gc,phases    ] GC(1)   Post Evacuate Collection Set: 0.2ms
[2022-04-23T11:56:52.800+0800][gc,phases    ] GC(1)   Other: 0.1ms
[2022-04-23T11:56:52.800+0800][gc,heap      ] GC(1) Eden regions: 21->0(24)
[2022-04-23T11:56:52.800+0800][gc,heap      ] GC(1) Survivor regions: 4->1(4)
[2022-04-23T11:56:52.800+0800][gc,heap      ] GC(1) Old regions: 3->8
[2022-04-23T11:56:52.800+0800][gc,heap      ] GC(1) Archive regions: 2->2
[2022-04-23T11:56:52.800+0800][gc,heap      ] GC(1) Humongous regions: 0->0
[2022-04-23T11:56:52.800+0800][gc,metaspace ] GC(1) Metaspace: 7953K->7953K(1056768K)
[2022-04-23T11:56:52.800+0800][gc           ] GC(1) Pause Young (Normal) (G1 Evacuation Pause) 28M->8M(512M) 6.696ms
[2022-04-23T11:56:52.800+0800][gc,cpu       ] GC(1) User=0.03s Sys=0.01s Real=0.01s
[2022-04-23T11:56:52.849+0800][gc,start     ] GC(2) Pause Young (Normal) (G1 Evacuation Pause)
[2022-04-23T11:56:52.849+0800][gc,task      ] GC(2) Using 8 workers of 8 for evacuation
[2022-04-23T11:56:52.851+0800][gc,phases    ] GC(2)   Pre Evacuate Collection Set: 0.0ms
[2022-04-23T11:56:52.851+0800][gc,phases    ] GC(2)   Evacuate Collection Set: 1.6ms
[2022-04-23T11:56:52.851+0800][gc,phases    ] GC(2)   Post Evacuate Collection Set: 0.1ms
[2022-04-23T11:56:52.851+0800][gc,phases    ] GC(2)   Other: 0.1ms
[2022-04-23T11:56:52.851+0800][gc,heap      ] GC(2) Eden regions: 24->0(24)
[2022-04-23T11:56:52.851+0800][gc,heap      ] GC(2) Survivor regions: 1->1(4)
[2022-04-23T11:56:52.851+0800][gc,heap      ] GC(2) Old regions: 8->8
[2022-04-23T11:56:52.851+0800][gc,heap      ] GC(2) Archive regions: 2->2
[2022-04-23T11:56:52.851+0800][gc,heap      ] GC(2) Humongous regions: 0->0
[2022-04-23T11:56:52.851+0800][gc,metaspace ] GC(2) Metaspace: 7954K->7954K(1056768K)
[2022-04-23T11:56:52.851+0800][gc           ] GC(2) Pause Young (Normal) (G1 Evacuation Pause) 32M->8M(512M) 1.933ms
[2022-04-23T11:56:52.851+0800][gc,cpu       ] GC(2) User=0.01s Sys=0.00s Real=0.01s
[2022-04-23T11:56:52.908+0800][gc,start     ] GC(3) Pause Young (Normal) (G1 Evacuation Pause)
[2022-04-23T11:56:52.908+0800][gc,task      ] GC(3) Using 8 workers of 8 for evacuation
[2022-04-23T11:56:52.910+0800][gc,phases    ] GC(3)   Pre Evacuate Collection Set: 0.0ms
[2022-04-23T11:56:52.910+0800][gc,phases    ] GC(3)   Evacuate Collection Set: 1.3ms
[2022-04-23T11:56:52.910+0800][gc,phases    ] GC(3)   Post Evacuate Collection Set: 0.1ms
[2022-04-23T11:56:52.910+0800][gc,phases    ] GC(3)   Other: 0.1ms
[2022-04-23T11:56:52.910+0800][gc,heap      ] GC(3) Eden regions: 24->0(24)
[2022-04-23T11:56:52.910+0800][gc,heap      ] GC(3) Survivor regions: 1->1(4)
[2022-04-23T11:56:52.910+0800][gc,heap      ] GC(3) Old regions: 8->8
[2022-04-23T11:56:52.910+0800][gc,heap      ] GC(3) Archive regions: 2->2
[2022-04-23T11:56:52.910+0800][gc,heap      ] GC(3) Humongous regions: 0->0
[2022-04-23T11:56:52.910+0800][gc,metaspace ] GC(3) Metaspace: 7955K->7955K(1056768K)
[2022-04-23T11:56:52.910+0800][gc           ] GC(3) Pause Young (Normal) (G1 Evacuation Pause) 32M->8M(512M) 1.601ms
[2022-04-23T11:56:52.910+0800][gc,cpu       ] GC(3) User=0.00s Sys=0.01s Real=0.01s
[2022-04-23T11:56:52.950+0800][gc,start     ] GC(4) Pause Young (Normal) (G1 Evacuation Pause)
[2022-04-23T11:56:52.950+0800][gc,task      ] GC(4) Using 8 workers of 8 for evacuation
[2022-04-23T11:56:52.952+0800][gc,phases    ] GC(4)   Pre Evacuate Collection Set: 0.0ms
[2022-04-23T11:56:52.952+0800][gc,phases    ] GC(4)   Evacuate Collection Set: 1.4ms
[2022-04-23T11:56:52.952+0800][gc,phases    ] GC(4)   Post Evacuate Collection Set: 0.1ms
[2022-04-23T11:56:52.952+0800][gc,phases    ] GC(4)   Other: 0.1ms
[2022-04-23T11:56:52.952+0800][gc,heap      ] GC(4) Eden regions: 24->0(24)
[2022-04-23T11:56:52.952+0800][gc,heap      ] GC(4) Survivor regions: 1->1(4)
[2022-04-23T11:56:52.952+0800][gc,heap      ] GC(4) Old regions: 8->8
[2022-04-23T11:56:52.952+0800][gc,heap      ] GC(4) Archive regions: 2->2
[2022-04-23T11:56:52.952+0800][gc,heap      ] GC(4) Humongous regions: 0->0
[2022-04-23T11:56:52.952+0800][gc,metaspace ] GC(4) Metaspace: 7955K->7955K(1056768K)
[2022-04-23T11:56:52.952+0800][gc           ] GC(4) Pause Young (Normal) (G1 Evacuation Pause) 32M->8M(512M) 1.691ms
[2022-04-23T11:56:52.952+0800][gc,cpu       ] GC(4) User=0.01s Sys=0.00s Real=0.00s
[2022-04-23T12:28:39.925+0800][gc,start     ] GC(5) Pause Young (Normal) (G1 Evacuation Pause)
[2022-04-23T12:28:39.929+0800][gc,task      ] GC(5) Using 8 workers of 8 for evacuation
[2022-04-23T12:28:39.972+0800][gc,mmu       ] GC(5) MMU target violated: 21.0ms (20.0ms/21.0ms)
[2022-04-23T12:28:39.972+0800][gc,phases    ] GC(5)   Pre Evacuate Collection Set: 1.2ms
[2022-04-23T12:28:39.972+0800][gc,phases    ] GC(5)   Evacuate Collection Set: 34.6ms
[2022-04-23T12:28:39.972+0800][gc,phases    ] GC(5)   Post Evacuate Collection Set: 1.9ms
[2022-04-23T12:28:39.972+0800][gc,phases    ] GC(5)   Other: 11.2ms
[2022-04-23T12:28:39.972+0800][gc,heap      ] GC(5) Eden regions: 24->0(24)
[2022-04-23T12:28:39.972+0800][gc,heap      ] GC(5) Survivor regions: 1->1(4)
[2022-04-23T12:28:39.972+0800][gc,heap      ] GC(5) Old regions: 8->8
[2022-04-23T12:28:39.972+0800][gc,heap      ] GC(5) Archive regions: 2->2
[2022-04-23T12:28:39.972+0800][gc,heap      ] GC(5) Humongous regions: 0->0
[2022-04-23T12:28:39.972+0800][gc,metaspace ] GC(5) Metaspace: 9131K->9131K(1058816K)
[2022-04-23T12:28:39.973+0800][gc           ] GC(5) Pause Young (Normal) (G1 Evacuation Pause) 32M->8M(512M) 47.476ms
[2022-04-23T12:28:39.973+0800][gc,cpu       ] GC(5) User=0.01s Sys=0.07s Real=0.05s
[2022-04-23T12:36:35.584+0800][gc,start     ] GC(6) Pause Young (Normal) (G1 Evacuation Pause)
[2022-04-23T12:36:35.585+0800][gc,task      ] GC(6) Using 8 workers of 8 for evacuation
[2022-04-23T12:36:35.605+0800][gc,mmu       ] GC(6) MMU target violated: 20.1ms (20.0ms/21.0ms)
[2022-04-23T12:36:35.606+0800][gc,phases    ] GC(6)   Pre Evacuate Collection Set: 0.1ms
[2022-04-23T12:36:35.606+0800][gc,phases    ] GC(6)   Evacuate Collection Set: 19.0ms
[2022-04-23T12:36:35.606+0800][gc,phases    ] GC(6)   Post Evacuate Collection Set: 0.4ms
[2022-04-23T12:36:35.606+0800][gc,phases    ] GC(6)   Other: 2.3ms
[2022-04-23T12:36:35.606+0800][gc,heap      ] GC(6) Eden regions: 24->0(24)
[2022-04-23T12:36:35.606+0800][gc,heap      ] GC(6) Survivor regions: 1->1(4)
[2022-04-23T12:36:35.606+0800][gc,heap      ] GC(6) Old regions: 8->8
[2022-04-23T12:36:35.606+0800][gc,heap      ] GC(6) Archive regions: 2->2
[2022-04-23T12:36:35.606+0800][gc,heap      ] GC(6) Humongous regions: 0->0
[2022-04-23T12:36:35.606+0800][gc,metaspace ] GC(6) Metaspace: 9141K->9141K(1058816K)
[2022-04-23T12:36:35.606+0800][gc           ] GC(6) Pause Young (Normal) (G1 Evacuation Pause) 32M->8M(512M) 21.738ms
[2022-04-23T12:36:35.606+0800][gc,cpu       ] GC(6) User=0.01s Sys=0.03s Real=0.02s
[2022-04-23T13:10:52.013+0800][gc,start     ] GC(7) Pause Young (Normal) (G1 Evacuation Pause)
[2022-04-23T13:10:52.014+0800][gc,task      ] GC(7) Using 8 workers of 8 for evacuation
[2022-04-23T13:10:52.059+0800][gc,mmu       ] GC(7) MMU target violated: 21.0ms (20.0ms/21.0ms)
[2022-04-23T13:10:52.059+0800][gc,phases    ] GC(7)   Pre Evacuate Collection Set: 1.0ms
[2022-04-23T13:10:52.059+0800][gc,phases    ] GC(7)   Evacuate Collection Set: 38.3ms
[2022-04-23T13:10:52.059+0800][gc,phases    ] GC(7)   Post Evacuate Collection Set: 3.8ms
[2022-04-23T13:10:52.059+0800][gc,phases    ] GC(7)   Other: 4.1ms
[2022-04-23T13:10:52.059+0800][gc,heap      ] GC(7) Eden regions: 24->0(24)
[2022-04-23T13:10:52.059+0800][gc,heap      ] GC(7) Survivor regions: 1->1(4)
[2022-04-23T13:10:52.059+0800][gc,heap      ] GC(7) Old regions: 8->8
[2022-04-23T13:10:52.059+0800][gc,heap      ] GC(7) Archive regions: 2->2
[2022-04-23T13:10:52.059+0800][gc,heap      ] GC(7) Humongous regions: 0->0
[2022-04-23T13:10:52.059+0800][gc,metaspace ] GC(7) Metaspace: 9145K->9145K(1058816K)
[2022-04-23T13:10:52.059+0800][gc           ] GC(7) Pause Young (Normal) (G1 Evacuation Pause) 32M->8M(512M) 46.726ms
[2022-04-23T13:10:52.059+0800][gc,cpu       ] GC(7) User=0.01s Sys=0.04s Real=0.04s
[2022-04-23T13:18:34.650+0800][gc,start     ] GC(8) Pause Young (Normal) (G1 Evacuation Pause)
[2022-04-23T13:18:34.651+0800][gc,task      ] GC(8) Using 8 workers of 8 for evacuation
[2022-04-23T13:18:34.666+0800][gc,phases    ] GC(8)   Pre Evacuate Collection Set: 0.7ms
[2022-04-23T13:18:34.666+0800][gc,phases    ] GC(8)   Evacuate Collection Set: 12.7ms
[2022-04-23T13:18:34.666+0800][gc,phases    ] GC(8)   Post Evacuate Collection Set: 1.1ms
[2022-04-23T13:18:34.666+0800][gc,phases    ] GC(8)   Other: 2.0ms
[2022-04-23T13:18:34.666+0800][gc,heap      ] GC(8) Eden regions: 24->0(24)
[2022-04-23T13:18:34.666+0800][gc,heap      ] GC(8) Survivor regions: 1->1(4)
[2022-04-23T13:18:34.666+0800][gc,heap      ] GC(8) Old regions: 8->8
[2022-04-23T13:18:34.666+0800][gc,heap      ] GC(8) Archive regions: 2->2
[2022-04-23T13:18:34.666+0800][gc,heap      ] GC(8) Humongous regions: 0->0
[2022-04-23T13:18:34.666+0800][gc,metaspace ] GC(8) Metaspace: 9148K->9148K(1058816K)
[2022-04-23T13:18:34.666+0800][gc           ] GC(8) Pause Young (Normal) (G1 Evacuation Pause) 32M->8M(512M) 16.691ms
[2022-04-23T13:18:34.666+0800][gc,cpu       ] GC(8) User=0.01s Sys=0.02s Real=0.01s
[2022-04-23T13:27:58.992+0800][gc,start     ] GC(9) Pause Young (Normal) (G1 Evacuation Pause)
[2022-04-23T13:27:59.011+0800][gc,task      ] GC(9) Using 8 workers of 8 for evacuation
[2022-04-23T13:27:59.052+0800][gc,mmu       ] GC(9) MMU target violated: 21.0ms (20.0ms/21.0ms)
[2022-04-23T13:27:59.052+0800][gc,phases    ] GC(9)   Pre Evacuate Collection Set: 0.7ms
[2022-04-23T13:27:59.052+0800][gc,phases    ] GC(9)   Evacuate Collection Set: 32.1ms
[2022-04-23T13:27:59.052+0800][gc,phases    ] GC(9)   Post Evacuate Collection Set: 5.0ms
[2022-04-23T13:27:59.052+0800][gc,phases    ] GC(9)   Other: 21.9ms
[2022-04-23T13:27:59.052+0800][gc,heap      ] GC(9) Eden regions: 24->0(24)
[2022-04-23T13:27:59.052+0800][gc,heap      ] GC(9) Survivor regions: 1->1(4)
[2022-04-23T13:27:59.052+0800][gc,heap      ] GC(9) Old regions: 8->8
[2022-04-23T13:27:59.052+0800][gc,heap      ] GC(9) Archive regions: 2->2
[2022-04-23T13:27:59.052+0800][gc,heap      ] GC(9) Humongous regions: 0->0
[2022-04-23T13:27:59.052+0800][gc,metaspace ] GC(9) Metaspace: 9153K->9153K(1058816K)
[2022-04-23T13:27:59.052+0800][gc           ] GC(9) Pause Young (Normal) (G1 Evacuation Pause) 32M->8M(512M) 59.825ms
[2022-04-23T13:27:59.052+0800][gc,cpu       ] GC(9) User=0.01s Sys=0.04s Real=0.06s
[2022-04-23T13:36:13.123+0800][gc,start     ] GC(10) Pause Young (Normal) (G1 Evacuation Pause)
[2022-04-23T13:36:13.124+0800][gc,task      ] GC(10) Using 8 workers of 8 for evacuation
[2022-04-23T13:36:13.179+0800][gc,mmu       ] GC(10) MMU target violated: 21.0ms (20.0ms/21.0ms)
[2022-04-23T13:36:13.179+0800][gc,phases    ] GC(10)   Pre Evacuate Collection Set: 0.6ms
[2022-04-23T13:36:13.179+0800][gc,phases    ] GC(10)   Evacuate Collection Set: 52.9ms
[2022-04-23T13:36:13.179+0800][gc,phases    ] GC(10)   Post Evacuate Collection Set: 1.1ms
[2022-04-23T13:36:13.179+0800][gc,phases    ] GC(10)   Other: 2.0ms
[2022-04-23T13:36:13.179+0800][gc,heap      ] GC(10) Eden regions: 24->0(24)
[2022-04-23T13:36:13.179+0800][gc,heap      ] GC(10) Survivor regions: 1->1(4)
[2022-04-23T13:36:13.179+0800][gc,heap      ] GC(10) Old regions: 8->8
[2022-04-23T13:36:13.179+0800][gc,heap      ] GC(10) Archive regions: 2->2
[2022-04-23T13:36:13.179+0800][gc,heap      ] GC(10) Humongous regions: 0->0
[2022-04-23T13:36:13.179+0800][gc,metaspace ] GC(10) Metaspace: 9154K->9154K(1058816K)
[2022-04-23T13:36:13.179+0800][gc           ] GC(10) Pause Young (Normal) (G1 Evacuation Pause) 32M->8M(512M) 56.528ms
[2022-04-23T13:36:13.179+0800][gc,cpu       ] GC(10) User=0.02s Sys=0.04s Real=0.05s
[2022-04-23T13:45:46.747+0800][gc,start     ] GC(11) Pause Young (Normal) (G1 Evacuation Pause)
[2022-04-23T13:45:46.750+0800][gc,task      ] GC(11) Using 8 workers of 8 for evacuation
[2022-04-23T13:45:46.813+0800][gc,mmu       ] GC(11) MMU target violated: 21.0ms (20.0ms/21.0ms)
[2022-04-23T13:45:47.150+0800][gc,phases    ] GC(11)   Pre Evacuate Collection Set: 3.2ms
[2022-04-23T13:45:47.150+0800][gc,phases    ] GC(11)   Evacuate Collection Set: 49.9ms
[2022-04-23T13:45:47.150+0800][gc,phases    ] GC(11)   Post Evacuate Collection Set: 3.9ms
[2022-04-23T13:45:47.150+0800][gc,phases    ] GC(11)   Other: 345.6ms
[2022-04-23T13:45:47.150+0800][gc,heap      ] GC(11) Eden regions: 24->0(24)
[2022-04-23T13:45:47.150+0800][gc,heap      ] GC(11) Survivor regions: 1->1(4)
[2022-04-23T13:45:47.150+0800][gc,heap      ] GC(11) Old regions: 8->8
[2022-04-23T13:45:47.150+0800][gc,heap      ] GC(11) Archive regions: 2->2
[2022-04-23T13:45:47.150+0800][gc,heap      ] GC(11) Humongous regions: 0->0
[2022-04-23T13:45:47.150+0800][gc,metaspace ] GC(11) Metaspace: 9155K->9155K(1058816K)
[2022-04-23T13:45:47.150+0800][gc           ] GC(11) Pause Young (Normal) (G1 Evacuation Pause) 32M->8M(512M) 402.929ms
[2022-04-23T13:45:47.150+0800][gc,cpu       ] GC(11) User=0.01s Sys=0.03s Real=0.41s
[2022-04-23T13:54:41.045+0800][gc,start     ] GC(12) Pause Young (Normal) (G1 Evacuation Pause)
[2022-04-23T13:54:41.046+0800][gc,task      ] GC(12) Using 8 workers of 8 for evacuation
[2022-04-23T13:54:41.100+0800][gc,mmu       ] GC(12) MMU target violated: 21.0ms (20.0ms/21.0ms)
[2022-04-23T13:54:41.100+0800][gc,phases    ] GC(12)   Pre Evacuate Collection Set: 1.3ms
[2022-04-23T13:54:41.100+0800][gc,phases    ] GC(12)   Evacuate Collection Set: 47.2ms
[2022-04-23T13:54:41.100+0800][gc,phases    ] GC(12)   Post Evacuate Collection Set: 1.4ms
[2022-04-23T13:54:41.100+0800][gc,phases    ] GC(12)   Other: 6.2ms
[2022-04-23T13:54:41.100+0800][gc,heap      ] GC(12) Eden regions: 24->0(24)
[2022-04-23T13:54:41.100+0800][gc,heap      ] GC(12) Survivor regions: 1->1(4)
[2022-04-23T13:54:41.100+0800][gc,heap      ] GC(12) Old regions: 8->8
[2022-04-23T13:54:41.100+0800][gc,heap      ] GC(12) Archive regions: 2->2
[2022-04-23T13:54:41.100+0800][gc,heap      ] GC(12) Humongous regions: 0->0
[2022-04-23T13:54:41.100+0800][gc,metaspace ] GC(12) Metaspace: 9155K->9155K(1058816K)
[2022-04-23T13:54:41.100+0800][gc           ] GC(12) Pause Young (Normal) (G1 Evacuation Pause) 32M->8M(512M) 54.961ms
[2022-04-23T13:54:41.100+0800][gc,cpu       ] GC(12) User=0.03s Sys=0.04s Real=0.06s
[2022-04-23T14:02:51.610+0800][gc,start     ] GC(13) Pause Young (Normal) (G1 Evacuation Pause)
[2022-04-23T14:02:51.611+0800][gc,task      ] GC(13) Using 8 workers of 8 for evacuation
[2022-04-23T14:02:51.655+0800][gc,mmu       ] GC(13) MMU target violated: 21.0ms (20.0ms/21.0ms)
[2022-04-23T14:02:51.655+0800][gc,phases    ] GC(13)   Pre Evacuate Collection Set: 0.2ms
[2022-04-23T14:02:51.655+0800][gc,phases    ] GC(13)   Evacuate Collection Set: 39.1ms
[2022-04-23T14:02:51.655+0800][gc,phases    ] GC(13)   Post Evacuate Collection Set: 0.8ms
[2022-04-23T14:02:51.655+0800][gc,phases    ] GC(13)   Other: 4.9ms
[2022-04-23T14:02:51.655+0800][gc,heap      ] GC(13) Eden regions: 24->0(24)
[2022-04-23T14:02:51.655+0800][gc,heap      ] GC(13) Survivor regions: 1->1(4)
[2022-04-23T14:02:51.655+0800][gc,heap      ] GC(13) Old regions: 8->8
[2022-04-23T14:02:51.655+0800][gc,heap      ] GC(13) Archive regions: 2->2
[2022-04-23T14:02:51.655+0800][gc,heap      ] GC(13) Humongous regions: 0->0
[2022-04-23T14:02:51.655+0800][gc,metaspace ] GC(13) Metaspace: 9155K->9155K(1058816K)
[2022-04-23T14:02:51.655+0800][gc           ] GC(13) Pause Young (Normal) (G1 Evacuation Pause) 32M->8M(512M) 44.979ms
[2022-04-23T14:02:51.655+0800][gc,cpu       ] GC(13) User=0.02s Sys=0.04s Real=0.04s
[2022-04-23T14:11:08.484+0800][gc,start     ] GC(14) Pause Young (Normal) (G1 Evacuation Pause)
[2022-04-23T14:11:08.485+0800][gc,task      ] GC(14) Using 8 workers of 8 for evacuation
[2022-04-23T14:11:08.561+0800][gc,mmu       ] GC(14) MMU target violated: 21.0ms (20.0ms/21.0ms)
[2022-04-23T14:11:08.562+0800][gc,phases    ] GC(14)   Pre Evacuate Collection Set: 0.6ms
[2022-04-23T14:11:08.562+0800][gc,phases    ] GC(14)   Evacuate Collection Set: 66.5ms
[2022-04-23T14:11:08.562+0800][gc,phases    ] GC(14)   Post Evacuate Collection Set: 6.1ms
[2022-04-23T14:11:08.562+0800][gc,phases    ] GC(14)   Other: 5.0ms
[2022-04-23T14:11:08.562+0800][gc,heap      ] GC(14) Eden regions: 24->0(24)
[2022-04-23T14:11:08.562+0800][gc,heap      ] GC(14) Survivor regions: 1->1(4)
[2022-04-23T14:11:08.562+0800][gc,heap      ] GC(14) Old regions: 8->8
[2022-04-23T14:11:08.562+0800][gc,heap      ] GC(14) Archive regions: 2->2
[2022-04-23T14:11:08.562+0800][gc,heap      ] GC(14) Humongous regions: 0->0
[2022-04-23T14:11:08.562+0800][gc,metaspace ] GC(14) Metaspace: 9160K->9160K(1058816K)
[2022-04-23T14:11:08.562+0800][gc           ] GC(14) Pause Young (Normal) (G1 Evacuation Pause) 32M->8M(512M) 77.660ms
[2022-04-23T14:11:08.562+0800][gc,cpu       ] GC(14) User=0.03s Sys=0.05s Real=0.08s
[2022-04-23T14:19:17.994+0800][gc,start     ] GC(15) Pause Young (Normal) (G1 Evacuation Pause)
[2022-04-23T14:19:17.996+0800][gc,task      ] GC(15) Using 8 workers of 8 for evacuation
[2022-04-23T14:19:18.061+0800][gc,mmu       ] GC(15) MMU target violated: 21.0ms (20.0ms/21.0ms)
[2022-04-23T14:19:18.062+0800][gc,phases    ] GC(15)   Pre Evacuate Collection Set: 0.1ms
[2022-04-23T14:19:18.062+0800][gc,phases    ] GC(15)   Evacuate Collection Set: 57.6ms
[2022-04-23T14:19:18.062+0800][gc,phases    ] GC(15)   Post Evacuate Collection Set: 5.4ms
[2022-04-23T14:19:18.062+0800][gc,phases    ] GC(15)   Other: 4.0ms
[2022-04-23T14:19:18.062+0800][gc,heap      ] GC(15) Eden regions: 24->0(24)
[2022-04-23T14:19:18.062+0800][gc,heap      ] GC(15) Survivor regions: 1->1(4)
[2022-04-23T14:19:18.062+0800][gc,heap      ] GC(15) Old regions: 8->8
[2022-04-23T14:19:18.062+0800][gc,heap      ] GC(15) Archive regions: 2->2
[2022-04-23T14:19:18.062+0800][gc,heap      ] GC(15) Humongous regions: 0->0
[2022-04-23T14:19:18.062+0800][gc,metaspace ] GC(15) Metaspace: 9160K->9160K(1058816K)
[2022-04-23T14:19:18.062+0800][gc           ] GC(15) Pause Young (Normal) (G1 Evacuation Pause) 32M->8M(512M) 67.305ms
[2022-04-23T14:19:18.062+0800][gc,cpu       ] GC(15) User=0.04s Sys=0.06s Real=0.07s
[2022-04-23T14:27:30.983+0800][gc,start     ] GC(16) Pause Young (Normal) (G1 Evacuation Pause)
[2022-04-23T14:27:30.984+0800][gc,task      ] GC(16) Using 8 workers of 8 for evacuation
[2022-04-23T14:27:31.022+0800][gc,mmu       ] GC(16) MMU target violated: 21.0ms (20.0ms/21.0ms)
[2022-04-23T14:27:31.022+0800][gc,phases    ] GC(16)   Pre Evacuate Collection Set: 0.1ms
[2022-04-23T14:27:31.022+0800][gc,phases    ] GC(16)   Evacuate Collection Set: 30.5ms
[2022-04-23T14:27:31.022+0800][gc,phases    ] GC(16)   Post Evacuate Collection Set: 4.6ms
[2022-04-23T14:27:31.022+0800][gc,phases    ] GC(16)   Other: 4.4ms
[2022-04-23T14:27:31.022+0800][gc,heap      ] GC(16) Eden regions: 24->0(24)
[2022-04-23T14:27:31.022+0800][gc,heap      ] GC(16) Survivor regions: 1->1(4)
[2022-04-23T14:27:31.022+0800][gc,heap      ] GC(16) Old regions: 8->8
[2022-04-23T14:27:31.022+0800][gc,heap      ] GC(16) Archive regions: 2->2
[2022-04-23T14:27:31.022+0800][gc,heap      ] GC(16) Humongous regions: 0->0
[2022-04-23T14:27:31.022+0800][gc,metaspace ] GC(16) Metaspace: 9160K->9160K(1058816K)
[2022-04-23T14:27:31.022+0800][gc           ] GC(16) Pause Young (Normal) (G1 Evacuation Pause) 32M->8M(512M) 39.658ms
[2022-04-23T14:27:31.022+0800][gc,cpu       ] GC(16) User=0.02s Sys=0.04s Real=0.04s
[2022-04-23T14:35:25.995+0800][gc,start     ] GC(17) Pause Young (Normal) (G1 Evacuation Pause)
[2022-04-23T14:35:25.996+0800][gc,task      ] GC(17) Using 8 workers of 8 for evacuation
[2022-04-23T14:35:26.029+0800][gc,mmu       ] GC(17) MMU target violated: 21.0ms (20.0ms/21.0ms)
[2022-04-23T14:35:26.029+0800][gc,phases    ] GC(17)   Pre Evacuate Collection Set: 0.1ms
[2022-04-23T14:35:26.029+0800][gc,phases    ] GC(17)   Evacuate Collection Set: 29.2ms
[2022-04-23T14:35:26.029+0800][gc,phases    ] GC(17)   Post Evacuate Collection Set: 0.9ms
[2022-04-23T14:35:26.029+0800][gc,phases    ] GC(17)   Other: 4.7ms
[2022-04-23T14:35:26.029+0800][gc,heap      ] GC(17) Eden regions: 24->0(24)
[2022-04-23T14:35:26.029+0800][gc,heap      ] GC(17) Survivor regions: 1->1(4)
[2022-04-23T14:35:26.029+0800][gc,heap      ] GC(17) Old regions: 8->8
[2022-04-23T14:35:26.030+0800][gc,heap      ] GC(17) Archive regions: 2->2
[2022-04-23T14:35:26.030+0800][gc,heap      ] GC(17) Humongous regions: 0->0
[2022-04-23T14:35:26.030+0800][gc,metaspace ] GC(17) Metaspace: 9160K->9160K(1058816K)
[2022-04-23T14:35:26.030+0800][gc           ] GC(17) Pause Young (Normal) (G1 Evacuation Pause) 32M->8M(512M) 35.015ms
[2022-04-23T14:35:26.030+0800][gc,cpu       ] GC(17) User=0.02s Sys=0.03s Real=0.04s
[2022-04-23T14:43:08.534+0800][gc,start     ] GC(18) Pause Young (Normal) (G1 Evacuation Pause)
[2022-04-23T14:43:08.567+0800][gc,task      ] GC(18) Using 8 workers of 8 for evacuation
[2022-04-23T14:43:08.607+0800][gc,mmu       ] GC(18) MMU target violated: 21.0ms (20.0ms/21.0ms)
[2022-04-23T14:43:08.607+0800][gc,phases    ] GC(18)   Pre Evacuate Collection Set: 0.8ms
[2022-04-23T14:43:08.607+0800][gc,phases    ] GC(18)   Evacuate Collection Set: 30.7ms
[2022-04-23T14:43:08.607+0800][gc,phases    ] GC(18)   Post Evacuate Collection Set: 3.5ms
[2022-04-23T14:43:08.607+0800][gc,phases    ] GC(18)   Other: 37.7ms
[2022-04-23T14:43:08.607+0800][gc,heap      ] GC(18) Eden regions: 24->0(24)
[2022-04-23T14:43:08.607+0800][gc,heap      ] GC(18) Survivor regions: 1->1(4)
[2022-04-23T14:43:08.607+0800][gc,heap      ] GC(18) Old regions: 8->8
[2022-04-23T14:43:08.607+0800][gc,heap      ] GC(18) Archive regions: 2->2
[2022-04-23T14:43:08.607+0800][gc,heap      ] GC(18) Humongous regions: 0->0
[2022-04-23T14:43:08.607+0800][gc,metaspace ] GC(18) Metaspace: 9160K->9160K(1058816K)
[2022-04-23T14:43:08.607+0800][gc           ] GC(18) Pause Young (Normal) (G1 Evacuation Pause) 32M->8M(512M) 72.771ms
[2022-04-23T14:43:08.607+0800][gc,cpu       ] GC(18) User=0.01s Sys=0.04s Real=0.07s
[2022-04-23T14:52:16.818+0800][gc,start     ] GC(19) Pause Young (Normal) (G1 Evacuation Pause)
[2022-04-23T14:52:16.829+0800][gc,task      ] GC(19) Using 8 workers of 8 for evacuation
[2022-04-23T14:52:16.857+0800][gc,mmu       ] GC(19) MMU target violated: 21.0ms (20.0ms/21.0ms)
[2022-04-23T14:52:16.857+0800][gc,phases    ] GC(19)   Pre Evacuate Collection Set: 0.6ms
[2022-04-23T14:52:16.857+0800][gc,phases    ] GC(19)   Evacuate Collection Set: 24.1ms
[2022-04-23T14:52:16.857+0800][gc,phases    ] GC(19)   Post Evacuate Collection Set: 1.1ms
[2022-04-23T14:52:16.857+0800][gc,phases    ] GC(19)   Other: 13.7ms
[2022-04-23T14:52:16.857+0800][gc,heap      ] GC(19) Eden regions: 24->0(24)
[2022-04-23T14:52:16.857+0800][gc,heap      ] GC(19) Survivor regions: 1->1(4)
[2022-04-23T14:52:16.857+0800][gc,heap      ] GC(19) Old regions: 8->8
[2022-04-23T14:52:16.857+0800][gc,heap      ] GC(19) Archive regions: 2->2
[2022-04-23T14:52:16.857+0800][gc,heap      ] GC(19) Humongous regions: 0->0
[2022-04-23T14:52:16.857+0800][gc,metaspace ] GC(19) Metaspace: 9160K->9160K(1058816K)
[2022-04-23T14:52:16.857+0800][gc           ] GC(19) Pause Young (Normal) (G1 Evacuation Pause) 32M->8M(512M) 39.507ms
[2022-04-23T14:52:16.857+0800][gc,cpu       ] GC(19) User=0.02s Sys=0.04s Real=0.04s
[2022-04-23T14:59:06.550+0800][gc,start     ] GC(20) Pause Young (Normal) (G1 Evacuation Pause)
[2022-04-23T14:59:06.551+0800][gc,task      ] GC(20) Using 8 workers of 8 for evacuation
[2022-04-23T14:59:06.599+0800][gc,mmu       ] GC(20) MMU target violated: 21.0ms (20.0ms/21.0ms)
[2022-04-23T14:59:06.599+0800][gc,phases    ] GC(20)   Pre Evacuate Collection Set: 0.1ms
[2022-04-23T14:59:06.599+0800][gc,phases    ] GC(20)   Evacuate Collection Set: 39.8ms
[2022-04-23T14:59:06.599+0800][gc,phases    ] GC(20)   Post Evacuate Collection Set: 1.3ms
[2022-04-23T14:59:06.599+0800][gc,phases    ] GC(20)   Other: 7.9ms
[2022-04-23T14:59:06.599+0800][gc,heap      ] GC(20) Eden regions: 24->0(24)
[2022-04-23T14:59:06.599+0800][gc,heap      ] GC(20) Survivor regions: 1->1(4)
[2022-04-23T14:59:06.599+0800][gc,heap      ] GC(20) Old regions: 8->8
[2022-04-23T14:59:06.599+0800][gc,heap      ] GC(20) Archive regions: 2->2
[2022-04-23T14:59:06.599+0800][gc,heap      ] GC(20) Humongous regions: 0->0
[2022-04-23T14:59:06.599+0800][gc,metaspace ] GC(20) Metaspace: 9160K->9160K(1058816K)
[2022-04-23T14:59:06.600+0800][gc           ] GC(20) Pause Young (Normal) (G1 Evacuation Pause) 32M->8M(512M) 49.284ms
[2022-04-23T14:59:06.600+0800][gc,cpu       ] GC(20) User=0.02s Sys=0.03s Real=0.05s
[2022-04-23T15:06:05.323+0800][gc,start     ] GC(21) Pause Young (Normal) (G1 Evacuation Pause)
[2022-04-23T15:06:05.324+0800][gc,task      ] GC(21) Using 8 workers of 8 for evacuation
[2022-04-23T15:06:05.338+0800][gc,phases    ] GC(21)   Pre Evacuate Collection Set: 0.5ms
[2022-04-23T15:06:05.338+0800][gc,phases    ] GC(21)   Evacuate Collection Set: 10.7ms
[2022-04-23T15:06:05.338+0800][gc,phases    ] GC(21)   Post Evacuate Collection Set: 1.4ms
[2022-04-23T15:06:05.338+0800][gc,phases    ] GC(21)   Other: 3.3ms
[2022-04-23T15:06:05.338+0800][gc,heap      ] GC(21) Eden regions: 24->0(24)
[2022-04-23T15:06:05.338+0800][gc,heap      ] GC(21) Survivor regions: 1->1(4)
[2022-04-23T15:06:05.339+0800][gc,heap      ] GC(21) Old regions: 8->8
[2022-04-23T15:06:05.339+0800][gc,heap      ] GC(21) Archive regions: 2->2
[2022-04-23T15:06:05.339+0800][gc,heap      ] GC(21) Humongous regions: 0->0
[2022-04-23T15:06:05.339+0800][gc,metaspace ] GC(21) Metaspace: 9160K->9160K(1058816K)
[2022-04-23T15:06:05.339+0800][gc           ] GC(21) Pause Young (Normal) (G1 Evacuation Pause) 32M->8M(512M) 15.676ms
[2022-04-23T15:06:05.339+0800][gc,cpu       ] GC(21) User=0.00s Sys=0.02s Real=0.01s
[2022-04-23T15:13:07.479+0800][gc,start     ] GC(22) Pause Young (Normal) (G1 Evacuation Pause)
[2022-04-23T15:13:07.482+0800][gc,task      ] GC(22) Using 8 workers of 8 for evacuation
[2022-04-23T15:13:07.499+0800][gc,phases    ] GC(22)   Pre Evacuate Collection Set: 0.1ms
[2022-04-23T15:13:07.499+0800][gc,phases    ] GC(22)   Evacuate Collection Set: 10.0ms
[2022-04-23T15:13:07.499+0800][gc,phases    ] GC(22)   Post Evacuate Collection Set: 4.5ms
[2022-04-23T15:13:07.499+0800][gc,phases    ] GC(22)   Other: 5.7ms
[2022-04-23T15:13:07.499+0800][gc,heap      ] GC(22) Eden regions: 24->0(24)
[2022-04-23T15:13:07.499+0800][gc,heap      ] GC(22) Survivor regions: 1->1(4)
[2022-04-23T15:13:07.499+0800][gc,heap      ] GC(22) Old regions: 8->8
[2022-04-23T15:13:07.499+0800][gc,heap      ] GC(22) Archive regions: 2->2
[2022-04-23T15:13:07.499+0800][gc,heap      ] GC(22) Humongous regions: 0->0
[2022-04-23T15:13:07.499+0800][gc,metaspace ] GC(22) Metaspace: 9160K->9160K(1058816K)
[2022-04-23T15:13:07.500+0800][gc           ] GC(22) Pause Young (Normal) (G1 Evacuation Pause) 32M->8M(512M) 20.049ms
[2022-04-23T15:13:07.500+0800][gc,cpu       ] GC(22) User=0.01s Sys=0.03s Real=0.03s
[2022-04-23T15:20:13.896+0800][gc,start     ] GC(23) Pause Young (Normal) (G1 Evacuation Pause)
[2022-04-23T15:20:13.909+0800][gc,task      ] GC(23) Using 8 workers of 8 for evacuation
[2022-04-23T15:20:13.929+0800][gc,mmu       ] GC(23) MMU target violated: 20.6ms (20.0ms/21.0ms)
[2022-04-23T15:20:13.930+0800][gc,phases    ] GC(23)   Pre Evacuate Collection Set: 0.2ms
[2022-04-23T15:20:13.930+0800][gc,phases    ] GC(23)   Evacuate Collection Set: 18.1ms
[2022-04-23T15:20:13.930+0800][gc,phases    ] GC(23)   Post Evacuate Collection Set: 0.7ms
[2022-04-23T15:20:13.930+0800][gc,phases    ] GC(23)   Other: 14.7ms
[2022-04-23T15:20:13.930+0800][gc,heap      ] GC(23) Eden regions: 24->0(24)
[2022-04-23T15:20:13.930+0800][gc,heap      ] GC(23) Survivor regions: 1->1(4)
[2022-04-23T15:20:13.930+0800][gc,heap      ] GC(23) Old regions: 8->8
[2022-04-23T15:20:13.930+0800][gc,heap      ] GC(23) Archive regions: 2->2
[2022-04-23T15:20:13.930+0800][gc,heap      ] GC(23) Humongous regions: 0->0
[2022-04-23T15:20:13.930+0800][gc,metaspace ] GC(23) Metaspace: 9160K->9160K(1058816K)
[2022-04-23T15:20:13.930+0800][gc           ] GC(23) Pause Young (Normal) (G1 Evacuation Pause) 32M->8M(512M) 33.853ms
[2022-04-23T15:20:13.930+0800][gc,cpu       ] GC(23) User=0.01s Sys=0.03s Real=0.04s
[2022-04-23T15:27:13.064+0800][gc,start     ] GC(24) Pause Young (Normal) (G1 Evacuation Pause)
[2022-04-23T15:27:13.081+0800][gc,task      ] GC(24) Using 8 workers of 8 for evacuation
[2022-04-23T15:27:13.111+0800][gc,mmu       ] GC(24) MMU target violated: 21.0ms (20.0ms/21.0ms)
[2022-04-23T15:27:13.111+0800][gc,phases    ] GC(24)   Pre Evacuate Collection Set: 0.1ms
[2022-04-23T15:27:13.111+0800][gc,phases    ] GC(24)   Evacuate Collection Set: 23.5ms
[2022-04-23T15:27:13.111+0800][gc,phases    ] GC(24)   Post Evacuate Collection Set: 2.1ms
[2022-04-23T15:27:13.112+0800][gc,phases    ] GC(24)   Other: 22.3ms
[2022-04-23T15:27:13.112+0800][gc,heap      ] GC(24) Eden regions: 24->0(24)
[2022-04-23T15:27:13.112+0800][gc,heap      ] GC(24) Survivor regions: 1->1(4)
[2022-04-23T15:27:13.112+0800][gc,heap      ] GC(24) Old regions: 8->8
[2022-04-23T15:27:13.112+0800][gc,heap      ] GC(24) Archive regions: 2->2
[2022-04-23T15:27:13.112+0800][gc,heap      ] GC(24) Humongous regions: 0->0
[2022-04-23T15:27:13.112+0800][gc,metaspace ] GC(24) Metaspace: 9160K->9160K(1058816K)
[2022-04-23T15:27:13.112+0800][gc           ] GC(24) Pause Young (Normal) (G1 Evacuation Pause) 32M->8M(512M) 47.312ms
[2022-04-23T15:27:13.112+0800][gc,cpu       ] GC(24) User=0.01s Sys=0.03s Real=0.05s
[2022-04-23T15:34:08.278+0800][gc,start     ] GC(25) Pause Young (Normal) (G1 Evacuation Pause)
[2022-04-23T15:34:08.279+0800][gc,task      ] GC(25) Using 8 workers of 8 for evacuation
[2022-04-23T15:34:08.296+0800][gc,phases    ] GC(25)   Pre Evacuate Collection Set: 0.2ms
[2022-04-23T15:34:08.296+0800][gc,phases    ] GC(25)   Evacuate Collection Set: 11.5ms
[2022-04-23T15:34:08.296+0800][gc,phases    ] GC(25)   Post Evacuate Collection Set: 1.6ms
[2022-04-23T15:34:08.296+0800][gc,phases    ] GC(25)   Other: 4.0ms
[2022-04-23T15:34:08.296+0800][gc,heap      ] GC(25) Eden regions: 24->0(24)
[2022-04-23T15:34:08.296+0800][gc,heap      ] GC(25) Survivor regions: 1->1(4)
[2022-04-23T15:34:08.296+0800][gc,heap      ] GC(25) Old regions: 8->8
[2022-04-23T15:34:08.296+0800][gc,heap      ] GC(25) Archive regions: 2->2
[2022-04-23T15:34:08.296+0800][gc,heap      ] GC(25) Humongous regions: 0->0
[2022-04-23T15:34:08.296+0800][gc,metaspace ] GC(25) Metaspace: 9160K->9160K(1058816K)
[2022-04-23T15:34:08.296+0800][gc           ] GC(25) Pause Young (Normal) (G1 Evacuation Pause) 32M->8M(512M) 17.706ms
[2022-04-23T15:34:08.296+0800][gc,cpu       ] GC(25) User=0.00s Sys=0.03s Real=0.02s
[2022-04-23T15:41:07.188+0800][gc,start     ] GC(26) Pause Young (Normal) (G1 Evacuation Pause)
[2022-04-23T15:41:07.188+0800][gc,task      ] GC(26) Using 8 workers of 8 for evacuation
[2022-04-23T15:41:07.210+0800][gc,mmu       ] GC(26) MMU target violated: 21.0ms (20.0ms/21.0ms)
[2022-04-23T15:41:07.210+0800][gc,phases    ] GC(26)   Pre Evacuate Collection Set: 0.1ms
[2022-04-23T15:41:07.210+0800][gc,phases    ] GC(26)   Evacuate Collection Set: 18.6ms
[2022-04-23T15:41:07.210+0800][gc,phases    ] GC(26)   Post Evacuate Collection Set: 2.4ms
[2022-04-23T15:41:07.210+0800][gc,phases    ] GC(26)   Other: 1.8ms
[2022-04-23T15:41:07.210+0800][gc,heap      ] GC(26) Eden regions: 24->0(24)
[2022-04-23T15:41:07.211+0800][gc,heap      ] GC(26) Survivor regions: 1->1(4)
[2022-04-23T15:41:07.211+0800][gc,heap      ] GC(26) Old regions: 8->8
[2022-04-23T15:41:07.211+0800][gc,heap      ] GC(26) Archive regions: 2->2
[2022-04-23T15:41:07.211+0800][gc,heap      ] GC(26) Humongous regions: 0->0
[2022-04-23T15:41:07.211+0800][gc,metaspace ] GC(26) Metaspace: 9163K->9163K(1058816K)
[2022-04-23T15:41:07.211+0800][gc           ] GC(26) Pause Young (Normal) (G1 Evacuation Pause) 32M->8M(512M) 22.959ms
[2022-04-23T15:41:07.211+0800][gc,cpu       ] GC(26) User=0.01s Sys=0.02s Real=0.03s
[2022-04-23T15:48:05.309+0800][gc,start     ] GC(27) Pause Young (Normal) (G1 Evacuation Pause)
[2022-04-23T15:48:05.309+0800][gc,task      ] GC(27) Using 8 workers of 8 for evacuation
[2022-04-23T15:48:05.332+0800][gc,mmu       ] GC(27) MMU target violated: 21.0ms (20.0ms/21.0ms)
[2022-04-23T15:48:05.332+0800][gc,phases    ] GC(27)   Pre Evacuate Collection Set: 0.1ms
[2022-04-23T15:48:05.332+0800][gc,phases    ] GC(27)   Evacuate Collection Set: 20.3ms
[2022-04-23T15:48:05.332+0800][gc,phases    ] GC(27)   Post Evacuate Collection Set: 1.0ms
[2022-04-23T15:48:05.332+0800][gc,phases    ] GC(27)   Other: 2.1ms
[2022-04-23T15:48:05.333+0800][gc,heap      ] GC(27) Eden regions: 24->0(25)
[2022-04-23T15:48:05.333+0800][gc,heap      ] GC(27) Survivor regions: 1->1(4)
[2022-04-23T15:48:05.333+0800][gc,heap      ] GC(27) Old regions: 8->8
[2022-04-23T15:48:05.333+0800][gc,heap      ] GC(27) Archive regions: 2->2
[2022-04-23T15:48:05.333+0800][gc,heap      ] GC(27) Humongous regions: 0->0
[2022-04-23T15:48:05.333+0800][gc,metaspace ] GC(27) Metaspace: 9163K->9163K(1058816K)
[2022-04-23T15:48:05.333+0800][gc           ] GC(27) Pause Young (Normal) (G1 Evacuation Pause) 32M->8M(512M) 23.619ms
[2022-04-23T15:48:05.333+0800][gc,cpu       ] GC(27) User=0.01s Sys=0.02s Real=0.03s
[2022-04-23T15:55:19.954+0800][gc,start     ] GC(28) Pause Young (Normal) (G1 Evacuation Pause)
[2022-04-23T15:55:19.968+0800][gc,task      ] GC(28) Using 8 workers of 8 for evacuation
[2022-04-23T15:55:19.978+0800][gc,phases    ] GC(28)   Pre Evacuate Collection Set: 1.6ms
[2022-04-23T15:55:19.978+0800][gc,phases    ] GC(28)   Evacuate Collection Set: 6.5ms
[2022-04-23T15:55:19.978+0800][gc,phases    ] GC(28)   Post Evacuate Collection Set: 1.1ms
[2022-04-23T15:55:19.978+0800][gc,phases    ] GC(28)   Other: 15.5ms
[2022-04-23T15:55:19.978+0800][gc,heap      ] GC(28) Eden regions: 25->0(27)
[2022-04-23T15:55:19.978+0800][gc,heap      ] GC(28) Survivor regions: 1->1(4)
[2022-04-23T15:55:19.978+0800][gc,heap      ] GC(28) Old regions: 8->8
[2022-04-23T15:55:19.978+0800][gc,heap      ] GC(28) Archive regions: 2->2
[2022-04-23T15:55:19.979+0800][gc,heap      ] GC(28) Humongous regions: 0->0
[2022-04-23T15:55:19.979+0800][gc,metaspace ] GC(28) Metaspace: 9163K->9163K(1058816K)
[2022-04-23T15:55:19.979+0800][gc           ] GC(28) Pause Young (Normal) (G1 Evacuation Pause) 33M->8M(512M) 24.847ms
[2022-04-23T15:55:19.979+0800][gc,cpu       ] GC(28) User=0.01s Sys=0.02s Real=0.02s
[2022-04-23T16:03:03.893+0800][gc,start     ] GC(29) Pause Young (Normal) (G1 Evacuation Pause)
[2022-04-23T16:03:03.906+0800][gc,task      ] GC(29) Using 8 workers of 8 for evacuation
[2022-04-23T16:03:03.918+0800][gc,phases    ] GC(29)   Pre Evacuate Collection Set: 0.2ms
[2022-04-23T16:03:03.919+0800][gc,phases    ] GC(29)   Evacuate Collection Set: 7.6ms
[2022-04-23T16:03:03.919+0800][gc,phases    ] GC(29)   Post Evacuate Collection Set: 2.1ms
[2022-04-23T16:03:03.919+0800][gc,phases    ] GC(29)   Other: 15.2ms
[2022-04-23T16:03:03.919+0800][gc,heap      ] GC(29) Eden regions: 27->0(32)
[2022-04-23T16:03:03.919+0800][gc,heap      ] GC(29) Survivor regions: 1->1(4)
[2022-04-23T16:03:03.919+0800][gc,heap      ] GC(29) Old regions: 8->8
[2022-04-23T16:03:03.919+0800][gc,heap      ] GC(29) Archive regions: 2->2
[2022-04-23T16:03:03.919+0800][gc,heap      ] GC(29) Humongous regions: 0->0
[2022-04-23T16:03:03.919+0800][gc,metaspace ] GC(29) Metaspace: 9163K->9163K(1058816K)
[2022-04-23T16:03:03.919+0800][gc           ] GC(29) Pause Young (Normal) (G1 Evacuation Pause) 35M->8M(512M) 25.431ms
[2022-04-23T16:03:03.919+0800][gc,cpu       ] GC(29) User=0.00s Sys=0.02s Real=0.02s
[2022-04-23T16:12:19.438+0800][gc,start     ] GC(30) Pause Young (Normal) (GCLocker Initiated GC)
[2022-04-23T16:12:19.439+0800][gc,task      ] GC(30) Using 8 workers of 8 for evacuation
[2022-04-23T16:12:19.448+0800][gc,phases    ] GC(30)   Pre Evacuate Collection Set: 0.1ms
[2022-04-23T16:12:19.448+0800][gc,phases    ] GC(30)   Evacuate Collection Set: 4.2ms
[2022-04-23T16:12:19.448+0800][gc,phases    ] GC(30)   Post Evacuate Collection Set: 1.8ms
[2022-04-23T16:12:19.448+0800][gc,phases    ] GC(30)   Other: 3.8ms
[2022-04-23T16:12:19.448+0800][gc,heap      ] GC(30) Eden regions: 33->0(42)
[2022-04-23T16:12:19.448+0800][gc,heap      ] GC(30) Survivor regions: 1->1(5)
[2022-04-23T16:12:19.448+0800][gc,heap      ] GC(30) Old regions: 8->8
[2022-04-23T16:12:19.448+0800][gc,heap      ] GC(30) Archive regions: 2->2
[2022-04-23T16:12:19.448+0800][gc,heap      ] GC(30) Humongous regions: 0->0
[2022-04-23T16:12:19.448+0800][gc,metaspace ] GC(30) Metaspace: 9163K->9163K(1058816K)
[2022-04-23T16:12:19.448+0800][gc           ] GC(30) Pause Young (Normal) (GCLocker Initiated GC) 40M->8M(512M) 10.298ms
[2022-04-23T16:12:19.448+0800][gc,cpu       ] GC(30) User=0.01s Sys=0.01s Real=0.01s
[2022-04-23T16:24:31.987+0800][gc,start     ] GC(31) Pause Young (Normal) (G1 Evacuation Pause)
[2022-04-23T16:24:31.988+0800][gc,task      ] GC(31) Using 8 workers of 8 for evacuation
[2022-04-23T16:24:32.057+0800][gc,mmu       ] GC(31) MMU target violated: 21.0ms (20.0ms/21.0ms)
[2022-04-23T16:24:32.058+0800][gc,phases    ] GC(31)   Pre Evacuate Collection Set: 0.1ms
[2022-04-23T16:24:32.058+0800][gc,phases    ] GC(31)   Evacuate Collection Set: 22.9ms
[2022-04-23T16:24:32.058+0800][gc,phases    ] GC(31)   Post Evacuate Collection Set: 39.2ms
[2022-04-23T16:24:32.058+0800][gc,phases    ] GC(31)   Other: 8.7ms
[2022-04-23T16:24:32.058+0800][gc,heap      ] GC(31) Eden regions: 42->0(24)
[2022-04-23T16:24:32.058+0800][gc,heap      ] GC(31) Survivor regions: 1->1(6)
[2022-04-23T16:24:32.058+0800][gc,heap      ] GC(31) Old regions: 8->8
[2022-04-23T16:24:32.058+0800][gc,heap      ] GC(31) Archive regions: 2->2
[2022-04-23T16:24:32.058+0800][gc,heap      ] GC(31) Humongous regions: 0->0
[2022-04-23T16:24:32.058+0800][gc,metaspace ] GC(31) Metaspace: 9167K->9167K(1058816K)
[2022-04-23T16:24:32.058+0800][gc           ] GC(31) Pause Young (Normal) (G1 Evacuation Pause) 50M->8M(512M) 70.913ms
[2022-04-23T16:24:32.058+0800][gc,cpu       ] GC(31) User=0.01s Sys=0.04s Real=0.07s
[2022-04-23T16:31:26.135+0800][gc,start     ] GC(32) Pause Young (Normal) (G1 Evacuation Pause)
[2022-04-23T16:31:26.138+0800][gc,task      ] GC(32) Using 8 workers of 8 for evacuation
[2022-04-23T16:31:26.161+0800][gc,mmu       ] GC(32) MMU target violated: 21.0ms (20.0ms/21.0ms)
[2022-04-23T16:31:26.161+0800][gc,phases    ] GC(32)   Pre Evacuate Collection Set: 0.8ms
[2022-04-23T16:31:26.161+0800][gc,phases    ] GC(32)   Evacuate Collection Set: 16.5ms
[2022-04-23T16:31:26.161+0800][gc,phases    ] GC(32)   Post Evacuate Collection Set: 2.0ms
[2022-04-23T16:31:26.161+0800][gc,phases    ] GC(32)   Other: 6.2ms
[2022-04-23T16:31:26.161+0800][gc,heap      ] GC(32) Eden regions: 24->0(24)
[2022-04-23T16:31:26.161+0800][gc,heap      ] GC(32) Survivor regions: 1->1(4)
[2022-04-23T16:31:26.161+0800][gc,heap      ] GC(32) Old regions: 8->8
[2022-04-23T16:31:26.161+0800][gc,heap      ] GC(32) Archive regions: 2->2
[2022-04-23T16:31:26.161+0800][gc,heap      ] GC(32) Humongous regions: 0->0
[2022-04-23T16:31:26.161+0800][gc,metaspace ] GC(32) Metaspace: 9167K->9167K(1058816K)
[2022-04-23T16:31:26.161+0800][gc           ] GC(32) Pause Young (Normal) (G1 Evacuation Pause) 32M->8M(512M) 25.728ms
[2022-04-23T16:31:26.161+0800][gc,cpu       ] GC(32) User=0.01s Sys=0.04s Real=0.03s
[2022-04-23T16:38:21.003+0800][gc,start     ] GC(33) Pause Young (Normal) (G1 Evacuation Pause)
[2022-04-23T16:38:21.004+0800][gc,task      ] GC(33) Using 8 workers of 8 for evacuation
[2022-04-23T16:38:21.019+0800][gc,phases    ] GC(33)   Pre Evacuate Collection Set: 0.1ms
[2022-04-23T16:38:21.019+0800][gc,phases    ] GC(33)   Evacuate Collection Set: 9.6ms
[2022-04-23T16:38:21.019+0800][gc,phases    ] GC(33)   Post Evacuate Collection Set: 2.8ms
[2022-04-23T16:38:21.019+0800][gc,phases    ] GC(33)   Other: 3.7ms
[2022-04-23T16:38:21.019+0800][gc,heap      ] GC(33) Eden regions: 24->0(24)
[2022-04-23T16:38:21.019+0800][gc,heap      ] GC(33) Survivor regions: 1->1(4)
[2022-04-23T16:38:21.019+0800][gc,heap      ] GC(33) Old regions: 8->8
[2022-04-23T16:38:21.019+0800][gc,heap      ] GC(33) Archive regions: 2->2
[2022-04-23T16:38:21.019+0800][gc,heap      ] GC(33) Humongous regions: 0->0
[2022-04-23T16:38:21.019+0800][gc,metaspace ] GC(33) Metaspace: 9167K->9167K(1058816K)
[2022-04-23T16:38:21.019+0800][gc           ] GC(33) Pause Young (Normal) (G1 Evacuation Pause) 32M->8M(512M) 16.462ms
[2022-04-23T16:38:21.019+0800][gc,cpu       ] GC(33) User=0.00s Sys=0.02s Real=0.01s
[2022-04-23T16:45:15.568+0800][gc,start     ] GC(34) Pause Young (Normal) (G1 Evacuation Pause)
[2022-04-23T16:45:15.580+0800][gc,task      ] GC(34) Using 8 workers of 8 for evacuation
[2022-04-23T16:45:15.596+0800][gc,phases    ] GC(34)   Pre Evacuate Collection Set: 0.1ms
[2022-04-23T16:45:15.597+0800][gc,phases    ] GC(34)   Evacuate Collection Set: 11.1ms
[2022-04-23T16:45:15.597+0800][gc,phases    ] GC(34)   Post Evacuate Collection Set: 1.1ms
[2022-04-23T16:45:15.597+0800][gc,phases    ] GC(34)   Other: 17.3ms
[2022-04-23T16:45:15.597+0800][gc,heap      ] GC(34) Eden regions: 24->0(24)
[2022-04-23T16:45:15.597+0800][gc,heap      ] GC(34) Survivor regions: 1->1(4)
[2022-04-23T16:45:15.597+0800][gc,heap      ] GC(34) Old regions: 8->8
[2022-04-23T16:45:15.597+0800][gc,heap      ] GC(34) Archive regions: 2->2
[2022-04-23T16:45:15.597+0800][gc,heap      ] GC(34) Humongous regions: 0->0
[2022-04-23T16:45:15.597+0800][gc,metaspace ] GC(34) Metaspace: 9167K->9167K(1058816K)
[2022-04-23T16:45:15.597+0800][gc           ] GC(34) Pause Young (Normal) (G1 Evacuation Pause) 32M->8M(512M) 29.104ms
[2022-04-23T16:45:15.597+0800][gc,cpu       ] GC(34) User=0.01s Sys=0.03s Real=0.03s
[2022-04-23T16:52:10.934+0800][gc,start     ] GC(35) Pause Young (Normal) (G1 Evacuation Pause)
[2022-04-23T16:52:10.935+0800][gc,task      ] GC(35) Using 8 workers of 8 for evacuation
[2022-04-23T16:52:10.947+0800][gc,phases    ] GC(35)   Pre Evacuate Collection Set: 0.5ms
[2022-04-23T16:52:10.947+0800][gc,phases    ] GC(35)   Evacuate Collection Set: 5.9ms
[2022-04-23T16:52:10.947+0800][gc,phases    ] GC(35)   Post Evacuate Collection Set: 0.6ms
[2022-04-23T16:52:10.947+0800][gc,phases    ] GC(35)   Other: 5.8ms
[2022-04-23T16:52:10.947+0800][gc,heap      ] GC(35) Eden regions: 24->0(24)
[2022-04-23T16:52:10.947+0800][gc,heap      ] GC(35) Survivor regions: 1->1(4)
[2022-04-23T16:52:10.947+0800][gc,heap      ] GC(35) Old regions: 8->8
[2022-04-23T16:52:10.947+0800][gc,heap      ] GC(35) Archive regions: 2->2
[2022-04-23T16:52:10.947+0800][gc,heap      ] GC(35) Humongous regions: 0->0
[2022-04-23T16:52:10.947+0800][gc,metaspace ] GC(35) Metaspace: 9167K->9167K(1058816K)
[2022-04-23T16:52:10.947+0800][gc           ] GC(35) Pause Young (Normal) (G1 Evacuation Pause) 32M->8M(512M) 13.159ms
[2022-04-23T16:52:10.947+0800][gc,cpu       ] GC(35) User=0.01s Sys=0.01s Real=0.01s
[2022-04-23T16:59:05.412+0800][gc,start     ] GC(36) Pause Young (Normal) (G1 Evacuation Pause)
[2022-04-23T16:59:05.427+0800][gc,task      ] GC(36) Using 8 workers of 8 for evacuation
[2022-04-23T16:59:05.461+0800][gc,mmu       ] GC(36) MMU target violated: 21.0ms (20.0ms/21.0ms)
[2022-04-23T16:59:05.461+0800][gc,phases    ] GC(36)   Pre Evacuate Collection Set: 0.0ms
[2022-04-23T16:59:05.461+0800][gc,phases    ] GC(36)   Evacuate Collection Set: 34.1ms
[2022-04-23T16:59:05.461+0800][gc,phases    ] GC(36)   Post Evacuate Collection Set: 0.6ms
[2022-04-23T16:59:05.461+0800][gc,phases    ] GC(36)   Other: 14.5ms
[2022-04-23T16:59:05.461+0800][gc,heap      ] GC(36) Eden regions: 24->0(32)
[2022-04-23T16:59:05.461+0800][gc,heap      ] GC(36) Survivor regions: 1->1(4)
[2022-04-23T16:59:05.461+0800][gc,heap      ] GC(36) Old regions: 8->8
[2022-04-23T16:59:05.461+0800][gc,heap      ] GC(36) Archive regions: 2->2
[2022-04-23T16:59:05.461+0800][gc,heap      ] GC(36) Humongous regions: 0->0
[2022-04-23T16:59:05.461+0800][gc,metaspace ] GC(36) Metaspace: 9168K->9168K(1058816K)
[2022-04-23T16:59:05.462+0800][gc           ] GC(36) Pause Young (Normal) (G1 Evacuation Pause) 32M->8M(512M) 49.187ms
[2022-04-23T16:59:05.462+0800][gc,cpu       ] GC(36) User=0.02s Sys=0.02s Real=0.05s
[2022-04-23T17:08:49.480+0800][gc,start     ] GC(37) Pause Young (Normal) (G1 Evacuation Pause)
[2022-04-23T17:08:49.495+0800][gc,task      ] GC(37) Using 8 workers of 8 for evacuation
[2022-04-23T17:08:49.541+0800][gc,mmu       ] GC(37) MMU target violated: 21.0ms (20.0ms/21.0ms)
[2022-04-23T17:08:49.541+0800][gc,phases    ] GC(37)   Pre Evacuate Collection Set: 0.1ms
[2022-04-23T17:08:49.541+0800][gc,phases    ] GC(37)   Evacuate Collection Set: 31.1ms
[2022-04-23T17:08:49.541+0800][gc,phases    ] GC(37)   Post Evacuate Collection Set: 10.8ms
[2022-04-23T17:08:49.541+0800][gc,phases    ] GC(37)   Other: 19.6ms
[2022-04-23T17:08:49.541+0800][gc,heap      ] GC(37) Eden regions: 32->0(24)
[2022-04-23T17:08:49.541+0800][gc,heap      ] GC(37) Survivor regions: 1->1(5)
[2022-04-23T17:08:49.541+0800][gc,heap      ] GC(37) Old regions: 8->8
[2022-04-23T17:08:49.541+0800][gc,heap      ] GC(37) Archive regions: 2->2
[2022-04-23T17:08:49.541+0800][gc,heap      ] GC(37) Humongous regions: 0->0
[2022-04-23T17:08:49.541+0800][gc,metaspace ] GC(37) Metaspace: 9168K->9168K(1058816K)
[2022-04-23T17:08:49.541+0800][gc           ] GC(37) Pause Young (Normal) (G1 Evacuation Pause) 40M->8M(512M) 61.091ms
[2022-04-23T17:08:49.542+0800][gc,cpu       ] GC(37) User=0.01s Sys=0.03s Real=0.06s
[2022-04-23T17:15:48.908+0800][gc,start     ] GC(38) Pause Young (Normal) (G1 Evacuation Pause)
[2022-04-23T17:15:48.910+0800][gc,task      ] GC(38) Using 8 workers of 8 for evacuation
[2022-04-23T17:15:48.962+0800][gc,mmu       ] GC(38) MMU target violated: 21.0ms (20.0ms/21.0ms)
[2022-04-23T17:15:48.962+0800][gc,phases    ] GC(38)   Pre Evacuate Collection Set: 1.4ms
[2022-04-23T17:15:48.962+0800][gc,phases    ] GC(38)   Evacuate Collection Set: 44.6ms
[2022-04-23T17:15:48.962+0800][gc,phases    ] GC(38)   Post Evacuate Collection Set: 1.9ms
[2022-04-23T17:15:48.962+0800][gc,phases    ] GC(38)   Other: 7.6ms
[2022-04-23T17:15:48.963+0800][gc,heap      ] GC(38) Eden regions: 24->0(24)
[2022-04-23T17:15:48.963+0800][gc,heap      ] GC(38) Survivor regions: 1->1(4)
[2022-04-23T17:15:48.963+0800][gc,heap      ] GC(38) Old regions: 8->8
[2022-04-23T17:15:48.963+0800][gc,heap      ] GC(38) Archive regions: 2->2
[2022-04-23T17:15:48.963+0800][gc,heap      ] GC(38) Humongous regions: 0->0
[2022-04-23T17:15:48.963+0800][gc,metaspace ] GC(38) Metaspace: 9168K->9168K(1058816K)
[2022-04-23T17:15:48.963+0800][gc           ] GC(38) Pause Young (Normal) (G1 Evacuation Pause) 32M->8M(512M) 54.906ms
[2022-04-23T17:15:48.963+0800][gc,cpu       ] GC(38) User=0.02s Sys=0.03s Real=0.06s
[2022-04-23T17:22:43.427+0800][gc,start     ] GC(39) Pause Young (Normal) (G1 Evacuation Pause)
[2022-04-23T17:22:43.430+0800][gc,task      ] GC(39) Using 8 workers of 8 for evacuation
[2022-04-23T17:22:43.452+0800][gc,mmu       ] GC(39) MMU target violated: 21.0ms (20.0ms/21.0ms)
[2022-04-23T17:22:43.452+0800][gc,phases    ] GC(39)   Pre Evacuate Collection Set: 0.2ms
[2022-04-23T17:22:43.452+0800][gc,phases    ] GC(39)   Evacuate Collection Set: 14.0ms
[2022-04-23T17:22:43.452+0800][gc,phases    ] GC(39)   Post Evacuate Collection Set: 3.8ms
[2022-04-23T17:22:43.452+0800][gc,phases    ] GC(39)   Other: 7.3ms
[2022-04-23T17:22:43.452+0800][gc,heap      ] GC(39) Eden regions: 24->0(24)
[2022-04-23T17:22:43.452+0800][gc,heap      ] GC(39) Survivor regions: 1->1(4)
[2022-04-23T17:22:43.452+0800][gc,heap      ] GC(39) Old regions: 8->8
[2022-04-23T17:22:43.452+0800][gc,heap      ] GC(39) Archive regions: 2->2
[2022-04-23T17:22:43.452+0800][gc,heap      ] GC(39) Humongous regions: 0->0
[2022-04-23T17:22:43.452+0800][gc,metaspace ] GC(39) Metaspace: 9168K->9168K(1058816K)
[2022-04-23T17:22:43.452+0800][gc           ] GC(39) Pause Young (Normal) (G1 Evacuation Pause) 32M->8M(512M) 25.384ms
[2022-04-23T17:22:43.452+0800][gc,cpu       ] GC(39) User=0.01s Sys=0.03s Real=0.03s
[2022-04-23T17:29:38.103+0800][gc,start     ] GC(40) Pause Young (Normal) (G1 Evacuation Pause)
[2022-04-23T17:29:38.104+0800][gc,task      ] GC(40) Using 8 workers of 8 for evacuation
[2022-04-23T17:29:38.115+0800][gc,phases    ] GC(40)   Pre Evacuate Collection Set: 0.6ms
[2022-04-23T17:29:38.115+0800][gc,phases    ] GC(40)   Evacuate Collection Set: 8.0ms
[2022-04-23T17:29:38.115+0800][gc,phases    ] GC(40)   Post Evacuate Collection Set: 1.1ms
[2022-04-23T17:29:38.115+0800][gc,phases    ] GC(40)   Other: 2.0ms
[2022-04-23T17:29:38.115+0800][gc,heap      ] GC(40) Eden regions: 24->0(25)
[2022-04-23T17:29:38.115+0800][gc,heap      ] GC(40) Survivor regions: 1->1(4)
[2022-04-23T17:29:38.115+0800][gc,heap      ] GC(40) Old regions: 8->8
[2022-04-23T17:29:38.115+0800][gc,heap      ] GC(40) Archive regions: 2->2
[2022-04-23T17:29:38.115+0800][gc,heap      ] GC(40) Humongous regions: 0->0
[2022-04-23T17:29:38.115+0800][gc,metaspace ] GC(40) Metaspace: 9178K->9178K(1058816K)
[2022-04-23T17:29:38.115+0800][gc           ] GC(40) Pause Young (Normal) (G1 Evacuation Pause) 32M->8M(512M) 11.459ms
[2022-04-23T17:29:38.115+0800][gc,cpu       ] GC(40) User=0.01s Sys=0.02s Real=0.01s
[2022-04-23T17:36:17.338+0800][gc,start     ] GC(41) Pause Young (Normal) (G1 Evacuation Pause)
[2022-04-23T17:36:17.339+0800][gc,task      ] GC(41) Using 8 workers of 8 for evacuation
[2022-04-23T17:36:17.364+0800][gc,mmu       ] GC(41) MMU target violated: 21.0ms (20.0ms/21.0ms)
[2022-04-23T17:36:17.364+0800][gc,phases    ] GC(41)   Pre Evacuate Collection Set: 0.9ms
[2022-04-23T17:36:17.364+0800][gc,phases    ] GC(41)   Evacuate Collection Set: 19.5ms
[2022-04-23T17:36:17.364+0800][gc,phases    ] GC(41)   Post Evacuate Collection Set: 0.7ms
[2022-04-23T17:36:17.364+0800][gc,phases    ] GC(41)   Other: 5.3ms
[2022-04-23T17:36:17.364+0800][gc,heap      ] GC(41) Eden regions: 25->0(25)
[2022-04-23T17:36:17.364+0800][gc,heap      ] GC(41) Survivor regions: 1->1(4)
[2022-04-23T17:36:17.364+0800][gc,heap      ] GC(41) Old regions: 8->8
[2022-04-23T17:36:17.364+0800][gc,heap      ] GC(41) Archive regions: 2->2
[2022-04-23T17:36:17.364+0800][gc,heap      ] GC(41) Humongous regions: 0->0
[2022-04-23T17:36:17.364+0800][gc,metaspace ] GC(41) Metaspace: 9178K->9178K(1058816K)
[2022-04-23T17:36:17.364+0800][gc           ] GC(41) Pause Young (Normal) (G1 Evacuation Pause) 33M->8M(512M) 25.428ms
[2022-04-23T17:36:17.364+0800][gc,cpu       ] GC(41) User=0.00s Sys=0.04s Real=0.03s
[2022-04-23T17:42:24.873+0800][gc,start     ] GC(42) Pause Young (Normal) (G1 Evacuation Pause)
[2022-04-23T17:42:24.876+0800][gc,task      ] GC(42) Using 8 workers of 8 for evacuation
[2022-04-23T17:42:24.893+0800][gc,phases    ] GC(42)   Pre Evacuate Collection Set: 0.1ms
[2022-04-23T17:42:24.893+0800][gc,phases    ] GC(42)   Evacuate Collection Set: 11.6ms
[2022-04-23T17:42:24.893+0800][gc,phases    ] GC(42)   Post Evacuate Collection Set: 2.0ms
[2022-04-23T17:42:24.893+0800][gc,phases    ] GC(42)   Other: 6.7ms
[2022-04-23T17:42:24.893+0800][gc,heap      ] GC(42) Eden regions: 25->0(29)
[2022-04-23T17:42:24.893+0800][gc,heap      ] GC(42) Survivor regions: 1->1(4)
[2022-04-23T17:42:24.893+0800][gc,heap      ] GC(42) Old regions: 8->8
[2022-04-23T17:42:24.893+0800][gc,heap      ] GC(42) Archive regions: 2->2
[2022-04-23T17:42:24.893+0800][gc,heap      ] GC(42) Humongous regions: 0->0
[2022-04-23T17:42:24.893+0800][gc,metaspace ] GC(42) Metaspace: 9178K->9178K(1058816K)
[2022-04-23T17:42:24.893+0800][gc           ] GC(42) Pause Young (Normal) (G1 Evacuation Pause) 33M->8M(512M) 20.541ms
[2022-04-23T17:42:24.893+0800][gc,cpu       ] GC(42) User=0.01s Sys=0.03s Real=0.02s
[2022-04-23T17:49:24.941+0800][gc,start     ] GC(43) Pause Young (Normal) (G1 Evacuation Pause)
[2022-04-23T17:49:24.947+0800][gc,task      ] GC(43) Using 8 workers of 8 for evacuation
[2022-04-23T17:49:25.013+0800][gc,mmu       ] GC(43) MMU target violated: 21.0ms (20.0ms/21.0ms)
[2022-04-23T17:49:25.013+0800][gc,phases    ] GC(43)   Pre Evacuate Collection Set: 0.0ms
[2022-04-23T17:49:25.013+0800][gc,phases    ] GC(43)   Evacuate Collection Set: 44.8ms
[2022-04-23T17:49:25.013+0800][gc,phases    ] GC(43)   Post Evacuate Collection Set: 5.1ms
[2022-04-23T17:49:25.013+0800][gc,phases    ] GC(43)   Other: 26.5ms
[2022-04-23T17:49:25.013+0800][gc,heap      ] GC(43) Eden regions: 29->0(24)
[2022-04-23T17:49:25.013+0800][gc,heap      ] GC(43) Survivor regions: 1->1(4)
[2022-04-23T17:49:25.013+0800][gc,heap      ] GC(43) Old regions: 8->8
[2022-04-23T17:49:25.013+0800][gc,heap      ] GC(43) Archive regions: 2->2
[2022-04-23T17:49:25.013+0800][gc,heap      ] GC(43) Humongous regions: 0->0
[2022-04-23T17:49:25.013+0800][gc,metaspace ] GC(43) Metaspace: 9178K->9178K(1058816K)
[2022-04-23T17:49:25.013+0800][gc           ] GC(43) Pause Young (Normal) (G1 Evacuation Pause) 37M->8M(512M) 72.895ms
[2022-04-23T17:49:25.013+0800][gc,cpu       ] GC(43) User=0.01s Sys=0.02s Real=0.07s
[2022-04-23T19:28:55.169+0800][gc,start     ] GC(44) Pause Young (Normal) (G1 Evacuation Pause)
[2022-04-23T19:28:55.172+0800][gc,task      ] GC(44) Using 8 workers of 8 for evacuation
[2022-04-23T19:28:55.206+0800][gc,mmu       ] GC(44) MMU target violated: 21.0ms (20.0ms/21.0ms)
[2022-04-23T19:28:55.207+0800][gc,phases    ] GC(44)   Pre Evacuate Collection Set: 1.3ms
[2022-04-23T19:28:55.207+0800][gc,phases    ] GC(44)   Evacuate Collection Set: 17.4ms
[2022-04-23T19:28:55.207+0800][gc,phases    ] GC(44)   Post Evacuate Collection Set: 11.7ms
[2022-04-23T19:28:55.207+0800][gc,phases    ] GC(44)   Other: 7.5ms
[2022-04-23T19:28:55.207+0800][gc,heap      ] GC(44) Eden regions: 24->0(24)
[2022-04-23T19:28:55.207+0800][gc,heap      ] GC(44) Survivor regions: 1->1(4)
[2022-04-23T19:28:55.207+0800][gc,heap      ] GC(44) Old regions: 8->8
[2022-04-23T19:28:55.207+0800][gc,heap      ] GC(44) Archive regions: 2->2
[2022-04-23T19:28:55.207+0800][gc,heap      ] GC(44) Humongous regions: 0->0
[2022-04-23T19:28:55.207+0800][gc,metaspace ] GC(44) Metaspace: 9185K->9185K(1058816K)
[2022-04-23T19:28:55.207+0800][gc           ] GC(44) Pause Young (Normal) (G1 Evacuation Pause) 32M->8M(512M) 37.521ms
[2022-04-23T19:28:55.207+0800][gc,cpu       ] GC(44) User=0.00s Sys=0.02s Real=0.04s
[2022-04-23T19:35:05.986+0800][gc,start     ] GC(45) Pause Young (Normal) (G1 Evacuation Pause)
[2022-04-23T19:35:06.003+0800][gc,task      ] GC(45) Using 8 workers of 8 for evacuation
[2022-04-23T19:35:06.026+0800][gc,mmu       ] GC(45) MMU target violated: 21.0ms (20.0ms/21.0ms)
[2022-04-23T19:35:06.026+0800][gc,phases    ] GC(45)   Pre Evacuate Collection Set: 0.1ms
[2022-04-23T19:35:06.026+0800][gc,phases    ] GC(45)   Evacuate Collection Set: 18.1ms
[2022-04-23T19:35:06.026+0800][gc,phases    ] GC(45)   Post Evacuate Collection Set: 1.4ms
[2022-04-23T19:35:06.026+0800][gc,phases    ] GC(45)   Other: 19.6ms
[2022-04-23T19:35:06.026+0800][gc,heap      ] GC(45) Eden regions: 24->0(24)
[2022-04-23T19:35:06.026+0800][gc,heap      ] GC(45) Survivor regions: 1->1(4)
[2022-04-23T19:35:06.026+0800][gc,heap      ] GC(45) Old regions: 8->8
[2022-04-23T19:35:06.026+0800][gc,heap      ] GC(45) Archive regions: 2->2
[2022-04-23T19:35:06.026+0800][gc,heap      ] GC(45) Humongous regions: 0->0
[2022-04-23T19:35:06.026+0800][gc,metaspace ] GC(45) Metaspace: 9185K->9185K(1058816K)
[2022-04-23T19:35:06.026+0800][gc           ] GC(45) Pause Young (Normal) (G1 Evacuation Pause) 32M->8M(512M) 39.209ms
[2022-04-23T19:35:06.026+0800][gc,cpu       ] GC(45) User=0.01s Sys=0.03s Real=0.04s
[2022-04-23T19:41:08.588+0800][gc,start     ] GC(46) Pause Young (Normal) (G1 Evacuation Pause)
[2022-04-23T19:41:08.589+0800][gc,task      ] GC(46) Using 8 workers of 8 for evacuation
[2022-04-23T19:41:08.621+0800][gc,mmu       ] GC(46) MMU target violated: 21.0ms (20.0ms/21.0ms)
[2022-04-23T19:41:08.621+0800][gc,phases    ] GC(46)   Pre Evacuate Collection Set: 0.1ms
[2022-04-23T19:41:08.621+0800][gc,phases    ] GC(46)   Evacuate Collection Set: 15.6ms
[2022-04-23T19:41:08.621+0800][gc,phases    ] GC(46)   Post Evacuate Collection Set: 14.5ms
[2022-04-23T19:41:08.621+0800][gc,phases    ] GC(46)   Other: 2.9ms
[2022-04-23T19:41:08.621+0800][gc,heap      ] GC(46) Eden regions: 24->0(24)
[2022-04-23T19:41:08.621+0800][gc,heap      ] GC(46) Survivor regions: 1->1(4)
[2022-04-23T19:41:08.621+0800][gc,heap      ] GC(46) Old regions: 8->8
[2022-04-23T19:41:08.621+0800][gc,heap      ] GC(46) Archive regions: 2->2
[2022-04-23T19:41:08.621+0800][gc,heap      ] GC(46) Humongous regions: 0->0
[2022-04-23T19:41:08.621+0800][gc,metaspace ] GC(46) Metaspace: 9185K->9185K(1058816K)
[2022-04-23T19:41:08.621+0800][gc           ] GC(46) Pause Young (Normal) (G1 Evacuation Pause) 32M->8M(512M) 32.515ms
[2022-04-23T19:41:08.621+0800][gc,cpu       ] GC(46) User=0.01s Sys=0.04s Real=0.04s
[2022-04-23T19:47:02.369+0800][gc,start     ] GC(47) Pause Young (Normal) (G1 Evacuation Pause)
[2022-04-23T19:47:02.376+0800][gc,task      ] GC(47) Using 8 workers of 8 for evacuation
[2022-04-23T19:47:02.389+0800][gc,phases    ] GC(47)   Pre Evacuate Collection Set: 0.7ms
[2022-04-23T19:47:02.389+0800][gc,phases    ] GC(47)   Evacuate Collection Set: 8.4ms
[2022-04-23T19:47:02.389+0800][gc,phases    ] GC(47)   Post Evacuate Collection Set: 2.5ms
[2022-04-23T19:47:02.389+0800][gc,phases    ] GC(47)   Other: 8.9ms
[2022-04-23T19:47:02.389+0800][gc,heap      ] GC(47) Eden regions: 24->0(24)
[2022-04-23T19:47:02.390+0800][gc,heap      ] GC(47) Survivor regions: 1->1(4)
[2022-04-23T19:47:02.390+0800][gc,heap      ] GC(47) Old regions: 8->8
[2022-04-23T19:47:02.390+0800][gc,heap      ] GC(47) Archive regions: 2->2
[2022-04-23T19:47:02.390+0800][gc,heap      ] GC(47) Humongous regions: 0->0
[2022-04-23T19:47:02.390+0800][gc,metaspace ] GC(47) Metaspace: 9185K->9185K(1058816K)
[2022-04-23T19:47:02.390+0800][gc           ] GC(47) Pause Young (Normal) (G1 Evacuation Pause) 32M->8M(512M) 20.842ms
[2022-04-23T19:47:02.390+0800][gc,cpu       ] GC(47) User=0.01s Sys=0.02s Real=0.03s
[2022-04-23T19:52:48.568+0800][gc,start     ] GC(48) Pause Young (Normal) (G1 Evacuation Pause)
[2022-04-23T19:52:48.581+0800][gc,task      ] GC(48) Using 8 workers of 8 for evacuation
[2022-04-23T19:52:48.592+0800][gc,phases    ] GC(48)   Pre Evacuate Collection Set: 0.2ms
[2022-04-23T19:52:48.592+0800][gc,phases    ] GC(48)   Evacuate Collection Set: 7.3ms
[2022-04-23T19:52:48.592+0800][gc,phases    ] GC(48)   Post Evacuate Collection Set: 1.8ms
[2022-04-23T19:52:48.592+0800][gc,phases    ] GC(48)   Other: 15.6ms
[2022-04-23T19:52:48.592+0800][gc,heap      ] GC(48) Eden regions: 24->0(24)
[2022-04-23T19:52:48.592+0800][gc,heap      ] GC(48) Survivor regions: 1->1(4)
[2022-04-23T19:52:48.592+0800][gc,heap      ] GC(48) Old regions: 8->8
[2022-04-23T19:52:48.592+0800][gc,heap      ] GC(48) Archive regions: 2->2
[2022-04-23T19:52:48.593+0800][gc,heap      ] GC(48) Humongous regions: 0->0
[2022-04-23T19:52:48.593+0800][gc,metaspace ] GC(48) Metaspace: 9198K->9198K(1058816K)
[2022-04-23T19:52:48.593+0800][gc           ] GC(48) Pause Young (Normal) (G1 Evacuation Pause) 32M->8M(512M) 24.714ms
[2022-04-23T19:52:48.593+0800][gc,cpu       ] GC(48) User=0.00s Sys=0.02s Real=0.03s
[2022-04-23T19:58:47.398+0800][gc,start     ] GC(49) Pause Young (Normal) (G1 Evacuation Pause)
[2022-04-23T19:58:47.402+0800][gc,task      ] GC(49) Using 8 workers of 8 for evacuation
[2022-04-23T19:58:47.431+0800][gc,mmu       ] GC(49) MMU target violated: 21.0ms (20.0ms/21.0ms)
[2022-04-23T19:58:47.431+0800][gc,phases    ] GC(49)   Pre Evacuate Collection Set: 1.6ms
[2022-04-23T19:58:47.431+0800][gc,phases    ] GC(49)   Evacuate Collection Set: 16.7ms
[2022-04-23T19:58:47.431+0800][gc,phases    ] GC(49)   Post Evacuate Collection Set: 6.4ms
[2022-04-23T19:58:47.431+0800][gc,phases    ] GC(49)   Other: 7.9ms
[2022-04-23T19:58:47.431+0800][gc,heap      ] GC(49) Eden regions: 24->0(24)
[2022-04-23T19:58:47.431+0800][gc,heap      ] GC(49) Survivor regions: 1->1(4)
[2022-04-23T19:58:47.431+0800][gc,heap      ] GC(49) Old regions: 8->8
[2022-04-23T19:58:47.431+0800][gc,heap      ] GC(49) Archive regions: 2->2
[2022-04-23T19:58:47.431+0800][gc,heap      ] GC(49) Humongous regions: 0->0
[2022-04-23T19:58:47.431+0800][gc,metaspace ] GC(49) Metaspace: 9198K->9198K(1058816K)
[2022-04-23T19:58:47.432+0800][gc           ] GC(49) Pause Young (Normal) (G1 Evacuation Pause) 32M->8M(512M) 32.717ms
[2022-04-23T19:58:47.432+0800][gc,cpu       ] GC(49) User=0.01s Sys=0.03s Real=0.04s
[2022-04-23T20:04:52.000+0800][gc,start     ] GC(50) Pause Young (Normal) (G1 Evacuation Pause)
[2022-04-23T20:04:52.001+0800][gc,task      ] GC(50) Using 8 workers of 8 for evacuation
[2022-04-23T20:04:52.020+0800][gc,phases    ] GC(50)   Pre Evacuate Collection Set: 0.1ms
[2022-04-23T20:04:52.021+0800][gc,phases    ] GC(50)   Evacuate Collection Set: 14.6ms
[2022-04-23T20:04:52.021+0800][gc,phases    ] GC(50)   Post Evacuate Collection Set: 2.6ms
[2022-04-23T20:04:52.021+0800][gc,phases    ] GC(50)   Other: 4.0ms
[2022-04-23T20:04:52.021+0800][gc,heap      ] GC(50) Eden regions: 24->0(24)
[2022-04-23T20:04:52.021+0800][gc,heap      ] GC(50) Survivor regions: 1->1(4)
[2022-04-23T20:04:52.021+0800][gc,heap      ] GC(50) Old regions: 8->8
[2022-04-23T20:04:52.021+0800][gc,heap      ] GC(50) Archive regions: 2->2
[2022-04-23T20:04:52.021+0800][gc,heap      ] GC(50) Humongous regions: 0->0
[2022-04-23T20:04:52.021+0800][gc,metaspace ] GC(50) Metaspace: 9198K->9198K(1058816K)
[2022-04-23T20:04:52.021+0800][gc           ] GC(50) Pause Young (Normal) (G1 Evacuation Pause) 32M->8M(512M) 21.119ms
[2022-04-23T20:04:52.021+0800][gc,cpu       ] GC(50) User=0.01s Sys=0.03s Real=0.02s
[2022-04-23T20:10:56.721+0800][gc,start     ] GC(51) Pause Young (Normal) (G1 Evacuation Pause)
[2022-04-23T20:10:56.723+0800][gc,task      ] GC(51) Using 8 workers of 8 for evacuation
[2022-04-23T20:10:56.747+0800][gc,mmu       ] GC(51) MMU target violated: 21.0ms (20.0ms/21.0ms)
[2022-04-23T20:10:56.747+0800][gc,phases    ] GC(51)   Pre Evacuate Collection Set: 0.7ms
[2022-04-23T20:10:56.747+0800][gc,phases    ] GC(51)   Evacuate Collection Set: 19.1ms
[2022-04-23T20:10:56.747+0800][gc,phases    ] GC(51)   Post Evacuate Collection Set: 0.8ms
[2022-04-23T20:10:56.747+0800][gc,phases    ] GC(51)   Other: 5.3ms
[2022-04-23T20:10:56.747+0800][gc,heap      ] GC(51) Eden regions: 24->0(26)
[2022-04-23T20:10:56.747+0800][gc,heap      ] GC(51) Survivor regions: 1->1(4)
[2022-04-23T20:10:56.747+0800][gc,heap      ] GC(51) Old regions: 8->8
[2022-04-23T20:10:56.747+0800][gc,heap      ] GC(51) Archive regions: 2->2
[2022-04-23T20:10:56.747+0800][gc,heap      ] GC(51) Humongous regions: 0->0
[2022-04-23T20:10:56.747+0800][gc,metaspace ] GC(51) Metaspace: 9198K->9198K(1058816K)
[2022-04-23T20:10:56.747+0800][gc           ] GC(51) Pause Young (Normal) (G1 Evacuation Pause) 32M->8M(512M) 25.853ms
[2022-04-23T20:10:56.747+0800][gc,cpu       ] GC(51) User=0.02s Sys=0.02s Real=0.02s
