[2022-04-22T22:39:42.862+0800][gc,heap] Heap region size: 1M
[2022-04-22T22:39:42.866+0800][gc     ] Using G1
[2022-04-22T22:39:42.866+0800][gc,heap,coops] Heap address: 0x00000007e0000000, size: 512 MB, Compressed Oops mode: Zero based, Oop shift amount: 3
[2022-04-22T22:39:42.870+0800][gc,cds       ] Mark closed archive regions in map: [0x00000007fff00000, 0x00000007fff76ff8]
[2022-04-22T22:39:42.870+0800][gc,cds       ] Mark open archive regions in map: [0x00000007ffe00000, 0x00000007ffe46ff8]
[2022-04-22T22:39:42.891+0800][gc           ] Periodic GC disabled
[2022-04-22T22:39:44.986+0800][gc,start     ] GC(0) Pause Young (Normal) (G1 Evacuation Pause)
[2022-04-22T22:39:44.986+0800][gc,task      ] GC(0) Using 8 workers of 8 for evacuation
[2022-04-22T22:39:44.998+0800][gc,phases    ] GC(0)   Pre Evacuate Collection Set: 0.0ms
[2022-04-22T22:39:44.998+0800][gc,phases    ] GC(0)   Evacuate Collection Set: 11.7ms
[2022-04-22T22:39:44.998+0800][gc,phases    ] GC(0)   Post Evacuate Collection Set: 0.3ms
[2022-04-22T22:39:44.998+0800][gc,phases    ] GC(0)   Other: 0.7ms
[2022-04-22T22:39:44.998+0800][gc,heap      ] GC(0) Eden regions: 25->0(21)
[2022-04-22T22:39:44.998+0800][gc,heap      ] GC(0) Survivor regions: 0->4(4)
[2022-04-22T22:39:44.998+0800][gc,heap      ] GC(0) Old regions: 0->3
[2022-04-22T22:39:44.998+0800][gc,heap      ] GC(0) Archive regions: 2->2
[2022-04-22T22:39:44.998+0800][gc,heap      ] GC(0) Humongous regions: 0->0
[2022-04-22T22:39:44.998+0800][gc,metaspace ] GC(0) Metaspace: 7293K->7293K(1056768K)
[2022-04-22T22:39:44.998+0800][gc           ] GC(0) Pause Young (Normal) (G1 Evacuation Pause) 25M->7M(512M) 12.773ms
[2022-04-22T22:39:44.998+0800][gc,cpu       ] GC(0) User=0.02s Sys=0.01s Real=0.01s
[2022-04-22T22:39:45.197+0800][gc,start     ] GC(1) Pause Young (Normal) (G1 Evacuation Pause)
[2022-04-22T22:39:45.197+0800][gc,task      ] GC(1) Using 8 workers of 8 for evacuation
[2022-04-22T22:39:45.205+0800][gc,phases    ] GC(1)   Pre Evacuate Collection Set: 0.0ms
[2022-04-22T22:39:45.205+0800][gc,phases    ] GC(1)   Evacuate Collection Set: 7.7ms
[2022-04-22T22:39:45.205+0800][gc,phases    ] GC(1)   Post Evacuate Collection Set: 0.1ms
[2022-04-22T22:39:45.205+0800][gc,phases    ] GC(1)   Other: 0.1ms
[2022-04-22T22:39:45.205+0800][gc,heap      ] GC(1) Eden regions: 21->0(24)
[2022-04-22T22:39:45.205+0800][gc,heap      ] GC(1) Survivor regions: 4->1(4)
[2022-04-22T22:39:45.205+0800][gc,heap      ] GC(1) Old regions: 3->7
[2022-04-22T22:39:45.205+0800][gc,heap      ] GC(1) Archive regions: 2->2
[2022-04-22T22:39:45.205+0800][gc,heap      ] GC(1) Humongous regions: 0->0
[2022-04-22T22:39:45.205+0800][gc,metaspace ] GC(1) Metaspace: 7758K->7758K(1056768K)
[2022-04-22T22:39:45.205+0800][gc           ] GC(1) Pause Young (Normal) (G1 Evacuation Pause) 28M->8M(512M) 8.091ms
[2022-04-22T22:39:45.205+0800][gc,cpu       ] GC(1) User=0.02s Sys=0.00s Real=0.01s
[2022-04-22T22:39:45.249+0800][gc,start     ] GC(2) Pause Young (Normal) (G1 Evacuation Pause)
[2022-04-22T22:39:45.249+0800][gc,task      ] GC(2) Using 8 workers of 8 for evacuation
[2022-04-22T22:39:45.251+0800][gc,phases    ] GC(2)   Pre Evacuate Collection Set: 0.0ms
[2022-04-22T22:39:45.251+0800][gc,phases    ] GC(2)   Evacuate Collection Set: 1.2ms
[2022-04-22T22:39:45.251+0800][gc,phases    ] GC(2)   Post Evacuate Collection Set: 0.2ms
[2022-04-22T22:39:45.251+0800][gc,phases    ] GC(2)   Other: 0.1ms
[2022-04-22T22:39:45.251+0800][gc,heap      ] GC(2) Eden regions: 24->0(24)
[2022-04-22T22:39:45.251+0800][gc,heap      ] GC(2) Survivor regions: 1->1(4)
[2022-04-22T22:39:45.251+0800][gc,heap      ] GC(2) Old regions: 7->7
[2022-04-22T22:39:45.251+0800][gc,heap      ] GC(2) Archive regions: 2->2
[2022-04-22T22:39:45.251+0800][gc,heap      ] GC(2) Humongous regions: 0->0
[2022-04-22T22:39:45.251+0800][gc,metaspace ] GC(2) Metaspace: 7759K->7759K(1056768K)
[2022-04-22T22:39:45.251+0800][gc           ] GC(2) Pause Young (Normal) (G1 Evacuation Pause) 32M->7M(512M) 1.535ms
[2022-04-22T22:39:45.251+0800][gc,cpu       ] GC(2) User=0.00s Sys=0.00s Real=0.01s
[2022-04-22T22:39:45.295+0800][gc,start     ] GC(3) Pause Young (Normal) (G1 Evacuation Pause)
[2022-04-22T22:39:45.295+0800][gc,task      ] GC(3) Using 8 workers of 8 for evacuation
[2022-04-22T22:39:45.296+0800][gc,phases    ] GC(3)   Pre Evacuate Collection Set: 0.0ms
[2022-04-22T22:39:45.296+0800][gc,phases    ] GC(3)   Evacuate Collection Set: 1.2ms
[2022-04-22T22:39:45.296+0800][gc,phases    ] GC(3)   Post Evacuate Collection Set: 0.1ms
[2022-04-22T22:39:45.296+0800][gc,phases    ] GC(3)   Other: 0.2ms
[2022-04-22T22:39:45.296+0800][gc,heap      ] GC(3) Eden regions: 24->0(24)
[2022-04-22T22:39:45.296+0800][gc,heap      ] GC(3) Survivor regions: 1->1(4)
[2022-04-22T22:39:45.296+0800][gc,heap      ] GC(3) Old regions: 7->7
[2022-04-22T22:39:45.296+0800][gc,heap      ] GC(3) Archive regions: 2->2
[2022-04-22T22:39:45.296+0800][gc,heap      ] GC(3) Humongous regions: 0->0
[2022-04-22T22:39:45.296+0800][gc,metaspace ] GC(3) Metaspace: 7759K->7759K(1056768K)
[2022-04-22T22:39:45.296+0800][gc           ] GC(3) Pause Young (Normal) (G1 Evacuation Pause) 31M->7M(512M) 1.535ms
[2022-04-22T22:39:45.296+0800][gc,cpu       ] GC(3) User=0.00s Sys=0.00s Real=0.00s
[2022-04-22T22:39:45.352+0800][gc,start     ] GC(4) Pause Young (Normal) (G1 Evacuation Pause)
[2022-04-22T22:39:45.352+0800][gc,task      ] GC(4) Using 8 workers of 8 for evacuation
[2022-04-22T22:39:45.354+0800][gc,phases    ] GC(4)   Pre Evacuate Collection Set: 0.0ms
[2022-04-22T22:39:45.354+0800][gc,phases    ] GC(4)   Evacuate Collection Set: 1.2ms
[2022-04-22T22:39:45.354+0800][gc,phases    ] GC(4)   Post Evacuate Collection Set: 0.1ms
[2022-04-22T22:39:45.354+0800][gc,phases    ] GC(4)   Other: 0.1ms
[2022-04-22T22:39:45.354+0800][gc,heap      ] GC(4) Eden regions: 24->0(24)
[2022-04-22T22:39:45.354+0800][gc,heap      ] GC(4) Survivor regions: 1->1(4)
[2022-04-22T22:39:45.354+0800][gc,heap      ] GC(4) Old regions: 7->7
[2022-04-22T22:39:45.354+0800][gc,heap      ] GC(4) Archive regions: 2->2
[2022-04-22T22:39:45.354+0800][gc,heap      ] GC(4) Humongous regions: 0->0
[2022-04-22T22:39:45.354+0800][gc,metaspace ] GC(4) Metaspace: 7759K->7759K(1056768K)
[2022-04-22T22:39:45.354+0800][gc           ] GC(4) Pause Young (Normal) (G1 Evacuation Pause) 31M->7M(512M) 1.560ms
[2022-04-22T22:39:45.354+0800][gc,cpu       ] GC(4) User=0.00s Sys=0.00s Real=0.00s
[2022-04-22T22:40:09.973+0800][gc,start     ] GC(5) Pause Young (Normal) (G1 Evacuation Pause)
[2022-04-22T22:40:09.973+0800][gc,task      ] GC(5) Using 8 workers of 8 for evacuation
[2022-04-22T22:40:09.976+0800][gc,phases    ] GC(5)   Pre Evacuate Collection Set: 0.1ms
[2022-04-22T22:40:09.976+0800][gc,phases    ] GC(5)   Evacuate Collection Set: 2.4ms
[2022-04-22T22:40:09.976+0800][gc,phases    ] GC(5)   Post Evacuate Collection Set: 0.2ms
[2022-04-22T22:40:09.976+0800][gc,phases    ] GC(5)   Other: 0.6ms
[2022-04-22T22:40:09.976+0800][gc,heap      ] GC(5) Eden regions: 24->0(33)
[2022-04-22T22:40:09.976+0800][gc,heap      ] GC(5) Survivor regions: 1->1(4)
[2022-04-22T22:40:09.976+0800][gc,heap      ] GC(5) Old regions: 7->7
[2022-04-22T22:40:09.976+0800][gc,heap      ] GC(5) Archive regions: 2->2
[2022-04-22T22:40:09.976+0800][gc,heap      ] GC(5) Humongous regions: 0->0
[2022-04-22T22:40:09.976+0800][gc,metaspace ] GC(5) Metaspace: 8370K->8370K(1056768K)
[2022-04-22T22:40:09.976+0800][gc           ] GC(5) Pause Young (Normal) (G1 Evacuation Pause) 31M->8M(512M) 3.428ms
[2022-04-22T22:40:09.976+0800][gc,cpu       ] GC(5) User=0.01s Sys=0.00s Real=0.00s
[2022-04-22T23:09:22.197+0800][gc,start     ] GC(6) Pause Young (Normal) (G1 Evacuation Pause)
[2022-04-22T23:09:22.200+0800][gc,task      ] GC(6) Using 8 workers of 8 for evacuation
[2022-04-22T23:09:22.271+0800][gc,mmu       ] GC(6) MMU target violated: 21.0ms (20.0ms/21.0ms)
[2022-04-22T23:09:22.271+0800][gc,phases    ] GC(6)   Pre Evacuate Collection Set: 0.8ms
[2022-04-22T23:09:22.271+0800][gc,phases    ] GC(6)   Evacuate Collection Set: 56.3ms
[2022-04-22T23:09:22.271+0800][gc,phases    ] GC(6)   Post Evacuate Collection Set: 2.2ms
[2022-04-22T23:09:22.271+0800][gc,phases    ] GC(6)   Other: 15.2ms
[2022-04-22T23:09:22.271+0800][gc,heap      ] GC(6) Eden regions: 33->0(24)
[2022-04-22T23:09:22.271+0800][gc,heap      ] GC(6) Survivor regions: 1->1(5)
[2022-04-22T23:09:22.271+0800][gc,heap      ] GC(6) Old regions: 7->7
[2022-04-22T23:09:22.271+0800][gc,heap      ] GC(6) Archive regions: 2->2
[2022-04-22T23:09:22.271+0800][gc,heap      ] GC(6) Humongous regions: 0->0
[2022-04-22T23:09:22.271+0800][gc,metaspace ] GC(6) Metaspace: 9068K->9068K(1058816K)
[2022-04-22T23:09:22.271+0800][gc           ] GC(6) Pause Young (Normal) (G1 Evacuation Pause) 41M->8M(512M) 73.501ms
[2022-04-22T23:09:22.271+0800][gc,cpu       ] GC(6) User=0.02s Sys=0.08s Real=0.08s
[2022-04-22T23:20:29.282+0800][gc,start     ] GC(7) Pause Young (Normal) (G1 Evacuation Pause)
[2022-04-22T23:20:29.297+0800][gc,task      ] GC(7) Using 8 workers of 8 for evacuation
[2022-04-22T23:20:29.340+0800][gc,mmu       ] GC(7) MMU target violated: 21.0ms (20.0ms/21.0ms)
[2022-04-22T23:20:29.340+0800][gc,phases    ] GC(7)   Pre Evacuate Collection Set: 0.9ms
[2022-04-22T23:20:29.340+0800][gc,phases    ] GC(7)   Evacuate Collection Set: 34.7ms
[2022-04-22T23:20:29.340+0800][gc,phases    ] GC(7)   Post Evacuate Collection Set: 2.2ms
[2022-04-22T23:20:29.340+0800][gc,phases    ] GC(7)   Other: 20.0ms
[2022-04-22T23:20:29.340+0800][gc,heap      ] GC(7) Eden regions: 24->0(24)
[2022-04-22T23:20:29.340+0800][gc,heap      ] GC(7) Survivor regions: 1->1(4)
[2022-04-22T23:20:29.340+0800][gc,heap      ] GC(7) Old regions: 7->7
[2022-04-22T23:20:29.340+0800][gc,heap      ] GC(7) Archive regions: 2->2
[2022-04-22T23:20:29.340+0800][gc,heap      ] GC(7) Humongous regions: 0->0
[2022-04-22T23:20:29.340+0800][gc,metaspace ] GC(7) Metaspace: 9068K->9068K(1058816K)
[2022-04-22T23:20:29.341+0800][gc           ] GC(7) Pause Young (Normal) (G1 Evacuation Pause) 32M->8M(512M) 57.884ms
[2022-04-22T23:20:29.341+0800][gc,cpu       ] GC(7) User=0.02s Sys=0.06s Real=0.06s
[2022-04-22T23:31:41.412+0800][gc,start     ] GC(8) Pause Young (Normal) (G1 Evacuation Pause)
[2022-04-22T23:31:41.420+0800][gc,task      ] GC(8) Using 8 workers of 8 for evacuation
[2022-04-22T23:31:41.456+0800][gc,mmu       ] GC(8) MMU target violated: 21.0ms (20.0ms/21.0ms)
[2022-04-22T23:31:41.456+0800][gc,phases    ] GC(8)   Pre Evacuate Collection Set: 0.1ms
[2022-04-22T23:31:41.456+0800][gc,phases    ] GC(8)   Evacuate Collection Set: 28.0ms
[2022-04-22T23:31:41.456+0800][gc,phases    ] GC(8)   Post Evacuate Collection Set: 4.4ms
[2022-04-22T23:31:41.456+0800][gc,phases    ] GC(8)   Other: 11.9ms
[2022-04-22T23:31:41.456+0800][gc,heap      ] GC(8) Eden regions: 24->0(24)
[2022-04-22T23:31:41.456+0800][gc,heap      ] GC(8) Survivor regions: 1->1(4)
[2022-04-22T23:31:41.456+0800][gc,heap      ] GC(8) Old regions: 7->7
[2022-04-22T23:31:41.456+0800][gc,heap      ] GC(8) Archive regions: 2->2
[2022-04-22T23:31:41.456+0800][gc,heap      ] GC(8) Humongous regions: 0->0
[2022-04-22T23:31:41.456+0800][gc,metaspace ] GC(8) Metaspace: 9068K->9068K(1058816K)
[2022-04-22T23:31:41.456+0800][gc           ] GC(8) Pause Young (Normal) (G1 Evacuation Pause) 32M->8M(512M) 44.374ms
[2022-04-22T23:31:41.456+0800][gc,cpu       ] GC(8) User=0.01s Sys=0.04s Real=0.04s
[2022-04-22T23:42:40.564+0800][gc,start     ] GC(9) Pause Young (Normal) (G1 Evacuation Pause)
[2022-04-22T23:42:40.568+0800][gc,task      ] GC(9) Using 8 workers of 8 for evacuation
[2022-04-22T23:42:40.607+0800][gc,mmu       ] GC(9) MMU target violated: 21.0ms (20.0ms/21.0ms)
[2022-04-22T23:42:40.607+0800][gc,phases    ] GC(9)   Pre Evacuate Collection Set: 0.6ms
[2022-04-22T23:42:40.607+0800][gc,phases    ] GC(9)   Evacuate Collection Set: 34.4ms
[2022-04-22T23:42:40.607+0800][gc,phases    ] GC(9)   Post Evacuate Collection Set: 2.0ms
[2022-04-22T23:42:40.607+0800][gc,phases    ] GC(9)   Other: 5.8ms
[2022-04-22T23:42:40.607+0800][gc,heap      ] GC(9) Eden regions: 24->0(24)
[2022-04-22T23:42:40.607+0800][gc,heap      ] GC(9) Survivor regions: 1->1(4)
[2022-04-22T23:42:40.607+0800][gc,heap      ] GC(9) Old regions: 7->7
[2022-04-22T23:42:40.607+0800][gc,heap      ] GC(9) Archive regions: 2->2
[2022-04-22T23:42:40.607+0800][gc,heap      ] GC(9) Humongous regions: 0->0
[2022-04-22T23:42:40.607+0800][gc,metaspace ] GC(9) Metaspace: 9071K->9071K(1058816K)
[2022-04-22T23:42:40.607+0800][gc           ] GC(9) Pause Young (Normal) (G1 Evacuation Pause) 32M->8M(512M) 42.833ms
[2022-04-22T23:42:40.607+0800][gc,cpu       ] GC(9) User=0.02s Sys=0.03s Real=0.04s
[2022-04-22T23:47:29.037+0800][gc,heap,exit ] Heap
[2022-04-22T23:47:29.038+0800][gc,heap,exit ]  garbage-first heap   total 524288K, used 19872K [0x00000007e0000000, 0x0000000800000000)
[2022-04-22T23:47:29.038+0800][gc,heap,exit ]   region size 1024K, 13 young (13312K), 1 survivors (1024K)
[2022-04-22T23:47:29.038+0800][gc,heap,exit ]  Metaspace       used 9075K, capacity 9390K, committed 9600K, reserved 1058816K
[2022-04-22T23:47:29.038+0800][gc,heap,exit ]   class space    used 952K, capacity 1075K, committed 1152K, reserved 1048576K
