[2022-04-21T14:07:13.208+0800][gc,heap] Heap region size: 1M
[2022-04-21T14:07:13.212+0800][gc     ] Using G1
[2022-04-21T14:07:13.213+0800][gc,heap,coops] Heap address: 0x00000007e0000000, size: 512 MB, Compressed Oops mode: Zero based, Oop shift amount: 3
[2022-04-21T14:07:13.213+0800][gc,cds       ] Mark closed archive regions in map: [0x00000007fff00000, 0x00000007fff76ff8]
[2022-04-21T14:07:13.213+0800][gc,cds       ] Mark open archive regions in map: [0x00000007ffe00000, 0x00000007ffe46ff8]
[2022-04-21T14:07:13.235+0800][gc           ] Periodic GC disabled
[2022-04-21T14:07:16.281+0800][gc,start     ] GC(0) Pause Young (Normal) (G1 Evacuation Pause)
[2022-04-21T14:07:16.281+0800][gc,task      ] GC(0) Using 8 workers of 8 for evacuation
[2022-04-21T14:07:16.294+0800][gc,phases    ] GC(0)   Pre Evacuate Collection Set: 0.0ms
[2022-04-21T14:07:16.294+0800][gc,phases    ] GC(0)   Evacuate Collection Set: 11.8ms
[2022-04-21T14:07:16.294+0800][gc,phases    ] GC(0)   Post Evacuate Collection Set: 0.3ms
[2022-04-21T14:07:16.294+0800][gc,phases    ] GC(0)   Other: 0.7ms
[2022-04-21T14:07:16.294+0800][gc,heap      ] GC(0) Eden regions: 25->0(21)
[2022-04-21T14:07:16.294+0800][gc,heap      ] GC(0) Survivor regions: 0->4(4)
[2022-04-21T14:07:16.294+0800][gc,heap      ] GC(0) Old regions: 0->3
[2022-04-21T14:07:16.294+0800][gc,heap      ] GC(0) Archive regions: 2->2
[2022-04-21T14:07:16.294+0800][gc,heap      ] GC(0) Humongous regions: 0->0
[2022-04-21T14:07:16.294+0800][gc,metaspace ] GC(0) Metaspace: 7321K->7321K(1056768K)
[2022-04-21T14:07:16.294+0800][gc           ] GC(0) Pause Young (Normal) (G1 Evacuation Pause) 25M->7M(512M) 12.903ms
[2022-04-21T14:07:16.294+0800][gc,cpu       ] GC(0) User=0.03s Sys=0.01s Real=0.01s
[2022-04-21T16:19:21.024+0800][gc,start     ] GC(1) Pause Young (Normal) (G1 Evacuation Pause)
[2022-04-21T16:19:21.031+0800][gc,task      ] GC(1) Using 8 workers of 8 for evacuation
[2022-04-21T16:19:21.161+0800][gc,mmu       ] GC(1) MMU target violated: 21.0ms (20.0ms/21.0ms)
[2022-04-21T16:19:21.161+0800][gc,phases    ] GC(1)   Pre Evacuate Collection Set: 0.1ms
[2022-04-21T16:19:21.161+0800][gc,phases    ] GC(1)   Evacuate Collection Set: 121.8ms
[2022-04-21T16:19:21.161+0800][gc,phases    ] GC(1)   Post Evacuate Collection Set: 2.4ms
[2022-04-21T16:19:21.161+0800][gc,phases    ] GC(1)   Other: 13.6ms
[2022-04-21T16:19:21.161+0800][gc,heap      ] GC(1) Eden regions: 21->0(24)
[2022-04-21T16:19:21.161+0800][gc,heap      ] GC(1) Survivor regions: 4->1(4)
[2022-04-21T16:19:21.161+0800][gc,heap      ] GC(1) Old regions: 3->7
[2022-04-21T16:19:21.161+0800][gc,heap      ] GC(1) Archive regions: 2->2
[2022-04-21T16:19:21.161+0800][gc,heap      ] GC(1) Humongous regions: 0->0
[2022-04-21T16:19:21.161+0800][gc,metaspace ] GC(1) Metaspace: 9125K->9125K(1058816K)
[2022-04-21T16:19:21.161+0800][gc           ] GC(1) Pause Young (Normal) (G1 Evacuation Pause) 28M->8M(512M) 137.281ms
[2022-04-21T16:19:21.161+0800][gc,cpu       ] GC(1) User=0.03s Sys=0.09s Real=0.14s
[2022-04-21T20:38:40.882+0800][gc,heap,exit ] Heap
[2022-04-21T20:38:40.883+0800][gc,heap,exit ]  garbage-first heap   total 524288K, used 22890K [0x00000007e0000000, 0x0000000800000000)
[2022-04-21T20:38:40.883+0800][gc,heap,exit ]   region size 1024K, 16 young (16384K), 1 survivors (1024K)
[2022-04-21T20:38:40.883+0800][gc,heap,exit ]  Metaspace       used 9140K, capacity 9454K, committed 9856K, reserved 1058816K
[2022-04-21T20:38:40.883+0800][gc,heap,exit ]   class space    used 955K, capacity 1075K, committed 1152K, reserved 1048576K
