[2022-04-22T23:47:30.446+0800][gc,heap] Heap region size: 1M
[2022-04-22T23:47:30.450+0800][gc     ] Using G1
[2022-04-22T23:47:30.450+0800][gc,heap,coops] Heap address: 0x00000007e0000000, size: 512 MB, Compressed Oops mode: Zero based, Oop shift amount: 3
[2022-04-22T23:47:30.450+0800][gc,cds       ] Mark closed archive regions in map: [0x00000007fff00000, 0x00000007fff76ff8]
[2022-04-22T23:47:30.450+0800][gc,cds       ] Mark open archive regions in map: [0x00000007ffe00000, 0x00000007ffe46ff8]
[2022-04-22T23:47:30.470+0800][gc           ] Periodic GC disabled
[2022-04-22T23:47:31.528+0800][gc,start     ] GC(0) Pause Young (Normal) (G1 Evacuation Pause)
[2022-04-22T23:47:31.529+0800][gc,task      ] GC(0) Using 8 workers of 8 for evacuation
[2022-04-22T23:47:31.539+0800][gc,phases    ] GC(0)   Pre Evacuate Collection Set: 0.0ms
[2022-04-22T23:47:31.539+0800][gc,phases    ] GC(0)   Evacuate Collection Set: 9.3ms
[2022-04-22T23:47:31.539+0800][gc,phases    ] GC(0)   Post Evacuate Collection Set: 0.2ms
[2022-04-22T23:47:31.539+0800][gc,phases    ] GC(0)   Other: 0.7ms
[2022-04-22T23:47:31.539+0800][gc,heap      ] GC(0) Eden regions: 25->0(21)
[2022-04-22T23:47:31.539+0800][gc,heap      ] GC(0) Survivor regions: 0->4(4)
[2022-04-22T23:47:31.539+0800][gc,heap      ] GC(0) Old regions: 0->3
[2022-04-22T23:47:31.539+0800][gc,heap      ] GC(0) Archive regions: 2->2
[2022-04-22T23:47:31.539+0800][gc,heap      ] GC(0) Humongous regions: 0->0
[2022-04-22T23:47:31.539+0800][gc,metaspace ] GC(0) Metaspace: 7306K->7306K(1056768K)
[2022-04-22T23:47:31.539+0800][gc           ] GC(0) Pause Young (Normal) (G1 Evacuation Pause) 25M->7M(512M) 10.339ms
[2022-04-22T23:47:31.539+0800][gc,cpu       ] GC(0) User=0.02s Sys=0.01s Real=0.01s
[2022-04-22T23:47:31.669+0800][gc,start     ] GC(1) Pause Young (Normal) (G1 Evacuation Pause)
[2022-04-22T23:47:31.669+0800][gc,task      ] GC(1) Using 8 workers of 8 for evacuation
[2022-04-22T23:47:31.675+0800][gc,phases    ] GC(1)   Pre Evacuate Collection Set: 0.0ms
[2022-04-22T23:47:31.675+0800][gc,phases    ] GC(1)   Evacuate Collection Set: 5.7ms
[2022-04-22T23:47:31.675+0800][gc,phases    ] GC(1)   Post Evacuate Collection Set: 0.1ms
[2022-04-22T23:47:31.675+0800][gc,phases    ] GC(1)   Other: 0.1ms
[2022-04-22T23:47:31.675+0800][gc,heap      ] GC(1) Eden regions: 21->0(24)
[2022-04-22T23:47:31.675+0800][gc,heap      ] GC(1) Survivor regions: 4->1(4)
[2022-04-22T23:47:31.675+0800][gc,heap      ] GC(1) Old regions: 3->7
[2022-04-22T23:47:31.675+0800][gc,heap      ] GC(1) Archive regions: 2->2
[2022-04-22T23:47:31.675+0800][gc,heap      ] GC(1) Humongous regions: 0->0
[2022-04-22T23:47:31.675+0800][gc,metaspace ] GC(1) Metaspace: 7641K->7641K(1056768K)
[2022-04-22T23:47:31.675+0800][gc           ] GC(1) Pause Young (Normal) (G1 Evacuation Pause) 28M->7M(512M) 6.044ms
[2022-04-22T23:47:31.675+0800][gc,cpu       ] GC(1) User=0.02s Sys=0.01s Real=0.01s
[2022-04-22T23:47:31.794+0800][gc,start     ] GC(2) Pause Young (Normal) (G1 Evacuation Pause)
[2022-04-22T23:47:31.795+0800][gc,task      ] GC(2) Using 8 workers of 8 for evacuation
[2022-04-22T23:47:31.796+0800][gc,phases    ] GC(2)   Pre Evacuate Collection Set: 0.0ms
[2022-04-22T23:47:31.796+0800][gc,phases    ] GC(2)   Evacuate Collection Set: 0.9ms
[2022-04-22T23:47:31.796+0800][gc,phases    ] GC(2)   Post Evacuate Collection Set: 0.1ms
[2022-04-22T23:47:31.796+0800][gc,phases    ] GC(2)   Other: 0.1ms
[2022-04-22T23:47:31.796+0800][gc,heap      ] GC(2) Eden regions: 24->0(24)
[2022-04-22T23:47:31.796+0800][gc,heap      ] GC(2) Survivor regions: 1->1(4)
[2022-04-22T23:47:31.796+0800][gc,heap      ] GC(2) Old regions: 7->7
[2022-04-22T23:47:31.796+0800][gc,heap      ] GC(2) Archive regions: 2->2
[2022-04-22T23:47:31.796+0800][gc,heap      ] GC(2) Humongous regions: 0->0
[2022-04-22T23:47:31.796+0800][gc,metaspace ] GC(2) Metaspace: 7790K->7790K(1056768K)
[2022-04-22T23:47:31.796+0800][gc           ] GC(2) Pause Young (Normal) (G1 Evacuation Pause) 31M->8M(512M) 1.255ms
[2022-04-22T23:47:31.796+0800][gc,cpu       ] GC(2) User=0.00s Sys=0.00s Real=0.00s
[2022-04-22T23:51:54.587+0800][gc,start     ] GC(3) Pause Young (Normal) (G1 Evacuation Pause)
[2022-04-22T23:51:54.589+0800][gc,task      ] GC(3) Using 8 workers of 8 for evacuation
[2022-04-22T23:51:54.623+0800][gc,mmu       ] GC(3) MMU target violated: 21.0ms (20.0ms/21.0ms)
[2022-04-22T23:51:54.623+0800][gc,phases    ] GC(3)   Pre Evacuate Collection Set: 1.1ms
[2022-04-22T23:51:54.623+0800][gc,phases    ] GC(3)   Evacuate Collection Set: 21.5ms
[2022-04-22T23:51:54.623+0800][gc,phases    ] GC(3)   Post Evacuate Collection Set: 1.5ms
[2022-04-22T23:51:54.623+0800][gc,phases    ] GC(3)   Other: 12.1ms
[2022-04-22T23:51:54.624+0800][gc,heap      ] GC(3) Eden regions: 24->0(24)
[2022-04-22T23:51:54.624+0800][gc,heap      ] GC(3) Survivor regions: 1->1(4)
[2022-04-22T23:51:54.624+0800][gc,heap      ] GC(3) Old regions: 7->7
[2022-04-22T23:51:54.624+0800][gc,heap      ] GC(3) Archive regions: 2->2
[2022-04-22T23:51:54.624+0800][gc,heap      ] GC(3) Humongous regions: 0->0
[2022-04-22T23:51:54.624+0800][gc,metaspace ] GC(3) Metaspace: 8934K->8934K(1058816K)
[2022-04-22T23:51:54.624+0800][gc           ] GC(3) Pause Young (Normal) (G1 Evacuation Pause) 32M->8M(512M) 36.277ms
[2022-04-22T23:51:54.624+0800][gc,cpu       ] GC(3) User=0.01s Sys=0.02s Real=0.04s
[2022-04-23T00:03:31.140+0800][gc,start     ] GC(4) Pause Young (Normal) (G1 Evacuation Pause)
[2022-04-23T00:03:31.141+0800][gc,task      ] GC(4) Using 8 workers of 8 for evacuation
[2022-04-23T00:03:31.162+0800][gc,mmu       ] GC(4) MMU target violated: 20.6ms (20.0ms/21.0ms)
[2022-04-23T00:03:31.162+0800][gc,phases    ] GC(4)   Pre Evacuate Collection Set: 0.1ms
[2022-04-23T00:03:31.162+0800][gc,phases    ] GC(4)   Evacuate Collection Set: 17.3ms
[2022-04-23T00:03:31.162+0800][gc,phases    ] GC(4)   Post Evacuate Collection Set: 1.5ms
[2022-04-23T00:03:31.162+0800][gc,phases    ] GC(4)   Other: 2.9ms
[2022-04-23T00:03:31.162+0800][gc,heap      ] GC(4) Eden regions: 24->0(24)
[2022-04-23T00:03:31.162+0800][gc,heap      ] GC(4) Survivor regions: 1->1(4)
[2022-04-23T00:03:31.162+0800][gc,heap      ] GC(4) Old regions: 7->7
[2022-04-23T00:03:31.162+0800][gc,heap      ] GC(4) Archive regions: 2->2
[2022-04-23T00:03:31.162+0800][gc,heap      ] GC(4) Humongous regions: 0->0
[2022-04-23T00:03:31.162+0800][gc,metaspace ] GC(4) Metaspace: 8958K->8958K(1058816K)
[2022-04-23T00:03:31.163+0800][gc           ] GC(4) Pause Young (Normal) (G1 Evacuation Pause) 32M->8M(512M) 22.238ms
[2022-04-23T00:03:31.163+0800][gc,cpu       ] GC(4) User=0.01s Sys=0.03s Real=0.02s
[2022-04-23T00:13:01.247+0800][gc,start     ] GC(5) Pause Young (Normal) (G1 Evacuation Pause)
[2022-04-23T00:13:01.249+0800][gc,task      ] GC(5) Using 8 workers of 8 for evacuation
[2022-04-23T00:13:01.324+0800][gc,mmu       ] GC(5) MMU target violated: 21.0ms (20.0ms/21.0ms)
[2022-04-23T00:13:01.324+0800][gc,phases    ] GC(5)   Pre Evacuate Collection Set: 0.6ms
[2022-04-23T00:13:01.324+0800][gc,phases    ] GC(5)   Evacuate Collection Set: 70.6ms
[2022-04-23T00:13:01.324+0800][gc,phases    ] GC(5)   Post Evacuate Collection Set: 1.4ms
[2022-04-23T00:13:01.324+0800][gc,phases    ] GC(5)   Other: 4.9ms
[2022-04-23T00:13:01.324+0800][gc,heap      ] GC(5) Eden regions: 24->0(24)
[2022-04-23T00:13:01.324+0800][gc,heap      ] GC(5) Survivor regions: 1->1(4)
[2022-04-23T00:13:01.324+0800][gc,heap      ] GC(5) Old regions: 7->7
[2022-04-23T00:13:01.324+0800][gc,heap      ] GC(5) Archive regions: 2->2
[2022-04-23T00:13:01.324+0800][gc,heap      ] GC(5) Humongous regions: 0->0
[2022-04-23T00:13:01.324+0800][gc,metaspace ] GC(5) Metaspace: 8966K->8966K(1058816K)
[2022-04-23T00:13:01.324+0800][gc           ] GC(5) Pause Young (Normal) (G1 Evacuation Pause) 32M->8M(512M) 77.535ms
[2022-04-23T00:13:01.324+0800][gc,cpu       ] GC(5) User=0.03s Sys=0.05s Real=0.08s
[2022-04-23T00:22:50.737+0800][gc,start     ] GC(6) Pause Young (Normal) (G1 Evacuation Pause)
[2022-04-23T00:22:50.739+0800][gc,task      ] GC(6) Using 8 workers of 8 for evacuation
[2022-04-23T00:22:50.767+0800][gc,mmu       ] GC(6) MMU target violated: 21.0ms (20.0ms/21.0ms)
[2022-04-23T00:22:50.768+0800][gc,phases    ] GC(6)   Pre Evacuate Collection Set: 0.7ms
[2022-04-23T00:22:50.768+0800][gc,phases    ] GC(6)   Evacuate Collection Set: 25.1ms
[2022-04-23T00:22:50.768+0800][gc,phases    ] GC(6)   Post Evacuate Collection Set: 0.9ms
[2022-04-23T00:22:50.768+0800][gc,phases    ] GC(6)   Other: 4.0ms
[2022-04-23T00:22:50.768+0800][gc,heap      ] GC(6) Eden regions: 24->0(24)
[2022-04-23T00:22:50.768+0800][gc,heap      ] GC(6) Survivor regions: 1->1(4)
[2022-04-23T00:22:50.768+0800][gc,heap      ] GC(6) Old regions: 7->7
[2022-04-23T00:22:50.768+0800][gc,heap      ] GC(6) Archive regions: 2->2
[2022-04-23T00:22:50.768+0800][gc,heap      ] GC(6) Humongous regions: 0->0
[2022-04-23T00:22:50.768+0800][gc,metaspace ] GC(6) Metaspace: 8968K->8968K(1058816K)
[2022-04-23T00:22:50.768+0800][gc           ] GC(6) Pause Young (Normal) (G1 Evacuation Pause) 32M->8M(512M) 30.706ms
[2022-04-23T00:22:50.768+0800][gc,cpu       ] GC(6) User=0.02s Sys=0.04s Real=0.03s
[2022-04-23T00:32:47.307+0800][gc,start     ] GC(7) Pause Young (Normal) (G1 Evacuation Pause)
[2022-04-23T00:32:47.308+0800][gc,task      ] GC(7) Using 8 workers of 8 for evacuation
[2022-04-23T00:32:47.329+0800][gc,mmu       ] GC(7) MMU target violated: 21.0ms (20.0ms/21.0ms)
[2022-04-23T00:32:47.330+0800][gc,phases    ] GC(7)   Pre Evacuate Collection Set: 0.3ms
[2022-04-23T00:32:47.330+0800][gc,phases    ] GC(7)   Evacuate Collection Set: 18.3ms
[2022-04-23T00:32:47.330+0800][gc,phases    ] GC(7)   Post Evacuate Collection Set: 1.1ms
[2022-04-23T00:32:47.330+0800][gc,phases    ] GC(7)   Other: 2.7ms
[2022-04-23T00:32:47.330+0800][gc,heap      ] GC(7) Eden regions: 24->0(24)
[2022-04-23T00:32:47.330+0800][gc,heap      ] GC(7) Survivor regions: 1->1(4)
[2022-04-23T00:32:47.330+0800][gc,heap      ] GC(7) Old regions: 7->7
[2022-04-23T00:32:47.330+0800][gc,heap      ] GC(7) Archive regions: 2->2
[2022-04-23T00:32:47.330+0800][gc,heap      ] GC(7) Humongous regions: 0->0
[2022-04-23T00:32:47.330+0800][gc,metaspace ] GC(7) Metaspace: 8968K->8968K(1058816K)
[2022-04-23T00:32:47.330+0800][gc           ] GC(7) Pause Young (Normal) (G1 Evacuation Pause) 32M->8M(512M) 22.391ms
[2022-04-23T00:32:47.330+0800][gc,cpu       ] GC(7) User=0.01s Sys=0.01s Real=0.03s
[2022-04-23T00:42:48.246+0800][gc,start     ] GC(8) Pause Young (Normal) (G1 Evacuation Pause)
[2022-04-23T00:42:48.248+0800][gc,task      ] GC(8) Using 8 workers of 8 for evacuation
[2022-04-23T00:42:48.289+0800][gc,mmu       ] GC(8) MMU target violated: 21.0ms (20.0ms/21.0ms)
[2022-04-23T00:42:48.289+0800][gc,phases    ] GC(8)   Pre Evacuate Collection Set: 0.4ms
[2022-04-23T00:42:48.289+0800][gc,phases    ] GC(8)   Evacuate Collection Set: 36.0ms
[2022-04-23T00:42:48.289+0800][gc,phases    ] GC(8)   Post Evacuate Collection Set: 2.6ms
[2022-04-23T00:42:48.289+0800][gc,phases    ] GC(8)   Other: 4.1ms
[2022-04-23T00:42:48.289+0800][gc,heap      ] GC(8) Eden regions: 24->0(24)
[2022-04-23T00:42:48.289+0800][gc,heap      ] GC(8) Survivor regions: 1->1(4)
[2022-04-23T00:42:48.289+0800][gc,heap      ] GC(8) Old regions: 7->7
[2022-04-23T00:42:48.289+0800][gc,heap      ] GC(8) Archive regions: 2->2
[2022-04-23T00:42:48.289+0800][gc,heap      ] GC(8) Humongous regions: 0->0
[2022-04-23T00:42:48.289+0800][gc,metaspace ] GC(8) Metaspace: 8968K->8968K(1058816K)
[2022-04-23T00:42:48.289+0800][gc           ] GC(8) Pause Young (Normal) (G1 Evacuation Pause) 32M->8M(512M) 43.130ms
[2022-04-23T00:42:48.289+0800][gc,cpu       ] GC(8) User=0.02s Sys=0.05s Real=0.04s
[2022-04-23T00:52:51.986+0800][gc,start     ] GC(9) Pause Young (Normal) (G1 Evacuation Pause)
[2022-04-23T00:52:51.987+0800][gc,task      ] GC(9) Using 8 workers of 8 for evacuation
[2022-04-23T00:52:52.026+0800][gc,mmu       ] GC(9) MMU target violated: 21.0ms (20.0ms/21.0ms)
[2022-04-23T00:52:52.026+0800][gc,phases    ] GC(9)   Pre Evacuate Collection Set: 0.6ms
[2022-04-23T00:52:52.026+0800][gc,phases    ] GC(9)   Evacuate Collection Set: 34.8ms
[2022-04-23T00:52:52.026+0800][gc,phases    ] GC(9)   Post Evacuate Collection Set: 1.7ms
[2022-04-23T00:52:52.026+0800][gc,phases    ] GC(9)   Other: 4.0ms
[2022-04-23T00:52:52.026+0800][gc,heap      ] GC(9) Eden regions: 24->0(24)
[2022-04-23T00:52:52.026+0800][gc,heap      ] GC(9) Survivor regions: 1->1(4)
[2022-04-23T00:52:52.026+0800][gc,heap      ] GC(9) Old regions: 7->7
[2022-04-23T00:52:52.026+0800][gc,heap      ] GC(9) Archive regions: 2->2
[2022-04-23T00:52:52.026+0800][gc,heap      ] GC(9) Humongous regions: 0->0
[2022-04-23T00:52:52.026+0800][gc,metaspace ] GC(9) Metaspace: 8970K->8970K(1058816K)
[2022-04-23T00:52:52.026+0800][gc           ] GC(9) Pause Young (Normal) (G1 Evacuation Pause) 32M->8M(512M) 40.258ms
[2022-04-23T00:52:52.026+0800][gc,cpu       ] GC(9) User=0.02s Sys=0.03s Real=0.04s
[2022-04-23T01:02:23.010+0800][gc,start     ] GC(10) Pause Young (Normal) (G1 Evacuation Pause)
[2022-04-23T01:02:23.011+0800][gc,task      ] GC(10) Using 8 workers of 8 for evacuation
[2022-04-23T01:02:23.048+0800][gc,mmu       ] GC(10) MMU target violated: 21.0ms (20.0ms/21.0ms)
[2022-04-23T01:02:23.048+0800][gc,phases    ] GC(10)   Pre Evacuate Collection Set: 0.1ms
[2022-04-23T01:02:23.048+0800][gc,phases    ] GC(10)   Evacuate Collection Set: 28.8ms
[2022-04-23T01:02:23.048+0800][gc,phases    ] GC(10)   Post Evacuate Collection Set: 4.8ms
[2022-04-23T01:02:23.048+0800][gc,phases    ] GC(10)   Other: 4.1ms
[2022-04-23T01:02:23.048+0800][gc,heap      ] GC(10) Eden regions: 24->0(24)
[2022-04-23T01:02:23.048+0800][gc,heap      ] GC(10) Survivor regions: 1->1(4)
[2022-04-23T01:02:23.048+0800][gc,heap      ] GC(10) Old regions: 7->7
[2022-04-23T01:02:23.048+0800][gc,heap      ] GC(10) Archive regions: 2->2
[2022-04-23T01:02:23.048+0800][gc,heap      ] GC(10) Humongous regions: 0->0
[2022-04-23T01:02:23.048+0800][gc,metaspace ] GC(10) Metaspace: 8996K->8996K(1058816K)
[2022-04-23T01:02:23.048+0800][gc           ] GC(10) Pause Young (Normal) (G1 Evacuation Pause) 32M->8M(512M) 37.827ms
[2022-04-23T01:02:23.048+0800][gc,cpu       ] GC(10) User=0.02s Sys=0.04s Real=0.03s
[2022-04-23T01:11:43.138+0800][gc,start     ] GC(11) Pause Young (Normal) (G1 Evacuation Pause)
[2022-04-23T01:11:43.139+0800][gc,task      ] GC(11) Using 8 workers of 8 for evacuation
[2022-04-23T01:11:43.175+0800][gc,mmu       ] GC(11) MMU target violated: 21.0ms (20.0ms/21.0ms)
[2022-04-23T01:11:43.175+0800][gc,phases    ] GC(11)   Pre Evacuate Collection Set: 0.1ms
[2022-04-23T01:11:43.175+0800][gc,phases    ] GC(11)   Evacuate Collection Set: 32.2ms
[2022-04-23T01:11:43.175+0800][gc,phases    ] GC(11)   Post Evacuate Collection Set: 0.9ms
[2022-04-23T01:11:43.175+0800][gc,phases    ] GC(11)   Other: 3.9ms
[2022-04-23T01:11:43.175+0800][gc,heap      ] GC(11) Eden regions: 24->0(24)
[2022-04-23T01:11:43.175+0800][gc,heap      ] GC(11) Survivor regions: 1->1(4)
[2022-04-23T01:11:43.175+0800][gc,heap      ] GC(11) Old regions: 7->7
[2022-04-23T01:11:43.175+0800][gc,heap      ] GC(11) Archive regions: 2->2
[2022-04-23T01:11:43.176+0800][gc,heap      ] GC(11) Humongous regions: 0->0
[2022-04-23T01:11:43.176+0800][gc,metaspace ] GC(11) Metaspace: 8996K->8996K(1058816K)
[2022-04-23T01:11:43.176+0800][gc           ] GC(11) Pause Young (Normal) (G1 Evacuation Pause) 32M->8M(512M) 37.164ms
[2022-04-23T01:11:43.176+0800][gc,cpu       ] GC(11) User=0.03s Sys=0.04s Real=0.04s
[2022-04-23T01:20:59.794+0800][gc,start     ] GC(12) Pause Young (Normal) (G1 Evacuation Pause)
[2022-04-23T01:20:59.794+0800][gc,task      ] GC(12) Using 8 workers of 8 for evacuation
[2022-04-23T01:20:59.825+0800][gc,mmu       ] GC(12) MMU target violated: 21.0ms (20.0ms/21.0ms)
[2022-04-23T01:20:59.826+0800][gc,phases    ] GC(12)   Pre Evacuate Collection Set: 0.1ms
[2022-04-23T01:20:59.826+0800][gc,phases    ] GC(12)   Evacuate Collection Set: 26.8ms
[2022-04-23T01:20:59.826+0800][gc,phases    ] GC(12)   Post Evacuate Collection Set: 2.1ms
[2022-04-23T01:20:59.826+0800][gc,phases    ] GC(12)   Other: 3.0ms
[2022-04-23T01:20:59.826+0800][gc,heap      ] GC(12) Eden regions: 24->0(24)
[2022-04-23T01:20:59.826+0800][gc,heap      ] GC(12) Survivor regions: 1->1(4)
[2022-04-23T01:20:59.826+0800][gc,heap      ] GC(12) Old regions: 7->7
[2022-04-23T01:20:59.826+0800][gc,heap      ] GC(12) Archive regions: 2->2
[2022-04-23T01:20:59.826+0800][gc,heap      ] GC(12) Humongous regions: 0->0
[2022-04-23T01:20:59.826+0800][gc,metaspace ] GC(12) Metaspace: 9001K->9001K(1058816K)
[2022-04-23T01:20:59.826+0800][gc           ] GC(12) Pause Young (Normal) (G1 Evacuation Pause) 32M->8M(512M) 32.182ms
[2022-04-23T01:20:59.826+0800][gc,cpu       ] GC(12) User=0.02s Sys=0.04s Real=0.03s
[2022-04-23T01:31:11.186+0800][gc,start     ] GC(13) Pause Young (Normal) (G1 Evacuation Pause)
[2022-04-23T01:31:11.197+0800][gc,task      ] GC(13) Using 8 workers of 8 for evacuation
[2022-04-23T01:31:11.234+0800][gc,mmu       ] GC(13) MMU target violated: 21.0ms (20.0ms/21.0ms)
[2022-04-23T01:31:11.235+0800][gc,phases    ] GC(13)   Pre Evacuate Collection Set: 0.2ms
[2022-04-23T01:31:11.235+0800][gc,phases    ] GC(13)   Evacuate Collection Set: 31.9ms
[2022-04-23T01:31:11.235+0800][gc,phases    ] GC(13)   Post Evacuate Collection Set: 2.2ms
[2022-04-23T01:31:11.235+0800][gc,phases    ] GC(13)   Other: 14.5ms
[2022-04-23T01:31:11.235+0800][gc,heap      ] GC(13) Eden regions: 24->0(24)
[2022-04-23T01:31:11.235+0800][gc,heap      ] GC(13) Survivor regions: 1->1(4)
[2022-04-23T01:31:11.235+0800][gc,heap      ] GC(13) Old regions: 7->7
[2022-04-23T01:31:11.235+0800][gc,heap      ] GC(13) Archive regions: 2->2
[2022-04-23T01:31:11.235+0800][gc,heap      ] GC(13) Humongous regions: 0->0
[2022-04-23T01:31:11.235+0800][gc,metaspace ] GC(13) Metaspace: 9001K->9001K(1058816K)
[2022-04-23T01:31:11.235+0800][gc           ] GC(13) Pause Young (Normal) (G1 Evacuation Pause) 32M->8M(512M) 48.994ms
[2022-04-23T01:31:11.235+0800][gc,cpu       ] GC(13) User=0.02s Sys=0.05s Real=0.05s
[2022-04-23T01:40:19.941+0800][gc,start     ] GC(14) Pause Young (Normal) (G1 Evacuation Pause)
[2022-04-23T01:40:19.942+0800][gc,task      ] GC(14) Using 8 workers of 8 for evacuation
[2022-04-23T01:40:19.994+0800][gc,mmu       ] GC(14) MMU target violated: 21.0ms (20.0ms/21.0ms)
[2022-04-23T01:40:19.995+0800][gc,phases    ] GC(14)   Pre Evacuate Collection Set: 0.1ms
[2022-04-23T01:40:19.995+0800][gc,phases    ] GC(14)   Evacuate Collection Set: 39.4ms
[2022-04-23T01:40:19.995+0800][gc,phases    ] GC(14)   Post Evacuate Collection Set: 4.9ms
[2022-04-23T01:40:19.995+0800][gc,phases    ] GC(14)   Other: 9.3ms
[2022-04-23T01:40:19.995+0800][gc,heap      ] GC(14) Eden regions: 24->0(24)
[2022-04-23T01:40:19.995+0800][gc,heap      ] GC(14) Survivor regions: 1->1(4)
[2022-04-23T01:40:19.995+0800][gc,heap      ] GC(14) Old regions: 7->7
[2022-04-23T01:40:19.995+0800][gc,heap      ] GC(14) Archive regions: 2->2
[2022-04-23T01:40:19.995+0800][gc,heap      ] GC(14) Humongous regions: 0->0
[2022-04-23T01:40:19.995+0800][gc,metaspace ] GC(14) Metaspace: 9001K->9001K(1058816K)
[2022-04-23T01:40:19.995+0800][gc           ] GC(14) Pause Young (Normal) (G1 Evacuation Pause) 32M->8M(512M) 53.813ms
[2022-04-23T01:40:19.995+0800][gc,cpu       ] GC(14) User=0.03s Sys=0.03s Real=0.05s
[2022-04-23T01:49:02.568+0800][gc,start     ] GC(15) Pause Young (Normal) (G1 Evacuation Pause)
[2022-04-23T01:49:02.569+0800][gc,task      ] GC(15) Using 8 workers of 8 for evacuation
[2022-04-23T01:49:02.612+0800][gc,mmu       ] GC(15) MMU target violated: 21.0ms (20.0ms/21.0ms)
[2022-04-23T01:49:02.613+0800][gc,phases    ] GC(15)   Pre Evacuate Collection Set: 0.2ms
[2022-04-23T01:49:02.613+0800][gc,phases    ] GC(15)   Evacuate Collection Set: 40.1ms
[2022-04-23T01:49:02.613+0800][gc,phases    ] GC(15)   Post Evacuate Collection Set: 1.9ms
[2022-04-23T01:49:02.613+0800][gc,phases    ] GC(15)   Other: 3.6ms
[2022-04-23T01:49:02.613+0800][gc,heap      ] GC(15) Eden regions: 24->0(24)
[2022-04-23T01:49:02.613+0800][gc,heap      ] GC(15) Survivor regions: 1->1(4)
[2022-04-23T01:49:02.613+0800][gc,heap      ] GC(15) Old regions: 7->7
[2022-04-23T01:49:02.613+0800][gc,heap      ] GC(15) Archive regions: 2->2
[2022-04-23T01:49:02.613+0800][gc,heap      ] GC(15) Humongous regions: 0->0
[2022-04-23T01:49:02.613+0800][gc,metaspace ] GC(15) Metaspace: 9001K->9001K(1058816K)
[2022-04-23T01:49:02.613+0800][gc           ] GC(15) Pause Young (Normal) (G1 Evacuation Pause) 32M->8M(512M) 45.093ms
[2022-04-23T01:49:02.613+0800][gc,cpu       ] GC(15) User=0.03s Sys=0.04s Real=0.05s
[2022-04-23T11:56:44.818+0800][gc,heap,exit ] Heap
[2022-04-23T11:56:44.819+0800][gc,heap,exit ]  garbage-first heap   total 524288K, used 31256K [0x00000007e0000000, 0x0000000800000000)
[2022-04-23T11:56:44.819+0800][gc,heap,exit ]   region size 1024K, 24 young (24576K), 1 survivors (1024K)
[2022-04-23T11:56:44.819+0800][gc,heap,exit ]  Metaspace       used 9016K, capacity 9294K, committed 9600K, reserved 1058816K
[2022-04-23T11:56:44.820+0800][gc,heap,exit ]   class space    used 940K, capacity 1043K, committed 1152K, reserved 1048576K
