[2022-04-22T18:36:02.524+0800][gc,heap] Heap region size: 1M
[2022-04-22T18:36:02.528+0800][gc     ] Using G1
[2022-04-22T18:36:02.528+0800][gc,heap,coops] Heap address: 0x00000007e0000000, size: 512 MB, Compressed Oops mode: Zero based, Oop shift amount: 3
[2022-04-22T18:36:02.528+0800][gc,cds       ] Mark closed archive regions in map: [0x00000007fff00000, 0x00000007fff76ff8]
[2022-04-22T18:36:02.528+0800][gc,cds       ] Mark open archive regions in map: [0x00000007ffe00000, 0x00000007ffe46ff8]
[2022-04-22T18:36:02.550+0800][gc           ] Periodic GC disabled
[2022-04-22T18:36:03.836+0800][gc,start     ] GC(0) Pause Young (Normal) (G1 Evacuation Pause)
[2022-04-22T18:36:03.837+0800][gc,task      ] GC(0) Using 8 workers of 8 for evacuation
[2022-04-22T18:36:03.846+0800][gc,phases    ] GC(0)   Pre Evacuate Collection Set: 0.0ms
[2022-04-22T18:36:03.846+0800][gc,phases    ] GC(0)   Evacuate Collection Set: 9.4ms
[2022-04-22T18:36:03.846+0800][gc,phases    ] GC(0)   Post Evacuate Collection Set: 0.3ms
[2022-04-22T18:36:03.846+0800][gc,phases    ] GC(0)   Other: 1.3ms
[2022-04-22T18:36:03.846+0800][gc,heap      ] GC(0) Eden regions: 25->0(21)
[2022-04-22T18:36:03.846+0800][gc,heap      ] GC(0) Survivor regions: 0->4(4)
[2022-04-22T18:36:03.846+0800][gc,heap      ] GC(0) Old regions: 0->3
[2022-04-22T18:36:03.846+0800][gc,heap      ] GC(0) Archive regions: 2->2
[2022-04-22T18:36:03.846+0800][gc,heap      ] GC(0) Humongous regions: 0->0
[2022-04-22T18:36:03.846+0800][gc,metaspace ] GC(0) Metaspace: 7303K->7303K(1056768K)
[2022-04-22T18:36:03.847+0800][gc           ] GC(0) Pause Young (Normal) (G1 Evacuation Pause) 25M->7M(512M) 10.432ms
[2022-04-22T18:36:03.847+0800][gc,cpu       ] GC(0) User=0.02s Sys=0.01s Real=0.01s
[2022-04-22T18:36:04.104+0800][gc,start     ] GC(1) Pause Young (Normal) (G1 Evacuation Pause)
[2022-04-22T18:36:04.104+0800][gc,task      ] GC(1) Using 8 workers of 8 for evacuation
[2022-04-22T18:36:04.111+0800][gc,phases    ] GC(1)   Pre Evacuate Collection Set: 0.0ms
[2022-04-22T18:36:04.111+0800][gc,phases    ] GC(1)   Evacuate Collection Set: 6.9ms
[2022-04-22T18:36:04.111+0800][gc,phases    ] GC(1)   Post Evacuate Collection Set: 0.2ms
[2022-04-22T18:36:04.111+0800][gc,phases    ] GC(1)   Other: 0.1ms
[2022-04-22T18:36:04.111+0800][gc,heap      ] GC(1) Eden regions: 21->0(24)
[2022-04-22T18:36:04.111+0800][gc,heap      ] GC(1) Survivor regions: 4->1(4)
[2022-04-22T18:36:04.111+0800][gc,heap      ] GC(1) Old regions: 3->8
[2022-04-22T18:36:04.111+0800][gc,heap      ] GC(1) Archive regions: 2->2
[2022-04-22T18:36:04.111+0800][gc,heap      ] GC(1) Humongous regions: 0->0
[2022-04-22T18:36:04.111+0800][gc,metaspace ] GC(1) Metaspace: 7807K->7807K(1056768K)
[2022-04-22T18:36:04.111+0800][gc           ] GC(1) Pause Young (Normal) (G1 Evacuation Pause) 28M->8M(512M) 7.307ms
[2022-04-22T18:36:04.111+0800][gc,cpu       ] GC(1) User=0.02s Sys=0.01s Real=0.01s
[2022-04-22T18:36:16.938+0800][gc,start     ] GC(2) Pause Young (Normal) (G1 Evacuation Pause)
[2022-04-22T18:36:16.938+0800][gc,task      ] GC(2) Using 8 workers of 8 for evacuation
[2022-04-22T18:36:16.945+0800][gc,phases    ] GC(2)   Pre Evacuate Collection Set: 0.1ms
[2022-04-22T18:36:16.945+0800][gc,phases    ] GC(2)   Evacuate Collection Set: 5.5ms
[2022-04-22T18:36:16.945+0800][gc,phases    ] GC(2)   Post Evacuate Collection Set: 0.4ms
[2022-04-22T18:36:16.945+0800][gc,phases    ] GC(2)   Other: 0.7ms
[2022-04-22T18:36:16.945+0800][gc,heap      ] GC(2) Eden regions: 24->0(24)
[2022-04-22T18:36:16.945+0800][gc,heap      ] GC(2) Survivor regions: 1->1(4)
[2022-04-22T18:36:16.945+0800][gc,heap      ] GC(2) Old regions: 8->8
[2022-04-22T18:36:16.945+0800][gc,heap      ] GC(2) Archive regions: 2->2
[2022-04-22T18:36:16.945+0800][gc,heap      ] GC(2) Humongous regions: 0->0
[2022-04-22T18:36:16.945+0800][gc,metaspace ] GC(2) Metaspace: 8412K->8412K(1056768K)
[2022-04-22T18:36:16.945+0800][gc           ] GC(2) Pause Young (Normal) (G1 Evacuation Pause) 32M->8M(512M) 6.950ms
[2022-04-22T18:36:16.945+0800][gc,cpu       ] GC(2) User=0.01s Sys=0.00s Real=0.01s
[2022-04-22T18:46:15.332+0800][gc,start     ] GC(3) Pause Young (Normal) (G1 Evacuation Pause)
[2022-04-22T18:46:15.334+0800][gc,task      ] GC(3) Using 8 workers of 8 for evacuation
[2022-04-22T18:46:15.368+0800][gc,mmu       ] GC(3) MMU target violated: 21.0ms (20.0ms/21.0ms)
[2022-04-22T18:46:15.368+0800][gc,phases    ] GC(3)   Pre Evacuate Collection Set: 0.1ms
[2022-04-22T18:46:15.368+0800][gc,phases    ] GC(3)   Evacuate Collection Set: 28.0ms
[2022-04-22T18:46:15.368+0800][gc,phases    ] GC(3)   Post Evacuate Collection Set: 1.2ms
[2022-04-22T18:46:15.368+0800][gc,phases    ] GC(3)   Other: 7.1ms
[2022-04-22T18:46:15.368+0800][gc,heap      ] GC(3) Eden regions: 24->0(24)
[2022-04-22T18:46:15.368+0800][gc,heap      ] GC(3) Survivor regions: 1->1(4)
[2022-04-22T18:46:15.368+0800][gc,heap      ] GC(3) Old regions: 8->8
[2022-04-22T18:46:15.368+0800][gc,heap      ] GC(3) Archive regions: 2->2
[2022-04-22T18:46:15.368+0800][gc,heap      ] GC(3) Humongous regions: 0->0
[2022-04-22T18:46:15.368+0800][gc,metaspace ] GC(3) Metaspace: 8956K->8956K(1058816K)
[2022-04-22T18:46:15.368+0800][gc           ] GC(3) Pause Young (Normal) (G1 Evacuation Pause) 32M->8M(512M) 36.343ms
[2022-04-22T18:46:15.368+0800][gc,cpu       ] GC(3) User=0.01s Sys=0.05s Real=0.03s
[2022-04-22T18:56:42.166+0800][gc,start     ] GC(4) Pause Young (Normal) (G1 Evacuation Pause)
[2022-04-22T18:56:42.169+0800][gc,task      ] GC(4) Using 8 workers of 8 for evacuation
[2022-04-22T18:56:42.200+0800][gc,mmu       ] GC(4) MMU target violated: 21.0ms (20.0ms/21.0ms)
[2022-04-22T18:56:42.200+0800][gc,phases    ] GC(4)   Pre Evacuate Collection Set: 0.1ms
[2022-04-22T18:56:42.200+0800][gc,phases    ] GC(4)   Evacuate Collection Set: 26.2ms
[2022-04-22T18:56:42.200+0800][gc,phases    ] GC(4)   Post Evacuate Collection Set: 1.4ms
[2022-04-22T18:56:42.200+0800][gc,phases    ] GC(4)   Other: 5.8ms
[2022-04-22T18:56:42.200+0800][gc,heap      ] GC(4) Eden regions: 24->0(24)
[2022-04-22T18:56:42.200+0800][gc,heap      ] GC(4) Survivor regions: 1->1(4)
[2022-04-22T18:56:42.200+0800][gc,heap      ] GC(4) Old regions: 8->8
[2022-04-22T18:56:42.200+0800][gc,heap      ] GC(4) Archive regions: 2->2
[2022-04-22T18:56:42.200+0800][gc,heap      ] GC(4) Humongous regions: 0->0
[2022-04-22T18:56:42.200+0800][gc,metaspace ] GC(4) Metaspace: 8956K->8956K(1058816K)
[2022-04-22T18:56:42.200+0800][gc           ] GC(4) Pause Young (Normal) (G1 Evacuation Pause) 32M->8M(512M) 33.662ms
[2022-04-22T18:56:42.200+0800][gc,cpu       ] GC(4) User=0.02s Sys=0.03s Real=0.04s
[2022-04-22T19:07:11.153+0800][gc,start     ] GC(5) Pause Young (Normal) (G1 Evacuation Pause)
[2022-04-22T19:07:11.153+0800][gc,task      ] GC(5) Using 8 workers of 8 for evacuation
[2022-04-22T19:07:11.174+0800][gc,mmu       ] GC(5) MMU target violated: 20.8ms (20.0ms/21.0ms)
[2022-04-22T19:07:11.174+0800][gc,phases    ] GC(5)   Pre Evacuate Collection Set: 5.8ms
[2022-04-22T19:07:11.174+0800][gc,phases    ] GC(5)   Evacuate Collection Set: 13.2ms
[2022-04-22T19:07:11.174+0800][gc,phases    ] GC(5)   Post Evacuate Collection Set: 1.1ms
[2022-04-22T19:07:11.174+0800][gc,phases    ] GC(5)   Other: 1.3ms
[2022-04-22T19:07:11.174+0800][gc,heap      ] GC(5) Eden regions: 24->0(24)
[2022-04-22T19:07:11.174+0800][gc,heap      ] GC(5) Survivor regions: 1->1(4)
[2022-04-22T19:07:11.174+0800][gc,heap      ] GC(5) Old regions: 8->8
[2022-04-22T19:07:11.174+0800][gc,heap      ] GC(5) Archive regions: 2->2
[2022-04-22T19:07:11.174+0800][gc,heap      ] GC(5) Humongous regions: 0->0
[2022-04-22T19:07:11.174+0800][gc,metaspace ] GC(5) Metaspace: 8956K->8956K(1058816K)
[2022-04-22T19:07:11.174+0800][gc           ] GC(5) Pause Young (Normal) (G1 Evacuation Pause) 32M->8M(512M) 21.372ms
[2022-04-22T19:07:11.174+0800][gc,cpu       ] GC(5) User=0.01s Sys=0.02s Real=0.02s
[2022-04-22T19:17:47.729+0800][gc,start     ] GC(6) Pause Young (Normal) (G1 Evacuation Pause)
[2022-04-22T19:17:47.730+0800][gc,task      ] GC(6) Using 8 workers of 8 for evacuation
[2022-04-22T19:17:47.764+0800][gc,mmu       ] GC(6) MMU target violated: 21.0ms (20.0ms/21.0ms)
[2022-04-22T19:17:47.764+0800][gc,phases    ] GC(6)   Pre Evacuate Collection Set: 0.2ms
[2022-04-22T19:17:47.764+0800][gc,phases    ] GC(6)   Evacuate Collection Set: 30.3ms
[2022-04-22T19:17:47.764+0800][gc,phases    ] GC(6)   Post Evacuate Collection Set: 1.9ms
[2022-04-22T19:17:47.764+0800][gc,phases    ] GC(6)   Other: 2.8ms
[2022-04-22T19:17:47.764+0800][gc,heap      ] GC(6) Eden regions: 24->0(24)
[2022-04-22T19:17:47.764+0800][gc,heap      ] GC(6) Survivor regions: 1->1(4)
[2022-04-22T19:17:47.764+0800][gc,heap      ] GC(6) Old regions: 8->8
[2022-04-22T19:17:47.764+0800][gc,heap      ] GC(6) Archive regions: 2->2
[2022-04-22T19:17:47.764+0800][gc,heap      ] GC(6) Humongous regions: 0->0
[2022-04-22T19:17:47.764+0800][gc,metaspace ] GC(6) Metaspace: 8956K->8956K(1058816K)
[2022-04-22T19:17:47.764+0800][gc           ] GC(6) Pause Young (Normal) (G1 Evacuation Pause) 32M->8M(512M) 35.174ms
[2022-04-22T19:17:47.764+0800][gc,cpu       ] GC(6) User=0.02s Sys=0.03s Real=0.04s
[2022-04-22T19:28:34.711+0800][gc,start     ] GC(7) Pause Young (Normal) (G1 Evacuation Pause)
[2022-04-22T19:28:34.719+0800][gc,task      ] GC(7) Using 8 workers of 8 for evacuation
[2022-04-22T19:28:34.760+0800][gc,mmu       ] GC(7) MMU target violated: 21.0ms (20.0ms/21.0ms)
[2022-04-22T19:28:34.760+0800][gc,phases    ] GC(7)   Pre Evacuate Collection Set: 0.1ms
[2022-04-22T19:28:34.760+0800][gc,phases    ] GC(7)   Evacuate Collection Set: 35.3ms
[2022-04-22T19:28:34.760+0800][gc,phases    ] GC(7)   Post Evacuate Collection Set: 3.6ms
[2022-04-22T19:28:34.760+0800][gc,phases    ] GC(7)   Other: 10.9ms
[2022-04-22T19:28:34.760+0800][gc,heap      ] GC(7) Eden regions: 24->0(24)
[2022-04-22T19:28:34.760+0800][gc,heap      ] GC(7) Survivor regions: 1->1(4)
[2022-04-22T19:28:34.760+0800][gc,heap      ] GC(7) Old regions: 8->8
[2022-04-22T19:28:34.760+0800][gc,heap      ] GC(7) Archive regions: 2->2
[2022-04-22T19:28:34.760+0800][gc,heap      ] GC(7) Humongous regions: 0->0
[2022-04-22T19:28:34.760+0800][gc,metaspace ] GC(7) Metaspace: 8956K->8956K(1058816K)
[2022-04-22T19:28:34.760+0800][gc           ] GC(7) Pause Young (Normal) (G1 Evacuation Pause) 32M->8M(512M) 49.065ms
[2022-04-22T19:28:34.760+0800][gc,cpu       ] GC(7) User=0.01s Sys=0.04s Real=0.05s
[2022-04-22T19:39:23.226+0800][gc,start     ] GC(8) Pause Young (Normal) (G1 Evacuation Pause)
[2022-04-22T19:39:23.227+0800][gc,task      ] GC(8) Using 8 workers of 8 for evacuation
[2022-04-22T19:39:23.262+0800][gc,mmu       ] GC(8) MMU target violated: 21.0ms (20.0ms/21.0ms)
[2022-04-22T19:39:23.262+0800][gc,phases    ] GC(8)   Pre Evacuate Collection Set: 0.5ms
[2022-04-22T19:39:23.262+0800][gc,phases    ] GC(8)   Evacuate Collection Set: 28.9ms
[2022-04-22T19:39:23.262+0800][gc,phases    ] GC(8)   Post Evacuate Collection Set: 3.8ms
[2022-04-22T19:39:23.262+0800][gc,phases    ] GC(8)   Other: 4.0ms
[2022-04-22T19:39:23.262+0800][gc,heap      ] GC(8) Eden regions: 24->0(24)
[2022-04-22T19:39:23.262+0800][gc,heap      ] GC(8) Survivor regions: 1->1(4)
[2022-04-22T19:39:23.262+0800][gc,heap      ] GC(8) Old regions: 8->8
[2022-04-22T19:39:23.262+0800][gc,heap      ] GC(8) Archive regions: 2->2
[2022-04-22T19:39:23.262+0800][gc,heap      ] GC(8) Humongous regions: 0->0
[2022-04-22T19:39:23.263+0800][gc,metaspace ] GC(8) Metaspace: 8958K->8958K(1058816K)
[2022-04-22T19:39:23.263+0800][gc           ] GC(8) Pause Young (Normal) (G1 Evacuation Pause) 32M->8M(512M) 36.831ms
[2022-04-22T19:39:23.263+0800][gc,cpu       ] GC(8) User=0.01s Sys=0.04s Real=0.04s
[2022-04-22T19:50:10.200+0800][gc,start     ] GC(9) Pause Young (Normal) (G1 Evacuation Pause)
[2022-04-22T19:50:10.201+0800][gc,task      ] GC(9) Using 8 workers of 8 for evacuation
[2022-04-22T19:50:10.229+0800][gc,mmu       ] GC(9) MMU target violated: 21.0ms (20.0ms/21.0ms)
[2022-04-22T19:50:10.229+0800][gc,phases    ] GC(9)   Pre Evacuate Collection Set: 1.1ms
[2022-04-22T19:50:10.229+0800][gc,phases    ] GC(9)   Evacuate Collection Set: 20.1ms
[2022-04-22T19:50:10.229+0800][gc,phases    ] GC(9)   Post Evacuate Collection Set: 0.7ms
[2022-04-22T19:50:10.229+0800][gc,phases    ] GC(9)   Other: 7.5ms
[2022-04-22T19:50:10.229+0800][gc,heap      ] GC(9) Eden regions: 24->0(24)
[2022-04-22T19:50:10.229+0800][gc,heap      ] GC(9) Survivor regions: 1->1(4)
[2022-04-22T19:50:10.229+0800][gc,heap      ] GC(9) Old regions: 8->8
[2022-04-22T19:50:10.229+0800][gc,heap      ] GC(9) Archive regions: 2->2
[2022-04-22T19:50:10.229+0800][gc,heap      ] GC(9) Humongous regions: 0->0
[2022-04-22T19:50:10.229+0800][gc,metaspace ] GC(9) Metaspace: 8958K->8958K(1058816K)
[2022-04-22T19:50:10.229+0800][gc           ] GC(9) Pause Young (Normal) (G1 Evacuation Pause) 32M->8M(512M) 28.804ms
[2022-04-22T19:50:10.229+0800][gc,cpu       ] GC(9) User=0.01s Sys=0.04s Real=0.02s
[2022-04-22T20:25:45.284+0800][gc,start     ] GC(10) Pause Young (Normal) (G1 Evacuation Pause)
[2022-04-22T20:25:45.298+0800][gc,task      ] GC(10) Using 8 workers of 8 for evacuation
[2022-04-22T20:25:45.361+0800][gc,mmu       ] GC(10) MMU target violated: 21.0ms (20.0ms/21.0ms)
[2022-04-22T20:25:45.361+0800][gc,phases    ] GC(10)   Pre Evacuate Collection Set: 3.1ms
[2022-04-22T20:25:45.361+0800][gc,phases    ] GC(10)   Evacuate Collection Set: 53.7ms
[2022-04-22T20:25:45.361+0800][gc,phases    ] GC(10)   Post Evacuate Collection Set: 1.7ms
[2022-04-22T20:25:45.361+0800][gc,phases    ] GC(10)   Other: 19.0ms
[2022-04-22T20:25:45.361+0800][gc,heap      ] GC(10) Eden regions: 24->0(24)
[2022-04-22T20:25:45.361+0800][gc,heap      ] GC(10) Survivor regions: 1->1(4)
[2022-04-22T20:25:45.361+0800][gc,heap      ] GC(10) Old regions: 8->8
[2022-04-22T20:25:45.361+0800][gc,heap      ] GC(10) Archive regions: 2->2
[2022-04-22T20:25:45.361+0800][gc,heap      ] GC(10) Humongous regions: 0->0
[2022-04-22T20:25:45.361+0800][gc,metaspace ] GC(10) Metaspace: 8960K->8960K(1058816K)
[2022-04-22T20:25:45.361+0800][gc           ] GC(10) Pause Young (Normal) (G1 Evacuation Pause) 32M->8M(512M) 76.896ms
[2022-04-22T20:25:45.361+0800][gc,cpu       ] GC(10) User=0.01s Sys=0.06s Real=0.08s
[2022-04-22T20:36:27.729+0800][gc,start     ] GC(11) Pause Young (Normal) (G1 Evacuation Pause)
[2022-04-22T20:36:27.729+0800][gc,task      ] GC(11) Using 8 workers of 8 for evacuation
[2022-04-22T20:36:27.765+0800][gc,mmu       ] GC(11) MMU target violated: 21.0ms (20.0ms/21.0ms)
[2022-04-22T20:36:27.765+0800][gc,phases    ] GC(11)   Pre Evacuate Collection Set: 0.7ms
[2022-04-22T20:36:27.765+0800][gc,phases    ] GC(11)   Evacuate Collection Set: 29.6ms
[2022-04-22T20:36:27.765+0800][gc,phases    ] GC(11)   Post Evacuate Collection Set: 1.3ms
[2022-04-22T20:36:27.765+0800][gc,phases    ] GC(11)   Other: 5.4ms
[2022-04-22T20:36:27.765+0800][gc,heap      ] GC(11) Eden regions: 24->0(24)
[2022-04-22T20:36:27.765+0800][gc,heap      ] GC(11) Survivor regions: 1->1(4)
[2022-04-22T20:36:27.765+0800][gc,heap      ] GC(11) Old regions: 8->8
[2022-04-22T20:36:27.765+0800][gc,heap      ] GC(11) Archive regions: 2->2
[2022-04-22T20:36:27.765+0800][gc,heap      ] GC(11) Humongous regions: 0->0
[2022-04-22T20:36:27.765+0800][gc,metaspace ] GC(11) Metaspace: 8964K->8964K(1058816K)
[2022-04-22T20:36:27.765+0800][gc           ] GC(11) Pause Young (Normal) (G1 Evacuation Pause) 32M->8M(512M) 36.214ms
[2022-04-22T20:36:27.765+0800][gc,cpu       ] GC(11) User=0.02s Sys=0.04s Real=0.04s
[2022-04-22T20:47:09.341+0800][gc,start     ] GC(12) Pause Young (Normal) (G1 Evacuation Pause)
[2022-04-22T20:47:09.357+0800][gc,task      ] GC(12) Using 8 workers of 8 for evacuation
[2022-04-22T20:47:09.389+0800][gc,mmu       ] GC(12) MMU target violated: 21.0ms (20.0ms/21.0ms)
[2022-04-22T20:47:09.389+0800][gc,phases    ] GC(12)   Pre Evacuate Collection Set: 0.1ms
[2022-04-22T20:47:09.389+0800][gc,phases    ] GC(12)   Evacuate Collection Set: 28.2ms
[2022-04-22T20:47:09.389+0800][gc,phases    ] GC(12)   Post Evacuate Collection Set: 1.2ms
[2022-04-22T20:47:09.389+0800][gc,phases    ] GC(12)   Other: 19.7ms
[2022-04-22T20:47:09.389+0800][gc,heap      ] GC(12) Eden regions: 24->0(24)
[2022-04-22T20:47:09.389+0800][gc,heap      ] GC(12) Survivor regions: 1->1(4)
[2022-04-22T20:47:09.389+0800][gc,heap      ] GC(12) Old regions: 8->8
[2022-04-22T20:47:09.389+0800][gc,heap      ] GC(12) Archive regions: 2->2
[2022-04-22T20:47:09.389+0800][gc,heap      ] GC(12) Humongous regions: 0->0
[2022-04-22T20:47:09.389+0800][gc,metaspace ] GC(12) Metaspace: 8965K->8965K(1058816K)
[2022-04-22T20:47:09.390+0800][gc           ] GC(12) Pause Young (Normal) (G1 Evacuation Pause) 32M->8M(512M) 48.263ms
[2022-04-22T20:47:09.390+0800][gc,cpu       ] GC(12) User=0.02s Sys=0.05s Real=0.05s
[2022-04-22T20:57:51.302+0800][gc,start     ] GC(13) Pause Young (Normal) (G1 Evacuation Pause)
[2022-04-22T20:57:51.302+0800][gc,task      ] GC(13) Using 8 workers of 8 for evacuation
[2022-04-22T20:57:51.345+0800][gc,mmu       ] GC(13) MMU target violated: 21.0ms (20.0ms/21.0ms)
[2022-04-22T20:57:51.345+0800][gc,phases    ] GC(13)   Pre Evacuate Collection Set: 0.1ms
[2022-04-22T20:57:51.345+0800][gc,phases    ] GC(13)   Evacuate Collection Set: 38.3ms
[2022-04-22T20:57:51.345+0800][gc,phases    ] GC(13)   Post Evacuate Collection Set: 1.6ms
[2022-04-22T20:57:51.345+0800][gc,phases    ] GC(13)   Other: 4.6ms
[2022-04-22T20:57:51.345+0800][gc,heap      ] GC(13) Eden regions: 24->0(24)
[2022-04-22T20:57:51.345+0800][gc,heap      ] GC(13) Survivor regions: 1->1(4)
[2022-04-22T20:57:51.345+0800][gc,heap      ] GC(13) Old regions: 8->8
[2022-04-22T20:57:51.345+0800][gc,heap      ] GC(13) Archive regions: 2->2
[2022-04-22T20:57:51.345+0800][gc,heap      ] GC(13) Humongous regions: 0->0
[2022-04-22T20:57:51.345+0800][gc,metaspace ] GC(13) Metaspace: 8965K->8965K(1058816K)
[2022-04-22T20:57:51.345+0800][gc           ] GC(13) Pause Young (Normal) (G1 Evacuation Pause) 32M->8M(512M) 43.280ms
[2022-04-22T20:57:51.345+0800][gc,cpu       ] GC(13) User=0.02s Sys=0.04s Real=0.04s
[2022-04-22T21:08:30.633+0800][gc,start     ] GC(14) Pause Young (Normal) (G1 Evacuation Pause)
[2022-04-22T21:08:30.635+0800][gc,task      ] GC(14) Using 8 workers of 8 for evacuation
[2022-04-22T21:08:30.664+0800][gc,mmu       ] GC(14) MMU target violated: 21.0ms (20.0ms/21.0ms)
[2022-04-22T21:08:30.664+0800][gc,phases    ] GC(14)   Pre Evacuate Collection Set: 0.1ms
[2022-04-22T21:08:30.664+0800][gc,phases    ] GC(14)   Evacuate Collection Set: 25.8ms
[2022-04-22T21:08:30.664+0800][gc,phases    ] GC(14)   Post Evacuate Collection Set: 2.2ms
[2022-04-22T21:08:30.664+0800][gc,phases    ] GC(14)   Other: 2.4ms
[2022-04-22T21:08:30.664+0800][gc,heap      ] GC(14) Eden regions: 24->0(24)
[2022-04-22T21:08:30.664+0800][gc,heap      ] GC(14) Survivor regions: 1->1(4)
[2022-04-22T21:08:30.664+0800][gc,heap      ] GC(14) Old regions: 8->8
[2022-04-22T21:08:30.664+0800][gc,heap      ] GC(14) Archive regions: 2->2
[2022-04-22T21:08:30.664+0800][gc,heap      ] GC(14) Humongous regions: 0->0
[2022-04-22T21:08:30.664+0800][gc,metaspace ] GC(14) Metaspace: 8965K->8965K(1058816K)
[2022-04-22T21:08:30.664+0800][gc           ] GC(14) Pause Young (Normal) (G1 Evacuation Pause) 32M->8M(512M) 30.693ms
[2022-04-22T21:08:30.664+0800][gc,cpu       ] GC(14) User=0.02s Sys=0.03s Real=0.03s
[2022-04-22T21:19:11.222+0800][gc,start     ] GC(15) Pause Young (Normal) (G1 Evacuation Pause)
[2022-04-22T21:19:11.223+0800][gc,task      ] GC(15) Using 8 workers of 8 for evacuation
[2022-04-22T21:19:11.252+0800][gc,mmu       ] GC(15) MMU target violated: 21.0ms (20.0ms/21.0ms)
[2022-04-22T21:19:11.252+0800][gc,phases    ] GC(15)   Pre Evacuate Collection Set: 0.1ms
[2022-04-22T21:19:11.252+0800][gc,phases    ] GC(15)   Evacuate Collection Set: 26.1ms
[2022-04-22T21:19:11.252+0800][gc,phases    ] GC(15)   Post Evacuate Collection Set: 2.0ms
[2022-04-22T21:19:11.252+0800][gc,phases    ] GC(15)   Other: 2.4ms
[2022-04-22T21:19:11.252+0800][gc,heap      ] GC(15) Eden regions: 24->0(24)
[2022-04-22T21:19:11.252+0800][gc,heap      ] GC(15) Survivor regions: 1->1(4)
[2022-04-22T21:19:11.252+0800][gc,heap      ] GC(15) Old regions: 8->8
[2022-04-22T21:19:11.252+0800][gc,heap      ] GC(15) Archive regions: 2->2
[2022-04-22T21:19:11.252+0800][gc,heap      ] GC(15) Humongous regions: 0->0
[2022-04-22T21:19:11.252+0800][gc,metaspace ] GC(15) Metaspace: 8966K->8966K(1058816K)
[2022-04-22T21:19:11.252+0800][gc           ] GC(15) Pause Young (Normal) (G1 Evacuation Pause) 32M->8M(512M) 30.731ms
[2022-04-22T21:19:11.252+0800][gc,cpu       ] GC(15) User=0.02s Sys=0.05s Real=0.03s
[2022-04-22T22:33:53.055+0800][gc,start     ] GC(16) Pause Young (Normal) (G1 Evacuation Pause)
[2022-04-22T22:33:53.056+0800][gc,task      ] GC(16) Using 8 workers of 8 for evacuation
[2022-04-22T22:33:53.106+0800][gc,mmu       ] GC(16) MMU target violated: 21.0ms (20.0ms/21.0ms)
[2022-04-22T22:33:53.106+0800][gc,phases    ] GC(16)   Pre Evacuate Collection Set: 0.9ms
[2022-04-22T22:33:53.106+0800][gc,phases    ] GC(16)   Evacuate Collection Set: 42.1ms
[2022-04-22T22:33:53.106+0800][gc,phases    ] GC(16)   Post Evacuate Collection Set: 1.8ms
[2022-04-22T22:33:53.106+0800][gc,phases    ] GC(16)   Other: 6.7ms
[2022-04-22T22:33:53.106+0800][gc,heap      ] GC(16) Eden regions: 24->0(24)
[2022-04-22T22:33:53.106+0800][gc,heap      ] GC(16) Survivor regions: 1->1(4)
[2022-04-22T22:33:53.106+0800][gc,heap      ] GC(16) Old regions: 8->8
[2022-04-22T22:33:53.106+0800][gc,heap      ] GC(16) Archive regions: 2->2
[2022-04-22T22:33:53.106+0800][gc,heap      ] GC(16) Humongous regions: 0->0
[2022-04-22T22:33:53.106+0800][gc,metaspace ] GC(16) Metaspace: 8966K->8966K(1058816K)
[2022-04-22T22:33:53.106+0800][gc           ] GC(16) Pause Young (Normal) (G1 Evacuation Pause) 32M->8M(512M) 51.067ms
[2022-04-22T22:33:53.106+0800][gc,cpu       ] GC(16) User=0.02s Sys=0.04s Real=0.05s
[2022-04-22T22:39:40.274+0800][gc,heap,exit ] Heap
[2022-04-22T22:39:40.275+0800][gc,heap,exit ]  garbage-first heap   total 524288K, used 20117K [0x00000007e0000000, 0x0000000800000000)
[2022-04-22T22:39:40.275+0800][gc,heap,exit ]   region size 1024K, 13 young (13312K), 1 survivors (1024K)
[2022-04-22T22:39:40.275+0800][gc,heap,exit ]  Metaspace       used 8970K, capacity 9294K, committed 9600K, reserved 1058816K
[2022-04-22T22:39:40.275+0800][gc,heap,exit ]   class space    used 938K, capacity 1043K, committed 1152K, reserved 1048576K
