[2022-04-21T20:38:43.751+0800][gc,heap] Heap region size: 1M
[2022-04-21T20:38:43.755+0800][gc     ] Using G1
[2022-04-21T20:38:43.755+0800][gc,heap,coops] Heap address: 0x00000007e0000000, size: 512 MB, Compressed Oops mode: Zero based, Oop shift amount: 3
[2022-04-21T20:38:43.755+0800][gc,cds       ] Mark closed archive regions in map: [0x00000007fff00000, 0x00000007fff76ff8]
[2022-04-21T20:38:43.755+0800][gc,cds       ] Mark open archive regions in map: [0x00000007ffe00000, 0x00000007ffe46ff8]
[2022-04-21T20:38:43.777+0800][gc           ] Periodic GC disabled
[2022-04-21T20:38:44.674+0800][gc,start     ] GC(0) Pause Young (Normal) (G1 Evacuation Pause)
[2022-04-21T20:38:44.674+0800][gc,task      ] GC(0) Using 8 workers of 8 for evacuation
[2022-04-21T20:38:44.686+0800][gc,phases    ] GC(0)   Pre Evacuate Collection Set: 0.0ms
[2022-04-21T20:38:44.686+0800][gc,phases    ] GC(0)   Evacuate Collection Set: 11.2ms
[2022-04-21T20:38:44.686+0800][gc,phases    ] GC(0)   Post Evacuate Collection Set: 0.3ms
[2022-04-21T20:38:44.686+0800][gc,phases    ] GC(0)   Other: 0.6ms
[2022-04-21T20:38:44.686+0800][gc,heap      ] GC(0) Eden regions: 25->0(21)
[2022-04-21T20:38:44.686+0800][gc,heap      ] GC(0) Survivor regions: 0->4(4)
[2022-04-21T20:38:44.686+0800][gc,heap      ] GC(0) Old regions: 0->3
[2022-04-21T20:38:44.686+0800][gc,heap      ] GC(0) Archive regions: 2->2
[2022-04-21T20:38:44.686+0800][gc,heap      ] GC(0) Humongous regions: 0->0
[2022-04-21T20:38:44.686+0800][gc,metaspace ] GC(0) Metaspace: 7280K->7280K(1056768K)
[2022-04-21T20:38:44.686+0800][gc           ] GC(0) Pause Young (Normal) (G1 Evacuation Pause) 25M->7M(512M) 12.269ms
[2022-04-21T20:38:44.686+0800][gc,cpu       ] GC(0) User=0.04s Sys=0.02s Real=0.01s
[2022-04-21T21:07:38.140+0800][gc,heap,exit ] Heap
[2022-04-21T21:07:38.150+0800][gc,heap,exit ]  garbage-first heap   total 524288K, used 21931K [0x00000007e0000000, 0x0000000800000000)
[2022-04-21T21:07:38.150+0800][gc,heap,exit ]   region size 1024K, 19 young (19456K), 4 survivors (4096K)
[2022-04-21T21:07:38.150+0800][gc,heap,exit ]  Metaspace       used 8890K, capacity 9198K, committed 9344K, reserved 1056768K
[2022-04-21T21:07:38.150+0800][gc,heap,exit ]   class space    used 955K, capacity 1075K, committed 1152K, reserved 1048576K
