[2022-04-04T19:23:16.570+0800][gc,heap] Heap region size: 1M
[2022-04-04T19:23:16.574+0800][gc     ] Using G1
[2022-04-04T19:23:16.574+0800][gc,heap,coops] Heap address: 0x00000007e0000000, size: 512 MB, Compressed Oops mode: Zero based, Oop shift amount: 3
[2022-04-04T19:23:16.575+0800][gc,cds       ] Mark closed archive regions in map: [0x00000007fff00000, 0x00000007fff76ff8]
[2022-04-04T19:23:16.575+0800][gc,cds       ] Mark open archive regions in map: [0x00000007ffe00000, 0x00000007ffe46ff8]
[2022-04-04T19:23:16.594+0800][gc           ] Periodic GC disabled
[2022-04-04T19:23:17.490+0800][gc,start     ] GC(0) Pause Young (Normal) (G1 Evacuation Pause)
[2022-04-04T19:23:17.491+0800][gc,task      ] GC(0) Using 8 workers of 8 for evacuation
[2022-04-04T19:23:17.500+0800][gc,phases    ] GC(0)   Pre Evacuate Collection Set: 0.0ms
[2022-04-04T19:23:17.500+0800][gc,phases    ] GC(0)   Evacuate Collection Set: 9.1ms
[2022-04-04T19:23:17.500+0800][gc,phases    ] GC(0)   Post Evacuate Collection Set: 0.2ms
[2022-04-04T19:23:17.500+0800][gc,phases    ] GC(0)   Other: 0.6ms
[2022-04-04T19:23:17.500+0800][gc,heap      ] GC(0) Eden regions: 25->0(21)
[2022-04-04T19:23:17.500+0800][gc,heap      ] GC(0) Survivor regions: 0->4(4)
[2022-04-04T19:23:17.500+0800][gc,heap      ] GC(0) Old regions: 0->3
[2022-04-04T19:23:17.500+0800][gc,heap      ] GC(0) Archive regions: 2->2
[2022-04-04T19:23:17.500+0800][gc,heap      ] GC(0) Humongous regions: 0->0
[2022-04-04T19:23:17.500+0800][gc,metaspace ] GC(0) Metaspace: 7331K->7331K(1056768K)
[2022-04-04T19:23:17.500+0800][gc           ] GC(0) Pause Young (Normal) (G1 Evacuation Pause) 25M->7M(512M) 10.016ms
[2022-04-04T19:23:17.501+0800][gc,cpu       ] GC(0) User=0.02s Sys=0.01s Real=0.01s
[2022-04-04T19:44:24.553+0800][gc,heap,exit ] Heap
[2022-04-04T19:44:24.554+0800][gc,heap,exit ]  garbage-first heap   total 524288K, used 20972K [0x00000007e0000000, 0x0000000800000000)
[2022-04-04T19:44:24.554+0800][gc,heap,exit ]   region size 1024K, 18 young (18432K), 4 survivors (4096K)
[2022-04-04T19:44:24.554+0800][gc,heap,exit ]  Metaspace       used 8921K, capacity 9197K, committed 9344K, reserved 1056768K
[2022-04-04T19:44:24.554+0800][gc,heap,exit ]   class space    used 954K, capacity 1075K, committed 1152K, reserved 1048576K
