[2022-04-21T21:07:41.517+0800][gc,heap] Heap region size: 1M
[2022-04-21T21:07:41.521+0800][gc     ] Using G1
[2022-04-21T21:07:41.521+0800][gc,heap,coops] Heap address: 0x00000007e0000000, size: 512 MB, Compressed Oops mode: Zero based, Oop shift amount: 3
[2022-04-21T21:07:41.521+0800][gc,cds       ] Mark closed archive regions in map: [0x00000007fff00000, 0x00000007fff76ff8]
[2022-04-21T21:07:41.521+0800][gc,cds       ] Mark open archive regions in map: [0x00000007ffe00000, 0x00000007ffe46ff8]
[2022-04-21T21:07:41.541+0800][gc           ] Periodic GC disabled
[2022-04-21T21:07:42.586+0800][gc,start     ] GC(0) Pause Young (Normal) (G1 Evacuation Pause)
[2022-04-21T21:07:42.586+0800][gc,task      ] GC(0) Using 8 workers of 8 for evacuation
[2022-04-21T21:07:42.599+0800][gc,phases    ] GC(0)   Pre Evacuate Collection Set: 0.0ms
[2022-04-21T21:07:42.599+0800][gc,phases    ] GC(0)   Evacuate Collection Set: 12.4ms
[2022-04-21T21:07:42.599+0800][gc,phases    ] GC(0)   Post Evacuate Collection Set: 0.4ms
[2022-04-21T21:07:42.599+0800][gc,phases    ] GC(0)   Other: 0.7ms
[2022-04-21T21:07:42.599+0800][gc,heap      ] GC(0) Eden regions: 25->0(21)
[2022-04-21T21:07:42.599+0800][gc,heap      ] GC(0) Survivor regions: 0->4(4)
[2022-04-21T21:07:42.599+0800][gc,heap      ] GC(0) Old regions: 0->3
[2022-04-21T21:07:42.599+0800][gc,heap      ] GC(0) Archive regions: 2->2
[2022-04-21T21:07:42.599+0800][gc,heap      ] GC(0) Humongous regions: 0->0
[2022-04-21T21:07:42.599+0800][gc,metaspace ] GC(0) Metaspace: 7281K->7281K(1056768K)
[2022-04-21T21:07:42.599+0800][gc           ] GC(0) Pause Young (Normal) (G1 Evacuation Pause) 25M->7M(512M) 13.559ms
[2022-04-21T21:07:42.599+0800][gc,cpu       ] GC(0) User=0.03s Sys=0.01s Real=0.01s
[2022-04-21T21:53:14.426+0800][gc,start     ] GC(1) Pause Young (Normal) (G1 Evacuation Pause)
[2022-04-21T21:53:14.427+0800][gc,task      ] GC(1) Using 8 workers of 8 for evacuation
[2022-04-21T21:53:14.486+0800][gc,mmu       ] GC(1) MMU target violated: 21.0ms (20.0ms/21.0ms)
[2022-04-21T21:53:14.486+0800][gc,phases    ] GC(1)   Pre Evacuate Collection Set: 0.9ms
[2022-04-21T21:53:14.486+0800][gc,phases    ] GC(1)   Evacuate Collection Set: 55.7ms
[2022-04-21T21:53:14.486+0800][gc,phases    ] GC(1)   Post Evacuate Collection Set: 0.9ms
[2022-04-21T21:53:14.486+0800][gc,phases    ] GC(1)   Other: 2.1ms
[2022-04-21T21:53:14.486+0800][gc,heap      ] GC(1) Eden regions: 21->0(24)
[2022-04-21T21:53:14.486+0800][gc,heap      ] GC(1) Survivor regions: 4->1(4)
[2022-04-21T21:53:14.486+0800][gc,heap      ] GC(1) Old regions: 3->8
[2022-04-21T21:53:14.486+0800][gc,heap      ] GC(1) Archive regions: 2->2
[2022-04-21T21:53:14.486+0800][gc,heap      ] GC(1) Humongous regions: 0->0
[2022-04-21T21:53:14.486+0800][gc,metaspace ] GC(1) Metaspace: 9122K->9122K(1058816K)
[2022-04-21T21:53:14.486+0800][gc           ] GC(1) Pause Young (Normal) (G1 Evacuation Pause) 28M->8M(512M) 59.643ms
[2022-04-21T21:53:14.486+0800][gc,cpu       ] GC(1) User=0.03s Sys=0.05s Real=0.06s
[2022-04-22T00:59:48.402+0800][gc,start     ] GC(2) Pause Young (Normal) (G1 Evacuation Pause)
[2022-04-22T00:59:48.406+0800][gc,task      ] GC(2) Using 8 workers of 8 for evacuation
[2022-04-22T00:59:48.562+0800][gc,mmu       ] GC(2) MMU target violated: 21.0ms (20.0ms/21.0ms)
[2022-04-22T00:59:48.562+0800][gc,phases    ] GC(2)   Pre Evacuate Collection Set: 1.3ms
[2022-04-22T00:59:48.562+0800][gc,phases    ] GC(2)   Evacuate Collection Set: 143.8ms
[2022-04-22T00:59:48.562+0800][gc,phases    ] GC(2)   Post Evacuate Collection Set: 4.8ms
[2022-04-22T00:59:48.562+0800][gc,phases    ] GC(2)   Other: 10.6ms
[2022-04-22T00:59:48.562+0800][gc,heap      ] GC(2) Eden regions: 24->0(24)
[2022-04-22T00:59:48.562+0800][gc,heap      ] GC(2) Survivor regions: 1->1(4)
[2022-04-22T00:59:48.562+0800][gc,heap      ] GC(2) Old regions: 8->8
[2022-04-22T00:59:48.562+0800][gc,heap      ] GC(2) Archive regions: 2->2
[2022-04-22T00:59:48.562+0800][gc,heap      ] GC(2) Humongous regions: 0->0
[2022-04-22T00:59:48.562+0800][gc,metaspace ] GC(2) Metaspace: 9135K->9135K(1058816K)
[2022-04-22T00:59:48.562+0800][gc           ] GC(2) Pause Young (Normal) (G1 Evacuation Pause) 32M->8M(512M) 160.349ms
[2022-04-22T00:59:48.562+0800][gc,cpu       ] GC(2) User=0.01s Sys=0.08s Real=0.16s
[2022-04-22T01:26:09.817+0800][gc,heap,exit ] Heap
[2022-04-22T01:26:09.818+0800][gc,heap,exit ]  garbage-first heap   total 524288K, used 16082K [0x00000007e0000000, 0x0000000800000000)
[2022-04-22T01:26:09.818+0800][gc,heap,exit ]   region size 1024K, 9 young (9216K), 1 survivors (1024K)
[2022-04-22T01:26:09.818+0800][gc,heap,exit ]  Metaspace       used 9141K, capacity 9454K, committed 9856K, reserved 1058816K
[2022-04-22T01:26:09.818+0800][gc,heap,exit ]   class space    used 955K, capacity 1075K, committed 1152K, reserved 1048576K
